src/agents/AgentChainActions.ts(73,9): error TS2322: Type '"error"' is not assignable to type '"preview" | "applied" | "blocked" | "ok" | "approval_required" | "not_found"'.
src/agents/AgentChainActions.ts(86,9): error TS2367: This comparison appears to be unintentional because the types '"action.preview" | "action.apply" | "action.status"' and '"preview"' have no overlap.
src/agents/AgentChainActions.ts(94,9): error TS2322: Type '"preview"' is not assignable to type '"action.schema.lookup" | "action.preview" | "action.apply" | "action.receipts" | "action.status"'.
src/agents/AgentChainActions.ts(101,61): error TS2304: Cannot find name 'DEFAULT_MAX_CONCURRENCY'.
src/agents/AgentChainActions.ts(123,9): error TS2322: Type '"pending" | "running" | "failed" | "completed" | "cancelled"' is not assignable to type '"preview" | "applied" | "blocked" | "ok" | "approval_required" | "not_found"'.
  Type '"pending"' is not assignable to type '"preview" | "applied" | "blocked" | "ok" | "approval_required" | "not_found"'.
src/agents/AgentChainActions.ts(135,9): error TS2322: Type '"error"' is not assignable to type '"preview" | "applied" | "blocked" | "ok" | "approval_required" | "not_found"'.
src/agents/AgentChainActions.ts(142,33): error TS2322: Type '"preview"' is not assignable to type '"action.preview" | "action.apply" | "action.status"'.
src/agents/AgentChainBuilder.ts(5,8): error TS2724: '"../services/ZavorthExternalAgentGatewayService.js"' has no exported member named 'ZavorthExternalAgentGatewayReceipt'. Did you mean 'ZavorthExternalAgentGatewayService'?
src/ai-gateway/app/(dashboard)/control/command-center/components/CommandCenterApplyDiffPreviewAction.ts(1,15): error TS2724: '"../contracts"' has no exported member named 'DashboardRunObservatoryDiffPreview'. Did you mean 'DashboardRunObservatoryRun'?
src/ai-gateway/app/(dashboard)/control/command-center/components/CommandCenterChatSurface.tsx(8,8): error TS6142: Module './CommandCenterPrimitives' was resolved to 'C:/TESTES DEV/1_PROJETOS_ATIVOS/Zavorth/src/ai-gateway/app/(dashboard)/control/command-center/components/CommandCenterPrimitives.tsx', but '--jsx' is not set.
src/ai-gateway/app/(dashboard)/control/command-center/components/CommandCenterChatSurface.tsx(41,5): error TS17004: Cannot use JSX unless the '--jsx' flag is provided.
src/ai-gateway/app/(dashboard)/control/command-center/components/CommandCenterChatSurface.tsx(42,7): error TS17004: Cannot use JSX unless the '--jsx' flag is provided.
src/ai-gateway/app/(dashboard)/control/command-center/components/CommandCenterChatSurface.tsx(43,9): error TS17004: Cannot use JSX unless the '--jsx' flag is provided.
src/ai-gateway/app/(dashboard)/control/command-center/components/CommandCenterChatSurface.tsx(44,11): error TS17004: Cannot use JSX unless the '--jsx' flag is provided.
src/ai-gateway/app/(dashboard)/control/command-center/components/CommandCenterChatSurface.tsx(45,11): error TS17004: Cannot use JSX unless the '--jsx' flag is provided.
src/ai-gateway/app/(dashboard)/control/command-center/components/CommandCenterChatSurface.tsx(46,11): error TS17004: Cannot use JSX unless the '--jsx' flag is provided.
src/ai-gateway/app/(dashboard)/control/command-center/components/CommandCenterChatSurface.tsx(48,9): error TS17004: Cannot use JSX unless the '--jsx' flag is provided.
src/ai-gateway/app/(dashboard)/control/command-center/components/CommandCenterChatSurface.tsx(49,11): error TS17004: Cannot use JSX unless the '--jsx' flag is provided.
src/ai-gateway/app/(dashboard)/control/command-center/components/CommandCenterChatSurface.tsx(50,11): error TS17004: Cannot use JSX unless the '--jsx' flag is provided.
src/ai-gateway/app/(dashboard)/control/command-center/components/CommandCenterChatSurface.tsx(51,11): error TS17004: Cannot use JSX unless the '--jsx' flag is provided.
src/ai-gateway/app/(dashboard)/control/command-center/components/CommandCenterChatSurface.tsx(55,7): error TS17004: Cannot use JSX unless the '--jsx' flag is provided.
src/ai-gateway/app/(dashboard)/control/command-center/components/CommandCenterChatSurface.tsx(57,11): error TS17004: Cannot use JSX unless the '--jsx' flag is provided.
src/ai-gateway/app/(dashboard)/control/command-center/components/CommandCenterChatSurface.tsx(59,11): error TS17004: Cannot use JSX unless the '--jsx' flag is provided.
src/ai-gateway/app/(dashboard)/control/command-center/components/CommandCenterChatSurface.tsx(65,13): error TS17004: Cannot use JSX unless the '--jsx' flag is provided.
src/ai-gateway/app/(dashboard)/control/command-center/components/CommandCenterChatSurface.tsx(66,15): error TS17004: Cannot use JSX unless the '--jsx' flag is provided.
src/ai-gateway/app/(dashboard)/control/command-center/components/CommandCenterChatSurface.tsx(69,15): error TS17004: Cannot use JSX unless the '--jsx' flag is provided.
src/ai-gateway/app/(dashboard)/control/command-center/components/CommandCenterChatSurface.tsx(70,17): error TS17004: Cannot use JSX unless the '--jsx' flag is provided.
src/ai-gateway/app/(dashboard)/control/command-center/components/CommandCenterChatSurface.tsx(71,19): error TS17004: Cannot use JSX unless the '--jsx' flag is provided.
src/ai-gateway/app/(dashboard)/control/command-center/components/CommandCenterChatSurface.tsx(72,19): error TS17004: Cannot use JSX unless the '--jsx' flag is provided.
src/ai-gateway/app/(dashboard)/control/command-center/components/CommandCenterChatSurface.tsx(73,41): error TS17004: Cannot use JSX unless the '--jsx' flag is provided.
src/ai-gateway/app/(dashboard)/control/command-center/components/CommandCenterChatSurface.tsx(75,17): error TS17004: Cannot use JSX unless the '--jsx' flag is provided.
src/ai-gateway/app/(dashboard)/control/command-center/components/CommandCenterChatSurface.tsx(77,19): error TS17004: Cannot use JSX unless the '--jsx' flag is provided.
src/ai-gateway/app/(dashboard)/control/command-center/components/CommandCenterChatSurface.tsx(78,21): error TS17004: Cannot use JSX unless the '--jsx' flag is provided.
src/ai-gateway/app/(dashboard)/control/command-center/components/CommandCenterChatSurface.tsx(79,23): error TS17004: Cannot use JSX unless the '--jsx' flag is provided.
src/ai-gateway/app/(dashboard)/control/command-center/components/CommandCenterChatSurface.tsx(80,23): error TS17004: Cannot use JSX unless the '--jsx' flag is provided.
src/ai-gateway/app/(dashboard)/control/command-center/components/CommandCenterChatSurface.tsx(82,21): error TS17004: Cannot use JSX unless the '--jsx' flag is provided.
src/ai-gateway/app/(dashboard)/control/command-center/components/CommandCenterChatSurface.tsx(89,19): error TS17004: Cannot use JSX unless the '--jsx' flag is provided.
src/ai-gateway/app/(dashboard)/control/command-center/components/CommandCenterChatSurface.tsx(91,23): error TS17004: Cannot use JSX unless the '--jsx' flag is provided.
src/ai-gateway/app/(dashboard)/control/command-center/components/CommandCenterChatSurface.tsx(106,11): error TS17004: Cannot use JSX unless the '--jsx' flag is provided.
src/ai-gateway/app/(dashboard)/control/command-center/components/CommandCenterChatSurface.tsx(114,11): error TS17004: Cannot use JSX unless the '--jsx' flag is provided.
src/ai-gateway/app/(dashboard)/control/command-center/components/CommandCenterChatSurface.tsx(118,11): error TS17004: Cannot use JSX unless the '--jsx' flag is provided.
src/ai-gateway/app/(dashboard)/control/command-center/components/CommandCenterChatSurface.tsx(119,13): error TS17004: Cannot use JSX unless the '--jsx' flag is provided.
src/ai-gateway/app/(dashboard)/control/command-center/components/CommandCenterChatSurface.tsx(120,15): error TS17004: Cannot use JSX unless the '--jsx' flag is provided.
src/ai-gateway/app/(dashboard)/control/command-center/components/CommandCenterChatSurface.tsx(121,15): error TS17004: Cannot use JSX unless the '--jsx' flag is provided.
src/ai-gateway/app/(dashboard)/control/command-center/components/CommandCenterChatSurface.tsx(123,13): error TS17004: Cannot use JSX unless the '--jsx' flag is provided.
src/ai-gateway/app/(dashboard)/control/command-center/components/CommandCenterChatSurface.tsx(132,11): error TS17004: Cannot use JSX unless the '--jsx' flag is provided.
src/ai-gateway/app/(dashboard)/control/command-center/components/CommandCenterChatSurface.tsx(133,13): error TS17004: Cannot use JSX unless the '--jsx' flag is provided.
src/ai-gateway/app/(dashboard)/control/command-center/components/CommandCenterChatSurface.tsx(135,15): error TS17004: Cannot use JSX unless the '--jsx' flag is provided.
src/ai-gateway/app/(dashboard)/control/command-center/components/CommandCenterChatSurface.tsx(136,17): error TS17004: Cannot use JSX unless the '--jsx' flag is provided.
src/ai-gateway/app/(dashboard)/control/command-center/components/CommandCenterChatSurface.tsx(137,17): error TS17004: Cannot use JSX unless the '--jsx' flag is provided.
src/ai-gateway/app/(dashboard)/control/command-center/components/CommandCenterChatSurface.tsx(144,11): error TS17004: Cannot use JSX unless the '--jsx' flag is provided.
src/ai-gateway/app/(dashboard)/control/command-center/components/CommandCenterChatSurface.tsx(145,13): error TS17004: Cannot use JSX unless the '--jsx' flag is provided.
src/ai-gateway/app/(dashboard)/control/command-center/components/CommandCenterChatSurface.tsx(147,15): error TS17004: Cannot use JSX unless the '--jsx' flag is provided.
src/ai-gateway/app/(dashboard)/control/command-center/components/CommandCenterChatSurface.tsx(157,9): error TS17004: Cannot use JSX unless the '--jsx' flag is provided.
src/ai-gateway/app/(dashboard)/control/command-center/components/CommandCenterChatSurface.tsx(160,7): error TS17004: Cannot use JSX unless the '--jsx' flag is provided.
src/ai-gateway/app/(dashboard)/control/command-center/components/CommandCenterChatSurface.tsx(161,9): error TS17004: Cannot use JSX unless the '--jsx' flag is provided.
src/ai-gateway/app/(dashboard)/control/command-center/components/CommandCenterChatSurface.tsx(162,11): error TS17004: Cannot use JSX unless the '--jsx' flag is provided.
src/ai-gateway/app/(dashboard)/control/command-center/components/CommandCenterChatSurface.tsx(164,15): error TS17004: Cannot use JSX unless the '--jsx' flag is provided.
src/ai-gateway/app/(dashboard)/control/command-center/components/CommandCenterChatSurface.tsx(173,11): error TS17004: Cannot use JSX unless the '--jsx' flag is provided.
src/ai-gateway/app/(dashboard)/control/command-center/components/CommandCenterChatSurface.tsx(179,11): error TS17004: Cannot use JSX unless the '--jsx' flag is provided.
src/ai-gateway/app/(dashboard)/control/command-center/components/CommandCenterChatSurface.tsx(180,13): error TS17004: Cannot use JSX unless the '--jsx' flag is provided.
src/ai-gateway/app/(dashboard)/control/command-center/components/CommandCenterChatSurface.tsx(183,13): error TS17004: Cannot use JSX unless the '--jsx' flag is provided.
src/ai-gateway/app/(dashboard)/control/command-center/components/CommandCenterChatSurface.tsx(189,15): error TS17004: Cannot use JSX unless the '--jsx' flag is provided.
src/ai-gateway/app/(dashboard)/control/command-center/components/CommandCenterChatSurface.tsx(207,5): error TS17004: Cannot use JSX unless the '--jsx' flag is provided.
src/ai-gateway/app/(dashboard)/control/command-center/components/CommandCenterChatSurface.tsx(208,7): error TS17004: Cannot use JSX unless the '--jsx' flag is provided.
src/ai-gateway/app/(dashboard)/control/command-center/components/CommandCenterChatSurface.tsx(209,9): error TS17004: Cannot use JSX unless the '--jsx' flag is provided.
src/ai-gateway/app/(dashboard)/control/command-center/components/CommandCenterChatSurface.tsx(210,9): error TS17004: Cannot use JSX unless the '--jsx' flag is provided.
src/ai-gateway/app/(dashboard)/control/command-center/components/CommandCenterChatSurface.tsx(211,9): error TS17004: Cannot use JSX unless the '--jsx' flag is provided.
src/ai-gateway/app/(dashboard)/control/command-center/components/CommandCenterChatSurface.tsx(213,7): error TS17004: Cannot use JSX unless the '--jsx' flag is provided.
src/ai-gateway/app/(dashboard)/control/command-center/components/CommandCenterChatSurface.tsx(215,11): error TS17004: Cannot use JSX unless the '--jsx' flag is provided.
src/ai-gateway/app/(dashboard)/control/command-center/components/CommandCenterChatSurface.tsx(221,13): error TS17004: Cannot use JSX unless the '--jsx' flag is provided.
src/ai-gateway/app/(dashboard)/control/command-center/components/CommandCenterChatSurface.tsx(240,5): error TS17004: Cannot use JSX unless the '--jsx' flag is provided.
src/ai-gateway/app/(dashboard)/control/command-center/components/CommandCenterChatSurface.tsx(241,7): error TS17004: Cannot use JSX unless the '--jsx' flag is provided.
src/ai-gateway/app/(dashboard)/control/command-center/components/CommandCenterChatSurface.tsx(242,9): error TS17004: Cannot use JSX unless the '--jsx' flag is provided.
src/ai-gateway/app/(dashboard)/control/command-center/components/CommandCenterChatSurface.tsx(243,9): error TS17004: Cannot use JSX unless the '--jsx' flag is provided.
src/ai-gateway/app/(dashboard)/control/command-center/components/CommandCenterChatSurface.tsx(248,11): error TS17004: Cannot use JSX unless the '--jsx' flag is provided.
src/ai-gateway/app/(dashboard)/control/command-center/components/CommandCenterChatSurface.tsx(249,13): error TS17004: Cannot use JSX unless the '--jsx' flag is provided.
src/ai-gateway/app/(dashboard)/control/command-center/components/CommandCenterChatSurface.tsx(250,15): error TS17004: Cannot use JSX unless the '--jsx' flag is provided.
src/ai-gateway/app/(dashboard)/control/command-center/components/CommandCenterChatSurface.tsx(251,15): error TS17004: Cannot use JSX unless the '--jsx' flag is provided.
src/ai-gateway/app/(dashboard)/control/command-center/components/CommandCenterChatSurface.tsx(252,15): error TS17004: Cannot use JSX unless the '--jsx' flag is provided.
src/ai-gateway/app/(dashboard)/control/command-center/components/CommandCenterChatSurface.tsx(253,17): error TS17004: Cannot use JSX unless the '--jsx' flag is provided.
src/ai-gateway/app/(dashboard)/control/command-center/components/CommandCenterChatSurface.tsx(254,35): error TS17004: Cannot use JSX unless the '--jsx' flag is provided.
src/ai-gateway/app/(dashboard)/control/command-center/components/CommandCenterChatSurface.tsx(255,17): error TS17004: Cannot use JSX unless the '--jsx' flag is provided.
src/ai-gateway/app/(dashboard)/control/command-center/components/CommandCenterChatSurface.tsx(258,13): error TS17004: Cannot use JSX unless the '--jsx' flag is provided.
src/ai-gateway/app/(dashboard)/control/command-center/components/CommandCenterChatSurface.tsx(259,15): error TS17004: Cannot use JSX unless the '--jsx' flag is provided.
src/ai-gateway/app/(dashboard)/control/command-center/components/CommandCenterChatSurface.tsx(269,15): error TS17004: Cannot use JSX unless the '--jsx' flag is provided.
src/ai-gateway/app/(dashboard)/control/command-center/components/CommandCenterChatSurface.tsx(288,5): error TS17004: Cannot use JSX unless the '--jsx' flag is provided.
src/ai-gateway/app/(dashboard)/control/command-center/components/CommandCenterChatSurface.tsx(289,7): error TS17004: Cannot use JSX unless the '--jsx' flag is provided.
src/ai-gateway/app/(dashboard)/control/command-center/components/CommandCenterChatSurface.tsx(290,7): error TS17004: Cannot use JSX unless the '--jsx' flag is provided.
src/ai-gateway/app/(dashboard)/control/command-center/components/CommandCenterChatSurface.tsx(291,9): error TS17004: Cannot use JSX unless the '--jsx' flag is provided.
src/ai-gateway/app/(dashboard)/control/command-center/components/CommandCenterChatSurface.tsx(292,9): error TS17004: Cannot use JSX unless the '--jsx' flag is provided.
src/ai-gateway/app/(dashboard)/control/command-center/components/CommandCenterChatSurface.tsx(294,7): error TS17004: Cannot use JSX unless the '--jsx' flag is provided.
src/ai-gateway/app/(dashboard)/control/command-center/components/CommandCenterChatSurface.tsx(295,9): error TS17004: Cannot use JSX unless the '--jsx' flag is provided.
src/ai-gateway/app/(dashboard)/control/command-center/components/CommandCenterChatSurface.tsx(296,9): error TS17004: Cannot use JSX unless the '--jsx' flag is provided.
src/ai-gateway/app/(dashboard)/control/command-center/components/CommandCenterChatSurface.tsx(297,9): error TS17004: Cannot use JSX unless the '--jsx' flag is provided.
src/ai-gateway/app/(dashboard)/control/command-center/components/CommandCenterChatSurface.tsx(322,5): error TS17004: Cannot use JSX unless the '--jsx' flag is provided.
src/ai-gateway/app/(dashboard)/control/command-center/components/CommandCenterChatSurface.tsx(323,7): error TS17004: Cannot use JSX unless the '--jsx' flag is provided.
src/ai-gateway/app/(dashboard)/control/command-center/components/CommandCenterChatSurface.tsx(324,9): error TS17004: Cannot use JSX unless the '--jsx' flag is provided.
src/ai-gateway/app/(dashboard)/control/command-center/components/CommandCenterChatSurface.tsx(327,9): error TS17004: Cannot use JSX unless the '--jsx' flag is provided.
src/ai-gateway/app/(dashboard)/control/command-center/components/CommandCenterChatSurface.tsx(328,9): error TS17004: Cannot use JSX unless the '--jsx' flag is provided.
src/ai-gateway/app/(dashboard)/control/command-center/components/CommandCenterChatSurface.tsx(330,7): error TS17004: Cannot use JSX unless the '--jsx' flag is provided.
src/ai-gateway/app/(dashboard)/control/command-center/components/CommandCenterChatSurface.tsx(331,9): error TS17004: Cannot use JSX unless the '--jsx' flag is provided.
src/ai-gateway/app/(dashboard)/control/command-center/components/CommandCenterChatSurface.tsx(332,9): error TS17004: Cannot use JSX unless the '--jsx' flag is provided.
src/ai-gateway/app/(dashboard)/control/command-center/components/CommandCenterChatSurface.tsx(333,9): error TS17004: Cannot use JSX unless the '--jsx' flag is provided.
src/ai-gateway/app/(dashboard)/control/command-center/components/CommandCenterChatSurface.tsx(334,9): error TS17004: Cannot use JSX unless the '--jsx' flag is provided.
src/ai-gateway/app/(dashboard)/control/command-center/components/CommandCenterChatSurface.tsx(335,43): error TS17004: Cannot use JSX unless the '--jsx' flag is provided.
src/ai-gateway/app/(dashboard)/control/command-center/components/CommandCenterChatSurface.tsx(336,43): error TS17004: Cannot use JSX unless the '--jsx' flag is provided.
src/ai-gateway/app/(dashboard)/control/command-center/components/CommandCenterChatSurface.tsx(339,9): error TS17004: Cannot use JSX unless the '--jsx' flag is provided.
src/ai-gateway/app/(dashboard)/control/command-center/components/CommandCenterChatSurface.tsx(345,9): error TS17004: Cannot use JSX unless the '--jsx' flag is provided.
src/ai-gateway/app/(dashboard)/control/command-center/components/CommandCenterChatSurface.tsx(347,13): error TS17004: Cannot use JSX unless the '--jsx' flag is provided.
src/ai-gateway/app/(dashboard)/control/command-center/components/CommandCenterChatSurface.tsx(348,15): error TS17004: Cannot use JSX unless the '--jsx' flag is provided.
src/ai-gateway/app/(dashboard)/control/command-center/components/CommandCenterChatSurface.tsx(349,15): error TS17004: Cannot use JSX unless the '--jsx' flag is provided.
src/ai-gateway/app/(dashboard)/control/command-center/components/CommandCenterChatSurface.tsx(372,5): error TS17004: Cannot use JSX unless the '--jsx' flag is provided.
src/ai-gateway/app/(dashboard)/control/command-center/components/CommandCenterChatSurface.tsx(373,7): error TS17004: Cannot use JSX unless the '--jsx' flag is provided.
src/ai-gateway/app/(dashboard)/control/command-center/components/CommandCenterChatSurface.tsx(374,9): error TS17004: Cannot use JSX unless the '--jsx' flag is provided.
src/ai-gateway/app/(dashboard)/control/command-center/components/CommandCenterChatSurface.tsx(375,20): error TS17004: Cannot use JSX unless the '--jsx' flag is provided.
src/ai-gateway/app/(dashboard)/control/command-center/components/CommandCenterChatSurface.tsx(377,7): error TS17004: Cannot use JSX unless the '--jsx' flag is provided.
src/ai-gateway/app/(dashboard)/control/command-center/components/CommandCenterChatSurface.tsx(379,11): error TS17004: Cannot use JSX unless the '--jsx' flag is provided.
src/ai-gateway/app/(dashboard)/control/command-center/components/CommandCenterChatSurface.tsx(385,13): error TS17004: Cannot use JSX unless the '--jsx' flag is provided.
src/ai-gateway/app/(dashboard)/control/command-center/components/CommandCenterChatSurface.tsx(386,13): error TS17004: Cannot use JSX unless the '--jsx' flag is provided.
src/ai-gateway/app/(dashboard)/control/command-center/components/CommandCenterChatSurface.tsx(387,15): error TS17004: Cannot use JSX unless the '--jsx' flag is provided.
src/ai-gateway/app/(dashboard)/control/command-center/components/CommandCenterChatSurface.tsx(388,17): error TS17004: Cannot use JSX unless the '--jsx' flag is provided.
src/ai-gateway/app/(dashboard)/control/command-center/components/CommandCenterChatSurface.tsx(389,36): error TS17004: Cannot use JSX unless the '--jsx' flag is provided.
src/ai-gateway/app/(dashboard)/control/command-center/components/CommandCenterChatSurface.tsx(391,15): error TS17004: Cannot use JSX unless the '--jsx' flag is provided.
src/ai-gateway/app/(dashboard)/control/command-center/components/CommandCenterChatSurface.tsx(392,31): error TS17004: Cannot use JSX unless the '--jsx' flag is provided.
src/ai-gateway/app/(dashboard)/control/command-center/components/CommandCenterChatSurface.tsx(394,17): error TS17004: Cannot use JSX unless the '--jsx' flag is provided.
src/ai-gateway/app/(dashboard)/control/command-center/components/CommandCenterChatSurface.tsx(395,19): error TS17004: Cannot use JSX unless the '--jsx' flag is provided.
src/ai-gateway/app/(dashboard)/control/command-center/components/CommandCenterChatSurface.tsx(396,21): error TS17004: Cannot use JSX unless the '--jsx' flag is provided.
src/ai-gateway/app/(dashboard)/control/command-center/components/CommandCenterChatSurface.tsx(397,21): error TS17004: Cannot use JSX unless the '--jsx' flag is provided.
src/ai-gateway/app/(dashboard)/control/command-center/components/CommandCenterChatSurface.tsx(398,21): error TS17004: Cannot use JSX unless the '--jsx' flag is provided.
src/ai-gateway/app/(dashboard)/control/command-center/components/CommandCenterChatSurface.tsx(401,21): error TS17004: Cannot use JSX unless the '--jsx' flag is provided.
src/ai-gateway/app/(dashboard)/control/command-center/components/CommandCenterChatSurface.tsx(404,21): error TS17004: Cannot use JSX unless the '--jsx' flag is provided.
src/ai-gateway/app/(dashboard)/control/command-center/components/CommandCenterChatSurface.tsx(406,19): error TS17004: Cannot use JSX unless the '--jsx' flag is provided.
src/ai-gateway/app/(dashboard)/control/command-center/components/CommandCenterChatSurface.tsx(407,19): error TS17004: Cannot use JSX unless the '--jsx' flag is provided.
src/ai-gateway/app/(dashboard)/control/command-center/components/CommandCenterChatSurface.tsx(414,7): error TS17004: Cannot use JSX unless the '--jsx' flag is provided.
src/ai-gateway/app/(dashboard)/control/command-center/components/CommandCenterChatSurface.tsx(514,5): error TS17004: Cannot use JSX unless the '--jsx' flag is provided.
src/ai-gateway/app/(dashboard)/control/command-center/components/CommandCenterChatSurface.tsx(516,9): error TS17004: Cannot use JSX unless the '--jsx' flag is provided.
src/ai-gateway/app/(dashboard)/control/command-center/components/CommandCenterChatSurface.tsx(517,11): error TS17004: Cannot use JSX unless the '--jsx' flag is provided.
src/ai-gateway/app/(dashboard)/control/command-center/components/CommandCenterChatSurface.tsx(519,13): error TS17004: Cannot use JSX unless the '--jsx' flag is provided.
src/ai-gateway/app/(dashboard)/control/command-center/components/CommandCenterChatSurface.tsx(526,9): error TS17004: Cannot use JSX unless the '--jsx' flag is provided.
src/ai-gateway/app/(dashboard)/control/command-center/components/CommandCenterChatSurface.tsx(527,11): error TS17004: Cannot use JSX unless the '--jsx' flag is provided.
src/ai-gateway/app/(dashboard)/control/command-center/components/CommandCenterChatSurface.tsx(529,13): error TS17004: Cannot use JSX unless the '--jsx' flag is provided.
src/ai-gateway/app/(dashboard)/control/command-center/components/CommandCenterCommandPalette.tsx(50,5): error TS17004: Cannot use JSX unless the '--jsx' flag is provided.
src/ai-gateway/app/(dashboard)/control/command-center/components/CommandCenterCommandPalette.tsx(51,7): error TS17004: Cannot use JSX unless the '--jsx' flag is provided.
src/ai-gateway/app/(dashboard)/control/command-center/components/CommandCenterCommandPalette.tsx(57,7): error TS17004: Cannot use JSX unless the '--jsx' flag is provided.
src/ai-gateway/app/(dashboard)/control/command-center/components/CommandCenterCommandPalette.tsx(58,9): error TS17004: Cannot use JSX unless the '--jsx' flag is provided.
src/ai-gateway/app/(dashboard)/control/command-center/components/CommandCenterCommandPalette.tsx(59,11): error TS17004: Cannot use JSX unless the '--jsx' flag is provided.
src/ai-gateway/app/(dashboard)/control/command-center/components/CommandCenterCommandPalette.tsx(60,13): error TS17004: Cannot use JSX unless the '--jsx' flag is provided.
src/ai-gateway/app/(dashboard)/control/command-center/components/CommandCenterCommandPalette.tsx(61,13): error TS17004: Cannot use JSX unless the '--jsx' flag is provided.
src/ai-gateway/app/(dashboard)/control/command-center/components/CommandCenterCommandPalette.tsx(63,11): error TS17004: Cannot use JSX unless the '--jsx' flag is provided.
src/ai-gateway/app/(dashboard)/control/command-center/components/CommandCenterCommandPalette.tsx(67,9): error TS17004: Cannot use JSX unless the '--jsx' flag is provided.
src/ai-gateway/app/(dashboard)/control/command-center/components/CommandCenterCommandPalette.tsx(74,9): error TS17004: Cannot use JSX unless the '--jsx' flag is provided.
src/ai-gateway/app/(dashboard)/control/command-center/components/CommandCenterCommandPalette.tsx(75,11): error TS17004: Cannot use JSX unless the '--jsx' flag is provided.
src/ai-gateway/app/(dashboard)/control/command-center/components/CommandCenterCommandPalette.tsx(77,13): error TS17004: Cannot use JSX unless the '--jsx' flag is provided.
src/ai-gateway/app/(dashboard)/control/command-center/components/CommandCenterCommandPalette.tsx(87,15): error TS17004: Cannot use JSX unless the '--jsx' flag is provided.
src/ai-gateway/app/(dashboard)/control/command-center/components/CommandCenterCommandPalette.tsx(88,15): error TS17004: Cannot use JSX unless the '--jsx' flag is provided.
src/ai-gateway/app/(dashboard)/control/command-center/components/CommandCenterCommandPalette.tsx(91,13): error TS17004: Cannot use JSX unless the '--jsx' flag is provided.
src/ai-gateway/app/(dashboard)/control/command-center/components/CommandCenterCommandPalette.tsx(94,9): error TS17004: Cannot use JSX unless the '--jsx' flag is provided.
src/ai-gateway/app/(dashboard)/control/command-center/components/CommandCenterCommandPalette.tsx(95,11): error TS17004: Cannot use JSX unless the '--jsx' flag is provided.
src/ai-gateway/app/(dashboard)/control/command-center/components/CommandCenterCommandPalette.tsx(97,13): error TS17004: Cannot use JSX unless the '--jsx' flag is provided.
src/ai-gateway/app/(dashboard)/control/command-center/components/CommandCenterCommandPalette.tsx(107,15): error TS17004: Cannot use JSX unless the '--jsx' flag is provided.
src/ai-gateway/app/(dashboard)/control/command-center/components/CommandCenterCommandPalette.tsx(108,15): error TS17004: Cannot use JSX unless the '--jsx' flag is provided.
src/ai-gateway/app/(dashboard)/control/command-center/components/CommandCenterControlShell.tsx(5,44): error TS2307: Cannot find module 'next/navigation' or its corresponding type declarations.
src/ai-gateway/app/(dashboard)/control/command-center/components/CommandCenterControlShell.tsx(14,3): error TS2724: '"../contracts"' has no exported member named 'DashboardRunObservatoryDiffPreview'. Did you mean 'DashboardRunObservatoryRun'?
src/ai-gateway/app/(dashboard)/control/command-center/components/CommandCenterControlShell.tsx(20,42): error TS6142: Module './CommandCenterChatSurface' was resolved to 'C:/TESTES DEV/1_PROJETOS_ATIVOS/Zavorth/src/ai-gateway/app/(dashboard)/control/command-center/components/CommandCenterChatSurface.tsx', but '--jsx' is not set.
src/ai-gateway/app/(dashboard)/control/command-center/components/CommandCenterControlShell.tsx(21,45): error TS6142: Module './CommandCenterCommandPalette' was resolved to 'C:/TESTES DEV/1_PROJETOS_ATIVOS/Zavorth/src/ai-gateway/app/(dashboard)/control/command-center/components/CommandCenterCommandPalette.tsx', but '--jsx' is not set.
src/ai-gateway/app/(dashboard)/control/command-center/components/CommandCenterControlShell.tsx(23,43): error TS6142: Module './CommandCenterControlShellChrome' was resolved to 'C:/TESTES DEV/1_PROJETOS_ATIVOS/Zavorth/src/ai-gateway/app/(dashboard)/control/command-center/components/CommandCenterControlShellChrome.tsx', but '--jsx' is not set.
src/ai-gateway/app/(dashboard)/control/command-center/components/CommandCenterControlShell.tsx(28,8): error TS6142: Module './CommandCenterControlShellAuxiliary' was resolved to 'C:/TESTES DEV/1_PROJETOS_ATIVOS/Zavorth/src/ai-gateway/app/(dashboard)/control/command-center/components/CommandCenterControlShellAuxiliary.tsx', but '--jsx' is not set.
src/ai-gateway/app/(dashboard)/control/command-center/components/CommandCenterControlShell.tsx(29,49): error TS6142: Module './CommandCenterDeveloperWorkspace' was resolved to 'C:/TESTES DEV/1_PROJETOS_ATIVOS/Zavorth/src/ai-gateway/app/(dashboard)/control/command-center/components/CommandCenterDeveloperWorkspace.tsx', but '--jsx' is not set.
src/ai-gateway/app/(dashboard)/control/command-center/components/CommandCenterControlShell.tsx(30,45): error TS6142: Module './CommandCenterGatewayConsole' was resolved to 'C:/TESTES DEV/1_PROJETOS_ATIVOS/Zavorth/src/ai-gateway/app/(dashboard)/control/command-center/components/CommandCenterGatewayConsole.tsx', but '--jsx' is not set.
src/ai-gateway/app/(dashboard)/control/command-center/components/CommandCenterControlShell.tsx(31,46): error TS6142: Module './CommandCenterOnboardingPanel' was resolved to 'C:/TESTES DEV/1_PROJETOS_ATIVOS/Zavorth/src/ai-gateway/app/(dashboard)/control/command-center/components/CommandCenterOnboardingPanel.tsx', but '--jsx' is not set.
src/ai-gateway/app/(dashboard)/control/command-center/components/CommandCenterControlShell.tsx(45,46): error TS6142: Module './CommandCenterOperationsPanel' was resolved to 'C:/TESTES DEV/1_PROJETOS_ATIVOS/Zavorth/src/ai-gateway/app/(dashboard)/control/command-center/components/CommandCenterOperationsPanel.tsx', but '--jsx' is not set.
src/ai-gateway/app/(dashboard)/control/command-center/components/CommandCenterControlShell.tsx(46,45): error TS6142: Module './CommandCenterOverviewSector' was resolved to 'C:/TESTES DEV/1_PROJETOS_ATIVOS/Zavorth/src/ai-gateway/app/(dashboard)/control/command-center/components/CommandCenterOverviewSector.tsx', but '--jsx' is not set.
src/ai-gateway/app/(dashboard)/control/command-center/components/CommandCenterControlShell.tsx(47,44): error TS6142: Module './CommandCenterSalesOsSector' was resolved to 'C:/TESTES DEV/1_PROJETOS_ATIVOS/Zavorth/src/ai-gateway/app/(dashboard)/control/command-center/components/CommandCenterSalesOsSector.tsx', but '--jsx' is not set.
src/ai-gateway/app/(dashboard)/control/command-center/components/CommandCenterControlShell.tsx(48,37): error TS6142: Module './CommandCenterRuntimeKeyValueList' was resolved to 'C:/TESTES DEV/1_PROJETOS_ATIVOS/Zavorth/src/ai-gateway/app/(dashboard)/control/command-center/components/CommandCenterRuntimeKeyValueList.tsx', but '--jsx' is not set.
src/ai-gateway/app/(dashboard)/control/command-center/components/CommandCenterControlShell.tsx(65,8): error TS6142: Module './CommandCenterPrimitives' was resolved to 'C:/TESTES DEV/1_PROJETOS_ATIVOS/Zavorth/src/ai-gateway/app/(dashboard)/control/command-center/components/CommandCenterPrimitives.tsx', but '--jsx' is not set.
src/ai-gateway/app/(dashboard)/control/command-center/components/CommandCenterControlShell.tsx(239,5): error TS17004: Cannot use JSX unless the '--jsx' flag is provided.
src/ai-gateway/app/(dashboard)/control/command-center/components/CommandCenterControlShell.tsx(241,9): error TS17004: Cannot use JSX unless the '--jsx' flag is provided.
src/ai-gateway/app/(dashboard)/control/command-center/components/CommandCenterControlShell.tsx(248,9): error TS17004: Cannot use JSX unless the '--jsx' flag is provided.
src/ai-gateway/app/(dashboard)/control/command-center/components/CommandCenterControlShell.tsx(255,7): error TS17004: Cannot use JSX unless the '--jsx' flag is provided.
src/ai-gateway/app/(dashboard)/control/command-center/components/CommandCenterControlShell.tsx(260,7): error TS17004: Cannot use JSX unless the '--jsx' flag is provided.
src/ai-gateway/app/(dashboard)/control/command-center/components/CommandCenterControlShell.tsx(261,9): error TS17004: Cannot use JSX unless the '--jsx' flag is provided.
src/ai-gateway/app/(dashboard)/control/command-center/components/CommandCenterControlShell.tsx(262,11): error TS17004: Cannot use JSX unless the '--jsx' flag is provided.
src/ai-gateway/app/(dashboard)/control/command-center/components/CommandCenterControlShell.tsx(269,11): error TS17004: Cannot use JSX unless the '--jsx' flag is provided.
src/ai-gateway/app/(dashboard)/control/command-center/components/CommandCenterControlShell.tsx(270,13): error TS17004: Cannot use JSX unless the '--jsx' flag is provided.
src/ai-gateway/app/(dashboard)/control/command-center/components/CommandCenterControlShell.tsx(271,13): error TS17004: Cannot use JSX unless the '--jsx' flag is provided.
src/ai-gateway/app/(dashboard)/control/command-center/components/CommandCenterControlShell.tsx(272,15): error TS17004: Cannot use JSX unless the '--jsx' flag is provided.
src/ai-gateway/app/(dashboard)/control/command-center/components/CommandCenterControlShell.tsx(275,15): error TS17004: Cannot use JSX unless the '--jsx' flag is provided.
src/ai-gateway/app/(dashboard)/control/command-center/components/CommandCenterControlShell.tsx(281,11): error TS17004: Cannot use JSX unless the '--jsx' flag is provided.
src/ai-gateway/app/(dashboard)/control/command-center/components/CommandCenterControlShell.tsx(282,13): error TS17004: Cannot use JSX unless the '--jsx' flag is provided.
src/ai-gateway/app/(dashboard)/control/command-center/components/CommandCenterControlShell.tsx(284,17): error TS17004: Cannot use JSX unless the '--jsx' flag is provided.
src/ai-gateway/app/(dashboard)/control/command-center/components/CommandCenterControlShell.tsx(293,19): error TS17004: Cannot use JSX unless the '--jsx' flag is provided.
src/ai-gateway/app/(dashboard)/control/command-center/components/CommandCenterControlShell.tsx(294,19): error TS17004: Cannot use JSX unless the '--jsx' flag is provided.
src/ai-gateway/app/(dashboard)/control/command-center/components/CommandCenterControlShell.tsx(297,17): error TS17004: Cannot use JSX unless the '--jsx' flag is provided.
src/ai-gateway/app/(dashboard)/control/command-center/components/CommandCenterControlShell.tsx(302,11): error TS17004: Cannot use JSX unless the '--jsx' flag is provided.
src/ai-gateway/app/(dashboard)/control/command-center/components/CommandCenterControlShell.tsx(303,13): error TS17004: Cannot use JSX unless the '--jsx' flag is provided.
src/ai-gateway/app/(dashboard)/control/command-center/components/CommandCenterControlShell.tsx(305,17): error TS17004: Cannot use JSX unless the '--jsx' flag is provided.
src/ai-gateway/app/(dashboard)/control/command-center/components/CommandCenterControlShell.tsx(321,19): error TS17004: Cannot use JSX unless the '--jsx' flag is provided.
src/ai-gateway/app/(dashboard)/control/command-center/components/CommandCenterControlShell.tsx(322,19): error TS17004: Cannot use JSX unless the '--jsx' flag is provided.
src/ai-gateway/app/(dashboard)/control/command-center/components/CommandCenterControlShell.tsx(328,9): error TS17004: Cannot use JSX unless the '--jsx' flag is provided.
src/ai-gateway/app/(dashboard)/control/command-center/components/CommandCenterControlShell.tsx(330,13): error TS17004: Cannot use JSX unless the '--jsx' flag is provided.
src/ai-gateway/app/(dashboard)/control/command-center/components/CommandCenterControlShell.tsx(340,13): error TS17004: Cannot use JSX unless the '--jsx' flag is provided.
src/ai-gateway/app/(dashboard)/control/command-center/components/CommandCenterControlShell.tsx(347,17): error TS17004: Cannot use JSX unless the '--jsx' flag is provided.
src/ai-gateway/app/(dashboard)/control/command-center/components/CommandCenterControlShell.tsx(366,9): error TS17004: Cannot use JSX unless the '--jsx' flag is provided.
src/ai-gateway/app/(dashboard)/control/command-center/components/CommandCenterControlShell.tsx(373,7): error TS17004: Cannot use JSX unless the '--jsx' flag is provided.
src/ai-gateway/app/(dashboard)/control/command-center/components/CommandCenterControlShell.tsx(409,5): error TS17004: Cannot use JSX unless the '--jsx' flag is provided.
src/ai-gateway/app/(dashboard)/control/command-center/components/CommandCenterControlShell.tsx(410,7): error TS17004: Cannot use JSX unless the '--jsx' flag is provided.
src/ai-gateway/app/(dashboard)/control/command-center/components/CommandCenterControlShell.tsx(411,9): error TS17004: Cannot use JSX unless the '--jsx' flag is provided.
src/ai-gateway/app/(dashboard)/control/command-center/components/CommandCenterControlShell.tsx(412,11): error TS17004: Cannot use JSX unless the '--jsx' flag is provided.
src/ai-gateway/app/(dashboard)/control/command-center/components/CommandCenterControlShell.tsx(413,11): error TS17004: Cannot use JSX unless the '--jsx' flag is provided.
src/ai-gateway/app/(dashboard)/control/command-center/components/CommandCenterControlShell.tsx(414,11): error TS17004: Cannot use JSX unless the '--jsx' flag is provided.
src/ai-gateway/app/(dashboard)/control/command-center/components/CommandCenterControlShell.tsx(416,9): error TS17004: Cannot use JSX unless the '--jsx' flag is provided.
src/ai-gateway/app/(dashboard)/control/command-center/components/CommandCenterControlShell.tsx(417,11): error TS17004: Cannot use JSX unless the '--jsx' flag is provided.
src/ai-gateway/app/(dashboard)/control/command-center/components/CommandCenterControlShell.tsx(420,11): error TS17004: Cannot use JSX unless the '--jsx' flag is provided.
src/ai-gateway/app/(dashboard)/control/command-center/components/CommandCenterControlShell.tsx(423,11): error TS17004: Cannot use JSX unless the '--jsx' flag is provided.
src/ai-gateway/app/(dashboard)/control/command-center/components/CommandCenterControlShell.tsx(429,7): error TS17004: Cannot use JSX unless the '--jsx' flag is provided.
src/ai-gateway/app/(dashboard)/control/command-center/components/CommandCenterControlShell.tsx(430,9): error TS17004: Cannot use JSX unless the '--jsx' flag is provided.
src/ai-gateway/app/(dashboard)/control/command-center/components/CommandCenterControlShell.tsx(431,9): error TS17004: Cannot use JSX unless the '--jsx' flag is provided.
src/ai-gateway/app/(dashboard)/control/command-center/components/CommandCenterControlShell.tsx(432,9): error TS17004: Cannot use JSX unless the '--jsx' flag is provided.
src/ai-gateway/app/(dashboard)/control/command-center/components/CommandCenterControlShell.tsx(433,9): error TS17004: Cannot use JSX unless the '--jsx' flag is provided.
src/ai-gateway/app/(dashboard)/control/command-center/components/CommandCenterControlShell.tsx(436,7): error TS17004: Cannot use JSX unless the '--jsx' flag is provided.
src/ai-gateway/app/(dashboard)/control/command-center/components/CommandCenterControlShell.tsx(540,7): error TS17004: Cannot use JSX unless the '--jsx' flag is provided.
src/ai-gateway/app/(dashboard)/control/command-center/components/CommandCenterControlShell.tsx(558,7): error TS17004: Cannot use JSX unless the '--jsx' flag is provided.
src/ai-gateway/app/(dashboard)/control/command-center/components/CommandCenterControlShell.tsx(568,7): error TS17004: Cannot use JSX unless the '--jsx' flag is provided.
src/ai-gateway/app/(dashboard)/control/command-center/components/CommandCenterControlShell.tsx(579,7): error TS17004: Cannot use JSX unless the '--jsx' flag is provided.
src/ai-gateway/app/(dashboard)/control/command-center/components/CommandCenterControlShell.tsx(580,9): error TS17004: Cannot use JSX unless the '--jsx' flag is provided.
src/ai-gateway/app/(dashboard)/control/command-center/components/CommandCenterControlShell.tsx(581,11): error TS17004: Cannot use JSX unless the '--jsx' flag is provided.
src/ai-gateway/app/(dashboard)/control/command-center/components/CommandCenterControlShell.tsx(583,15): error TS17004: Cannot use JSX unless the '--jsx' flag is provided.
src/ai-gateway/app/(dashboard)/control/command-center/components/CommandCenterControlShell.tsx(584,17): error TS17004: Cannot use JSX unless the '--jsx' flag is provided.
src/ai-gateway/app/(dashboard)/control/command-center/components/CommandCenterControlShell.tsx(587,17): error TS17004: Cannot use JSX unless the '--jsx' flag is provided.
src/ai-gateway/app/(dashboard)/control/command-center/components/CommandCenterControlShell.tsx(592,15): error TS17004: Cannot use JSX unless the '--jsx' flag is provided.
src/ai-gateway/app/(dashboard)/control/command-center/components/CommandCenterControlShell.tsx(596,9): error TS17004: Cannot use JSX unless the '--jsx' flag is provided.
src/ai-gateway/app/(dashboard)/control/command-center/components/CommandCenterControlShell.tsx(601,13): error TS17004: Cannot use JSX unless the '--jsx' flag is provided.
src/ai-gateway/app/(dashboard)/control/command-center/components/CommandCenterControlShell.tsx(603,17): error TS17004: Cannot use JSX unless the '--jsx' flag is provided.
src/ai-gateway/app/(dashboard)/control/command-center/components/CommandCenterControlShell.tsx(604,19): error TS17004: Cannot use JSX unless the '--jsx' flag is provided.
src/ai-gateway/app/(dashboard)/control/command-center/components/CommandCenterControlShell.tsx(607,19): error TS17004: Cannot use JSX unless the '--jsx' flag is provided.
src/ai-gateway/app/(dashboard)/control/command-center/components/CommandCenterControlShell.tsx(612,15): error TS17004: Cannot use JSX unless the '--jsx' flag is provided.
src/ai-gateway/app/(dashboard)/control/command-center/components/CommandCenterControlShell.tsx(613,17): error TS17004: Cannot use JSX unless the '--jsx' flag is provided.
src/ai-gateway/app/(dashboard)/control/command-center/components/CommandCenterControlShell.tsx(614,17): error TS17004: Cannot use JSX unless the '--jsx' flag is provided.
src/ai-gateway/app/(dashboard)/control/command-center/components/CommandCenterControlShell.tsx(620,13): error TS17004: Cannot use JSX unless the '--jsx' flag is provided.
src/ai-gateway/app/(dashboard)/control/command-center/components/CommandCenterControlShell.tsx(633,7): error TS17004: Cannot use JSX unless the '--jsx' flag is provided.
src/ai-gateway/app/(dashboard)/control/command-center/components/CommandCenterControlShell.tsx(634,9): error TS17004: Cannot use JSX unless the '--jsx' flag is provided.
src/ai-gateway/app/(dashboard)/control/command-center/components/CommandCenterControlShell.tsx(636,13): error TS17004: Cannot use JSX unless the '--jsx' flag is provided.
src/ai-gateway/app/(dashboard)/control/command-center/components/CommandCenterControlShell.tsx(637,15): error TS17004: Cannot use JSX unless the '--jsx' flag is provided.
src/ai-gateway/app/(dashboard)/control/command-center/components/CommandCenterControlShell.tsx(640,15): error TS17004: Cannot use JSX unless the '--jsx' flag is provided.
src/ai-gateway/app/(dashboard)/control/command-center/components/CommandCenterControlShell.tsx(645,13): error TS17004: Cannot use JSX unless the '--jsx' flag is provided.
src/ai-gateway/app/(dashboard)/control/command-center/components/CommandCenterControlShell.tsx(654,7): error TS17004: Cannot use JSX unless the '--jsx' flag is provided.
src/ai-gateway/app/(dashboard)/control/command-center/components/CommandCenterControlShell.tsx(655,9): error TS17004: Cannot use JSX unless the '--jsx' flag is provided.
src/ai-gateway/app/(dashboard)/control/command-center/components/CommandCenterControlShell.tsx(657,13): error TS17004: Cannot use JSX unless the '--jsx' flag is provided.
src/ai-gateway/app/(dashboard)/control/command-center/components/CommandCenterControlShell.tsx(665,15): error TS17004: Cannot use JSX unless the '--jsx' flag is provided.
src/ai-gateway/app/(dashboard)/control/command-center/components/CommandCenterControlShell.tsx(666,15): error TS17004: Cannot use JSX unless the '--jsx' flag is provided.
src/ai-gateway/app/(dashboard)/control/command-center/components/CommandCenterControlShell.tsx(668,16): error TS17004: Cannot use JSX unless the '--jsx' flag is provided.
src/ai-gateway/app/(dashboard)/control/command-center/components/CommandCenterControlShell.tsx(676,7): error TS17004: Cannot use JSX unless the '--jsx' flag is provided.
src/ai-gateway/app/(dashboard)/control/command-center/components/CommandCenterControlShell.tsx(677,9): error TS17004: Cannot use JSX unless the '--jsx' flag is provided.
src/ai-gateway/app/(dashboard)/control/command-center/components/CommandCenterControlShell.tsx(678,11): error TS17004: Cannot use JSX unless the '--jsx' flag is provided.
src/ai-gateway/app/(dashboard)/control/command-center/components/CommandCenterControlShell.tsx(680,15): error TS17004: Cannot use JSX unless the '--jsx' flag is provided.
src/ai-gateway/app/(dashboard)/control/command-center/components/CommandCenterControlShell.tsx(681,17): error TS17004: Cannot use JSX unless the '--jsx' flag is provided.
src/ai-gateway/app/(dashboard)/control/command-center/components/CommandCenterControlShell.tsx(684,17): error TS17004: Cannot use JSX unless the '--jsx' flag is provided.
src/ai-gateway/app/(dashboard)/control/command-center/components/CommandCenterControlShell.tsx(687,15): error TS17004: Cannot use JSX unless the '--jsx' flag is provided.
src/ai-gateway/app/(dashboard)/control/command-center/components/CommandCenterControlShell.tsx(691,9): error TS17004: Cannot use JSX unless the '--jsx' flag is provided.
src/ai-gateway/app/(dashboard)/control/command-center/components/CommandCenterControlShell.tsx(692,11): error TS17004: Cannot use JSX unless the '--jsx' flag is provided.
src/ai-gateway/app/(dashboard)/control/command-center/components/CommandCenterControlShell.tsx(711,7): error TS17004: Cannot use JSX unless the '--jsx' flag is provided.
src/ai-gateway/app/(dashboard)/control/command-center/components/CommandCenterControlShell.tsx(712,9): error TS17004: Cannot use JSX unless the '--jsx' flag is provided.
src/ai-gateway/app/(dashboard)/control/command-center/components/CommandCenterControlShell.tsx(714,13): error TS17004: Cannot use JSX unless the '--jsx' flag is provided.
src/ai-gateway/app/(dashboard)/control/command-center/components/CommandCenterControlShell.tsx(715,15): error TS17004: Cannot use JSX unless the '--jsx' flag is provided.
src/ai-gateway/app/(dashboard)/control/command-center/components/CommandCenterControlShell.tsx(716,15): error TS17004: Cannot use JSX unless the '--jsx' flag is provided.
src/ai-gateway/app/(dashboard)/control/command-center/components/CommandCenterControlShell.tsx(719,13): error TS17004: Cannot use JSX unless the '--jsx' flag is provided.
src/ai-gateway/app/(dashboard)/control/command-center/components/CommandCenterControlShell.tsx(729,7): error TS17004: Cannot use JSX unless the '--jsx' flag is provided.
src/ai-gateway/app/(dashboard)/control/command-center/components/CommandCenterControlShell.tsx(733,9): error TS17004: Cannot use JSX unless the '--jsx' flag is provided.
src/ai-gateway/app/(dashboard)/control/command-center/components/CommandCenterControlShell.tsx(735,13): error TS17004: Cannot use JSX unless the '--jsx' flag is provided.
src/ai-gateway/app/(dashboard)/control/command-center/components/CommandCenterControlShell.tsx(736,15): error TS17004: Cannot use JSX unless the '--jsx' flag is provided.
src/ai-gateway/app/(dashboard)/control/command-center/components/CommandCenterControlShell.tsx(737,15): error TS17004: Cannot use JSX unless the '--jsx' flag is provided.
src/ai-gateway/app/(dashboard)/control/command-center/components/CommandCenterControlShell.tsx(742,47): error TS7006: Parameter 'capability' implicitly has an 'any' type.
src/ai-gateway/app/(dashboard)/control/command-center/components/CommandCenterControlShell.tsx(743,13): error TS17004: Cannot use JSX unless the '--jsx' flag is provided.
src/ai-gateway/app/(dashboard)/control/command-center/components/CommandCenterControlShell.tsx(744,15): error TS17004: Cannot use JSX unless the '--jsx' flag is provided.
src/ai-gateway/app/(dashboard)/control/command-center/components/CommandCenterControlShell.tsx(747,15): error TS17004: Cannot use JSX unless the '--jsx' flag is provided.
src/ai-gateway/app/(dashboard)/control/command-center/components/CommandCenterControlShell.tsx(753,13): error TS17004: Cannot use JSX unless the '--jsx' flag is provided.
src/ai-gateway/app/(dashboard)/control/command-center/components/CommandCenterControlShell.tsx(754,15): error TS17004: Cannot use JSX unless the '--jsx' flag is provided.
src/ai-gateway/app/(dashboard)/control/command-center/components/CommandCenterControlShell.tsx(755,15): error TS17004: Cannot use JSX unless the '--jsx' flag is provided.
src/ai-gateway/app/(dashboard)/control/command-center/components/CommandCenterControlShell.tsx(760,39): error TS7006: Parameter 'call' implicitly has an 'any' type.
src/ai-gateway/app/(dashboard)/control/command-center/components/CommandCenterControlShell.tsx(761,13): error TS17004: Cannot use JSX unless the '--jsx' flag is provided.
src/ai-gateway/app/(dashboard)/control/command-center/components/CommandCenterControlShell.tsx(762,15): error TS17004: Cannot use JSX unless the '--jsx' flag is provided.
src/ai-gateway/app/(dashboard)/control/command-center/components/CommandCenterControlShell.tsx(765,15): error TS17004: Cannot use JSX unless the '--jsx' flag is provided.
src/ai-gateway/app/(dashboard)/control/command-center/components/CommandCenterControlShell.tsx(771,13): error TS17004: Cannot use JSX unless the '--jsx' flag is provided.
src/ai-gateway/app/(dashboard)/control/command-center/components/CommandCenterControlShell.tsx(772,15): error TS17004: Cannot use JSX unless the '--jsx' flag is provided.
src/ai-gateway/app/(dashboard)/control/command-center/components/CommandCenterControlShell.tsx(775,15): error TS17004: Cannot use JSX unless the '--jsx' flag is provided.
src/ai-gateway/app/(dashboard)/control/command-center/components/CommandCenterControlShell.tsx(780,13): error TS17004: Cannot use JSX unless the '--jsx' flag is provided.
src/ai-gateway/app/(dashboard)/control/command-center/components/CommandCenterControlShell.tsx(781,15): error TS17004: Cannot use JSX unless the '--jsx' flag is provided.
src/ai-gateway/app/(dashboard)/control/command-center/components/CommandCenterControlShell.tsx(784,15): error TS17004: Cannot use JSX unless the '--jsx' flag is provided.
src/ai-gateway/app/(dashboard)/control/command-center/components/CommandCenterControlShell.tsx(788,16): error TS17004: Cannot use JSX unless the '--jsx' flag is provided.
src/ai-gateway/app/(dashboard)/control/command-center/components/CommandCenterControlShell.tsx(790,13): error TS17004: Cannot use JSX unless the '--jsx' flag is provided.
src/ai-gateway/app/(dashboard)/control/command-center/components/CommandCenterControlShell.tsx(791,15): error TS17004: Cannot use JSX unless the '--jsx' flag is provided.
src/ai-gateway/app/(dashboard)/control/command-center/components/CommandCenterControlShell.tsx(792,15): error TS17004: Cannot use JSX unless the '--jsx' flag is provided.
src/ai-gateway/app/(dashboard)/control/command-center/components/CommandCenterControlShell.tsx(804,7): error TS17004: Cannot use JSX unless the '--jsx' flag is provided.
src/ai-gateway/app/(dashboard)/control/command-center/components/CommandCenterControlShell.tsx(805,9): error TS17004: Cannot use JSX unless the '--jsx' flag is provided.
src/ai-gateway/app/(dashboard)/control/command-center/components/CommandCenterControlShell.tsx(807,13): error TS17004: Cannot use JSX unless the '--jsx' flag is provided.
src/ai-gateway/app/(dashboard)/control/command-center/components/CommandCenterControlShell.tsx(808,15): error TS17004: Cannot use JSX unless the '--jsx' flag is provided.
src/ai-gateway/app/(dashboard)/control/command-center/components/CommandCenterControlShell.tsx(811,15): error TS17004: Cannot use JSX unless the '--jsx' flag is provided.
src/ai-gateway/app/(dashboard)/control/command-center/components/CommandCenterControlShell.tsx(815,16): error TS17004: Cannot use JSX unless the '--jsx' flag is provided.
src/ai-gateway/app/(dashboard)/control/command-center/components/CommandCenterControlShell.tsx(827,7): error TS17004: Cannot use JSX unless the '--jsx' flag is provided.
src/ai-gateway/app/(dashboard)/control/command-center/components/CommandCenterControlShell.tsx(828,9): error TS17004: Cannot use JSX unless the '--jsx' flag is provided.
src/ai-gateway/app/(dashboard)/control/command-center/components/CommandCenterControlShell.tsx(832,11): error TS17004: Cannot use JSX unless the '--jsx' flag is provided.
src/ai-gateway/app/(dashboard)/control/command-center/components/CommandCenterControlShell.tsx(834,15): error TS17004: Cannot use JSX unless the '--jsx' flag is provided.
src/ai-gateway/app/(dashboard)/control/command-center/components/CommandCenterControlShell.tsx(835,17): error TS17004: Cannot use JSX unless the '--jsx' flag is provided.
src/ai-gateway/app/(dashboard)/control/command-center/components/CommandCenterControlShell.tsx(838,17): error TS17004: Cannot use JSX unless the '--jsx' flag is provided.
src/ai-gateway/app/(dashboard)/control/command-center/components/CommandCenterControlShell.tsx(844,15): error TS17004: Cannot use JSX unless the '--jsx' flag is provided.
src/ai-gateway/app/(dashboard)/control/command-center/components/CommandCenterControlShell.tsx(845,17): error TS17004: Cannot use JSX unless the '--jsx' flag is provided.
src/ai-gateway/app/(dashboard)/control/command-center/components/CommandCenterControlShell.tsx(846,17): error TS17004: Cannot use JSX unless the '--jsx' flag is provided.
src/ai-gateway/app/(dashboard)/control/command-center/components/CommandCenterControlShell.tsx(851,15): error TS17004: Cannot use JSX unless the '--jsx' flag is provided.
src/ai-gateway/app/(dashboard)/control/command-center/components/CommandCenterControlShell.tsx(854,15): error TS17004: Cannot use JSX unless the '--jsx' flag is provided.
src/ai-gateway/app/(dashboard)/control/command-center/components/CommandCenterControlShell.tsx(855,17): error TS17004: Cannot use JSX unless the '--jsx' flag is provided.
src/ai-gateway/app/(dashboard)/control/command-center/components/CommandCenterControlShell.tsx(856,17): error TS17004: Cannot use JSX unless the '--jsx' flag is provided.
src/ai-gateway/app/(dashboard)/control/command-center/components/CommandCenterControlShell.tsx(862,9): error TS17004: Cannot use JSX unless the '--jsx' flag is provided.
src/ai-gateway/app/(dashboard)/control/command-center/components/CommandCenterControlShell.tsx(863,11): error TS17004: Cannot use JSX unless the '--jsx' flag is provided.
src/ai-gateway/app/(dashboard)/control/command-center/components/CommandCenterControlShell.tsx(864,110): error TS7006: Parameter 'receipt' implicitly has an 'any' type.
src/ai-gateway/app/(dashboard)/control/command-center/components/CommandCenterControlShell.tsx(865,15): error TS17004: Cannot use JSX unless the '--jsx' flag is provided.
src/ai-gateway/app/(dashboard)/control/command-center/components/CommandCenterControlShell.tsx(866,17): error TS17004: Cannot use JSX unless the '--jsx' flag is provided.
src/ai-gateway/app/(dashboard)/control/command-center/components/CommandCenterControlShell.tsx(867,17): error TS17004: Cannot use JSX unless the '--jsx' flag is provided.
src/ai-gateway/app/(dashboard)/control/command-center/components/CommandCenterControlShell.tsx(872,15): error TS17004: Cannot use JSX unless the '--jsx' flag is provided.
src/ai-gateway/app/(dashboard)/control/command-center/components/CommandCenterControlShell.tsx(873,17): error TS17004: Cannot use JSX unless the '--jsx' flag is provided.
src/ai-gateway/app/(dashboard)/control/command-center/components/CommandCenterControlShell.tsx(874,17): error TS17004: Cannot use JSX unless the '--jsx' flag is provided.
src/ai-gateway/app/(dashboard)/control/command-center/components/CommandCenterControlShell.tsx(877,15): error TS17004: Cannot use JSX unless the '--jsx' flag is provided.
src/ai-gateway/app/(dashboard)/control/command-center/components/CommandCenterControlShell.tsx(880,15): error TS17004: Cannot use JSX unless the '--jsx' flag is provided.
src/ai-gateway/app/(dashboard)/control/command-center/components/CommandCenterControlShell.tsx(881,17): error TS17004: Cannot use JSX unless the '--jsx' flag is provided.
src/ai-gateway/app/(dashboard)/control/command-center/components/CommandCenterControlShell.tsx(882,17): error TS17004: Cannot use JSX unless the '--jsx' flag is provided.
src/ai-gateway/app/(dashboard)/control/command-center/components/CommandCenterControlShell.tsx(889,9): error TS17004: Cannot use JSX unless the '--jsx' flag is provided.
src/ai-gateway/app/(dashboard)/control/command-center/components/CommandCenterControlShell.tsx(893,11): error TS17004: Cannot use JSX unless the '--jsx' flag is provided.
src/ai-gateway/app/(dashboard)/control/command-center/components/CommandCenterControlShell.tsx(895,15): error TS17004: Cannot use JSX unless the '--jsx' flag is provided.
src/ai-gateway/app/(dashboard)/control/command-center/components/CommandCenterControlShell.tsx(896,17): error TS17004: Cannot use JSX unless the '--jsx' flag is provided.
src/ai-gateway/app/(dashboard)/control/command-center/components/CommandCenterControlShell.tsx(897,17): error TS17004: Cannot use JSX unless the '--jsx' flag is provided.
src/ai-gateway/app/(dashboard)/control/command-center/components/CommandCenterControlShell.tsx(903,15): error TS17004: Cannot use JSX unless the '--jsx' flag is provided.
src/ai-gateway/app/(dashboard)/control/command-center/components/CommandCenterControlShell.tsx(904,17): error TS17004: Cannot use JSX unless the '--jsx' flag is provided.
src/ai-gateway/app/(dashboard)/control/command-center/components/CommandCenterControlShell.tsx(907,17): error TS17004: Cannot use JSX unless the '--jsx' flag is provided.
src/ai-gateway/app/(dashboard)/control/command-center/components/CommandCenterControlShell.tsx(912,15): error TS17004: Cannot use JSX unless the '--jsx' flag is provided.
src/ai-gateway/app/(dashboard)/control/command-center/components/CommandCenterControlShell.tsx(917,11): error TS17004: Cannot use JSX unless the '--jsx' flag is provided.
src/ai-gateway/app/(dashboard)/control/command-center/components/CommandCenterControlShell.tsx(918,13): error TS17004: Cannot use JSX unless the '--jsx' flag is provided.
src/ai-gateway/app/(dashboard)/control/command-center/components/CommandCenterControlShell.tsx(929,11): error TS17004: Cannot use JSX unless the '--jsx' flag is provided.
src/ai-gateway/app/(dashboard)/control/command-center/components/CommandCenterControlShell.tsx(930,13): error TS17004: Cannot use JSX unless the '--jsx' flag is provided.
src/ai-gateway/app/(dashboard)/control/command-center/components/CommandCenterControlShell.tsx(947,7): error TS17004: Cannot use JSX unless the '--jsx' flag is provided.
src/ai-gateway/app/(dashboard)/control/command-center/components/CommandCenterControlShell.tsx(948,9): error TS17004: Cannot use JSX unless the '--jsx' flag is provided.
src/ai-gateway/app/(dashboard)/control/command-center/components/CommandCenterControlShell.tsx(949,11): error TS17004: Cannot use JSX unless the '--jsx' flag is provided.
src/ai-gateway/app/(dashboard)/control/command-center/components/CommandCenterControlShell.tsx(951,9): error TS17004: Cannot use JSX unless the '--jsx' flag is provided.
src/ai-gateway/app/(dashboard)/control/command-center/components/CommandCenterControlShell.tsx(956,13): error TS17004: Cannot use JSX unless the '--jsx' flag is provided.
src/ai-gateway/app/(dashboard)/control/command-center/components/CommandCenterControlShell.tsx(957,15): error TS17004: Cannot use JSX unless the '--jsx' flag is provided.
src/ai-gateway/app/(dashboard)/control/command-center/components/CommandCenterControlShell.tsx(958,17): error TS17004: Cannot use JSX unless the '--jsx' flag is provided.
src/ai-gateway/app/(dashboard)/control/command-center/components/CommandCenterControlShell.tsx(961,17): error TS17004: Cannot use JSX unless the '--jsx' flag is provided.
src/ai-gateway/app/(dashboard)/control/command-center/components/CommandCenterControlShell.tsx(966,17): error TS17004: Cannot use JSX unless the '--jsx' flag is provided.
src/ai-gateway/app/(dashboard)/control/command-center/components/CommandCenterControlShell.tsx(967,19): error TS17004: Cannot use JSX unless the '--jsx' flag is provided.
src/ai-gateway/app/(dashboard)/control/command-center/components/CommandCenterControlShell.tsx(970,19): error TS17004: Cannot use JSX unless the '--jsx' flag is provided.
src/ai-gateway/app/(dashboard)/control/command-center/components/CommandCenterControlShell.tsx(975,15): error TS17004: Cannot use JSX unless the '--jsx' flag is provided.
src/ai-gateway/app/(dashboard)/control/command-center/components/CommandCenterControlShell.tsx(976,17): error TS17004: Cannot use JSX unless the '--jsx' flag is provided.
src/ai-gateway/app/(dashboard)/control/command-center/components/CommandCenterControlShell.tsx(977,17): error TS17004: Cannot use JSX unless the '--jsx' flag is provided.
src/ai-gateway/app/(dashboard)/control/command-center/components/CommandCenterControlShell.tsx(983,13): error TS17004: Cannot use JSX unless the '--jsx' flag is provided.
src/ai-gateway/app/(dashboard)/control/command-center/components/CommandCenterControlShell.tsx(986,9): error TS17004: Cannot use JSX unless the '--jsx' flag is provided.
src/ai-gateway/app/(dashboard)/control/command-center/components/CommandCenterControlShell.tsx(991,13): error TS17004: Cannot use JSX unless the '--jsx' flag is provided.
src/ai-gateway/app/(dashboard)/control/command-center/components/CommandCenterControlShell.tsx(992,15): error TS17004: Cannot use JSX unless the '--jsx' flag is provided.
src/ai-gateway/app/(dashboard)/control/command-center/components/CommandCenterControlShell.tsx(993,17): error TS17004: Cannot use JSX unless the '--jsx' flag is provided.
src/ai-gateway/app/(dashboard)/control/command-center/components/CommandCenterControlShell.tsx(996,17): error TS17004: Cannot use JSX unless the '--jsx' flag is provided.
src/ai-gateway/app/(dashboard)/control/command-center/components/CommandCenterControlShell.tsx(1001,17): error TS17004: Cannot use JSX unless the '--jsx' flag is provided.
src/ai-gateway/app/(dashboard)/control/command-center/components/CommandCenterControlShell.tsx(1002,19): error TS17004: Cannot use JSX unless the '--jsx' flag is provided.
src/ai-gateway/app/(dashboard)/control/command-center/components/CommandCenterControlShell.tsx(1005,19): error TS17004: Cannot use JSX unless the '--jsx' flag is provided.
src/ai-gateway/app/(dashboard)/control/command-center/components/CommandCenterControlShell.tsx(1010,15): error TS17004: Cannot use JSX unless the '--jsx' flag is provided.
src/ai-gateway/app/(dashboard)/control/command-center/components/CommandCenterControlShell.tsx(1011,17): error TS17004: Cannot use JSX unless the '--jsx' flag is provided.
src/ai-gateway/app/(dashboard)/control/command-center/components/CommandCenterControlShell.tsx(1012,17): error TS17004: Cannot use JSX unless the '--jsx' flag is provided.
src/ai-gateway/app/(dashboard)/control/command-center/components/CommandCenterControlShell.tsx(1018,13): error TS17004: Cannot use JSX unless the '--jsx' flag is provided.
src/ai-gateway/app/(dashboard)/control/command-center/components/CommandCenterControlShell.tsx(1021,9): error TS17004: Cannot use JSX unless the '--jsx' flag is provided.
src/ai-gateway/app/(dashboard)/control/command-center/components/CommandCenterControlShell.tsx(1026,13): error TS17004: Cannot use JSX unless the '--jsx' flag is provided.
src/ai-gateway/app/(dashboard)/control/command-center/components/CommandCenterControlShell.tsx(1027,15): error TS17004: Cannot use JSX unless the '--jsx' flag is provided.
src/ai-gateway/app/(dashboard)/control/command-center/components/CommandCenterControlShell.tsx(1028,17): error TS17004: Cannot use JSX unless the '--jsx' flag is provided.
src/ai-gateway/app/(dashboard)/control/command-center/components/CommandCenterControlShell.tsx(1031,17): error TS17004: Cannot use JSX unless the '--jsx' flag is provided.
src/ai-gateway/app/(dashboard)/control/command-center/components/CommandCenterControlShell.tsx(1036,17): error TS17004: Cannot use JSX unless the '--jsx' flag is provided.
src/ai-gateway/app/(dashboard)/control/command-center/components/CommandCenterControlShell.tsx(1037,19): error TS17004: Cannot use JSX unless the '--jsx' flag is provided.
src/ai-gateway/app/(dashboard)/control/command-center/components/CommandCenterControlShell.tsx(1040,19): error TS17004: Cannot use JSX unless the '--jsx' flag is provided.
src/ai-gateway/app/(dashboard)/control/command-center/components/CommandCenterControlShell.tsx(1045,15): error TS17004: Cannot use JSX unless the '--jsx' flag is provided.
src/ai-gateway/app/(dashboard)/control/command-center/components/CommandCenterControlShell.tsx(1046,17): error TS17004: Cannot use JSX unless the '--jsx' flag is provided.
src/ai-gateway/app/(dashboard)/control/command-center/components/CommandCenterControlShell.tsx(1047,17): error TS17004: Cannot use JSX unless the '--jsx' flag is provided.
src/ai-gateway/app/(dashboard)/control/command-center/components/CommandCenterControlShell.tsx(1053,13): error TS17004: Cannot use JSX unless the '--jsx' flag is provided.
src/ai-gateway/app/(dashboard)/control/command-center/components/CommandCenterControlShell.tsx(1056,9): error TS17004: Cannot use JSX unless the '--jsx' flag is provided.
src/ai-gateway/app/(dashboard)/control/command-center/components/CommandCenterControlShell.tsx(1061,13): error TS17004: Cannot use JSX unless the '--jsx' flag is provided.
src/ai-gateway/app/(dashboard)/control/command-center/components/CommandCenterControlShell.tsx(1062,15): error TS17004: Cannot use JSX unless the '--jsx' flag is provided.
src/ai-gateway/app/(dashboard)/control/command-center/components/CommandCenterControlShell.tsx(1063,17): error TS17004: Cannot use JSX unless the '--jsx' flag is provided.
src/ai-gateway/app/(dashboard)/control/command-center/components/CommandCenterControlShell.tsx(1066,17): error TS17004: Cannot use JSX unless the '--jsx' flag is provided.
src/ai-gateway/app/(dashboard)/control/command-center/components/CommandCenterControlShell.tsx(1071,17): error TS17004: Cannot use JSX unless the '--jsx' flag is provided.
src/ai-gateway/app/(dashboard)/control/command-center/components/CommandCenterControlShell.tsx(1072,19): error TS17004: Cannot use JSX unless the '--jsx' flag is provided.
src/ai-gateway/app/(dashboard)/control/command-center/components/CommandCenterControlShell.tsx(1075,19): error TS17004: Cannot use JSX unless the '--jsx' flag is provided.
src/ai-gateway/app/(dashboard)/control/command-center/components/CommandCenterControlShell.tsx(1080,15): error TS17004: Cannot use JSX unless the '--jsx' flag is provided.
src/ai-gateway/app/(dashboard)/control/command-center/components/CommandCenterControlShell.tsx(1081,17): error TS17004: Cannot use JSX unless the '--jsx' flag is provided.
src/ai-gateway/app/(dashboard)/control/command-center/components/CommandCenterControlShell.tsx(1082,17): error TS17004: Cannot use JSX unless the '--jsx' flag is provided.
src/ai-gateway/app/(dashboard)/control/command-center/components/CommandCenterControlShell.tsx(1088,13): error TS17004: Cannot use JSX unless the '--jsx' flag is provided.
src/ai-gateway/app/(dashboard)/control/command-center/components/CommandCenterControlShell.tsx(1091,9): error TS17004: Cannot use JSX unless the '--jsx' flag is provided.
src/ai-gateway/app/(dashboard)/control/command-center/components/CommandCenterControlShell.tsx(1096,13): error TS17004: Cannot use JSX unless the '--jsx' flag is provided.
src/ai-gateway/app/(dashboard)/control/command-center/components/CommandCenterControlShell.tsx(1097,15): error TS17004: Cannot use JSX unless the '--jsx' flag is provided.
src/ai-gateway/app/(dashboard)/control/command-center/components/CommandCenterControlShell.tsx(1098,17): error TS17004: Cannot use JSX unless the '--jsx' flag is provided.
src/ai-gateway/app/(dashboard)/control/command-center/components/CommandCenterControlShell.tsx(1101,17): error TS17004: Cannot use JSX unless the '--jsx' flag is provided.
src/ai-gateway/app/(dashboard)/control/command-center/components/CommandCenterControlShell.tsx(1106,17): error TS17004: Cannot use JSX unless the '--jsx' flag is provided.
src/ai-gateway/app/(dashboard)/control/command-center/components/CommandCenterControlShell.tsx(1107,19): error TS17004: Cannot use JSX unless the '--jsx' flag is provided.
src/ai-gateway/app/(dashboard)/control/command-center/components/CommandCenterControlShell.tsx(1110,19): error TS17004: Cannot use JSX unless the '--jsx' flag is provided.
src/ai-gateway/app/(dashboard)/control/command-center/components/CommandCenterControlShell.tsx(1115,15): error TS17004: Cannot use JSX unless the '--jsx' flag is provided.
src/ai-gateway/app/(dashboard)/control/command-center/components/CommandCenterControlShell.tsx(1116,17): error TS17004: Cannot use JSX unless the '--jsx' flag is provided.
src/ai-gateway/app/(dashboard)/control/command-center/components/CommandCenterControlShell.tsx(1117,17): error TS17004: Cannot use JSX unless the '--jsx' flag is provided.
src/ai-gateway/app/(dashboard)/control/command-center/components/CommandCenterControlShell.tsx(1123,13): error TS17004: Cannot use JSX unless the '--jsx' flag is provided.
src/ai-gateway/app/(dashboard)/control/command-center/components/CommandCenterControlShell.tsx(1126,9): error TS17004: Cannot use JSX unless the '--jsx' flag is provided.
src/ai-gateway/app/(dashboard)/control/command-center/components/CommandCenterControlShell.tsx(1131,13): error TS17004: Cannot use JSX unless the '--jsx' flag is provided.
src/ai-gateway/app/(dashboard)/control/command-center/components/CommandCenterControlShell.tsx(1132,15): error TS17004: Cannot use JSX unless the '--jsx' flag is provided.
src/ai-gateway/app/(dashboard)/control/command-center/components/CommandCenterControlShell.tsx(1133,17): error TS17004: Cannot use JSX unless the '--jsx' flag is provided.
src/ai-gateway/app/(dashboard)/control/command-center/components/CommandCenterControlShell.tsx(1136,17): error TS17004: Cannot use JSX unless the '--jsx' flag is provided.
src/ai-gateway/app/(dashboard)/control/command-center/components/CommandCenterControlShell.tsx(1141,17): error TS17004: Cannot use JSX unless the '--jsx' flag is provided.
src/ai-gateway/app/(dashboard)/control/command-center/components/CommandCenterControlShell.tsx(1142,19): error TS17004: Cannot use JSX unless the '--jsx' flag is provided.
src/ai-gateway/app/(dashboard)/control/command-center/components/CommandCenterControlShell.tsx(1145,19): error TS17004: Cannot use JSX unless the '--jsx' flag is provided.
src/ai-gateway/app/(dashboard)/control/command-center/components/CommandCenterControlShell.tsx(1150,15): error TS17004: Cannot use JSX unless the '--jsx' flag is provided.
src/ai-gateway/app/(dashboard)/control/command-center/components/CommandCenterControlShell.tsx(1151,17): error TS17004: Cannot use JSX unless the '--jsx' flag is provided.
src/ai-gateway/app/(dashboard)/control/command-center/components/CommandCenterControlShell.tsx(1152,17): error TS17004: Cannot use JSX unless the '--jsx' flag is provided.
src/ai-gateway/app/(dashboard)/control/command-center/components/CommandCenterControlShell.tsx(1158,13): error TS17004: Cannot use JSX unless the '--jsx' flag is provided.
src/ai-gateway/app/(dashboard)/control/command-center/components/CommandCenterControlShell.tsx(1161,9): error TS17004: Cannot use JSX unless the '--jsx' flag is provided.
src/ai-gateway/app/(dashboard)/control/command-center/components/CommandCenterControlShell.tsx(1166,13): error TS17004: Cannot use JSX unless the '--jsx' flag is provided.
src/ai-gateway/app/(dashboard)/control/command-center/components/CommandCenterControlShell.tsx(1167,15): error TS17004: Cannot use JSX unless the '--jsx' flag is provided.
src/ai-gateway/app/(dashboard)/control/command-center/components/CommandCenterControlShell.tsx(1168,17): error TS17004: Cannot use JSX unless the '--jsx' flag is provided.
src/ai-gateway/app/(dashboard)/control/command-center/components/CommandCenterControlShell.tsx(1171,17): error TS17004: Cannot use JSX unless the '--jsx' flag is provided.
src/ai-gateway/app/(dashboard)/control/command-center/components/CommandCenterControlShell.tsx(1176,17): error TS17004: Cannot use JSX unless the '--jsx' flag is provided.
src/ai-gateway/app/(dashboard)/control/command-center/components/CommandCenterControlShell.tsx(1177,19): error TS17004: Cannot use JSX unless the '--jsx' flag is provided.
src/ai-gateway/app/(dashboard)/control/command-center/components/CommandCenterControlShell.tsx(1180,19): error TS17004: Cannot use JSX unless the '--jsx' flag is provided.
src/ai-gateway/app/(dashboard)/control/command-center/components/CommandCenterControlShell.tsx(1185,15): error TS17004: Cannot use JSX unless the '--jsx' flag is provided.
src/ai-gateway/app/(dashboard)/control/command-center/components/CommandCenterControlShell.tsx(1186,17): error TS17004: Cannot use JSX unless the '--jsx' flag is provided.
src/ai-gateway/app/(dashboard)/control/command-center/components/CommandCenterControlShell.tsx(1187,17): error TS17004: Cannot use JSX unless the '--jsx' flag is provided.
src/ai-gateway/app/(dashboard)/control/command-center/components/CommandCenterControlShell.tsx(1193,13): error TS17004: Cannot use JSX unless the '--jsx' flag is provided.
src/ai-gateway/app/(dashboard)/control/command-center/components/CommandCenterControlShell.tsx(1196,9): error TS17004: Cannot use JSX unless the '--jsx' flag is provided.
src/ai-gateway/app/(dashboard)/control/command-center/components/CommandCenterControlShell.tsx(1201,13): error TS17004: Cannot use JSX unless the '--jsx' flag is provided.
src/ai-gateway/app/(dashboard)/control/command-center/components/CommandCenterControlShell.tsx(1202,15): error TS17004: Cannot use JSX unless the '--jsx' flag is provided.
src/ai-gateway/app/(dashboard)/control/command-center/components/CommandCenterControlShell.tsx(1203,17): error TS17004: Cannot use JSX unless the '--jsx' flag is provided.
src/ai-gateway/app/(dashboard)/control/command-center/components/CommandCenterControlShell.tsx(1206,17): error TS17004: Cannot use JSX unless the '--jsx' flag is provided.
src/ai-gateway/app/(dashboard)/control/command-center/components/CommandCenterControlShell.tsx(1211,17): error TS17004: Cannot use JSX unless the '--jsx' flag is provided.
src/ai-gateway/app/(dashboard)/control/command-center/components/CommandCenterControlShell.tsx(1212,19): error TS17004: Cannot use JSX unless the '--jsx' flag is provided.
src/ai-gateway/app/(dashboard)/control/command-center/components/CommandCenterControlShell.tsx(1215,19): error TS17004: Cannot use JSX unless the '--jsx' flag is provided.
src/ai-gateway/app/(dashboard)/control/command-center/components/CommandCenterControlShell.tsx(1220,15): error TS17004: Cannot use JSX unless the '--jsx' flag is provided.
src/ai-gateway/app/(dashboard)/control/command-center/components/CommandCenterControlShell.tsx(1221,17): error TS17004: Cannot use JSX unless the '--jsx' flag is provided.
src/ai-gateway/app/(dashboard)/control/command-center/components/CommandCenterControlShell.tsx(1222,17): error TS17004: Cannot use JSX unless the '--jsx' flag is provided.
src/ai-gateway/app/(dashboard)/control/command-center/components/CommandCenterControlShell.tsx(1228,13): error TS17004: Cannot use JSX unless the '--jsx' flag is provided.
src/ai-gateway/app/(dashboard)/control/command-center/components/CommandCenterControlShell.tsx(1231,9): error TS17004: Cannot use JSX unless the '--jsx' flag is provided.
src/ai-gateway/app/(dashboard)/control/command-center/components/CommandCenterControlShell.tsx(1236,13): error TS17004: Cannot use JSX unless the '--jsx' flag is provided.
src/ai-gateway/app/(dashboard)/control/command-center/components/CommandCenterControlShell.tsx(1237,15): error TS17004: Cannot use JSX unless the '--jsx' flag is provided.
src/ai-gateway/app/(dashboard)/control/command-center/components/CommandCenterControlShell.tsx(1238,17): error TS17004: Cannot use JSX unless the '--jsx' flag is provided.
src/ai-gateway/app/(dashboard)/control/command-center/components/CommandCenterControlShell.tsx(1241,17): error TS17004: Cannot use JSX unless the '--jsx' flag is provided.
src/ai-gateway/app/(dashboard)/control/command-center/components/CommandCenterControlShell.tsx(1246,17): error TS17004: Cannot use JSX unless the '--jsx' flag is provided.
src/ai-gateway/app/(dashboard)/control/command-center/components/CommandCenterControlShell.tsx(1247,19): error TS17004: Cannot use JSX unless the '--jsx' flag is provided.
src/ai-gateway/app/(dashboard)/control/command-center/components/CommandCenterControlShell.tsx(1250,19): error TS17004: Cannot use JSX unless the '--jsx' flag is provided.
src/ai-gateway/app/(dashboard)/control/command-center/components/CommandCenterControlShell.tsx(1255,15): error TS17004: Cannot use JSX unless the '--jsx' flag is provided.
src/ai-gateway/app/(dashboard)/control/command-center/components/CommandCenterControlShell.tsx(1256,17): error TS17004: Cannot use JSX unless the '--jsx' flag is provided.
src/ai-gateway/app/(dashboard)/control/command-center/components/CommandCenterControlShell.tsx(1257,17): error TS17004: Cannot use JSX unless the '--jsx' flag is provided.
src/ai-gateway/app/(dashboard)/control/command-center/components/CommandCenterControlShell.tsx(1263,13): error TS17004: Cannot use JSX unless the '--jsx' flag is provided.
src/ai-gateway/app/(dashboard)/control/command-center/components/CommandCenterControlShell.tsx(1266,9): error TS17004: Cannot use JSX unless the '--jsx' flag is provided.
src/ai-gateway/app/(dashboard)/control/command-center/components/CommandCenterControlShell.tsx(1271,13): error TS17004: Cannot use JSX unless the '--jsx' flag is provided.
src/ai-gateway/app/(dashboard)/control/command-center/components/CommandCenterControlShell.tsx(1272,15): error TS17004: Cannot use JSX unless the '--jsx' flag is provided.
src/ai-gateway/app/(dashboard)/control/command-center/components/CommandCenterControlShell.tsx(1273,17): error TS17004: Cannot use JSX unless the '--jsx' flag is provided.
src/ai-gateway/app/(dashboard)/control/command-center/components/CommandCenterControlShell.tsx(1276,17): error TS17004: Cannot use JSX unless the '--jsx' flag is provided.
src/ai-gateway/app/(dashboard)/control/command-center/components/CommandCenterControlShell.tsx(1281,17): error TS17004: Cannot use JSX unless the '--jsx' flag is provided.
src/ai-gateway/app/(dashboard)/control/command-center/components/CommandCenterControlShell.tsx(1282,19): error TS17004: Cannot use JSX unless the '--jsx' flag is provided.
src/ai-gateway/app/(dashboard)/control/command-center/components/CommandCenterControlShell.tsx(1285,19): error TS17004: Cannot use JSX unless the '--jsx' flag is provided.
src/ai-gateway/app/(dashboard)/control/command-center/components/CommandCenterControlShell.tsx(1290,15): error TS17004: Cannot use JSX unless the '--jsx' flag is provided.
src/ai-gateway/app/(dashboard)/control/command-center/components/CommandCenterControlShell.tsx(1291,17): error TS17004: Cannot use JSX unless the '--jsx' flag is provided.
src/ai-gateway/app/(dashboard)/control/command-center/components/CommandCenterControlShell.tsx(1292,17): error TS17004: Cannot use JSX unless the '--jsx' flag is provided.
src/ai-gateway/app/(dashboard)/control/command-center/components/CommandCenterControlShell.tsx(1298,13): error TS17004: Cannot use JSX unless the '--jsx' flag is provided.
src/ai-gateway/app/(dashboard)/control/command-center/components/CommandCenterControlShell.tsx(1301,9): error TS17004: Cannot use JSX unless the '--jsx' flag is provided.
src/ai-gateway/app/(dashboard)/control/command-center/components/CommandCenterControlShell.tsx(1306,13): error TS17004: Cannot use JSX unless the '--jsx' flag is provided.
src/ai-gateway/app/(dashboard)/control/command-center/components/CommandCenterControlShell.tsx(1307,15): error TS17004: Cannot use JSX unless the '--jsx' flag is provided.
src/ai-gateway/app/(dashboard)/control/command-center/components/CommandCenterControlShell.tsx(1308,17): error TS17004: Cannot use JSX unless the '--jsx' flag is provided.
src/ai-gateway/app/(dashboard)/control/command-center/components/CommandCenterControlShell.tsx(1311,17): error TS17004: Cannot use JSX unless the '--jsx' flag is provided.
src/ai-gateway/app/(dashboard)/control/command-center/components/CommandCenterControlShell.tsx(1316,17): error TS17004: Cannot use JSX unless the '--jsx' flag is provided.
src/ai-gateway/app/(dashboard)/control/command-center/components/CommandCenterControlShell.tsx(1317,19): error TS17004: Cannot use JSX unless the '--jsx' flag is provided.
src/ai-gateway/app/(dashboard)/control/command-center/components/CommandCenterControlShell.tsx(1320,19): error TS17004: Cannot use JSX unless the '--jsx' flag is provided.
src/ai-gateway/app/(dashboard)/control/command-center/components/CommandCenterControlShell.tsx(1325,15): error TS17004: Cannot use JSX unless the '--jsx' flag is provided.
src/ai-gateway/app/(dashboard)/control/command-center/components/CommandCenterControlShell.tsx(1326,17): error TS17004: Cannot use JSX unless the '--jsx' flag is provided.
src/ai-gateway/app/(dashboard)/control/command-center/components/CommandCenterControlShell.tsx(1327,17): error TS17004: Cannot use JSX unless the '--jsx' flag is provided.
src/ai-gateway/app/(dashboard)/control/command-center/components/CommandCenterControlShell.tsx(1333,13): error TS17004: Cannot use JSX unless the '--jsx' flag is provided.
src/ai-gateway/app/(dashboard)/control/command-center/components/CommandCenterControlShell.tsx(1336,9): error TS17004: Cannot use JSX unless the '--jsx' flag is provided.
src/ai-gateway/app/(dashboard)/control/command-center/components/CommandCenterControlShell.tsx(1341,13): error TS17004: Cannot use JSX unless the '--jsx' flag is provided.
src/ai-gateway/app/(dashboard)/control/command-center/components/CommandCenterControlShell.tsx(1342,15): error TS17004: Cannot use JSX unless the '--jsx' flag is provided.
src/ai-gateway/app/(dashboard)/control/command-center/components/CommandCenterControlShell.tsx(1343,17): error TS17004: Cannot use JSX unless the '--jsx' flag is provided.
src/ai-gateway/app/(dashboard)/control/command-center/components/CommandCenterControlShell.tsx(1346,17): error TS17004: Cannot use JSX unless the '--jsx' flag is provided.
src/ai-gateway/app/(dashboard)/control/command-center/components/CommandCenterControlShell.tsx(1351,17): error TS17004: Cannot use JSX unless the '--jsx' flag is provided.
src/ai-gateway/app/(dashboard)/control/command-center/components/CommandCenterControlShell.tsx(1352,19): error TS17004: Cannot use JSX unless the '--jsx' flag is provided.
src/ai-gateway/app/(dashboard)/control/command-center/components/CommandCenterControlShell.tsx(1355,19): error TS17004: Cannot use JSX unless the '--jsx' flag is provided.
src/ai-gateway/app/(dashboard)/control/command-center/components/CommandCenterControlShell.tsx(1360,15): error TS17004: Cannot use JSX unless the '--jsx' flag is provided.
src/ai-gateway/app/(dashboard)/control/command-center/components/CommandCenterControlShell.tsx(1361,17): error TS17004: Cannot use JSX unless the '--jsx' flag is provided.
src/ai-gateway/app/(dashboard)/control/command-center/components/CommandCenterControlShell.tsx(1362,17): error TS17004: Cannot use JSX unless the '--jsx' flag is provided.
src/ai-gateway/app/(dashboard)/control/command-center/components/CommandCenterControlShell.tsx(1368,13): error TS17004: Cannot use JSX unless the '--jsx' flag is provided.
src/ai-gateway/app/(dashboard)/control/command-center/components/CommandCenterControlShell.tsx(1371,9): error TS17004: Cannot use JSX unless the '--jsx' flag is provided.
src/ai-gateway/app/(dashboard)/control/command-center/components/CommandCenterControlShell.tsx(1376,13): error TS17004: Cannot use JSX unless the '--jsx' flag is provided.
src/ai-gateway/app/(dashboard)/control/command-center/components/CommandCenterControlShell.tsx(1378,17): error TS17004: Cannot use JSX unless the '--jsx' flag is provided.
src/ai-gateway/app/(dashboard)/control/command-center/components/CommandCenterControlShell.tsx(1379,19): error TS17004: Cannot use JSX unless the '--jsx' flag is provided.
src/ai-gateway/app/(dashboard)/control/command-center/components/CommandCenterControlShell.tsx(1382,19): error TS17004: Cannot use JSX unless the '--jsx' flag is provided.
src/ai-gateway/app/(dashboard)/control/command-center/components/CommandCenterControlShell.tsx(1387,15): error TS17004: Cannot use JSX unless the '--jsx' flag is provided.
src/ai-gateway/app/(dashboard)/control/command-center/components/CommandCenterControlShell.tsx(1388,17): error TS17004: Cannot use JSX unless the '--jsx' flag is provided.
src/ai-gateway/app/(dashboard)/control/command-center/components/CommandCenterControlShell.tsx(1389,17): error TS17004: Cannot use JSX unless the '--jsx' flag is provided.
src/ai-gateway/app/(dashboard)/control/command-center/components/CommandCenterControlShell.tsx(1395,13): error TS17004: Cannot use JSX unless the '--jsx' flag is provided.
src/ai-gateway/app/(dashboard)/control/command-center/components/CommandCenterControlShell.tsx(1398,9): error TS17004: Cannot use JSX unless the '--jsx' flag is provided.
src/ai-gateway/app/(dashboard)/control/command-center/components/CommandCenterControlShell.tsx(1403,13): error TS17004: Cannot use JSX unless the '--jsx' flag is provided.
src/ai-gateway/app/(dashboard)/control/command-center/components/CommandCenterControlShell.tsx(1404,15): error TS17004: Cannot use JSX unless the '--jsx' flag is provided.
src/ai-gateway/app/(dashboard)/control/command-center/components/CommandCenterControlShell.tsx(1405,17): error TS17004: Cannot use JSX unless the '--jsx' flag is provided.
src/ai-gateway/app/(dashboard)/control/command-center/components/CommandCenterControlShell.tsx(1408,17): error TS17004: Cannot use JSX unless the '--jsx' flag is provided.
src/ai-gateway/app/(dashboard)/control/command-center/components/CommandCenterControlShell.tsx(1413,17): error TS17004: Cannot use JSX unless the '--jsx' flag is provided.
src/ai-gateway/app/(dashboard)/control/command-center/components/CommandCenterControlShell.tsx(1414,19): error TS17004: Cannot use JSX unless the '--jsx' flag is provided.
src/ai-gateway/app/(dashboard)/control/command-center/components/CommandCenterControlShell.tsx(1417,19): error TS17004: Cannot use JSX unless the '--jsx' flag is provided.
src/ai-gateway/app/(dashboard)/control/command-center/components/CommandCenterControlShell.tsx(1422,15): error TS17004: Cannot use JSX unless the '--jsx' flag is provided.
src/ai-gateway/app/(dashboard)/control/command-center/components/CommandCenterControlShell.tsx(1423,17): error TS17004: Cannot use JSX unless the '--jsx' flag is provided.
src/ai-gateway/app/(dashboard)/control/command-center/components/CommandCenterControlShell.tsx(1424,17): error TS17004: Cannot use JSX unless the '--jsx' flag is provided.
src/ai-gateway/app/(dashboard)/control/command-center/components/CommandCenterControlShell.tsx(1430,13): error TS17004: Cannot use JSX unless the '--jsx' flag is provided.
src/ai-gateway/app/(dashboard)/control/command-center/components/CommandCenterControlShell.tsx(1433,9): error TS17004: Cannot use JSX unless the '--jsx' flag is provided.
src/ai-gateway/app/(dashboard)/control/command-center/components/CommandCenterControlShell.tsx(1438,13): error TS17004: Cannot use JSX unless the '--jsx' flag is provided.
src/ai-gateway/app/(dashboard)/control/command-center/components/CommandCenterControlShell.tsx(1440,17): error TS17004: Cannot use JSX unless the '--jsx' flag is provided.
src/ai-gateway/app/(dashboard)/control/command-center/components/CommandCenterControlShell.tsx(1441,19): error TS17004: Cannot use JSX unless the '--jsx' flag is provided.
src/ai-gateway/app/(dashboard)/control/command-center/components/CommandCenterControlShell.tsx(1444,19): error TS17004: Cannot use JSX unless the '--jsx' flag is provided.
src/ai-gateway/app/(dashboard)/control/command-center/components/CommandCenterControlShell.tsx(1449,15): error TS17004: Cannot use JSX unless the '--jsx' flag is provided.
src/ai-gateway/app/(dashboard)/control/command-center/components/CommandCenterControlShell.tsx(1450,17): error TS17004: Cannot use JSX unless the '--jsx' flag is provided.
src/ai-gateway/app/(dashboard)/control/command-center/components/CommandCenterControlShell.tsx(1451,17): error TS17004: Cannot use JSX unless the '--jsx' flag is provided.
src/ai-gateway/app/(dashboard)/control/command-center/components/CommandCenterControlShell.tsx(1457,13): error TS17004: Cannot use JSX unless the '--jsx' flag is provided.
src/ai-gateway/app/(dashboard)/control/command-center/components/CommandCenterControlShell.tsx(1460,9): error TS17004: Cannot use JSX unless the '--jsx' flag is provided.
src/ai-gateway/app/(dashboard)/control/command-center/components/CommandCenterControlShell.tsx(1465,13): error TS17004: Cannot use JSX unless the '--jsx' flag is provided.
src/ai-gateway/app/(dashboard)/control/command-center/components/CommandCenterControlShell.tsx(1467,17): error TS17004: Cannot use JSX unless the '--jsx' flag is provided.
src/ai-gateway/app/(dashboard)/control/command-center/components/CommandCenterControlShell.tsx(1468,19): error TS17004: Cannot use JSX unless the '--jsx' flag is provided.
src/ai-gateway/app/(dashboard)/control/command-center/components/CommandCenterControlShell.tsx(1471,19): error TS17004: Cannot use JSX unless the '--jsx' flag is provided.
src/ai-gateway/app/(dashboard)/control/command-center/components/CommandCenterControlShell.tsx(1476,15): error TS17004: Cannot use JSX unless the '--jsx' flag is provided.
src/ai-gateway/app/(dashboard)/control/command-center/components/CommandCenterControlShell.tsx(1477,17): error TS17004: Cannot use JSX unless the '--jsx' flag is provided.
src/ai-gateway/app/(dashboard)/control/command-center/components/CommandCenterControlShell.tsx(1478,17): error TS17004: Cannot use JSX unless the '--jsx' flag is provided.
src/ai-gateway/app/(dashboard)/control/command-center/components/CommandCenterControlShell.tsx(1484,13): error TS17004: Cannot use JSX unless the '--jsx' flag is provided.
src/ai-gateway/app/(dashboard)/control/command-center/components/CommandCenterControlShell.tsx(1487,9): error TS17004: Cannot use JSX unless the '--jsx' flag is provided.
src/ai-gateway/app/(dashboard)/control/command-center/components/CommandCenterControlShell.tsx(1492,13): error TS17004: Cannot use JSX unless the '--jsx' flag is provided.
src/ai-gateway/app/(dashboard)/control/command-center/components/CommandCenterControlShell.tsx(1494,17): error TS17004: Cannot use JSX unless the '--jsx' flag is provided.
src/ai-gateway/app/(dashboard)/control/command-center/components/CommandCenterControlShell.tsx(1495,19): error TS17004: Cannot use JSX unless the '--jsx' flag is provided.
src/ai-gateway/app/(dashboard)/control/command-center/components/CommandCenterControlShell.tsx(1498,19): error TS17004: Cannot use JSX unless the '--jsx' flag is provided.
src/ai-gateway/app/(dashboard)/control/command-center/components/CommandCenterControlShell.tsx(1503,15): error TS17004: Cannot use JSX unless the '--jsx' flag is provided.
src/ai-gateway/app/(dashboard)/control/command-center/components/CommandCenterControlShell.tsx(1504,17): error TS17004: Cannot use JSX unless the '--jsx' flag is provided.
src/ai-gateway/app/(dashboard)/control/command-center/components/CommandCenterControlShell.tsx(1505,17): error TS17004: Cannot use JSX unless the '--jsx' flag is provided.
src/ai-gateway/app/(dashboard)/control/command-center/components/CommandCenterControlShell.tsx(1511,13): error TS17004: Cannot use JSX unless the '--jsx' flag is provided.
src/ai-gateway/app/(dashboard)/control/command-center/components/CommandCenterControlShell.tsx(1514,9): error TS17004: Cannot use JSX unless the '--jsx' flag is provided.
src/ai-gateway/app/(dashboard)/control/command-center/components/CommandCenterControlShell.tsx(1515,11): error TS17004: Cannot use JSX unless the '--jsx' flag is provided.
src/ai-gateway/app/(dashboard)/control/command-center/components/CommandCenterControlShell.tsx(1517,9): error TS17004: Cannot use JSX unless the '--jsx' flag is provided.
src/ai-gateway/app/(dashboard)/control/command-center/components/CommandCenterControlShell.tsx(1518,11): error TS17004: Cannot use JSX unless the '--jsx' flag is provided.
src/ai-gateway/app/(dashboard)/control/command-center/components/CommandCenterControlShell.tsx(1520,9): error TS17004: Cannot use JSX unless the '--jsx' flag is provided.
src/ai-gateway/app/(dashboard)/control/command-center/components/CommandCenterControlShell.tsx(1521,11): error TS17004: Cannot use JSX unless the '--jsx' flag is provided.
src/ai-gateway/app/(dashboard)/control/command-center/components/CommandCenterControlShell.tsx(1533,7): error TS17004: Cannot use JSX unless the '--jsx' flag is provided.
src/ai-gateway/app/(dashboard)/control/command-center/components/CommandCenterControlShell.tsx(1545,5): error TS17004: Cannot use JSX unless the '--jsx' flag is provided.
src/ai-gateway/app/(dashboard)/control/command-center/components/CommandCenterControlShell.tsx(1546,7): error TS17004: Cannot use JSX unless the '--jsx' flag is provided.
src/ai-gateway/app/(dashboard)/control/command-center/components/CommandCenterControlShell.tsx(1547,9): error TS17004: Cannot use JSX unless the '--jsx' flag is provided.
src/ai-gateway/app/(dashboard)/control/command-center/components/CommandCenterControlShell.tsx(1549,7): error TS17004: Cannot use JSX unless the '--jsx' flag is provided.
src/ai-gateway/app/(dashboard)/control/command-center/components/CommandCenterControlShell.tsx(1550,9): error TS17004: Cannot use JSX unless the '--jsx' flag is provided.
src/ai-gateway/app/(dashboard)/control/command-center/components/CommandCenterControlShell.tsx(1552,7): error TS17004: Cannot use JSX unless the '--jsx' flag is provided.
src/ai-gateway/app/(dashboard)/control/command-center/components/CommandCenterControlShell.tsx(1553,9): error TS17004: Cannot use JSX unless the '--jsx' flag is provided.
src/ai-gateway/app/(dashboard)/control/command-center/components/CommandCenterControlShell.tsx(1555,7): error TS17004: Cannot use JSX unless the '--jsx' flag is provided.
src/ai-gateway/app/(dashboard)/control/command-center/components/CommandCenterControlShell.tsx(1556,9): error TS17004: Cannot use JSX unless the '--jsx' flag is provided.
src/ai-gateway/app/(dashboard)/control/command-center/components/CommandCenterControlShellAuxiliary.tsx(6,35): error TS6142: Module './CommandCenterPrimitives' was resolved to 'C:/TESTES DEV/1_PROJETOS_ATIVOS/Zavorth/src/ai-gateway/app/(dashboard)/control/command-center/components/CommandCenterPrimitives.tsx', but '--jsx' is not set.
src/ai-gateway/app/(dashboard)/control/command-center/components/CommandCenterControlShellAuxiliary.tsx(11,5): error TS17004: Cannot use JSX unless the '--jsx' flag is provided.
src/ai-gateway/app/(dashboard)/control/command-center/components/CommandCenterControlShellAuxiliary.tsx(12,7): error TS17004: Cannot use JSX unless the '--jsx' flag is provided.
src/ai-gateway/app/(dashboard)/control/command-center/components/CommandCenterControlShellAuxiliary.tsx(19,11): error TS17004: Cannot use JSX unless the '--jsx' flag is provided.
src/ai-gateway/app/(dashboard)/control/command-center/components/CommandCenterControlShellAuxiliary.tsx(20,13): error TS17004: Cannot use JSX unless the '--jsx' flag is provided.
src/ai-gateway/app/(dashboard)/control/command-center/components/CommandCenterControlShellAuxiliary.tsx(21,13): error TS17004: Cannot use JSX unless the '--jsx' flag is provided.
src/ai-gateway/app/(dashboard)/control/command-center/components/CommandCenterControlShellAuxiliary.tsx(36,5): error TS17004: Cannot use JSX unless the '--jsx' flag is provided.
src/ai-gateway/app/(dashboard)/control/command-center/components/CommandCenterControlShellAuxiliary.tsx(37,7): error TS17004: Cannot use JSX unless the '--jsx' flag is provided.
src/ai-gateway/app/(dashboard)/control/command-center/components/CommandCenterControlShellAuxiliary.tsx(39,11): error TS17004: Cannot use JSX unless the '--jsx' flag is provided.
src/ai-gateway/app/(dashboard)/control/command-center/components/CommandCenterControlShellAuxiliary.tsx(40,13): error TS17004: Cannot use JSX unless the '--jsx' flag is provided.
src/ai-gateway/app/(dashboard)/control/command-center/components/CommandCenterControlShellAuxiliary.tsx(41,13): error TS17004: Cannot use JSX unless the '--jsx' flag is provided.
src/ai-gateway/app/(dashboard)/control/command-center/components/CommandCenterControlShellAuxiliary.tsx(44,11): error TS17004: Cannot use JSX unless the '--jsx' flag is provided.
src/ai-gateway/app/(dashboard)/control/command-center/components/CommandCenterControlShellChrome.tsx(5,36): error TS6142: Module './CommandCenterPrimitives' was resolved to 'C:/TESTES DEV/1_PROJETOS_ATIVOS/Zavorth/src/ai-gateway/app/(dashboard)/control/command-center/components/CommandCenterPrimitives.tsx', but '--jsx' is not set.
src/ai-gateway/app/(dashboard)/control/command-center/components/CommandCenterControlShellChrome.tsx(25,5): error TS17004: Cannot use JSX unless the '--jsx' flag is provided.
src/ai-gateway/app/(dashboard)/control/command-center/components/CommandCenterControlShellChrome.tsx(30,7): error TS17004: Cannot use JSX unless the '--jsx' flag is provided.
src/ai-gateway/app/(dashboard)/control/command-center/components/CommandCenterControlShellChrome.tsx(31,9): error TS17004: Cannot use JSX unless the '--jsx' flag is provided.
src/ai-gateway/app/(dashboard)/control/command-center/components/CommandCenterControlShellChrome.tsx(34,9): error TS17004: Cannot use JSX unless the '--jsx' flag is provided.
src/ai-gateway/app/(dashboard)/control/command-center/components/CommandCenterControlShellChrome.tsx(37,9): error TS17004: Cannot use JSX unless the '--jsx' flag is provided.
src/ai-gateway/app/(dashboard)/control/command-center/components/CommandCenterControlShellChrome.tsx(41,7): error TS17004: Cannot use JSX unless the '--jsx' flag is provided.
src/ai-gateway/app/(dashboard)/control/command-center/components/CommandCenterControlShellChrome.tsx(42,9): error TS17004: Cannot use JSX unless the '--jsx' flag is provided.
src/ai-gateway/app/(dashboard)/control/command-center/components/CommandCenterControlShellChrome.tsx(43,9): error TS17004: Cannot use JSX unless the '--jsx' flag is provided.
src/ai-gateway/app/(dashboard)/control/command-center/components/CommandCenterControlShellChrome.tsx(47,11): error TS17004: Cannot use JSX unless the '--jsx' flag is provided.
src/ai-gateway/app/(dashboard)/control/command-center/components/CommandCenterControlShellChrome.tsx(49,13): error TS17004: Cannot use JSX unless the '--jsx' flag is provided.
src/ai-gateway/app/(dashboard)/control/command-center/components/CommandCenterControlShellChrome.tsx(78,5): error TS17004: Cannot use JSX unless the '--jsx' flag is provided.
src/ai-gateway/app/(dashboard)/control/command-center/components/CommandCenterControlShellChrome.tsx(79,7): error TS17004: Cannot use JSX unless the '--jsx' flag is provided.
src/ai-gateway/app/(dashboard)/control/command-center/components/CommandCenterControlShellChrome.tsx(80,9): error TS17004: Cannot use JSX unless the '--jsx' flag is provided.
src/ai-gateway/app/(dashboard)/control/command-center/components/CommandCenterControlShellChrome.tsx(81,9): error TS17004: Cannot use JSX unless the '--jsx' flag is provided.
src/ai-gateway/app/(dashboard)/control/command-center/components/CommandCenterControlShellChrome.tsx(82,9): error TS17004: Cannot use JSX unless the '--jsx' flag is provided.
src/ai-gateway/app/(dashboard)/control/command-center/components/CommandCenterControlShellChrome.tsx(83,9): error TS17004: Cannot use JSX unless the '--jsx' flag is provided.
src/ai-gateway/app/(dashboard)/control/command-center/components/CommandCenterControlShellChrome.tsx(84,11): error TS17004: Cannot use JSX unless the '--jsx' flag is provided.
src/ai-gateway/app/(dashboard)/control/command-center/components/CommandCenterControlShellChrome.tsx(87,11): error TS17004: Cannot use JSX unless the '--jsx' flag is provided.
src/ai-gateway/app/(dashboard)/control/command-center/components/CommandCenterControlShellChrome.tsx(90,11): error TS17004: Cannot use JSX unless the '--jsx' flag is provided.
src/ai-gateway/app/(dashboard)/control/command-center/components/CommandCenterControlShellChrome.tsx(93,11): error TS17004: Cannot use JSX unless the '--jsx' flag is provided.
src/ai-gateway/app/(dashboard)/control/command-center/components/CommandCenterControlShellChrome.tsx(96,11): error TS17004: Cannot use JSX unless the '--jsx' flag is provided.
src/ai-gateway/app/(dashboard)/control/command-center/components/CommandCenterControlShellChrome.tsx(100,13): error TS17004: Cannot use JSX unless the '--jsx' flag is provided.
src/ai-gateway/app/(dashboard)/control/command-center/components/CommandCenterControlShellChrome.tsx(107,7): error TS17004: Cannot use JSX unless the '--jsx' flag is provided.
src/ai-gateway/app/(dashboard)/control/command-center/components/CommandCenterControlShellChrome.tsx(108,9): error TS17004: Cannot use JSX unless the '--jsx' flag is provided.
src/ai-gateway/app/(dashboard)/control/command-center/components/CommandCenterControlShellChrome.tsx(114,9): error TS17004: Cannot use JSX unless the '--jsx' flag is provided.
src/ai-gateway/app/(dashboard)/control/command-center/components/CommandCenterControlShellChrome.tsx(120,9): error TS17004: Cannot use JSX unless the '--jsx' flag is provided.
src/ai-gateway/app/(dashboard)/control/command-center/components/CommandCenterControlShellChrome.tsx(126,9): error TS17004: Cannot use JSX unless the '--jsx' flag is provided.
src/ai-gateway/app/(dashboard)/control/command-center/components/CommandCenterControlShellChrome.tsx(133,11): error TS17004: Cannot use JSX unless the '--jsx' flag is provided.
src/ai-gateway/app/(dashboard)/control/command-center/components/CommandCenterControlShellChrome.tsx(143,9): error TS17004: Cannot use JSX unless the '--jsx' flag is provided.
src/ai-gateway/app/(dashboard)/control/command-center/components/CommandCenterControlShellChrome.tsx(148,11): error TS17004: Cannot use JSX unless the '--jsx' flag is provided.
src/ai-gateway/app/(dashboard)/control/command-center/components/CommandCenterControlShellChrome.tsx(149,11): error TS17004: Cannot use JSX unless the '--jsx' flag is provided.
src/ai-gateway/app/(dashboard)/control/command-center/components/CommandCenterControlShellChrome.tsx(170,5): error TS17004: Cannot use JSX unless the '--jsx' flag is provided.
src/ai-gateway/app/(dashboard)/control/command-center/components/CommandCenterControlShellChrome.tsx(171,7): error TS17004: Cannot use JSX unless the '--jsx' flag is provided.
src/ai-gateway/app/(dashboard)/control/command-center/components/CommandCenterControlShellChrome.tsx(172,7): error TS17004: Cannot use JSX unless the '--jsx' flag is provided.
src/ai-gateway/app/(dashboard)/control/command-center/components/CommandCenterControlShellChrome.tsx(173,7): error TS17004: Cannot use JSX unless the '--jsx' flag is provided.
src/ai-gateway/app/(dashboard)/control/command-center/components/CommandCenterDeveloperWorkspace.tsx(9,8): error TS6142: Module './CommandCenterPrimitives' was resolved to 'C:/TESTES DEV/1_PROJETOS_ATIVOS/Zavorth/src/ai-gateway/app/(dashboard)/control/command-center/components/CommandCenterPrimitives.tsx', but '--jsx' is not set.
src/ai-gateway/app/(dashboard)/control/command-center/components/CommandCenterDeveloperWorkspace.tsx(35,5): error TS17004: Cannot use JSX unless the '--jsx' flag is provided.
src/ai-gateway/app/(dashboard)/control/command-center/components/CommandCenterDeveloperWorkspace.tsx(36,7): error TS17004: Cannot use JSX unless the '--jsx' flag is provided.
src/ai-gateway/app/(dashboard)/control/command-center/components/CommandCenterDeveloperWorkspace.tsx(37,9): error TS17004: Cannot use JSX unless the '--jsx' flag is provided.
src/ai-gateway/app/(dashboard)/control/command-center/components/CommandCenterDeveloperWorkspace.tsx(38,11): error TS17004: Cannot use JSX unless the '--jsx' flag is provided.
src/ai-gateway/app/(dashboard)/control/command-center/components/CommandCenterDeveloperWorkspace.tsx(39,11): error TS17004: Cannot use JSX unless the '--jsx' flag is provided.
src/ai-gateway/app/(dashboard)/control/command-center/components/CommandCenterDeveloperWorkspace.tsx(40,11): error TS17004: Cannot use JSX unless the '--jsx' flag is provided.
src/ai-gateway/app/(dashboard)/control/command-center/components/CommandCenterDeveloperWorkspace.tsx(42,9): error TS17004: Cannot use JSX unless the '--jsx' flag is provided.
src/ai-gateway/app/(dashboard)/control/command-center/components/CommandCenterDeveloperWorkspace.tsx(43,11): error TS17004: Cannot use JSX unless the '--jsx' flag is provided.
src/ai-gateway/app/(dashboard)/control/command-center/components/CommandCenterDeveloperWorkspace.tsx(46,11): error TS17004: Cannot use JSX unless the '--jsx' flag is provided.
src/ai-gateway/app/(dashboard)/control/command-center/components/CommandCenterDeveloperWorkspace.tsx(52,7): error TS17004: Cannot use JSX unless the '--jsx' flag is provided.
src/ai-gateway/app/(dashboard)/control/command-center/components/CommandCenterDeveloperWorkspace.tsx(53,9): error TS17004: Cannot use JSX unless the '--jsx' flag is provided.
src/ai-gateway/app/(dashboard)/control/command-center/components/CommandCenterDeveloperWorkspace.tsx(59,9): error TS17004: Cannot use JSX unless the '--jsx' flag is provided.
src/ai-gateway/app/(dashboard)/control/command-center/components/CommandCenterDeveloperWorkspace.tsx(65,9): error TS17004: Cannot use JSX unless the '--jsx' flag is provided.
src/ai-gateway/app/(dashboard)/control/command-center/components/CommandCenterDeveloperWorkspace.tsx(71,9): error TS17004: Cannot use JSX unless the '--jsx' flag is provided.
src/ai-gateway/app/(dashboard)/control/command-center/components/CommandCenterDeveloperWorkspace.tsx(77,9): error TS17004: Cannot use JSX unless the '--jsx' flag is provided.
src/ai-gateway/app/(dashboard)/control/command-center/components/CommandCenterDeveloperWorkspace.tsx(86,9): error TS17004: Cannot use JSX unless the '--jsx' flag is provided.
src/ai-gateway/app/(dashboard)/control/command-center/components/CommandCenterDeveloperWorkspace.tsx(87,11): error TS17004: Cannot use JSX unless the '--jsx' flag is provided.
src/ai-gateway/app/(dashboard)/control/command-center/components/CommandCenterDeveloperWorkspace.tsx(90,11): error TS17004: Cannot use JSX unless the '--jsx' flag is provided.
src/ai-gateway/app/(dashboard)/control/command-center/components/CommandCenterDeveloperWorkspace.tsx(94,7): error TS17004: Cannot use JSX unless the '--jsx' flag is provided.
src/ai-gateway/app/(dashboard)/control/command-center/components/CommandCenterDeveloperWorkspace.tsx(95,9): error TS17004: Cannot use JSX unless the '--jsx' flag is provided.
src/ai-gateway/app/(dashboard)/control/command-center/components/CommandCenterDeveloperWorkspace.tsx(96,11): error TS17004: Cannot use JSX unless the '--jsx' flag is provided.
src/ai-gateway/app/(dashboard)/control/command-center/components/CommandCenterDeveloperWorkspace.tsx(102,17): error TS17004: Cannot use JSX unless the '--jsx' flag is provided.
src/ai-gateway/app/(dashboard)/control/command-center/components/CommandCenterDeveloperWorkspace.tsx(103,19): error TS17004: Cannot use JSX unless the '--jsx' flag is provided.
src/ai-gateway/app/(dashboard)/control/command-center/components/CommandCenterDeveloperWorkspace.tsx(104,21): error TS17004: Cannot use JSX unless the '--jsx' flag is provided.
src/ai-gateway/app/(dashboard)/control/command-center/components/CommandCenterDeveloperWorkspace.tsx(105,21): error TS17004: Cannot use JSX unless the '--jsx' flag is provided.
src/ai-gateway/app/(dashboard)/control/command-center/components/CommandCenterDeveloperWorkspace.tsx(108,21): error TS17004: Cannot use JSX unless the '--jsx' flag is provided.
src/ai-gateway/app/(dashboard)/control/command-center/components/CommandCenterDeveloperWorkspace.tsx(110,19): error TS17004: Cannot use JSX unless the '--jsx' flag is provided.
src/ai-gateway/app/(dashboard)/control/command-center/components/CommandCenterDeveloperWorkspace.tsx(111,21): error TS17004: Cannot use JSX unless the '--jsx' flag is provided.
src/ai-gateway/app/(dashboard)/control/command-center/components/CommandCenterDeveloperWorkspace.tsx(118,21): error TS17004: Cannot use JSX unless the '--jsx' flag is provided.
src/ai-gateway/app/(dashboard)/control/command-center/components/CommandCenterDeveloperWorkspace.tsx(125,21): error TS17004: Cannot use JSX unless the '--jsx' flag is provided.
src/ai-gateway/app/(dashboard)/control/command-center/components/CommandCenterDeveloperWorkspace.tsx(136,15): error TS17004: Cannot use JSX unless the '--jsx' flag is provided.
src/ai-gateway/app/(dashboard)/control/command-center/components/CommandCenterDeveloperWorkspace.tsx(141,9): error TS17004: Cannot use JSX unless the '--jsx' flag is provided.
src/ai-gateway/app/(dashboard)/control/command-center/components/CommandCenterDeveloperWorkspace.tsx(142,11): error TS17004: Cannot use JSX unless the '--jsx' flag is provided.
src/ai-gateway/app/(dashboard)/control/command-center/components/CommandCenterDeveloperWorkspace.tsx(144,15): error TS17004: Cannot use JSX unless the '--jsx' flag is provided.
src/ai-gateway/app/(dashboard)/control/command-center/components/CommandCenterDeveloperWorkspace.tsx(145,17): error TS17004: Cannot use JSX unless the '--jsx' flag is provided.
src/ai-gateway/app/(dashboard)/control/command-center/components/CommandCenterDeveloperWorkspace.tsx(146,17): error TS17004: Cannot use JSX unless the '--jsx' flag is provided.
src/ai-gateway/app/(dashboard)/control/command-center/components/CommandCenterDeveloperWorkspace.tsx(150,15): error TS17004: Cannot use JSX unless the '--jsx' flag is provided.
src/ai-gateway/app/(dashboard)/control/command-center/components/CommandCenterDeveloperWorkspace.tsx(155,9): error TS17004: Cannot use JSX unless the '--jsx' flag is provided.
src/ai-gateway/app/(dashboard)/control/command-center/components/CommandCenterDeveloperWorkspace.tsx(156,11): error TS17004: Cannot use JSX unless the '--jsx' flag is provided.
src/ai-gateway/app/(dashboard)/control/command-center/components/CommandCenterDeveloperWorkspace.tsx(158,15): error TS17004: Cannot use JSX unless the '--jsx' flag is provided.
src/ai-gateway/app/(dashboard)/control/command-center/components/CommandCenterDeveloperWorkspace.tsx(159,17): error TS17004: Cannot use JSX unless the '--jsx' flag is provided.
src/ai-gateway/app/(dashboard)/control/command-center/components/CommandCenterDeveloperWorkspace.tsx(162,17): error TS17004: Cannot use JSX unless the '--jsx' flag is provided.
src/ai-gateway/app/(dashboard)/control/command-center/components/CommandCenterDeveloperWorkspace.tsx(165,17): error TS17004: Cannot use JSX unless the '--jsx' flag is provided.
src/ai-gateway/app/(dashboard)/control/command-center/components/CommandCenterDeveloperWorkspace.tsx(168,15): error TS17004: Cannot use JSX unless the '--jsx' flag is provided.
src/ai-gateway/app/(dashboard)/control/command-center/components/CommandCenterDeveloperWorkspace.tsx(173,9): error TS17004: Cannot use JSX unless the '--jsx' flag is provided.
src/ai-gateway/app/(dashboard)/control/command-center/components/CommandCenterDeveloperWorkspace.tsx(174,11): error TS17004: Cannot use JSX unless the '--jsx' flag is provided.
src/ai-gateway/app/(dashboard)/control/command-center/components/CommandCenterDeveloperWorkspace.tsx(176,15): error TS17004: Cannot use JSX unless the '--jsx' flag is provided.
src/ai-gateway/app/(dashboard)/control/command-center/components/CommandCenterDeveloperWorkspace.tsx(177,17): error TS17004: Cannot use JSX unless the '--jsx' flag is provided.
src/ai-gateway/app/(dashboard)/control/command-center/components/CommandCenterDeveloperWorkspace.tsx(178,17): error TS17004: Cannot use JSX unless the '--jsx' flag is provided.
src/ai-gateway/app/(dashboard)/control/command-center/components/CommandCenterDeveloperWorkspace.tsx(183,15): error TS17004: Cannot use JSX unless the '--jsx' flag is provided.
src/ai-gateway/app/(dashboard)/control/command-center/components/CommandCenterDeveloperWorkspace.tsx(188,9): error TS17004: Cannot use JSX unless the '--jsx' flag is provided.
src/ai-gateway/app/(dashboard)/control/command-center/components/CommandCenterDeveloperWorkspace.tsx(189,11): error TS17004: Cannot use JSX unless the '--jsx' flag is provided.
src/ai-gateway/app/(dashboard)/control/command-center/components/CommandCenterDeveloperWorkspace.tsx(191,15): error TS17004: Cannot use JSX unless the '--jsx' flag is provided.
src/ai-gateway/app/(dashboard)/control/command-center/components/CommandCenterDeveloperWorkspace.tsx(192,17): error TS17004: Cannot use JSX unless the '--jsx' flag is provided.
src/ai-gateway/app/(dashboard)/control/command-center/components/CommandCenterDeveloperWorkspace.tsx(193,17): error TS17004: Cannot use JSX unless the '--jsx' flag is provided.
src/ai-gateway/app/(dashboard)/control/command-center/components/CommandCenterDeveloperWorkspace.tsx(198,15): error TS17004: Cannot use JSX unless the '--jsx' flag is provided.
src/ai-gateway/app/(dashboard)/control/command-center/components/CommandCenterDeveloperWorkspace.tsx(203,9): error TS17004: Cannot use JSX unless the '--jsx' flag is provided.
src/ai-gateway/app/(dashboard)/control/command-center/components/CommandCenterDeveloperWorkspace.tsx(204,11): error TS17004: Cannot use JSX unless the '--jsx' flag is provided.
src/ai-gateway/app/(dashboard)/control/command-center/components/CommandCenterDeveloperWorkspace.tsx(206,15): error TS17004: Cannot use JSX unless the '--jsx' flag is provided.
src/ai-gateway/app/(dashboard)/control/command-center/components/CommandCenterDeveloperWorkspace.tsx(207,17): error TS17004: Cannot use JSX unless the '--jsx' flag is provided.
src/ai-gateway/app/(dashboard)/control/command-center/components/CommandCenterDeveloperWorkspace.tsx(208,17): error TS17004: Cannot use JSX unless the '--jsx' flag is provided.
src/ai-gateway/app/(dashboard)/control/command-center/components/CommandCenterDeveloperWorkspace.tsx(213,15): error TS17004: Cannot use JSX unless the '--jsx' flag is provided.
src/ai-gateway/app/(dashboard)/control/command-center/components/CommandCenterDeveloperWorkspace.tsx(234,5): error TS17004: Cannot use JSX unless the '--jsx' flag is provided.
src/ai-gateway/app/(dashboard)/control/command-center/components/CommandCenterDeveloperWorkspace.tsx(235,7): error TS17004: Cannot use JSX unless the '--jsx' flag is provided.
src/ai-gateway/app/(dashboard)/control/command-center/components/CommandCenterDeveloperWorkspace.tsx(236,7): error TS17004: Cannot use JSX unless the '--jsx' flag is provided.
src/ai-gateway/app/(dashboard)/control/command-center/components/CommandCenterDeveloperWorkspace.tsx(237,7): error TS17004: Cannot use JSX unless the '--jsx' flag is provided.
src/ai-gateway/app/(dashboard)/control/command-center/components/CommandCenterGatewayConsole.tsx(10,8): error TS6142: Module './CommandCenterPrimitives' was resolved to 'C:/TESTES DEV/1_PROJETOS_ATIVOS/Zavorth/src/ai-gateway/app/(dashboard)/control/command-center/components/CommandCenterPrimitives.tsx', but '--jsx' is not set.
src/ai-gateway/app/(dashboard)/control/command-center/components/CommandCenterGatewayConsole.tsx(193,5): error TS17004: Cannot use JSX unless the '--jsx' flag is provided.
src/ai-gateway/app/(dashboard)/control/command-center/components/CommandCenterGatewayConsole.tsx(194,7): error TS17004: Cannot use JSX unless the '--jsx' flag is provided.
src/ai-gateway/app/(dashboard)/control/command-center/components/CommandCenterGatewayConsole.tsx(195,9): error TS17004: Cannot use JSX unless the '--jsx' flag is provided.
src/ai-gateway/app/(dashboard)/control/command-center/components/CommandCenterGatewayConsole.tsx(196,11): error TS17004: Cannot use JSX unless the '--jsx' flag is provided.
src/ai-gateway/app/(dashboard)/control/command-center/components/CommandCenterGatewayConsole.tsx(197,11): error TS17004: Cannot use JSX unless the '--jsx' flag is provided.
src/ai-gateway/app/(dashboard)/control/command-center/components/CommandCenterGatewayConsole.tsx(198,11): error TS17004: Cannot use JSX unless the '--jsx' flag is provided.
src/ai-gateway/app/(dashboard)/control/command-center/components/CommandCenterGatewayConsole.tsx(200,9): error TS17004: Cannot use JSX unless the '--jsx' flag is provided.
src/ai-gateway/app/(dashboard)/control/command-center/components/CommandCenterGatewayConsole.tsx(201,11): error TS17004: Cannot use JSX unless the '--jsx' flag is provided.
src/ai-gateway/app/(dashboard)/control/command-center/components/CommandCenterGatewayConsole.tsx(204,11): error TS17004: Cannot use JSX unless the '--jsx' flag is provided.
src/ai-gateway/app/(dashboard)/control/command-center/components/CommandCenterGatewayConsole.tsx(210,7): error TS17004: Cannot use JSX unless the '--jsx' flag is provided.
src/ai-gateway/app/(dashboard)/control/command-center/components/CommandCenterGatewayConsole.tsx(211,9): error TS17004: Cannot use JSX unless the '--jsx' flag is provided.
src/ai-gateway/app/(dashboard)/control/command-center/components/CommandCenterGatewayConsole.tsx(217,9): error TS17004: Cannot use JSX unless the '--jsx' flag is provided.
src/ai-gateway/app/(dashboard)/control/command-center/components/CommandCenterGatewayConsole.tsx(223,9): error TS17004: Cannot use JSX unless the '--jsx' flag is provided.
src/ai-gateway/app/(dashboard)/control/command-center/components/CommandCenterGatewayConsole.tsx(229,9): error TS17004: Cannot use JSX unless the '--jsx' flag is provided.
src/ai-gateway/app/(dashboard)/control/command-center/components/CommandCenterGatewayConsole.tsx(235,9): error TS17004: Cannot use JSX unless the '--jsx' flag is provided.
src/ai-gateway/app/(dashboard)/control/command-center/components/CommandCenterGatewayConsole.tsx(241,9): error TS17004: Cannot use JSX unless the '--jsx' flag is provided.
src/ai-gateway/app/(dashboard)/control/command-center/components/CommandCenterGatewayConsole.tsx(249,7): error TS17004: Cannot use JSX unless the '--jsx' flag is provided.
src/ai-gateway/app/(dashboard)/control/command-center/components/CommandCenterGatewayConsole.tsx(250,9): error TS17004: Cannot use JSX unless the '--jsx' flag is provided.
src/ai-gateway/app/(dashboard)/control/command-center/components/CommandCenterGatewayConsole.tsx(252,13): error TS17004: Cannot use JSX unless the '--jsx' flag is provided.
src/ai-gateway/app/(dashboard)/control/command-center/components/CommandCenterGatewayConsole.tsx(253,15): error TS17004: Cannot use JSX unless the '--jsx' flag is provided.
src/ai-gateway/app/(dashboard)/control/command-center/components/CommandCenterGatewayConsole.tsx(254,17): error TS17004: Cannot use JSX unless the '--jsx' flag is provided.
src/ai-gateway/app/(dashboard)/control/command-center/components/CommandCenterGatewayConsole.tsx(255,17): error TS17004: Cannot use JSX unless the '--jsx' flag is provided.
src/ai-gateway/app/(dashboard)/control/command-center/components/CommandCenterGatewayConsole.tsx(259,15): error TS17004: Cannot use JSX unless the '--jsx' flag is provided.
src/ai-gateway/app/(dashboard)/control/command-center/components/CommandCenterGatewayConsole.tsx(260,17): error TS17004: Cannot use JSX unless the '--jsx' flag is provided.
src/ai-gateway/app/(dashboard)/control/command-center/components/CommandCenterGatewayConsole.tsx(261,17): error TS17004: Cannot use JSX unless the '--jsx' flag is provided.
src/ai-gateway/app/(dashboard)/control/command-center/components/CommandCenterGatewayConsole.tsx(266,17): error TS17004: Cannot use JSX unless the '--jsx' flag is provided.
src/ai-gateway/app/(dashboard)/control/command-center/components/CommandCenterGatewayConsole.tsx(267,19): error TS17004: Cannot use JSX unless the '--jsx' flag is provided.
src/ai-gateway/app/(dashboard)/control/command-center/components/CommandCenterGatewayConsole.tsx(268,19): error TS17004: Cannot use JSX unless the '--jsx' flag is provided.
src/ai-gateway/app/(dashboard)/control/command-center/components/CommandCenterGatewayConsole.tsx(271,15): error TS17004: Cannot use JSX unless the '--jsx' flag is provided.
src/ai-gateway/app/(dashboard)/control/command-center/components/CommandCenterGatewayConsole.tsx(276,13): error TS17004: Cannot use JSX unless the '--jsx' flag is provided.
src/ai-gateway/app/(dashboard)/control/command-center/components/CommandCenterGatewayConsole.tsx(280,9): error TS17004: Cannot use JSX unless the '--jsx' flag is provided.
src/ai-gateway/app/(dashboard)/control/command-center/components/CommandCenterGatewayConsole.tsx(281,11): error TS17004: Cannot use JSX unless the '--jsx' flag is provided.
src/ai-gateway/app/(dashboard)/control/command-center/components/CommandCenterGatewayConsole.tsx(283,15): error TS17004: Cannot use JSX unless the '--jsx' flag is provided.
src/ai-gateway/app/(dashboard)/control/command-center/components/CommandCenterGatewayConsole.tsx(284,17): error TS17004: Cannot use JSX unless the '--jsx' flag is provided.
src/ai-gateway/app/(dashboard)/control/command-center/components/CommandCenterGatewayConsole.tsx(285,17): error TS17004: Cannot use JSX unless the '--jsx' flag is provided.
src/ai-gateway/app/(dashboard)/control/command-center/components/CommandCenterGatewayConsole.tsx(290,15): error TS17004: Cannot use JSX unless the '--jsx' flag is provided.
src/ai-gateway/app/(dashboard)/control/command-center/components/CommandCenterGatewayConsole.tsx(295,9): error TS17004: Cannot use JSX unless the '--jsx' flag is provided.
src/ai-gateway/app/(dashboard)/control/command-center/components/CommandCenterGatewayConsole.tsx(296,11): error TS17004: Cannot use JSX unless the '--jsx' flag is provided.
src/ai-gateway/app/(dashboard)/control/command-center/components/CommandCenterGatewayConsole.tsx(297,13): error TS17004: Cannot use JSX unless the '--jsx' flag is provided.
src/ai-gateway/app/(dashboard)/control/command-center/components/CommandCenterGatewayConsole.tsx(298,15): error TS17004: Cannot use JSX unless the '--jsx' flag is provided.
src/ai-gateway/app/(dashboard)/control/command-center/components/CommandCenterGatewayConsole.tsx(302,15): error TS17004: Cannot use JSX unless the '--jsx' flag is provided.
src/ai-gateway/app/(dashboard)/control/command-center/components/CommandCenterGatewayConsole.tsx(306,13): error TS17004: Cannot use JSX unless the '--jsx' flag is provided.
src/ai-gateway/app/(dashboard)/control/command-center/components/CommandCenterGatewayConsole.tsx(307,15): error TS17004: Cannot use JSX unless the '--jsx' flag is provided.
src/ai-gateway/app/(dashboard)/control/command-center/components/CommandCenterGatewayConsole.tsx(308,15): error TS17004: Cannot use JSX unless the '--jsx' flag is provided.
src/ai-gateway/app/(dashboard)/control/command-center/components/CommandCenterGatewayConsole.tsx(313,15): error TS17004: Cannot use JSX unless the '--jsx' flag is provided.
src/ai-gateway/app/(dashboard)/control/command-center/components/CommandCenterGatewayConsole.tsx(314,17): error TS17004: Cannot use JSX unless the '--jsx' flag is provided.
src/ai-gateway/app/(dashboard)/control/command-center/components/CommandCenterGatewayConsole.tsx(315,17): error TS17004: Cannot use JSX unless the '--jsx' flag is provided.
src/ai-gateway/app/(dashboard)/control/command-center/components/CommandCenterGatewayConsole.tsx(318,15): error TS17004: Cannot use JSX unless the '--jsx' flag is provided.
src/ai-gateway/app/(dashboard)/control/command-center/components/CommandCenterGatewayConsole.tsx(321,15): error TS17004: Cannot use JSX unless the '--jsx' flag is provided.
src/ai-gateway/app/(dashboard)/control/command-center/components/CommandCenterGatewayConsole.tsx(322,17): error TS17004: Cannot use JSX unless the '--jsx' flag is provided.
src/ai-gateway/app/(dashboard)/control/command-center/components/CommandCenterGatewayConsole.tsx(325,17): error TS17004: Cannot use JSX unless the '--jsx' flag is provided.
src/ai-gateway/app/(dashboard)/control/command-center/components/CommandCenterGatewayConsole.tsx(331,9): error TS17004: Cannot use JSX unless the '--jsx' flag is provided.
src/ai-gateway/app/(dashboard)/control/command-center/components/CommandCenterGatewayConsole.tsx(332,11): error TS17004: Cannot use JSX unless the '--jsx' flag is provided.
src/ai-gateway/app/(dashboard)/control/command-center/components/CommandCenterGatewayConsole.tsx(334,15): error TS17004: Cannot use JSX unless the '--jsx' flag is provided.
src/ai-gateway/app/(dashboard)/control/command-center/components/CommandCenterGatewayConsole.tsx(335,17): error TS17004: Cannot use JSX unless the '--jsx' flag is provided.
src/ai-gateway/app/(dashboard)/control/command-center/components/CommandCenterGatewayConsole.tsx(336,17): error TS17004: Cannot use JSX unless the '--jsx' flag is provided.
src/ai-gateway/app/(dashboard)/control/command-center/components/CommandCenterGatewayConsole.tsx(341,15): error TS17004: Cannot use JSX unless the '--jsx' flag is provided.
src/ai-gateway/app/(dashboard)/control/command-center/components/CommandCenterGatewayConsole.tsx(346,9): error TS17004: Cannot use JSX unless the '--jsx' flag is provided.
src/ai-gateway/app/(dashboard)/control/command-center/components/CommandCenterGatewayConsole.tsx(348,13): error TS17004: Cannot use JSX unless the '--jsx' flag is provided.
src/ai-gateway/app/(dashboard)/control/command-center/components/CommandCenterGatewayConsole.tsx(349,15): error TS17004: Cannot use JSX unless the '--jsx' flag is provided.
src/ai-gateway/app/(dashboard)/control/command-center/components/CommandCenterGatewayConsole.tsx(350,17): error TS17004: Cannot use JSX unless the '--jsx' flag is provided.
src/ai-gateway/app/(dashboard)/control/command-center/components/CommandCenterGatewayConsole.tsx(353,17): error TS17004: Cannot use JSX unless the '--jsx' flag is provided.
src/ai-gateway/app/(dashboard)/control/command-center/components/CommandCenterGatewayConsole.tsx(359,13): error TS17004: Cannot use JSX unless the '--jsx' flag is provided.
src/ai-gateway/app/(dashboard)/control/command-center/components/CommandCenterGatewayConsole.tsx(361,11): error TS17004: Cannot use JSX unless the '--jsx' flag is provided.
src/ai-gateway/app/(dashboard)/control/command-center/components/CommandCenterGatewayConsole.tsx(363,15): error TS17004: Cannot use JSX unless the '--jsx' flag is provided.
src/ai-gateway/app/(dashboard)/control/command-center/components/CommandCenterGatewayConsole.tsx(364,17): error TS17004: Cannot use JSX unless the '--jsx' flag is provided.
src/ai-gateway/app/(dashboard)/control/command-center/components/CommandCenterGatewayConsole.tsx(365,17): error TS17004: Cannot use JSX unless the '--jsx' flag is provided.
src/ai-gateway/app/(dashboard)/control/command-center/components/CommandCenterGatewayConsole.tsx(370,15): error TS17004: Cannot use JSX unless the '--jsx' flag is provided.
src/ai-gateway/app/(dashboard)/control/command-center/components/CommandCenterGatewayConsole.tsx(374,13): error TS17004: Cannot use JSX unless the '--jsx' flag is provided.
src/ai-gateway/app/(dashboard)/control/command-center/components/CommandCenterGatewayConsole.tsx(378,9): error TS17004: Cannot use JSX unless the '--jsx' flag is provided.
src/ai-gateway/app/(dashboard)/control/command-center/components/CommandCenterGatewayConsole.tsx(379,11): error TS17004: Cannot use JSX unless the '--jsx' flag is provided.
src/ai-gateway/app/(dashboard)/control/command-center/components/CommandCenterGatewayConsole.tsx(380,11): error TS17004: Cannot use JSX unless the '--jsx' flag is provided.
src/ai-gateway/app/(dashboard)/control/command-center/components/CommandCenterGatewayConsole.tsx(382,13): error TS17004: Cannot use JSX unless the '--jsx' flag is provided.
src/ai-gateway/app/(dashboard)/control/command-center/components/CommandCenterGatewayConsole.tsx(384,17): error TS17004: Cannot use JSX unless the '--jsx' flag is provided.
src/ai-gateway/app/(dashboard)/control/command-center/components/CommandCenterGatewayConsole.tsx(385,19): error TS17004: Cannot use JSX unless the '--jsx' flag is provided.
src/ai-gateway/app/(dashboard)/control/command-center/components/CommandCenterGatewayConsole.tsx(386,19): error TS17004: Cannot use JSX unless the '--jsx' flag is provided.
src/ai-gateway/app/(dashboard)/control/command-center/components/CommandCenterGatewayConsole.tsx(393,9): error TS17004: Cannot use JSX unless the '--jsx' flag is provided.
src/ai-gateway/app/(dashboard)/control/command-center/components/CommandCenterGatewayConsole.tsx(394,11): error TS17004: Cannot use JSX unless the '--jsx' flag is provided.
src/ai-gateway/app/(dashboard)/control/command-center/components/CommandCenterGatewayConsole.tsx(395,11): error TS17004: Cannot use JSX unless the '--jsx' flag is provided.
src/ai-gateway/app/(dashboard)/control/command-center/components/CommandCenterGatewayConsole.tsx(396,11): error TS17004: Cannot use JSX unless the '--jsx' flag is provided.
src/ai-gateway/app/(dashboard)/control/command-center/components/CommandCenterGatewayConsole.tsx(399,9): error TS17004: Cannot use JSX unless the '--jsx' flag is provided.
src/ai-gateway/app/(dashboard)/control/command-center/components/CommandCenterGatewayConsole.tsx(400,11): error TS17004: Cannot use JSX unless the '--jsx' flag is provided.
src/ai-gateway/app/(dashboard)/control/command-center/components/CommandCenterGatewayConsole.tsx(401,11): error TS17004: Cannot use JSX unless the '--jsx' flag is provided.
src/ai-gateway/app/(dashboard)/control/command-center/components/CommandCenterGatewayConsole.tsx(403,13): error TS17004: Cannot use JSX unless the '--jsx' flag is provided.
src/ai-gateway/app/(dashboard)/control/command-center/components/CommandCenterGatewayConsole.tsx(405,17): error TS17004: Cannot use JSX unless the '--jsx' flag is provided.
src/ai-gateway/app/(dashboard)/control/command-center/components/CommandCenterGatewayConsole.tsx(406,19): error TS17004: Cannot use JSX unless the '--jsx' flag is provided.
src/ai-gateway/app/(dashboard)/control/command-center/components/CommandCenterGatewayConsole.tsx(407,19): error TS17004: Cannot use JSX unless the '--jsx' flag is provided.
src/ai-gateway/app/(dashboard)/control/command-center/components/CommandCenterGatewayConsole.tsx(414,9): error TS17004: Cannot use JSX unless the '--jsx' flag is provided.
src/ai-gateway/app/(dashboard)/control/command-center/components/CommandCenterGatewayConsole.tsx(415,11): error TS17004: Cannot use JSX unless the '--jsx' flag is provided.
src/ai-gateway/app/(dashboard)/control/command-center/components/CommandCenterGatewayConsole.tsx(417,15): error TS17004: Cannot use JSX unless the '--jsx' flag is provided.
src/ai-gateway/app/(dashboard)/control/command-center/components/CommandCenterGatewayConsole.tsx(429,11): error TS17004: Cannot use JSX unless the '--jsx' flag is provided.
src/ai-gateway/app/(dashboard)/control/command-center/components/CommandCenterGatewayConsole.tsx(436,13): error TS17004: Cannot use JSX unless the '--jsx' flag is provided.
src/ai-gateway/app/(dashboard)/control/command-center/components/CommandCenterGatewayConsole.tsx(441,13): error TS17004: Cannot use JSX unless the '--jsx' flag is provided.
src/ai-gateway/app/(dashboard)/control/command-center/components/CommandCenterGatewayConsole.tsx(447,13): error TS17004: Cannot use JSX unless the '--jsx' flag is provided.
src/ai-gateway/app/(dashboard)/control/command-center/components/CommandCenterGatewayConsole.tsx(448,15): error TS17004: Cannot use JSX unless the '--jsx' flag is provided.
src/ai-gateway/app/(dashboard)/control/command-center/components/CommandCenterGatewayConsole.tsx(449,17): error TS17004: Cannot use JSX unless the '--jsx' flag is provided.
src/ai-gateway/app/(dashboard)/control/command-center/components/CommandCenterGatewayConsole.tsx(452,17): error TS17004: Cannot use JSX unless the '--jsx' flag is provided.
src/ai-gateway/app/(dashboard)/control/command-center/components/CommandCenterGatewayConsole.tsx(454,15): error TS17004: Cannot use JSX unless the '--jsx' flag is provided.
src/ai-gateway/app/(dashboard)/control/command-center/components/CommandCenterGatewayConsole.tsx(455,15): error TS17004: Cannot use JSX unless the '--jsx' flag is provided.
src/ai-gateway/app/(dashboard)/control/command-center/components/CommandCenterGatewayConsole.tsx(475,7): error TS17004: Cannot use JSX unless the '--jsx' flag is provided.
src/ai-gateway/app/(dashboard)/control/command-center/components/CommandCenterGatewayConsole.tsx(476,9): error TS17004: Cannot use JSX unless the '--jsx' flag is provided.
src/ai-gateway/app/(dashboard)/control/command-center/components/CommandCenterGatewayConsole.tsx(487,7): error TS17004: Cannot use JSX unless the '--jsx' flag is provided.
src/ai-gateway/app/(dashboard)/control/command-center/components/CommandCenterGatewayConsole.tsx(488,9): error TS17004: Cannot use JSX unless the '--jsx' flag is provided.
src/ai-gateway/app/(dashboard)/control/command-center/components/CommandCenterGatewayConsole.tsx(489,11): error TS17004: Cannot use JSX unless the '--jsx' flag is provided.
src/ai-gateway/app/(dashboard)/control/command-center/components/CommandCenterGatewayConsole.tsx(493,13): error TS17004: Cannot use JSX unless the '--jsx' flag is provided.
src/ai-gateway/app/(dashboard)/control/command-center/components/CommandCenterGatewayConsole.tsx(494,13): error TS17004: Cannot use JSX unless the '--jsx' flag is provided.
src/ai-gateway/app/(dashboard)/control/command-center/components/CommandCenterGatewayConsole.tsx(495,13): error TS17004: Cannot use JSX unless the '--jsx' flag is provided.
src/ai-gateway/app/(dashboard)/control/command-center/components/CommandCenterGatewayConsole.tsx(496,13): error TS17004: Cannot use JSX unless the '--jsx' flag is provided.
src/ai-gateway/app/(dashboard)/control/command-center/components/CommandCenterGatewayConsole.tsx(500,11): error TS17004: Cannot use JSX unless the '--jsx' flag is provided.
src/ai-gateway/app/(dashboard)/control/command-center/components/CommandCenterGatewayConsole.tsx(501,13): error TS17004: Cannot use JSX unless the '--jsx' flag is provided.
src/ai-gateway/app/(dashboard)/control/command-center/components/CommandCenterGatewayConsole.tsx(509,11): error TS17004: Cannot use JSX unless the '--jsx' flag is provided.
src/ai-gateway/app/(dashboard)/control/command-center/components/CommandCenterGatewayConsole.tsx(510,13): error TS17004: Cannot use JSX unless the '--jsx' flag is provided.
src/ai-gateway/app/(dashboard)/control/command-center/components/CommandCenterGatewayConsole.tsx(518,11): error TS17004: Cannot use JSX unless the '--jsx' flag is provided.
src/ai-gateway/app/(dashboard)/control/command-center/components/CommandCenterGatewayConsole.tsx(519,13): error TS17004: Cannot use JSX unless the '--jsx' flag is provided.
src/ai-gateway/app/(dashboard)/control/command-center/components/CommandCenterGatewayConsole.tsx(533,7): error TS17004: Cannot use JSX unless the '--jsx' flag is provided.
src/ai-gateway/app/(dashboard)/control/command-center/components/CommandCenterGatewayConsole.tsx(534,9): error TS17004: Cannot use JSX unless the '--jsx' flag is provided.
src/ai-gateway/app/(dashboard)/control/command-center/components/CommandCenterGatewayConsole.tsx(545,7): error TS17004: Cannot use JSX unless the '--jsx' flag is provided.
src/ai-gateway/app/(dashboard)/control/command-center/components/CommandCenterGatewayConsole.tsx(546,9): error TS17004: Cannot use JSX unless the '--jsx' flag is provided.
src/ai-gateway/app/(dashboard)/control/command-center/components/CommandCenterGatewayConsole.tsx(547,11): error TS17004: Cannot use JSX unless the '--jsx' flag is provided.
src/ai-gateway/app/(dashboard)/control/command-center/components/CommandCenterGatewayConsole.tsx(553,9): error TS17004: Cannot use JSX unless the '--jsx' flag is provided.
src/ai-gateway/app/(dashboard)/control/command-center/components/CommandCenterGatewayConsole.tsx(554,11): error TS17004: Cannot use JSX unless the '--jsx' flag is provided.
src/ai-gateway/app/(dashboard)/control/command-center/components/CommandCenterGatewayConsole.tsx(559,11): error TS17004: Cannot use JSX unless the '--jsx' flag is provided.
src/ai-gateway/app/(dashboard)/control/command-center/components/CommandCenterGatewayConsole.tsx(566,5): error TS17004: Cannot use JSX unless the '--jsx' flag is provided.
src/ai-gateway/app/(dashboard)/control/command-center/components/CommandCenterGatewayConsole.tsx(567,7): error TS17004: Cannot use JSX unless the '--jsx' flag is provided.
src/ai-gateway/app/(dashboard)/control/command-center/components/CommandCenterGatewayConsole.tsx(568,9): error TS17004: Cannot use JSX unless the '--jsx' flag is provided.
src/ai-gateway/app/(dashboard)/control/command-center/components/CommandCenterGatewayConsole.tsx(574,7): error TS17004: Cannot use JSX unless the '--jsx' flag is provided.
src/ai-gateway/app/(dashboard)/control/command-center/components/CommandCenterGatewayConsole.tsx(575,9): error TS17004: Cannot use JSX unless the '--jsx' flag is provided.
src/ai-gateway/app/(dashboard)/control/command-center/components/CommandCenterGatewayConsole.tsx(593,5): error TS17004: Cannot use JSX unless the '--jsx' flag is provided.
src/ai-gateway/app/(dashboard)/control/command-center/components/CommandCenterGatewayConsole.tsx(594,7): error TS17004: Cannot use JSX unless the '--jsx' flag is provided.
src/ai-gateway/app/(dashboard)/control/command-center/components/CommandCenterGatewayConsole.tsx(612,5): error TS17004: Cannot use JSX unless the '--jsx' flag is provided.
src/ai-gateway/app/(dashboard)/control/command-center/components/CommandCenterGatewayConsole.tsx(613,7): error TS17004: Cannot use JSX unless the '--jsx' flag is provided.
src/ai-gateway/app/(dashboard)/control/command-center/components/CommandCenterGatewayConsole.tsx(614,7): error TS17004: Cannot use JSX unless the '--jsx' flag is provided.
src/ai-gateway/app/(dashboard)/control/command-center/components/CommandCenterGatewayConsole.tsx(615,7): error TS17004: Cannot use JSX unless the '--jsx' flag is provided.
src/ai-gateway/app/(dashboard)/control/command-center/components/CommandCenterGatewayConsole.tsx(625,5): error TS17004: Cannot use JSX unless the '--jsx' flag is provided.
src/ai-gateway/app/(dashboard)/control/command-center/components/CommandCenterGatewayConsole.tsx(627,9): error TS17004: Cannot use JSX unless the '--jsx' flag is provided.
src/ai-gateway/app/(dashboard)/control/command-center/components/CommandCenterGatewayConsole.tsx(638,5): error TS17004: Cannot use JSX unless the '--jsx' flag is provided.
src/ai-gateway/app/(dashboard)/control/command-center/components/CommandCenterGatewayConsole.tsx(640,9): error TS17004: Cannot use JSX unless the '--jsx' flag is provided.
src/ai-gateway/app/(dashboard)/control/command-center/components/CommandCenterGatewayConsole.tsx(654,12): error TS17004: Cannot use JSX unless the '--jsx' flag is provided.
src/ai-gateway/app/(dashboard)/control/command-center/components/CommandCenterGatewayConsole.tsx(657,5): error TS17004: Cannot use JSX unless the '--jsx' flag is provided.
src/ai-gateway/app/(dashboard)/control/command-center/components/CommandCenterOnboardingPanel.tsx(15,8): error TS6142: Module './CommandCenterPrimitives' was resolved to 'C:/TESTES DEV/1_PROJETOS_ATIVOS/Zavorth/src/ai-gateway/app/(dashboard)/control/command-center/components/CommandCenterPrimitives.tsx', but '--jsx' is not set.
src/ai-gateway/app/(dashboard)/control/command-center/components/CommandCenterOnboardingPanel.tsx(85,7): error TS17004: Cannot use JSX unless the '--jsx' flag is provided.
src/ai-gateway/app/(dashboard)/control/command-center/components/CommandCenterOnboardingPanel.tsx(86,9): error TS17004: Cannot use JSX unless the '--jsx' flag is provided.
src/ai-gateway/app/(dashboard)/control/command-center/components/CommandCenterOnboardingPanel.tsx(87,11): error TS17004: Cannot use JSX unless the '--jsx' flag is provided.
src/ai-gateway/app/(dashboard)/control/command-center/components/CommandCenterOnboardingPanel.tsx(88,13): error TS17004: Cannot use JSX unless the '--jsx' flag is provided.
src/ai-gateway/app/(dashboard)/control/command-center/components/CommandCenterOnboardingPanel.tsx(89,13): error TS17004: Cannot use JSX unless the '--jsx' flag is provided.
src/ai-gateway/app/(dashboard)/control/command-center/components/CommandCenterOnboardingPanel.tsx(91,11): error TS17004: Cannot use JSX unless the '--jsx' flag is provided.
src/ai-gateway/app/(dashboard)/control/command-center/components/CommandCenterOnboardingPanel.tsx(94,11): error TS17004: Cannot use JSX unless the '--jsx' flag is provided.
src/ai-gateway/app/(dashboard)/control/command-center/components/CommandCenterOnboardingPanel.tsx(95,13): error TS17004: Cannot use JSX unless the '--jsx' flag is provided.
src/ai-gateway/app/(dashboard)/control/command-center/components/CommandCenterOnboardingPanel.tsx(96,15): error TS17004: Cannot use JSX unless the '--jsx' flag is provided.
src/ai-gateway/app/(dashboard)/control/command-center/components/CommandCenterOnboardingPanel.tsx(97,15): error TS17004: Cannot use JSX unless the '--jsx' flag is provided.
src/ai-gateway/app/(dashboard)/control/command-center/components/CommandCenterOnboardingPanel.tsx(105,13): error TS17004: Cannot use JSX unless the '--jsx' flag is provided.
src/ai-gateway/app/(dashboard)/control/command-center/components/CommandCenterOnboardingPanel.tsx(109,11): error TS17004: Cannot use JSX unless the '--jsx' flag is provided.
src/ai-gateway/app/(dashboard)/control/command-center/components/CommandCenterOnboardingPanel.tsx(110,13): error TS17004: Cannot use JSX unless the '--jsx' flag is provided.
src/ai-gateway/app/(dashboard)/control/command-center/components/CommandCenterOnboardingPanel.tsx(111,13): error TS17004: Cannot use JSX unless the '--jsx' flag is provided.
src/ai-gateway/app/(dashboard)/control/command-center/components/CommandCenterOnboardingPanel.tsx(112,13): error TS17004: Cannot use JSX unless the '--jsx' flag is provided.
src/ai-gateway/app/(dashboard)/control/command-center/components/CommandCenterOnboardingPanel.tsx(115,13): error TS17004: Cannot use JSX unless the '--jsx' flag is provided.
src/ai-gateway/app/(dashboard)/control/command-center/components/CommandCenterOnboardingPanel.tsx(119,13): error TS17004: Cannot use JSX unless the '--jsx' flag is provided.
src/ai-gateway/app/(dashboard)/control/command-center/components/CommandCenterOnboardingPanel.tsx(129,5): error TS17004: Cannot use JSX unless the '--jsx' flag is provided.
src/ai-gateway/app/(dashboard)/control/command-center/components/CommandCenterOnboardingPanel.tsx(130,7): error TS17004: Cannot use JSX unless the '--jsx' flag is provided.
src/ai-gateway/app/(dashboard)/control/command-center/components/CommandCenterOnboardingPanel.tsx(132,11): error TS17004: Cannot use JSX unless the '--jsx' flag is provided.
src/ai-gateway/app/(dashboard)/control/command-center/components/CommandCenterOnboardingPanel.tsx(139,13): error TS17004: Cannot use JSX unless the '--jsx' flag is provided.
src/ai-gateway/app/(dashboard)/control/command-center/components/CommandCenterOnboardingPanel.tsx(140,13): error TS17004: Cannot use JSX unless the '--jsx' flag is provided.
src/ai-gateway/app/(dashboard)/control/command-center/components/CommandCenterOnboardingPanel.tsx(141,13): error TS17004: Cannot use JSX unless the '--jsx' flag is provided.
src/ai-gateway/app/(dashboard)/control/command-center/components/CommandCenterOperationsPanel.tsx(14,8): error TS6142: Module './CommandCenterPrimitives' was resolved to 'C:/TESTES DEV/1_PROJETOS_ATIVOS/Zavorth/src/ai-gateway/app/(dashboard)/control/command-center/components/CommandCenterPrimitives.tsx', but '--jsx' is not set.
src/ai-gateway/app/(dashboard)/control/command-center/components/CommandCenterOperationsPanel.tsx(21,54): error TS6142: Module './CommandCenterRemoteMeshApprovalPanel' was resolved to 'C:/TESTES DEV/1_PROJETOS_ATIVOS/Zavorth/src/ai-gateway/app/(dashboard)/control/command-center/components/CommandCenterRemoteMeshApprovalPanel.tsx', but '--jsx' is not set.
src/ai-gateway/app/(dashboard)/control/command-center/components/CommandCenterOperationsPanel.tsx(37,5): error TS17004: Cannot use JSX unless the '--jsx' flag is provided.
src/ai-gateway/app/(dashboard)/control/command-center/components/CommandCenterOperationsPanel.tsx(38,7): error TS17004: Cannot use JSX unless the '--jsx' flag is provided.
src/ai-gateway/app/(dashboard)/control/command-center/components/CommandCenterOperationsPanel.tsx(42,7): error TS17004: Cannot use JSX unless the '--jsx' flag is provided.
src/ai-gateway/app/(dashboard)/control/command-center/components/CommandCenterOperationsPanel.tsx(48,7): error TS17004: Cannot use JSX unless the '--jsx' flag is provided.
src/ai-gateway/app/(dashboard)/control/command-center/components/CommandCenterOperationsPanel.tsx(52,7): error TS17004: Cannot use JSX unless the '--jsx' flag is provided.
src/ai-gateway/app/(dashboard)/control/command-center/components/CommandCenterOperationsPanel.tsx(56,7): error TS17004: Cannot use JSX unless the '--jsx' flag is provided.
src/ai-gateway/app/(dashboard)/control/command-center/components/CommandCenterOperationsPanel.tsx(57,7): error TS17004: Cannot use JSX unless the '--jsx' flag is provided.
src/ai-gateway/app/(dashboard)/control/command-center/components/CommandCenterOperationsPanel.tsx(61,7): error TS17004: Cannot use JSX unless the '--jsx' flag is provided.
src/ai-gateway/app/(dashboard)/control/command-center/components/CommandCenterOperationsPanel.tsx(65,7): error TS17004: Cannot use JSX unless the '--jsx' flag is provided.
src/ai-gateway/app/(dashboard)/control/command-center/components/CommandCenterOperationsPanel.tsx(69,7): error TS17004: Cannot use JSX unless the '--jsx' flag is provided.
src/ai-gateway/app/(dashboard)/control/command-center/components/CommandCenterOperationsPanel.tsx(73,7): error TS17004: Cannot use JSX unless the '--jsx' flag is provided.
src/ai-gateway/app/(dashboard)/control/command-center/components/CommandCenterOperationsPanel.tsx(77,7): error TS17004: Cannot use JSX unless the '--jsx' flag is provided.
src/ai-gateway/app/(dashboard)/control/command-center/components/CommandCenterOperationsPanel.tsx(78,9): error TS17004: Cannot use JSX unless the '--jsx' flag is provided.
src/ai-gateway/app/(dashboard)/control/command-center/components/CommandCenterOperationsPanel.tsx(80,13): error TS17004: Cannot use JSX unless the '--jsx' flag is provided.
src/ai-gateway/app/(dashboard)/control/command-center/components/CommandCenterOperationsPanel.tsx(81,15): error TS17004: Cannot use JSX unless the '--jsx' flag is provided.
src/ai-gateway/app/(dashboard)/control/command-center/components/CommandCenterOperationsPanel.tsx(82,15): error TS17004: Cannot use JSX unless the '--jsx' flag is provided.
src/ai-gateway/app/(dashboard)/control/command-center/components/CommandCenterOperationsPanel.tsx(85,13): error TS17004: Cannot use JSX unless the '--jsx' flag is provided.
src/ai-gateway/app/(dashboard)/control/command-center/components/CommandCenterOperationsPanel.tsx(108,5): error TS17004: Cannot use JSX unless the '--jsx' flag is provided.
src/ai-gateway/app/(dashboard)/control/command-center/components/CommandCenterOperationsPanel.tsx(112,7): error TS17004: Cannot use JSX unless the '--jsx' flag is provided.
src/ai-gateway/app/(dashboard)/control/command-center/components/CommandCenterOperationsPanel.tsx(114,11): error TS17004: Cannot use JSX unless the '--jsx' flag is provided.
src/ai-gateway/app/(dashboard)/control/command-center/components/CommandCenterOperationsPanel.tsx(115,13): error TS17004: Cannot use JSX unless the '--jsx' flag is provided.
src/ai-gateway/app/(dashboard)/control/command-center/components/CommandCenterOperationsPanel.tsx(116,15): error TS17004: Cannot use JSX unless the '--jsx' flag is provided.
src/ai-gateway/app/(dashboard)/control/command-center/components/CommandCenterOperationsPanel.tsx(119,15): error TS17004: Cannot use JSX unless the '--jsx' flag is provided.
src/ai-gateway/app/(dashboard)/control/command-center/components/CommandCenterOperationsPanel.tsx(123,13): error TS17004: Cannot use JSX unless the '--jsx' flag is provided.
src/ai-gateway/app/(dashboard)/control/command-center/components/CommandCenterOperationsPanel.tsx(124,15): error TS17004: Cannot use JSX unless the '--jsx' flag is provided.
src/ai-gateway/app/(dashboard)/control/command-center/components/CommandCenterOperationsPanel.tsx(127,15): error TS17004: Cannot use JSX unless the '--jsx' flag is provided.
src/ai-gateway/app/(dashboard)/control/command-center/components/CommandCenterOperationsPanel.tsx(130,15): error TS17004: Cannot use JSX unless the '--jsx' flag is provided.
src/ai-gateway/app/(dashboard)/control/command-center/components/CommandCenterOperationsPanel.tsx(134,13): error TS17004: Cannot use JSX unless the '--jsx' flag is provided.
src/ai-gateway/app/(dashboard)/control/command-center/components/CommandCenterOperationsPanel.tsx(135,15): error TS17004: Cannot use JSX unless the '--jsx' flag is provided.
src/ai-gateway/app/(dashboard)/control/command-center/components/CommandCenterOperationsPanel.tsx(136,17): error TS17004: Cannot use JSX unless the '--jsx' flag is provided.
src/ai-gateway/app/(dashboard)/control/command-center/components/CommandCenterOperationsPanel.tsx(137,17): error TS17004: Cannot use JSX unless the '--jsx' flag is provided.
src/ai-gateway/app/(dashboard)/control/command-center/components/CommandCenterOperationsPanel.tsx(139,15): error TS17004: Cannot use JSX unless the '--jsx' flag is provided.
src/ai-gateway/app/(dashboard)/control/command-center/components/CommandCenterOperationsPanel.tsx(140,17): error TS17004: Cannot use JSX unless the '--jsx' flag is provided.
src/ai-gateway/app/(dashboard)/control/command-center/components/CommandCenterOperationsPanel.tsx(141,17): error TS17004: Cannot use JSX unless the '--jsx' flag is provided.
src/ai-gateway/app/(dashboard)/control/command-center/components/CommandCenterOperationsPanel.tsx(143,15): error TS17004: Cannot use JSX unless the '--jsx' flag is provided.
src/ai-gateway/app/(dashboard)/control/command-center/components/CommandCenterOperationsPanel.tsx(144,17): error TS17004: Cannot use JSX unless the '--jsx' flag is provided.
src/ai-gateway/app/(dashboard)/control/command-center/components/CommandCenterOperationsPanel.tsx(145,17): error TS17004: Cannot use JSX unless the '--jsx' flag is provided.
src/ai-gateway/app/(dashboard)/control/command-center/components/CommandCenterOperationsPanel.tsx(148,13): error TS17004: Cannot use JSX unless the '--jsx' flag is provided.
src/ai-gateway/app/(dashboard)/control/command-center/components/CommandCenterOperationsPanel.tsx(150,17): error TS17004: Cannot use JSX unless the '--jsx' flag is provided.
src/ai-gateway/app/(dashboard)/control/command-center/components/CommandCenterOperationsPanel.tsx(151,19): error TS17004: Cannot use JSX unless the '--jsx' flag is provided.
src/ai-gateway/app/(dashboard)/control/command-center/components/CommandCenterOperationsPanel.tsx(152,19): error TS17004: Cannot use JSX unless the '--jsx' flag is provided.
src/ai-gateway/app/(dashboard)/control/command-center/components/CommandCenterOperationsPanel.tsx(156,13): error TS17004: Cannot use JSX unless the '--jsx' flag is provided.
src/ai-gateway/app/(dashboard)/control/command-center/components/CommandCenterOperationsPanel.tsx(158,17): error TS17004: Cannot use JSX unless the '--jsx' flag is provided.
src/ai-gateway/app/(dashboard)/control/command-center/components/CommandCenterOperationsPanel.tsx(169,11): error TS17004: Cannot use JSX unless the '--jsx' flag is provided.
src/ai-gateway/app/(dashboard)/control/command-center/components/CommandCenterOperationsPanel.tsx(170,13): error TS17004: Cannot use JSX unless the '--jsx' flag is provided.
src/ai-gateway/app/(dashboard)/control/command-center/components/CommandCenterOperationsPanel.tsx(171,13): error TS17004: Cannot use JSX unless the '--jsx' flag is provided.
src/ai-gateway/app/(dashboard)/control/command-center/components/CommandCenterOperationsPanel.tsx(172,15): error TS17004: Cannot use JSX unless the '--jsx' flag is provided.
src/ai-gateway/app/(dashboard)/control/command-center/components/CommandCenterOperationsPanel.tsx(216,5): error TS17004: Cannot use JSX unless the '--jsx' flag is provided.
src/ai-gateway/app/(dashboard)/control/command-center/components/CommandCenterOperationsPanel.tsx(220,7): error TS17004: Cannot use JSX unless the '--jsx' flag is provided.
src/ai-gateway/app/(dashboard)/control/command-center/components/CommandCenterOperationsPanel.tsx(222,11): error TS17004: Cannot use JSX unless the '--jsx' flag is provided.
src/ai-gateway/app/(dashboard)/control/command-center/components/CommandCenterOperationsPanel.tsx(223,13): error TS17004: Cannot use JSX unless the '--jsx' flag is provided.
src/ai-gateway/app/(dashboard)/control/command-center/components/CommandCenterOperationsPanel.tsx(224,15): error TS17004: Cannot use JSX unless the '--jsx' flag is provided.
src/ai-gateway/app/(dashboard)/control/command-center/components/CommandCenterOperationsPanel.tsx(227,15): error TS17004: Cannot use JSX unless the '--jsx' flag is provided.
src/ai-gateway/app/(dashboard)/control/command-center/components/CommandCenterOperationsPanel.tsx(231,13): error TS17004: Cannot use JSX unless the '--jsx' flag is provided.
src/ai-gateway/app/(dashboard)/control/command-center/components/CommandCenterOperationsPanel.tsx(232,15): error TS17004: Cannot use JSX unless the '--jsx' flag is provided.
src/ai-gateway/app/(dashboard)/control/command-center/components/CommandCenterOperationsPanel.tsx(235,15): error TS17004: Cannot use JSX unless the '--jsx' flag is provided.
src/ai-gateway/app/(dashboard)/control/command-center/components/CommandCenterOperationsPanel.tsx(238,15): error TS17004: Cannot use JSX unless the '--jsx' flag is provided.
src/ai-gateway/app/(dashboard)/control/command-center/components/CommandCenterOperationsPanel.tsx(242,13): error TS17004: Cannot use JSX unless the '--jsx' flag is provided.
src/ai-gateway/app/(dashboard)/control/command-center/components/CommandCenterOperationsPanel.tsx(243,15): error TS17004: Cannot use JSX unless the '--jsx' flag is provided.
src/ai-gateway/app/(dashboard)/control/command-center/components/CommandCenterOperationsPanel.tsx(244,17): error TS17004: Cannot use JSX unless the '--jsx' flag is provided.
src/ai-gateway/app/(dashboard)/control/command-center/components/CommandCenterOperationsPanel.tsx(245,17): error TS17004: Cannot use JSX unless the '--jsx' flag is provided.
src/ai-gateway/app/(dashboard)/control/command-center/components/CommandCenterOperationsPanel.tsx(249,15): error TS17004: Cannot use JSX unless the '--jsx' flag is provided.
src/ai-gateway/app/(dashboard)/control/command-center/components/CommandCenterOperationsPanel.tsx(250,17): error TS17004: Cannot use JSX unless the '--jsx' flag is provided.
src/ai-gateway/app/(dashboard)/control/command-center/components/CommandCenterOperationsPanel.tsx(251,17): error TS17004: Cannot use JSX unless the '--jsx' flag is provided.
src/ai-gateway/app/(dashboard)/control/command-center/components/CommandCenterOperationsPanel.tsx(253,15): error TS17004: Cannot use JSX unless the '--jsx' flag is provided.
src/ai-gateway/app/(dashboard)/control/command-center/components/CommandCenterOperationsPanel.tsx(254,17): error TS17004: Cannot use JSX unless the '--jsx' flag is provided.
src/ai-gateway/app/(dashboard)/control/command-center/components/CommandCenterOperationsPanel.tsx(255,17): error TS17004: Cannot use JSX unless the '--jsx' flag is provided.
src/ai-gateway/app/(dashboard)/control/command-center/components/CommandCenterOperationsPanel.tsx(257,15): error TS17004: Cannot use JSX unless the '--jsx' flag is provided.
src/ai-gateway/app/(dashboard)/control/command-center/components/CommandCenterOperationsPanel.tsx(258,17): error TS17004: Cannot use JSX unless the '--jsx' flag is provided.
src/ai-gateway/app/(dashboard)/control/command-center/components/CommandCenterOperationsPanel.tsx(259,17): error TS17004: Cannot use JSX unless the '--jsx' flag is provided.
src/ai-gateway/app/(dashboard)/control/command-center/components/CommandCenterOperationsPanel.tsx(263,15): error TS17004: Cannot use JSX unless the '--jsx' flag is provided.
src/ai-gateway/app/(dashboard)/control/command-center/components/CommandCenterOperationsPanel.tsx(265,19): error TS17004: Cannot use JSX unless the '--jsx' flag is provided.
src/ai-gateway/app/(dashboard)/control/command-center/components/CommandCenterOperationsPanel.tsx(266,21): error TS17004: Cannot use JSX unless the '--jsx' flag is provided.
src/ai-gateway/app/(dashboard)/control/command-center/components/CommandCenterOperationsPanel.tsx(267,21): error TS17004: Cannot use JSX unless the '--jsx' flag is provided.
src/ai-gateway/app/(dashboard)/control/command-center/components/CommandCenterOperationsPanel.tsx(272,13): error TS17004: Cannot use JSX unless the '--jsx' flag is provided.
src/ai-gateway/app/(dashboard)/control/command-center/components/CommandCenterOperationsPanel.tsx(274,17): error TS17004: Cannot use JSX unless the '--jsx' flag is provided.
src/ai-gateway/app/(dashboard)/control/command-center/components/CommandCenterOperationsPanel.tsx(285,11): error TS17004: Cannot use JSX unless the '--jsx' flag is provided.
src/ai-gateway/app/(dashboard)/control/command-center/components/CommandCenterOperationsPanel.tsx(286,13): error TS17004: Cannot use JSX unless the '--jsx' flag is provided.
src/ai-gateway/app/(dashboard)/control/command-center/components/CommandCenterOperationsPanel.tsx(287,13): error TS17004: Cannot use JSX unless the '--jsx' flag is provided.
src/ai-gateway/app/(dashboard)/control/command-center/components/CommandCenterOperationsPanel.tsx(288,15): error TS17004: Cannot use JSX unless the '--jsx' flag is provided.
src/ai-gateway/app/(dashboard)/control/command-center/components/CommandCenterOperationsPanel.tsx(327,5): error TS17004: Cannot use JSX unless the '--jsx' flag is provided.
src/ai-gateway/app/(dashboard)/control/command-center/components/CommandCenterOperationsPanel.tsx(331,7): error TS17004: Cannot use JSX unless the '--jsx' flag is provided.
src/ai-gateway/app/(dashboard)/control/command-center/components/CommandCenterOperationsPanel.tsx(333,11): error TS17004: Cannot use JSX unless the '--jsx' flag is provided.
src/ai-gateway/app/(dashboard)/control/command-center/components/CommandCenterOperationsPanel.tsx(334,13): error TS17004: Cannot use JSX unless the '--jsx' flag is provided.
src/ai-gateway/app/(dashboard)/control/command-center/components/CommandCenterOperationsPanel.tsx(335,15): error TS17004: Cannot use JSX unless the '--jsx' flag is provided.
src/ai-gateway/app/(dashboard)/control/command-center/components/CommandCenterOperationsPanel.tsx(338,15): error TS17004: Cannot use JSX unless the '--jsx' flag is provided.
src/ai-gateway/app/(dashboard)/control/command-center/components/CommandCenterOperationsPanel.tsx(342,13): error TS17004: Cannot use JSX unless the '--jsx' flag is provided.
src/ai-gateway/app/(dashboard)/control/command-center/components/CommandCenterOperationsPanel.tsx(343,15): error TS17004: Cannot use JSX unless the '--jsx' flag is provided.
src/ai-gateway/app/(dashboard)/control/command-center/components/CommandCenterOperationsPanel.tsx(346,15): error TS17004: Cannot use JSX unless the '--jsx' flag is provided.
src/ai-gateway/app/(dashboard)/control/command-center/components/CommandCenterOperationsPanel.tsx(349,15): error TS17004: Cannot use JSX unless the '--jsx' flag is provided.
src/ai-gateway/app/(dashboard)/control/command-center/components/CommandCenterOperationsPanel.tsx(353,13): error TS17004: Cannot use JSX unless the '--jsx' flag is provided.
src/ai-gateway/app/(dashboard)/control/command-center/components/CommandCenterOperationsPanel.tsx(355,17): error TS17004: Cannot use JSX unless the '--jsx' flag is provided.
src/ai-gateway/app/(dashboard)/control/command-center/components/CommandCenterOperationsPanel.tsx(356,19): error TS17004: Cannot use JSX unless the '--jsx' flag is provided.
src/ai-gateway/app/(dashboard)/control/command-center/components/CommandCenterOperationsPanel.tsx(357,19): error TS17004: Cannot use JSX unless the '--jsx' flag is provided.
src/ai-gateway/app/(dashboard)/control/command-center/components/CommandCenterOperationsPanel.tsx(361,13): error TS17004: Cannot use JSX unless the '--jsx' flag is provided.
src/ai-gateway/app/(dashboard)/control/command-center/components/CommandCenterOperationsPanel.tsx(363,17): error TS17004: Cannot use JSX unless the '--jsx' flag is provided.
src/ai-gateway/app/(dashboard)/control/command-center/components/CommandCenterOperationsPanel.tsx(374,11): error TS17004: Cannot use JSX unless the '--jsx' flag is provided.
src/ai-gateway/app/(dashboard)/control/command-center/components/CommandCenterOperationsPanel.tsx(375,13): error TS17004: Cannot use JSX unless the '--jsx' flag is provided.
src/ai-gateway/app/(dashboard)/control/command-center/components/CommandCenterOperationsPanel.tsx(376,13): error TS17004: Cannot use JSX unless the '--jsx' flag is provided.
src/ai-gateway/app/(dashboard)/control/command-center/components/CommandCenterOperationsPanel.tsx(377,15): error TS17004: Cannot use JSX unless the '--jsx' flag is provided.
src/ai-gateway/app/(dashboard)/control/command-center/components/CommandCenterOperationsPanel.tsx(432,5): error TS17004: Cannot use JSX unless the '--jsx' flag is provided.
src/ai-gateway/app/(dashboard)/control/command-center/components/CommandCenterOperationsPanel.tsx(436,7): error TS17004: Cannot use JSX unless the '--jsx' flag is provided.
src/ai-gateway/app/(dashboard)/control/command-center/components/CommandCenterOperationsPanel.tsx(437,9): error TS17004: Cannot use JSX unless the '--jsx' flag is provided.
src/ai-gateway/app/(dashboard)/control/command-center/components/CommandCenterOperationsPanel.tsx(438,11): error TS17004: Cannot use JSX unless the '--jsx' flag is provided.
src/ai-gateway/app/(dashboard)/control/command-center/components/CommandCenterOperationsPanel.tsx(442,11): error TS17004: Cannot use JSX unless the '--jsx' flag is provided.
src/ai-gateway/app/(dashboard)/control/command-center/components/CommandCenterOperationsPanel.tsx(450,11): error TS17004: Cannot use JSX unless the '--jsx' flag is provided.
src/ai-gateway/app/(dashboard)/control/command-center/components/CommandCenterOperationsPanel.tsx(451,13): error TS17004: Cannot use JSX unless the '--jsx' flag is provided.
src/ai-gateway/app/(dashboard)/control/command-center/components/CommandCenterOperationsPanel.tsx(455,13): error TS17004: Cannot use JSX unless the '--jsx' flag is provided.
src/ai-gateway/app/(dashboard)/control/command-center/components/CommandCenterOperationsPanel.tsx(460,11): error TS17004: Cannot use JSX unless the '--jsx' flag is provided.
src/ai-gateway/app/(dashboard)/control/command-center/components/CommandCenterOperationsPanel.tsx(464,11): error TS17004: Cannot use JSX unless the '--jsx' flag is provided.
src/ai-gateway/app/(dashboard)/control/command-center/components/CommandCenterOperationsPanel.tsx(465,13): error TS17004: Cannot use JSX unless the '--jsx' flag is provided.
src/ai-gateway/app/(dashboard)/control/command-center/components/CommandCenterOperationsPanel.tsx(466,13): error TS17004: Cannot use JSX unless the '--jsx' flag is provided.
src/ai-gateway/app/(dashboard)/control/command-center/components/CommandCenterOperationsPanel.tsx(472,9): error TS17004: Cannot use JSX unless the '--jsx' flag is provided.
src/ai-gateway/app/(dashboard)/control/command-center/components/CommandCenterOperationsPanel.tsx(473,11): error TS17004: Cannot use JSX unless the '--jsx' flag is provided.
src/ai-gateway/app/(dashboard)/control/command-center/components/CommandCenterOperationsPanel.tsx(476,11): error TS17004: Cannot use JSX unless the '--jsx' flag is provided.
src/ai-gateway/app/(dashboard)/control/command-center/components/CommandCenterOperationsPanel.tsx(479,11): error TS17004: Cannot use JSX unless the '--jsx' flag is provided.
src/ai-gateway/app/(dashboard)/control/command-center/components/CommandCenterOperationsPanel.tsx(484,9): error TS17004: Cannot use JSX unless the '--jsx' flag is provided.
src/ai-gateway/app/(dashboard)/control/command-center/components/CommandCenterOperationsPanel.tsx(485,11): error TS17004: Cannot use JSX unless the '--jsx' flag is provided.
src/ai-gateway/app/(dashboard)/control/command-center/components/CommandCenterOperationsPanel.tsx(488,11): error TS17004: Cannot use JSX unless the '--jsx' flag is provided.
src/ai-gateway/app/(dashboard)/control/command-center/components/CommandCenterOperationsPanel.tsx(491,11): error TS17004: Cannot use JSX unless the '--jsx' flag is provided.
src/ai-gateway/app/(dashboard)/control/command-center/components/CommandCenterOperationsPanel.tsx(529,5): error TS17004: Cannot use JSX unless the '--jsx' flag is provided.
src/ai-gateway/app/(dashboard)/control/command-center/components/CommandCenterOperationsPanel.tsx(534,9): error TS17004: Cannot use JSX unless the '--jsx' flag is provided.
src/ai-gateway/app/(dashboard)/control/command-center/components/CommandCenterOperationsPanel.tsx(535,11): error TS17004: Cannot use JSX unless the '--jsx' flag is provided.
src/ai-gateway/app/(dashboard)/control/command-center/components/CommandCenterOperationsPanel.tsx(536,13): error TS17004: Cannot use JSX unless the '--jsx' flag is provided.
src/ai-gateway/app/(dashboard)/control/command-center/components/CommandCenterOperationsPanel.tsx(539,13): error TS17004: Cannot use JSX unless the '--jsx' flag is provided.
src/ai-gateway/app/(dashboard)/control/command-center/components/CommandCenterOperationsPanel.tsx(546,13): error TS17004: Cannot use JSX unless the '--jsx' flag is provided.
src/ai-gateway/app/(dashboard)/control/command-center/components/CommandCenterOperationsPanel.tsx(547,15): error TS17004: Cannot use JSX unless the '--jsx' flag is provided.
src/ai-gateway/app/(dashboard)/control/command-center/components/CommandCenterOperationsPanel.tsx(550,15): error TS17004: Cannot use JSX unless the '--jsx' flag is provided.
src/ai-gateway/app/(dashboard)/control/command-center/components/CommandCenterOperationsPanel.tsx(557,11): error TS17004: Cannot use JSX unless the '--jsx' flag is provided.
src/ai-gateway/app/(dashboard)/control/command-center/components/CommandCenterOperationsPanel.tsx(558,13): error TS17004: Cannot use JSX unless the '--jsx' flag is provided.
src/ai-gateway/app/(dashboard)/control/command-center/components/CommandCenterOperationsPanel.tsx(561,13): error TS17004: Cannot use JSX unless the '--jsx' flag is provided.
src/ai-gateway/app/(dashboard)/control/command-center/components/CommandCenterOperationsPanel.tsx(564,13): error TS17004: Cannot use JSX unless the '--jsx' flag is provided.
src/ai-gateway/app/(dashboard)/control/command-center/components/CommandCenterOperationsPanel.tsx(568,11): error TS17004: Cannot use JSX unless the '--jsx' flag is provided.
src/ai-gateway/app/(dashboard)/control/command-center/components/CommandCenterOperationsPanel.tsx(569,13): error TS17004: Cannot use JSX unless the '--jsx' flag is provided.
src/ai-gateway/app/(dashboard)/control/command-center/components/CommandCenterOperationsPanel.tsx(575,13): error TS17004: Cannot use JSX unless the '--jsx' flag is provided.
src/ai-gateway/app/(dashboard)/control/command-center/components/CommandCenterOperationsPanel.tsx(589,9): error TS17004: Cannot use JSX unless the '--jsx' flag is provided.
src/ai-gateway/app/(dashboard)/control/command-center/components/CommandCenterOperationsPanel.tsx(590,11): error TS17004: Cannot use JSX unless the '--jsx' flag is provided.
src/ai-gateway/app/(dashboard)/control/command-center/components/CommandCenterOperationsPanel.tsx(593,11): error TS17004: Cannot use JSX unless the '--jsx' flag is provided.
src/ai-gateway/app/(dashboard)/control/command-center/components/CommandCenterOperationsPanel.tsx(594,13): error TS17004: Cannot use JSX unless the '--jsx' flag is provided.
src/ai-gateway/app/(dashboard)/control/command-center/components/CommandCenterOperationsPanel.tsx(613,5): error TS17004: Cannot use JSX unless the '--jsx' flag is provided.
src/ai-gateway/app/(dashboard)/control/command-center/components/CommandCenterOperationsPanel.tsx(614,7): error TS17004: Cannot use JSX unless the '--jsx' flag is provided.
src/ai-gateway/app/(dashboard)/control/command-center/components/CommandCenterOperationsPanel.tsx(615,9): error TS17004: Cannot use JSX unless the '--jsx' flag is provided.
src/ai-gateway/app/(dashboard)/control/command-center/components/CommandCenterOperationsPanel.tsx(616,9): error TS17004: Cannot use JSX unless the '--jsx' flag is provided.
src/ai-gateway/app/(dashboard)/control/command-center/components/CommandCenterOperationsPanel.tsx(620,9): error TS17004: Cannot use JSX unless the '--jsx' flag is provided.
src/ai-gateway/app/(dashboard)/control/command-center/components/CommandCenterOperationsPanel.tsx(621,11): error TS17004: Cannot use JSX unless the '--jsx' flag is provided.
src/ai-gateway/app/(dashboard)/control/command-center/components/CommandCenterOperationsPanel.tsx(624,11): error TS17004: Cannot use JSX unless the '--jsx' flag is provided.
src/ai-gateway/app/(dashboard)/control/command-center/components/CommandCenterOperationsPanel.tsx(627,11): error TS17004: Cannot use JSX unless the '--jsx' flag is provided.
src/ai-gateway/app/(dashboard)/control/command-center/components/CommandCenterOperationsPanel.tsx(631,9): error TS17004: Cannot use JSX unless the '--jsx' flag is provided.
src/ai-gateway/app/(dashboard)/control/command-center/components/CommandCenterOperationsPanel.tsx(633,13): error TS17004: Cannot use JSX unless the '--jsx' flag is provided.
src/ai-gateway/app/(dashboard)/control/command-center/components/CommandCenterOperationsPanel.tsx(634,15): error TS17004: Cannot use JSX unless the '--jsx' flag is provided.
src/ai-gateway/app/(dashboard)/control/command-center/components/CommandCenterOperationsPanel.tsx(635,15): error TS17004: Cannot use JSX unless the '--jsx' flag is provided.
src/ai-gateway/app/(dashboard)/control/command-center/components/CommandCenterOperationsPanel.tsx(636,29): error TS17004: Cannot use JSX unless the '--jsx' flag is provided.
src/ai-gateway/app/(dashboard)/control/command-center/components/CommandCenterOperationsPanel.tsx(641,11): error TS17004: Cannot use JSX unless the '--jsx' flag is provided.
src/ai-gateway/app/(dashboard)/control/command-center/components/CommandCenterOperationsPanel.tsx(643,15): error TS17004: Cannot use JSX unless the '--jsx' flag is provided.
src/ai-gateway/app/(dashboard)/control/command-center/components/CommandCenterOperationsPanel.tsx(644,17): error TS17004: Cannot use JSX unless the '--jsx' flag is provided.
src/ai-gateway/app/(dashboard)/control/command-center/components/CommandCenterOperationsPanel.tsx(645,17): error TS17004: Cannot use JSX unless the '--jsx' flag is provided.
src/ai-gateway/app/(dashboard)/control/command-center/components/CommandCenterOperationsPanel.tsx(677,5): error TS17004: Cannot use JSX unless the '--jsx' flag is provided.
src/ai-gateway/app/(dashboard)/control/command-center/components/CommandCenterOperationsPanel.tsx(681,7): error TS17004: Cannot use JSX unless the '--jsx' flag is provided.
src/ai-gateway/app/(dashboard)/control/command-center/components/CommandCenterOperationsPanel.tsx(682,9): error TS17004: Cannot use JSX unless the '--jsx' flag is provided.
src/ai-gateway/app/(dashboard)/control/command-center/components/CommandCenterOperationsPanel.tsx(683,11): error TS17004: Cannot use JSX unless the '--jsx' flag is provided.
src/ai-gateway/app/(dashboard)/control/command-center/components/CommandCenterOperationsPanel.tsx(684,11): error TS17004: Cannot use JSX unless the '--jsx' flag is provided.
src/ai-gateway/app/(dashboard)/control/command-center/components/CommandCenterOperationsPanel.tsx(686,9): error TS17004: Cannot use JSX unless the '--jsx' flag is provided.
src/ai-gateway/app/(dashboard)/control/command-center/components/CommandCenterOperationsPanel.tsx(687,11): error TS17004: Cannot use JSX unless the '--jsx' flag is provided.
src/ai-gateway/app/(dashboard)/control/command-center/components/CommandCenterOperationsPanel.tsx(688,11): error TS17004: Cannot use JSX unless the '--jsx' flag is provided.
src/ai-gateway/app/(dashboard)/control/command-center/components/CommandCenterOperationsPanel.tsx(690,9): error TS17004: Cannot use JSX unless the '--jsx' flag is provided.
src/ai-gateway/app/(dashboard)/control/command-center/components/CommandCenterOperationsPanel.tsx(691,11): error TS17004: Cannot use JSX unless the '--jsx' flag is provided.
src/ai-gateway/app/(dashboard)/control/command-center/components/CommandCenterOperationsPanel.tsx(692,11): error TS17004: Cannot use JSX unless the '--jsx' flag is provided.
src/ai-gateway/app/(dashboard)/control/command-center/components/CommandCenterOperationsPanel.tsx(696,9): error TS17004: Cannot use JSX unless the '--jsx' flag is provided.
src/ai-gateway/app/(dashboard)/control/command-center/components/CommandCenterOperationsPanel.tsx(697,53): error TS7006: Parameter 'check' implicitly has an 'any' type.
src/ai-gateway/app/(dashboard)/control/command-center/components/CommandCenterOperationsPanel.tsx(698,13): error TS17004: Cannot use JSX unless the '--jsx' flag is provided.
src/ai-gateway/app/(dashboard)/control/command-center/components/CommandCenterOperationsPanel.tsx(699,15): error TS17004: Cannot use JSX unless the '--jsx' flag is provided.
src/ai-gateway/app/(dashboard)/control/command-center/components/CommandCenterOperationsPanel.tsx(700,15): error TS17004: Cannot use JSX unless the '--jsx' flag is provided.
src/ai-gateway/app/(dashboard)/control/command-center/components/CommandCenterOperationsPanel.tsx(705,7): error TS17004: Cannot use JSX unless the '--jsx' flag is provided.
src/ai-gateway/app/(dashboard)/control/command-center/components/CommandCenterOperationsPanel.tsx(706,9): error TS17004: Cannot use JSX unless the '--jsx' flag is provided.
src/ai-gateway/app/(dashboard)/control/command-center/components/CommandCenterOperationsPanel.tsx(709,9): error TS17004: Cannot use JSX unless the '--jsx' flag is provided.
src/ai-gateway/app/(dashboard)/control/command-center/components/CommandCenterOperationsPanel.tsx(772,5): error TS17004: Cannot use JSX unless the '--jsx' flag is provided.
src/ai-gateway/app/(dashboard)/control/command-center/components/CommandCenterOperationsPanel.tsx(773,7): error TS17004: Cannot use JSX unless the '--jsx' flag is provided.
src/ai-gateway/app/(dashboard)/control/command-center/components/CommandCenterOperationsPanel.tsx(774,9): error TS17004: Cannot use JSX unless the '--jsx' flag is provided.
src/ai-gateway/app/(dashboard)/control/command-center/components/CommandCenterOperationsPanel.tsx(775,9): error TS17004: Cannot use JSX unless the '--jsx' flag is provided.
src/ai-gateway/app/(dashboard)/control/command-center/components/CommandCenterOperationsPanel.tsx(776,9): error TS17004: Cannot use JSX unless the '--jsx' flag is provided.
src/ai-gateway/app/(dashboard)/control/command-center/components/CommandCenterOperationsPanel.tsx(782,7): error TS17004: Cannot use JSX unless the '--jsx' flag is provided.
src/ai-gateway/app/(dashboard)/control/command-center/components/CommandCenterOperationsPanel.tsx(788,13): error TS17004: Cannot use JSX unless the '--jsx' flag is provided.
src/ai-gateway/app/(dashboard)/control/command-center/components/CommandCenterOperationsPanel.tsx(789,15): error TS17004: Cannot use JSX unless the '--jsx' flag is provided.
src/ai-gateway/app/(dashboard)/control/command-center/components/CommandCenterOperationsPanel.tsx(790,17): error TS17004: Cannot use JSX unless the '--jsx' flag is provided.
src/ai-gateway/app/(dashboard)/control/command-center/components/CommandCenterOperationsPanel.tsx(791,17): error TS17004: Cannot use JSX unless the '--jsx' flag is provided.
src/ai-gateway/app/(dashboard)/control/command-center/components/CommandCenterOperationsPanel.tsx(793,15): error TS17004: Cannot use JSX unless the '--jsx' flag is provided.
src/ai-gateway/app/(dashboard)/control/command-center/components/CommandCenterOperationsPanel.tsx(794,17): error TS17004: Cannot use JSX unless the '--jsx' flag is provided.
src/ai-gateway/app/(dashboard)/control/command-center/components/CommandCenterOperationsPanel.tsx(795,19): error TS17004: Cannot use JSX unless the '--jsx' flag is provided.
src/ai-gateway/app/(dashboard)/control/command-center/components/CommandCenterOperationsPanel.tsx(796,19): error TS17004: Cannot use JSX unless the '--jsx' flag is provided.
src/ai-gateway/app/(dashboard)/control/command-center/components/CommandCenterOperationsPanel.tsx(797,19): error TS17004: Cannot use JSX unless the '--jsx' flag is provided.
src/ai-gateway/app/(dashboard)/control/command-center/components/CommandCenterOperationsPanel.tsx(799,17): error TS17004: Cannot use JSX unless the '--jsx' flag is provided.
src/ai-gateway/app/(dashboard)/control/command-center/components/CommandCenterOperationsPanel.tsx(802,17): error TS17004: Cannot use JSX unless the '--jsx' flag is provided.
src/ai-gateway/app/(dashboard)/control/command-center/components/CommandCenterOperationsPanel.tsx(805,17): error TS17004: Cannot use JSX unless the '--jsx' flag is provided.
src/ai-gateway/app/(dashboard)/control/command-center/components/CommandCenterOperationsPanel.tsx(806,19): error TS17004: Cannot use JSX unless the '--jsx' flag is provided.
src/ai-gateway/app/(dashboard)/control/command-center/components/CommandCenterOperationsPanel.tsx(807,19): error TS17004: Cannot use JSX unless the '--jsx' flag is provided.
src/ai-gateway/app/(dashboard)/control/command-center/components/CommandCenterOperationsPanel.tsx(808,19): error TS17004: Cannot use JSX unless the '--jsx' flag is provided.
src/ai-gateway/app/(dashboard)/control/command-center/components/CommandCenterOperationsPanel.tsx(809,19): error TS17004: Cannot use JSX unless the '--jsx' flag is provided.
src/ai-gateway/app/(dashboard)/control/command-center/components/CommandCenterOperationsPanel.tsx(812,15): error TS17004: Cannot use JSX unless the '--jsx' flag is provided.
src/ai-gateway/app/(dashboard)/control/command-center/components/CommandCenterOperationsPanel.tsx(818,21): error TS17004: Cannot use JSX unless the '--jsx' flag is provided.
src/ai-gateway/app/(dashboard)/control/command-center/components/CommandCenterOperationsPanel.tsx(850,13): error TS17004: Cannot use JSX unless the '--jsx' flag is provided.
src/ai-gateway/app/(dashboard)/control/command-center/components/CommandCenterOperationsPanel.tsx(851,15): error TS17004: Cannot use JSX unless the '--jsx' flag is provided.
src/ai-gateway/app/(dashboard)/control/command-center/components/CommandCenterOperationsPanel.tsx(852,17): error TS17004: Cannot use JSX unless the '--jsx' flag is provided.
src/ai-gateway/app/(dashboard)/control/command-center/components/CommandCenterOperationsPanel.tsx(853,17): error TS17004: Cannot use JSX unless the '--jsx' flag is provided.
src/ai-gateway/app/(dashboard)/control/command-center/components/CommandCenterOperationsPanel.tsx(855,15): error TS17004: Cannot use JSX unless the '--jsx' flag is provided.
src/ai-gateway/app/(dashboard)/control/command-center/components/CommandCenterOperationsPanel.tsx(856,17): error TS17004: Cannot use JSX unless the '--jsx' flag is provided.
src/ai-gateway/app/(dashboard)/control/command-center/components/CommandCenterOperationsPanel.tsx(857,19): error TS17004: Cannot use JSX unless the '--jsx' flag is provided.
src/ai-gateway/app/(dashboard)/control/command-center/components/CommandCenterOperationsPanel.tsx(858,19): error TS17004: Cannot use JSX unless the '--jsx' flag is provided.
src/ai-gateway/app/(dashboard)/control/command-center/components/CommandCenterOperationsPanel.tsx(859,19): error TS17004: Cannot use JSX unless the '--jsx' flag is provided.
src/ai-gateway/app/(dashboard)/control/command-center/components/CommandCenterOperationsPanel.tsx(861,17): error TS17004: Cannot use JSX unless the '--jsx' flag is provided.
src/ai-gateway/app/(dashboard)/control/command-center/components/CommandCenterOperationsPanel.tsx(864,17): error TS17004: Cannot use JSX unless the '--jsx' flag is provided.
src/ai-gateway/app/(dashboard)/control/command-center/components/CommandCenterOperationsPanel.tsx(867,17): error TS17004: Cannot use JSX unless the '--jsx' flag is provided.
src/ai-gateway/app/(dashboard)/control/command-center/components/CommandCenterOperationsPanel.tsx(868,19): error TS17004: Cannot use JSX unless the '--jsx' flag is provided.
src/ai-gateway/app/(dashboard)/control/command-center/components/CommandCenterOperationsPanel.tsx(869,19): error TS17004: Cannot use JSX unless the '--jsx' flag is provided.
src/ai-gateway/app/(dashboard)/control/command-center/components/CommandCenterOperationsPanel.tsx(870,19): error TS17004: Cannot use JSX unless the '--jsx' flag is provided.
src/ai-gateway/app/(dashboard)/control/command-center/components/CommandCenterOperationsPanel.tsx(871,19): error TS17004: Cannot use JSX unless the '--jsx' flag is provided.
src/ai-gateway/app/(dashboard)/control/command-center/components/CommandCenterOperationsPanel.tsx(874,15): error TS17004: Cannot use JSX unless the '--jsx' flag is provided.
src/ai-gateway/app/(dashboard)/control/command-center/components/CommandCenterOperationsPanel.tsx(875,17): error TS17004: Cannot use JSX unless the '--jsx' flag is provided.
src/ai-gateway/app/(dashboard)/control/command-center/components/CommandCenterOperationsPanel.tsx(885,17): error TS17004: Cannot use JSX unless the '--jsx' flag is provided.
src/ai-gateway/app/(dashboard)/control/command-center/components/CommandCenterOperationsPanel.tsx(898,11): error TS17004: Cannot use JSX unless the '--jsx' flag is provided.
src/ai-gateway/app/(dashboard)/control/command-center/components/CommandCenterOperationsPanel.tsx(980,5): error TS17004: Cannot use JSX unless the '--jsx' flag is provided.
src/ai-gateway/app/(dashboard)/control/command-center/components/CommandCenterOperationsPanel.tsx(981,7): error TS17004: Cannot use JSX unless the '--jsx' flag is provided.
src/ai-gateway/app/(dashboard)/control/command-center/components/CommandCenterOperationsPanel.tsx(982,7): error TS17004: Cannot use JSX unless the '--jsx' flag is provided.
src/ai-gateway/app/(dashboard)/control/command-center/components/CommandCenterOperationsPanel.tsx(983,7): error TS17004: Cannot use JSX unless the '--jsx' flag is provided.
src/ai-gateway/app/(dashboard)/control/command-center/components/CommandCenterOperationsPanel.tsx(985,11): error TS17004: Cannot use JSX unless the '--jsx' flag is provided.
src/ai-gateway/app/(dashboard)/control/command-center/components/CommandCenterOperationsPanel.tsx(986,13): error TS17004: Cannot use JSX unless the '--jsx' flag is provided.
src/ai-gateway/app/(dashboard)/control/command-center/components/CommandCenterOperationsPanel.tsx(987,15): error TS17004: Cannot use JSX unless the '--jsx' flag is provided.
src/ai-gateway/app/(dashboard)/control/command-center/components/CommandCenterOperationsPanel.tsx(988,15): error TS17004: Cannot use JSX unless the '--jsx' flag is provided.
src/ai-gateway/app/(dashboard)/control/command-center/components/CommandCenterOperationsPanel.tsx(990,13): error TS17004: Cannot use JSX unless the '--jsx' flag is provided.
src/ai-gateway/app/(dashboard)/control/command-center/components/CommandCenterOperationsPanel.tsx(993,11): error TS17004: Cannot use JSX unless the '--jsx' flag is provided.
src/ai-gateway/app/(dashboard)/control/command-center/components/CommandCenterOperationsPanel.tsx(995,15): error TS17004: Cannot use JSX unless the '--jsx' flag is provided.
src/ai-gateway/app/(dashboard)/control/command-center/components/CommandCenterOperationsPanel.tsx(996,17): error TS17004: Cannot use JSX unless the '--jsx' flag is provided.
src/ai-gateway/app/(dashboard)/control/command-center/components/CommandCenterOperationsPanel.tsx(997,17): error TS17004: Cannot use JSX unless the '--jsx' flag is provided.
src/ai-gateway/app/(dashboard)/control/command-center/components/CommandCenterOperationsPanel.tsx(1002,11): error TS17004: Cannot use JSX unless the '--jsx' flag is provided.
src/ai-gateway/app/(dashboard)/control/command-center/components/CommandCenterOperationsPanel.tsx(1006,11): error TS17004: Cannot use JSX unless the '--jsx' flag is provided.
src/ai-gateway/app/(dashboard)/control/command-center/components/CommandCenterOperationsPanel.tsx(1007,13): error TS17004: Cannot use JSX unless the '--jsx' flag is provided.
src/ai-gateway/app/(dashboard)/control/command-center/components/CommandCenterOperationsPanel.tsx(1012,17): error TS17004: Cannot use JSX unless the '--jsx' flag is provided.
src/ai-gateway/app/(dashboard)/control/command-center/components/CommandCenterOperationsPanel.tsx(1020,19): error TS17004: Cannot use JSX unless the '--jsx' flag is provided.
src/ai-gateway/app/(dashboard)/control/command-center/components/CommandCenterOperationsPanel.tsx(1023,19): error TS17004: Cannot use JSX unless the '--jsx' flag is provided.
src/ai-gateway/app/(dashboard)/control/command-center/components/CommandCenterOverviewProductCards.tsx(2,35): error TS6142: Module './CommandCenterPrimitives' was resolved to 'C:/TESTES DEV/1_PROJETOS_ATIVOS/Zavorth/src/ai-gateway/app/(dashboard)/control/command-center/components/CommandCenterPrimitives.tsx', but '--jsx' is not set.
src/ai-gateway/app/(dashboard)/control/command-center/components/CommandCenterOverviewProductCards.tsx(33,5): error TS17004: Cannot use JSX unless the '--jsx' flag is provided.
src/ai-gateway/app/(dashboard)/control/command-center/components/CommandCenterOverviewProductCards.tsx(35,17): error TS17004: Cannot use JSX unless the '--jsx' flag is provided.
src/ai-gateway/app/(dashboard)/control/command-center/components/CommandCenterOverviewProductCards.tsx(36,19): error TS17004: Cannot use JSX unless the '--jsx' flag is provided.
src/ai-gateway/app/(dashboard)/control/command-center/components/CommandCenterOverviewProductCards.tsx(37,19): error TS17004: Cannot use JSX unless the '--jsx' flag is provided.
src/ai-gateway/app/(dashboard)/control/command-center/components/CommandCenterOverviewProductCards.tsx(39,23): error TS17004: Cannot use JSX unless the '--jsx' flag is provided.
src/ai-gateway/app/(dashboard)/control/command-center/components/CommandCenterOverviewProductCards.tsx(40,25): error TS17004: Cannot use JSX unless the '--jsx' flag is provided.
src/ai-gateway/app/(dashboard)/control/command-center/components/CommandCenterOverviewProductCards.tsx(43,25): error TS17004: Cannot use JSX unless the '--jsx' flag is provided.
src/ai-gateway/app/(dashboard)/control/command-center/components/CommandCenterOverviewProductCards.tsx(48,23): error TS17004: Cannot use JSX unless the '--jsx' flag is provided.
src/ai-gateway/app/(dashboard)/control/command-center/components/CommandCenterOverviewProductCards.tsx(50,21): error TS17004: Cannot use JSX unless the '--jsx' flag is provided.
src/ai-gateway/app/(dashboard)/control/command-center/components/CommandCenterOverviewProductCards.tsx(51,23): error TS17004: Cannot use JSX unless the '--jsx' flag is provided.
src/ai-gateway/app/(dashboard)/control/command-center/components/CommandCenterOverviewProductCards.tsx(52,23): error TS17004: Cannot use JSX unless the '--jsx' flag is provided.
src/ai-gateway/app/(dashboard)/control/command-center/components/CommandCenterOverviewProductCards.tsx(61,17): error TS17004: Cannot use JSX unless the '--jsx' flag is provided.
src/ai-gateway/app/(dashboard)/control/command-center/components/CommandCenterOverviewProductCards.tsx(62,19): error TS17004: Cannot use JSX unless the '--jsx' flag is provided.
src/ai-gateway/app/(dashboard)/control/command-center/components/CommandCenterOverviewProductCards.tsx(63,19): error TS17004: Cannot use JSX unless the '--jsx' flag is provided.
src/ai-gateway/app/(dashboard)/control/command-center/components/CommandCenterOverviewProductCards.tsx(65,23): error TS17004: Cannot use JSX unless the '--jsx' flag is provided.
src/ai-gateway/app/(dashboard)/control/command-center/components/CommandCenterOverviewProductCards.tsx(66,25): error TS17004: Cannot use JSX unless the '--jsx' flag is provided.
src/ai-gateway/app/(dashboard)/control/command-center/components/CommandCenterOverviewProductCards.tsx(69,25): error TS17004: Cannot use JSX unless the '--jsx' flag is provided.
src/ai-gateway/app/(dashboard)/control/command-center/components/CommandCenterOverviewProductCards.tsx(74,21): error TS17004: Cannot use JSX unless the '--jsx' flag is provided.
src/ai-gateway/app/(dashboard)/control/command-center/components/CommandCenterOverviewProductCards.tsx(75,23): error TS17004: Cannot use JSX unless the '--jsx' flag is provided.
src/ai-gateway/app/(dashboard)/control/command-center/components/CommandCenterOverviewProductCards.tsx(76,23): error TS17004: Cannot use JSX unless the '--jsx' flag is provided.
src/ai-gateway/app/(dashboard)/control/command-center/components/CommandCenterOverviewProductCards.tsx(85,17): error TS17004: Cannot use JSX unless the '--jsx' flag is provided.
src/ai-gateway/app/(dashboard)/control/command-center/components/CommandCenterOverviewProductCards.tsx(86,19): error TS17004: Cannot use JSX unless the '--jsx' flag is provided.
src/ai-gateway/app/(dashboard)/control/command-center/components/CommandCenterOverviewProductCards.tsx(87,19): error TS17004: Cannot use JSX unless the '--jsx' flag is provided.
src/ai-gateway/app/(dashboard)/control/command-center/components/CommandCenterOverviewProductCards.tsx(89,23): error TS17004: Cannot use JSX unless the '--jsx' flag is provided.
src/ai-gateway/app/(dashboard)/control/command-center/components/CommandCenterOverviewProductCards.tsx(90,25): error TS17004: Cannot use JSX unless the '--jsx' flag is provided.
src/ai-gateway/app/(dashboard)/control/command-center/components/CommandCenterOverviewProductCards.tsx(93,25): error TS17004: Cannot use JSX unless the '--jsx' flag is provided.
src/ai-gateway/app/(dashboard)/control/command-center/components/CommandCenterOverviewProductCards.tsx(98,21): error TS17004: Cannot use JSX unless the '--jsx' flag is provided.
src/ai-gateway/app/(dashboard)/control/command-center/components/CommandCenterOverviewProductCards.tsx(99,23): error TS17004: Cannot use JSX unless the '--jsx' flag is provided.
src/ai-gateway/app/(dashboard)/control/command-center/components/CommandCenterOverviewProductCards.tsx(100,23): error TS17004: Cannot use JSX unless the '--jsx' flag is provided.
src/ai-gateway/app/(dashboard)/control/command-center/components/CommandCenterOverviewProductCards.tsx(109,17): error TS17004: Cannot use JSX unless the '--jsx' flag is provided.
src/ai-gateway/app/(dashboard)/control/command-center/components/CommandCenterOverviewProductCards.tsx(110,19): error TS17004: Cannot use JSX unless the '--jsx' flag is provided.
src/ai-gateway/app/(dashboard)/control/command-center/components/CommandCenterOverviewProductCards.tsx(111,19): error TS17004: Cannot use JSX unless the '--jsx' flag is provided.
src/ai-gateway/app/(dashboard)/control/command-center/components/CommandCenterOverviewProductCards.tsx(113,23): error TS17004: Cannot use JSX unless the '--jsx' flag is provided.
src/ai-gateway/app/(dashboard)/control/command-center/components/CommandCenterOverviewProductCards.tsx(114,25): error TS17004: Cannot use JSX unless the '--jsx' flag is provided.
src/ai-gateway/app/(dashboard)/control/command-center/components/CommandCenterOverviewProductCards.tsx(117,25): error TS17004: Cannot use JSX unless the '--jsx' flag is provided.
src/ai-gateway/app/(dashboard)/control/command-center/components/CommandCenterOverviewProductCards.tsx(122,21): error TS17004: Cannot use JSX unless the '--jsx' flag is provided.
src/ai-gateway/app/(dashboard)/control/command-center/components/CommandCenterOverviewProductCards.tsx(123,23): error TS17004: Cannot use JSX unless the '--jsx' flag is provided.
src/ai-gateway/app/(dashboard)/control/command-center/components/CommandCenterOverviewProductCards.tsx(124,23): error TS17004: Cannot use JSX unless the '--jsx' flag is provided.
src/ai-gateway/app/(dashboard)/control/command-center/components/CommandCenterOverviewProductCards.tsx(133,17): error TS17004: Cannot use JSX unless the '--jsx' flag is provided.
src/ai-gateway/app/(dashboard)/control/command-center/components/CommandCenterOverviewProductCards.tsx(134,19): error TS17004: Cannot use JSX unless the '--jsx' flag is provided.
src/ai-gateway/app/(dashboard)/control/command-center/components/CommandCenterOverviewProductCards.tsx(135,19): error TS17004: Cannot use JSX unless the '--jsx' flag is provided.
src/ai-gateway/app/(dashboard)/control/command-center/components/CommandCenterOverviewProductCards.tsx(137,23): error TS17004: Cannot use JSX unless the '--jsx' flag is provided.
src/ai-gateway/app/(dashboard)/control/command-center/components/CommandCenterOverviewProductCards.tsx(138,25): error TS17004: Cannot use JSX unless the '--jsx' flag is provided.
src/ai-gateway/app/(dashboard)/control/command-center/components/CommandCenterOverviewProductCards.tsx(141,25): error TS17004: Cannot use JSX unless the '--jsx' flag is provided.
src/ai-gateway/app/(dashboard)/control/command-center/components/CommandCenterOverviewProductCards.tsx(146,21): error TS17004: Cannot use JSX unless the '--jsx' flag is provided.
src/ai-gateway/app/(dashboard)/control/command-center/components/CommandCenterOverviewProductCards.tsx(147,23): error TS17004: Cannot use JSX unless the '--jsx' flag is provided.
src/ai-gateway/app/(dashboard)/control/command-center/components/CommandCenterOverviewProductCards.tsx(148,23): error TS17004: Cannot use JSX unless the '--jsx' flag is provided.
src/ai-gateway/app/(dashboard)/control/command-center/components/CommandCenterOverviewProductCards.tsx(157,17): error TS17004: Cannot use JSX unless the '--jsx' flag is provided.
src/ai-gateway/app/(dashboard)/control/command-center/components/CommandCenterOverviewProductCards.tsx(158,19): error TS17004: Cannot use JSX unless the '--jsx' flag is provided.
src/ai-gateway/app/(dashboard)/control/command-center/components/CommandCenterOverviewProductCards.tsx(159,19): error TS17004: Cannot use JSX unless the '--jsx' flag is provided.
src/ai-gateway/app/(dashboard)/control/command-center/components/CommandCenterOverviewProductCards.tsx(161,23): error TS17004: Cannot use JSX unless the '--jsx' flag is provided.
src/ai-gateway/app/(dashboard)/control/command-center/components/CommandCenterOverviewProductCards.tsx(162,25): error TS17004: Cannot use JSX unless the '--jsx' flag is provided.
src/ai-gateway/app/(dashboard)/control/command-center/components/CommandCenterOverviewProductCards.tsx(165,25): error TS17004: Cannot use JSX unless the '--jsx' flag is provided.
src/ai-gateway/app/(dashboard)/control/command-center/components/CommandCenterOverviewProductCards.tsx(170,21): error TS17004: Cannot use JSX unless the '--jsx' flag is provided.
src/ai-gateway/app/(dashboard)/control/command-center/components/CommandCenterOverviewProductCards.tsx(171,23): error TS17004: Cannot use JSX unless the '--jsx' flag is provided.
src/ai-gateway/app/(dashboard)/control/command-center/components/CommandCenterOverviewProductCards.tsx(172,23): error TS17004: Cannot use JSX unless the '--jsx' flag is provided.
src/ai-gateway/app/(dashboard)/control/command-center/components/CommandCenterOverviewProductCards.tsx(181,17): error TS17004: Cannot use JSX unless the '--jsx' flag is provided.
src/ai-gateway/app/(dashboard)/control/command-center/components/CommandCenterOverviewProductCards.tsx(182,19): error TS17004: Cannot use JSX unless the '--jsx' flag is provided.
src/ai-gateway/app/(dashboard)/control/command-center/components/CommandCenterOverviewProductCards.tsx(183,19): error TS17004: Cannot use JSX unless the '--jsx' flag is provided.
src/ai-gateway/app/(dashboard)/control/command-center/components/CommandCenterOverviewProductCards.tsx(185,23): error TS17004: Cannot use JSX unless the '--jsx' flag is provided.
src/ai-gateway/app/(dashboard)/control/command-center/components/CommandCenterOverviewProductCards.tsx(186,25): error TS17004: Cannot use JSX unless the '--jsx' flag is provided.
src/ai-gateway/app/(dashboard)/control/command-center/components/CommandCenterOverviewProductCards.tsx(189,25): error TS17004: Cannot use JSX unless the '--jsx' flag is provided.
src/ai-gateway/app/(dashboard)/control/command-center/components/CommandCenterOverviewProductCards.tsx(194,21): error TS17004: Cannot use JSX unless the '--jsx' flag is provided.
src/ai-gateway/app/(dashboard)/control/command-center/components/CommandCenterOverviewProductCards.tsx(195,23): error TS17004: Cannot use JSX unless the '--jsx' flag is provided.
src/ai-gateway/app/(dashboard)/control/command-center/components/CommandCenterOverviewProductCards.tsx(196,23): error TS17004: Cannot use JSX unless the '--jsx' flag is provided.
src/ai-gateway/app/(dashboard)/control/command-center/components/CommandCenterOverviewProductCards.tsx(205,17): error TS17004: Cannot use JSX unless the '--jsx' flag is provided.
src/ai-gateway/app/(dashboard)/control/command-center/components/CommandCenterOverviewProductCards.tsx(206,19): error TS17004: Cannot use JSX unless the '--jsx' flag is provided.
src/ai-gateway/app/(dashboard)/control/command-center/components/CommandCenterOverviewProductCards.tsx(207,19): error TS17004: Cannot use JSX unless the '--jsx' flag is provided.
src/ai-gateway/app/(dashboard)/control/command-center/components/CommandCenterOverviewProductCards.tsx(209,23): error TS17004: Cannot use JSX unless the '--jsx' flag is provided.
src/ai-gateway/app/(dashboard)/control/command-center/components/CommandCenterOverviewProductCards.tsx(210,25): error TS17004: Cannot use JSX unless the '--jsx' flag is provided.
src/ai-gateway/app/(dashboard)/control/command-center/components/CommandCenterOverviewProductCards.tsx(213,25): error TS17004: Cannot use JSX unless the '--jsx' flag is provided.
src/ai-gateway/app/(dashboard)/control/command-center/components/CommandCenterOverviewProductCards.tsx(218,21): error TS17004: Cannot use JSX unless the '--jsx' flag is provided.
src/ai-gateway/app/(dashboard)/control/command-center/components/CommandCenterOverviewProductCards.tsx(219,23): error TS17004: Cannot use JSX unless the '--jsx' flag is provided.
src/ai-gateway/app/(dashboard)/control/command-center/components/CommandCenterOverviewProductCards.tsx(220,23): error TS17004: Cannot use JSX unless the '--jsx' flag is provided.
src/ai-gateway/app/(dashboard)/control/command-center/components/CommandCenterOverviewProductCards.tsx(229,17): error TS17004: Cannot use JSX unless the '--jsx' flag is provided.
src/ai-gateway/app/(dashboard)/control/command-center/components/CommandCenterOverviewProductCards.tsx(230,19): error TS17004: Cannot use JSX unless the '--jsx' flag is provided.
src/ai-gateway/app/(dashboard)/control/command-center/components/CommandCenterOverviewProductCards.tsx(231,19): error TS17004: Cannot use JSX unless the '--jsx' flag is provided.
src/ai-gateway/app/(dashboard)/control/command-center/components/CommandCenterOverviewProductCards.tsx(233,23): error TS17004: Cannot use JSX unless the '--jsx' flag is provided.
src/ai-gateway/app/(dashboard)/control/command-center/components/CommandCenterOverviewProductCards.tsx(234,25): error TS17004: Cannot use JSX unless the '--jsx' flag is provided.
src/ai-gateway/app/(dashboard)/control/command-center/components/CommandCenterOverviewProductCards.tsx(237,25): error TS17004: Cannot use JSX unless the '--jsx' flag is provided.
src/ai-gateway/app/(dashboard)/control/command-center/components/CommandCenterOverviewProductCards.tsx(242,21): error TS17004: Cannot use JSX unless the '--jsx' flag is provided.
src/ai-gateway/app/(dashboard)/control/command-center/components/CommandCenterOverviewProductCards.tsx(243,23): error TS17004: Cannot use JSX unless the '--jsx' flag is provided.
src/ai-gateway/app/(dashboard)/control/command-center/components/CommandCenterOverviewProductCards.tsx(244,23): error TS17004: Cannot use JSX unless the '--jsx' flag is provided.
src/ai-gateway/app/(dashboard)/control/command-center/components/CommandCenterOverviewProductCards.tsx(253,17): error TS17004: Cannot use JSX unless the '--jsx' flag is provided.
src/ai-gateway/app/(dashboard)/control/command-center/components/CommandCenterOverviewProductCards.tsx(254,19): error TS17004: Cannot use JSX unless the '--jsx' flag is provided.
src/ai-gateway/app/(dashboard)/control/command-center/components/CommandCenterOverviewProductCards.tsx(255,19): error TS17004: Cannot use JSX unless the '--jsx' flag is provided.
src/ai-gateway/app/(dashboard)/control/command-center/components/CommandCenterOverviewProductCards.tsx(257,23): error TS17004: Cannot use JSX unless the '--jsx' flag is provided.
src/ai-gateway/app/(dashboard)/control/command-center/components/CommandCenterOverviewProductCards.tsx(258,25): error TS17004: Cannot use JSX unless the '--jsx' flag is provided.
src/ai-gateway/app/(dashboard)/control/command-center/components/CommandCenterOverviewProductCards.tsx(261,25): error TS17004: Cannot use JSX unless the '--jsx' flag is provided.
src/ai-gateway/app/(dashboard)/control/command-center/components/CommandCenterOverviewProductCards.tsx(266,21): error TS17004: Cannot use JSX unless the '--jsx' flag is provided.
src/ai-gateway/app/(dashboard)/control/command-center/components/CommandCenterOverviewProductCards.tsx(267,23): error TS17004: Cannot use JSX unless the '--jsx' flag is provided.
src/ai-gateway/app/(dashboard)/control/command-center/components/CommandCenterOverviewProductCards.tsx(268,23): error TS17004: Cannot use JSX unless the '--jsx' flag is provided.
src/ai-gateway/app/(dashboard)/control/command-center/components/CommandCenterOverviewProductCards.tsx(277,17): error TS17004: Cannot use JSX unless the '--jsx' flag is provided.
src/ai-gateway/app/(dashboard)/control/command-center/components/CommandCenterOverviewProductCards.tsx(278,19): error TS17004: Cannot use JSX unless the '--jsx' flag is provided.
src/ai-gateway/app/(dashboard)/control/command-center/components/CommandCenterOverviewProductCards.tsx(279,19): error TS17004: Cannot use JSX unless the '--jsx' flag is provided.
src/ai-gateway/app/(dashboard)/control/command-center/components/CommandCenterOverviewProductCards.tsx(281,23): error TS17004: Cannot use JSX unless the '--jsx' flag is provided.
src/ai-gateway/app/(dashboard)/control/command-center/components/CommandCenterOverviewProductCards.tsx(282,25): error TS17004: Cannot use JSX unless the '--jsx' flag is provided.
src/ai-gateway/app/(dashboard)/control/command-center/components/CommandCenterOverviewProductCards.tsx(285,25): error TS17004: Cannot use JSX unless the '--jsx' flag is provided.
src/ai-gateway/app/(dashboard)/control/command-center/components/CommandCenterOverviewProductCards.tsx(290,21): error TS17004: Cannot use JSX unless the '--jsx' flag is provided.
src/ai-gateway/app/(dashboard)/control/command-center/components/CommandCenterOverviewProductCards.tsx(291,23): error TS17004: Cannot use JSX unless the '--jsx' flag is provided.
src/ai-gateway/app/(dashboard)/control/command-center/components/CommandCenterOverviewProductCards.tsx(292,23): error TS17004: Cannot use JSX unless the '--jsx' flag is provided.
src/ai-gateway/app/(dashboard)/control/command-center/components/CommandCenterOverviewSector.tsx(9,3): error TS2724: '"../contracts"' has no exported member named 'DashboardRunObservatoryDiffPreview'. Did you mean 'DashboardRunObservatoryRun'?
src/ai-gateway/app/(dashboard)/control/command-center/components/CommandCenterOverviewSector.tsx(22,55): error TS6142: Module './CommandCenterPrimitives' was resolved to 'C:/TESTES DEV/1_PROJETOS_ATIVOS/Zavorth/src/ai-gateway/app/(dashboard)/control/command-center/components/CommandCenterPrimitives.tsx', but '--jsx' is not set.
src/ai-gateway/app/(dashboard)/control/command-center/components/CommandCenterOverviewSector.tsx(23,51): error TS6142: Module './CommandCenterOverviewProductCards' was resolved to 'C:/TESTES DEV/1_PROJETOS_ATIVOS/Zavorth/src/ai-gateway/app/(dashboard)/control/command-center/components/CommandCenterOverviewProductCards.tsx', but '--jsx' is not set.
src/ai-gateway/app/(dashboard)/control/command-center/components/CommandCenterOverviewSector.tsx(162,5): error TS17004: Cannot use JSX unless the '--jsx' flag is provided.
src/ai-gateway/app/(dashboard)/control/command-center/components/CommandCenterOverviewSector.tsx(163,7): error TS17004: Cannot use JSX unless the '--jsx' flag is provided.
src/ai-gateway/app/(dashboard)/control/command-center/components/CommandCenterOverviewSector.tsx(164,9): error TS17004: Cannot use JSX unless the '--jsx' flag is provided.
src/ai-gateway/app/(dashboard)/control/command-center/components/CommandCenterOverviewSector.tsx(165,11): error TS17004: Cannot use JSX unless the '--jsx' flag is provided.
src/ai-gateway/app/(dashboard)/control/command-center/components/CommandCenterOverviewSector.tsx(166,11): error TS17004: Cannot use JSX unless the '--jsx' flag is provided.
src/ai-gateway/app/(dashboard)/control/command-center/components/CommandCenterOverviewSector.tsx(167,11): error TS17004: Cannot use JSX unless the '--jsx' flag is provided.
src/ai-gateway/app/(dashboard)/control/command-center/components/CommandCenterOverviewSector.tsx(169,9): error TS17004: Cannot use JSX unless the '--jsx' flag is provided.
src/ai-gateway/app/(dashboard)/control/command-center/components/CommandCenterOverviewSector.tsx(170,11): error TS17004: Cannot use JSX unless the '--jsx' flag is provided.
src/ai-gateway/app/(dashboard)/control/command-center/components/CommandCenterOverviewSector.tsx(173,11): error TS17004: Cannot use JSX unless the '--jsx' flag is provided.
src/ai-gateway/app/(dashboard)/control/command-center/components/CommandCenterOverviewSector.tsx(178,9): error TS17004: Cannot use JSX unless the '--jsx' flag is provided.
src/ai-gateway/app/(dashboard)/control/command-center/components/CommandCenterOverviewSector.tsx(179,11): error TS17004: Cannot use JSX unless the '--jsx' flag is provided.
src/ai-gateway/app/(dashboard)/control/command-center/components/CommandCenterOverviewSector.tsx(180,13): error TS17004: Cannot use JSX unless the '--jsx' flag is provided.
src/ai-gateway/app/(dashboard)/control/command-center/components/CommandCenterOverviewSector.tsx(181,13): error TS17004: Cannot use JSX unless the '--jsx' flag is provided.
src/ai-gateway/app/(dashboard)/control/command-center/components/CommandCenterOverviewSector.tsx(182,13): error TS17004: Cannot use JSX unless the '--jsx' flag is provided.
src/ai-gateway/app/(dashboard)/control/command-center/components/CommandCenterOverviewSector.tsx(183,13): error TS17004: Cannot use JSX unless the '--jsx' flag is provided.
src/ai-gateway/app/(dashboard)/control/command-center/components/CommandCenterOverviewSector.tsx(184,15): error TS17004: Cannot use JSX unless the '--jsx' flag is provided.
src/ai-gateway/app/(dashboard)/control/command-center/components/CommandCenterOverviewSector.tsx(187,15): error TS17004: Cannot use JSX unless the '--jsx' flag is provided.
src/ai-gateway/app/(dashboard)/control/command-center/components/CommandCenterOverviewSector.tsx(190,15): error TS17004: Cannot use JSX unless the '--jsx' flag is provided.
src/ai-gateway/app/(dashboard)/control/command-center/components/CommandCenterOverviewSector.tsx(191,15): error TS17004: Cannot use JSX unless the '--jsx' flag is provided.
src/ai-gateway/app/(dashboard)/control/command-center/components/CommandCenterOverviewSector.tsx(192,15): error TS17004: Cannot use JSX unless the '--jsx' flag is provided.
src/ai-gateway/app/(dashboard)/control/command-center/components/CommandCenterOverviewSector.tsx(195,11): error TS17004: Cannot use JSX unless the '--jsx' flag is provided.
src/ai-gateway/app/(dashboard)/control/command-center/components/CommandCenterOverviewSector.tsx(197,15): error TS17004: Cannot use JSX unless the '--jsx' flag is provided.
src/ai-gateway/app/(dashboard)/control/command-center/components/CommandCenterOverviewSector.tsx(198,17): error TS17004: Cannot use JSX unless the '--jsx' flag is provided.
src/ai-gateway/app/(dashboard)/control/command-center/components/CommandCenterOverviewSector.tsx(199,17): error TS17004: Cannot use JSX unless the '--jsx' flag is provided.
src/ai-gateway/app/(dashboard)/control/command-center/components/CommandCenterOverviewSector.tsx(203,11): error TS17004: Cannot use JSX unless the '--jsx' flag is provided.
src/ai-gateway/app/(dashboard)/control/command-center/components/CommandCenterOverviewSector.tsx(205,15): error TS17004: Cannot use JSX unless the '--jsx' flag is provided.
src/ai-gateway/app/(dashboard)/control/command-center/components/CommandCenterOverviewSector.tsx(213,7): error TS17004: Cannot use JSX unless the '--jsx' flag is provided.
src/ai-gateway/app/(dashboard)/control/command-center/components/CommandCenterOverviewSector.tsx(214,9): error TS17004: Cannot use JSX unless the '--jsx' flag is provided.
src/ai-gateway/app/(dashboard)/control/command-center/components/CommandCenterOverviewSector.tsx(220,9): error TS17004: Cannot use JSX unless the '--jsx' flag is provided.
src/ai-gateway/app/(dashboard)/control/command-center/components/CommandCenterOverviewSector.tsx(226,9): error TS17004: Cannot use JSX unless the '--jsx' flag is provided.
src/ai-gateway/app/(dashboard)/control/command-center/components/CommandCenterOverviewSector.tsx(232,9): error TS17004: Cannot use JSX unless the '--jsx' flag is provided.
src/ai-gateway/app/(dashboard)/control/command-center/components/CommandCenterOverviewSector.tsx(238,9): error TS17004: Cannot use JSX unless the '--jsx' flag is provided.
src/ai-gateway/app/(dashboard)/control/command-center/components/CommandCenterOverviewSector.tsx(244,9): error TS17004: Cannot use JSX unless the '--jsx' flag is provided.
src/ai-gateway/app/(dashboard)/control/command-center/components/CommandCenterOverviewSector.tsx(252,9): error TS17004: Cannot use JSX unless the '--jsx' flag is provided.
src/ai-gateway/app/(dashboard)/control/command-center/components/CommandCenterOverviewSector.tsx(258,9): error TS17004: Cannot use JSX unless the '--jsx' flag is provided.
src/ai-gateway/app/(dashboard)/control/command-center/components/CommandCenterOverviewSector.tsx(264,9): error TS17004: Cannot use JSX unless the '--jsx' flag is provided.
src/ai-gateway/app/(dashboard)/control/command-center/components/CommandCenterOverviewSector.tsx(270,9): error TS17004: Cannot use JSX unless the '--jsx' flag is provided.
src/ai-gateway/app/(dashboard)/control/command-center/components/CommandCenterOverviewSector.tsx(276,9): error TS17004: Cannot use JSX unless the '--jsx' flag is provided.
src/ai-gateway/app/(dashboard)/control/command-center/components/CommandCenterOverviewSector.tsx(282,9): error TS17004: Cannot use JSX unless the '--jsx' flag is provided.
src/ai-gateway/app/(dashboard)/control/command-center/components/CommandCenterOverviewSector.tsx(288,9): error TS17004: Cannot use JSX unless the '--jsx' flag is provided.
src/ai-gateway/app/(dashboard)/control/command-center/components/CommandCenterOverviewSector.tsx(294,9): error TS17004: Cannot use JSX unless the '--jsx' flag is provided.
src/ai-gateway/app/(dashboard)/control/command-center/components/CommandCenterOverviewSector.tsx(300,9): error TS17004: Cannot use JSX unless the '--jsx' flag is provided.
src/ai-gateway/app/(dashboard)/control/command-center/components/CommandCenterOverviewSector.tsx(306,9): error TS17004: Cannot use JSX unless the '--jsx' flag is provided.
src/ai-gateway/app/(dashboard)/control/command-center/components/CommandCenterOverviewSector.tsx(312,9): error TS17004: Cannot use JSX unless the '--jsx' flag is provided.
src/ai-gateway/app/(dashboard)/control/command-center/components/CommandCenterOverviewSector.tsx(318,9): error TS17004: Cannot use JSX unless the '--jsx' flag is provided.
src/ai-gateway/app/(dashboard)/control/command-center/components/CommandCenterOverviewSector.tsx(324,9): error TS17004: Cannot use JSX unless the '--jsx' flag is provided.
src/ai-gateway/app/(dashboard)/control/command-center/components/CommandCenterOverviewSector.tsx(330,9): error TS17004: Cannot use JSX unless the '--jsx' flag is provided.
src/ai-gateway/app/(dashboard)/control/command-center/components/CommandCenterOverviewSector.tsx(336,9): error TS17004: Cannot use JSX unless the '--jsx' flag is provided.
src/ai-gateway/app/(dashboard)/control/command-center/components/CommandCenterOverviewSector.tsx(342,9): error TS17004: Cannot use JSX unless the '--jsx' flag is provided.
src/ai-gateway/app/(dashboard)/control/command-center/components/CommandCenterOverviewSector.tsx(348,9): error TS17004: Cannot use JSX unless the '--jsx' flag is provided.
src/ai-gateway/app/(dashboard)/control/command-center/components/CommandCenterOverviewSector.tsx(356,9): error TS17004: Cannot use JSX unless the '--jsx' flag is provided.
src/ai-gateway/app/(dashboard)/control/command-center/components/CommandCenterOverviewSector.tsx(362,9): error TS17004: Cannot use JSX unless the '--jsx' flag is provided.
src/ai-gateway/app/(dashboard)/control/command-center/components/CommandCenterOverviewSector.tsx(368,9): error TS17004: Cannot use JSX unless the '--jsx' flag is provided.
src/ai-gateway/app/(dashboard)/control/command-center/components/CommandCenterOverviewSector.tsx(374,9): error TS17004: Cannot use JSX unless the '--jsx' flag is provided.
src/ai-gateway/app/(dashboard)/control/command-center/components/CommandCenterOverviewSector.tsx(380,9): error TS17004: Cannot use JSX unless the '--jsx' flag is provided.
src/ai-gateway/app/(dashboard)/control/command-center/components/CommandCenterOverviewSector.tsx(388,7): error TS17004: Cannot use JSX unless the '--jsx' flag is provided.
src/ai-gateway/app/(dashboard)/control/command-center/components/CommandCenterOverviewSector.tsx(389,9): error TS17004: Cannot use JSX unless the '--jsx' flag is provided.
src/ai-gateway/app/(dashboard)/control/command-center/components/CommandCenterOverviewSector.tsx(394,13): error TS17004: Cannot use JSX unless the '--jsx' flag is provided.
src/ai-gateway/app/(dashboard)/control/command-center/components/CommandCenterOverviewSector.tsx(395,15): error TS17004: Cannot use JSX unless the '--jsx' flag is provided.
src/ai-gateway/app/(dashboard)/control/command-center/components/CommandCenterOverviewSector.tsx(396,17): error TS17004: Cannot use JSX unless the '--jsx' flag is provided.
src/ai-gateway/app/(dashboard)/control/command-center/components/CommandCenterOverviewSector.tsx(399,17): error TS17004: Cannot use JSX unless the '--jsx' flag is provided.
src/ai-gateway/app/(dashboard)/control/command-center/components/CommandCenterOverviewSector.tsx(402,17): error TS17004: Cannot use JSX unless the '--jsx' flag is provided.
src/ai-gateway/app/(dashboard)/control/command-center/components/CommandCenterOverviewSector.tsx(405,17): error TS17004: Cannot use JSX unless the '--jsx' flag is provided.
src/ai-gateway/app/(dashboard)/control/command-center/components/CommandCenterOverviewSector.tsx(407,21): error TS17004: Cannot use JSX unless the '--jsx' flag is provided.
src/ai-gateway/app/(dashboard)/control/command-center/components/CommandCenterOverviewSector.tsx(413,15): error TS17004: Cannot use JSX unless the '--jsx' flag is provided.
src/ai-gateway/app/(dashboard)/control/command-center/components/CommandCenterOverviewSector.tsx(414,17): error TS17004: Cannot use JSX unless the '--jsx' flag is provided.
src/ai-gateway/app/(dashboard)/control/command-center/components/CommandCenterOverviewSector.tsx(417,17): error TS17004: Cannot use JSX unless the '--jsx' flag is provided.
src/ai-gateway/app/(dashboard)/control/command-center/components/CommandCenterOverviewSector.tsx(420,17): error TS17004: Cannot use JSX unless the '--jsx' flag is provided.
src/ai-gateway/app/(dashboard)/control/command-center/components/CommandCenterOverviewSector.tsx(424,15): error TS17004: Cannot use JSX unless the '--jsx' flag is provided.
src/ai-gateway/app/(dashboard)/control/command-center/components/CommandCenterOverviewSector.tsx(425,17): error TS17004: Cannot use JSX unless the '--jsx' flag is provided.
src/ai-gateway/app/(dashboard)/control/command-center/components/CommandCenterOverviewSector.tsx(431,19): error TS17004: Cannot use JSX unless the '--jsx' flag is provided.
src/ai-gateway/app/(dashboard)/control/command-center/components/CommandCenterOverviewSector.tsx(433,21): error TS17004: Cannot use JSX unless the '--jsx' flag is provided.
src/ai-gateway/app/(dashboard)/control/command-center/components/CommandCenterOverviewSector.tsx(434,23): error TS17004: Cannot use JSX unless the '--jsx' flag is provided.
src/ai-gateway/app/(dashboard)/control/command-center/components/CommandCenterOverviewSector.tsx(444,23): error TS17004: Cannot use JSX unless the '--jsx' flag is provided.
src/ai-gateway/app/(dashboard)/control/command-center/components/CommandCenterOverviewSector.tsx(457,19): error TS17004: Cannot use JSX unless the '--jsx' flag is provided.
src/ai-gateway/app/(dashboard)/control/command-center/components/CommandCenterOverviewSector.tsx(462,15): error TS17004: Cannot use JSX unless the '--jsx' flag is provided.
src/ai-gateway/app/(dashboard)/control/command-center/components/CommandCenterOverviewSector.tsx(463,17): error TS17004: Cannot use JSX unless the '--jsx' flag is provided.
src/ai-gateway/app/(dashboard)/control/command-center/components/CommandCenterOverviewSector.tsx(466,17): error TS17004: Cannot use JSX unless the '--jsx' flag is provided.
src/ai-gateway/app/(dashboard)/control/command-center/components/CommandCenterOverviewSector.tsx(472,17): error TS17004: Cannot use JSX unless the '--jsx' flag is provided.
src/ai-gateway/app/(dashboard)/control/command-center/components/CommandCenterOverviewSector.tsx(477,17): error TS17004: Cannot use JSX unless the '--jsx' flag is provided.
src/ai-gateway/app/(dashboard)/control/command-center/components/CommandCenterOverviewSector.tsx(478,19): error TS17004: Cannot use JSX unless the '--jsx' flag is provided.
src/ai-gateway/app/(dashboard)/control/command-center/components/CommandCenterOverviewSector.tsx(480,21): error TS17004: Cannot use JSX unless the '--jsx' flag is provided.
src/ai-gateway/app/(dashboard)/control/command-center/components/CommandCenterOverviewSector.tsx(487,17): error TS17004: Cannot use JSX unless the '--jsx' flag is provided.
src/ai-gateway/app/(dashboard)/control/command-center/components/CommandCenterOverviewSector.tsx(488,19): error TS17004: Cannot use JSX unless the '--jsx' flag is provided.
src/ai-gateway/app/(dashboard)/control/command-center/components/CommandCenterOverviewSector.tsx(490,21): error TS17004: Cannot use JSX unless the '--jsx' flag is provided.
src/ai-gateway/app/(dashboard)/control/command-center/components/CommandCenterOverviewSector.tsx(497,17): error TS17004: Cannot use JSX unless the '--jsx' flag is provided.
src/ai-gateway/app/(dashboard)/control/command-center/components/CommandCenterOverviewSector.tsx(498,19): error TS17004: Cannot use JSX unless the '--jsx' flag is provided.
src/ai-gateway/app/(dashboard)/control/command-center/components/CommandCenterOverviewSector.tsx(500,21): error TS17004: Cannot use JSX unless the '--jsx' flag is provided.
src/ai-gateway/app/(dashboard)/control/command-center/components/CommandCenterOverviewSector.tsx(509,23): error TS17004: Cannot use JSX unless the '--jsx' flag is provided.
src/ai-gateway/app/(dashboard)/control/command-center/components/CommandCenterOverviewSector.tsx(512,23): error TS17004: Cannot use JSX unless the '--jsx' flag is provided.
src/ai-gateway/app/(dashboard)/control/command-center/components/CommandCenterOverviewSector.tsx(517,19): error TS17004: Cannot use JSX unless the '--jsx' flag is provided.
src/ai-gateway/app/(dashboard)/control/command-center/components/CommandCenterOverviewSector.tsx(525,21): error TS17004: Cannot use JSX unless the '--jsx' flag is provided.
src/ai-gateway/app/(dashboard)/control/command-center/components/CommandCenterOverviewSector.tsx(528,21): error TS17004: Cannot use JSX unless the '--jsx' flag is provided.
src/ai-gateway/app/(dashboard)/control/command-center/components/CommandCenterOverviewSector.tsx(533,21): error TS17004: Cannot use JSX unless the '--jsx' flag is provided.
src/ai-gateway/app/(dashboard)/control/command-center/components/CommandCenterOverviewSector.tsx(539,13): error TS17004: Cannot use JSX unless the '--jsx' flag is provided.
src/ai-gateway/app/(dashboard)/control/command-center/components/CommandCenterOverviewSector.tsx(543,9): error TS17004: Cannot use JSX unless the '--jsx' flag is provided.
src/ai-gateway/app/(dashboard)/control/command-center/components/CommandCenterOverviewSector.tsx(550,13): error TS17004: Cannot use JSX unless the '--jsx' flag is provided.
src/ai-gateway/app/(dashboard)/control/command-center/components/CommandCenterOverviewSector.tsx(551,15): error TS17004: Cannot use JSX unless the '--jsx' flag is provided.
src/ai-gateway/app/(dashboard)/control/command-center/components/CommandCenterOverviewSector.tsx(552,17): error TS17004: Cannot use JSX unless the '--jsx' flag is provided.
src/ai-gateway/app/(dashboard)/control/command-center/components/CommandCenterOverviewSector.tsx(555,17): error TS17004: Cannot use JSX unless the '--jsx' flag is provided.
src/ai-gateway/app/(dashboard)/control/command-center/components/CommandCenterOverviewSector.tsx(560,17): error TS17004: Cannot use JSX unless the '--jsx' flag is provided.
src/ai-gateway/app/(dashboard)/control/command-center/components/CommandCenterOverviewSector.tsx(564,15): error TS17004: Cannot use JSX unless the '--jsx' flag is provided.
src/ai-gateway/app/(dashboard)/control/command-center/components/CommandCenterOverviewSector.tsx(565,17): error TS17004: Cannot use JSX unless the '--jsx' flag is provided.
src/ai-gateway/app/(dashboard)/control/command-center/components/CommandCenterOverviewSector.tsx(568,17): error TS17004: Cannot use JSX unless the '--jsx' flag is provided.
src/ai-gateway/app/(dashboard)/control/command-center/components/CommandCenterOverviewSector.tsx(573,17): error TS17004: Cannot use JSX unless the '--jsx' flag is provided.
src/ai-gateway/app/(dashboard)/control/command-center/components/CommandCenterOverviewSector.tsx(574,19): error TS17004: Cannot use JSX unless the '--jsx' flag is provided.
src/ai-gateway/app/(dashboard)/control/command-center/components/CommandCenterOverviewSector.tsx(576,21): error TS17004: Cannot use JSX unless the '--jsx' flag is provided.
src/ai-gateway/app/(dashboard)/control/command-center/components/CommandCenterOverviewSector.tsx(582,17): error TS17004: Cannot use JSX unless the '--jsx' flag is provided.
src/ai-gateway/app/(dashboard)/control/command-center/components/CommandCenterOverviewSector.tsx(585,17): error TS17004: Cannot use JSX unless the '--jsx' flag is provided.
src/ai-gateway/app/(dashboard)/control/command-center/components/CommandCenterOverviewSector.tsx(586,19): error TS17004: Cannot use JSX unless the '--jsx' flag is provided.
src/ai-gateway/app/(dashboard)/control/command-center/components/CommandCenterOverviewSector.tsx(588,21): error TS17004: Cannot use JSX unless the '--jsx' flag is provided.
src/ai-gateway/app/(dashboard)/control/command-center/components/CommandCenterOverviewSector.tsx(594,15): error TS17004: Cannot use JSX unless the '--jsx' flag is provided.
src/ai-gateway/app/(dashboard)/control/command-center/components/CommandCenterOverviewSector.tsx(595,17): error TS17004: Cannot use JSX unless the '--jsx' flag is provided.
src/ai-gateway/app/(dashboard)/control/command-center/components/CommandCenterOverviewSector.tsx(605,17): error TS17004: Cannot use JSX unless the '--jsx' flag is provided.
src/ai-gateway/app/(dashboard)/control/command-center/components/CommandCenterOverviewSector.tsx(615,17): error TS17004: Cannot use JSX unless the '--jsx' flag is provided.
src/ai-gateway/app/(dashboard)/control/command-center/components/CommandCenterOverviewSector.tsx(624,17): error TS17004: Cannot use JSX unless the '--jsx' flag is provided.
src/ai-gateway/app/(dashboard)/control/command-center/components/CommandCenterOverviewSector.tsx(628,13): error TS17004: Cannot use JSX unless the '--jsx' flag is provided.
src/ai-gateway/app/(dashboard)/control/command-center/components/CommandCenterOverviewSector.tsx(629,15): error TS17004: Cannot use JSX unless the '--jsx' flag is provided.
src/ai-gateway/app/(dashboard)/control/command-center/components/CommandCenterOverviewSector.tsx(630,17): error TS17004: Cannot use JSX unless the '--jsx' flag is provided.
src/ai-gateway/app/(dashboard)/control/command-center/components/CommandCenterOverviewSector.tsx(633,17): error TS17004: Cannot use JSX unless the '--jsx' flag is provided.
src/ai-gateway/app/(dashboard)/control/command-center/components/CommandCenterOverviewSector.tsx(637,15): error TS17004: Cannot use JSX unless the '--jsx' flag is provided.
src/ai-gateway/app/(dashboard)/control/command-center/components/CommandCenterOverviewSector.tsx(638,17): error TS17004: Cannot use JSX unless the '--jsx' flag is provided.
src/ai-gateway/app/(dashboard)/control/command-center/components/CommandCenterOverviewSector.tsx(650,17): error TS17004: Cannot use JSX unless the '--jsx' flag is provided.
src/ai-gateway/app/(dashboard)/control/command-center/components/CommandCenterOverviewSector.tsx(656,9): error TS17004: Cannot use JSX unless the '--jsx' flag is provided.
src/ai-gateway/app/(dashboard)/control/command-center/components/CommandCenterOverviewSector.tsx(657,11): error TS17004: Cannot use JSX unless the '--jsx' flag is provided.
src/ai-gateway/app/(dashboard)/control/command-center/components/CommandCenterOverviewSector.tsx(659,15): error TS17004: Cannot use JSX unless the '--jsx' flag is provided.
src/ai-gateway/app/(dashboard)/control/command-center/components/CommandCenterOverviewSector.tsx(669,13): error TS17004: Cannot use JSX unless the '--jsx' flag is provided.
src/ai-gateway/app/(dashboard)/control/command-center/components/CommandCenterOverviewSector.tsx(672,28): error TS2552: Cannot find name 'commandCenterRunObservatoryHasQuery'. Did you mean 'formatCommandCenterRunObservatoryQuery'?
src/ai-gateway/app/(dashboard)/control/command-center/components/CommandCenterOverviewSector.tsx(678,11): error TS17004: Cannot use JSX unless the '--jsx' flag is provided.
src/ai-gateway/app/(dashboard)/control/command-center/components/CommandCenterOverviewSector.tsx(682,13): error TS17004: Cannot use JSX unless the '--jsx' flag is provided.
src/ai-gateway/app/(dashboard)/control/command-center/components/CommandCenterOverviewSector.tsx(687,13): error TS17004: Cannot use JSX unless the '--jsx' flag is provided.
src/ai-gateway/app/(dashboard)/control/command-center/components/CommandCenterOverviewSector.tsx(688,15): error TS17004: Cannot use JSX unless the '--jsx' flag is provided.
src/ai-gateway/app/(dashboard)/control/command-center/components/CommandCenterOverviewSector.tsx(689,17): error TS17004: Cannot use JSX unless the '--jsx' flag is provided.
src/ai-gateway/app/(dashboard)/control/command-center/components/CommandCenterOverviewSector.tsx(690,17): error TS17004: Cannot use JSX unless the '--jsx' flag is provided.
src/ai-gateway/app/(dashboard)/control/command-center/components/CommandCenterOverviewSector.tsx(693,17): error TS17004: Cannot use JSX unless the '--jsx' flag is provided.
src/ai-gateway/app/(dashboard)/control/command-center/components/CommandCenterOverviewSector.tsx(697,19): error TS17004: Cannot use JSX unless the '--jsx' flag is provided.
src/ai-gateway/app/(dashboard)/control/command-center/components/CommandCenterOverviewSector.tsx(700,19): error TS17004: Cannot use JSX unless the '--jsx' flag is provided.
src/ai-gateway/app/(dashboard)/control/command-center/components/CommandCenterOverviewSector.tsx(701,21): error TS17004: Cannot use JSX unless the '--jsx' flag is provided.
src/ai-gateway/app/(dashboard)/control/command-center/components/CommandCenterOverviewSector.tsx(713,17): error TS17004: Cannot use JSX unless the '--jsx' flag is provided.
src/ai-gateway/app/(dashboard)/control/command-center/components/CommandCenterOverviewSector.tsx(714,19): error TS17004: Cannot use JSX unless the '--jsx' flag is provided.
src/ai-gateway/app/(dashboard)/control/command-center/components/CommandCenterOverviewSector.tsx(715,19): error TS17004: Cannot use JSX unless the '--jsx' flag is provided.
src/ai-gateway/app/(dashboard)/control/command-center/components/CommandCenterOverviewSector.tsx(719,17): error TS17004: Cannot use JSX unless the '--jsx' flag is provided.
src/ai-gateway/app/(dashboard)/control/command-center/components/CommandCenterOverviewSector.tsx(724,13): error TS17004: Cannot use JSX unless the '--jsx' flag is provided.
src/ai-gateway/app/(dashboard)/control/command-center/components/CommandCenterOverviewSector.tsx(725,15): error TS17004: Cannot use JSX unless the '--jsx' flag is provided.
src/ai-gateway/app/(dashboard)/control/command-center/components/CommandCenterOverviewSector.tsx(726,17): error TS17004: Cannot use JSX unless the '--jsx' flag is provided.
src/ai-gateway/app/(dashboard)/control/command-center/components/CommandCenterOverviewSector.tsx(727,17): error TS17004: Cannot use JSX unless the '--jsx' flag is provided.
src/ai-gateway/app/(dashboard)/control/command-center/components/CommandCenterOverviewSector.tsx(730,17): error TS17004: Cannot use JSX unless the '--jsx' flag is provided.
src/ai-gateway/app/(dashboard)/control/command-center/components/CommandCenterOverviewSector.tsx(735,17): error TS17004: Cannot use JSX unless the '--jsx' flag is provided.
src/ai-gateway/app/(dashboard)/control/command-center/components/CommandCenterOverviewSector.tsx(736,19): error TS17004: Cannot use JSX unless the '--jsx' flag is provided.
src/ai-gateway/app/(dashboard)/control/command-center/components/CommandCenterOverviewSector.tsx(737,19): error TS17004: Cannot use JSX unless the '--jsx' flag is provided.
src/ai-gateway/app/(dashboard)/control/command-center/components/CommandCenterOverviewSector.tsx(740,41): error TS17004: Cannot use JSX unless the '--jsx' flag is provided.
src/ai-gateway/app/(dashboard)/control/command-center/components/CommandCenterOverviewSector.tsx(744,17): error TS17004: Cannot use JSX unless the '--jsx' flag is provided.
src/ai-gateway/app/(dashboard)/control/command-center/components/CommandCenterOverviewSector.tsx(745,19): error TS17004: Cannot use JSX unless the '--jsx' flag is provided.
src/ai-gateway/app/(dashboard)/control/command-center/components/CommandCenterOverviewSector.tsx(746,19): error TS17004: Cannot use JSX unless the '--jsx' flag is provided.
src/ai-gateway/app/(dashboard)/control/command-center/components/CommandCenterOverviewSector.tsx(754,13): error TS17004: Cannot use JSX unless the '--jsx' flag is provided.
src/ai-gateway/app/(dashboard)/control/command-center/components/CommandCenterOverviewSector.tsx(759,13): error TS17004: Cannot use JSX unless the '--jsx' flag is provided.
src/ai-gateway/app/(dashboard)/control/command-center/components/CommandCenterOverviewSector.tsx(761,17): error TS17004: Cannot use JSX unless the '--jsx' flag is provided.
src/ai-gateway/app/(dashboard)/control/command-center/components/CommandCenterOverviewSector.tsx(762,19): error TS17004: Cannot use JSX unless the '--jsx' flag is provided.
src/ai-gateway/app/(dashboard)/control/command-center/components/CommandCenterOverviewSector.tsx(763,19): error TS17004: Cannot use JSX unless the '--jsx' flag is provided.
src/ai-gateway/app/(dashboard)/control/command-center/components/CommandCenterOverviewSector.tsx(767,17): error TS17004: Cannot use JSX unless the '--jsx' flag is provided.
src/ai-gateway/app/(dashboard)/control/command-center/components/CommandCenterOverviewSector.tsx(768,19): error TS17004: Cannot use JSX unless the '--jsx' flag is provided.
src/ai-gateway/app/(dashboard)/control/command-center/components/CommandCenterOverviewSector.tsx(769,19): error TS17004: Cannot use JSX unless the '--jsx' flag is provided.
src/ai-gateway/app/(dashboard)/control/command-center/components/CommandCenterOverviewSector.tsx(775,13): error TS17004: Cannot use JSX unless the '--jsx' flag is provided.
src/ai-gateway/app/(dashboard)/control/command-center/components/CommandCenterOverviewSector.tsx(777,17): error TS17004: Cannot use JSX unless the '--jsx' flag is provided.
src/ai-gateway/app/(dashboard)/control/command-center/components/CommandCenterOverviewSector.tsx(778,19): error TS17004: Cannot use JSX unless the '--jsx' flag is provided.
src/ai-gateway/app/(dashboard)/control/command-center/components/CommandCenterOverviewSector.tsx(779,19): error TS17004: Cannot use JSX unless the '--jsx' flag is provided.
src/ai-gateway/app/(dashboard)/control/command-center/components/CommandCenterOverviewSector.tsx(780,19): error TS17004: Cannot use JSX unless the '--jsx' flag is provided.
src/ai-gateway/app/(dashboard)/control/command-center/components/CommandCenterOverviewSector.tsx(783,19): error TS17004: Cannot use JSX unless the '--jsx' flag is provided.
src/ai-gateway/app/(dashboard)/control/command-center/components/CommandCenterOverviewSector.tsx(786,19): error TS17004: Cannot use JSX unless the '--jsx' flag is provided.
src/ai-gateway/app/(dashboard)/control/command-center/components/CommandCenterOverviewSector.tsx(789,19): error TS17004: Cannot use JSX unless the '--jsx' flag is provided.
src/ai-gateway/app/(dashboard)/control/command-center/components/CommandCenterOverviewSector.tsx(790,19): error TS17004: Cannot use JSX unless the '--jsx' flag is provided.
src/ai-gateway/app/(dashboard)/control/command-center/components/CommandCenterOverviewSector.tsx(791,19): error TS17004: Cannot use JSX unless the '--jsx' flag is provided.
src/ai-gateway/app/(dashboard)/control/command-center/components/CommandCenterOverviewSector.tsx(792,21): error TS17004: Cannot use JSX unless the '--jsx' flag is provided.
src/ai-gateway/app/(dashboard)/control/command-center/components/CommandCenterOverviewSector.tsx(800,23): error TS17004: Cannot use JSX unless the '--jsx' flag is provided.
src/ai-gateway/app/(dashboard)/control/command-center/components/CommandCenterOverviewSector.tsx(813,17): error TS17004: Cannot use JSX unless the '--jsx' flag is provided.
src/ai-gateway/app/(dashboard)/control/command-center/components/CommandCenterOverviewSector.tsx(818,13): error TS17004: Cannot use JSX unless the '--jsx' flag is provided.
src/ai-gateway/app/(dashboard)/control/command-center/components/CommandCenterOverviewSector.tsx(820,17): error TS17004: Cannot use JSX unless the '--jsx' flag is provided.
src/ai-gateway/app/(dashboard)/control/command-center/components/CommandCenterOverviewSector.tsx(821,19): error TS17004: Cannot use JSX unless the '--jsx' flag is provided.
src/ai-gateway/app/(dashboard)/control/command-center/components/CommandCenterOverviewSector.tsx(822,19): error TS17004: Cannot use JSX unless the '--jsx' flag is provided.
src/ai-gateway/app/(dashboard)/control/command-center/components/CommandCenterOverviewSector.tsx(827,11): error TS17004: Cannot use JSX unless the '--jsx' flag is provided.
src/ai-gateway/app/(dashboard)/control/command-center/components/CommandCenterOverviewSector.tsx(829,15): error TS17004: Cannot use JSX unless the '--jsx' flag is provided.
src/ai-gateway/app/(dashboard)/control/command-center/components/CommandCenterOverviewSector.tsx(830,17): error TS17004: Cannot use JSX unless the '--jsx' flag is provided.
src/ai-gateway/app/(dashboard)/control/command-center/components/CommandCenterOverviewSector.tsx(831,19): error TS17004: Cannot use JSX unless the '--jsx' flag is provided.
src/ai-gateway/app/(dashboard)/control/command-center/components/CommandCenterOverviewSector.tsx(832,19): error TS17004: Cannot use JSX unless the '--jsx' flag is provided.
src/ai-gateway/app/(dashboard)/control/command-center/components/CommandCenterOverviewSector.tsx(834,17): error TS17004: Cannot use JSX unless the '--jsx' flag is provided.
src/ai-gateway/app/(dashboard)/control/command-center/components/CommandCenterOverviewSector.tsx(835,19): error TS17004: Cannot use JSX unless the '--jsx' flag is provided.
src/ai-gateway/app/(dashboard)/control/command-center/components/CommandCenterOverviewSector.tsx(836,19): error TS17004: Cannot use JSX unless the '--jsx' flag is provided.
src/ai-gateway/app/(dashboard)/control/command-center/components/CommandCenterOverviewSector.tsx(843,17): error TS17004: Cannot use JSX unless the '--jsx' flag is provided.
src/ai-gateway/app/(dashboard)/control/command-center/components/CommandCenterOverviewSector.tsx(844,19): error TS17004: Cannot use JSX unless the '--jsx' flag is provided.
src/ai-gateway/app/(dashboard)/control/command-center/components/CommandCenterOverviewSector.tsx(852,21): error TS17004: Cannot use JSX unless the '--jsx' flag is provided.
src/ai-gateway/app/(dashboard)/control/command-center/components/CommandCenterOverviewSector.tsx(861,21): error TS17004: Cannot use JSX unless the '--jsx' flag is provided.
src/ai-gateway/app/(dashboard)/control/command-center/components/CommandCenterOverviewSector.tsx(872,15): error TS17004: Cannot use JSX unless the '--jsx' flag is provided.
src/ai-gateway/app/(dashboard)/control/command-center/components/CommandCenterOverviewSector.tsx(877,9): error TS17004: Cannot use JSX unless the '--jsx' flag is provided.
src/ai-gateway/app/(dashboard)/control/command-center/components/CommandCenterOverviewSector.tsx(879,9): error TS17004: Cannot use JSX unless the '--jsx' flag is provided.
src/ai-gateway/app/(dashboard)/control/command-center/components/CommandCenterOverviewSector.tsx(880,11): error TS17004: Cannot use JSX unless the '--jsx' flag is provided.
src/ai-gateway/app/(dashboard)/control/command-center/components/CommandCenterOverviewSector.tsx(882,15): error TS17004: Cannot use JSX unless the '--jsx' flag is provided.
src/ai-gateway/app/(dashboard)/control/command-center/components/CommandCenterOverviewSector.tsx(883,17): error TS17004: Cannot use JSX unless the '--jsx' flag is provided.
src/ai-gateway/app/(dashboard)/control/command-center/components/CommandCenterOverviewSector.tsx(884,17): error TS17004: Cannot use JSX unless the '--jsx' flag is provided.
src/ai-gateway/app/(dashboard)/control/command-center/components/CommandCenterOverviewSector.tsx(888,15): error TS17004: Cannot use JSX unless the '--jsx' flag is provided.
src/ai-gateway/app/(dashboard)/control/command-center/components/CommandCenterOverviewSector.tsx(893,9): error TS17004: Cannot use JSX unless the '--jsx' flag is provided.
src/ai-gateway/app/(dashboard)/control/command-center/components/CommandCenterOverviewSector.tsx(894,11): error TS17004: Cannot use JSX unless the '--jsx' flag is provided.
src/ai-gateway/app/(dashboard)/control/command-center/components/CommandCenterOverviewSector.tsx(895,60): error TS7006: Parameter 'check' implicitly has an 'any' type.
src/ai-gateway/app/(dashboard)/control/command-center/components/CommandCenterOverviewSector.tsx(896,15): error TS17004: Cannot use JSX unless the '--jsx' flag is provided.
src/ai-gateway/app/(dashboard)/control/command-center/components/CommandCenterOverviewSector.tsx(897,17): error TS17004: Cannot use JSX unless the '--jsx' flag is provided.
src/ai-gateway/app/(dashboard)/control/command-center/components/CommandCenterOverviewSector.tsx(898,17): error TS17004: Cannot use JSX unless the '--jsx' flag is provided.
src/ai-gateway/app/(dashboard)/control/command-center/components/CommandCenterOverviewSector.tsx(901,15): error TS17004: Cannot use JSX unless the '--jsx' flag is provided.
src/ai-gateway/app/(dashboard)/control/command-center/components/CommandCenterOverviewSector.tsx(907,11): error TS17004: Cannot use JSX unless the '--jsx' flag is provided.
src/ai-gateway/app/(dashboard)/control/command-center/components/CommandCenterOverviewSector.tsx(908,13): error TS17004: Cannot use JSX unless the '--jsx' flag is provided.
src/ai-gateway/app/(dashboard)/control/command-center/components/CommandCenterOverviewSector.tsx(909,13): error TS17004: Cannot use JSX unless the '--jsx' flag is provided.
src/ai-gateway/app/(dashboard)/control/command-center/components/CommandCenterOverviewSector.tsx(910,74): error TS7006: Parameter 'step' implicitly has an 'any' type.
src/ai-gateway/app/(dashboard)/control/command-center/components/CommandCenterOverviewSector.tsx(911,17): error TS17004: Cannot use JSX unless the '--jsx' flag is provided.
src/ai-gateway/app/(dashboard)/control/command-center/components/CommandCenterOverviewSector.tsx(917,17): error TS17004: Cannot use JSX unless the '--jsx' flag is provided.
src/ai-gateway/app/(dashboard)/control/command-center/components/CommandCenterOverviewSector.tsx(924,11): error TS17004: Cannot use JSX unless the '--jsx' flag is provided.
src/ai-gateway/app/(dashboard)/control/command-center/components/CommandCenterOverviewSector.tsx(925,13): error TS17004: Cannot use JSX unless the '--jsx' flag is provided.
src/ai-gateway/app/(dashboard)/control/command-center/components/CommandCenterOverviewSector.tsx(926,13): error TS17004: Cannot use JSX unless the '--jsx' flag is provided.
src/ai-gateway/app/(dashboard)/control/command-center/components/CommandCenterOverviewSector.tsx(927,76): error TS7006: Parameter 'reason' implicitly has an 'any' type.
src/ai-gateway/app/(dashboard)/control/command-center/components/CommandCenterOverviewSector.tsx(928,17): error TS17004: Cannot use JSX unless the '--jsx' flag is provided.
src/ai-gateway/app/(dashboard)/control/command-center/components/CommandCenterOverviewSector.tsx(933,17): error TS17004: Cannot use JSX unless the '--jsx' flag is provided.
src/ai-gateway/app/(dashboard)/control/command-center/components/CommandCenterOverviewSector.tsx(940,11): error TS17004: Cannot use JSX unless the '--jsx' flag is provided.
src/ai-gateway/app/(dashboard)/control/command-center/components/CommandCenterOverviewSector.tsx(941,13): error TS17004: Cannot use JSX unless the '--jsx' flag is provided.
src/ai-gateway/app/(dashboard)/control/command-center/components/CommandCenterOverviewSector.tsx(942,13): error TS17004: Cannot use JSX unless the '--jsx' flag is provided.
src/ai-gateway/app/(dashboard)/control/command-center/components/CommandCenterOverviewSector.tsx(944,17): error TS17004: Cannot use JSX unless the '--jsx' flag is provided.
src/ai-gateway/app/(dashboard)/control/command-center/components/CommandCenterOverviewSector.tsx(945,19): error TS17004: Cannot use JSX unless the '--jsx' flag is provided.
src/ai-gateway/app/(dashboard)/control/command-center/components/CommandCenterOverviewSector.tsx(946,19): error TS17004: Cannot use JSX unless the '--jsx' flag is provided.
src/ai-gateway/app/(dashboard)/control/command-center/components/CommandCenterOverviewSector.tsx(949,17): error TS17004: Cannot use JSX unless the '--jsx' flag is provided.
src/ai-gateway/app/(dashboard)/control/command-center/components/CommandCenterOverviewSector.tsx(956,11): error TS17004: Cannot use JSX unless the '--jsx' flag is provided.
src/ai-gateway/app/(dashboard)/control/command-center/components/CommandCenterOverviewSector.tsx(957,13): error TS17004: Cannot use JSX unless the '--jsx' flag is provided.
src/ai-gateway/app/(dashboard)/control/command-center/components/CommandCenterOverviewSector.tsx(958,13): error TS17004: Cannot use JSX unless the '--jsx' flag is provided.
src/ai-gateway/app/(dashboard)/control/command-center/components/CommandCenterOverviewSector.tsx(960,17): error TS17004: Cannot use JSX unless the '--jsx' flag is provided.
src/ai-gateway/app/(dashboard)/control/command-center/components/CommandCenterOverviewSector.tsx(961,19): error TS17004: Cannot use JSX unless the '--jsx' flag is provided.
src/ai-gateway/app/(dashboard)/control/command-center/components/CommandCenterOverviewSector.tsx(962,19): error TS17004: Cannot use JSX unless the '--jsx' flag is provided.
src/ai-gateway/app/(dashboard)/control/command-center/components/CommandCenterOverviewSector.tsx(967,17): error TS17004: Cannot use JSX unless the '--jsx' flag is provided.
src/ai-gateway/app/(dashboard)/control/command-center/components/CommandCenterOverviewSector.tsx(974,11): error TS17004: Cannot use JSX unless the '--jsx' flag is provided.
src/ai-gateway/app/(dashboard)/control/command-center/components/CommandCenterOverviewSector.tsx(975,13): error TS17004: Cannot use JSX unless the '--jsx' flag is provided.
src/ai-gateway/app/(dashboard)/control/command-center/components/CommandCenterOverviewSector.tsx(976,13): error TS17004: Cannot use JSX unless the '--jsx' flag is provided.
src/ai-gateway/app/(dashboard)/control/command-center/components/CommandCenterOverviewSector.tsx(978,17): error TS17004: Cannot use JSX unless the '--jsx' flag is provided.
src/ai-gateway/app/(dashboard)/control/command-center/components/CommandCenterOverviewSector.tsx(979,19): error TS17004: Cannot use JSX unless the '--jsx' flag is provided.
src/ai-gateway/app/(dashboard)/control/command-center/components/CommandCenterOverviewSector.tsx(980,19): error TS17004: Cannot use JSX unless the '--jsx' flag is provided.
src/ai-gateway/app/(dashboard)/control/command-center/components/CommandCenterOverviewSector.tsx(985,17): error TS17004: Cannot use JSX unless the '--jsx' flag is provided.
src/ai-gateway/app/(dashboard)/control/command-center/components/CommandCenterOverviewSector.tsx(992,11): error TS17004: Cannot use JSX unless the '--jsx' flag is provided.
src/ai-gateway/app/(dashboard)/control/command-center/components/CommandCenterOverviewSector.tsx(993,13): error TS17004: Cannot use JSX unless the '--jsx' flag is provided.
src/ai-gateway/app/(dashboard)/control/command-center/components/CommandCenterOverviewSector.tsx(994,13): error TS17004: Cannot use JSX unless the '--jsx' flag is provided.
src/ai-gateway/app/(dashboard)/control/command-center/components/CommandCenterOverviewSector.tsx(996,17): error TS17004: Cannot use JSX unless the '--jsx' flag is provided.
src/ai-gateway/app/(dashboard)/control/command-center/components/CommandCenterOverviewSector.tsx(997,19): error TS17004: Cannot use JSX unless the '--jsx' flag is provided.
src/ai-gateway/app/(dashboard)/control/command-center/components/CommandCenterOverviewSector.tsx(998,19): error TS17004: Cannot use JSX unless the '--jsx' flag is provided.
src/ai-gateway/app/(dashboard)/control/command-center/components/CommandCenterOverviewSector.tsx(1003,17): error TS17004: Cannot use JSX unless the '--jsx' flag is provided.
src/ai-gateway/app/(dashboard)/control/command-center/components/CommandCenterOverviewSector.tsx(1009,9): error TS17004: Cannot use JSX unless the '--jsx' flag is provided.
src/ai-gateway/app/(dashboard)/control/command-center/components/CommandCenterOverviewSector.tsx(1016,13): error TS17004: Cannot use JSX unless the '--jsx' flag is provided.
src/ai-gateway/app/(dashboard)/control/command-center/components/CommandCenterOverviewSector.tsx(1017,15): error TS17004: Cannot use JSX unless the '--jsx' flag is provided.
src/ai-gateway/app/(dashboard)/control/command-center/components/CommandCenterOverviewSector.tsx(1018,17): error TS17004: Cannot use JSX unless the '--jsx' flag is provided.
src/ai-gateway/app/(dashboard)/control/command-center/components/CommandCenterOverviewSector.tsx(1021,17): error TS17004: Cannot use JSX unless the '--jsx' flag is provided.
src/ai-gateway/app/(dashboard)/control/command-center/components/CommandCenterOverviewSector.tsx(1024,17): error TS17004: Cannot use JSX unless the '--jsx' flag is provided.
src/ai-gateway/app/(dashboard)/control/command-center/components/CommandCenterOverviewSector.tsx(1029,17): error TS17004: Cannot use JSX unless the '--jsx' flag is provided.
src/ai-gateway/app/(dashboard)/control/command-center/components/CommandCenterOverviewSector.tsx(1030,19): error TS17004: Cannot use JSX unless the '--jsx' flag is provided.
src/ai-gateway/app/(dashboard)/control/command-center/components/CommandCenterOverviewSector.tsx(1031,19): error TS17004: Cannot use JSX unless the '--jsx' flag is provided.
src/ai-gateway/app/(dashboard)/control/command-center/components/CommandCenterOverviewSector.tsx(1034,17): error TS17004: Cannot use JSX unless the '--jsx' flag is provided.
src/ai-gateway/app/(dashboard)/control/command-center/components/CommandCenterOverviewSector.tsx(1036,15): error TS17004: Cannot use JSX unless the '--jsx' flag is provided.
src/ai-gateway/app/(dashboard)/control/command-center/components/CommandCenterOverviewSector.tsx(1037,17): error TS17004: Cannot use JSX unless the '--jsx' flag is provided.
src/ai-gateway/app/(dashboard)/control/command-center/components/CommandCenterOverviewSector.tsx(1038,17): error TS17004: Cannot use JSX unless the '--jsx' flag is provided.
src/ai-gateway/app/(dashboard)/control/command-center/components/CommandCenterOverviewSector.tsx(1042,15): error TS17004: Cannot use JSX unless the '--jsx' flag is provided.
src/ai-gateway/app/(dashboard)/control/command-center/components/CommandCenterOverviewSector.tsx(1043,17): error TS17004: Cannot use JSX unless the '--jsx' flag is provided.
src/ai-gateway/app/(dashboard)/control/command-center/components/CommandCenterOverviewSector.tsx(1044,17): error TS17004: Cannot use JSX unless the '--jsx' flag is provided.
src/ai-gateway/app/(dashboard)/control/command-center/components/CommandCenterOverviewSector.tsx(1050,13): error TS17004: Cannot use JSX unless the '--jsx' flag is provided.
src/ai-gateway/app/(dashboard)/control/command-center/components/CommandCenterOverviewSector.tsx(1055,11): error TS17004: Cannot use JSX unless the '--jsx' flag is provided.
src/ai-gateway/app/(dashboard)/control/command-center/components/CommandCenterOverviewSector.tsx(1056,13): error TS17004: Cannot use JSX unless the '--jsx' flag is provided.
src/ai-gateway/app/(dashboard)/control/command-center/components/CommandCenterOverviewSector.tsx(1057,13): error TS17004: Cannot use JSX unless the '--jsx' flag is provided.
src/ai-gateway/app/(dashboard)/control/command-center/components/CommandCenterOverviewSector.tsx(1059,17): error TS17004: Cannot use JSX unless the '--jsx' flag is provided.
src/ai-gateway/app/(dashboard)/control/command-center/components/CommandCenterOverviewSector.tsx(1060,19): error TS17004: Cannot use JSX unless the '--jsx' flag is provided.
src/ai-gateway/app/(dashboard)/control/command-center/components/CommandCenterOverviewSector.tsx(1061,19): error TS17004: Cannot use JSX unless the '--jsx' flag is provided.
src/ai-gateway/app/(dashboard)/control/command-center/components/CommandCenterOverviewSector.tsx(1066,17): error TS17004: Cannot use JSX unless the '--jsx' flag is provided.
src/ai-gateway/app/(dashboard)/control/command-center/components/CommandCenterOverviewSector.tsx(1073,11): error TS17004: Cannot use JSX unless the '--jsx' flag is provided.
src/ai-gateway/app/(dashboard)/control/command-center/components/CommandCenterOverviewSector.tsx(1074,13): error TS17004: Cannot use JSX unless the '--jsx' flag is provided.
src/ai-gateway/app/(dashboard)/control/command-center/components/CommandCenterOverviewSector.tsx(1075,13): error TS17004: Cannot use JSX unless the '--jsx' flag is provided.
src/ai-gateway/app/(dashboard)/control/command-center/components/CommandCenterOverviewSector.tsx(1077,17): error TS17004: Cannot use JSX unless the '--jsx' flag is provided.
src/ai-gateway/app/(dashboard)/control/command-center/components/CommandCenterOverviewSector.tsx(1078,19): error TS17004: Cannot use JSX unless the '--jsx' flag is provided.
src/ai-gateway/app/(dashboard)/control/command-center/components/CommandCenterOverviewSector.tsx(1079,19): error TS17004: Cannot use JSX unless the '--jsx' flag is provided.
src/ai-gateway/app/(dashboard)/control/command-center/components/CommandCenterOverviewSector.tsx(1084,17): error TS17004: Cannot use JSX unless the '--jsx' flag is provided.
src/ai-gateway/app/(dashboard)/control/command-center/components/CommandCenterOverviewSector.tsx(1091,11): error TS17004: Cannot use JSX unless the '--jsx' flag is provided.
src/ai-gateway/app/(dashboard)/control/command-center/components/CommandCenterOverviewSector.tsx(1092,13): error TS17004: Cannot use JSX unless the '--jsx' flag is provided.
src/ai-gateway/app/(dashboard)/control/command-center/components/CommandCenterOverviewSector.tsx(1093,13): error TS17004: Cannot use JSX unless the '--jsx' flag is provided.
src/ai-gateway/app/(dashboard)/control/command-center/components/CommandCenterOverviewSector.tsx(1095,17): error TS17004: Cannot use JSX unless the '--jsx' flag is provided.
src/ai-gateway/app/(dashboard)/control/command-center/components/CommandCenterOverviewSector.tsx(1096,19): error TS17004: Cannot use JSX unless the '--jsx' flag is provided.
src/ai-gateway/app/(dashboard)/control/command-center/components/CommandCenterOverviewSector.tsx(1097,19): error TS17004: Cannot use JSX unless the '--jsx' flag is provided.
src/ai-gateway/app/(dashboard)/control/command-center/components/CommandCenterOverviewSector.tsx(1102,17): error TS17004: Cannot use JSX unless the '--jsx' flag is provided.
src/ai-gateway/app/(dashboard)/control/command-center/components/CommandCenterOverviewSector.tsx(1109,11): error TS17004: Cannot use JSX unless the '--jsx' flag is provided.
src/ai-gateway/app/(dashboard)/control/command-center/components/CommandCenterOverviewSector.tsx(1110,13): error TS17004: Cannot use JSX unless the '--jsx' flag is provided.
src/ai-gateway/app/(dashboard)/control/command-center/components/CommandCenterOverviewSector.tsx(1111,13): error TS17004: Cannot use JSX unless the '--jsx' flag is provided.
src/ai-gateway/app/(dashboard)/control/command-center/components/CommandCenterOverviewSector.tsx(1113,17): error TS17004: Cannot use JSX unless the '--jsx' flag is provided.
src/ai-gateway/app/(dashboard)/control/command-center/components/CommandCenterOverviewSector.tsx(1114,19): error TS17004: Cannot use JSX unless the '--jsx' flag is provided.
src/ai-gateway/app/(dashboard)/control/command-center/components/CommandCenterOverviewSector.tsx(1115,19): error TS17004: Cannot use JSX unless the '--jsx' flag is provided.
src/ai-gateway/app/(dashboard)/control/command-center/components/CommandCenterOverviewSector.tsx(1120,17): error TS17004: Cannot use JSX unless the '--jsx' flag is provided.
src/ai-gateway/app/(dashboard)/control/command-center/components/CommandCenterOverviewSector.tsx(1126,9): error TS17004: Cannot use JSX unless the '--jsx' flag is provided.
src/ai-gateway/app/(dashboard)/control/command-center/components/CommandCenterOverviewSector.tsx(1131,13): error TS17004: Cannot use JSX unless the '--jsx' flag is provided.
src/ai-gateway/app/(dashboard)/control/command-center/components/CommandCenterOverviewSector.tsx(1133,11): error TS17004: Cannot use JSX unless the '--jsx' flag is provided.
src/ai-gateway/app/(dashboard)/control/command-center/components/CommandCenterOverviewSector.tsx(1134,96): error TS7006: Parameter 'recommendation' implicitly has an 'any' type.
src/ai-gateway/app/(dashboard)/control/command-center/components/CommandCenterOverviewSector.tsx(1135,15): error TS17004: Cannot use JSX unless the '--jsx' flag is provided.
src/ai-gateway/app/(dashboard)/control/command-center/components/CommandCenterOverviewSector.tsx(1141,15): error TS17004: Cannot use JSX unless the '--jsx' flag is provided.
src/ai-gateway/app/(dashboard)/control/command-center/components/CommandCenterOverviewSector.tsx(1146,15): error TS17004: Cannot use JSX unless the '--jsx' flag is provided.
src/ai-gateway/app/(dashboard)/control/command-center/components/CommandCenterOverviewSector.tsx(1151,9): error TS17004: Cannot use JSX unless the '--jsx' flag is provided.
src/ai-gateway/app/(dashboard)/control/command-center/components/CommandCenterOverviewSector.tsx(1152,11): error TS17004: Cannot use JSX unless the '--jsx' flag is provided.
src/ai-gateway/app/(dashboard)/control/command-center/components/CommandCenterOverviewSector.tsx(1154,15): error TS17004: Cannot use JSX unless the '--jsx' flag is provided.
src/ai-gateway/app/(dashboard)/control/command-center/components/CommandCenterOverviewSector.tsx(1155,17): error TS17004: Cannot use JSX unless the '--jsx' flag is provided.
src/ai-gateway/app/(dashboard)/control/command-center/components/CommandCenterOverviewSector.tsx(1156,17): error TS17004: Cannot use JSX unless the '--jsx' flag is provided.
src/ai-gateway/app/(dashboard)/control/command-center/components/CommandCenterOverviewSector.tsx(1159,15): error TS17004: Cannot use JSX unless the '--jsx' flag is provided.
src/ai-gateway/app/(dashboard)/control/command-center/components/CommandCenterOverviewSector.tsx(1165,7): error TS17004: Cannot use JSX unless the '--jsx' flag is provided.
src/ai-gateway/app/(dashboard)/control/command-center/components/CommandCenterOverviewSector.tsx(1166,9): error TS17004: Cannot use JSX unless the '--jsx' flag is provided.
src/ai-gateway/app/(dashboard)/control/command-center/components/CommandCenterOverviewSector.tsx(1167,11): error TS17004: Cannot use JSX unless the '--jsx' flag is provided.
src/ai-gateway/app/(dashboard)/control/command-center/components/CommandCenterOverviewSector.tsx(1168,11): error TS17004: Cannot use JSX unless the '--jsx' flag is provided.
src/ai-gateway/app/(dashboard)/control/command-center/components/CommandCenterOverviewSector.tsx(1169,11): error TS17004: Cannot use JSX unless the '--jsx' flag is provided.
src/ai-gateway/app/(dashboard)/control/command-center/components/CommandCenterOverviewSector.tsx(1171,9): error TS17004: Cannot use JSX unless the '--jsx' flag is provided.
src/ai-gateway/app/(dashboard)/control/command-center/components/CommandCenterOverviewSector.tsx(1193,5): error TS17004: Cannot use JSX unless the '--jsx' flag is provided.
src/ai-gateway/app/(dashboard)/control/command-center/components/CommandCenterOverviewSector.tsx(1194,7): error TS17004: Cannot use JSX unless the '--jsx' flag is provided.
src/ai-gateway/app/(dashboard)/control/command-center/components/CommandCenterOverviewSector.tsx(1195,7): error TS17004: Cannot use JSX unless the '--jsx' flag is provided.
src/ai-gateway/app/(dashboard)/control/command-center/components/CommandCenterOverviewSector.tsx(1196,7): error TS17004: Cannot use JSX unless the '--jsx' flag is provided.
src/ai-gateway/app/(dashboard)/control/command-center/components/CommandCenterPrimitives.tsx(28,5): error TS17004: Cannot use JSX unless the '--jsx' flag is provided.
src/ai-gateway/app/(dashboard)/control/command-center/components/CommandCenterPrimitives.tsx(29,7): error TS17004: Cannot use JSX unless the '--jsx' flag is provided.
src/ai-gateway/app/(dashboard)/control/command-center/components/CommandCenterPrimitives.tsx(31,9): error TS17004: Cannot use JSX unless the '--jsx' flag is provided.
src/ai-gateway/app/(dashboard)/control/command-center/components/CommandCenterPrimitives.tsx(50,5): error TS17004: Cannot use JSX unless the '--jsx' flag is provided.
src/ai-gateway/app/(dashboard)/control/command-center/components/CommandCenterPrimitives.tsx(51,7): error TS17004: Cannot use JSX unless the '--jsx' flag is provided.
src/ai-gateway/app/(dashboard)/control/command-center/components/CommandCenterPrimitives.tsx(52,9): error TS17004: Cannot use JSX unless the '--jsx' flag is provided.
src/ai-gateway/app/(dashboard)/control/command-center/components/CommandCenterPrimitives.tsx(53,9): error TS17004: Cannot use JSX unless the '--jsx' flag is provided.
src/ai-gateway/app/(dashboard)/control/command-center/components/CommandCenterPrimitives.tsx(54,11): error TS17004: Cannot use JSX unless the '--jsx' flag is provided.
src/ai-gateway/app/(dashboard)/control/command-center/components/CommandCenterPrimitives.tsx(55,11): error TS17004: Cannot use JSX unless the '--jsx' flag is provided.
src/ai-gateway/app/(dashboard)/control/command-center/components/CommandCenterPrimitives.tsx(58,7): error TS17004: Cannot use JSX unless the '--jsx' flag is provided.
src/ai-gateway/app/(dashboard)/control/command-center/components/CommandCenterPrimitives.tsx(59,9): error TS17004: Cannot use JSX unless the '--jsx' flag is provided.
src/ai-gateway/app/(dashboard)/control/command-center/components/CommandCenterPrimitives.tsx(60,9): error TS17004: Cannot use JSX unless the '--jsx' flag is provided.
src/ai-gateway/app/(dashboard)/control/command-center/components/CommandCenterPrimitives.tsx(61,9): error TS17004: Cannot use JSX unless the '--jsx' flag is provided.
src/ai-gateway/app/(dashboard)/control/command-center/components/CommandCenterPrimitives.tsx(63,7): error TS17004: Cannot use JSX unless the '--jsx' flag is provided.
src/ai-gateway/app/(dashboard)/control/command-center/components/CommandCenterPrimitives.tsx(64,9): error TS17004: Cannot use JSX unless the '--jsx' flag is provided.
src/ai-gateway/app/(dashboard)/control/command-center/components/CommandCenterPrimitives.tsx(67,9): error TS17004: Cannot use JSX unless the '--jsx' flag is provided.
src/ai-gateway/app/(dashboard)/control/command-center/components/CommandCenterPrimitives.tsx(71,11): error TS17004: Cannot use JSX unless the '--jsx' flag is provided.
src/ai-gateway/app/(dashboard)/control/command-center/components/CommandCenterPrimitives.tsx(92,5): error TS17004: Cannot use JSX unless the '--jsx' flag is provided.
src/ai-gateway/app/(dashboard)/control/command-center/components/CommandCenterPrimitives.tsx(93,7): error TS17004: Cannot use JSX unless the '--jsx' flag is provided.
src/ai-gateway/app/(dashboard)/control/command-center/components/CommandCenterPrimitives.tsx(95,11): error TS17004: Cannot use JSX unless the '--jsx' flag is provided.
src/ai-gateway/app/(dashboard)/control/command-center/components/CommandCenterPrimitives.tsx(103,13): error TS17004: Cannot use JSX unless the '--jsx' flag is provided.
src/ai-gateway/app/(dashboard)/control/command-center/components/CommandCenterPrimitives.tsx(106,13): error TS17004: Cannot use JSX unless the '--jsx' flag is provided.
src/ai-gateway/app/(dashboard)/control/command-center/components/CommandCenterPrimitives.tsx(107,34): error TS17004: Cannot use JSX unless the '--jsx' flag is provided.
src/ai-gateway/app/(dashboard)/control/command-center/components/CommandCenterPrimitives.tsx(129,5): error TS17004: Cannot use JSX unless the '--jsx' flag is provided.
src/ai-gateway/app/(dashboard)/control/command-center/components/CommandCenterPrimitives.tsx(130,16): error TS17004: Cannot use JSX unless the '--jsx' flag is provided.
src/ai-gateway/app/(dashboard)/control/command-center/components/CommandCenterPrimitives.tsx(131,7): error TS17004: Cannot use JSX unless the '--jsx' flag is provided.
src/ai-gateway/app/(dashboard)/control/command-center/components/CommandCenterPrimitives.tsx(132,19): error TS17004: Cannot use JSX unless the '--jsx' flag is provided.
src/ai-gateway/app/(dashboard)/control/command-center/components/CommandCenterPrimitives.tsx(147,5): error TS17004: Cannot use JSX unless the '--jsx' flag is provided.
src/ai-gateway/app/(dashboard)/control/command-center/components/CommandCenterPrimitives.tsx(165,5): error TS17004: Cannot use JSX unless the '--jsx' flag is provided.
src/ai-gateway/app/(dashboard)/control/command-center/components/CommandCenterPrimitives.tsx(183,5): error TS17004: Cannot use JSX unless the '--jsx' flag is provided.
src/ai-gateway/app/(dashboard)/control/command-center/components/CommandCenterPrimitives.tsx(188,14): error TS17004: Cannot use JSX unless the '--jsx' flag is provided.
src/ai-gateway/app/(dashboard)/control/command-center/components/CommandCenterPrimitives.tsx(188,44): error TS17004: Cannot use JSX unless the '--jsx' flag is provided.
src/ai-gateway/app/(dashboard)/control/command-center/components/CommandCenterPrimitives.tsx(209,5): error TS17004: Cannot use JSX unless the '--jsx' flag is provided.
src/ai-gateway/app/(dashboard)/control/command-center/components/CommandCenterPrimitives.tsx(210,7): error TS17004: Cannot use JSX unless the '--jsx' flag is provided.
src/ai-gateway/app/(dashboard)/control/command-center/components/CommandCenterPrimitives.tsx(211,7): error TS17004: Cannot use JSX unless the '--jsx' flag is provided.
src/ai-gateway/app/(dashboard)/control/command-center/components/CommandCenterPrimitives.tsx(212,9): error TS17004: Cannot use JSX unless the '--jsx' flag is provided.
src/ai-gateway/app/(dashboard)/control/command-center/components/CommandCenterPrimitives.tsx(213,9): error TS17004: Cannot use JSX unless the '--jsx' flag is provided.
src/ai-gateway/app/(dashboard)/control/command-center/components/CommandCenterPrimitives.tsx(214,9): error TS17004: Cannot use JSX unless the '--jsx' flag is provided.
src/ai-gateway/app/(dashboard)/control/command-center/components/CommandCenterPrimitives.tsx(233,5): error TS17004: Cannot use JSX unless the '--jsx' flag is provided.
src/ai-gateway/app/(dashboard)/control/command-center/components/CommandCenterPrimitives.tsx(234,7): error TS17004: Cannot use JSX unless the '--jsx' flag is provided.
src/ai-gateway/app/(dashboard)/control/command-center/components/CommandCenterPrimitives.tsx(235,17): error TS17004: Cannot use JSX unless the '--jsx' flag is provided.
src/ai-gateway/app/(dashboard)/control/command-center/components/CommandCenterPrimitives.tsx(254,9): error TS2741: Property '"sales-os"' is missing in type '{ gateway: string; workspace: string; terminal: string; overview: string; channels: string; instances: string; sessions: string; usage: string; agents: string; skills: string; nodes: string; dreams: string; config: string; docs: string; cron: string; }' but required in type 'Record<"config" | "skills" | "workspace" | "usage" | "gateway" | "agents" | "nodes" | "channels" | "sessions" | "terminal" | "docs" | "cron" | "overview" | "sales-os" | "instances" | "dreams", string>'.
src/ai-gateway/app/(dashboard)/control/command-center/components/CommandCenterPrimitives.tsx(276,5): error TS17004: Cannot use JSX unless the '--jsx' flag is provided.
src/ai-gateway/app/(dashboard)/control/command-center/components/CommandCenterPrimitives.tsx(284,7): error TS17004: Cannot use JSX unless the '--jsx' flag is provided.
src/ai-gateway/app/(dashboard)/control/command-center/components/CommandCenterPrimitives.tsx(285,7): error TS17004: Cannot use JSX unless the '--jsx' flag is provided.
src/ai-gateway/app/(dashboard)/control/command-center/components/CommandCenterPrimitives.tsx(286,7): error TS17004: Cannot use JSX unless the '--jsx' flag is provided.
src/ai-gateway/app/(dashboard)/control/command-center/components/CommandCenterPrimitives.tsx(287,7): error TS17004: Cannot use JSX unless the '--jsx' flag is provided.
src/ai-gateway/app/(dashboard)/control/command-center/components/CommandCenterPrimitives.tsx(288,7): error TS17004: Cannot use JSX unless the '--jsx' flag is provided.
src/ai-gateway/app/(dashboard)/control/command-center/components/CommandCenterPrimitives.tsx(289,7): error TS17004: Cannot use JSX unless the '--jsx' flag is provided.
src/ai-gateway/app/(dashboard)/control/command-center/components/CommandCenterPrimitives.tsx(290,7): error TS17004: Cannot use JSX unless the '--jsx' flag is provided.
src/ai-gateway/app/(dashboard)/control/command-center/components/CommandCenterPrimitives.tsx(291,7): error TS17004: Cannot use JSX unless the '--jsx' flag is provided.
src/ai-gateway/app/(dashboard)/control/command-center/components/CommandCenterRemoteMeshApprovalPanel.tsx(16,8): error TS6142: Module './CommandCenterPrimitives' was resolved to 'C:/TESTES DEV/1_PROJETOS_ATIVOS/Zavorth/src/ai-gateway/app/(dashboard)/control/command-center/components/CommandCenterPrimitives.tsx', but '--jsx' is not set.
src/ai-gateway/app/(dashboard)/control/command-center/components/CommandCenterRemoteMeshApprovalPanel.tsx(34,44): error TS2367: This comparison appears to be unintentional because the types 'RemoteMeshNotebookApprovalUxSurface' and '"command-center"' have no overlap.
src/ai-gateway/app/(dashboard)/control/command-center/components/CommandCenterRemoteMeshApprovalPanel.tsx(47,5): error TS17004: Cannot use JSX unless the '--jsx' flag is provided.
src/ai-gateway/app/(dashboard)/control/command-center/components/CommandCenterRemoteMeshApprovalPanel.tsx(52,7): error TS17004: Cannot use JSX unless the '--jsx' flag is provided.
src/ai-gateway/app/(dashboard)/control/command-center/components/CommandCenterRemoteMeshApprovalPanel.tsx(62,13): error TS17004: Cannot use JSX unless the '--jsx' flag is provided.
src/ai-gateway/app/(dashboard)/control/command-center/components/CommandCenterRemoteMeshApprovalPanel.tsx(95,7): error TS17004: Cannot use JSX unless the '--jsx' flag is provided.
src/ai-gateway/app/(dashboard)/control/command-center/components/CommandCenterRemoteMeshApprovalPanel.tsx(121,5): error TS17004: Cannot use JSX unless the '--jsx' flag is provided.
src/ai-gateway/app/(dashboard)/control/command-center/components/CommandCenterRemoteMeshApprovalPanel.tsx(122,7): error TS17004: Cannot use JSX unless the '--jsx' flag is provided.
src/ai-gateway/app/(dashboard)/control/command-center/components/CommandCenterRemoteMeshApprovalPanel.tsx(123,9): error TS17004: Cannot use JSX unless the '--jsx' flag is provided.
src/ai-gateway/app/(dashboard)/control/command-center/components/CommandCenterRemoteMeshApprovalPanel.tsx(124,9): error TS17004: Cannot use JSX unless the '--jsx' flag is provided.
src/ai-gateway/app/(dashboard)/control/command-center/components/CommandCenterRemoteMeshApprovalPanel.tsx(125,17): error TS2339: Property 'commandCenter' does not exist on type 'RemoteMeshNotebookApprovalUxCard'.
src/ai-gateway/app/(dashboard)/control/command-center/components/CommandCenterRemoteMeshApprovalPanel.tsx(128,7): error TS17004: Cannot use JSX unless the '--jsx' flag is provided.
src/ai-gateway/app/(dashboard)/control/command-center/components/CommandCenterRemoteMeshApprovalPanel.tsx(129,7): error TS17004: Cannot use JSX unless the '--jsx' flag is provided.
src/ai-gateway/app/(dashboard)/control/command-center/components/CommandCenterRemoteMeshApprovalPanel.tsx(130,9): error TS17004: Cannot use JSX unless the '--jsx' flag is provided.
src/ai-gateway/app/(dashboard)/control/command-center/components/CommandCenterRemoteMeshApprovalPanel.tsx(131,9): error TS17004: Cannot use JSX unless the '--jsx' flag is provided.
src/ai-gateway/app/(dashboard)/control/command-center/components/CommandCenterRemoteMeshApprovalPanel.tsx(134,9): error TS17004: Cannot use JSX unless the '--jsx' flag is provided.
src/ai-gateway/app/(dashboard)/control/command-center/components/CommandCenterRemoteMeshApprovalPanel.tsx(135,11): error TS17004: Cannot use JSX unless the '--jsx' flag is provided.
src/ai-gateway/app/(dashboard)/control/command-center/components/CommandCenterRemoteMeshApprovalPanel.tsx(147,24): error TS2339: Property 'commandCenter' does not exist on type 'RemoteMeshNotebookApprovalUxCard'.
src/ai-gateway/app/(dashboard)/control/command-center/components/CommandCenterRemoteMeshApprovalPanel.tsx(149,11): error TS17004: Cannot use JSX unless the '--jsx' flag is provided.
src/ai-gateway/app/(dashboard)/control/command-center/components/CommandCenterRemoteMeshApprovalPanel.tsx(155,9): error TS17004: Cannot use JSX unless the '--jsx' flag is provided.
src/ai-gateway/app/(dashboard)/control/command-center/components/CommandCenterRemoteMeshApprovalPanel.tsx(156,11): error TS17004: Cannot use JSX unless the '--jsx' flag is provided.
src/ai-gateway/app/(dashboard)/control/command-center/components/CommandCenterRemoteMeshApprovalPanel.tsx(157,42): error TS17004: Cannot use JSX unless the '--jsx' flag is provided.
src/ai-gateway/app/(dashboard)/control/command-center/components/CommandCenterRemoteMeshApprovalPanel.tsx(161,9): error TS17004: Cannot use JSX unless the '--jsx' flag is provided.
src/ai-gateway/app/(dashboard)/control/command-center/components/CommandCenterRemoteMeshApprovalPanel.tsx(162,11): error TS17004: Cannot use JSX unless the '--jsx' flag is provided.
src/ai-gateway/app/(dashboard)/control/command-center/components/CommandCenterRemoteMeshApprovalPanel.tsx(164,13): error TS17004: Cannot use JSX unless the '--jsx' flag is provided.
src/ai-gateway/app/(dashboard)/control/command-center/components/CommandCenterRemoteMeshApprovalPanel.tsx(175,5): error TS2322: Type '"2026-05-05.remote-mesh-command-center-real-mcp-proxy"' is not assignable to type '"2026-05-05.remote-mesh-dashboard-real-mcp-proxy"'.
src/ai-gateway/app/(dashboard)/control/command-center/components/CommandCenterRemoteMeshApprovalPanel.tsx(201,7): error TS2322: Type '"2026-05-05.remote-mesh-command-center-real-mcp-proxy"' is not assignable to type '"2026-05-05.remote-mesh-dashboard-real-mcp-proxy"'.
src/ai-gateway/app/(dashboard)/control/command-center/components/CommandCenterRuntimeKeyValueList.tsx(5,5): error TS17004: Cannot use JSX unless the '--jsx' flag is provided.
src/ai-gateway/app/(dashboard)/control/command-center/components/CommandCenterRuntimeKeyValueList.tsx(7,9): error TS17004: Cannot use JSX unless the '--jsx' flag is provided.
src/ai-gateway/app/(dashboard)/control/command-center/components/CommandCenterRuntimeKeyValueList.tsx(8,11): error TS17004: Cannot use JSX unless the '--jsx' flag is provided.
src/ai-gateway/app/(dashboard)/control/command-center/components/CommandCenterRuntimeKeyValueList.tsx(9,11): error TS17004: Cannot use JSX unless the '--jsx' flag is provided.
src/ai-gateway/app/(dashboard)/control/command-center/components/CommandCenterSalesOsSector.tsx(5,55): error TS6142: Module './CommandCenterPrimitives' was resolved to 'C:/TESTES DEV/1_PROJETOS_ATIVOS/Zavorth/src/ai-gateway/app/(dashboard)/control/command-center/components/CommandCenterPrimitives.tsx', but '--jsx' is not set.
src/ai-gateway/app/(dashboard)/control/command-center/components/CommandCenterSalesOsSector.tsx(59,55): error TS2339: Property 'agents' does not exist on type '{ inbox: { id: string; customerId: string; status: string; lastIntent: string; lastMessageAt: string; summary: string; }[]; crm: { customerId: string; intent: string; stage: string; nextAction: string; risk: string; handoffRequired: boolean; }[]; channelHealth: { ...; }; ledger: { ...; }; }'.
src/ai-gateway/app/(dashboard)/control/command-center/components/CommandCenterSalesOsSector.tsx(114,5): error TS17004: Cannot use JSX unless the '--jsx' flag is provided.
src/ai-gateway/app/(dashboard)/control/command-center/components/CommandCenterSalesOsSector.tsx(115,7): error TS17004: Cannot use JSX unless the '--jsx' flag is provided.
src/ai-gateway/app/(dashboard)/control/command-center/components/CommandCenterSalesOsSector.tsx(116,9): error TS17004: Cannot use JSX unless the '--jsx' flag is provided.
src/ai-gateway/app/(dashboard)/control/command-center/components/CommandCenterSalesOsSector.tsx(117,11): error TS17004: Cannot use JSX unless the '--jsx' flag is provided.
src/ai-gateway/app/(dashboard)/control/command-center/components/CommandCenterSalesOsSector.tsx(118,11): error TS17004: Cannot use JSX unless the '--jsx' flag is provided.
src/ai-gateway/app/(dashboard)/control/command-center/components/CommandCenterSalesOsSector.tsx(119,11): error TS17004: Cannot use JSX unless the '--jsx' flag is provided.
src/ai-gateway/app/(dashboard)/control/command-center/components/CommandCenterSalesOsSector.tsx(121,9): error TS17004: Cannot use JSX unless the '--jsx' flag is provided.
src/ai-gateway/app/(dashboard)/control/command-center/components/CommandCenterSalesOsSector.tsx(122,11): error TS17004: Cannot use JSX unless the '--jsx' flag is provided.
src/ai-gateway/app/(dashboard)/control/command-center/components/CommandCenterSalesOsSector.tsx(125,11): error TS17004: Cannot use JSX unless the '--jsx' flag is provided.
src/ai-gateway/app/(dashboard)/control/command-center/components/CommandCenterSalesOsSector.tsx(129,7): error TS17004: Cannot use JSX unless the '--jsx' flag is provided.
src/ai-gateway/app/(dashboard)/control/command-center/components/CommandCenterSalesOsSector.tsx(130,9): error TS17004: Cannot use JSX unless the '--jsx' flag is provided.
src/ai-gateway/app/(dashboard)/control/command-center/components/CommandCenterSalesOsSector.tsx(131,11): error TS17004: Cannot use JSX unless the '--jsx' flag is provided.
src/ai-gateway/app/(dashboard)/control/command-center/components/CommandCenterSalesOsSector.tsx(133,15): error TS17004: Cannot use JSX unless the '--jsx' flag is provided.
src/ai-gateway/app/(dashboard)/control/command-center/components/CommandCenterSalesOsSector.tsx(134,17): error TS17004: Cannot use JSX unless the '--jsx' flag is provided.
src/ai-gateway/app/(dashboard)/control/command-center/components/CommandCenterSalesOsSector.tsx(135,17): error TS17004: Cannot use JSX unless the '--jsx' flag is provided.
src/ai-gateway/app/(dashboard)/control/command-center/components/CommandCenterSalesOsSector.tsx(137,18): error TS17004: Cannot use JSX unless the '--jsx' flag is provided.
src/ai-gateway/app/(dashboard)/control/command-center/components/CommandCenterSalesOsSector.tsx(141,9): error TS17004: Cannot use JSX unless the '--jsx' flag is provided.
src/ai-gateway/app/(dashboard)/control/command-center/components/CommandCenterSalesOsSector.tsx(142,11): error TS17004: Cannot use JSX unless the '--jsx' flag is provided.
src/ai-gateway/app/(dashboard)/control/command-center/components/CommandCenterSalesOsSector.tsx(144,15): error TS17004: Cannot use JSX unless the '--jsx' flag is provided.
src/ai-gateway/app/(dashboard)/control/command-center/components/CommandCenterSalesOsSector.tsx(145,17): error TS17004: Cannot use JSX unless the '--jsx' flag is provided.
src/ai-gateway/app/(dashboard)/control/command-center/components/CommandCenterSalesOsSector.tsx(146,17): error TS17004: Cannot use JSX unless the '--jsx' flag is provided.
src/ai-gateway/app/(dashboard)/control/command-center/components/CommandCenterSalesOsSector.tsx(148,18): error TS17004: Cannot use JSX unless the '--jsx' flag is provided.
src/ai-gateway/app/(dashboard)/control/command-center/components/CommandCenterSalesOsSector.tsx(152,9): error TS17004: Cannot use JSX unless the '--jsx' flag is provided.
src/ai-gateway/app/(dashboard)/control/command-center/components/CommandCenterSalesOsSector.tsx(153,11): error TS17004: Cannot use JSX unless the '--jsx' flag is provided.
src/ai-gateway/app/(dashboard)/control/command-center/components/CommandCenterSalesOsSector.tsx(154,13): error TS17004: Cannot use JSX unless the '--jsx' flag is provided.
src/ai-gateway/app/(dashboard)/control/command-center/components/CommandCenterSalesOsSector.tsx(155,15): error TS17004: Cannot use JSX unless the '--jsx' flag is provided.
src/ai-gateway/app/(dashboard)/control/command-center/components/CommandCenterSalesOsSector.tsx(156,15): error TS17004: Cannot use JSX unless the '--jsx' flag is provided.
src/ai-gateway/app/(dashboard)/control/command-center/components/CommandCenterSalesOsSector.tsx(160,13): error TS17004: Cannot use JSX unless the '--jsx' flag is provided.
src/ai-gateway/app/(dashboard)/control/command-center/components/CommandCenterSalesOsSector.tsx(161,15): error TS17004: Cannot use JSX unless the '--jsx' flag is provided.
src/ai-gateway/app/(dashboard)/control/command-center/components/CommandCenterSalesOsSector.tsx(162,15): error TS17004: Cannot use JSX unless the '--jsx' flag is provided.
src/ai-gateway/app/(dashboard)/control/command-center/components/CommandCenterSalesOsSector.tsx(166,13): error TS17004: Cannot use JSX unless the '--jsx' flag is provided.
src/ai-gateway/app/(dashboard)/control/command-center/components/CommandCenterSalesOsSector.tsx(167,15): error TS17004: Cannot use JSX unless the '--jsx' flag is provided.
src/ai-gateway/app/(dashboard)/control/command-center/components/CommandCenterSalesOsSector.tsx(168,15): error TS17004: Cannot use JSX unless the '--jsx' flag is provided.
src/ai-gateway/app/(dashboard)/control/command-center/components/CommandCenterSalesOsSector.tsx(174,7): error TS17004: Cannot use JSX unless the '--jsx' flag is provided.
src/ai-gateway/app/(dashboard)/control/command-center/components/CommandCenterSalesOsSector.tsx(175,9): error TS17004: Cannot use JSX unless the '--jsx' flag is provided.
src/ai-gateway/app/(dashboard)/control/command-center/components/CommandCenterSalesOsSector.tsx(176,11): error TS17004: Cannot use JSX unless the '--jsx' flag is provided.
src/ai-gateway/app/(dashboard)/control/command-center/components/CommandCenterSalesOsSector.tsx(178,15): error TS17004: Cannot use JSX unless the '--jsx' flag is provided.
src/ai-gateway/app/(dashboard)/control/command-center/components/CommandCenterSalesOsSector.tsx(179,17): error TS17004: Cannot use JSX unless the '--jsx' flag is provided.
src/ai-gateway/app/(dashboard)/control/command-center/components/CommandCenterSalesOsSector.tsx(180,17): error TS17004: Cannot use JSX unless the '--jsx' flag is provided.
src/ai-gateway/app/(dashboard)/control/command-center/components/CommandCenterSalesOsSector.tsx(182,18): error TS17004: Cannot use JSX unless the '--jsx' flag is provided.
src/ai-gateway/app/(dashboard)/control/command-center/components/CommandCenterSalesOsSector.tsx(186,9): error TS17004: Cannot use JSX unless the '--jsx' flag is provided.
src/ai-gateway/app/(dashboard)/control/command-center/components/CommandCenterSalesOsSector.tsx(187,11): error TS17004: Cannot use JSX unless the '--jsx' flag is provided.
src/ai-gateway/app/(dashboard)/control/command-center/components/CommandCenterSalesOsSector.tsx(189,15): error TS17004: Cannot use JSX unless the '--jsx' flag is provided.
src/ai-gateway/app/(dashboard)/control/command-center/components/CommandCenterSalesOsSector.tsx(190,17): error TS17004: Cannot use JSX unless the '--jsx' flag is provided.
src/ai-gateway/app/(dashboard)/control/command-center/components/CommandCenterSalesOsSector.tsx(191,17): error TS17004: Cannot use JSX unless the '--jsx' flag is provided.
src/ai-gateway/app/(dashboard)/control/command-center/components/CommandCenterSalesOsSector.tsx(193,18): error TS17004: Cannot use JSX unless the '--jsx' flag is provided.
src/ai-gateway/app/(dashboard)/control/command-center/components/CommandCenterSalesOsSector.tsx(197,9): error TS17004: Cannot use JSX unless the '--jsx' flag is provided.
src/ai-gateway/app/(dashboard)/control/command-center/components/CommandCenterSalesOsSector.tsx(198,11): error TS17004: Cannot use JSX unless the '--jsx' flag is provided.
src/ai-gateway/app/(dashboard)/control/command-center/components/CommandCenterSalesOsSector.tsx(200,15): error TS17004: Cannot use JSX unless the '--jsx' flag is provided.
src/ai-gateway/app/(dashboard)/control/command-center/components/CommandCenterSalesOsSector.tsx(201,17): error TS17004: Cannot use JSX unless the '--jsx' flag is provided.
src/ai-gateway/app/(dashboard)/control/command-center/components/CommandCenterSalesOsSector.tsx(202,17): error TS17004: Cannot use JSX unless the '--jsx' flag is provided.
src/ai-gateway/app/(dashboard)/control/command-center/components/CommandCenterSalesOsSector.tsx(206,18): error TS17004: Cannot use JSX unless the '--jsx' flag is provided.
src/ai-gateway/app/(dashboard)/control/command-center/components/CommandCenterSalesOsSector.tsx(210,9): error TS17004: Cannot use JSX unless the '--jsx' flag is provided.
src/ai-gateway/app/(dashboard)/control/command-center/components/CommandCenterSalesOsSector.tsx(211,11): error TS17004: Cannot use JSX unless the '--jsx' flag is provided.
src/ai-gateway/app/(dashboard)/control/command-center/components/CommandCenterSalesOsSector.tsx(213,15): error TS17004: Cannot use JSX unless the '--jsx' flag is provided.
src/ai-gateway/app/(dashboard)/control/command-center/components/CommandCenterSalesOsSector.tsx(214,17): error TS17004: Cannot use JSX unless the '--jsx' flag is provided.
src/ai-gateway/app/(dashboard)/control/command-center/components/CommandCenterSalesOsSector.tsx(215,17): error TS17004: Cannot use JSX unless the '--jsx' flag is provided.
src/ai-gateway/app/(dashboard)/control/command-center/components/CommandCenterSalesOsSector.tsx(218,15): error TS17004: Cannot use JSX unless the '--jsx' flag is provided.
src/ai-gateway/app/(dashboard)/control/command-center/components/CommandCenterSalesOsSector.tsx(219,17): error TS17004: Cannot use JSX unless the '--jsx' flag is provided.
src/ai-gateway/app/(dashboard)/control/command-center/components/CommandCenterSalesOsSector.tsx(220,17): error TS17004: Cannot use JSX unless the '--jsx' flag is provided.
src/ai-gateway/app/(dashboard)/control/command-center/components/CommandCenterSalesOsSector.tsx(222,18): error TS17004: Cannot use JSX unless the '--jsx' flag is provided.
src/ai-gateway/app/(dashboard)/control/command-center/components/CommandCenterSalesOsSector.tsx(227,7): error TS17004: Cannot use JSX unless the '--jsx' flag is provided.
src/ai-gateway/app/(dashboard)/control/command-center/components/CommandCenterSalesOsSector.tsx(228,9): error TS17004: Cannot use JSX unless the '--jsx' flag is provided.
src/ai-gateway/app/(dashboard)/control/command-center/components/CommandCenterSalesOsSector.tsx(231,9): error TS17004: Cannot use JSX unless the '--jsx' flag is provided.
src/ai-gateway/app/(dashboard)/control/command-center/components/CommandCenterSalesOsSector.tsx(234,9): error TS17004: Cannot use JSX unless the '--jsx' flag is provided.
src/ai-gateway/app/(dashboard)/control/command-center/components/CommandCenterSalesOsSector.tsx(239,9): error TS17004: Cannot use JSX unless the '--jsx' flag is provided.
src/ai-gateway/app/(dashboard)/control/command-center/components/index.ts(3,8): error TS6142: Module './CommandCenterChatSurface' was resolved to 'C:/TESTES DEV/1_PROJETOS_ATIVOS/Zavorth/src/ai-gateway/app/(dashboard)/control/command-center/components/CommandCenterChatSurface.tsx', but '--jsx' is not set.
src/ai-gateway/app/(dashboard)/control/command-center/components/index.ts(6,8): error TS6142: Module './CommandCenterCommandPalette' was resolved to 'C:/TESTES DEV/1_PROJETOS_ATIVOS/Zavorth/src/ai-gateway/app/(dashboard)/control/command-center/components/CommandCenterCommandPalette.tsx', but '--jsx' is not set.
src/ai-gateway/app/(dashboard)/control/command-center/components/index.ts(9,8): error TS6142: Module './CommandCenterControlShell' was resolved to 'C:/TESTES DEV/1_PROJETOS_ATIVOS/Zavorth/src/ai-gateway/app/(dashboard)/control/command-center/components/CommandCenterControlShell.tsx', but '--jsx' is not set.
src/ai-gateway/app/(dashboard)/control/command-center/components/index.ts(12,8): error TS6142: Module './CommandCenterDeveloperWorkspace' was resolved to 'C:/TESTES DEV/1_PROJETOS_ATIVOS/Zavorth/src/ai-gateway/app/(dashboard)/control/command-center/components/CommandCenterDeveloperWorkspace.tsx', but '--jsx' is not set.
src/ai-gateway/app/(dashboard)/control/command-center/components/index.ts(15,8): error TS6142: Module './CommandCenterGatewayConsole' was resolved to 'C:/TESTES DEV/1_PROJETOS_ATIVOS/Zavorth/src/ai-gateway/app/(dashboard)/control/command-center/components/CommandCenterGatewayConsole.tsx', but '--jsx' is not set.
src/ai-gateway/app/(dashboard)/control/command-center/components/index.ts(18,8): error TS6142: Module './CommandCenterOperationsPanel' was resolved to 'C:/TESTES DEV/1_PROJETOS_ATIVOS/Zavorth/src/ai-gateway/app/(dashboard)/control/command-center/components/CommandCenterOperationsPanel.tsx', but '--jsx' is not set.
src/ai-gateway/app/(dashboard)/control/command-center/components/index.ts(21,8): error TS6142: Module './CommandCenterRemoteMeshApprovalPanel' was resolved to 'C:/TESTES DEV/1_PROJETOS_ATIVOS/Zavorth/src/ai-gateway/app/(dashboard)/control/command-center/components/CommandCenterRemoteMeshApprovalPanel.tsx', but '--jsx' is not set.
src/ai-gateway/app/(dashboard)/control/command-center/components/index.ts(32,8): error TS6142: Module './CommandCenterPrimitives' was resolved to 'C:/TESTES DEV/1_PROJETOS_ATIVOS/Zavorth/src/ai-gateway/app/(dashboard)/control/command-center/components/CommandCenterPrimitives.tsx', but '--jsx' is not set.
src/ai-gateway/app/(dashboard)/control/command-center/components/index.ts(43,8): error TS6142: Module './CommandCenterPrimitives' was resolved to 'C:/TESTES DEV/1_PROJETOS_ATIVOS/Zavorth/src/ai-gateway/app/(dashboard)/control/command-center/components/CommandCenterPrimitives.tsx', but '--jsx' is not set.
src/ai-gateway/app/(dashboard)/control/command-center/contracts/dashboardCommandCenterObservabilityContracts.ts(11,3): error TS2305: Module '"./dashboardCommandCenterCoreContracts.js"' has no exported member 'DashboardHealthSnapshot'.
src/ai-gateway/app/(dashboard)/control/command-center/contracts/dashboardCommandCenterObservabilityContracts.ts(12,3): error TS2724: '"./dashboardCommandCenterCoreContracts.js"' has no exported member named 'DashboardIdentitySnapshot'. Did you mean 'DashboardRuntimeSnapshot'?
src/ai-gateway/app/(dashboard)/control/command-center/contracts/dashboardCommandCenterObservabilityContracts.ts(13,3): error TS2724: '"./dashboardCommandCenterCoreContracts.js"' has no exported member named 'DashboardIntegrationSummary'. Did you mean 'DashboardSessionSummary'?
src/ai-gateway/app/(dashboard)/control/command-center/contracts/dashboardCommandCenterObservabilityContracts.ts(14,3): error TS2724: '"./dashboardCommandCenterCoreContracts.js"' has no exported member named 'DashboardLogEntry'. Did you mean 'DashboardAgentRun'?
src/ai-gateway/app/(dashboard)/control/command-center/contracts/dashboardCommandCenterObservabilityContracts.ts(19,3): error TS2305: Module '"./dashboardCommandCenterCoreContracts.js"' has no exported member 'DashboardReplaySummary'.
src/ai-gateway/app/(dashboard)/control/command-center/contracts/dashboardCommandCenterObservabilityContracts.ts(31,3): error TS2305: Module '"./dashboardCommandCenterCapabilityContracts.js"' has no exported member 'DashboardCapabilityNegotiationSnapshot'.
src/ai-gateway/app/(dashboard)/control/command-center/contracts/dashboardCommandCenterObservabilityContracts.ts(33,3): error TS2305: Module '"./dashboardCommandCenterCapabilityContracts.js"' has no exported member 'DashboardMemoryWithReceiptsSnapshot'.
src/ai-gateway/app/(dashboard)/control/command-center/contracts/dashboardCommandCenterObservabilityContracts.ts(34,3): error TS2305: Module '"./dashboardCommandCenterCapabilityContracts.js"' has no exported member 'DashboardNaturalCapabilityDiscoverySnapshot'.
src/ai-gateway/app/(dashboard)/control/command-center/contracts/dashboardCommandCenterObservabilityContracts.ts(36,3): error TS2305: Module '"./dashboardCommandCenterCapabilityContracts.js"' has no exported member 'DashboardSafetyNarrativeSnapshot'.
src/ai-gateway/app/(dashboard)/control/command-center/contracts/dashboardCommandCenterObservabilityContracts.ts(38,3): error TS2305: Module '"./dashboardCommandCenterCapabilityContracts.js"' has no exported member 'DashboardToolRehearsalSnapshot'.
src/ai-gateway/app/(dashboard)/control/command-center/contracts/dashboardCommandCenterObservabilityContracts.ts(39,3): error TS2305: Module '"./dashboardCommandCenterCapabilityContracts.js"' has no exported member 'DashboardUniversalPreviewModeSnapshot'.
src/ai-gateway/app/(dashboard)/control/command-center/contracts/dashboardCommandCenterReleaseContracts.ts(434,13): error TS2304: Cannot find name 'DashboardProviderMeshConsolidatedFamily'.
src/ai-gateway/app/(dashboard)/control/command-center/contracts/dashboardCommandCenterReleaseContracts.ts(435,11): error TS2552: Cannot find name 'DashboardProviderMeshConsolidatedRoute'. Did you mean 'DashboardProviderMeshConsolidationSnapshot'?
src/ai-gateway/app/(dashboard)/control/command-center/projections/commandCenterRuntimeProjection.ts(3,15): error TS2724: '"../../../../../../contracts/ZavorthPerceptionCrossSurfaceCertificationContract.js"' has no exported member named 'ZavorthPerceptionCommandCenterProjection'. Did you mean 'ZavorthPerceptionSurfaceProjection'?
src/ai-gateway/app/(dashboard)/control/command-center/projections/commandCenterRuntimeProjection.ts(232,75): error TS2304: Cannot find name 'DashboardToolRiskLevel'.
src/ai-gateway/app/(dashboard)/control/command-center/projections/commandCenterRuntimeProjection.ts(570,7): error TS2322: Type 'false' is not assignable to type 'true'.
src/ai-gateway/app/(dashboard)/control/command-center/projections/perceptionControlProjection.ts(4,15): error TS2724: '"../../../../../../contracts/ZavorthPerceptionCrossSurfaceCertificationContract.js"' has no exported member named 'ZavorthPerceptionCommandCenterProjection'. Did you mean 'ZavorthPerceptionSurfaceProjection'?
src/ai-gateway/app/(dashboard)/control/command-center/projections/remoteMeshApprovalUxProjection.ts(27,7): error TS2322: Type '"command-center"' is not assignable to type 'RemoteMeshNotebookApprovalUxSurface | undefined'.
src/ai-gateway/app/(dashboard)/control/command-center/projections/zavorthAgentGatewayRuntimeProjection.ts(117,3): error TS2322: Type '"tool" | "error" | "artifact" | "approval" | "steering"' is not assignable to type '"tool" | "error" | "status" | "artifact" | "approval" | "thinking"'.
  Type '"steering"' is not assignable to type '"tool" | "error" | "status" | "artifact" | "approval" | "thinking"'.
src/ai-gateway/app/(dashboard)/control/command-center/projections/zavorthAgentGatewayRuntimeProjection.ts(161,5): error TS2322: Type 'UniversalAgentChannel' is not assignable to type 'DashboardReplyPortKind'.
  Type '"discord"' is not assignable to type 'DashboardReplyPortKind'.
src/ai-gateway/app/(dashboard)/control/command-center/projections/zavorthAgentGatewayRuntimeProjection.ts(1324,5): error TS2322: Type '{ id: string; runId: string; traceId: string; sessionId: string; kind: UniversalAgentRunObservatoryReceiptKind; source: UniversalAgentRunObservatoryReceiptKind; ... 5 more ...; receiptId: string; }[]' is not assignable to type 'DashboardRunObservatoryTimelineEvent[]'.
  Type '{ id: string; runId: string; traceId: string; sessionId: string; kind: UniversalAgentRunObservatoryReceiptKind; source: UniversalAgentRunObservatoryReceiptKind; ... 5 more ...; receiptId: string; }' is not assignable to type 'DashboardRunObservatoryTimelineEvent'.
    Type '{ id: string; runId: string; traceId: string; sessionId: string; kind: UniversalAgentRunObservatoryReceiptKind; source: UniversalAgentRunObservatoryReceiptKind; ... 5 more ...; receiptId: string; }' is not assignable to type 'DashboardRunObservatoryReceipt'.
      Types of property 'kind' are incompatible.
        Type 'UniversalAgentRunObservatoryReceiptKind' is not assignable to type 'DashboardRunObservatoryReceiptKind'.
          Type '"steering"' is not assignable to type 'DashboardRunObservatoryReceiptKind'.
src/ai-gateway/app/(dashboard)/control/command-center/projections/zavorthAgentGatewayRuntimeProjection.ts(1338,5): error TS2322: Type '{ id: string; runId: string; traceId: string; sessionId: string; kind: UniversalAgentRunObservatoryReceiptKind; source: string; title: string; detail: string | undefined; status: "rejected" | ... 5 more ... | UniversalAgentRunStatus; createdAt: string; }[]' is not assignable to type 'DashboardRunObservatoryReceipt[]'.
  Type '{ id: string; runId: string; traceId: string; sessionId: string; kind: UniversalAgentRunObservatoryReceiptKind; source: string; title: string; detail: string | undefined; status: "rejected" | ... 5 more ... | UniversalAgentRunStatus; createdAt: string; }' is not assignable to type 'DashboardRunObservatoryReceipt'.
    Types of property 'kind' are incompatible.
      Type 'UniversalAgentRunObservatoryReceiptKind' is not assignable to type 'DashboardRunObservatoryReceiptKind'.
        Type '"steering"' is not assignable to type 'DashboardRunObservatoryReceiptKind'.
src/ai-gateway/app/(dashboard)/control/command-center/projections/zavorthAgentGatewayRuntimeProjection.ts(1350,5): error TS2322: Type '{ actions: { approveApplyLabel: string; approveApplyInstruction: string; rollbackLabel: string; rollbackInstruction: string; rollbackArtifactPath: string | null; dashboardPath: string; }; ... 13 more ...; files: { ...; }[]; }[]' is not assignable to type 'DashboardRunObservatoryDiffPreview[]'.
  Type '{ actions: { approveApplyLabel: string; approveApplyInstruction: string; rollbackLabel: string; rollbackInstruction: string; rollbackArtifactPath: string | null; dashboardPath: string; }; ... 13 more ...; files: Array<{ path: string; operation: string; status: string; hunkCount: number; }>; }' is not assignable to type 'DashboardRunObservatoryDiffPreview'.
    Types of property 'actions' are incompatible.
      Property 'commandCenterPath' is missing in type '{ approveApplyLabel: string; approveApplyInstruction: string; rollbackLabel: string; rollbackInstruction: string; rollbackArtifactPath: string | null; dashboardPath: string; }' but required in type '{ approveApplyLabel: string; approveApplyInstruction: string; rollbackLabel: string; rollbackInstruction: string; rollbackArtifactPath: string | null; commandCenterPath: string; }'.
src/ai-gateway/app/(dashboard)/control/command-center/projections/zavorthAgentGatewayRuntimeProjection.ts(1361,7): error TS2322: Type '{ createdAt: string; id: string; runId: string; traceId: string; label: string; kind: UniversalAgentRunObservatoryReceiptKind; status: "rejected" | ... 5 more ... | UniversalAgentRunStatus; }[]' is not assignable to type '{ id: string; runId: string; traceId?: string | undefined; label: string; kind: DashboardRunObservatoryReceiptKind; status: string; createdAt: string; }[]'.
  Type '{ createdAt: string; id: string; runId: string; traceId: string; label: string; kind: UniversalAgentRunObservatoryReceiptKind; status: UniversalAgentRunObservatoryReceipt["status"]; }' is not assignable to type '{ id: string; runId: string; traceId?: string | undefined; label: string; kind: DashboardRunObservatoryReceiptKind; status: string; createdAt: string; }'.
    Types of property 'kind' are incompatible.
      Type 'UniversalAgentRunObservatoryReceiptKind' is not assignable to type 'DashboardRunObservatoryReceiptKind'.
        Type '"steering"' is not assignable to type 'DashboardRunObservatoryReceiptKind'.
src/ai-gateway/app/(dashboard)/control/command-center/projections/zavorthAgentGatewayRuntimeProjection.ts(1366,5): error TS2741: Property 'commandCenterPath' is missing in type 'UniversalAgentRunObservatorySurface' but required in type '{ commandCenterPath: string; cliCommand: string; filterHints: string[]; }'.
src/ai-gateway/app/(dashboard)/control/command-center/projections/zavorthCommandCenterAssimilationProjection.ts(380,3): error TS2322: Type '{ id: string; label: string; channel: UniversalAgentChannel; status: ZavorthCommandCenterRuntimeStatus; inbound: boolean; outbound: "unavailable" | "reply-pipeline-only"; deliveryCount: number; latestDeliveryStatus: "blocked" | ... 3 more ... | undefined; replyPortId: string; }[]' is not assignable to type 'ZavorthChannelActivity[]'.
  Type '{ id: string; label: string; channel: UniversalAgentChannel; status: ZavorthCommandCenterRuntimeStatus; inbound: boolean; outbound: "unavailable" | "reply-pipeline-only"; deliveryCount: number; latestDeliveryStatus: "blocked" | ... 3 more ... | undefined; replyPortId: string; }' is not assignable to type 'ZavorthChannelActivity'.
    Types of property 'channel' are incompatible.
      Type 'UniversalAgentChannel' is not assignable to type '"unknown" | "telegram" | "web" | "cli" | "api"'.
        Type '"discord"' is not assignable to type '"unknown" | "telegram" | "web" | "cli" | "api"'.
src/ai-gateway/app/(dashboard)/control/command-center/projections/zavorthCommandCenterAssimilationProjection.ts(436,5): error TS2322: Type 'RuntimeAdapterCapabilityKind' is not assignable to type '"tool" | "provider" | "channel" | "unknown" | "mcp" | "plugin" | "skill"'.
  Type '"memory"' is not assignable to type '"tool" | "provider" | "channel" | "unknown" | "mcp" | "plugin" | "skill"'.
src/ai-gateway/app/(dashboard)/control/controlPageClient.header.tsx(3,30): error TS2307: Cannot find module '@/shared/components' or its corresponding type declarations.
src/ai-gateway/app/(dashboard)/control/controlPageClient.header.tsx(35,5): error TS17004: Cannot use JSX unless the '--jsx' flag is provided.
src/ai-gateway/app/(dashboard)/control/controlPageClient.header.tsx(36,7): error TS17004: Cannot use JSX unless the '--jsx' flag is provided.
src/ai-gateway/app/(dashboard)/control/controlPageClient.header.tsx(37,9): error TS17004: Cannot use JSX unless the '--jsx' flag is provided.
src/ai-gateway/app/(dashboard)/control/controlPageClient.header.tsx(38,11): error TS17004: Cannot use JSX unless the '--jsx' flag is provided.
src/ai-gateway/app/(dashboard)/control/controlPageClient.header.tsx(39,13): error TS17004: Cannot use JSX unless the '--jsx' flag is provided.
src/ai-gateway/app/(dashboard)/control/controlPageClient.header.tsx(40,15): error TS17004: Cannot use JSX unless the '--jsx' flag is provided.
src/ai-gateway/app/(dashboard)/control/controlPageClient.header.tsx(41,15): error TS17004: Cannot use JSX unless the '--jsx' flag is provided.
src/ai-gateway/app/(dashboard)/control/controlPageClient.header.tsx(42,15): error TS17004: Cannot use JSX unless the '--jsx' flag is provided.
src/ai-gateway/app/(dashboard)/control/controlPageClient.header.tsx(44,13): error TS17004: Cannot use JSX unless the '--jsx' flag is provided.
src/ai-gateway/app/(dashboard)/control/controlPageClient.header.tsx(45,15): error TS17004: Cannot use JSX unless the '--jsx' flag is provided.
src/ai-gateway/app/(dashboard)/control/controlPageClient.header.tsx(46,15): error TS17004: Cannot use JSX unless the '--jsx' flag is provided.
src/ai-gateway/app/(dashboard)/control/controlPageClient.header.tsx(49,15): error TS17004: Cannot use JSX unless the '--jsx' flag is provided.
src/ai-gateway/app/(dashboard)/control/controlPageClient.header.tsx(51,13): error TS17004: Cannot use JSX unless the '--jsx' flag is provided.
src/ai-gateway/app/(dashboard)/control/controlPageClient.header.tsx(52,15): error TS17004: Cannot use JSX unless the '--jsx' flag is provided.
src/ai-gateway/app/(dashboard)/control/controlPageClient.header.tsx(53,15): error TS17004: Cannot use JSX unless the '--jsx' flag is provided.
src/ai-gateway/app/(dashboard)/control/controlPageClient.header.tsx(54,15): error TS17004: Cannot use JSX unless the '--jsx' flag is provided.
src/ai-gateway/app/(dashboard)/control/controlPageClient.header.tsx(56,13): error TS17004: Cannot use JSX unless the '--jsx' flag is provided.
src/ai-gateway/app/(dashboard)/control/controlPageClient.header.tsx(57,15): error TS17004: Cannot use JSX unless the '--jsx' flag is provided.
src/ai-gateway/app/(dashboard)/control/controlPageClient.header.tsx(58,15): error TS17004: Cannot use JSX unless the '--jsx' flag is provided.
src/ai-gateway/app/(dashboard)/control/controlPageClient.header.tsx(61,15): error TS17004: Cannot use JSX unless the '--jsx' flag is provided.
src/ai-gateway/app/(dashboard)/control/controlPageClient.header.tsx(66,11): error TS17004: Cannot use JSX unless the '--jsx' flag is provided.
src/ai-gateway/app/(dashboard)/control/controlPageClient.header.tsx(67,13): error TS17004: Cannot use JSX unless the '--jsx' flag is provided.
src/ai-gateway/app/(dashboard)/control/controlPageClient.header.tsx(77,13): error TS17004: Cannot use JSX unless the '--jsx' flag is provided.
src/ai-gateway/app/(dashboard)/control/controlPageClient.header.tsx(87,13): error TS17004: Cannot use JSX unless the '--jsx' flag is provided.
src/ai-gateway/app/(dashboard)/control/controlPageClient.header.tsx(93,9): error TS17004: Cannot use JSX unless the '--jsx' flag is provided.
src/ai-gateway/app/(dashboard)/control/controlPageClient.header.tsx(95,13): error TS17004: Cannot use JSX unless the '--jsx' flag is provided.
src/ai-gateway/app/(dashboard)/control/controlPageClient.header.tsx(97,17): error TS17004: Cannot use JSX unless the '--jsx' flag is provided.
src/ai-gateway/app/(dashboard)/control/controlPageClient.header.tsx(103,13): error TS17004: Cannot use JSX unless the '--jsx' flag is provided.
src/ai-gateway/app/(dashboard)/control/controlPageClient.header.tsx(111,9): error TS17004: Cannot use JSX unless the '--jsx' flag is provided.
src/ai-gateway/app/(dashboard)/control/controlPageClient.header.tsx(116,11): error TS17004: Cannot use JSX unless the '--jsx' flag is provided.
src/ai-gateway/app/(dashboard)/control/controlPageClient.header.tsx(117,13): error TS17004: Cannot use JSX unless the '--jsx' flag is provided.
src/ai-gateway/app/(dashboard)/control/controlPageClient.header.tsx(118,15): error TS17004: Cannot use JSX unless the '--jsx' flag is provided.
src/ai-gateway/app/(dashboard)/control/controlPageClient.header.tsx(119,15): error TS17004: Cannot use JSX unless the '--jsx' flag is provided.
src/ai-gateway/app/(dashboard)/control/controlPageClient.header.tsx(122,15): error TS17004: Cannot use JSX unless the '--jsx' flag is provided.
src/ai-gateway/app/(dashboard)/control/controlPageClient.header.tsx(126,15): error TS17004: Cannot use JSX unless the '--jsx' flag is provided.
src/ai-gateway/app/(dashboard)/control/controlPageClient.header.tsx(129,21): error TS17004: Cannot use JSX unless the '--jsx' flag is provided.
src/ai-gateway/app/(dashboard)/control/controlPageClient.header.tsx(130,23): error TS17004: Cannot use JSX unless the '--jsx' flag is provided.
src/ai-gateway/app/(dashboard)/control/controlPageClient.header.tsx(131,23): error TS17004: Cannot use JSX unless the '--jsx' flag is provided.
src/ai-gateway/app/(dashboard)/control/controlPageClient.header.tsx(135,19): error TS17004: Cannot use JSX unless the '--jsx' flag is provided.
src/ai-gateway/app/(dashboard)/control/controlPageClient.header.tsx(140,13): error TS17004: Cannot use JSX unless the '--jsx' flag is provided.
src/ai-gateway/app/(dashboard)/control/controlPageClient.header.tsx(141,15): error TS17004: Cannot use JSX unless the '--jsx' flag is provided.
src/ai-gateway/app/(dashboard)/control/controlPageClient.header.tsx(142,17): error TS17004: Cannot use JSX unless the '--jsx' flag is provided.
src/ai-gateway/app/(dashboard)/control/controlPageClient.header.tsx(143,17): error TS17004: Cannot use JSX unless the '--jsx' flag is provided.
src/ai-gateway/app/(dashboard)/control/controlPageClient.header.tsx(145,21): error TS17004: Cannot use JSX unless the '--jsx' flag is provided.
src/ai-gateway/app/(dashboard)/control/controlPageClient.header.tsx(146,23): error TS17004: Cannot use JSX unless the '--jsx' flag is provided.
src/ai-gateway/app/(dashboard)/control/controlPageClient.header.tsx(153,15): error TS17004: Cannot use JSX unless the '--jsx' flag is provided.
src/ai-gateway/app/(dashboard)/control/controlPageClient.header.tsx(154,17): error TS17004: Cannot use JSX unless the '--jsx' flag is provided.
src/ai-gateway/app/(dashboard)/control/controlPageClient.header.tsx(155,17): error TS17004: Cannot use JSX unless the '--jsx' flag is provided.
src/ai-gateway/app/(dashboard)/control/controlPageClient.header.tsx(167,9): error TS17004: Cannot use JSX unless the '--jsx' flag is provided.
src/ai-gateway/app/(dashboard)/control/controlPageClient.header.tsx(172,11): error TS17004: Cannot use JSX unless the '--jsx' flag is provided.
src/ai-gateway/app/(dashboard)/control/controlPageClient.header.tsx(173,11): error TS17004: Cannot use JSX unless the '--jsx' flag is provided.
src/ai-gateway/app/(dashboard)/control/controlPageClient.header.tsx(174,13): error TS17004: Cannot use JSX unless the '--jsx' flag is provided.
src/ai-gateway/app/(dashboard)/control/controlPageClient.header.tsx(175,15): error TS17004: Cannot use JSX unless the '--jsx' flag is provided.
src/ai-gateway/app/(dashboard)/control/controlPageClient.header.tsx(176,15): error TS17004: Cannot use JSX unless the '--jsx' flag is provided.
src/ai-gateway/app/(dashboard)/control/controlPageClient.header.tsx(178,19): error TS17004: Cannot use JSX unless the '--jsx' flag is provided.
src/ai-gateway/app/(dashboard)/control/controlPageClient.header.tsx(182,13): error TS17004: Cannot use JSX unless the '--jsx' flag is provided.
src/ai-gateway/app/(dashboard)/control/controlPageClient.header.tsx(183,15): error TS17004: Cannot use JSX unless the '--jsx' flag is provided.
src/ai-gateway/app/(dashboard)/control/controlPageClient.header.tsx(184,15): error TS17004: Cannot use JSX unless the '--jsx' flag is provided.
src/ai-gateway/app/(dashboard)/control/controlPageClient.header.tsx(187,15): error TS17004: Cannot use JSX unless the '--jsx' flag is provided.
src/ai-gateway/app/(dashboard)/control/controlPageClient.header.tsx(192,11): error TS17004: Cannot use JSX unless the '--jsx' flag is provided.
src/ai-gateway/app/(dashboard)/control/controlPageClient.header.tsx(193,13): error TS17004: Cannot use JSX unless the '--jsx' flag is provided.
src/ai-gateway/app/(dashboard)/control/controlPageClient.header.tsx(202,13): error TS17004: Cannot use JSX unless the '--jsx' flag is provided.
src/ai-gateway/app/(dashboard)/control/controlPageClient.header.tsx(212,13): error TS17004: Cannot use JSX unless the '--jsx' flag is provided.
src/ai-gateway/app/(dashboard)/control/controlPageClient.header.tsx(222,13): error TS17004: Cannot use JSX unless the '--jsx' flag is provided.
src/ai-gateway/app/(dashboard)/control/controlPageClient.main.tsx(3,30): error TS2307: Cannot find module '@/shared/components' or its corresponding type declarations.
src/ai-gateway/app/(dashboard)/control/controlPageClient.main.tsx(38,5): error TS17004: Cannot use JSX unless the '--jsx' flag is provided.
src/ai-gateway/app/(dashboard)/control/controlPageClient.main.tsx(39,7): error TS17004: Cannot use JSX unless the '--jsx' flag is provided.
src/ai-gateway/app/(dashboard)/control/controlPageClient.main.tsx(40,9): error TS17004: Cannot use JSX unless the '--jsx' flag is provided.
src/ai-gateway/app/(dashboard)/control/controlPageClient.main.tsx(43,15): error TS17004: Cannot use JSX unless the '--jsx' flag is provided.
src/ai-gateway/app/(dashboard)/control/controlPageClient.main.tsx(44,17): error TS17004: Cannot use JSX unless the '--jsx' flag is provided.
src/ai-gateway/app/(dashboard)/control/controlPageClient.main.tsx(45,19): error TS17004: Cannot use JSX unless the '--jsx' flag is provided.
src/ai-gateway/app/(dashboard)/control/controlPageClient.main.tsx(46,19): error TS17004: Cannot use JSX unless the '--jsx' flag is provided.
src/ai-gateway/app/(dashboard)/control/controlPageClient.main.tsx(50,17): error TS17004: Cannot use JSX unless the '--jsx' flag is provided.
src/ai-gateway/app/(dashboard)/control/controlPageClient.main.tsx(51,17): error TS17004: Cannot use JSX unless the '--jsx' flag is provided.
src/ai-gateway/app/(dashboard)/control/controlPageClient.main.tsx(55,13): error TS17004: Cannot use JSX unless the '--jsx' flag is provided.
src/ai-gateway/app/(dashboard)/control/controlPageClient.main.tsx(62,7): error TS17004: Cannot use JSX unless the '--jsx' flag is provided.
src/ai-gateway/app/(dashboard)/control/controlPageClient.main.tsx(63,9): error TS17004: Cannot use JSX unless the '--jsx' flag is provided.
src/ai-gateway/app/(dashboard)/control/controlPageClient.main.tsx(79,17): error TS17004: Cannot use JSX unless the '--jsx' flag is provided.
src/ai-gateway/app/(dashboard)/control/controlPageClient.main.tsx(80,19): error TS17004: Cannot use JSX unless the '--jsx' flag is provided.
src/ai-gateway/app/(dashboard)/control/controlPageClient.main.tsx(81,21): error TS17004: Cannot use JSX unless the '--jsx' flag is provided.
src/ai-gateway/app/(dashboard)/control/controlPageClient.main.tsx(82,21): error TS17004: Cannot use JSX unless the '--jsx' flag is provided.
src/ai-gateway/app/(dashboard)/control/controlPageClient.main.tsx(86,19): error TS17004: Cannot use JSX unless the '--jsx' flag is provided.
src/ai-gateway/app/(dashboard)/control/controlPageClient.main.tsx(87,19): error TS17004: Cannot use JSX unless the '--jsx' flag is provided.
src/ai-gateway/app/(dashboard)/control/controlPageClient.main.tsx(89,21): error TS17004: Cannot use JSX unless the '--jsx' flag is provided.
src/ai-gateway/app/(dashboard)/control/controlPageClient.main.tsx(90,23): error TS17004: Cannot use JSX unless the '--jsx' flag is provided.
src/ai-gateway/app/(dashboard)/control/controlPageClient.main.tsx(107,13): error TS17004: Cannot use JSX unless the '--jsx' flag is provided.
src/ai-gateway/app/(dashboard)/control/controlPageClient.main.tsx(114,7): error TS17004: Cannot use JSX unless the '--jsx' flag is provided.
src/ai-gateway/app/(dashboard)/control/controlPageClient.main.tsx(115,9): error TS17004: Cannot use JSX unless the '--jsx' flag is provided.
src/ai-gateway/app/(dashboard)/control/controlPageClient.main.tsx(121,17): error TS17004: Cannot use JSX unless the '--jsx' flag is provided.
src/ai-gateway/app/(dashboard)/control/controlPageClient.main.tsx(122,19): error TS17004: Cannot use JSX unless the '--jsx' flag is provided.
src/ai-gateway/app/(dashboard)/control/controlPageClient.main.tsx(123,21): error TS17004: Cannot use JSX unless the '--jsx' flag is provided.
src/ai-gateway/app/(dashboard)/control/controlPageClient.main.tsx(126,21): error TS17004: Cannot use JSX unless the '--jsx' flag is provided.
src/ai-gateway/app/(dashboard)/control/controlPageClient.main.tsx(130,19): error TS17004: Cannot use JSX unless the '--jsx' flag is provided.
src/ai-gateway/app/(dashboard)/control/controlPageClient.main.tsx(133,19): error TS17004: Cannot use JSX unless the '--jsx' flag is provided.
src/ai-gateway/app/(dashboard)/control/controlPageClient.main.tsx(138,19): error TS17004: Cannot use JSX unless the '--jsx' flag is provided.
src/ai-gateway/app/(dashboard)/control/controlPageClient.main.tsx(139,21): error TS17004: Cannot use JSX unless the '--jsx' flag is provided.
src/ai-gateway/app/(dashboard)/control/controlPageClient.main.tsx(154,13): error TS17004: Cannot use JSX unless the '--jsx' flag is provided.
src/ai-gateway/app/(dashboard)/control/controlPageClient.main.tsx(159,7): error TS17004: Cannot use JSX unless the '--jsx' flag is provided.
src/ai-gateway/app/(dashboard)/control/controlPageClient.main.tsx(161,11): error TS17004: Cannot use JSX unless the '--jsx' flag is provided.
src/ai-gateway/app/(dashboard)/control/controlPageClient.main.tsx(162,13): error TS17004: Cannot use JSX unless the '--jsx' flag is provided.
src/ai-gateway/app/(dashboard)/control/controlPageClient.main.tsx(163,15): error TS17004: Cannot use JSX unless the '--jsx' flag is provided.
src/ai-gateway/app/(dashboard)/control/controlPageClient.main.tsx(166,15): error TS17004: Cannot use JSX unless the '--jsx' flag is provided.
src/ai-gateway/app/(dashboard)/control/controlPageClient.main.tsx(168,13): error TS17004: Cannot use JSX unless the '--jsx' flag is provided.
src/ai-gateway/app/(dashboard)/control/controlPageClient.main.tsx(169,15): error TS17004: Cannot use JSX unless the '--jsx' flag is provided.
src/ai-gateway/app/(dashboard)/control/controlPageClient.main.tsx(175,11): error TS17004: Cannot use JSX unless the '--jsx' flag is provided.
src/ai-gateway/app/(dashboard)/control/controlPageClient.main.tsx(177,15): error TS17004: Cannot use JSX unless the '--jsx' flag is provided.
src/ai-gateway/app/(dashboard)/control/controlPageClient.main.tsx(178,17): error TS17004: Cannot use JSX unless the '--jsx' flag is provided.
src/ai-gateway/app/(dashboard)/control/controlPageClient.main.tsx(181,17): error TS17004: Cannot use JSX unless the '--jsx' flag is provided.
src/ai-gateway/app/(dashboard)/control/controlPageClient.main.tsx(188,11): error TS17004: Cannot use JSX unless the '--jsx' flag is provided.
src/ai-gateway/app/(dashboard)/control/controlPageClient.main.tsx(194,7): error TS17004: Cannot use JSX unless the '--jsx' flag is provided.
src/ai-gateway/app/(dashboard)/control/controlPageClient.main.tsx(195,9): error TS17004: Cannot use JSX unless the '--jsx' flag is provided.
src/ai-gateway/app/(dashboard)/control/controlPageClient.main.tsx(214,17): error TS17004: Cannot use JSX unless the '--jsx' flag is provided.
src/ai-gateway/app/(dashboard)/control/controlPageClient.main.tsx(215,19): error TS17004: Cannot use JSX unless the '--jsx' flag is provided.
src/ai-gateway/app/(dashboard)/control/controlPageClient.main.tsx(216,21): error TS17004: Cannot use JSX unless the '--jsx' flag is provided.
src/ai-gateway/app/(dashboard)/control/controlPageClient.main.tsx(217,21): error TS17004: Cannot use JSX unless the '--jsx' flag is provided.
src/ai-gateway/app/(dashboard)/control/controlPageClient.main.tsx(221,19): error TS17004: Cannot use JSX unless the '--jsx' flag is provided.
src/ai-gateway/app/(dashboard)/control/controlPageClient.main.tsx(222,19): error TS17004: Cannot use JSX unless the '--jsx' flag is provided.
src/ai-gateway/app/(dashboard)/control/controlPageClient.main.tsx(227,13): error TS17004: Cannot use JSX unless the '--jsx' flag is provided.
src/ai-gateway/app/(dashboard)/control/controlPageClient.main.tsx(234,7): error TS17004: Cannot use JSX unless the '--jsx' flag is provided.
src/ai-gateway/app/(dashboard)/control/controlPageClient.main.tsx(235,9): error TS17004: Cannot use JSX unless the '--jsx' flag is provided.
src/ai-gateway/app/(dashboard)/control/controlPageClient.main.tsx(236,11): error TS17004: Cannot use JSX unless the '--jsx' flag is provided.
src/ai-gateway/app/(dashboard)/control/controlPageClient.main.tsx(244,19): error TS17004: Cannot use JSX unless the '--jsx' flag is provided.
src/ai-gateway/app/(dashboard)/control/controlPageClient.main.tsx(245,21): error TS17004: Cannot use JSX unless the '--jsx' flag is provided.
src/ai-gateway/app/(dashboard)/control/controlPageClient.main.tsx(246,23): error TS17004: Cannot use JSX unless the '--jsx' flag is provided.
src/ai-gateway/app/(dashboard)/control/controlPageClient.main.tsx(247,23): error TS17004: Cannot use JSX unless the '--jsx' flag is provided.
src/ai-gateway/app/(dashboard)/control/controlPageClient.main.tsx(251,21): error TS17004: Cannot use JSX unless the '--jsx' flag is provided.
src/ai-gateway/app/(dashboard)/control/controlPageClient.main.tsx(252,21): error TS17004: Cannot use JSX unless the '--jsx' flag is provided.
src/ai-gateway/app/(dashboard)/control/controlPageClient.main.tsx(253,23): error TS17004: Cannot use JSX unless the '--jsx' flag is provided.
src/ai-gateway/app/(dashboard)/control/controlPageClient.main.tsx(269,15): error TS17004: Cannot use JSX unless the '--jsx' flag is provided.
src/ai-gateway/app/(dashboard)/control/controlPageClient.main.tsx(274,9): error TS17004: Cannot use JSX unless the '--jsx' flag is provided.
src/ai-gateway/app/(dashboard)/control/controlPageClient.main.tsx(275,11): error TS17004: Cannot use JSX unless the '--jsx' flag is provided.
src/ai-gateway/app/(dashboard)/control/controlPageClient.main.tsx(285,19): error TS17004: Cannot use JSX unless the '--jsx' flag is provided.
src/ai-gateway/app/(dashboard)/control/controlPageClient.main.tsx(286,21): error TS17004: Cannot use JSX unless the '--jsx' flag is provided.
src/ai-gateway/app/(dashboard)/control/controlPageClient.main.tsx(287,23): error TS17004: Cannot use JSX unless the '--jsx' flag is provided.
src/ai-gateway/app/(dashboard)/control/controlPageClient.main.tsx(288,23): error TS17004: Cannot use JSX unless the '--jsx' flag is provided.
src/ai-gateway/app/(dashboard)/control/controlPageClient.main.tsx(292,21): error TS17004: Cannot use JSX unless the '--jsx' flag is provided.
src/ai-gateway/app/(dashboard)/control/controlPageClient.main.tsx(297,21): error TS17004: Cannot use JSX unless the '--jsx' flag is provided.
src/ai-gateway/app/(dashboard)/control/controlPageClient.main.tsx(298,23): error TS17004: Cannot use JSX unless the '--jsx' flag is provided.
src/ai-gateway/app/(dashboard)/control/controlPageClient.main.tsx(314,15): error TS17004: Cannot use JSX unless the '--jsx' flag is provided.
src/ai-gateway/app/(dashboard)/control/controlPageClient.main.tsx(320,7): error TS17004: Cannot use JSX unless the '--jsx' flag is provided.
src/ai-gateway/app/(dashboard)/control/controlPageClient.main.tsx(321,9): error TS17004: Cannot use JSX unless the '--jsx' flag is provided.
src/ai-gateway/app/(dashboard)/control/controlPageClient.main.tsx(322,11): error TS17004: Cannot use JSX unless the '--jsx' flag is provided.
src/ai-gateway/app/(dashboard)/control/controlPageClient.main.tsx(325,17): error TS17004: Cannot use JSX unless the '--jsx' flag is provided.
src/ai-gateway/app/(dashboard)/control/controlPageClient.main.tsx(329,19): error TS17004: Cannot use JSX unless the '--jsx' flag is provided.
src/ai-gateway/app/(dashboard)/control/controlPageClient.main.tsx(332,19): error TS17004: Cannot use JSX unless the '--jsx' flag is provided.
src/ai-gateway/app/(dashboard)/control/controlPageClient.main.tsx(338,15): error TS17004: Cannot use JSX unless the '--jsx' flag is provided.
src/ai-gateway/app/(dashboard)/control/controlPageClient.main.tsx(343,9): error TS17004: Cannot use JSX unless the '--jsx' flag is provided.
src/ai-gateway/app/(dashboard)/control/controlPageClient.main.tsx(344,11): error TS17004: Cannot use JSX unless the '--jsx' flag is provided.
src/ai-gateway/app/(dashboard)/control/controlPageClient.main.tsx(347,17): error TS17004: Cannot use JSX unless the '--jsx' flag is provided.
src/ai-gateway/app/(dashboard)/control/controlPageClient.main.tsx(348,19): error TS17004: Cannot use JSX unless the '--jsx' flag is provided.
src/ai-gateway/app/(dashboard)/control/controlPageClient.main.tsx(351,19): error TS17004: Cannot use JSX unless the '--jsx' flag is provided.
src/ai-gateway/app/(dashboard)/control/controlPageClient.main.tsx(359,15): error TS17004: Cannot use JSX unless the '--jsx' flag is provided.
src/ai-gateway/app/(dashboard)/control/controlPageClient.main.tsx(364,9): error TS17004: Cannot use JSX unless the '--jsx' flag is provided.
src/ai-gateway/app/(dashboard)/control/controlPageClient.main.tsx(365,11): error TS17004: Cannot use JSX unless the '--jsx' flag is provided.
src/ai-gateway/app/(dashboard)/control/controlPageClient.main.tsx(368,17): error TS17004: Cannot use JSX unless the '--jsx' flag is provided.
src/ai-gateway/app/(dashboard)/control/controlPageClient.main.tsx(372,19): error TS17004: Cannot use JSX unless the '--jsx' flag is provided.
src/ai-gateway/app/(dashboard)/control/controlPageClient.main.tsx(375,19): error TS17004: Cannot use JSX unless the '--jsx' flag is provided.
src/ai-gateway/app/(dashboard)/control/controlPageClient.main.tsx(381,15): error TS17004: Cannot use JSX unless the '--jsx' flag is provided.
src/ai-gateway/app/(dashboard)/control/controlPageClient.main.tsx(386,9): error TS17004: Cannot use JSX unless the '--jsx' flag is provided.
src/ai-gateway/app/(dashboard)/control/controlPageClient.main.tsx(387,11): error TS17004: Cannot use JSX unless the '--jsx' flag is provided.
src/ai-gateway/app/(dashboard)/control/controlPageClient.main.tsx(388,13): error TS17004: Cannot use JSX unless the '--jsx' flag is provided.
src/ai-gateway/app/(dashboard)/control/controlPageClient.main.tsx(389,15): error TS17004: Cannot use JSX unless the '--jsx' flag is provided.
src/ai-gateway/app/(dashboard)/control/controlPageClient.main.tsx(390,15): error TS17004: Cannot use JSX unless the '--jsx' flag is provided.
src/ai-gateway/app/(dashboard)/control/controlPageClient.main.tsx(392,13): error TS17004: Cannot use JSX unless the '--jsx' flag is provided.
src/ai-gateway/app/(dashboard)/control/controlPageClient.main.tsx(393,15): error TS17004: Cannot use JSX unless the '--jsx' flag is provided.
src/ai-gateway/app/(dashboard)/control/controlPageClient.main.tsx(394,15): error TS17004: Cannot use JSX unless the '--jsx' flag is provided.
src/ai-gateway/app/(dashboard)/control/controlPageClient.main.tsx(397,15): error TS17004: Cannot use JSX unless the '--jsx' flag is provided.
src/ai-gateway/app/(dashboard)/control/controlPageClient.main.tsx(401,13): error TS17004: Cannot use JSX unless the '--jsx' flag is provided.
src/ai-gateway/app/(dashboard)/control/controlPageClient.main.tsx(402,15): error TS17004: Cannot use JSX unless the '--jsx' flag is provided.
src/ai-gateway/app/(dashboard)/control/controlPageClient.main.tsx(403,15): error TS17004: Cannot use JSX unless the '--jsx' flag is provided.
src/ai-gateway/app/(dashboard)/control/controlPageClient.sidebar.tsx(3,30): error TS2307: Cannot find module '@/shared/components' or its corresponding type declarations.
src/ai-gateway/app/(dashboard)/control/controlPageClient.sidebar.tsx(29,5): error TS17004: Cannot use JSX unless the '--jsx' flag is provided.
src/ai-gateway/app/(dashboard)/control/controlPageClient.sidebar.tsx(30,7): error TS17004: Cannot use JSX unless the '--jsx' flag is provided.
src/ai-gateway/app/(dashboard)/control/controlPageClient.sidebar.tsx(31,9): error TS17004: Cannot use JSX unless the '--jsx' flag is provided.
src/ai-gateway/app/(dashboard)/control/controlPageClient.sidebar.tsx(37,9): error TS17004: Cannot use JSX unless the '--jsx' flag is provided.
src/ai-gateway/app/(dashboard)/control/controlPageClient.sidebar.tsx(38,11): error TS17004: Cannot use JSX unless the '--jsx' flag is provided.
src/ai-gateway/app/(dashboard)/control/controlPageClient.sidebar.tsx(47,11): error TS17004: Cannot use JSX unless the '--jsx' flag is provided.
src/ai-gateway/app/(dashboard)/control/controlPageClient.sidebar.tsx(57,11): error TS17004: Cannot use JSX unless the '--jsx' flag is provided.
src/ai-gateway/app/(dashboard)/control/controlPageClient.sidebar.tsx(67,7): error TS17004: Cannot use JSX unless the '--jsx' flag is provided.
src/ai-gateway/app/(dashboard)/control/controlPageClient.sidebar.tsx(68,9): error TS17004: Cannot use JSX unless the '--jsx' flag is provided.
src/ai-gateway/app/(dashboard)/control/controlPageClient.sidebar.tsx(74,17): error TS17004: Cannot use JSX unless the '--jsx' flag is provided.
src/ai-gateway/app/(dashboard)/control/controlPageClient.sidebar.tsx(86,19): error TS17004: Cannot use JSX unless the '--jsx' flag is provided.
src/ai-gateway/app/(dashboard)/control/controlPageClient.sidebar.tsx(89,19): error TS17004: Cannot use JSX unless the '--jsx' flag is provided.
src/ai-gateway/app/(dashboard)/control/controlPageClient.sidebar.tsx(92,19): error TS17004: Cannot use JSX unless the '--jsx' flag is provided.
src/ai-gateway/app/(dashboard)/control/controlPageClient.sidebar.tsx(99,13): error TS17004: Cannot use JSX unless the '--jsx' flag is provided.
src/ai-gateway/app/(dashboard)/control/controlPageClient.sidebar.tsx(104,7): error TS17004: Cannot use JSX unless the '--jsx' flag is provided.
src/ai-gateway/app/(dashboard)/control/controlPageClient.sidebar.tsx(105,9): error TS17004: Cannot use JSX unless the '--jsx' flag is provided.
src/ai-gateway/app/(dashboard)/control/controlPageClient.sidebar.tsx(106,11): error TS17004: Cannot use JSX unless the '--jsx' flag is provided.
src/ai-gateway/app/(dashboard)/control/controlPageClient.sidebar.tsx(107,11): error TS17004: Cannot use JSX unless the '--jsx' flag is provided.
src/ai-gateway/app/(dashboard)/control/controlPageClient.sidebar.tsx(110,11): error TS17004: Cannot use JSX unless the '--jsx' flag is provided.
src/ai-gateway/app/(dashboard)/control/controlPageClient.sidebar.tsx(115,11): error TS17004: Cannot use JSX unless the '--jsx' flag is provided.
src/ai-gateway/app/(dashboard)/control/controlPageClient.sidebar.tsx(120,9): error TS17004: Cannot use JSX unless the '--jsx' flag is provided.
src/ai-gateway/app/(dashboard)/control/controlPageClient.sidebar.tsx(123,15): error TS17004: Cannot use JSX unless the '--jsx' flag is provided.
src/ai-gateway/app/(dashboard)/control/controlPageClient.sidebar.tsx(127,17): error TS17004: Cannot use JSX unless the '--jsx' flag is provided.
src/ai-gateway/app/(dashboard)/control/controlPageClient.sidebar.tsx(128,19): error TS17004: Cannot use JSX unless the '--jsx' flag is provided.
src/ai-gateway/app/(dashboard)/control/controlPageClient.sidebar.tsx(131,19): error TS17004: Cannot use JSX unless the '--jsx' flag is provided.
src/ai-gateway/app/(dashboard)/control/controlPageClient.sidebar.tsx(135,17): error TS17004: Cannot use JSX unless the '--jsx' flag is provided.
src/ai-gateway/app/(dashboard)/control/controlPageClient.sidebar.tsx(138,17): error TS17004: Cannot use JSX unless the '--jsx' flag is provided.
src/ai-gateway/app/(dashboard)/control/controlPageClient.sidebar.tsx(144,13): error TS17004: Cannot use JSX unless the '--jsx' flag is provided.
src/ai-gateway/app/(dashboard)/control/controlPageClient.sidebar.tsx(150,11): error TS17004: Cannot use JSX unless the '--jsx' flag is provided.
src/ai-gateway/app/(dashboard)/control/controlPageClient.sidebar.tsx(156,7): error TS17004: Cannot use JSX unless the '--jsx' flag is provided.
src/ai-gateway/app/(dashboard)/control/controlPageClient.sidebar.tsx(157,9): error TS17004: Cannot use JSX unless the '--jsx' flag is provided.
src/ai-gateway/app/(dashboard)/control/controlPageClient.sidebar.tsx(172,17): error TS17004: Cannot use JSX unless the '--jsx' flag is provided.
src/ai-gateway/app/(dashboard)/control/controlPageClient.sidebar.tsx(173,19): error TS17004: Cannot use JSX unless the '--jsx' flag is provided.
src/ai-gateway/app/(dashboard)/control/controlPageClient.sidebar.tsx(174,21): error TS17004: Cannot use JSX unless the '--jsx' flag is provided.
src/ai-gateway/app/(dashboard)/control/controlPageClient.sidebar.tsx(175,23): error TS17004: Cannot use JSX unless the '--jsx' flag is provided.
src/ai-gateway/app/(dashboard)/control/controlPageClient.sidebar.tsx(178,23): error TS17004: Cannot use JSX unless the '--jsx' flag is provided.
src/ai-gateway/app/(dashboard)/control/controlPageClient.sidebar.tsx(182,21): error TS17004: Cannot use JSX unless the '--jsx' flag is provided.
src/ai-gateway/app/(dashboard)/control/controlPageClient.sidebar.tsx(186,19): error TS17004: Cannot use JSX unless the '--jsx' flag is provided.
src/ai-gateway/app/(dashboard)/control/controlPageClient.sidebar.tsx(187,19): error TS17004: Cannot use JSX unless the '--jsx' flag is provided.
src/ai-gateway/app/(dashboard)/control/controlPageClient.sidebar.tsx(188,21): error TS17004: Cannot use JSX unless the '--jsx' flag is provided.
src/ai-gateway/app/(dashboard)/control/controlPageClient.sidebar.tsx(189,21): error TS17004: Cannot use JSX unless the '--jsx' flag is provided.
src/ai-gateway/app/(dashboard)/control/controlPageClient.sidebar.tsx(190,21): error TS17004: Cannot use JSX unless the '--jsx' flag is provided.
src/ai-gateway/app/(dashboard)/control/controlPageClient.sidebar.tsx(194,19): error TS17004: Cannot use JSX unless the '--jsx' flag is provided.
src/ai-gateway/app/(dashboard)/control/controlPageClient.sidebar.tsx(195,21): error TS17004: Cannot use JSX unless the '--jsx' flag is provided.
src/ai-gateway/app/(dashboard)/control/controlPageClient.sidebar.tsx(205,21): error TS17004: Cannot use JSX unless the '--jsx' flag is provided.
src/ai-gateway/app/(dashboard)/control/controlPageClient.sidebar.tsx(221,13): error TS17004: Cannot use JSX unless the '--jsx' flag is provided.
src/ai-gateway/app/(dashboard)/control/controlPageClient.sidebar.tsx(226,7): error TS17004: Cannot use JSX unless the '--jsx' flag is provided.
src/ai-gateway/app/(dashboard)/control/controlPageClient.sidebar.tsx(227,9): error TS17004: Cannot use JSX unless the '--jsx' flag is provided.
src/ai-gateway/app/(dashboard)/control/controlPageClient.sidebar.tsx(230,15): error TS17004: Cannot use JSX unless the '--jsx' flag is provided.
src/ai-gateway/app/(dashboard)/control/controlPageClient.sidebar.tsx(231,17): error TS17004: Cannot use JSX unless the '--jsx' flag is provided.
src/ai-gateway/app/(dashboard)/control/controlPageClient.sidebar.tsx(232,17): error TS17004: Cannot use JSX unless the '--jsx' flag is provided.
src/ai-gateway/app/(dashboard)/control/controlPageClient.sidebar.tsx(236,19): error TS17004: Cannot use JSX unless the '--jsx' flag is provided.
src/ai-gateway/app/(dashboard)/control/controlPageClient.sidebar.tsx(241,13): error TS17004: Cannot use JSX unless the '--jsx' flag is provided.
src/ai-gateway/app/(dashboard)/control/ControlPageClient.tsx(4,39): error TS6142: Module './controlPageClient.view' was resolved to 'C:/TESTES DEV/1_PROJETOS_ATIVOS/Zavorth/src/ai-gateway/app/(dashboard)/control/controlPageClient.view.tsx', but '--jsx' is not set.
src/ai-gateway/app/(dashboard)/control/ControlPageClient.tsx(8,10): error TS17004: Cannot use JSX unless the '--jsx' flag is provided.
src/ai-gateway/app/(dashboard)/control/controlPageClient.utils.ts(250,39): error TS2339: Property 'entries' does not exist on type 'Headers'.
src/ai-gateway/app/(dashboard)/control/controlPageClient.view.tsx(11,10): error TS17004: Cannot use JSX unless the '--jsx' flag is provided.
src/ai-gateway/app/(dashboard)/control/useControlPageClient.ts(4,44): error TS2307: Cannot find module 'next/navigation' or its corresponding type declarations.
src/ai-gateway/app/(dashboard)/dashboard/agents/page.tsx(4,18): error TS2307: Cannot find module 'next/link' or its corresponding type declarations.
src/ai-gateway/app/(dashboard)/dashboard/agents/page.tsx(5,37): error TS2307: Cannot find module '@/shared/components' or its corresponding type declarations.
src/ai-gateway/app/(dashboard)/dashboard/agents/page.tsx(6,26): error TS2307: Cannot find module '@/shared/components/ProviderIcon' or its corresponding type declarations.
src/ai-gateway/app/(dashboard)/dashboard/agents/page.tsx(7,33): error TS2307: Cannot find module 'next-intl' or its corresponding type declarations.
src/ai-gateway/app/(dashboard)/dashboard/agents/page.tsx(8,30): error TS2307: Cannot find module '@/shared/constants/config' or its corresponding type declarations.
src/ai-gateway/app/(dashboard)/dashboard/agents/page.tsx(9,41): error TS2307: Cannot find module '@/shared/constants/cliCompatProviders' or its corresponding type declarations.
src/ai-gateway/app/(dashboard)/dashboard/agents/page.tsx(172,7): error TS17004: Cannot use JSX unless the '--jsx' flag is provided.
src/ai-gateway/app/(dashboard)/dashboard/agents/page.tsx(173,9): error TS17004: Cannot use JSX unless the '--jsx' flag is provided.
src/ai-gateway/app/(dashboard)/dashboard/agents/page.tsx(174,9): error TS17004: Cannot use JSX unless the '--jsx' flag is provided.
src/ai-gateway/app/(dashboard)/dashboard/agents/page.tsx(180,5): error TS17004: Cannot use JSX unless the '--jsx' flag is provided.
src/ai-gateway/app/(dashboard)/dashboard/agents/page.tsx(182,7): error TS17004: Cannot use JSX unless the '--jsx' flag is provided.
src/ai-gateway/app/(dashboard)/dashboard/agents/page.tsx(183,9): error TS17004: Cannot use JSX unless the '--jsx' flag is provided.
src/ai-gateway/app/(dashboard)/dashboard/agents/page.tsx(184,11): error TS17004: Cannot use JSX unless the '--jsx' flag is provided.
src/ai-gateway/app/(dashboard)/dashboard/agents/page.tsx(185,11): error TS17004: Cannot use JSX unless the '--jsx' flag is provided.
src/ai-gateway/app/(dashboard)/dashboard/agents/page.tsx(187,9): error TS17004: Cannot use JSX unless the '--jsx' flag is provided.
src/ai-gateway/app/(dashboard)/dashboard/agents/page.tsx(188,11): error TS17004: Cannot use JSX unless the '--jsx' flag is provided.
src/ai-gateway/app/(dashboard)/dashboard/agents/page.tsx(195,9): error TS17004: Cannot use JSX unless the '--jsx' flag is provided.
src/ai-gateway/app/(dashboard)/dashboard/agents/page.tsx(196,11): error TS17004: Cannot use JSX unless the '--jsx' flag is provided.
src/ai-gateway/app/(dashboard)/dashboard/agents/page.tsx(197,13): error TS17004: Cannot use JSX unless the '--jsx' flag is provided.
src/ai-gateway/app/(dashboard)/dashboard/agents/page.tsx(198,13): error TS17004: Cannot use JSX unless the '--jsx' flag is provided.
src/ai-gateway/app/(dashboard)/dashboard/agents/page.tsx(200,11): error TS17004: Cannot use JSX unless the '--jsx' flag is provided.
src/ai-gateway/app/(dashboard)/dashboard/agents/page.tsx(201,13): error TS17004: Cannot use JSX unless the '--jsx' flag is provided.
src/ai-gateway/app/(dashboard)/dashboard/agents/page.tsx(202,13): error TS17004: Cannot use JSX unless the '--jsx' flag is provided.
src/ai-gateway/app/(dashboard)/dashboard/agents/page.tsx(204,11): error TS17004: Cannot use JSX unless the '--jsx' flag is provided.
src/ai-gateway/app/(dashboard)/dashboard/agents/page.tsx(205,13): error TS17004: Cannot use JSX unless the '--jsx' flag is provided.
src/ai-gateway/app/(dashboard)/dashboard/agents/page.tsx(206,13): error TS17004: Cannot use JSX unless the '--jsx' flag is provided.
src/ai-gateway/app/(dashboard)/dashboard/agents/page.tsx(208,11): error TS17004: Cannot use JSX unless the '--jsx' flag is provided.
src/ai-gateway/app/(dashboard)/dashboard/agents/page.tsx(209,13): error TS17004: Cannot use JSX unless the '--jsx' flag is provided.
src/ai-gateway/app/(dashboard)/dashboard/agents/page.tsx(210,13): error TS17004: Cannot use JSX unless the '--jsx' flag is provided.
src/ai-gateway/app/(dashboard)/dashboard/agents/page.tsx(216,7): error TS17004: Cannot use JSX unless the '--jsx' flag is provided.
src/ai-gateway/app/(dashboard)/dashboard/agents/page.tsx(217,9): error TS17004: Cannot use JSX unless the '--jsx' flag is provided.
src/ai-gateway/app/(dashboard)/dashboard/agents/page.tsx(218,11): error TS17004: Cannot use JSX unless the '--jsx' flag is provided.
src/ai-gateway/app/(dashboard)/dashboard/agents/page.tsx(219,13): error TS17004: Cannot use JSX unless the '--jsx' flag is provided.
src/ai-gateway/app/(dashboard)/dashboard/agents/page.tsx(220,15): error TS17004: Cannot use JSX unless the '--jsx' flag is provided.
src/ai-gateway/app/(dashboard)/dashboard/agents/page.tsx(224,13): error TS17004: Cannot use JSX unless the '--jsx' flag is provided.
src/ai-gateway/app/(dashboard)/dashboard/agents/page.tsx(226,11): error TS17004: Cannot use JSX unless the '--jsx' flag is provided.
src/ai-gateway/app/(dashboard)/dashboard/agents/page.tsx(233,9): error TS17004: Cannot use JSX unless the '--jsx' flag is provided.
src/ai-gateway/app/(dashboard)/dashboard/agents/page.tsx(234,11): error TS17004: Cannot use JSX unless the '--jsx' flag is provided.
src/ai-gateway/app/(dashboard)/dashboard/agents/page.tsx(235,13): error TS17004: Cannot use JSX unless the '--jsx' flag is provided.
src/ai-gateway/app/(dashboard)/dashboard/agents/page.tsx(236,15): error TS17004: Cannot use JSX unless the '--jsx' flag is provided.
src/ai-gateway/app/(dashboard)/dashboard/agents/page.tsx(237,15): error TS17004: Cannot use JSX unless the '--jsx' flag is provided.
src/ai-gateway/app/(dashboard)/dashboard/agents/page.tsx(239,13): error TS17004: Cannot use JSX unless the '--jsx' flag is provided.
src/ai-gateway/app/(dashboard)/dashboard/agents/page.tsx(241,11): error TS17004: Cannot use JSX unless the '--jsx' flag is provided.
src/ai-gateway/app/(dashboard)/dashboard/agents/page.tsx(242,13): error TS17004: Cannot use JSX unless the '--jsx' flag is provided.
src/ai-gateway/app/(dashboard)/dashboard/agents/page.tsx(243,15): error TS17004: Cannot use JSX unless the '--jsx' flag is provided.
src/ai-gateway/app/(dashboard)/dashboard/agents/page.tsx(244,15): error TS17004: Cannot use JSX unless the '--jsx' flag is provided.
src/ai-gateway/app/(dashboard)/dashboard/agents/page.tsx(246,13): error TS17004: Cannot use JSX unless the '--jsx' flag is provided.
src/ai-gateway/app/(dashboard)/dashboard/agents/page.tsx(248,11): error TS17004: Cannot use JSX unless the '--jsx' flag is provided.
src/ai-gateway/app/(dashboard)/dashboard/agents/page.tsx(249,13): error TS17004: Cannot use JSX unless the '--jsx' flag is provided.
src/ai-gateway/app/(dashboard)/dashboard/agents/page.tsx(250,15): error TS17004: Cannot use JSX unless the '--jsx' flag is provided.
src/ai-gateway/app/(dashboard)/dashboard/agents/page.tsx(253,15): error TS17004: Cannot use JSX unless the '--jsx' flag is provided.
src/ai-gateway/app/(dashboard)/dashboard/agents/page.tsx(255,13): error TS17004: Cannot use JSX unless the '--jsx' flag is provided.
src/ai-gateway/app/(dashboard)/dashboard/agents/page.tsx(261,7): error TS17004: Cannot use JSX unless the '--jsx' flag is provided.
src/ai-gateway/app/(dashboard)/dashboard/agents/page.tsx(262,9): error TS17004: Cannot use JSX unless the '--jsx' flag is provided.
src/ai-gateway/app/(dashboard)/dashboard/agents/page.tsx(263,11): error TS17004: Cannot use JSX unless the '--jsx' flag is provided.
src/ai-gateway/app/(dashboard)/dashboard/agents/page.tsx(264,13): error TS17004: Cannot use JSX unless the '--jsx' flag is provided.
src/ai-gateway/app/(dashboard)/dashboard/agents/page.tsx(268,11): error TS17004: Cannot use JSX unless the '--jsx' flag is provided.
src/ai-gateway/app/(dashboard)/dashboard/agents/page.tsx(270,9): error TS17004: Cannot use JSX unless the '--jsx' flag is provided.
src/ai-gateway/app/(dashboard)/dashboard/agents/page.tsx(271,11): error TS17004: Cannot use JSX unless the '--jsx' flag is provided.
src/ai-gateway/app/(dashboard)/dashboard/agents/page.tsx(272,11): error TS17004: Cannot use JSX unless the '--jsx' flag is provided.
src/ai-gateway/app/(dashboard)/dashboard/agents/page.tsx(273,43): error TS7006: Parameter 'providerId' implicitly has an 'any' type.
src/ai-gateway/app/(dashboard)/dashboard/agents/page.tsx(282,17): error TS17004: Cannot use JSX unless the '--jsx' flag is provided.
src/ai-gateway/app/(dashboard)/dashboard/agents/page.tsx(297,19): error TS17004: Cannot use JSX unless the '--jsx' flag is provided.
src/ai-gateway/app/(dashboard)/dashboard/agents/page.tsx(305,21): error TS17004: Cannot use JSX unless the '--jsx' flag is provided.
src/ai-gateway/app/(dashboard)/dashboard/agents/page.tsx(314,13): error TS17004: Cannot use JSX unless the '--jsx' flag is provided.
src/ai-gateway/app/(dashboard)/dashboard/agents/page.tsx(315,15): error TS17004: Cannot use JSX unless the '--jsx' flag is provided.
src/ai-gateway/app/(dashboard)/dashboard/agents/page.tsx(325,7): error TS17004: Cannot use JSX unless the '--jsx' flag is provided.
src/ai-gateway/app/(dashboard)/dashboard/agents/page.tsx(327,11): error TS17004: Cannot use JSX unless the '--jsx' flag is provided.
src/ai-gateway/app/(dashboard)/dashboard/agents/page.tsx(328,13): error TS17004: Cannot use JSX unless the '--jsx' flag is provided.
src/ai-gateway/app/(dashboard)/dashboard/agents/page.tsx(329,15): error TS17004: Cannot use JSX unless the '--jsx' flag is provided.
src/ai-gateway/app/(dashboard)/dashboard/agents/page.tsx(330,17): error TS17004: Cannot use JSX unless the '--jsx' flag is provided.
src/ai-gateway/app/(dashboard)/dashboard/agents/page.tsx(338,21): error TS17004: Cannot use JSX unless the '--jsx' flag is provided.
src/ai-gateway/app/(dashboard)/dashboard/agents/page.tsx(340,21): error TS17004: Cannot use JSX unless the '--jsx' flag is provided.
src/ai-gateway/app/(dashboard)/dashboard/agents/page.tsx(345,17): error TS17004: Cannot use JSX unless the '--jsx' flag is provided.
src/ai-gateway/app/(dashboard)/dashboard/agents/page.tsx(346,19): error TS17004: Cannot use JSX unless the '--jsx' flag is provided.
src/ai-gateway/app/(dashboard)/dashboard/agents/page.tsx(349,23): error TS17004: Cannot use JSX unless the '--jsx' flag is provided.
src/ai-gateway/app/(dashboard)/dashboard/agents/page.tsx(354,19): error TS17004: Cannot use JSX unless the '--jsx' flag is provided.
src/ai-gateway/app/(dashboard)/dashboard/agents/page.tsx(357,15): error TS17004: Cannot use JSX unless the '--jsx' flag is provided.
src/ai-gateway/app/(dashboard)/dashboard/agents/page.tsx(359,19): error TS17004: Cannot use JSX unless the '--jsx' flag is provided.
src/ai-gateway/app/(dashboard)/dashboard/agents/page.tsx(360,21): error TS17004: Cannot use JSX unless the '--jsx' flag is provided.
src/ai-gateway/app/(dashboard)/dashboard/agents/page.tsx(364,19): error TS17004: Cannot use JSX unless the '--jsx' flag is provided.
src/ai-gateway/app/(dashboard)/dashboard/agents/page.tsx(365,21): error TS17004: Cannot use JSX unless the '--jsx' flag is provided.
src/ai-gateway/app/(dashboard)/dashboard/agents/page.tsx(371,13): error TS17004: Cannot use JSX unless the '--jsx' flag is provided.
src/ai-gateway/app/(dashboard)/dashboard/agents/page.tsx(372,15): error TS17004: Cannot use JSX unless the '--jsx' flag is provided.
src/ai-gateway/app/(dashboard)/dashboard/agents/page.tsx(376,17): error TS17004: Cannot use JSX unless the '--jsx' flag is provided.
src/ai-gateway/app/(dashboard)/dashboard/agents/page.tsx(381,19): error TS17004: Cannot use JSX unless the '--jsx' flag is provided.
src/ai-gateway/app/(dashboard)/dashboard/agents/page.tsx(392,9): error TS17004: Cannot use JSX unless the '--jsx' flag is provided.
src/ai-gateway/app/(dashboard)/dashboard/agents/page.tsx(393,11): error TS17004: Cannot use JSX unless the '--jsx' flag is provided.
src/ai-gateway/app/(dashboard)/dashboard/agents/page.tsx(394,13): error TS17004: Cannot use JSX unless the '--jsx' flag is provided.
src/ai-gateway/app/(dashboard)/dashboard/agents/page.tsx(395,15): error TS17004: Cannot use JSX unless the '--jsx' flag is provided.
src/ai-gateway/app/(dashboard)/dashboard/agents/page.tsx(397,13): error TS17004: Cannot use JSX unless the '--jsx' flag is provided.
src/ai-gateway/app/(dashboard)/dashboard/agents/page.tsx(398,15): error TS17004: Cannot use JSX unless the '--jsx' flag is provided.
src/ai-gateway/app/(dashboard)/dashboard/agents/page.tsx(399,17): error TS17004: Cannot use JSX unless the '--jsx' flag is provided.
src/ai-gateway/app/(dashboard)/dashboard/agents/page.tsx(400,17): error TS17004: Cannot use JSX unless the '--jsx' flag is provided.
src/ai-gateway/app/(dashboard)/dashboard/agents/page.tsx(406,15): error TS17004: Cannot use JSX unless the '--jsx' flag is provided.
src/ai-gateway/app/(dashboard)/dashboard/agents/page.tsx(412,15): error TS17004: Cannot use JSX unless the '--jsx' flag is provided.
src/ai-gateway/app/(dashboard)/dashboard/agents/page.tsx(464,17): error TS17004: Cannot use JSX unless the '--jsx' flag is provided.
src/ai-gateway/app/(dashboard)/dashboard/agents/page.tsx(477,7): error TS17004: Cannot use JSX unless the '--jsx' flag is provided.
src/ai-gateway/app/(dashboard)/dashboard/agents/page.tsx(478,9): error TS17004: Cannot use JSX unless the '--jsx' flag is provided.
src/ai-gateway/app/(dashboard)/dashboard/agents/page.tsx(479,11): error TS17004: Cannot use JSX unless the '--jsx' flag is provided.
src/ai-gateway/app/(dashboard)/dashboard/agents/page.tsx(480,13): error TS17004: Cannot use JSX unless the '--jsx' flag is provided.
src/ai-gateway/app/(dashboard)/dashboard/agents/page.tsx(481,15): error TS17004: Cannot use JSX unless the '--jsx' flag is provided.
src/ai-gateway/app/(dashboard)/dashboard/agents/page.tsx(483,13): error TS17004: Cannot use JSX unless the '--jsx' flag is provided.
src/ai-gateway/app/(dashboard)/dashboard/agents/page.tsx(484,15): error TS17004: Cannot use JSX unless the '--jsx' flag is provided.
src/ai-gateway/app/(dashboard)/dashboard/agents/page.tsx(485,15): error TS17004: Cannot use JSX unless the '--jsx' flag is provided.
src/ai-gateway/app/(dashboard)/dashboard/agents/page.tsx(488,11): error TS17004: Cannot use JSX unless the '--jsx' flag is provided.
src/ai-gateway/app/(dashboard)/dashboard/agents/page.tsx(489,13): error TS17004: Cannot use JSX unless the '--jsx' flag is provided.
src/ai-gateway/app/(dashboard)/dashboard/agents/page.tsx(496,11): error TS17004: Cannot use JSX unless the '--jsx' flag is provided.
src/ai-gateway/app/(dashboard)/dashboard/agents/page.tsx(500,13): error TS17004: Cannot use JSX unless the '--jsx' flag is provided.
src/ai-gateway/app/(dashboard)/dashboard/agents/page.tsx(501,15): error TS17004: Cannot use JSX unless the '--jsx' flag is provided.
src/ai-gateway/app/(dashboard)/dashboard/agents/page.tsx(505,28): error TS7006: Parameter 'e' implicitly has an 'any' type.
src/ai-gateway/app/(dashboard)/dashboard/agents/page.tsx(508,15): error TS17004: Cannot use JSX unless the '--jsx' flag is provided.
src/ai-gateway/app/(dashboard)/dashboard/agents/page.tsx(512,28): error TS7006: Parameter 'e' implicitly has an 'any' type.
src/ai-gateway/app/(dashboard)/dashboard/agents/page.tsx(516,13): error TS17004: Cannot use JSX unless the '--jsx' flag is provided.
src/ai-gateway/app/(dashboard)/dashboard/agents/page.tsx(517,15): error TS17004: Cannot use JSX unless the '--jsx' flag is provided.
src/ai-gateway/app/(dashboard)/dashboard/agents/page.tsx(521,28): error TS7006: Parameter 'e' implicitly has an 'any' type.
src/ai-gateway/app/(dashboard)/dashboard/agents/page.tsx(523,15): error TS17004: Cannot use JSX unless the '--jsx' flag is provided.
src/ai-gateway/app/(dashboard)/dashboard/agents/page.tsx(527,28): error TS7006: Parameter 'e' implicitly has an 'any' type.
src/ai-gateway/app/(dashboard)/dashboard/agents/page.tsx(530,13): error TS17004: Cannot use JSX unless the '--jsx' flag is provided.
src/ai-gateway/app/(dashboard)/dashboard/agents/page.tsx(531,15): error TS17004: Cannot use JSX unless the '--jsx' flag is provided.
src/ai-gateway/app/(dashboard)/dashboard/agents/page.tsx(532,17): error TS17004: Cannot use JSX unless the '--jsx' flag is provided.
src/ai-gateway/app/(dashboard)/dashboard/analytics/ComboHealthTab.tsx(4,18): error TS2307: Cannot find module '@/shared/components/Card' or its corresponding type declarations.
src/ai-gateway/app/(dashboard)/dashboard/analytics/ComboHealthTab.tsx(5,19): error TS2307: Cannot find module '@/shared/components/Badge' or its corresponding type declarations.
src/ai-gateway/app/(dashboard)/dashboard/analytics/ComboHealthTab.tsx(6,35): error TS2307: Cannot find module '@/shared/components/Loading' or its corresponding type declarations.
src/ai-gateway/app/(dashboard)/dashboard/analytics/ComboHealthTab.tsx(7,31): error TS2307: Cannot find module '@/shared/components/analytics/TimeRangeSelector' or its corresponding type declarations.
src/ai-gateway/app/(dashboard)/dashboard/analytics/ComboHealthTab.tsx(12,8): error TS2307: Cannot find module '@/shared/types/utilization' or its corresponding type declarations.
src/ai-gateway/app/(dashboard)/dashboard/analytics/ComboHealthTab.tsx(13,20): error TS2307: Cannot find module '@/shared/utils/cn' or its corresponding type declarations.
src/ai-gateway/app/(dashboard)/dashboard/analytics/ComboHealthTab.tsx(63,5): error TS17004: Cannot use JSX unless the '--jsx' flag is provided.
src/ai-gateway/app/(dashboard)/dashboard/analytics/ComboHealthTab.tsx(64,7): error TS17004: Cannot use JSX unless the '--jsx' flag is provided.
src/ai-gateway/app/(dashboard)/dashboard/analytics/ComboHealthTab.tsx(65,9): error TS17004: Cannot use JSX unless the '--jsx' flag is provided.
src/ai-gateway/app/(dashboard)/dashboard/analytics/ComboHealthTab.tsx(68,7): error TS17004: Cannot use JSX unless the '--jsx' flag is provided.
src/ai-gateway/app/(dashboard)/dashboard/analytics/ComboHealthTab.tsx(69,19): error TS17004: Cannot use JSX unless the '--jsx' flag is provided.
src/ai-gateway/app/(dashboard)/dashboard/analytics/ComboHealthTab.tsx(78,5): error TS17004: Cannot use JSX unless the '--jsx' flag is provided.
src/ai-gateway/app/(dashboard)/dashboard/analytics/ComboHealthTab.tsx(79,7): error TS17004: Cannot use JSX unless the '--jsx' flag is provided.
src/ai-gateway/app/(dashboard)/dashboard/analytics/ComboHealthTab.tsx(80,9): error TS17004: Cannot use JSX unless the '--jsx' flag is provided.
src/ai-gateway/app/(dashboard)/dashboard/analytics/ComboHealthTab.tsx(81,9): error TS17004: Cannot use JSX unless the '--jsx' flag is provided.
src/ai-gateway/app/(dashboard)/dashboard/analytics/ComboHealthTab.tsx(83,7): error TS17004: Cannot use JSX unless the '--jsx' flag is provided.
src/ai-gateway/app/(dashboard)/dashboard/analytics/ComboHealthTab.tsx(84,9): error TS17004: Cannot use JSX unless the '--jsx' flag is provided.
src/ai-gateway/app/(dashboard)/dashboard/analytics/ComboHealthTab.tsx(100,5): error TS17004: Cannot use JSX unless the '--jsx' flag is provided.
src/ai-gateway/app/(dashboard)/dashboard/analytics/ComboHealthTab.tsx(101,7): error TS17004: Cannot use JSX unless the '--jsx' flag is provided.
src/ai-gateway/app/(dashboard)/dashboard/analytics/ComboHealthTab.tsx(102,9): error TS17004: Cannot use JSX unless the '--jsx' flag is provided.
src/ai-gateway/app/(dashboard)/dashboard/analytics/ComboHealthTab.tsx(103,11): error TS17004: Cannot use JSX unless the '--jsx' flag is provided.
src/ai-gateway/app/(dashboard)/dashboard/analytics/ComboHealthTab.tsx(104,13): error TS17004: Cannot use JSX unless the '--jsx' flag is provided.
src/ai-gateway/app/(dashboard)/dashboard/analytics/ComboHealthTab.tsx(105,15): error TS17004: Cannot use JSX unless the '--jsx' flag is provided.
src/ai-gateway/app/(dashboard)/dashboard/analytics/ComboHealthTab.tsx(106,15): error TS17004: Cannot use JSX unless the '--jsx' flag is provided.
src/ai-gateway/app/(dashboard)/dashboard/analytics/ComboHealthTab.tsx(110,13): error TS17004: Cannot use JSX unless the '--jsx' flag is provided.
src/ai-gateway/app/(dashboard)/dashboard/analytics/ComboHealthTab.tsx(114,11): error TS17004: Cannot use JSX unless the '--jsx' flag is provided.
src/ai-gateway/app/(dashboard)/dashboard/analytics/ComboHealthTab.tsx(115,13): error TS17004: Cannot use JSX unless the '--jsx' flag is provided.
src/ai-gateway/app/(dashboard)/dashboard/analytics/ComboHealthTab.tsx(120,13): error TS17004: Cannot use JSX unless the '--jsx' flag is provided.
src/ai-gateway/app/(dashboard)/dashboard/analytics/ComboHealthTab.tsx(126,13): error TS17004: Cannot use JSX unless the '--jsx' flag is provided.
src/ai-gateway/app/(dashboard)/dashboard/analytics/ComboHealthTab.tsx(136,7): error TS17004: Cannot use JSX unless the '--jsx' flag is provided.
src/ai-gateway/app/(dashboard)/dashboard/analytics/ComboHealthTab.tsx(137,9): error TS17004: Cannot use JSX unless the '--jsx' flag is provided.
src/ai-gateway/app/(dashboard)/dashboard/analytics/ComboHealthTab.tsx(138,11): error TS17004: Cannot use JSX unless the '--jsx' flag is provided.
src/ai-gateway/app/(dashboard)/dashboard/analytics/ComboHealthTab.tsx(139,13): error TS17004: Cannot use JSX unless the '--jsx' flag is provided.
src/ai-gateway/app/(dashboard)/dashboard/analytics/ComboHealthTab.tsx(140,13): error TS17004: Cannot use JSX unless the '--jsx' flag is provided.
src/ai-gateway/app/(dashboard)/dashboard/analytics/ComboHealthTab.tsx(145,11): error TS17004: Cannot use JSX unless the '--jsx' flag is provided.
src/ai-gateway/app/(dashboard)/dashboard/analytics/ComboHealthTab.tsx(146,47): error TS7006: Parameter 'provider' implicitly has an 'any' type.
src/ai-gateway/app/(dashboard)/dashboard/analytics/ComboHealthTab.tsx(151,17): error TS17004: Cannot use JSX unless the '--jsx' flag is provided.
src/ai-gateway/app/(dashboard)/dashboard/analytics/ComboHealthTab.tsx(155,19): error TS17004: Cannot use JSX unless the '--jsx' flag is provided.
src/ai-gateway/app/(dashboard)/dashboard/analytics/ComboHealthTab.tsx(156,21): error TS17004: Cannot use JSX unless the '--jsx' flag is provided.
src/ai-gateway/app/(dashboard)/dashboard/analytics/ComboHealthTab.tsx(157,23): error TS17004: Cannot use JSX unless the '--jsx' flag is provided.
src/ai-gateway/app/(dashboard)/dashboard/analytics/ComboHealthTab.tsx(158,23): error TS17004: Cannot use JSX unless the '--jsx' flag is provided.
src/ai-gateway/app/(dashboard)/dashboard/analytics/ComboHealthTab.tsx(162,21): error TS17004: Cannot use JSX unless the '--jsx' flag is provided.
src/ai-gateway/app/(dashboard)/dashboard/analytics/ComboHealthTab.tsx(163,23): error TS17004: Cannot use JSX unless the '--jsx' flag is provided.
src/ai-gateway/app/(dashboard)/dashboard/analytics/ComboHealthTab.tsx(167,25): error TS17004: Cannot use JSX unless the '--jsx' flag is provided.
src/ai-gateway/app/(dashboard)/dashboard/analytics/ComboHealthTab.tsx(173,19): error TS17004: Cannot use JSX unless the '--jsx' flag is provided.
src/ai-gateway/app/(dashboard)/dashboard/analytics/ComboHealthTab.tsx(174,21): error TS17004: Cannot use JSX unless the '--jsx' flag is provided.
src/ai-gateway/app/(dashboard)/dashboard/analytics/ComboHealthTab.tsx(185,9): error TS17004: Cannot use JSX unless the '--jsx' flag is provided.
src/ai-gateway/app/(dashboard)/dashboard/analytics/ComboHealthTab.tsx(186,11): error TS17004: Cannot use JSX unless the '--jsx' flag is provided.
src/ai-gateway/app/(dashboard)/dashboard/analytics/ComboHealthTab.tsx(187,13): error TS17004: Cannot use JSX unless the '--jsx' flag is provided.
src/ai-gateway/app/(dashboard)/dashboard/analytics/ComboHealthTab.tsx(188,13): error TS17004: Cannot use JSX unless the '--jsx' flag is provided.
src/ai-gateway/app/(dashboard)/dashboard/analytics/ComboHealthTab.tsx(193,11): error TS17004: Cannot use JSX unless the '--jsx' flag is provided.
src/ai-gateway/app/(dashboard)/dashboard/analytics/ComboHealthTab.tsx(195,15): error TS17004: Cannot use JSX unless the '--jsx' flag is provided.
src/ai-gateway/app/(dashboard)/dashboard/analytics/ComboHealthTab.tsx(199,17): error TS17004: Cannot use JSX unless the '--jsx' flag is provided.
src/ai-gateway/app/(dashboard)/dashboard/analytics/ComboHealthTab.tsx(200,19): error TS17004: Cannot use JSX unless the '--jsx' flag is provided.
src/ai-gateway/app/(dashboard)/dashboard/analytics/ComboHealthTab.tsx(201,21): error TS17004: Cannot use JSX unless the '--jsx' flag is provided.
src/ai-gateway/app/(dashboard)/dashboard/analytics/ComboHealthTab.tsx(202,21): error TS17004: Cannot use JSX unless the '--jsx' flag is provided.
src/ai-gateway/app/(dashboard)/dashboard/analytics/ComboHealthTab.tsx(207,19): error TS17004: Cannot use JSX unless the '--jsx' flag is provided.
src/ai-gateway/app/(dashboard)/dashboard/analytics/ComboHealthTab.tsx(210,17): error TS17004: Cannot use JSX unless the '--jsx' flag is provided.
src/ai-gateway/app/(dashboard)/dashboard/analytics/ComboHealthTab.tsx(211,19): error TS17004: Cannot use JSX unless the '--jsx' flag is provided.
src/ai-gateway/app/(dashboard)/dashboard/analytics/ComboHealthTab.tsx(216,19): error TS17004: Cannot use JSX unless the '--jsx' flag is provided.
src/ai-gateway/app/(dashboard)/dashboard/analytics/ComboHealthTab.tsx(227,9): error TS17004: Cannot use JSX unless the '--jsx' flag is provided.
src/ai-gateway/app/(dashboard)/dashboard/analytics/ComboHealthTab.tsx(228,11): error TS17004: Cannot use JSX unless the '--jsx' flag is provided.
src/ai-gateway/app/(dashboard)/dashboard/analytics/ComboHealthTab.tsx(229,13): error TS17004: Cannot use JSX unless the '--jsx' flag is provided.
src/ai-gateway/app/(dashboard)/dashboard/analytics/ComboHealthTab.tsx(230,13): error TS17004: Cannot use JSX unless the '--jsx' flag is provided.
src/ai-gateway/app/(dashboard)/dashboard/analytics/ComboHealthTab.tsx(235,11): error TS17004: Cannot use JSX unless the '--jsx' flag is provided.
src/ai-gateway/app/(dashboard)/dashboard/analytics/ComboHealthTab.tsx(236,13): error TS17004: Cannot use JSX unless the '--jsx' flag is provided.
src/ai-gateway/app/(dashboard)/dashboard/analytics/ComboHealthTab.tsx(241,13): error TS17004: Cannot use JSX unless the '--jsx' flag is provided.
src/ai-gateway/app/(dashboard)/dashboard/analytics/ComboHealthTab.tsx(246,13): error TS17004: Cannot use JSX unless the '--jsx' flag is provided.
src/ai-gateway/app/(dashboard)/dashboard/analytics/ComboHealthTab.tsx(260,5): error TS17004: Cannot use JSX unless the '--jsx' flag is provided.
src/ai-gateway/app/(dashboard)/dashboard/analytics/ComboHealthTab.tsx(262,9): error TS17004: Cannot use JSX unless the '--jsx' flag is provided.
src/ai-gateway/app/(dashboard)/dashboard/analytics/ComboHealthTab.tsx(263,11): error TS17004: Cannot use JSX unless the '--jsx' flag is provided.
src/ai-gateway/app/(dashboard)/dashboard/analytics/ComboHealthTab.tsx(264,13): error TS17004: Cannot use JSX unless the '--jsx' flag is provided.
src/ai-gateway/app/(dashboard)/dashboard/analytics/ComboHealthTab.tsx(265,15): error TS17004: Cannot use JSX unless the '--jsx' flag is provided.
src/ai-gateway/app/(dashboard)/dashboard/analytics/ComboHealthTab.tsx(266,17): error TS17004: Cannot use JSX unless the '--jsx' flag is provided.
src/ai-gateway/app/(dashboard)/dashboard/analytics/ComboHealthTab.tsx(267,17): error TS17004: Cannot use JSX unless the '--jsx' flag is provided.
src/ai-gateway/app/(dashboard)/dashboard/analytics/ComboHealthTab.tsx(269,15): error TS17004: Cannot use JSX unless the '--jsx' flag is provided.
src/ai-gateway/app/(dashboard)/dashboard/analytics/ComboHealthTab.tsx(271,19): error TS17004: Cannot use JSX unless the '--jsx' flag is provided.
src/ai-gateway/app/(dashboard)/dashboard/analytics/ComboHealthTab.tsx(275,13): error TS17004: Cannot use JSX unless the '--jsx' flag is provided.
src/ai-gateway/app/(dashboard)/dashboard/analytics/ComboHealthTab.tsx(277,17): error TS17004: Cannot use JSX unless the '--jsx' flag is provided.
src/ai-gateway/app/(dashboard)/dashboard/analytics/ComboHealthTab.tsx(278,19): error TS17004: Cannot use JSX unless the '--jsx' flag is provided.
src/ai-gateway/app/(dashboard)/dashboard/analytics/ComboHealthTab.tsx(279,19): error TS17004: Cannot use JSX unless the '--jsx' flag is provided.
src/ai-gateway/app/(dashboard)/dashboard/analytics/ComboHealthTab.tsx(280,19): error TS17004: Cannot use JSX unless the '--jsx' flag is provided.
src/ai-gateway/app/(dashboard)/dashboard/analytics/ComboHealthTab.tsx(349,5): error TS17004: Cannot use JSX unless the '--jsx' flag is provided.
src/ai-gateway/app/(dashboard)/dashboard/analytics/ComboHealthTab.tsx(350,7): error TS17004: Cannot use JSX unless the '--jsx' flag is provided.
src/ai-gateway/app/(dashboard)/dashboard/analytics/ComboHealthTab.tsx(351,9): error TS17004: Cannot use JSX unless the '--jsx' flag is provided.
src/ai-gateway/app/(dashboard)/dashboard/analytics/ComboHealthTab.tsx(352,11): error TS17004: Cannot use JSX unless the '--jsx' flag is provided.
src/ai-gateway/app/(dashboard)/dashboard/analytics/ComboHealthTab.tsx(353,11): error TS17004: Cannot use JSX unless the '--jsx' flag is provided.
src/ai-gateway/app/(dashboard)/dashboard/analytics/ComboHealthTab.tsx(357,9): error TS17004: Cannot use JSX unless the '--jsx' flag is provided.
src/ai-gateway/app/(dashboard)/dashboard/analytics/ComboHealthTab.tsx(360,18): error TS17004: Cannot use JSX unless the '--jsx' flag is provided.
src/ai-gateway/app/(dashboard)/dashboard/analytics/ComboHealthTab.tsx(363,9): error TS17004: Cannot use JSX unless the '--jsx' flag is provided.
src/ai-gateway/app/(dashboard)/dashboard/analytics/ComboHealthTab.tsx(364,11): error TS17004: Cannot use JSX unless the '--jsx' flag is provided.
src/ai-gateway/app/(dashboard)/dashboard/analytics/ComboHealthTab.tsx(365,13): error TS17004: Cannot use JSX unless the '--jsx' flag is provided.
src/ai-gateway/app/(dashboard)/dashboard/analytics/ComboHealthTab.tsx(366,13): error TS17004: Cannot use JSX unless the '--jsx' flag is provided.
src/ai-gateway/app/(dashboard)/dashboard/analytics/ComboHealthTab.tsx(367,15): error TS17004: Cannot use JSX unless the '--jsx' flag is provided.
src/ai-gateway/app/(dashboard)/dashboard/analytics/ComboHealthTab.tsx(368,15): error TS17004: Cannot use JSX unless the '--jsx' flag is provided.
src/ai-gateway/app/(dashboard)/dashboard/analytics/ComboHealthTab.tsx(370,13): error TS17004: Cannot use JSX unless the '--jsx' flag is provided.
src/ai-gateway/app/(dashboard)/dashboard/analytics/ComboHealthTab.tsx(377,17): error TS17004: Cannot use JSX unless the '--jsx' flag is provided.
src/ai-gateway/app/(dashboard)/dashboard/analytics/ComboHealthTab.tsx(378,19): error TS17004: Cannot use JSX unless the '--jsx' flag is provided.
src/ai-gateway/app/(dashboard)/dashboard/analytics/ComboHealthTab.tsx(384,17): error TS17004: Cannot use JSX unless the '--jsx' flag is provided.
src/ai-gateway/app/(dashboard)/dashboard/analytics/ComboHealthTab.tsx(385,19): error TS17004: Cannot use JSX unless the '--jsx' flag is provided.
src/ai-gateway/app/(dashboard)/dashboard/analytics/ComboHealthTab.tsx(395,9): error TS17004: Cannot use JSX unless the '--jsx' flag is provided.
src/ai-gateway/app/(dashboard)/dashboard/analytics/ComboHealthTab.tsx(396,11): error TS17004: Cannot use JSX unless the '--jsx' flag is provided.
src/ai-gateway/app/(dashboard)/dashboard/analytics/ComboHealthTab.tsx(397,13): error TS17004: Cannot use JSX unless the '--jsx' flag is provided.
src/ai-gateway/app/(dashboard)/dashboard/analytics/ComboHealthTab.tsx(400,13): error TS17004: Cannot use JSX unless the '--jsx' flag is provided.
src/ai-gateway/app/(dashboard)/dashboard/analytics/ComboHealthTab.tsx(403,13): error TS17004: Cannot use JSX unless the '--jsx' flag is provided.
src/ai-gateway/app/(dashboard)/dashboard/analytics/ComboHealthTab.tsx(407,13): error TS17004: Cannot use JSX unless the '--jsx' flag is provided.
src/ai-gateway/app/(dashboard)/dashboard/analytics/ComboHealthTab.tsx(408,15): error TS17004: Cannot use JSX unless the '--jsx' flag is provided.
src/ai-gateway/app/(dashboard)/dashboard/analytics/ComboHealthTab.tsx(409,15): error TS17004: Cannot use JSX unless the '--jsx' flag is provided.
src/ai-gateway/app/(dashboard)/dashboard/analytics/ComboHealthTab.tsx(410,17): error TS17004: Cannot use JSX unless the '--jsx' flag is provided.
src/ai-gateway/app/(dashboard)/dashboard/analytics/ComboHealthTab.tsx(411,19): error TS17004: Cannot use JSX unless the '--jsx' flag is provided.
src/ai-gateway/app/(dashboard)/dashboard/analytics/ComboHealthTab.tsx(414,19): error TS17004: Cannot use JSX unless the '--jsx' flag is provided.
src/ai-gateway/app/(dashboard)/dashboard/analytics/ComboHealthTab.tsx(415,38): error TS17004: Cannot use JSX unless the '--jsx' flag is provided.
src/ai-gateway/app/(dashboard)/dashboard/analytics/ComboHealthTab.tsx(418,17): error TS17004: Cannot use JSX unless the '--jsx' flag is provided.
src/ai-gateway/app/(dashboard)/dashboard/analytics/ComboHealthTab.tsx(419,19): error TS17004: Cannot use JSX unless the '--jsx' flag is provided.
src/ai-gateway/app/(dashboard)/dashboard/analytics/ComboHealthTab.tsx(422,19): error TS17004: Cannot use JSX unless the '--jsx' flag is provided.
src/ai-gateway/app/(dashboard)/dashboard/analytics/ComboHealthTab.tsx(424,17): error TS17004: Cannot use JSX unless the '--jsx' flag is provided.
src/ai-gateway/app/(dashboard)/dashboard/analytics/ComboHealthTab.tsx(425,19): error TS17004: Cannot use JSX unless the '--jsx' flag is provided.
src/ai-gateway/app/(dashboard)/dashboard/analytics/ComboHealthTab.tsx(428,19): error TS17004: Cannot use JSX unless the '--jsx' flag is provided.
src/ai-gateway/app/(dashboard)/dashboard/analytics/ComboHealthTab.tsx(437,9): error TS17004: Cannot use JSX unless the '--jsx' flag is provided.
src/ai-gateway/app/(dashboard)/dashboard/analytics/ComboHealthTab.tsx(438,11): error TS17004: Cannot use JSX unless the '--jsx' flag is provided.
src/ai-gateway/app/(dashboard)/dashboard/analytics/ComboHealthTab.tsx(439,13): error TS17004: Cannot use JSX unless the '--jsx' flag is provided.
src/ai-gateway/app/(dashboard)/dashboard/analytics/ComboHealthTab.tsx(445,24): error TS7006: Parameter 'combo' implicitly has an 'any' type.
src/ai-gateway/app/(dashboard)/dashboard/analytics/ComboHealthTab.tsx(446,13): error TS17004: Cannot use JSX unless the '--jsx' flag is provided.
src/ai-gateway/app/(dashboard)/dashboard/analytics/components/DiversityScoreCard.tsx(4,22): error TS2307: Cannot find module '@/shared/components' or its corresponding type declarations.
src/ai-gateway/app/(dashboard)/dashboard/analytics/components/DiversityScoreCard.tsx(53,7): error TS17004: Cannot use JSX unless the '--jsx' flag is provided.
src/ai-gateway/app/(dashboard)/dashboard/analytics/components/DiversityScoreCard.tsx(54,9): error TS17004: Cannot use JSX unless the '--jsx' flag is provided.
src/ai-gateway/app/(dashboard)/dashboard/analytics/components/DiversityScoreCard.tsx(80,5): error TS17004: Cannot use JSX unless the '--jsx' flag is provided.
src/ai-gateway/app/(dashboard)/dashboard/analytics/components/DiversityScoreCard.tsx(82,7): error TS17004: Cannot use JSX unless the '--jsx' flag is provided.
src/ai-gateway/app/(dashboard)/dashboard/analytics/components/DiversityScoreCard.tsx(83,9): error TS17004: Cannot use JSX unless the '--jsx' flag is provided.
src/ai-gateway/app/(dashboard)/dashboard/analytics/components/DiversityScoreCard.tsx(84,11): error TS17004: Cannot use JSX unless the '--jsx' flag is provided.
src/ai-gateway/app/(dashboard)/dashboard/analytics/components/DiversityScoreCard.tsx(85,11): error TS17004: Cannot use JSX unless the '--jsx' flag is provided.
src/ai-gateway/app/(dashboard)/dashboard/analytics/components/DiversityScoreCard.tsx(86,11): error TS17004: Cannot use JSX unless the '--jsx' flag is provided.
src/ai-gateway/app/(dashboard)/dashboard/analytics/components/DiversityScoreCard.tsx(90,9): error TS17004: Cannot use JSX unless the '--jsx' flag is provided.
src/ai-gateway/app/(dashboard)/dashboard/analytics/components/DiversityScoreCard.tsx(91,11): error TS17004: Cannot use JSX unless the '--jsx' flag is provided.
src/ai-gateway/app/(dashboard)/dashboard/analytics/components/DiversityScoreCard.tsx(94,11): error TS17004: Cannot use JSX unless the '--jsx' flag is provided.
src/ai-gateway/app/(dashboard)/dashboard/analytics/components/DiversityScoreCard.tsx(109,7): error TS17004: Cannot use JSX unless the '--jsx' flag is provided.
src/ai-gateway/app/(dashboard)/dashboard/analytics/components/DiversityScoreCard.tsx(111,9): error TS17004: Cannot use JSX unless the '--jsx' flag is provided.
src/ai-gateway/app/(dashboard)/dashboard/analytics/components/DiversityScoreCard.tsx(112,11): error TS17004: Cannot use JSX unless the '--jsx' flag is provided.
src/ai-gateway/app/(dashboard)/dashboard/analytics/components/DiversityScoreCard.tsx(113,13): error TS17004: Cannot use JSX unless the '--jsx' flag is provided.
src/ai-gateway/app/(dashboard)/dashboard/analytics/components/DiversityScoreCard.tsx(120,13): error TS17004: Cannot use JSX unless the '--jsx' flag is provided.
src/ai-gateway/app/(dashboard)/dashboard/analytics/components/DiversityScoreCard.tsx(130,11): error TS17004: Cannot use JSX unless the '--jsx' flag is provided.
src/ai-gateway/app/(dashboard)/dashboard/analytics/components/DiversityScoreCard.tsx(131,13): error TS17004: Cannot use JSX unless the '--jsx' flag is provided.
src/ai-gateway/app/(dashboard)/dashboard/analytics/components/DiversityScoreCard.tsx(134,13): error TS17004: Cannot use JSX unless the '--jsx' flag is provided.
src/ai-gateway/app/(dashboard)/dashboard/analytics/components/DiversityScoreCard.tsx(139,9): error TS17004: Cannot use JSX unless the '--jsx' flag is provided.
src/ai-gateway/app/(dashboard)/dashboard/analytics/components/DiversityScoreCard.tsx(140,11): error TS17004: Cannot use JSX unless the '--jsx' flag is provided.
src/ai-gateway/app/(dashboard)/dashboard/analytics/components/DiversityScoreCard.tsx(141,11): error TS17004: Cannot use JSX unless the '--jsx' flag is provided.
src/ai-gateway/app/(dashboard)/dashboard/analytics/components/DiversityScoreCard.tsx(147,9): error TS17004: Cannot use JSX unless the '--jsx' flag is provided.
src/ai-gateway/app/(dashboard)/dashboard/analytics/components/DiversityScoreCard.tsx(150,9): error TS17004: Cannot use JSX unless the '--jsx' flag is provided.
src/ai-gateway/app/(dashboard)/dashboard/analytics/components/DiversityScoreCard.tsx(152,13): error TS17004: Cannot use JSX unless the '--jsx' flag is provided.
src/ai-gateway/app/(dashboard)/dashboard/analytics/components/DiversityScoreCard.tsx(156,13): error TS17004: Cannot use JSX unless the '--jsx' flag is provided.
src/ai-gateway/app/(dashboard)/dashboard/analytics/components/DiversityScoreCard.tsx(158,17): error TS17004: Cannot use JSX unless the '--jsx' flag is provided.
src/ai-gateway/app/(dashboard)/dashboard/analytics/components/DiversityScoreCard.tsx(159,19): error TS17004: Cannot use JSX unless the '--jsx' flag is provided.
src/ai-gateway/app/(dashboard)/dashboard/analytics/components/DiversityScoreCard.tsx(160,21): error TS17004: Cannot use JSX unless the '--jsx' flag is provided.
src/ai-gateway/app/(dashboard)/dashboard/analytics/components/DiversityScoreCard.tsx(163,21): error TS17004: Cannot use JSX unless the '--jsx' flag is provided.
src/ai-gateway/app/(dashboard)/dashboard/analytics/components/DiversityScoreCard.tsx(167,19): error TS17004: Cannot use JSX unless the '--jsx' flag is provided.
src/ai-gateway/app/(dashboard)/dashboard/analytics/components/DiversityScoreCard.tsx(168,21): error TS17004: Cannot use JSX unless the '--jsx' flag is provided.
src/ai-gateway/app/(dashboard)/dashboard/analytics/loading.tsx(3,26): error TS2307: Cannot find module '@/shared/components/Loading' or its corresponding type declarations.
src/ai-gateway/app/(dashboard)/dashboard/analytics/loading.tsx(7,5): error TS17004: Cannot use JSX unless the '--jsx' flag is provided.
src/ai-gateway/app/(dashboard)/dashboard/analytics/loading.tsx(8,7): error TS17004: Cannot use JSX unless the '--jsx' flag is provided.
src/ai-gateway/app/(dashboard)/dashboard/analytics/loading.tsx(9,7): error TS17004: Cannot use JSX unless the '--jsx' flag is provided.
src/ai-gateway/app/(dashboard)/dashboard/analytics/loading.tsx(11,11): error TS17004: Cannot use JSX unless the '--jsx' flag is provided.
src/ai-gateway/app/(dashboard)/dashboard/analytics/loading.tsx(14,7): error TS17004: Cannot use JSX unless the '--jsx' flag is provided.
src/ai-gateway/app/(dashboard)/dashboard/analytics/page.tsx(4,64): error TS2307: Cannot find module '@/shared/components' or its corresponding type declarations.
src/ai-gateway/app/(dashboard)/dashboard/analytics/page.tsx(5,22): error TS6142: Module '../usage/components/EvalsTab' was resolved to 'C:/TESTES DEV/1_PROJETOS_ATIVOS/Zavorth/src/ai-gateway/app/(dashboard)/dashboard/usage/components/EvalsTab.tsx', but '--jsx' is not set.
src/ai-gateway/app/(dashboard)/dashboard/analytics/page.tsx(6,32): error TS6142: Module './SearchAnalyticsTab' was resolved to 'C:/TESTES DEV/1_PROJETOS_ATIVOS/Zavorth/src/ai-gateway/app/(dashboard)/dashboard/analytics/SearchAnalyticsTab.tsx', but '--jsx' is not set.
src/ai-gateway/app/(dashboard)/dashboard/analytics/page.tsx(7,32): error TS6142: Module './components/DiversityScoreCard' was resolved to 'C:/TESTES DEV/1_PROJETOS_ATIVOS/Zavorth/src/ai-gateway/app/(dashboard)/dashboard/analytics/components/DiversityScoreCard.tsx', but '--jsx' is not set.
src/ai-gateway/app/(dashboard)/dashboard/analytics/page.tsx(8,36): error TS6142: Module './ProviderUtilizationTab' was resolved to 'C:/TESTES DEV/1_PROJETOS_ATIVOS/Zavorth/src/ai-gateway/app/(dashboard)/dashboard/analytics/ProviderUtilizationTab.tsx', but '--jsx' is not set.
src/ai-gateway/app/(dashboard)/dashboard/analytics/page.tsx(9,28): error TS6142: Module './ComboHealthTab' was resolved to 'C:/TESTES DEV/1_PROJETOS_ATIVOS/Zavorth/src/ai-gateway/app/(dashboard)/dashboard/analytics/ComboHealthTab.tsx', but '--jsx' is not set.
src/ai-gateway/app/(dashboard)/dashboard/analytics/page.tsx(10,33): error TS2307: Cannot find module 'next-intl' or its corresponding type declarations.
src/ai-gateway/app/(dashboard)/dashboard/analytics/page.tsx(25,5): error TS17004: Cannot use JSX unless the '--jsx' flag is provided.
src/ai-gateway/app/(dashboard)/dashboard/analytics/page.tsx(27,7): error TS17004: Cannot use JSX unless the '--jsx' flag is provided.
src/ai-gateway/app/(dashboard)/dashboard/analytics/page.tsx(28,9): error TS17004: Cannot use JSX unless the '--jsx' flag is provided.
src/ai-gateway/app/(dashboard)/dashboard/analytics/page.tsx(29,11): error TS17004: Cannot use JSX unless the '--jsx' flag is provided.
src/ai-gateway/app/(dashboard)/dashboard/analytics/page.tsx(32,9): error TS17004: Cannot use JSX unless the '--jsx' flag is provided.
src/ai-gateway/app/(dashboard)/dashboard/analytics/page.tsx(35,7): error TS17004: Cannot use JSX unless the '--jsx' flag is provided.
src/ai-gateway/app/(dashboard)/dashboard/analytics/page.tsx(48,9): error TS17004: Cannot use JSX unless the '--jsx' flag is provided.
src/ai-gateway/app/(dashboard)/dashboard/analytics/page.tsx(49,11): error TS17004: Cannot use JSX unless the '--jsx' flag is provided.
src/ai-gateway/app/(dashboard)/dashboard/analytics/page.tsx(49,31): error TS17004: Cannot use JSX unless the '--jsx' flag is provided.
src/ai-gateway/app/(dashboard)/dashboard/analytics/page.tsx(50,13): error TS17004: Cannot use JSX unless the '--jsx' flag is provided.
src/ai-gateway/app/(dashboard)/dashboard/analytics/page.tsx(52,11): error TS17004: Cannot use JSX unless the '--jsx' flag is provided.
src/ai-gateway/app/(dashboard)/dashboard/analytics/page.tsx(55,33): error TS17004: Cannot use JSX unless the '--jsx' flag is provided.
src/ai-gateway/app/(dashboard)/dashboard/analytics/page.tsx(56,34): error TS17004: Cannot use JSX unless the '--jsx' flag is provided.
src/ai-gateway/app/(dashboard)/dashboard/analytics/page.tsx(57,39): error TS17004: Cannot use JSX unless the '--jsx' flag is provided.
src/ai-gateway/app/(dashboard)/dashboard/analytics/page.tsx(58,39): error TS17004: Cannot use JSX unless the '--jsx' flag is provided.
src/ai-gateway/app/(dashboard)/dashboard/analytics/ProviderUtilizationTab.tsx(13,8): error TS2307: Cannot find module 'recharts' or its corresponding type declarations.
src/ai-gateway/app/(dashboard)/dashboard/analytics/ProviderUtilizationTab.tsx(14,18): error TS2307: Cannot find module '@/shared/components/Card' or its corresponding type declarations.
src/ai-gateway/app/(dashboard)/dashboard/analytics/ProviderUtilizationTab.tsx(15,26): error TS2307: Cannot find module '@/shared/components/ProviderIcon' or its corresponding type declarations.
src/ai-gateway/app/(dashboard)/dashboard/analytics/ProviderUtilizationTab.tsx(16,31): error TS2307: Cannot find module '@/shared/components/analytics/TimeRangeSelector' or its corresponding type declarations.
src/ai-gateway/app/(dashboard)/dashboard/analytics/ProviderUtilizationTab.tsx(21,8): error TS2307: Cannot find module '@/shared/types/utilization' or its corresponding type declarations.
src/ai-gateway/app/(dashboard)/dashboard/analytics/ProviderUtilizationTab.tsx(171,7): error TS7053: Element implicitly has an 'any' type because expression of type 'any' can't be used to index type 'Record<string, string | number> | { timestamp: any; label: string; }'.
src/ai-gateway/app/(dashboard)/dashboard/analytics/ProviderUtilizationTab.tsx(192,5): error TS17004: Cannot use JSX unless the '--jsx' flag is provided.
src/ai-gateway/app/(dashboard)/dashboard/analytics/ProviderUtilizationTab.tsx(193,7): error TS17004: Cannot use JSX unless the '--jsx' flag is provided.
src/ai-gateway/app/(dashboard)/dashboard/analytics/ProviderUtilizationTab.tsx(198,11): error TS17004: Cannot use JSX unless the '--jsx' flag is provided.
src/ai-gateway/app/(dashboard)/dashboard/analytics/ProviderUtilizationTab.tsx(199,13): error TS17004: Cannot use JSX unless the '--jsx' flag is provided.
src/ai-gateway/app/(dashboard)/dashboard/analytics/ProviderUtilizationTab.tsx(200,15): error TS17004: Cannot use JSX unless the '--jsx' flag is provided.
src/ai-gateway/app/(dashboard)/dashboard/analytics/ProviderUtilizationTab.tsx(208,17): error TS17004: Cannot use JSX unless the '--jsx' flag is provided.
src/ai-gateway/app/(dashboard)/dashboard/analytics/ProviderUtilizationTab.tsx(211,15): error TS17004: Cannot use JSX unless the '--jsx' flag is provided.
src/ai-gateway/app/(dashboard)/dashboard/analytics/ProviderUtilizationTab.tsx(219,17): error TS17004: Cannot use JSX unless the '--jsx' flag is provided.
src/ai-gateway/app/(dashboard)/dashboard/analytics/ProviderUtilizationTab.tsx(223,13): error TS17004: Cannot use JSX unless the '--jsx' flag is provided.
src/ai-gateway/app/(dashboard)/dashboard/analytics/ProviderUtilizationTab.tsx(229,11): error TS17004: Cannot use JSX unless the '--jsx' flag is provided.
src/ai-gateway/app/(dashboard)/dashboard/analytics/ProviderUtilizationTab.tsx(230,13): error TS17004: Cannot use JSX unless the '--jsx' flag is provided.
src/ai-gateway/app/(dashboard)/dashboard/analytics/ProviderUtilizationTab.tsx(236,11): error TS17004: Cannot use JSX unless the '--jsx' flag is provided.
src/ai-gateway/app/(dashboard)/dashboard/analytics/ProviderUtilizationTab.tsx(237,13): error TS17004: Cannot use JSX unless the '--jsx' flag is provided.
src/ai-gateway/app/(dashboard)/dashboard/analytics/ProviderUtilizationTab.tsx(238,13): error TS17004: Cannot use JSX unless the '--jsx' flag is provided.
src/ai-gateway/app/(dashboard)/dashboard/analytics/ProviderUtilizationTab.tsx(239,15): error TS17004: Cannot use JSX unless the '--jsx' flag is provided.
src/ai-gateway/app/(dashboard)/dashboard/analytics/ProviderUtilizationTab.tsx(240,15): error TS17004: Cannot use JSX unless the '--jsx' flag is provided.
src/ai-gateway/app/(dashboard)/dashboard/analytics/ProviderUtilizationTab.tsx(242,13): error TS17004: Cannot use JSX unless the '--jsx' flag is provided.
src/ai-gateway/app/(dashboard)/dashboard/analytics/ProviderUtilizationTab.tsx(249,17): error TS17004: Cannot use JSX unless the '--jsx' flag is provided.
src/ai-gateway/app/(dashboard)/dashboard/analytics/ProviderUtilizationTab.tsx(250,19): error TS17004: Cannot use JSX unless the '--jsx' flag is provided.
src/ai-gateway/app/(dashboard)/dashboard/analytics/ProviderUtilizationTab.tsx(256,17): error TS17004: Cannot use JSX unless the '--jsx' flag is provided.
src/ai-gateway/app/(dashboard)/dashboard/analytics/ProviderUtilizationTab.tsx(257,19): error TS17004: Cannot use JSX unless the '--jsx' flag is provided.
src/ai-gateway/app/(dashboard)/dashboard/analytics/ProviderUtilizationTab.tsx(264,11): error TS17004: Cannot use JSX unless the '--jsx' flag is provided.
src/ai-gateway/app/(dashboard)/dashboard/analytics/ProviderUtilizationTab.tsx(265,13): error TS17004: Cannot use JSX unless the '--jsx' flag is provided.
src/ai-gateway/app/(dashboard)/dashboard/analytics/ProviderUtilizationTab.tsx(268,13): error TS17004: Cannot use JSX unless the '--jsx' flag is provided.
src/ai-gateway/app/(dashboard)/dashboard/analytics/ProviderUtilizationTab.tsx(269,15): error TS17004: Cannot use JSX unless the '--jsx' flag is provided.
src/ai-gateway/app/(dashboard)/dashboard/analytics/ProviderUtilizationTab.tsx(270,15): error TS17004: Cannot use JSX unless the '--jsx' flag is provided.
src/ai-gateway/app/(dashboard)/dashboard/analytics/ProviderUtilizationTab.tsx(274,13): error TS17004: Cannot use JSX unless the '--jsx' flag is provided.
src/ai-gateway/app/(dashboard)/dashboard/analytics/ProviderUtilizationTab.tsx(275,15): error TS17004: Cannot use JSX unless the '--jsx' flag is provided.
src/ai-gateway/app/(dashboard)/dashboard/analytics/ProviderUtilizationTab.tsx(276,15): error TS17004: Cannot use JSX unless the '--jsx' flag is provided.
src/ai-gateway/app/(dashboard)/dashboard/analytics/ProviderUtilizationTab.tsx(277,17): error TS17004: Cannot use JSX unless the '--jsx' flag is provided.
src/ai-gateway/app/(dashboard)/dashboard/analytics/ProviderUtilizationTab.tsx(278,19): error TS17004: Cannot use JSX unless the '--jsx' flag is provided.
src/ai-gateway/app/(dashboard)/dashboard/analytics/ProviderUtilizationTab.tsx(281,19): error TS17004: Cannot use JSX unless the '--jsx' flag is provided.
src/ai-gateway/app/(dashboard)/dashboard/analytics/ProviderUtilizationTab.tsx(282,64): error TS17004: Cannot use JSX unless the '--jsx' flag is provided.
src/ai-gateway/app/(dashboard)/dashboard/analytics/ProviderUtilizationTab.tsx(285,17): error TS17004: Cannot use JSX unless the '--jsx' flag is provided.
src/ai-gateway/app/(dashboard)/dashboard/analytics/ProviderUtilizationTab.tsx(286,19): error TS17004: Cannot use JSX unless the '--jsx' flag is provided.
src/ai-gateway/app/(dashboard)/dashboard/analytics/ProviderUtilizationTab.tsx(289,19): error TS17004: Cannot use JSX unless the '--jsx' flag is provided.
src/ai-gateway/app/(dashboard)/dashboard/analytics/ProviderUtilizationTab.tsx(293,17): error TS17004: Cannot use JSX unless the '--jsx' flag is provided.
src/ai-gateway/app/(dashboard)/dashboard/analytics/ProviderUtilizationTab.tsx(294,19): error TS17004: Cannot use JSX unless the '--jsx' flag is provided.
src/ai-gateway/app/(dashboard)/dashboard/analytics/ProviderUtilizationTab.tsx(297,19): error TS17004: Cannot use JSX unless the '--jsx' flag is provided.
src/ai-gateway/app/(dashboard)/dashboard/analytics/ProviderUtilizationTab.tsx(303,11): error TS17004: Cannot use JSX unless the '--jsx' flag is provided.
src/ai-gateway/app/(dashboard)/dashboard/analytics/ProviderUtilizationTab.tsx(304,13): error TS17004: Cannot use JSX unless the '--jsx' flag is provided.
src/ai-gateway/app/(dashboard)/dashboard/analytics/ProviderUtilizationTab.tsx(305,15): error TS17004: Cannot use JSX unless the '--jsx' flag is provided.
src/ai-gateway/app/(dashboard)/dashboard/analytics/ProviderUtilizationTab.tsx(306,17): error TS17004: Cannot use JSX unless the '--jsx' flag is provided.
src/ai-gateway/app/(dashboard)/dashboard/analytics/ProviderUtilizationTab.tsx(307,19): error TS17004: Cannot use JSX unless the '--jsx' flag is provided.
src/ai-gateway/app/(dashboard)/dashboard/analytics/ProviderUtilizationTab.tsx(312,19): error TS17004: Cannot use JSX unless the '--jsx' flag is provided.
src/ai-gateway/app/(dashboard)/dashboard/analytics/ProviderUtilizationTab.tsx(314,37): error TS7006: Parameter 'value' implicitly has an 'any' type.
src/ai-gateway/app/(dashboard)/dashboard/analytics/ProviderUtilizationTab.tsx(320,19): error TS17004: Cannot use JSX unless the '--jsx' flag is provided.
src/ai-gateway/app/(dashboard)/dashboard/analytics/ProviderUtilizationTab.tsx(328,19): error TS17004: Cannot use JSX unless the '--jsx' flag is provided.
src/ai-gateway/app/(dashboard)/dashboard/analytics/ProviderUtilizationTab.tsx(329,38): error TS7006: Parameter 'value' implicitly has an 'any' type.
src/ai-gateway/app/(dashboard)/dashboard/analytics/ProviderUtilizationTab.tsx(341,19): error TS17004: Cannot use JSX unless the '--jsx' flag is provided.
src/ai-gateway/app/(dashboard)/dashboard/analytics/ProviderUtilizationTab.tsx(342,41): error TS7006: Parameter 'provider' implicitly has an 'any' type.
src/ai-gateway/app/(dashboard)/dashboard/analytics/ProviderUtilizationTab.tsx(343,21): error TS17004: Cannot use JSX unless the '--jsx' flag is provided.
src/ai-gateway/app/(dashboard)/dashboard/analytics/ProviderUtilizationTab.tsx(359,13): error TS17004: Cannot use JSX unless the '--jsx' flag is provided.
src/ai-gateway/app/(dashboard)/dashboard/analytics/ProviderUtilizationTab.tsx(364,19): error TS17004: Cannot use JSX unless the '--jsx' flag is provided.
src/ai-gateway/app/(dashboard)/dashboard/analytics/ProviderUtilizationTab.tsx(365,21): error TS17004: Cannot use JSX unless the '--jsx' flag is provided.
src/ai-gateway/app/(dashboard)/dashboard/analytics/ProviderUtilizationTab.tsx(366,23): error TS17004: Cannot use JSX unless the '--jsx' flag is provided.
src/ai-gateway/app/(dashboard)/dashboard/analytics/ProviderUtilizationTab.tsx(367,25): error TS17004: Cannot use JSX unless the '--jsx' flag is provided.
src/ai-gateway/app/(dashboard)/dashboard/analytics/ProviderUtilizationTab.tsx(368,27): error TS17004: Cannot use JSX unless the '--jsx' flag is provided.
src/ai-gateway/app/(dashboard)/dashboard/analytics/ProviderUtilizationTab.tsx(370,25): error TS17004: Cannot use JSX unless the '--jsx' flag is provided.
src/ai-gateway/app/(dashboard)/dashboard/analytics/ProviderUtilizationTab.tsx(371,27): error TS17004: Cannot use JSX unless the '--jsx' flag is provided.
src/ai-gateway/app/(dashboard)/dashboard/analytics/ProviderUtilizationTab.tsx(372,27): error TS17004: Cannot use JSX unless the '--jsx' flag is provided.
src/ai-gateway/app/(dashboard)/dashboard/analytics/ProviderUtilizationTab.tsx(375,23): error TS17004: Cannot use JSX unless the '--jsx' flag is provided.
src/ai-gateway/app/(dashboard)/dashboard/analytics/ProviderUtilizationTab.tsx(388,21): error TS17004: Cannot use JSX unless the '--jsx' flag is provided.
src/ai-gateway/app/(dashboard)/dashboard/analytics/ProviderUtilizationTab.tsx(389,23): error TS17004: Cannot use JSX unless the '--jsx' flag is provided.
src/ai-gateway/app/(dashboard)/dashboard/analytics/ProviderUtilizationTab.tsx(390,25): error TS17004: Cannot use JSX unless the '--jsx' flag is provided.
src/ai-gateway/app/(dashboard)/dashboard/analytics/ProviderUtilizationTab.tsx(393,25): error TS17004: Cannot use JSX unless the '--jsx' flag is provided.
src/ai-gateway/app/(dashboard)/dashboard/analytics/ProviderUtilizationTab.tsx(395,23): error TS17004: Cannot use JSX unless the '--jsx' flag is provided.
src/ai-gateway/app/(dashboard)/dashboard/analytics/ProviderUtilizationTab.tsx(396,25): error TS17004: Cannot use JSX unless the '--jsx' flag is provided.
src/ai-gateway/app/(dashboard)/dashboard/analytics/ProviderUtilizationTab.tsx(397,25): error TS17004: Cannot use JSX unless the '--jsx' flag is provided.
src/ai-gateway/app/(dashboard)/dashboard/analytics/ProviderUtilizationTab.tsx(401,21): error TS17004: Cannot use JSX unless the '--jsx' flag is provided.
src/ai-gateway/app/(dashboard)/dashboard/analytics/ProviderUtilizationTab.tsx(402,23): error TS17004: Cannot use JSX unless the '--jsx' flag is provided.
src/ai-gateway/app/(dashboard)/dashboard/analytics/ProviderUtilizationTab.tsx(403,25): error TS17004: Cannot use JSX unless the '--jsx' flag is provided.
src/ai-gateway/app/(dashboard)/dashboard/analytics/ProviderUtilizationTab.tsx(410,23): error TS17004: Cannot use JSX unless the '--jsx' flag is provided.
src/ai-gateway/app/(dashboard)/dashboard/analytics/ProviderUtilizationTab.tsx(411,25): error TS17004: Cannot use JSX unless the '--jsx' flag is provided.
src/ai-gateway/app/(dashboard)/dashboard/analytics/ProviderUtilizationTab.tsx(412,25): error TS17004: Cannot use JSX unless the '--jsx' flag is provided.
src/ai-gateway/app/(dashboard)/dashboard/analytics/ProviderUtilizationTab.tsx(413,25): error TS17004: Cannot use JSX unless the '--jsx' flag is provided.
src/ai-gateway/app/(dashboard)/dashboard/analytics/SearchAnalyticsTab.tsx(36,5): error TS17004: Cannot use JSX unless the '--jsx' flag is provided.
src/ai-gateway/app/(dashboard)/dashboard/analytics/SearchAnalyticsTab.tsx(37,7): error TS17004: Cannot use JSX unless the '--jsx' flag is provided.
src/ai-gateway/app/(dashboard)/dashboard/analytics/SearchAnalyticsTab.tsx(38,9): error TS17004: Cannot use JSX unless the '--jsx' flag is provided.
src/ai-gateway/app/(dashboard)/dashboard/analytics/SearchAnalyticsTab.tsx(41,7): error TS17004: Cannot use JSX unless the '--jsx' flag is provided.
src/ai-gateway/app/(dashboard)/dashboard/analytics/SearchAnalyticsTab.tsx(42,15): error TS17004: Cannot use JSX unless the '--jsx' flag is provided.
src/ai-gateway/app/(dashboard)/dashboard/analytics/SearchAnalyticsTab.tsx(60,5): error TS17004: Cannot use JSX unless the '--jsx' flag is provided.
src/ai-gateway/app/(dashboard)/dashboard/analytics/SearchAnalyticsTab.tsx(61,7): error TS17004: Cannot use JSX unless the '--jsx' flag is provided.
src/ai-gateway/app/(dashboard)/dashboard/analytics/SearchAnalyticsTab.tsx(62,9): error TS17004: Cannot use JSX unless the '--jsx' flag is provided.
src/ai-gateway/app/(dashboard)/dashboard/analytics/SearchAnalyticsTab.tsx(63,9): error TS17004: Cannot use JSX unless the '--jsx' flag is provided.
src/ai-gateway/app/(dashboard)/dashboard/analytics/SearchAnalyticsTab.tsx(67,7): error TS17004: Cannot use JSX unless the '--jsx' flag is provided.
src/ai-gateway/app/(dashboard)/dashboard/analytics/SearchAnalyticsTab.tsx(68,9): error TS17004: Cannot use JSX unless the '--jsx' flag is provided.
src/ai-gateway/app/(dashboard)/dashboard/analytics/SearchAnalyticsTab.tsx(73,7): error TS17004: Cannot use JSX unless the '--jsx' flag is provided.
src/ai-gateway/app/(dashboard)/dashboard/analytics/SearchAnalyticsTab.tsx(98,7): error TS17004: Cannot use JSX unless the '--jsx' flag is provided.
src/ai-gateway/app/(dashboard)/dashboard/analytics/SearchAnalyticsTab.tsx(99,9): error TS17004: Cannot use JSX unless the '--jsx' flag is provided.
src/ai-gateway/app/(dashboard)/dashboard/analytics/SearchAnalyticsTab.tsx(107,7): error TS17004: Cannot use JSX unless the '--jsx' flag is provided.
src/ai-gateway/app/(dashboard)/dashboard/analytics/SearchAnalyticsTab.tsx(108,9): error TS17004: Cannot use JSX unless the '--jsx' flag is provided.
src/ai-gateway/app/(dashboard)/dashboard/analytics/SearchAnalyticsTab.tsx(110,9): error TS17004: Cannot use JSX unless the '--jsx' flag is provided.
src/ai-gateway/app/(dashboard)/dashboard/analytics/SearchAnalyticsTab.tsx(120,5): error TS17004: Cannot use JSX unless the '--jsx' flag is provided.
src/ai-gateway/app/(dashboard)/dashboard/analytics/SearchAnalyticsTab.tsx(122,7): error TS17004: Cannot use JSX unless the '--jsx' flag is provided.
src/ai-gateway/app/(dashboard)/dashboard/analytics/SearchAnalyticsTab.tsx(123,9): error TS17004: Cannot use JSX unless the '--jsx' flag is provided.
src/ai-gateway/app/(dashboard)/dashboard/analytics/SearchAnalyticsTab.tsx(129,9): error TS17004: Cannot use JSX unless the '--jsx' flag is provided.
src/ai-gateway/app/(dashboard)/dashboard/analytics/SearchAnalyticsTab.tsx(135,9): error TS17004: Cannot use JSX unless the '--jsx' flag is provided.
src/ai-gateway/app/(dashboard)/dashboard/analytics/SearchAnalyticsTab.tsx(141,9): error TS17004: Cannot use JSX unless the '--jsx' flag is provided.
src/ai-gateway/app/(dashboard)/dashboard/analytics/SearchAnalyticsTab.tsx(151,9): error TS17004: Cannot use JSX unless the '--jsx' flag is provided.
src/ai-gateway/app/(dashboard)/dashboard/analytics/SearchAnalyticsTab.tsx(152,11): error TS17004: Cannot use JSX unless the '--jsx' flag is provided.
src/ai-gateway/app/(dashboard)/dashboard/analytics/SearchAnalyticsTab.tsx(153,13): error TS17004: Cannot use JSX unless the '--jsx' flag is provided.
src/ai-gateway/app/(dashboard)/dashboard/analytics/SearchAnalyticsTab.tsx(156,11): error TS17004: Cannot use JSX unless the '--jsx' flag is provided.
src/ai-gateway/app/(dashboard)/dashboard/analytics/SearchAnalyticsTab.tsx(158,15): error TS17004: Cannot use JSX unless the '--jsx' flag is provided.
src/ai-gateway/app/(dashboard)/dashboard/analytics/SearchAnalyticsTab.tsx(172,9): error TS17004: Cannot use JSX unless the '--jsx' flag is provided.
src/ai-gateway/app/(dashboard)/dashboard/analytics/SearchAnalyticsTab.tsx(173,11): error TS17004: Cannot use JSX unless the '--jsx' flag is provided.
src/ai-gateway/app/(dashboard)/dashboard/analytics/SearchAnalyticsTab.tsx(176,11): error TS17004: Cannot use JSX unless the '--jsx' flag is provided.
src/ai-gateway/app/(dashboard)/dashboard/analytics/SearchAnalyticsTab.tsx(177,11): error TS17004: Cannot use JSX unless the '--jsx' flag is provided.
src/ai-gateway/app/(dashboard)/dashboard/analytics/SearchAnalyticsTab.tsx(178,17): error TS17004: Cannot use JSX unless the '--jsx' flag is provided.
src/ai-gateway/app/(dashboard)/dashboard/analytics/SearchAnalyticsTab.tsx(185,7): error TS17004: Cannot use JSX unless the '--jsx' flag is provided.
src/ai-gateway/app/(dashboard)/dashboard/analytics/SearchAnalyticsTab.tsx(186,9): error TS17004: Cannot use JSX unless the '--jsx' flag is provided.
src/ai-gateway/app/(dashboard)/dashboard/analytics/SearchAnalyticsTab.tsx(189,9): error TS17004: Cannot use JSX unless the '--jsx' flag is provided.
src/ai-gateway/app/(dashboard)/dashboard/analytics/SearchAnalyticsTab.tsx(190,11): error TS17004: Cannot use JSX unless the '--jsx' flag is provided.
src/ai-gateway/app/(dashboard)/dashboard/api-manager/api-manager-page/useApiManagerPage.ts(4,33): error TS2307: Cannot find module 'next-intl' or its corresponding type declarations.
src/ai-gateway/app/(dashboard)/dashboard/api-manager/api-manager-page/useApiManagerPage.ts(5,36): error TS2307: Cannot find module '@/shared/hooks/useCopyToClipboard' or its corresponding type declarations.
src/ai-gateway/app/(dashboard)/dashboard/api-manager/ApiManagerPageClient.tsx(3,58): error TS2307: Cannot find module '@/shared/components' or its corresponding type declarations.
src/ai-gateway/app/(dashboard)/dashboard/api-manager/ApiManagerPageClient.tsx(4,44): error TS6142: Module './ApiManagerPermissionsModal' was resolved to 'C:/TESTES DEV/1_PROJETOS_ATIVOS/Zavorth/src/ai-gateway/app/(dashboard)/dashboard/api-manager/ApiManagerPermissionsModal.tsx', but '--jsx' is not set.
src/ai-gateway/app/(dashboard)/dashboard/api-manager/ApiManagerPageClient.tsx(44,7): error TS17004: Cannot use JSX unless the '--jsx' flag is provided.
src/ai-gateway/app/(dashboard)/dashboard/api-manager/ApiManagerPageClient.tsx(45,9): error TS17004: Cannot use JSX unless the '--jsx' flag is provided.
src/ai-gateway/app/(dashboard)/dashboard/api-manager/ApiManagerPageClient.tsx(46,9): error TS17004: Cannot use JSX unless the '--jsx' flag is provided.
src/ai-gateway/app/(dashboard)/dashboard/api-manager/ApiManagerPageClient.tsx(52,5): error TS17004: Cannot use JSX unless the '--jsx' flag is provided.
src/ai-gateway/app/(dashboard)/dashboard/api-manager/ApiManagerPageClient.tsx(54,9): error TS17004: Cannot use JSX unless the '--jsx' flag is provided.
src/ai-gateway/app/(dashboard)/dashboard/api-manager/ApiManagerPageClient.tsx(55,11): error TS17004: Cannot use JSX unless the '--jsx' flag is provided.
src/ai-gateway/app/(dashboard)/dashboard/api-manager/ApiManagerPageClient.tsx(56,11): error TS17004: Cannot use JSX unless the '--jsx' flag is provided.
src/ai-gateway/app/(dashboard)/dashboard/api-manager/ApiManagerPageClient.tsx(57,11): error TS17004: Cannot use JSX unless the '--jsx' flag is provided.
src/ai-gateway/app/(dashboard)/dashboard/api-manager/ApiManagerPageClient.tsx(61,13): error TS17004: Cannot use JSX unless the '--jsx' flag is provided.
src/ai-gateway/app/(dashboard)/dashboard/api-manager/ApiManagerPageClient.tsx(67,9): error TS17004: Cannot use JSX unless the '--jsx' flag is provided.
src/ai-gateway/app/(dashboard)/dashboard/api-manager/ApiManagerPageClient.tsx(68,11): error TS17004: Cannot use JSX unless the '--jsx' flag is provided.
src/ai-gateway/app/(dashboard)/dashboard/api-manager/ApiManagerPageClient.tsx(69,13): error TS17004: Cannot use JSX unless the '--jsx' flag is provided.
src/ai-gateway/app/(dashboard)/dashboard/api-manager/ApiManagerPageClient.tsx(70,15): error TS17004: Cannot use JSX unless the '--jsx' flag is provided.
src/ai-gateway/app/(dashboard)/dashboard/api-manager/ApiManagerPageClient.tsx(71,17): error TS17004: Cannot use JSX unless the '--jsx' flag is provided.
src/ai-gateway/app/(dashboard)/dashboard/api-manager/ApiManagerPageClient.tsx(73,15): error TS17004: Cannot use JSX unless the '--jsx' flag is provided.
src/ai-gateway/app/(dashboard)/dashboard/api-manager/ApiManagerPageClient.tsx(74,17): error TS17004: Cannot use JSX unless the '--jsx' flag is provided.
src/ai-gateway/app/(dashboard)/dashboard/api-manager/ApiManagerPageClient.tsx(75,17): error TS17004: Cannot use JSX unless the '--jsx' flag is provided.
src/ai-gateway/app/(dashboard)/dashboard/api-manager/ApiManagerPageClient.tsx(79,11): error TS17004: Cannot use JSX unless the '--jsx' flag is provided.
src/ai-gateway/app/(dashboard)/dashboard/api-manager/ApiManagerPageClient.tsx(80,13): error TS17004: Cannot use JSX unless the '--jsx' flag is provided.
src/ai-gateway/app/(dashboard)/dashboard/api-manager/ApiManagerPageClient.tsx(81,15): error TS17004: Cannot use JSX unless the '--jsx' flag is provided.
src/ai-gateway/app/(dashboard)/dashboard/api-manager/ApiManagerPageClient.tsx(82,17): error TS17004: Cannot use JSX unless the '--jsx' flag is provided.
src/ai-gateway/app/(dashboard)/dashboard/api-manager/ApiManagerPageClient.tsx(84,15): error TS17004: Cannot use JSX unless the '--jsx' flag is provided.
src/ai-gateway/app/(dashboard)/dashboard/api-manager/ApiManagerPageClient.tsx(85,17): error TS17004: Cannot use JSX unless the '--jsx' flag is provided.
src/ai-gateway/app/(dashboard)/dashboard/api-manager/ApiManagerPageClient.tsx(91,17): error TS17004: Cannot use JSX unless the '--jsx' flag is provided.
src/ai-gateway/app/(dashboard)/dashboard/api-manager/ApiManagerPageClient.tsx(95,11): error TS17004: Cannot use JSX unless the '--jsx' flag is provided.
src/ai-gateway/app/(dashboard)/dashboard/api-manager/ApiManagerPageClient.tsx(96,13): error TS17004: Cannot use JSX unless the '--jsx' flag is provided.
src/ai-gateway/app/(dashboard)/dashboard/api-manager/ApiManagerPageClient.tsx(97,15): error TS17004: Cannot use JSX unless the '--jsx' flag is provided.
src/ai-gateway/app/(dashboard)/dashboard/api-manager/ApiManagerPageClient.tsx(98,17): error TS17004: Cannot use JSX unless the '--jsx' flag is provided.
src/ai-gateway/app/(dashboard)/dashboard/api-manager/ApiManagerPageClient.tsx(100,15): error TS17004: Cannot use JSX unless the '--jsx' flag is provided.
src/ai-gateway/app/(dashboard)/dashboard/api-manager/ApiManagerPageClient.tsx(101,17): error TS17004: Cannot use JSX unless the '--jsx' flag is provided.
src/ai-gateway/app/(dashboard)/dashboard/api-manager/ApiManagerPageClient.tsx(104,17): error TS17004: Cannot use JSX unless the '--jsx' flag is provided.
src/ai-gateway/app/(dashboard)/dashboard/api-manager/ApiManagerPageClient.tsx(108,11): error TS17004: Cannot use JSX unless the '--jsx' flag is provided.
src/ai-gateway/app/(dashboard)/dashboard/api-manager/ApiManagerPageClient.tsx(109,13): error TS17004: Cannot use JSX unless the '--jsx' flag is provided.
src/ai-gateway/app/(dashboard)/dashboard/api-manager/ApiManagerPageClient.tsx(110,15): error TS17004: Cannot use JSX unless the '--jsx' flag is provided.
src/ai-gateway/app/(dashboard)/dashboard/api-manager/ApiManagerPageClient.tsx(111,17): error TS17004: Cannot use JSX unless the '--jsx' flag is provided.
src/ai-gateway/app/(dashboard)/dashboard/api-manager/ApiManagerPageClient.tsx(115,15): error TS17004: Cannot use JSX unless the '--jsx' flag is provided.
src/ai-gateway/app/(dashboard)/dashboard/api-manager/ApiManagerPageClient.tsx(116,17): error TS17004: Cannot use JSX unless the '--jsx' flag is provided.
src/ai-gateway/app/(dashboard)/dashboard/api-manager/ApiManagerPageClient.tsx(117,17): error TS17004: Cannot use JSX unless the '--jsx' flag is provided.
src/ai-gateway/app/(dashboard)/dashboard/api-manager/ApiManagerPageClient.tsx(124,7): error TS17004: Cannot use JSX unless the '--jsx' flag is provided.
src/ai-gateway/app/(dashboard)/dashboard/api-manager/ApiManagerPageClient.tsx(125,9): error TS17004: Cannot use JSX unless the '--jsx' flag is provided.
src/ai-gateway/app/(dashboard)/dashboard/api-manager/ApiManagerPageClient.tsx(126,11): error TS17004: Cannot use JSX unless the '--jsx' flag is provided.
src/ai-gateway/app/(dashboard)/dashboard/api-manager/ApiManagerPageClient.tsx(127,13): error TS17004: Cannot use JSX unless the '--jsx' flag is provided.
src/ai-gateway/app/(dashboard)/dashboard/api-manager/ApiManagerPageClient.tsx(128,13): error TS17004: Cannot use JSX unless the '--jsx' flag is provided.
src/ai-gateway/app/(dashboard)/dashboard/api-manager/ApiManagerPageClient.tsx(130,11): error TS17004: Cannot use JSX unless the '--jsx' flag is provided.
src/ai-gateway/app/(dashboard)/dashboard/api-manager/ApiManagerPageClient.tsx(136,7): error TS17004: Cannot use JSX unless the '--jsx' flag is provided.
src/ai-gateway/app/(dashboard)/dashboard/api-manager/ApiManagerPageClient.tsx(137,9): error TS17004: Cannot use JSX unless the '--jsx' flag is provided.
src/ai-gateway/app/(dashboard)/dashboard/api-manager/ApiManagerPageClient.tsx(138,11): error TS17004: Cannot use JSX unless the '--jsx' flag is provided.
src/ai-gateway/app/(dashboard)/dashboard/api-manager/ApiManagerPageClient.tsx(139,13): error TS17004: Cannot use JSX unless the '--jsx' flag is provided.
src/ai-gateway/app/(dashboard)/dashboard/api-manager/ApiManagerPageClient.tsx(140,15): error TS17004: Cannot use JSX unless the '--jsx' flag is provided.
src/ai-gateway/app/(dashboard)/dashboard/api-manager/ApiManagerPageClient.tsx(142,13): error TS17004: Cannot use JSX unless the '--jsx' flag is provided.
src/ai-gateway/app/(dashboard)/dashboard/api-manager/ApiManagerPageClient.tsx(143,15): error TS17004: Cannot use JSX unless the '--jsx' flag is provided.
src/ai-gateway/app/(dashboard)/dashboard/api-manager/ApiManagerPageClient.tsx(144,15): error TS17004: Cannot use JSX unless the '--jsx' flag is provided.
src/ai-gateway/app/(dashboard)/dashboard/api-manager/ApiManagerPageClient.tsx(154,9): error TS17004: Cannot use JSX unless the '--jsx' flag is provided.
src/ai-gateway/app/(dashboard)/dashboard/api-manager/ApiManagerPageClient.tsx(157,11): error TS17004: Cannot use JSX unless the '--jsx' flag is provided.
src/ai-gateway/app/(dashboard)/dashboard/api-manager/ApiManagerPageClient.tsx(158,13): error TS17004: Cannot use JSX unless the '--jsx' flag is provided.
src/ai-gateway/app/(dashboard)/dashboard/api-manager/ApiManagerPageClient.tsx(159,15): error TS17004: Cannot use JSX unless the '--jsx' flag is provided.
src/ai-gateway/app/(dashboard)/dashboard/api-manager/ApiManagerPageClient.tsx(161,13): error TS17004: Cannot use JSX unless the '--jsx' flag is provided.
src/ai-gateway/app/(dashboard)/dashboard/api-manager/ApiManagerPageClient.tsx(162,13): error TS17004: Cannot use JSX unless the '--jsx' flag is provided.
src/ai-gateway/app/(dashboard)/dashboard/api-manager/ApiManagerPageClient.tsx(163,13): error TS17004: Cannot use JSX unless the '--jsx' flag is provided.
src/ai-gateway/app/(dashboard)/dashboard/api-manager/ApiManagerPageClient.tsx(168,11): error TS17004: Cannot use JSX unless the '--jsx' flag is provided.
src/ai-gateway/app/(dashboard)/dashboard/api-manager/ApiManagerPageClient.tsx(169,13): error TS17004: Cannot use JSX unless the '--jsx' flag is provided.
src/ai-gateway/app/(dashboard)/dashboard/api-manager/ApiManagerPageClient.tsx(170,15): error TS17004: Cannot use JSX unless the '--jsx' flag is provided.
src/ai-gateway/app/(dashboard)/dashboard/api-manager/ApiManagerPageClient.tsx(171,15): error TS17004: Cannot use JSX unless the '--jsx' flag is provided.
src/ai-gateway/app/(dashboard)/dashboard/api-manager/ApiManagerPageClient.tsx(172,15): error TS17004: Cannot use JSX unless the '--jsx' flag is provided.
src/ai-gateway/app/(dashboard)/dashboard/api-manager/ApiManagerPageClient.tsx(173,15): error TS17004: Cannot use JSX unless the '--jsx' flag is provided.
src/ai-gateway/app/(dashboard)/dashboard/api-manager/ApiManagerPageClient.tsx(174,15): error TS17004: Cannot use JSX unless the '--jsx' flag is provided.
src/ai-gateway/app/(dashboard)/dashboard/api-manager/ApiManagerPageClient.tsx(175,15): error TS17004: Cannot use JSX unless the '--jsx' flag is provided.
src/ai-gateway/app/(dashboard)/dashboard/api-manager/ApiManagerPageClient.tsx(190,17): error TS17004: Cannot use JSX unless the '--jsx' flag is provided.
src/ai-gateway/app/(dashboard)/dashboard/api-manager/ApiManagerPageClient.tsx(194,19): error TS17004: Cannot use JSX unless the '--jsx' flag is provided.
src/ai-gateway/app/(dashboard)/dashboard/api-manager/ApiManagerPageClient.tsx(195,21): error TS17004: Cannot use JSX unless the '--jsx' flag is provided.
src/ai-gateway/app/(dashboard)/dashboard/api-manager/ApiManagerPageClient.tsx(200,21): error TS17004: Cannot use JSX unless the '--jsx' flag is provided.
src/ai-gateway/app/(dashboard)/dashboard/api-manager/ApiManagerPageClient.tsx(204,19): error TS17004: Cannot use JSX unless the '--jsx' flag is provided.
src/ai-gateway/app/(dashboard)/dashboard/api-manager/ApiManagerPageClient.tsx(205,21): error TS17004: Cannot use JSX unless the '--jsx' flag is provided.
src/ai-gateway/app/(dashboard)/dashboard/api-manager/ApiManagerPageClient.tsx(207,23): error TS17004: Cannot use JSX unless the '--jsx' flag is provided.
src/ai-gateway/app/(dashboard)/dashboard/api-manager/ApiManagerPageClient.tsx(213,25): error TS17004: Cannot use JSX unless the '--jsx' flag is provided.
src/ai-gateway/app/(dashboard)/dashboard/api-manager/ApiManagerPageClient.tsx(218,23): error TS17004: Cannot use JSX unless the '--jsx' flag is provided.
src/ai-gateway/app/(dashboard)/dashboard/api-manager/ApiManagerPageClient.tsx(222,25): error TS17004: Cannot use JSX unless the '--jsx' flag is provided.
src/ai-gateway/app/(dashboard)/dashboard/api-manager/ApiManagerPageClient.tsx(226,19): error TS17004: Cannot use JSX unless the '--jsx' flag is provided.
src/ai-gateway/app/(dashboard)/dashboard/api-manager/ApiManagerPageClient.tsx(227,21): error TS17004: Cannot use JSX unless the '--jsx' flag is provided.
src/ai-gateway/app/(dashboard)/dashboard/api-manager/ApiManagerPageClient.tsx(229,25): error TS17004: Cannot use JSX unless the '--jsx' flag is provided.
src/ai-gateway/app/(dashboard)/dashboard/api-manager/ApiManagerPageClient.tsx(233,27): error TS17004: Cannot use JSX unless the '--jsx' flag is provided.
src/ai-gateway/app/(dashboard)/dashboard/api-manager/ApiManagerPageClient.tsx(234,54): error TS18047: 'key.allowedModels' is possibly 'null'.
src/ai-gateway/app/(dashboard)/dashboard/api-manager/ApiManagerPageClient.tsx(237,25): error TS17004: Cannot use JSX unless the '--jsx' flag is provided.
src/ai-gateway/app/(dashboard)/dashboard/api-manager/ApiManagerPageClient.tsx(241,27): error TS17004: Cannot use JSX unless the '--jsx' flag is provided.
src/ai-gateway/app/(dashboard)/dashboard/api-manager/ApiManagerPageClient.tsx(246,25): error TS17004: Cannot use JSX unless the '--jsx' flag is provided.
src/ai-gateway/app/(dashboard)/dashboard/api-manager/ApiManagerPageClient.tsx(250,27): error TS17004: Cannot use JSX unless the '--jsx' flag is provided.
src/ai-gateway/app/(dashboard)/dashboard/api-manager/ApiManagerPageClient.tsx(251,28): error TS18047: 'key.allowedConnections' is possibly 'null'.
src/ai-gateway/app/(dashboard)/dashboard/api-manager/ApiManagerPageClient.tsx(255,25): error TS17004: Cannot use JSX unless the '--jsx' flag is provided.
src/ai-gateway/app/(dashboard)/dashboard/api-manager/ApiManagerPageClient.tsx(256,27): error TS17004: Cannot use JSX unless the '--jsx' flag is provided.
src/ai-gateway/app/(dashboard)/dashboard/api-manager/ApiManagerPageClient.tsx(263,25): error TS17004: Cannot use JSX unless the '--jsx' flag is provided.
src/ai-gateway/app/(dashboard)/dashboard/api-manager/ApiManagerPageClient.tsx(264,27): error TS17004: Cannot use JSX unless the '--jsx' flag is provided.
src/ai-gateway/app/(dashboard)/dashboard/api-manager/ApiManagerPageClient.tsx(271,25): error TS17004: Cannot use JSX unless the '--jsx' flag is provided.
src/ai-gateway/app/(dashboard)/dashboard/api-manager/ApiManagerPageClient.tsx(272,27): error TS17004: Cannot use JSX unless the '--jsx' flag is provided.
src/ai-gateway/app/(dashboard)/dashboard/api-manager/ApiManagerPageClient.tsx(277,25): error TS17004: Cannot use JSX unless the '--jsx' flag is provided.
src/ai-gateway/app/(dashboard)/dashboard/api-manager/ApiManagerPageClient.tsx(278,27): error TS17004: Cannot use JSX unless the '--jsx' flag is provided.
src/ai-gateway/app/(dashboard)/dashboard/api-manager/ApiManagerPageClient.tsx(283,25): error TS17004: Cannot use JSX unless the '--jsx' flag is provided.
src/ai-gateway/app/(dashboard)/dashboard/api-manager/ApiManagerPageClient.tsx(284,27): error TS17004: Cannot use JSX unless the '--jsx' flag is provided.
src/ai-gateway/app/(dashboard)/dashboard/api-manager/ApiManagerPageClient.tsx(290,19): error TS17004: Cannot use JSX unless the '--jsx' flag is provided.
src/ai-gateway/app/(dashboard)/dashboard/api-manager/ApiManagerPageClient.tsx(291,21): error TS17004: Cannot use JSX unless the '--jsx' flag is provided.
src/ai-gateway/app/(dashboard)/dashboard/api-manager/ApiManagerPageClient.tsx(293,23): error TS17004: Cannot use JSX unless the '--jsx' flag is provided.
src/ai-gateway/app/(dashboard)/dashboard/api-manager/ApiManagerPageClient.tsx(296,23): error TS17004: Cannot use JSX unless the '--jsx' flag is provided.
src/ai-gateway/app/(dashboard)/dashboard/api-manager/ApiManagerPageClient.tsx(300,23): error TS17004: Cannot use JSX unless the '--jsx' flag is provided.
src/ai-gateway/app/(dashboard)/dashboard/api-manager/ApiManagerPageClient.tsx(303,19): error TS17004: Cannot use JSX unless the '--jsx' flag is provided.
src/ai-gateway/app/(dashboard)/dashboard/api-manager/ApiManagerPageClient.tsx(306,19): error TS17004: Cannot use JSX unless the '--jsx' flag is provided.
src/ai-gateway/app/(dashboard)/dashboard/api-manager/ApiManagerPageClient.tsx(307,21): error TS17004: Cannot use JSX unless the '--jsx' flag is provided.
src/ai-gateway/app/(dashboard)/dashboard/api-manager/ApiManagerPageClient.tsx(312,23): error TS17004: Cannot use JSX unless the '--jsx' flag is provided.
src/ai-gateway/app/(dashboard)/dashboard/api-manager/ApiManagerPageClient.tsx(314,21): error TS17004: Cannot use JSX unless the '--jsx' flag is provided.
src/ai-gateway/app/(dashboard)/dashboard/api-manager/ApiManagerPageClient.tsx(319,23): error TS17004: Cannot use JSX unless the '--jsx' flag is provided.
src/ai-gateway/app/(dashboard)/dashboard/api-manager/ApiManagerPageClient.tsx(329,7): error TS17004: Cannot use JSX unless the '--jsx' flag is provided.
src/ai-gateway/app/(dashboard)/dashboard/api-manager/ApiManagerPageClient.tsx(330,9): error TS17004: Cannot use JSX unless the '--jsx' flag is provided.
src/ai-gateway/app/(dashboard)/dashboard/api-manager/ApiManagerPageClient.tsx(331,11): error TS17004: Cannot use JSX unless the '--jsx' flag is provided.
src/ai-gateway/app/(dashboard)/dashboard/api-manager/ApiManagerPageClient.tsx(332,13): error TS17004: Cannot use JSX unless the '--jsx' flag is provided.
src/ai-gateway/app/(dashboard)/dashboard/api-manager/ApiManagerPageClient.tsx(334,11): error TS17004: Cannot use JSX unless the '--jsx' flag is provided.
src/ai-gateway/app/(dashboard)/dashboard/api-manager/ApiManagerPageClient.tsx(335,13): error TS17004: Cannot use JSX unless the '--jsx' flag is provided.
src/ai-gateway/app/(dashboard)/dashboard/api-manager/ApiManagerPageClient.tsx(336,13): error TS17004: Cannot use JSX unless the '--jsx' flag is provided.
src/ai-gateway/app/(dashboard)/dashboard/api-manager/ApiManagerPageClient.tsx(337,15): error TS17004: Cannot use JSX unless the '--jsx' flag is provided.
src/ai-gateway/app/(dashboard)/dashboard/api-manager/ApiManagerPageClient.tsx(338,17): error TS17004: Cannot use JSX unless the '--jsx' flag is provided.
src/ai-gateway/app/(dashboard)/dashboard/api-manager/ApiManagerPageClient.tsx(339,17): error TS17004: Cannot use JSX unless the '--jsx' flag is provided.
src/ai-gateway/app/(dashboard)/dashboard/api-manager/ApiManagerPageClient.tsx(341,15): error TS17004: Cannot use JSX unless the '--jsx' flag is provided.
src/ai-gateway/app/(dashboard)/dashboard/api-manager/ApiManagerPageClient.tsx(342,17): error TS17004: Cannot use JSX unless the '--jsx' flag is provided.
src/ai-gateway/app/(dashboard)/dashboard/api-manager/ApiManagerPageClient.tsx(343,17): error TS17004: Cannot use JSX unless the '--jsx' flag is provided.
src/ai-gateway/app/(dashboard)/dashboard/api-manager/ApiManagerPageClient.tsx(345,15): error TS17004: Cannot use JSX unless the '--jsx' flag is provided.
src/ai-gateway/app/(dashboard)/dashboard/api-manager/ApiManagerPageClient.tsx(346,17): error TS17004: Cannot use JSX unless the '--jsx' flag is provided.
src/ai-gateway/app/(dashboard)/dashboard/api-manager/ApiManagerPageClient.tsx(347,17): error TS17004: Cannot use JSX unless the '--jsx' flag is provided.
src/ai-gateway/app/(dashboard)/dashboard/api-manager/ApiManagerPageClient.tsx(349,15): error TS17004: Cannot use JSX unless the '--jsx' flag is provided.
src/ai-gateway/app/(dashboard)/dashboard/api-manager/ApiManagerPageClient.tsx(350,17): error TS17004: Cannot use JSX unless the '--jsx' flag is provided.
src/ai-gateway/app/(dashboard)/dashboard/api-manager/ApiManagerPageClient.tsx(351,17): error TS17004: Cannot use JSX unless the '--jsx' flag is provided.
src/ai-gateway/app/(dashboard)/dashboard/api-manager/ApiManagerPageClient.tsx(358,7): error TS17004: Cannot use JSX unless the '--jsx' flag is provided.
src/ai-gateway/app/(dashboard)/dashboard/api-manager/ApiManagerPageClient.tsx(366,9): error TS17004: Cannot use JSX unless the '--jsx' flag is provided.
src/ai-gateway/app/(dashboard)/dashboard/api-manager/ApiManagerPageClient.tsx(367,11): error TS17004: Cannot use JSX unless the '--jsx' flag is provided.
src/ai-gateway/app/(dashboard)/dashboard/api-manager/ApiManagerPageClient.tsx(368,13): error TS17004: Cannot use JSX unless the '--jsx' flag is provided.
src/ai-gateway/app/(dashboard)/dashboard/api-manager/ApiManagerPageClient.tsx(371,13): error TS17004: Cannot use JSX unless the '--jsx' flag is provided.
src/ai-gateway/app/(dashboard)/dashboard/api-manager/ApiManagerPageClient.tsx(373,26): error TS7006: Parameter 'e' implicitly has an 'any' type.
src/ai-gateway/app/(dashboard)/dashboard/api-manager/ApiManagerPageClient.tsx(377,13): error TS17004: Cannot use JSX unless the '--jsx' flag is provided.
src/ai-gateway/app/(dashboard)/dashboard/api-manager/ApiManagerPageClient.tsx(379,11): error TS17004: Cannot use JSX unless the '--jsx' flag is provided.
src/ai-gateway/app/(dashboard)/dashboard/api-manager/ApiManagerPageClient.tsx(380,13): error TS17004: Cannot use JSX unless the '--jsx' flag is provided.
src/ai-gateway/app/(dashboard)/dashboard/api-manager/ApiManagerPageClient.tsx(390,13): error TS17004: Cannot use JSX unless the '--jsx' flag is provided.
src/ai-gateway/app/(dashboard)/dashboard/api-manager/ApiManagerPageClient.tsx(397,7): error TS17004: Cannot use JSX unless the '--jsx' flag is provided.
src/ai-gateway/app/(dashboard)/dashboard/api-manager/ApiManagerPageClient.tsx(398,9): error TS17004: Cannot use JSX unless the '--jsx' flag is provided.
src/ai-gateway/app/(dashboard)/dashboard/api-manager/ApiManagerPageClient.tsx(399,11): error TS17004: Cannot use JSX unless the '--jsx' flag is provided.
src/ai-gateway/app/(dashboard)/dashboard/api-manager/ApiManagerPageClient.tsx(400,13): error TS17004: Cannot use JSX unless the '--jsx' flag is provided.
src/ai-gateway/app/(dashboard)/dashboard/api-manager/ApiManagerPageClient.tsx(401,15): error TS17004: Cannot use JSX unless the '--jsx' flag is provided.
src/ai-gateway/app/(dashboard)/dashboard/api-manager/ApiManagerPageClient.tsx(404,15): error TS17004: Cannot use JSX unless the '--jsx' flag is provided.
src/ai-gateway/app/(dashboard)/dashboard/api-manager/ApiManagerPageClient.tsx(405,17): error TS17004: Cannot use JSX unless the '--jsx' flag is provided.
src/ai-gateway/app/(dashboard)/dashboard/api-manager/ApiManagerPageClient.tsx(408,17): error TS17004: Cannot use JSX unless the '--jsx' flag is provided.
src/ai-gateway/app/(dashboard)/dashboard/api-manager/ApiManagerPageClient.tsx(412,11): error TS17004: Cannot use JSX unless the '--jsx' flag is provided.
src/ai-gateway/app/(dashboard)/dashboard/api-manager/ApiManagerPageClient.tsx(413,13): error TS17004: Cannot use JSX unless the '--jsx' flag is provided.
src/ai-gateway/app/(dashboard)/dashboard/api-manager/ApiManagerPageClient.tsx(414,13): error TS17004: Cannot use JSX unless the '--jsx' flag is provided.
src/ai-gateway/app/(dashboard)/dashboard/api-manager/ApiManagerPageClient.tsx(422,11): error TS17004: Cannot use JSX unless the '--jsx' flag is provided.
src/ai-gateway/app/(dashboard)/dashboard/api-manager/ApiManagerPageClient.tsx(429,9): error TS17004: Cannot use JSX unless the '--jsx' flag is provided.
src/ai-gateway/app/(dashboard)/dashboard/api-manager/ApiManagerPermissionsModal.tsx(4,38): error TS2307: Cannot find module '@/shared/components' or its corresponding type declarations.
src/ai-gateway/app/(dashboard)/dashboard/api-manager/ApiManagerPermissionsModal.tsx(5,33): error TS2307: Cannot find module 'next-intl' or its corresponding type declarations.
src/ai-gateway/app/(dashboard)/dashboard/api-manager/ApiManagerPermissionsModal.tsx(215,5): error TS17004: Cannot use JSX unless the '--jsx' flag is provided.
src/ai-gateway/app/(dashboard)/dashboard/api-manager/ApiManagerPermissionsModal.tsx(216,15): error TS2774: This condition will always return true since this function is always defined. Did you mean to call it instead?
src/ai-gateway/app/(dashboard)/dashboard/api-manager/ApiManagerPermissionsModal.tsx(220,7): error TS17004: Cannot use JSX unless the '--jsx' flag is provided.
src/ai-gateway/app/(dashboard)/dashboard/api-manager/ApiManagerPermissionsModal.tsx(221,9): error TS17004: Cannot use JSX unless the '--jsx' flag is provided.
src/ai-gateway/app/(dashboard)/dashboard/api-manager/ApiManagerPermissionsModal.tsx(222,11): error TS17004: Cannot use JSX unless the '--jsx' flag is provided.
src/ai-gateway/app/(dashboard)/dashboard/api-manager/ApiManagerPermissionsModal.tsx(230,13): error TS17004: Cannot use JSX unless the '--jsx' flag is provided.
src/ai-gateway/app/(dashboard)/dashboard/api-manager/ApiManagerPermissionsModal.tsx(233,11): error TS17004: Cannot use JSX unless the '--jsx' flag is provided.
src/ai-gateway/app/(dashboard)/dashboard/api-manager/ApiManagerPermissionsModal.tsx(241,13): error TS17004: Cannot use JSX unless the '--jsx' flag is provided.
src/ai-gateway/app/(dashboard)/dashboard/api-manager/ApiManagerPermissionsModal.tsx(246,9): error TS17004: Cannot use JSX unless the '--jsx' flag is provided.
src/ai-gateway/app/(dashboard)/dashboard/api-manager/ApiManagerPermissionsModal.tsx(253,11): error TS17004: Cannot use JSX unless the '--jsx' flag is provided.
src/ai-gateway/app/(dashboard)/dashboard/api-manager/ApiManagerPermissionsModal.tsx(260,11): error TS17004: Cannot use JSX unless the '--jsx' flag is provided.
src/ai-gateway/app/(dashboard)/dashboard/api-manager/ApiManagerPermissionsModal.tsx(271,9): error TS17004: Cannot use JSX unless the '--jsx' flag is provided.
src/ai-gateway/app/(dashboard)/dashboard/api-manager/ApiManagerPermissionsModal.tsx(272,11): error TS17004: Cannot use JSX unless the '--jsx' flag is provided.
src/ai-gateway/app/(dashboard)/dashboard/api-manager/ApiManagerPermissionsModal.tsx(273,13): error TS17004: Cannot use JSX unless the '--jsx' flag is provided.
src/ai-gateway/app/(dashboard)/dashboard/api-manager/ApiManagerPermissionsModal.tsx(274,13): error TS17004: Cannot use JSX unless the '--jsx' flag is provided.
src/ai-gateway/app/(dashboard)/dashboard/api-manager/ApiManagerPermissionsModal.tsx(276,11): error TS17004: Cannot use JSX unless the '--jsx' flag is provided.
src/ai-gateway/app/(dashboard)/dashboard/api-manager/ApiManagerPermissionsModal.tsx(287,13): error TS17004: Cannot use JSX unless the '--jsx' flag is provided.
src/ai-gateway/app/(dashboard)/dashboard/api-manager/ApiManagerPermissionsModal.tsx(294,9): error TS17004: Cannot use JSX unless the '--jsx' flag is provided.
src/ai-gateway/app/(dashboard)/dashboard/api-manager/ApiManagerPermissionsModal.tsx(295,11): error TS17004: Cannot use JSX unless the '--jsx' flag is provided.
src/ai-gateway/app/(dashboard)/dashboard/api-manager/ApiManagerPermissionsModal.tsx(296,13): error TS17004: Cannot use JSX unless the '--jsx' flag is provided.
src/ai-gateway/app/(dashboard)/dashboard/api-manager/ApiManagerPermissionsModal.tsx(297,13): error TS17004: Cannot use JSX unless the '--jsx' flag is provided.
src/ai-gateway/app/(dashboard)/dashboard/api-manager/ApiManagerPermissionsModal.tsx(301,11): error TS17004: Cannot use JSX unless the '--jsx' flag is provided.
src/ai-gateway/app/(dashboard)/dashboard/api-manager/ApiManagerPermissionsModal.tsx(302,13): error TS17004: Cannot use JSX unless the '--jsx' flag is provided.
src/ai-gateway/app/(dashboard)/dashboard/api-manager/ApiManagerPermissionsModal.tsx(307,26): error TS7006: Parameter 'e' implicitly has an 'any' type.
src/ai-gateway/app/(dashboard)/dashboard/api-manager/ApiManagerPermissionsModal.tsx(315,9): error TS17004: Cannot use JSX unless the '--jsx' flag is provided.
src/ai-gateway/app/(dashboard)/dashboard/api-manager/ApiManagerPermissionsModal.tsx(316,11): error TS17004: Cannot use JSX unless the '--jsx' flag is provided.
src/ai-gateway/app/(dashboard)/dashboard/api-manager/ApiManagerPermissionsModal.tsx(317,13): error TS17004: Cannot use JSX unless the '--jsx' flag is provided.
src/ai-gateway/app/(dashboard)/dashboard/api-manager/ApiManagerPermissionsModal.tsx(318,15): error TS17004: Cannot use JSX unless the '--jsx' flag is provided.
src/ai-gateway/app/(dashboard)/dashboard/api-manager/ApiManagerPermissionsModal.tsx(319,15): error TS17004: Cannot use JSX unless the '--jsx' flag is provided.
src/ai-gateway/app/(dashboard)/dashboard/api-manager/ApiManagerPermissionsModal.tsx(321,13): error TS17004: Cannot use JSX unless the '--jsx' flag is provided.
src/ai-gateway/app/(dashboard)/dashboard/api-manager/ApiManagerPermissionsModal.tsx(332,15): error TS17004: Cannot use JSX unless the '--jsx' flag is provided.
src/ai-gateway/app/(dashboard)/dashboard/api-manager/ApiManagerPermissionsModal.tsx(337,13): error TS17004: Cannot use JSX unless the '--jsx' flag is provided.
src/ai-gateway/app/(dashboard)/dashboard/api-manager/ApiManagerPermissionsModal.tsx(338,15): error TS17004: Cannot use JSX unless the '--jsx' flag is provided.
src/ai-gateway/app/(dashboard)/dashboard/api-manager/ApiManagerPermissionsModal.tsx(339,17): error TS17004: Cannot use JSX unless the '--jsx' flag is provided.
src/ai-gateway/app/(dashboard)/dashboard/api-manager/ApiManagerPermissionsModal.tsx(340,19): error TS17004: Cannot use JSX unless the '--jsx' flag is provided.
src/ai-gateway/app/(dashboard)/dashboard/api-manager/ApiManagerPermissionsModal.tsx(341,19): error TS17004: Cannot use JSX unless the '--jsx' flag is provided.
src/ai-gateway/app/(dashboard)/dashboard/api-manager/ApiManagerPermissionsModal.tsx(348,17): error TS17004: Cannot use JSX unless the '--jsx' flag is provided.
src/ai-gateway/app/(dashboard)/dashboard/api-manager/ApiManagerPermissionsModal.tsx(349,19): error TS17004: Cannot use JSX unless the '--jsx' flag is provided.
src/ai-gateway/app/(dashboard)/dashboard/api-manager/ApiManagerPermissionsModal.tsx(352,19): error TS17004: Cannot use JSX unless the '--jsx' flag is provided.
src/ai-gateway/app/(dashboard)/dashboard/api-manager/ApiManagerPermissionsModal.tsx(360,15): error TS17004: Cannot use JSX unless the '--jsx' flag is provided.
src/ai-gateway/app/(dashboard)/dashboard/api-manager/ApiManagerPermissionsModal.tsx(361,17): error TS17004: Cannot use JSX unless the '--jsx' flag is provided.
src/ai-gateway/app/(dashboard)/dashboard/api-manager/ApiManagerPermissionsModal.tsx(362,17): error TS17004: Cannot use JSX unless the '--jsx' flag is provided.
src/ai-gateway/app/(dashboard)/dashboard/api-manager/ApiManagerPermissionsModal.tsx(366,23): error TS17004: Cannot use JSX unless the '--jsx' flag is provided.
src/ai-gateway/app/(dashboard)/dashboard/api-manager/ApiManagerPermissionsModal.tsx(388,15): error TS17004: Cannot use JSX unless the '--jsx' flag is provided.
src/ai-gateway/app/(dashboard)/dashboard/api-manager/ApiManagerPermissionsModal.tsx(389,17): error TS17004: Cannot use JSX unless the '--jsx' flag is provided.
src/ai-gateway/app/(dashboard)/dashboard/api-manager/ApiManagerPermissionsModal.tsx(392,17): error TS17004: Cannot use JSX unless the '--jsx' flag is provided.
src/ai-gateway/app/(dashboard)/dashboard/api-manager/ApiManagerPermissionsModal.tsx(399,17): error TS17004: Cannot use JSX unless the '--jsx' flag is provided.
src/ai-gateway/app/(dashboard)/dashboard/api-manager/ApiManagerPermissionsModal.tsx(405,9): error TS17004: Cannot use JSX unless the '--jsx' flag is provided.
src/ai-gateway/app/(dashboard)/dashboard/api-manager/ApiManagerPermissionsModal.tsx(406,11): error TS17004: Cannot use JSX unless the '--jsx' flag is provided.
src/ai-gateway/app/(dashboard)/dashboard/api-manager/ApiManagerPermissionsModal.tsx(407,13): error TS17004: Cannot use JSX unless the '--jsx' flag is provided.
src/ai-gateway/app/(dashboard)/dashboard/api-manager/ApiManagerPermissionsModal.tsx(408,13): error TS17004: Cannot use JSX unless the '--jsx' flag is provided.
src/ai-gateway/app/(dashboard)/dashboard/api-manager/ApiManagerPermissionsModal.tsx(412,11): error TS17004: Cannot use JSX unless the '--jsx' flag is provided.
src/ai-gateway/app/(dashboard)/dashboard/api-manager/ApiManagerPermissionsModal.tsx(423,13): error TS17004: Cannot use JSX unless the '--jsx' flag is provided.
src/ai-gateway/app/(dashboard)/dashboard/api-manager/ApiManagerPermissionsModal.tsx(430,9): error TS17004: Cannot use JSX unless the '--jsx' flag is provided.
src/ai-gateway/app/(dashboard)/dashboard/api-manager/ApiManagerPermissionsModal.tsx(431,11): error TS17004: Cannot use JSX unless the '--jsx' flag is provided.
src/ai-gateway/app/(dashboard)/dashboard/api-manager/ApiManagerPermissionsModal.tsx(432,13): error TS17004: Cannot use JSX unless the '--jsx' flag is provided.
src/ai-gateway/app/(dashboard)/dashboard/api-manager/ApiManagerPermissionsModal.tsx(433,13): error TS17004: Cannot use JSX unless the '--jsx' flag is provided.
src/ai-gateway/app/(dashboard)/dashboard/api-manager/ApiManagerPermissionsModal.tsx(435,11): error TS17004: Cannot use JSX unless the '--jsx' flag is provided.
src/ai-gateway/app/(dashboard)/dashboard/api-manager/ApiManagerPermissionsModal.tsx(446,13): error TS17004: Cannot use JSX unless the '--jsx' flag is provided.
src/ai-gateway/app/(dashboard)/dashboard/api-manager/ApiManagerPermissionsModal.tsx(454,11): error TS17004: Cannot use JSX unless the '--jsx' flag is provided.
src/ai-gateway/app/(dashboard)/dashboard/api-manager/ApiManagerPermissionsModal.tsx(455,13): error TS17004: Cannot use JSX unless the '--jsx' flag is provided.
src/ai-gateway/app/(dashboard)/dashboard/api-manager/ApiManagerPermissionsModal.tsx(456,15): error TS17004: Cannot use JSX unless the '--jsx' flag is provided.
src/ai-gateway/app/(dashboard)/dashboard/api-manager/ApiManagerPermissionsModal.tsx(459,15): error TS17004: Cannot use JSX unless the '--jsx' flag is provided.
src/ai-gateway/app/(dashboard)/dashboard/api-manager/ApiManagerPermissionsModal.tsx(460,17): error TS17004: Cannot use JSX unless the '--jsx' flag is provided.
src/ai-gateway/app/(dashboard)/dashboard/api-manager/ApiManagerPermissionsModal.tsx(466,17): error TS17004: Cannot use JSX unless the '--jsx' flag is provided.
src/ai-gateway/app/(dashboard)/dashboard/api-manager/ApiManagerPermissionsModal.tsx(474,13): error TS17004: Cannot use JSX unless the '--jsx' flag is provided.
src/ai-gateway/app/(dashboard)/dashboard/api-manager/ApiManagerPermissionsModal.tsx(476,17): error TS17004: Cannot use JSX unless the '--jsx' flag is provided.
src/ai-gateway/app/(dashboard)/dashboard/api-manager/ApiManagerPermissionsModal.tsx(480,19): error TS17004: Cannot use JSX unless the '--jsx' flag is provided.
src/ai-gateway/app/(dashboard)/dashboard/api-manager/ApiManagerPermissionsModal.tsx(483,19): error TS17004: Cannot use JSX unless the '--jsx' flag is provided.
src/ai-gateway/app/(dashboard)/dashboard/api-manager/ApiManagerPermissionsModal.tsx(487,21): error TS17004: Cannot use JSX unless the '--jsx' flag is provided.
src/ai-gateway/app/(dashboard)/dashboard/api-manager/ApiManagerPermissionsModal.tsx(496,11): error TS17004: Cannot use JSX unless the '--jsx' flag is provided.
src/ai-gateway/app/(dashboard)/dashboard/api-manager/ApiManagerPermissionsModal.tsx(497,13): error TS17004: Cannot use JSX unless the '--jsx' flag is provided.
src/ai-gateway/app/(dashboard)/dashboard/api-manager/ApiManagerPermissionsModal.tsx(498,15): error TS17004: Cannot use JSX unless the '--jsx' flag is provided.
src/ai-gateway/app/(dashboard)/dashboard/api-manager/ApiManagerPermissionsModal.tsx(500,28): error TS7006: Parameter 'e' implicitly has an 'any' type.
src/ai-gateway/app/(dashboard)/dashboard/api-manager/ApiManagerPermissionsModal.tsx(505,17): error TS17004: Cannot use JSX unless the '--jsx' flag is provided.
src/ai-gateway/app/(dashboard)/dashboard/api-manager/ApiManagerPermissionsModal.tsx(509,19): error TS17004: Cannot use JSX unless the '--jsx' flag is provided.
src/ai-gateway/app/(dashboard)/dashboard/api-manager/ApiManagerPermissionsModal.tsx(514,13): error TS17004: Cannot use JSX unless the '--jsx' flag is provided.
src/ai-gateway/app/(dashboard)/dashboard/api-manager/ApiManagerPermissionsModal.tsx(516,17): error TS17004: Cannot use JSX unless the '--jsx' flag is provided.
src/ai-gateway/app/(dashboard)/dashboard/api-manager/ApiManagerPermissionsModal.tsx(517,19): error TS17004: Cannot use JSX unless the '--jsx' flag is provided.
src/ai-gateway/app/(dashboard)/dashboard/api-manager/ApiManagerPermissionsModal.tsx(518,19): error TS17004: Cannot use JSX unless the '--jsx' flag is provided.
src/ai-gateway/app/(dashboard)/dashboard/api-manager/ApiManagerPermissionsModal.tsx(529,21): error TS17004: Cannot use JSX unless the '--jsx' flag is provided.
src/ai-gateway/app/(dashboard)/dashboard/api-manager/ApiManagerPermissionsModal.tsx(530,23): error TS17004: Cannot use JSX unless the '--jsx' flag is provided.
src/ai-gateway/app/(dashboard)/dashboard/api-manager/ApiManagerPermissionsModal.tsx(534,25): error TS17004: Cannot use JSX unless the '--jsx' flag is provided.
src/ai-gateway/app/(dashboard)/dashboard/api-manager/ApiManagerPermissionsModal.tsx(541,25): error TS17004: Cannot use JSX unless the '--jsx' flag is provided.
src/ai-gateway/app/(dashboard)/dashboard/api-manager/ApiManagerPermissionsModal.tsx(542,27): error TS17004: Cannot use JSX unless the '--jsx' flag is provided.
src/ai-gateway/app/(dashboard)/dashboard/api-manager/ApiManagerPermissionsModal.tsx(549,29): error TS17004: Cannot use JSX unless the '--jsx' flag is provided.
src/ai-gateway/app/(dashboard)/dashboard/api-manager/ApiManagerPermissionsModal.tsx(559,33): error TS17004: Cannot use JSX unless the '--jsx' flag is provided.
src/ai-gateway/app/(dashboard)/dashboard/api-manager/ApiManagerPermissionsModal.tsx(564,33): error TS17004: Cannot use JSX unless the '--jsx' flag is provided.
src/ai-gateway/app/(dashboard)/dashboard/api-manager/ApiManagerPermissionsModal.tsx(570,27): error TS17004: Cannot use JSX unless the '--jsx' flag is provided.
src/ai-gateway/app/(dashboard)/dashboard/api-manager/ApiManagerPermissionsModal.tsx(573,27): error TS17004: Cannot use JSX unless the '--jsx' flag is provided.
src/ai-gateway/app/(dashboard)/dashboard/api-manager/ApiManagerPermissionsModal.tsx(578,27): error TS17004: Cannot use JSX unless the '--jsx' flag is provided.
src/ai-gateway/app/(dashboard)/dashboard/api-manager/ApiManagerPermissionsModal.tsx(585,25): error TS17004: Cannot use JSX unless the '--jsx' flag is provided.
src/ai-gateway/app/(dashboard)/dashboard/api-manager/ApiManagerPermissionsModal.tsx(586,27): error TS17004: Cannot use JSX unless the '--jsx' flag is provided.
src/ai-gateway/app/(dashboard)/dashboard/api-manager/ApiManagerPermissionsModal.tsx(590,33): error TS17004: Cannot use JSX unless the '--jsx' flag is provided.
src/ai-gateway/app/(dashboard)/dashboard/api-manager/ApiManagerPermissionsModal.tsx(616,11): error TS17004: Cannot use JSX unless the '--jsx' flag is provided.
src/ai-gateway/app/(dashboard)/dashboard/api-manager/ApiManagerPermissionsModal.tsx(617,13): error TS17004: Cannot use JSX unless the '--jsx' flag is provided.
src/ai-gateway/app/(dashboard)/dashboard/api-manager/ApiManagerPermissionsModal.tsx(618,15): error TS17004: Cannot use JSX unless the '--jsx' flag is provided.
src/ai-gateway/app/(dashboard)/dashboard/api-manager/ApiManagerPermissionsModal.tsx(619,15): error TS17004: Cannot use JSX unless the '--jsx' flag is provided.
src/ai-gateway/app/(dashboard)/dashboard/api-manager/ApiManagerPermissionsModal.tsx(620,17): error TS17004: Cannot use JSX unless the '--jsx' flag is provided.
src/ai-gateway/app/(dashboard)/dashboard/api-manager/ApiManagerPermissionsModal.tsx(633,17): error TS17004: Cannot use JSX unless the '--jsx' flag is provided.
src/ai-gateway/app/(dashboard)/dashboard/api-manager/ApiManagerPermissionsModal.tsx(645,13): error TS17004: Cannot use JSX unless the '--jsx' flag is provided.
src/ai-gateway/app/(dashboard)/dashboard/api-manager/ApiManagerPermissionsModal.tsx(651,15): error TS17004: Cannot use JSX unless the '--jsx' flag is provided.
src/ai-gateway/app/(dashboard)/dashboard/api-manager/ApiManagerPermissionsModal.tsx(653,19): error TS17004: Cannot use JSX unless the '--jsx' flag is provided.
src/ai-gateway/app/(dashboard)/dashboard/api-manager/ApiManagerPermissionsModal.tsx(654,21): error TS17004: Cannot use JSX unless the '--jsx' flag is provided.
src/ai-gateway/app/(dashboard)/dashboard/api-manager/ApiManagerPermissionsModal.tsx(660,25): error TS17004: Cannot use JSX unless the '--jsx' flag is provided.
src/ai-gateway/app/(dashboard)/dashboard/api-manager/ApiManagerPermissionsModal.tsx(669,27): error TS17004: Cannot use JSX unless the '--jsx' flag is provided.
src/ai-gateway/app/(dashboard)/dashboard/api-manager/ApiManagerPermissionsModal.tsx(675,31): error TS17004: Cannot use JSX unless the '--jsx' flag is provided.
src/ai-gateway/app/(dashboard)/dashboard/api-manager/ApiManagerPermissionsModal.tsx(680,27): error TS17004: Cannot use JSX unless the '--jsx' flag is provided.
src/ai-gateway/app/(dashboard)/dashboard/api-manager/ApiManagerPermissionsModal.tsx(684,29): error TS17004: Cannot use JSX unless the '--jsx' flag is provided.
src/ai-gateway/app/(dashboard)/dashboard/api-manager/ApiManagerPermissionsModal.tsx(696,9): error TS17004: Cannot use JSX unless the '--jsx' flag is provided.
src/ai-gateway/app/(dashboard)/dashboard/api-manager/ApiManagerPermissionsModal.tsx(697,11): error TS17004: Cannot use JSX unless the '--jsx' flag is provided.
src/ai-gateway/app/(dashboard)/dashboard/api-manager/ApiManagerPermissionsModal.tsx(700,11): error TS17004: Cannot use JSX unless the '--jsx' flag is provided.
src/ai-gateway/app/(dashboard)/dashboard/api-manager/page.tsx(1,34): error TS6142: Module './ApiManagerPageClient' was resolved to 'C:/TESTES DEV/1_PROJETOS_ATIVOS/Zavorth/src/ai-gateway/app/(dashboard)/dashboard/api-manager/ApiManagerPageClient.tsx', but '--jsx' is not set.
src/ai-gateway/app/(dashboard)/dashboard/api-manager/page.tsx(4,10): error TS17004: Cannot use JSX unless the '--jsx' flag is provided.
src/ai-gateway/app/(dashboard)/dashboard/audit/ConfigAuditViewer.tsx(4,33): error TS2307: Cannot find module 'next-intl' or its corresponding type declarations.
src/ai-gateway/app/(dashboard)/dashboard/audit/ConfigAuditViewer.tsx(65,7): error TS17004: Cannot use JSX unless the '--jsx' flag is provided.
src/ai-gateway/app/(dashboard)/dashboard/audit/ConfigAuditViewer.tsx(66,9): error TS17004: Cannot use JSX unless the '--jsx' flag is provided.
src/ai-gateway/app/(dashboard)/dashboard/audit/ConfigAuditViewer.tsx(73,7): error TS17004: Cannot use JSX unless the '--jsx' flag is provided.
src/ai-gateway/app/(dashboard)/dashboard/audit/ConfigAuditViewer.tsx(74,9): error TS17004: Cannot use JSX unless the '--jsx' flag is provided.
src/ai-gateway/app/(dashboard)/dashboard/audit/ConfigAuditViewer.tsx(80,11): error TS17004: Cannot use JSX unless the '--jsx' flag is provided.
src/ai-gateway/app/(dashboard)/dashboard/audit/ConfigAuditViewer.tsx(87,9): error TS17004: Cannot use JSX unless the '--jsx' flag is provided.
src/ai-gateway/app/(dashboard)/dashboard/audit/ConfigAuditViewer.tsx(93,5): error TS17004: Cannot use JSX unless the '--jsx' flag is provided.
src/ai-gateway/app/(dashboard)/dashboard/audit/ConfigAuditViewer.tsx(94,7): error TS17004: Cannot use JSX unless the '--jsx' flag is provided.
src/ai-gateway/app/(dashboard)/dashboard/audit/ConfigAuditViewer.tsx(95,9): error TS17004: Cannot use JSX unless the '--jsx' flag is provided.
src/ai-gateway/app/(dashboard)/dashboard/audit/ConfigAuditViewer.tsx(96,11): error TS17004: Cannot use JSX unless the '--jsx' flag is provided.
src/ai-gateway/app/(dashboard)/dashboard/audit/ConfigAuditViewer.tsx(97,13): error TS17004: Cannot use JSX unless the '--jsx' flag is provided.
src/ai-gateway/app/(dashboard)/dashboard/audit/ConfigAuditViewer.tsx(98,15): error TS17004: Cannot use JSX unless the '--jsx' flag is provided.
src/ai-gateway/app/(dashboard)/dashboard/audit/ConfigAuditViewer.tsx(99,15): error TS17004: Cannot use JSX unless the '--jsx' flag is provided.
src/ai-gateway/app/(dashboard)/dashboard/audit/ConfigAuditViewer.tsx(100,15): error TS17004: Cannot use JSX unless the '--jsx' flag is provided.
src/ai-gateway/app/(dashboard)/dashboard/audit/ConfigAuditViewer.tsx(101,15): error TS17004: Cannot use JSX unless the '--jsx' flag is provided.
src/ai-gateway/app/(dashboard)/dashboard/audit/ConfigAuditViewer.tsx(102,15): error TS17004: Cannot use JSX unless the '--jsx' flag is provided.
src/ai-gateway/app/(dashboard)/dashboard/audit/ConfigAuditViewer.tsx(103,15): error TS17004: Cannot use JSX unless the '--jsx' flag is provided.
src/ai-gateway/app/(dashboard)/dashboard/audit/ConfigAuditViewer.tsx(106,11): error TS17004: Cannot use JSX unless the '--jsx' flag is provided.
src/ai-gateway/app/(dashboard)/dashboard/audit/ConfigAuditViewer.tsx(108,15): error TS17004: Cannot use JSX unless the '--jsx' flag is provided.
src/ai-gateway/app/(dashboard)/dashboard/audit/ConfigAuditViewer.tsx(112,17): error TS17004: Cannot use JSX unless the '--jsx' flag is provided.
src/ai-gateway/app/(dashboard)/dashboard/audit/ConfigAuditViewer.tsx(115,17): error TS17004: Cannot use JSX unless the '--jsx' flag is provided.
src/ai-gateway/app/(dashboard)/dashboard/audit/ConfigAuditViewer.tsx(116,19): error TS17004: Cannot use JSX unless the '--jsx' flag is provided.
src/ai-gateway/app/(dashboard)/dashboard/audit/ConfigAuditViewer.tsx(122,17): error TS17004: Cannot use JSX unless the '--jsx' flag is provided.
src/ai-gateway/app/(dashboard)/dashboard/audit/ConfigAuditViewer.tsx(125,17): error TS17004: Cannot use JSX unless the '--jsx' flag is provided.
src/ai-gateway/app/(dashboard)/dashboard/audit/ConfigAuditViewer.tsx(128,17): error TS17004: Cannot use JSX unless the '--jsx' flag is provided.
src/ai-gateway/app/(dashboard)/dashboard/audit/ConfigAuditViewer.tsx(131,17): error TS17004: Cannot use JSX unless the '--jsx' flag is provided.
src/ai-gateway/app/(dashboard)/dashboard/audit/ConfigAuditViewer.tsx(132,19): error TS17004: Cannot use JSX unless the '--jsx' flag is provided.
src/ai-gateway/app/(dashboard)/dashboard/audit/ConfigAuditViewer.tsx(146,9): error TS17004: Cannot use JSX unless the '--jsx' flag is provided.
src/ai-gateway/app/(dashboard)/dashboard/audit/ConfigAuditViewer.tsx(147,11): error TS17004: Cannot use JSX unless the '--jsx' flag is provided.
src/ai-gateway/app/(dashboard)/dashboard/audit/ConfigAuditViewer.tsx(149,13): error TS17004: Cannot use JSX unless the '--jsx' flag is provided.
src/ai-gateway/app/(dashboard)/dashboard/audit/ConfigAuditViewer.tsx(150,15): error TS17004: Cannot use JSX unless the '--jsx' flag is provided.
src/ai-gateway/app/(dashboard)/dashboard/audit/ConfigAuditViewer.tsx(151,17): error TS17004: Cannot use JSX unless the '--jsx' flag is provided.
src/ai-gateway/app/(dashboard)/dashboard/audit/ConfigAuditViewer.tsx(154,17): error TS17004: Cannot use JSX unless the '--jsx' flag is provided.
src/ai-gateway/app/(dashboard)/dashboard/audit/ConfigAuditViewer.tsx(158,15): error TS17004: Cannot use JSX unless the '--jsx' flag is provided.
src/ai-gateway/app/(dashboard)/dashboard/audit/ConfigAuditViewer.tsx(163,17): error TS17004: Cannot use JSX unless the '--jsx' flag is provided.
src/ai-gateway/app/(dashboard)/dashboard/audit/ConfigAuditViewer.tsx(164,19): error TS17004: Cannot use JSX unless the '--jsx' flag is provided.
src/ai-gateway/app/(dashboard)/dashboard/audit/ConfigAuditViewer.tsx(175,13): error TS17004: Cannot use JSX unless the '--jsx' flag is provided.
src/ai-gateway/app/(dashboard)/dashboard/audit/ConfigAuditViewer.tsx(177,17): error TS17004: Cannot use JSX unless the '--jsx' flag is provided.
src/ai-gateway/app/(dashboard)/dashboard/audit/ConfigAuditViewer.tsx(183,17): error TS17004: Cannot use JSX unless the '--jsx' flag is provided.
src/ai-gateway/app/(dashboard)/dashboard/audit/ConfigAuditViewer.tsx(187,17): error TS17004: Cannot use JSX unless the '--jsx' flag is provided.
src/ai-gateway/app/(dashboard)/dashboard/audit/ConfigAuditViewer.tsx(190,21): error TS17004: Cannot use JSX unless the '--jsx' flag is provided.
src/ai-gateway/app/(dashboard)/dashboard/audit/ConfigAuditViewer.tsx(191,23): error TS17004: Cannot use JSX unless the '--jsx' flag is provided.
src/ai-gateway/app/(dashboard)/dashboard/audit/ConfigAuditViewer.tsx(194,23): error TS17004: Cannot use JSX unless the '--jsx' flag is provided.
src/ai-gateway/app/(dashboard)/dashboard/audit/ConfigAuditViewer.tsx(209,21): error TS17004: Cannot use JSX unless the '--jsx' flag is provided.
src/ai-gateway/app/(dashboard)/dashboard/audit/ConfigAuditViewer.tsx(210,23): error TS17004: Cannot use JSX unless the '--jsx' flag is provided.
src/ai-gateway/app/(dashboard)/dashboard/audit/ConfigAuditViewer.tsx(213,23): error TS17004: Cannot use JSX unless the '--jsx' flag is provided.
src/ai-gateway/app/(dashboard)/dashboard/audit/ConfigAuditViewer.tsx(228,21): error TS17004: Cannot use JSX unless the '--jsx' flag is provided.
src/ai-gateway/app/(dashboard)/dashboard/audit/ConfigAuditViewer.tsx(229,23): error TS17004: Cannot use JSX unless the '--jsx' flag is provided.
src/ai-gateway/app/(dashboard)/dashboard/audit/ConfigAuditViewer.tsx(232,23): error TS17004: Cannot use JSX unless the '--jsx' flag is provided.
src/ai-gateway/app/(dashboard)/dashboard/audit/ConfigAuditViewer.tsx(234,27): error TS17004: Cannot use JSX unless the '--jsx' flag is provided.
src/ai-gateway/app/(dashboard)/dashboard/audit/ConfigAuditViewer.tsx(238,29): error TS17004: Cannot use JSX unless the '--jsx' flag is provided.
src/ai-gateway/app/(dashboard)/dashboard/audit/ConfigAuditViewer.tsx(241,29): error TS17004: Cannot use JSX unless the '--jsx' flag is provided.
src/ai-gateway/app/(dashboard)/dashboard/audit/ConfigAuditViewer.tsx(242,31): error TS17004: Cannot use JSX unless the '--jsx' flag is provided.
src/ai-gateway/app/(dashboard)/dashboard/audit/ConfigAuditViewer.tsx(243,33): error TS17004: Cannot use JSX unless the '--jsx' flag is provided.
src/ai-gateway/app/(dashboard)/dashboard/audit/ConfigAuditViewer.tsx(246,33): error TS17004: Cannot use JSX unless the '--jsx' flag is provided.
src/ai-gateway/app/(dashboard)/dashboard/audit/ConfigAuditViewer.tsx(250,31): error TS17004: Cannot use JSX unless the '--jsx' flag is provided.
src/ai-gateway/app/(dashboard)/dashboard/audit/ConfigAuditViewer.tsx(251,33): error TS17004: Cannot use JSX unless the '--jsx' flag is provided.
src/ai-gateway/app/(dashboard)/dashboard/audit/ConfigAuditViewer.tsx(254,33): error TS17004: Cannot use JSX unless the '--jsx' flag is provided.
src/ai-gateway/app/(dashboard)/dashboard/audit/page.tsx(4,31): error TS6142: Module './ConfigAuditViewer' was resolved to 'C:/TESTES DEV/1_PROJETOS_ATIVOS/Zavorth/src/ai-gateway/app/(dashboard)/dashboard/audit/ConfigAuditViewer.tsx', but '--jsx' is not set.
src/ai-gateway/app/(dashboard)/dashboard/audit/page.tsx(17,5): error TS17004: Cannot use JSX unless the '--jsx' flag is provided.
src/ai-gateway/app/(dashboard)/dashboard/audit/page.tsx(18,7): error TS17004: Cannot use JSX unless the '--jsx' flag is provided.
src/ai-gateway/app/(dashboard)/dashboard/audit/page.tsx(19,9): error TS17004: Cannot use JSX unless the '--jsx' flag is provided.
src/ai-gateway/app/(dashboard)/dashboard/audit/page.tsx(20,11): error TS17004: Cannot use JSX unless the '--jsx' flag is provided.
src/ai-gateway/app/(dashboard)/dashboard/audit/page.tsx(23,11): error TS17004: Cannot use JSX unless the '--jsx' flag is provided.
src/ai-gateway/app/(dashboard)/dashboard/audit/page.tsx(28,11): error TS17004: Cannot use JSX unless the '--jsx' flag is provided.
src/ai-gateway/app/(dashboard)/dashboard/audit/page.tsx(29,13): error TS17004: Cannot use JSX unless the '--jsx' flag is provided.
src/ai-gateway/app/(dashboard)/dashboard/audit/page.tsx(30,15): error TS17004: Cannot use JSX unless the '--jsx' flag is provided.
src/ai-gateway/app/(dashboard)/dashboard/audit/page.tsx(31,15): error TS17004: Cannot use JSX unless the '--jsx' flag is provided.
src/ai-gateway/app/(dashboard)/dashboard/audit/page.tsx(39,7): error TS17004: Cannot use JSX unless the '--jsx' flag is provided.
src/ai-gateway/app/(dashboard)/dashboard/audit/page.tsx(40,9): error TS17004: Cannot use JSX unless the '--jsx' flag is provided.
src/ai-gateway/app/(dashboard)/dashboard/auto-combo/AutoComboModal.tsx(2,38): error TS2307: Cannot find module '@/shared/components' or its corresponding type declarations.
src/ai-gateway/app/(dashboard)/dashboard/auto-combo/AutoComboModal.tsx(3,33): error TS2307: Cannot find module 'next-intl' or its corresponding type declarations.
src/ai-gateway/app/(dashboard)/dashboard/auto-combo/AutoComboModal.tsx(5,42): error TS7031: Binding element 'isOpen' implicitly has an 'any' type.
src/ai-gateway/app/(dashboard)/dashboard/auto-combo/AutoComboModal.tsx(5,50): error TS7031: Binding element 'onClose' implicitly has an 'any' type.
src/ai-gateway/app/(dashboard)/dashboard/auto-combo/AutoComboModal.tsx(5,59): error TS7031: Binding element 'onSave' implicitly has an 'any' type.
src/ai-gateway/app/(dashboard)/dashboard/auto-combo/AutoComboModal.tsx(5,67): error TS7031: Binding element 'combo' implicitly has an 'any' type.
src/ai-gateway/app/(dashboard)/dashboard/auto-combo/AutoComboModal.tsx(41,25): error TS7006: Parameter 'e' implicitly has an 'any' type.
src/ai-gateway/app/(dashboard)/dashboard/auto-combo/AutoComboModal.tsx(55,33): error TS7006: Parameter 'providerId' implicitly has an 'any' type.
src/ai-gateway/app/(dashboard)/dashboard/auto-combo/AutoComboModal.tsx(56,17): error TS2345: Argument of type '(prev: { name: string; strategy: string; candidatePool: never[]; explorationRate: number; modePack: string; budgetCap: string; }) => { candidatePool: any[]; name: string; strategy: string; explorationRate: number; modePack: string; budgetCap: string; }' is not assignable to parameter of type 'SetStateAction<{ name: string; strategy: string; candidatePool: never[]; explorationRate: number; modePack: string; budgetCap: string; }>'.
  Type '(prev: { name: string; strategy: string; candidatePool: never[]; explorationRate: number; modePack: string; budgetCap: string; }) => { candidatePool: any[]; name: string; strategy: string; explorationRate: number; modePack: string; budgetCap: string; }' is not assignable to type '(prevState: { name: string; strategy: string; candidatePool: never[]; explorationRate: number; modePack: string; budgetCap: string; }) => { name: string; strategy: string; candidatePool: never[]; explorationRate: number; modePack: string; budgetCap: string; }'.
    Call signature return types '{ candidatePool: any[]; name: string; strategy: string; explorationRate: number; modePack: string; budgetCap: string; }' and '{ name: string; strategy: string; candidatePool: never[]; explorationRate: number; modePack: string; budgetCap: string; }' are incompatible.
      The types of 'candidatePool' are incompatible between these types.
        Type 'any[]' is not assignable to type 'never[]'.
          Type 'any' is not assignable to type 'never'.
src/ai-gateway/app/(dashboard)/dashboard/auto-combo/AutoComboModal.tsx(57,48): error TS2345: Argument of type 'any' is not assignable to parameter of type 'never'.
src/ai-gateway/app/(dashboard)/dashboard/auto-combo/AutoComboModal.tsx(65,5): error TS17004: Cannot use JSX unless the '--jsx' flag is provided.
src/ai-gateway/app/(dashboard)/dashboard/auto-combo/AutoComboModal.tsx(70,7): error TS17004: Cannot use JSX unless the '--jsx' flag is provided.
src/ai-gateway/app/(dashboard)/dashboard/auto-combo/AutoComboModal.tsx(71,9): error TS17004: Cannot use JSX unless the '--jsx' flag is provided.
src/ai-gateway/app/(dashboard)/dashboard/auto-combo/AutoComboModal.tsx(74,22): error TS7006: Parameter 'e' implicitly has an 'any' type.
src/ai-gateway/app/(dashboard)/dashboard/auto-combo/AutoComboModal.tsx(80,9): error TS17004: Cannot use JSX unless the '--jsx' flag is provided.
src/ai-gateway/app/(dashboard)/dashboard/auto-combo/AutoComboModal.tsx(81,11): error TS17004: Cannot use JSX unless the '--jsx' flag is provided.
src/ai-gateway/app/(dashboard)/dashboard/auto-combo/AutoComboModal.tsx(82,11): error TS17004: Cannot use JSX unless the '--jsx' flag is provided.
src/ai-gateway/app/(dashboard)/dashboard/auto-combo/AutoComboModal.tsx(87,13): error TS17004: Cannot use JSX unless the '--jsx' flag is provided.
src/ai-gateway/app/(dashboard)/dashboard/auto-combo/AutoComboModal.tsx(88,13): error TS17004: Cannot use JSX unless the '--jsx' flag is provided.
src/ai-gateway/app/(dashboard)/dashboard/auto-combo/AutoComboModal.tsx(92,9): error TS17004: Cannot use JSX unless the '--jsx' flag is provided.
src/ai-gateway/app/(dashboard)/dashboard/auto-combo/AutoComboModal.tsx(93,11): error TS17004: Cannot use JSX unless the '--jsx' flag is provided.
src/ai-gateway/app/(dashboard)/dashboard/auto-combo/AutoComboModal.tsx(94,11): error TS17004: Cannot use JSX unless the '--jsx' flag is provided.
src/ai-gateway/app/(dashboard)/dashboard/auto-combo/AutoComboModal.tsx(97,11): error TS17004: Cannot use JSX unless the '--jsx' flag is provided.
src/ai-gateway/app/(dashboard)/dashboard/auto-combo/AutoComboModal.tsx(99,15): error TS17004: Cannot use JSX unless the '--jsx' flag is provided.
src/ai-gateway/app/(dashboard)/dashboard/auto-combo/AutoComboModal.tsx(100,24): error TS2339: Property 'id' does not exist on type 'never'.
src/ai-gateway/app/(dashboard)/dashboard/auto-combo/AutoComboModal.tsx(102,55): error TS2339: Property 'id' does not exist on type 'never'.
src/ai-gateway/app/(dashboard)/dashboard/auto-combo/AutoComboModal.tsx(104,51): error TS2345: Argument of type 'any' is not assignable to parameter of type 'never'.
src/ai-gateway/app/(dashboard)/dashboard/auto-combo/AutoComboModal.tsx(104,53): error TS2339: Property 'id' does not exist on type 'never'.
src/ai-gateway/app/(dashboard)/dashboard/auto-combo/AutoComboModal.tsx(109,20): error TS2339: Property 'name' does not exist on type 'never'.
src/ai-gateway/app/(dashboard)/dashboard/auto-combo/AutoComboModal.tsx(109,30): error TS2339: Property 'id' does not exist on type 'never'.
src/ai-gateway/app/(dashboard)/dashboard/auto-combo/AutoComboModal.tsx(113,15): error TS17004: Cannot use JSX unless the '--jsx' flag is provided.
src/ai-gateway/app/(dashboard)/dashboard/auto-combo/AutoComboModal.tsx(118,9): error TS17004: Cannot use JSX unless the '--jsx' flag is provided.
src/ai-gateway/app/(dashboard)/dashboard/auto-combo/AutoComboModal.tsx(119,11): error TS17004: Cannot use JSX unless the '--jsx' flag is provided.
src/ai-gateway/app/(dashboard)/dashboard/auto-combo/AutoComboModal.tsx(126,24): error TS7006: Parameter 'e' implicitly has an 'any' type.
src/ai-gateway/app/(dashboard)/dashboard/auto-combo/AutoComboModal.tsx(128,11): error TS17004: Cannot use JSX unless the '--jsx' flag is provided.
src/ai-gateway/app/(dashboard)/dashboard/auto-combo/AutoComboModal.tsx(129,13): error TS17004: Cannot use JSX unless the '--jsx' flag is provided.
src/ai-gateway/app/(dashboard)/dashboard/auto-combo/AutoComboModal.tsx(130,13): error TS17004: Cannot use JSX unless the '--jsx' flag is provided.
src/ai-gateway/app/(dashboard)/dashboard/auto-combo/AutoComboModal.tsx(135,15): error TS17004: Cannot use JSX unless the '--jsx' flag is provided.
src/ai-gateway/app/(dashboard)/dashboard/auto-combo/AutoComboModal.tsx(136,15): error TS17004: Cannot use JSX unless the '--jsx' flag is provided.
src/ai-gateway/app/(dashboard)/dashboard/auto-combo/AutoComboModal.tsx(137,15): error TS17004: Cannot use JSX unless the '--jsx' flag is provided.
src/ai-gateway/app/(dashboard)/dashboard/auto-combo/AutoComboModal.tsx(138,15): error TS17004: Cannot use JSX unless the '--jsx' flag is provided.
src/ai-gateway/app/(dashboard)/dashboard/auto-combo/AutoComboModal.tsx(143,9): error TS17004: Cannot use JSX unless the '--jsx' flag is provided.
src/ai-gateway/app/(dashboard)/dashboard/auto-combo/AutoComboModal.tsx(149,22): error TS7006: Parameter 'e' implicitly has an 'any' type.
src/ai-gateway/app/(dashboard)/dashboard/auto-combo/AutoComboModal.tsx(152,9): error TS17004: Cannot use JSX unless the '--jsx' flag is provided.
src/ai-gateway/app/(dashboard)/dashboard/auto-combo/AutoComboModal.tsx(153,11): error TS17004: Cannot use JSX unless the '--jsx' flag is provided.
src/ai-gateway/app/(dashboard)/dashboard/auto-combo/AutoComboModal.tsx(156,11): error TS17004: Cannot use JSX unless the '--jsx' flag is provided.
src/ai-gateway/app/(dashboard)/dashboard/auto-combo/page.tsx(10,30): error TS2307: Cannot find module '@/shared/components' or its corresponding type declarations.
src/ai-gateway/app/(dashboard)/dashboard/auto-combo/page.tsx(11,28): error TS6142: Module './AutoComboModal' was resolved to 'C:/TESTES DEV/1_PROJETOS_ATIVOS/Zavorth/src/ai-gateway/app/(dashboard)/dashboard/auto-combo/AutoComboModal.tsx', but '--jsx' is not set.
src/ai-gateway/app/(dashboard)/dashboard/auto-combo/page.tsx(12,38): error TS2307: Cannot find module '@/store/notificationStore' or its corresponding type declarations.
src/ai-gateway/app/(dashboard)/dashboard/auto-combo/page.tsx(80,30): error TS7006: Parameter 'provider' implicitly has an 'any' type.
src/ai-gateway/app/(dashboard)/dashboard/auto-combo/page.tsx(239,5): error TS17004: Cannot use JSX unless the '--jsx' flag is provided.
src/ai-gateway/app/(dashboard)/dashboard/auto-combo/page.tsx(240,7): error TS17004: Cannot use JSX unless the '--jsx' flag is provided.
src/ai-gateway/app/(dashboard)/dashboard/auto-combo/page.tsx(241,9): error TS17004: Cannot use JSX unless the '--jsx' flag is provided.
src/ai-gateway/app/(dashboard)/dashboard/auto-combo/page.tsx(242,11): error TS17004: Cannot use JSX unless the '--jsx' flag is provided.
src/ai-gateway/app/(dashboard)/dashboard/auto-combo/page.tsx(243,11): error TS17004: Cannot use JSX unless the '--jsx' flag is provided.
src/ai-gateway/app/(dashboard)/dashboard/auto-combo/page.tsx(247,9): error TS17004: Cannot use JSX unless the '--jsx' flag is provided.
src/ai-gateway/app/(dashboard)/dashboard/auto-combo/page.tsx(254,9): error TS17004: Cannot use JSX unless the '--jsx' flag is provided.
src/ai-gateway/app/(dashboard)/dashboard/auto-combo/page.tsx(255,11): error TS17004: Cannot use JSX unless the '--jsx' flag is provided.
src/ai-gateway/app/(dashboard)/dashboard/auto-combo/page.tsx(256,11): error TS17004: Cannot use JSX unless the '--jsx' flag is provided.
src/ai-gateway/app/(dashboard)/dashboard/auto-combo/page.tsx(258,15): error TS17004: Cannot use JSX unless the '--jsx' flag is provided.
src/ai-gateway/app/(dashboard)/dashboard/auto-combo/page.tsx(262,17): error TS17004: Cannot use JSX unless the '--jsx' flag is provided.
src/ai-gateway/app/(dashboard)/dashboard/auto-combo/page.tsx(263,19): error TS17004: Cannot use JSX unless the '--jsx' flag is provided.
src/ai-gateway/app/(dashboard)/dashboard/auto-combo/page.tsx(265,21): error TS17004: Cannot use JSX unless the '--jsx' flag is provided.
src/ai-gateway/app/(dashboard)/dashboard/auto-combo/page.tsx(269,19): error TS17004: Cannot use JSX unless the '--jsx' flag is provided.
src/ai-gateway/app/(dashboard)/dashboard/auto-combo/page.tsx(274,17): error TS17004: Cannot use JSX unless the '--jsx' flag is provided.
src/ai-gateway/app/(dashboard)/dashboard/auto-combo/page.tsx(275,19): error TS17004: Cannot use JSX unless the '--jsx' flag is provided.
src/ai-gateway/app/(dashboard)/dashboard/auto-combo/page.tsx(278,19): error TS17004: Cannot use JSX unless the '--jsx' flag is provided.
src/ai-gateway/app/(dashboard)/dashboard/auto-combo/page.tsx(290,9): error TS17004: Cannot use JSX unless the '--jsx' flag is provided.
src/ai-gateway/app/(dashboard)/dashboard/auto-combo/page.tsx(294,11): error TS2322: Type 'any[]' is not assignable to type 'never[]'.
  Type 'any' is not assignable to type 'never'.
src/ai-gateway/app/(dashboard)/dashboard/auto-combo/page.tsx(299,9): error TS17004: Cannot use JSX unless the '--jsx' flag is provided.
src/ai-gateway/app/(dashboard)/dashboard/auto-combo/page.tsx(303,11): error TS2322: Type 'any[]' is not assignable to type 'never[]'.
  Type 'any' is not assignable to type 'never'.
src/ai-gateway/app/(dashboard)/dashboard/auto-combo/page.tsx(308,7): error TS17004: Cannot use JSX unless the '--jsx' flag is provided.
src/ai-gateway/app/(dashboard)/dashboard/auto-combo/page.tsx(309,9): error TS17004: Cannot use JSX unless the '--jsx' flag is provided.
src/ai-gateway/app/(dashboard)/dashboard/auto-combo/page.tsx(310,11): error TS17004: Cannot use JSX unless the '--jsx' flag is provided.
src/ai-gateway/app/(dashboard)/dashboard/auto-combo/page.tsx(311,13): error TS17004: Cannot use JSX unless the '--jsx' flag is provided.
src/ai-gateway/app/(dashboard)/dashboard/auto-combo/page.tsx(312,13): error TS17004: Cannot use JSX unless the '--jsx' flag is provided.
src/ai-gateway/app/(dashboard)/dashboard/auto-combo/page.tsx(313,15): error TS17004: Cannot use JSX unless the '--jsx' flag is provided.
src/ai-gateway/app/(dashboard)/dashboard/auto-combo/page.tsx(320,17): error TS17004: Cannot use JSX unless the '--jsx' flag is provided.
src/ai-gateway/app/(dashboard)/dashboard/auto-combo/page.tsx(321,19): error TS17004: Cannot use JSX unless the '--jsx' flag is provided.
src/ai-gateway/app/(dashboard)/dashboard/auto-combo/page.tsx(324,19): error TS17004: Cannot use JSX unless the '--jsx' flag is provided.
src/ai-gateway/app/(dashboard)/dashboard/auto-combo/page.tsx(325,21): error TS17004: Cannot use JSX unless the '--jsx' flag is provided.
src/ai-gateway/app/(dashboard)/dashboard/auto-combo/page.tsx(328,21): error TS17004: Cannot use JSX unless the '--jsx' flag is provided.
src/ai-gateway/app/(dashboard)/dashboard/auto-combo/page.tsx(337,15): error TS17004: Cannot use JSX unless the '--jsx' flag is provided.
src/ai-gateway/app/(dashboard)/dashboard/auto-combo/page.tsx(338,17): error TS17004: Cannot use JSX unless the '--jsx' flag is provided.
src/ai-gateway/app/(dashboard)/dashboard/auto-combo/page.tsx(339,19): error TS17004: Cannot use JSX unless the '--jsx' flag is provided.
src/ai-gateway/app/(dashboard)/dashboard/auto-combo/page.tsx(340,19): error TS17004: Cannot use JSX unless the '--jsx' flag is provided.
src/ai-gateway/app/(dashboard)/dashboard/auto-combo/page.tsx(341,21): error TS17004: Cannot use JSX unless the '--jsx' flag is provided.
src/ai-gateway/app/(dashboard)/dashboard/auto-combo/page.tsx(342,21): error TS17004: Cannot use JSX unless the '--jsx' flag is provided.
src/ai-gateway/app/(dashboard)/dashboard/auto-combo/page.tsx(351,11): error TS17004: Cannot use JSX unless the '--jsx' flag is provided.
src/ai-gateway/app/(dashboard)/dashboard/auto-combo/page.tsx(352,13): error TS17004: Cannot use JSX unless the '--jsx' flag is provided.
src/ai-gateway/app/(dashboard)/dashboard/auto-combo/page.tsx(353,13): error TS17004: Cannot use JSX unless the '--jsx' flag is provided.
src/ai-gateway/app/(dashboard)/dashboard/auto-combo/page.tsx(355,17): error TS17004: Cannot use JSX unless the '--jsx' flag is provided.
src/ai-gateway/app/(dashboard)/dashboard/auto-combo/page.tsx(364,19): error TS17004: Cannot use JSX unless the '--jsx' flag is provided.
src/ai-gateway/app/(dashboard)/dashboard/auto-combo/page.tsx(374,7): error TS17004: Cannot use JSX unless the '--jsx' flag is provided.
src/ai-gateway/app/(dashboard)/dashboard/auto-combo/page.tsx(375,9): error TS17004: Cannot use JSX unless the '--jsx' flag is provided.
src/ai-gateway/app/(dashboard)/dashboard/auto-combo/page.tsx(376,11): error TS17004: Cannot use JSX unless the '--jsx' flag is provided.
src/ai-gateway/app/(dashboard)/dashboard/auto-combo/page.tsx(377,13): error TS17004: Cannot use JSX unless the '--jsx' flag is provided.
src/ai-gateway/app/(dashboard)/dashboard/auto-combo/page.tsx(378,15): error TS17004: Cannot use JSX unless the '--jsx' flag is provided.
src/ai-gateway/app/(dashboard)/dashboard/auto-combo/page.tsx(382,13): error TS17004: Cannot use JSX unless the '--jsx' flag is provided.
src/ai-gateway/app/(dashboard)/dashboard/auto-combo/page.tsx(386,13): error TS17004: Cannot use JSX unless the '--jsx' flag is provided.
src/ai-gateway/app/(dashboard)/dashboard/auto-combo/page.tsx(390,13): error TS17004: Cannot use JSX unless the '--jsx' flag is provided.
src/ai-gateway/app/(dashboard)/dashboard/auto-combo/page.tsx(392,17): error TS17004: Cannot use JSX unless the '--jsx' flag is provided.
src/ai-gateway/app/(dashboard)/dashboard/auto-combo/page.tsx(396,19): error TS17004: Cannot use JSX unless the '--jsx' flag is provided.
src/ai-gateway/app/(dashboard)/dashboard/auto-combo/page.tsx(397,21): error TS17004: Cannot use JSX unless the '--jsx' flag is provided.
src/ai-gateway/app/(dashboard)/dashboard/auto-combo/page.tsx(400,21): error TS17004: Cannot use JSX unless the '--jsx' flag is provided.
src/ai-gateway/app/(dashboard)/dashboard/auto-combo/page.tsx(405,19): error TS17004: Cannot use JSX unless the '--jsx' flag is provided.
src/ai-gateway/app/(dashboard)/dashboard/auto-combo/page.tsx(406,21): error TS17004: Cannot use JSX unless the '--jsx' flag is provided.
src/ai-gateway/app/(dashboard)/dashboard/auto-combo/page.tsx(412,19): error TS17004: Cannot use JSX unless the '--jsx' flag is provided.
src/ai-gateway/app/(dashboard)/dashboard/auto-combo/page.tsx(414,23): error TS17004: Cannot use JSX unless the '--jsx' flag is provided.
src/ai-gateway/app/(dashboard)/dashboard/auto-combo/page.tsx(419,25): error TS17004: Cannot use JSX unless the '--jsx' flag is provided.
src/ai-gateway/app/(dashboard)/dashboard/auto-combo/page.tsx(431,9): error TS17004: Cannot use JSX unless the '--jsx' flag is provided.
src/ai-gateway/app/(dashboard)/dashboard/auto-combo/page.tsx(432,11): error TS17004: Cannot use JSX unless the '--jsx' flag is provided.
src/ai-gateway/app/(dashboard)/dashboard/auto-combo/page.tsx(433,13): error TS17004: Cannot use JSX unless the '--jsx' flag is provided.
src/ai-gateway/app/(dashboard)/dashboard/auto-combo/page.tsx(434,15): error TS17004: Cannot use JSX unless the '--jsx' flag is provided.
src/ai-gateway/app/(dashboard)/dashboard/auto-combo/page.tsx(438,13): error TS17004: Cannot use JSX unless the '--jsx' flag is provided.
src/ai-gateway/app/(dashboard)/dashboard/auto-combo/page.tsx(442,13): error TS17004: Cannot use JSX unless the '--jsx' flag is provided.
src/ai-gateway/app/(dashboard)/dashboard/auto-combo/page.tsx(443,15): error TS17004: Cannot use JSX unless the '--jsx' flag is provided.
src/ai-gateway/app/(dashboard)/dashboard/auto-combo/page.tsx(446,15): error TS17004: Cannot use JSX unless the '--jsx' flag is provided.
src/ai-gateway/app/(dashboard)/dashboard/auto-combo/page.tsx(449,13): error TS17004: Cannot use JSX unless the '--jsx' flag is provided.
src/ai-gateway/app/(dashboard)/dashboard/auto-combo/page.tsx(451,17): error TS17004: Cannot use JSX unless the '--jsx' flag is provided.
src/ai-gateway/app/(dashboard)/dashboard/auto-combo/page.tsx(455,19): error TS17004: Cannot use JSX unless the '--jsx' flag is provided.
src/ai-gateway/app/(dashboard)/dashboard/auto-combo/page.tsx(456,21): error TS17004: Cannot use JSX unless the '--jsx' flag is provided.
src/ai-gateway/app/(dashboard)/dashboard/auto-combo/page.tsx(457,23): error TS17004: Cannot use JSX unless the '--jsx' flag is provided.
src/ai-gateway/app/(dashboard)/dashboard/auto-combo/page.tsx(461,21): error TS17004: Cannot use JSX unless the '--jsx' flag is provided.
src/ai-gateway/app/(dashboard)/dashboard/auto-combo/page.tsx(465,19): error TS17004: Cannot use JSX unless the '--jsx' flag is provided.
src/ai-gateway/app/(dashboard)/dashboard/auto-combo/page.tsx(466,21): error TS17004: Cannot use JSX unless the '--jsx' flag is provided.
src/ai-gateway/app/(dashboard)/dashboard/BootstrapBanner.tsx(20,5): error TS17004: Cannot use JSX unless the '--jsx' flag is provided.
src/ai-gateway/app/(dashboard)/dashboard/BootstrapBanner.tsx(24,7): error TS17004: Cannot use JSX unless the '--jsx' flag is provided.
src/ai-gateway/app/(dashboard)/dashboard/BootstrapBanner.tsx(25,9): error TS17004: Cannot use JSX unless the '--jsx' flag is provided.
src/ai-gateway/app/(dashboard)/dashboard/BootstrapBanner.tsx(26,11): error TS17004: Cannot use JSX unless the '--jsx' flag is provided.
src/ai-gateway/app/(dashboard)/dashboard/BootstrapBanner.tsx(28,9): error TS17004: Cannot use JSX unless the '--jsx' flag is provided.
src/ai-gateway/app/(dashboard)/dashboard/BootstrapBanner.tsx(29,11): error TS17004: Cannot use JSX unless the '--jsx' flag is provided.
src/ai-gateway/app/(dashboard)/dashboard/BootstrapBanner.tsx(30,11): error TS17004: Cannot use JSX unless the '--jsx' flag is provided.
src/ai-gateway/app/(dashboard)/dashboard/BootstrapBanner.tsx(32,13): error TS17004: Cannot use JSX unless the '--jsx' flag is provided.
src/ai-gateway/app/(dashboard)/dashboard/BootstrapBanner.tsx(37,13): error TS17004: Cannot use JSX unless the '--jsx' flag is provided.
src/ai-gateway/app/(dashboard)/dashboard/BootstrapBanner.tsx(41,13): error TS17004: Cannot use JSX unless the '--jsx' flag is provided.
src/ai-gateway/app/(dashboard)/dashboard/BootstrapBanner.tsx(47,9): error TS17004: Cannot use JSX unless the '--jsx' flag is provided.
src/ai-gateway/app/(dashboard)/dashboard/BootstrapBanner.tsx(52,11): error TS17004: Cannot use JSX unless the '--jsx' flag is provided.
src/ai-gateway/app/(dashboard)/dashboard/cache/__tests__/CachePerformance.test.tsx(2,42): error TS2307: Cannot find module 'vitest' or its corresponding type declarations.
src/ai-gateway/app/(dashboard)/dashboard/cache/__tests__/CachePerformance.test.tsx(3,32): error TS2307: Cannot find module '@testing-library/react' or its corresponding type declarations.
src/ai-gateway/app/(dashboard)/dashboard/cache/__tests__/CachePerformance.test.tsx(5,30): error TS6142: Module '../components/CachePerformance' was resolved to 'C:/TESTES DEV/1_PROJETOS_ATIVOS/Zavorth/src/ai-gateway/app/(dashboard)/dashboard/cache/components/CachePerformance.tsx', but '--jsx' is not set.
src/ai-gateway/app/(dashboard)/dashboard/cache/__tests__/CachePerformance.test.tsx(23,14): error TS17004: Cannot use JSX unless the '--jsx' flag is provided.
src/ai-gateway/app/(dashboard)/dashboard/cache/__tests__/CachePerformance.test.tsx(28,14): error TS17004: Cannot use JSX unless the '--jsx' flag is provided.
src/ai-gateway/app/(dashboard)/dashboard/cache/__tests__/CachePerformance.test.tsx(33,14): error TS17004: Cannot use JSX unless the '--jsx' flag is provided.
src/ai-gateway/app/(dashboard)/dashboard/cache/__tests__/CachePerformance.test.tsx(38,14): error TS17004: Cannot use JSX unless the '--jsx' flag is provided.
src/ai-gateway/app/(dashboard)/dashboard/cache/__tests__/CachePerformance.test.tsx(43,14): error TS17004: Cannot use JSX unless the '--jsx' flag is provided.
src/ai-gateway/app/(dashboard)/dashboard/cache/__tests__/CachePerformance.test.tsx(50,14): error TS17004: Cannot use JSX unless the '--jsx' flag is provided.
src/ai-gateway/app/(dashboard)/dashboard/cache/__tests__/CachePerformance.test.tsx(56,14): error TS17004: Cannot use JSX unless the '--jsx' flag is provided.
src/ai-gateway/app/(dashboard)/dashboard/cache/__tests__/CachePerformance.test.tsx(61,14): error TS17004: Cannot use JSX unless the '--jsx' flag is provided.
src/ai-gateway/app/(dashboard)/dashboard/cache/__tests__/CachePerformance.test.tsx(69,9): error TS17004: Cannot use JSX unless the '--jsx' flag is provided.
src/ai-gateway/app/(dashboard)/dashboard/cache/__tests__/CachePerformance.test.tsx(82,14): error TS17004: Cannot use JSX unless the '--jsx' flag is provided.
src/ai-gateway/app/(dashboard)/dashboard/cache/__tests__/CachePerformance.test.tsx(82,32): error TS2322: Type '{ stats: null; }' is not assignable to type 'IntrinsicAttributes & CachePerformanceProps'.
  Property 'stats' does not exist on type 'IntrinsicAttributes & CachePerformanceProps'.
src/ai-gateway/app/(dashboard)/dashboard/cache/__tests__/CachePerformance.test.tsx(86,14): error TS17004: Cannot use JSX unless the '--jsx' flag is provided.
src/ai-gateway/app/(dashboard)/dashboard/cache/__tests__/CachePerformance.test.tsx(86,32): error TS2322: Type '{ stats: null; }' is not assignable to type 'IntrinsicAttributes & CachePerformanceProps'.
  Property 'stats' does not exist on type 'IntrinsicAttributes & CachePerformanceProps'.
src/ai-gateway/app/(dashboard)/dashboard/cache/__tests__/CachePerformance.test.tsx(94,14): error TS17004: Cannot use JSX unless the '--jsx' flag is provided.
src/ai-gateway/app/(dashboard)/dashboard/cache/__tests__/CachePerformance.test.tsx(99,14): error TS17004: Cannot use JSX unless the '--jsx' flag is provided.
src/ai-gateway/app/(dashboard)/dashboard/cache/__tests__/CachePerformance.test.tsx(105,14): error TS17004: Cannot use JSX unless the '--jsx' flag is provided.
src/ai-gateway/app/(dashboard)/dashboard/cache/__tests__/CacheTrends.test.tsx(2,42): error TS2307: Cannot find module 'vitest' or its corresponding type declarations.
src/ai-gateway/app/(dashboard)/dashboard/cache/__tests__/CacheTrends.test.tsx(3,32): error TS2307: Cannot find module '@testing-library/react' or its corresponding type declarations.
src/ai-gateway/app/(dashboard)/dashboard/cache/__tests__/CacheTrends.test.tsx(5,25): error TS6142: Module '../components/CacheTrends' was resolved to 'C:/TESTES DEV/1_PROJETOS_ATIVOS/Zavorth/src/ai-gateway/app/(dashboard)/dashboard/cache/components/CacheTrends.tsx', but '--jsx' is not set.
src/ai-gateway/app/(dashboard)/dashboard/cache/__tests__/CacheTrends.test.tsx(20,14): error TS17004: Cannot use JSX unless the '--jsx' flag is provided.
src/ai-gateway/app/(dashboard)/dashboard/cache/__tests__/CacheTrends.test.tsx(20,27): error TS2322: Type '{ timestamp: string; requests: number; hits: number; misses: number; hitRate: number; }[]' is not assignable to type 'CacheTrendPoint[]'.
  Type '{ timestamp: string; requests: number; hits: number; misses: number; hitRate: number; }' is missing the following properties from type 'CacheTrendPoint': cachedRequests, inputTokens, cachedTokens, cacheCreationTokens
src/ai-gateway/app/(dashboard)/dashboard/cache/__tests__/CacheTrends.test.tsx(26,14): error TS17004: Cannot use JSX unless the '--jsx' flag is provided.
src/ai-gateway/app/(dashboard)/dashboard/cache/__tests__/CacheTrends.test.tsx(26,27): error TS2322: Type '{ timestamp: string; requests: number; hits: number; misses: number; hitRate: number; }[]' is not assignable to type 'CacheTrendPoint[]'.
  Type '{ timestamp: string; requests: number; hits: number; misses: number; hitRate: number; }' is missing the following properties from type 'CacheTrendPoint': cachedRequests, inputTokens, cachedTokens, cacheCreationTokens
src/ai-gateway/app/(dashboard)/dashboard/cache/__tests__/CacheTrends.test.tsx(32,14): error TS17004: Cannot use JSX unless the '--jsx' flag is provided.
src/ai-gateway/app/(dashboard)/dashboard/cache/__tests__/CacheTrends.test.tsx(32,27): error TS2322: Type '{ timestamp: string; requests: number; hits: number; misses: number; hitRate: number; }[]' is not assignable to type 'CacheTrendPoint[]'.
  Type '{ timestamp: string; requests: number; hits: number; misses: number; hitRate: number; }' is missing the following properties from type 'CacheTrendPoint': cachedRequests, inputTokens, cachedTokens, cacheCreationTokens
src/ai-gateway/app/(dashboard)/dashboard/cache/__tests__/CacheTrends.test.tsx(37,14): error TS17004: Cannot use JSX unless the '--jsx' flag is provided.
src/ai-gateway/app/(dashboard)/dashboard/cache/__tests__/CacheTrends.test.tsx(37,27): error TS2322: Type '{ timestamp: string; requests: number; hits: number; misses: number; hitRate: number; }[]' is not assignable to type 'CacheTrendPoint[]'.
  Type '{ timestamp: string; requests: number; hits: number; misses: number; hitRate: number; }' is missing the following properties from type 'CacheTrendPoint': cachedRequests, inputTokens, cachedTokens, cacheCreationTokens
src/ai-gateway/app/(dashboard)/dashboard/cache/__tests__/CacheTrends.test.tsx(44,14): error TS17004: Cannot use JSX unless the '--jsx' flag is provided.
src/ai-gateway/app/(dashboard)/dashboard/cache/__tests__/CacheTrends.test.tsx(50,14): error TS17004: Cannot use JSX unless the '--jsx' flag is provided.
src/ai-gateway/app/(dashboard)/dashboard/cache/__tests__/CacheTrends.test.tsx(50,27): error TS2322: Type '{ timestamp: string; requests: number; hits: number; misses: number; hitRate: number; }[]' is not assignable to type 'CacheTrendPoint[]'.
  Type '{ timestamp: string; requests: number; hits: number; misses: number; hitRate: number; }' is missing the following properties from type 'CacheTrendPoint': cachedRequests, inputTokens, cachedTokens, cacheCreationTokens
src/ai-gateway/app/(dashboard)/dashboard/cache/__tests__/CacheTrends.test.tsx(56,14): error TS17004: Cannot use JSX unless the '--jsx' flag is provided.
src/ai-gateway/app/(dashboard)/dashboard/cache/__tests__/CacheTrends.test.tsx(56,27): error TS2322: Type '{ timestamp: string; requests: number; hits: number; misses: number; hitRate: number; }[]' is not assignable to type 'CacheTrendPoint[]'.
  Type '{ timestamp: string; requests: number; hits: number; misses: number; hitRate: number; }' is missing the following properties from type 'CacheTrendPoint': cachedRequests, inputTokens, cachedTokens, cacheCreationTokens
src/ai-gateway/app/(dashboard)/dashboard/cache/__tests__/CacheTrends.test.tsx(64,14): error TS17004: Cannot use JSX unless the '--jsx' flag is provided.
src/ai-gateway/app/(dashboard)/dashboard/cache/__tests__/CacheTrends.test.tsx(69,14): error TS17004: Cannot use JSX unless the '--jsx' flag is provided.
src/ai-gateway/app/(dashboard)/dashboard/cache/__tests__/CacheTrends.test.tsx(73,14): error TS17004: Cannot use JSX unless the '--jsx' flag is provided.
src/ai-gateway/app/(dashboard)/dashboard/cache/__tests__/CacheTrends.test.tsx(81,14): error TS17004: Cannot use JSX unless the '--jsx' flag is provided.
src/ai-gateway/app/(dashboard)/dashboard/cache/__tests__/CacheTrends.test.tsx(86,14): error TS17004: Cannot use JSX unless the '--jsx' flag is provided.
src/ai-gateway/app/(dashboard)/dashboard/cache/__tests__/CacheTrends.test.tsx(92,14): error TS17004: Cannot use JSX unless the '--jsx' flag is provided.
src/ai-gateway/app/(dashboard)/dashboard/cache/__tests__/IdempotencyLayer.test.tsx(2,42): error TS2307: Cannot find module 'vitest' or its corresponding type declarations.
src/ai-gateway/app/(dashboard)/dashboard/cache/__tests__/IdempotencyLayer.test.tsx(3,32): error TS2307: Cannot find module '@testing-library/react' or its corresponding type declarations.
src/ai-gateway/app/(dashboard)/dashboard/cache/__tests__/IdempotencyLayer.test.tsx(5,30): error TS6142: Module '../components/IdempotencyLayer' was resolved to 'C:/TESTES DEV/1_PROJETOS_ATIVOS/Zavorth/src/ai-gateway/app/(dashboard)/dashboard/cache/components/IdempotencyLayer.tsx', but '--jsx' is not set.
src/ai-gateway/app/(dashboard)/dashboard/cache/__tests__/IdempotencyLayer.test.tsx(22,14): error TS17004: Cannot use JSX unless the '--jsx' flag is provided.
src/ai-gateway/app/(dashboard)/dashboard/cache/__tests__/IdempotencyLayer.test.tsx(27,14): error TS17004: Cannot use JSX unless the '--jsx' flag is provided.
src/ai-gateway/app/(dashboard)/dashboard/cache/__tests__/IdempotencyLayer.test.tsx(32,14): error TS17004: Cannot use JSX unless the '--jsx' flag is provided.
src/ai-gateway/app/(dashboard)/dashboard/cache/__tests__/IdempotencyLayer.test.tsx(37,14): error TS17004: Cannot use JSX unless the '--jsx' flag is provided.
src/ai-gateway/app/(dashboard)/dashboard/cache/__tests__/IdempotencyLayer.test.tsx(44,14): error TS17004: Cannot use JSX unless the '--jsx' flag is provided.
src/ai-gateway/app/(dashboard)/dashboard/cache/__tests__/IdempotencyLayer.test.tsx(50,14): error TS17004: Cannot use JSX unless the '--jsx' flag is provided.
src/ai-gateway/app/(dashboard)/dashboard/cache/__tests__/IdempotencyLayer.test.tsx(55,14): error TS17004: Cannot use JSX unless the '--jsx' flag is provided.
src/ai-gateway/app/(dashboard)/dashboard/cache/__tests__/IdempotencyLayer.test.tsx(63,9): error TS17004: Cannot use JSX unless the '--jsx' flag is provided.
src/ai-gateway/app/(dashboard)/dashboard/cache/__tests__/IdempotencyLayer.test.tsx(75,14): error TS17004: Cannot use JSX unless the '--jsx' flag is provided.
src/ai-gateway/app/(dashboard)/dashboard/cache/__tests__/IdempotencyLayer.test.tsx(79,14): error TS17004: Cannot use JSX unless the '--jsx' flag is provided.
src/ai-gateway/app/(dashboard)/dashboard/cache/__tests__/IdempotencyLayer.test.tsx(87,14): error TS17004: Cannot use JSX unless the '--jsx' flag is provided.
src/ai-gateway/app/(dashboard)/dashboard/cache/__tests__/IdempotencyLayer.test.tsx(92,14): error TS17004: Cannot use JSX unless the '--jsx' flag is provided.
src/ai-gateway/app/(dashboard)/dashboard/cache/__tests__/IdempotencyLayer.test.tsx(98,14): error TS17004: Cannot use JSX unless the '--jsx' flag is provided.
src/ai-gateway/app/(dashboard)/dashboard/cache/__tests__/MemoryCards.test.tsx(2,53): error TS2307: Cannot find module 'vitest' or its corresponding type declarations.
src/ai-gateway/app/(dashboard)/dashboard/cache/__tests__/MemoryCards.test.tsx(3,41): error TS2307: Cannot find module '@testing-library/react' or its corresponding type declarations.
src/ai-gateway/app/(dashboard)/dashboard/cache/__tests__/MemoryCards.test.tsx(6,25): error TS6142: Module '../components/MemoryCards' was resolved to 'C:/TESTES DEV/1_PROJETOS_ATIVOS/Zavorth/src/ai-gateway/app/(dashboard)/dashboard/cache/components/MemoryCards.tsx', but '--jsx' is not set.
src/ai-gateway/app/(dashboard)/dashboard/cache/__tests__/MemoryCards.test.tsx(28,14): error TS17004: Cannot use JSX unless the '--jsx' flag is provided.
src/ai-gateway/app/(dashboard)/dashboard/cache/__tests__/MemoryCards.test.tsx(33,14): error TS17004: Cannot use JSX unless the '--jsx' flag is provided.
src/ai-gateway/app/(dashboard)/dashboard/cache/__tests__/MemoryCards.test.tsx(38,14): error TS17004: Cannot use JSX unless the '--jsx' flag is provided.
src/ai-gateway/app/(dashboard)/dashboard/cache/__tests__/MemoryCards.test.tsx(43,14): error TS17004: Cannot use JSX unless the '--jsx' flag is provided.
src/ai-gateway/app/(dashboard)/dashboard/cache/__tests__/MemoryCards.test.tsx(50,14): error TS17004: Cannot use JSX unless the '--jsx' flag is provided.
src/ai-gateway/app/(dashboard)/dashboard/cache/__tests__/MemoryCards.test.tsx(56,14): error TS17004: Cannot use JSX unless the '--jsx' flag is provided.
src/ai-gateway/app/(dashboard)/dashboard/cache/__tests__/MemoryCards.test.tsx(61,14): error TS17004: Cannot use JSX unless the '--jsx' flag is provided.
src/ai-gateway/app/(dashboard)/dashboard/cache/__tests__/MemoryCards.test.tsx(69,9): error TS17004: Cannot use JSX unless the '--jsx' flag is provided.
src/ai-gateway/app/(dashboard)/dashboard/cache/__tests__/MemoryCards.test.tsx(82,36): error TS17004: Cannot use JSX unless the '--jsx' flag is provided.
src/ai-gateway/app/(dashboard)/dashboard/cache/__tests__/MemoryCards.test.tsx(82,49): error TS2322: Type '{ stats: null; }' is not assignable to type 'IntrinsicAttributes & MemoryCardsProps'.
  Property 'stats' does not exist on type 'IntrinsicAttributes & MemoryCardsProps'.
src/ai-gateway/app/(dashboard)/dashboard/cache/__tests__/MemoryCards.test.tsx(89,14): error TS17004: Cannot use JSX unless the '--jsx' flag is provided.
src/ai-gateway/app/(dashboard)/dashboard/cache/__tests__/MemoryCards.test.tsx(94,14): error TS17004: Cannot use JSX unless the '--jsx' flag is provided.
src/ai-gateway/app/(dashboard)/dashboard/cache/__tests__/MemoryCards.test.tsx(100,14): error TS17004: Cannot use JSX unless the '--jsx' flag is provided.
src/ai-gateway/app/(dashboard)/dashboard/cache/components/CacheEntriesTab.tsx(4,24): error TS2307: Cannot find module '@/shared/components' or its corresponding type declarations.
src/ai-gateway/app/(dashboard)/dashboard/cache/components/CacheEntriesTab.tsx(5,33): error TS2307: Cannot find module 'next-intl' or its corresponding type declarations.
src/ai-gateway/app/(dashboard)/dashboard/cache/components/CacheEntriesTab.tsx(80,5): error TS17004: Cannot use JSX unless the '--jsx' flag is provided.
src/ai-gateway/app/(dashboard)/dashboard/cache/components/CacheEntriesTab.tsx(81,7): error TS17004: Cannot use JSX unless the '--jsx' flag is provided.
src/ai-gateway/app/(dashboard)/dashboard/cache/components/CacheEntriesTab.tsx(82,9): error TS17004: Cannot use JSX unless the '--jsx' flag is provided.
src/ai-gateway/app/(dashboard)/dashboard/cache/components/CacheEntriesTab.tsx(90,9): error TS17004: Cannot use JSX unless the '--jsx' flag is provided.
src/ai-gateway/app/(dashboard)/dashboard/cache/components/CacheEntriesTab.tsx(96,9): error TS17004: Cannot use JSX unless the '--jsx' flag is provided.
src/ai-gateway/app/(dashboard)/dashboard/cache/components/CacheEntriesTab.tsx(98,9): error TS17004: Cannot use JSX unless the '--jsx' flag is provided.
src/ai-gateway/app/(dashboard)/dashboard/cache/components/CacheEntriesTab.tsx(100,9): error TS17004: Cannot use JSX unless the '--jsx' flag is provided.
src/ai-gateway/app/(dashboard)/dashboard/cache/components/CacheEntriesTab.tsx(101,11): error TS17004: Cannot use JSX unless the '--jsx' flag is provided.
src/ai-gateway/app/(dashboard)/dashboard/cache/components/CacheEntriesTab.tsx(102,13): error TS17004: Cannot use JSX unless the '--jsx' flag is provided.
src/ai-gateway/app/(dashboard)/dashboard/cache/components/CacheEntriesTab.tsx(103,15): error TS17004: Cannot use JSX unless the '--jsx' flag is provided.
src/ai-gateway/app/(dashboard)/dashboard/cache/components/CacheEntriesTab.tsx(104,17): error TS17004: Cannot use JSX unless the '--jsx' flag is provided.
src/ai-gateway/app/(dashboard)/dashboard/cache/components/CacheEntriesTab.tsx(105,19): error TS17004: Cannot use JSX unless the '--jsx' flag is provided.
src/ai-gateway/app/(dashboard)/dashboard/cache/components/CacheEntriesTab.tsx(106,19): error TS17004: Cannot use JSX unless the '--jsx' flag is provided.
src/ai-gateway/app/(dashboard)/dashboard/cache/components/CacheEntriesTab.tsx(107,19): error TS17004: Cannot use JSX unless the '--jsx' flag is provided.
src/ai-gateway/app/(dashboard)/dashboard/cache/components/CacheEntriesTab.tsx(108,19): error TS17004: Cannot use JSX unless the '--jsx' flag is provided.
src/ai-gateway/app/(dashboard)/dashboard/cache/components/CacheEntriesTab.tsx(109,19): error TS17004: Cannot use JSX unless the '--jsx' flag is provided.
src/ai-gateway/app/(dashboard)/dashboard/cache/components/CacheEntriesTab.tsx(110,19): error TS17004: Cannot use JSX unless the '--jsx' flag is provided.
src/ai-gateway/app/(dashboard)/dashboard/cache/components/CacheEntriesTab.tsx(111,19): error TS17004: Cannot use JSX unless the '--jsx' flag is provided.
src/ai-gateway/app/(dashboard)/dashboard/cache/components/CacheEntriesTab.tsx(114,15): error TS17004: Cannot use JSX unless the '--jsx' flag is provided.
src/ai-gateway/app/(dashboard)/dashboard/cache/components/CacheEntriesTab.tsx(116,19): error TS17004: Cannot use JSX unless the '--jsx' flag is provided.
src/ai-gateway/app/(dashboard)/dashboard/cache/components/CacheEntriesTab.tsx(117,21): error TS17004: Cannot use JSX unless the '--jsx' flag is provided.
src/ai-gateway/app/(dashboard)/dashboard/cache/components/CacheEntriesTab.tsx(120,21): error TS17004: Cannot use JSX unless the '--jsx' flag is provided.
src/ai-gateway/app/(dashboard)/dashboard/cache/components/CacheEntriesTab.tsx(121,21): error TS17004: Cannot use JSX unless the '--jsx' flag is provided.
src/ai-gateway/app/(dashboard)/dashboard/cache/components/CacheEntriesTab.tsx(122,21): error TS17004: Cannot use JSX unless the '--jsx' flag is provided.
src/ai-gateway/app/(dashboard)/dashboard/cache/components/CacheEntriesTab.tsx(125,21): error TS17004: Cannot use JSX unless the '--jsx' flag is provided.
src/ai-gateway/app/(dashboard)/dashboard/cache/components/CacheEntriesTab.tsx(128,21): error TS17004: Cannot use JSX unless the '--jsx' flag is provided.
src/ai-gateway/app/(dashboard)/dashboard/cache/components/CacheEntriesTab.tsx(131,21): error TS17004: Cannot use JSX unless the '--jsx' flag is provided.
src/ai-gateway/app/(dashboard)/dashboard/cache/components/CacheEntriesTab.tsx(132,23): error TS17004: Cannot use JSX unless the '--jsx' flag is provided.
src/ai-gateway/app/(dashboard)/dashboard/cache/components/CacheEntriesTab.tsx(148,13): error TS17004: Cannot use JSX unless the '--jsx' flag is provided.
src/ai-gateway/app/(dashboard)/dashboard/cache/components/CacheEntriesTab.tsx(149,15): error TS17004: Cannot use JSX unless the '--jsx' flag is provided.
src/ai-gateway/app/(dashboard)/dashboard/cache/components/CacheEntriesTab.tsx(157,15): error TS17004: Cannot use JSX unless the '--jsx' flag is provided.
src/ai-gateway/app/(dashboard)/dashboard/cache/components/CacheEntriesTab.tsx(160,15): error TS17004: Cannot use JSX unless the '--jsx' flag is provided.
src/ai-gateway/app/(dashboard)/dashboard/cache/components/CachePerformance.tsx(4,22): error TS2307: Cannot find module '@/shared/components' or its corresponding type declarations.
src/ai-gateway/app/(dashboard)/dashboard/cache/components/CachePerformance.tsx(24,5): error TS17004: Cannot use JSX unless the '--jsx' flag is provided.
src/ai-gateway/app/(dashboard)/dashboard/cache/components/CachePerformance.tsx(32,7): error TS17004: Cannot use JSX unless the '--jsx' flag is provided.
src/ai-gateway/app/(dashboard)/dashboard/cache/components/CachePerformance.tsx(33,9): error TS17004: Cannot use JSX unless the '--jsx' flag is provided.
src/ai-gateway/app/(dashboard)/dashboard/cache/components/CachePerformance.tsx(34,9): error TS17004: Cannot use JSX unless the '--jsx' flag is provided.
src/ai-gateway/app/(dashboard)/dashboard/cache/components/CachePerformance.tsx(36,7): error TS17004: Cannot use JSX unless the '--jsx' flag is provided.
src/ai-gateway/app/(dashboard)/dashboard/cache/components/CachePerformance.tsx(37,9): error TS17004: Cannot use JSX unless the '--jsx' flag is provided.
src/ai-gateway/app/(dashboard)/dashboard/cache/components/CachePerformance.tsx(50,5): error TS17004: Cannot use JSX unless the '--jsx' flag is provided.
src/ai-gateway/app/(dashboard)/dashboard/cache/components/CachePerformance.tsx(69,3): error TS2339: Property 'stats' does not exist on type 'CachePerformanceProps'.
src/ai-gateway/app/(dashboard)/dashboard/cache/components/CachePerformance.tsx(75,5): error TS17004: Cannot use JSX unless the '--jsx' flag is provided.
src/ai-gateway/app/(dashboard)/dashboard/cache/components/CachePerformance.tsx(76,7): error TS17004: Cannot use JSX unless the '--jsx' flag is provided.
src/ai-gateway/app/(dashboard)/dashboard/cache/components/CachePerformance.tsx(78,9): error TS17004: Cannot use JSX unless the '--jsx' flag is provided.
src/ai-gateway/app/(dashboard)/dashboard/cache/components/CachePerformance.tsx(79,11): error TS17004: Cannot use JSX unless the '--jsx' flag is provided.
src/ai-gateway/app/(dashboard)/dashboard/cache/components/CachePerformance.tsx(84,11): error TS17004: Cannot use JSX unless the '--jsx' flag is provided.
src/ai-gateway/app/(dashboard)/dashboard/cache/components/CachePerformance.tsx(85,13): error TS17004: Cannot use JSX unless the '--jsx' flag is provided.
src/ai-gateway/app/(dashboard)/dashboard/cache/components/CachePerformance.tsx(87,15): error TS17004: Cannot use JSX unless the '--jsx' flag is provided.
src/ai-gateway/app/(dashboard)/dashboard/cache/components/CachePerformance.tsx(100,11): error TS17004: Cannot use JSX unless the '--jsx' flag is provided.
src/ai-gateway/app/(dashboard)/dashboard/cache/components/CachePerformance.tsx(101,13): error TS17004: Cannot use JSX unless the '--jsx' flag is provided.
src/ai-gateway/app/(dashboard)/dashboard/cache/components/CachePerformance.tsx(102,13): error TS17004: Cannot use JSX unless the '--jsx' flag is provided.
src/ai-gateway/app/(dashboard)/dashboard/cache/components/CachePerformance.tsx(103,15): error TS17004: Cannot use JSX unless the '--jsx' flag is provided.
src/ai-gateway/app/(dashboard)/dashboard/cache/components/CachePerformance.tsx(104,15): error TS17004: Cannot use JSX unless the '--jsx' flag is provided.
src/ai-gateway/app/(dashboard)/dashboard/cache/components/CachePerformance.tsx(105,15): error TS17004: Cannot use JSX unless the '--jsx' flag is provided.
src/ai-gateway/app/(dashboard)/dashboard/cache/components/CachePerformance.tsx(108,15): error TS17004: Cannot use JSX unless the '--jsx' flag is provided.
src/ai-gateway/app/(dashboard)/dashboard/cache/components/CachePerformance.tsx(109,17): error TS17004: Cannot use JSX unless the '--jsx' flag is provided.
src/ai-gateway/app/(dashboard)/dashboard/cache/components/CachePerformance.tsx(110,17): error TS17004: Cannot use JSX unless the '--jsx' flag is provided.
src/ai-gateway/app/(dashboard)/dashboard/cache/components/CachePerformance.tsx(118,11): error TS17004: Cannot use JSX unless the '--jsx' flag is provided.
src/ai-gateway/app/(dashboard)/dashboard/cache/components/CachePerformance.tsx(120,39): error TS17004: Cannot use JSX unless the '--jsx' flag is provided.
src/ai-gateway/app/(dashboard)/dashboard/cache/components/CachePerformance.tsx(123,13): error TS17004: Cannot use JSX unless the '--jsx' flag is provided.
src/ai-gateway/app/(dashboard)/dashboard/cache/components/CachePerformance.tsx(124,15): error TS17004: Cannot use JSX unless the '--jsx' flag is provided.
src/ai-gateway/app/(dashboard)/dashboard/cache/components/CachePerformance.tsx(125,17): error TS17004: Cannot use JSX unless the '--jsx' flag is provided.
src/ai-gateway/app/(dashboard)/dashboard/cache/components/CachePerformance.tsx(126,17): error TS17004: Cannot use JSX unless the '--jsx' flag is provided.
src/ai-gateway/app/(dashboard)/dashboard/cache/components/CachePerformance.tsx(128,15): error TS17004: Cannot use JSX unless the '--jsx' flag is provided.
src/ai-gateway/app/(dashboard)/dashboard/cache/components/CachePerformance.tsx(129,17): error TS17004: Cannot use JSX unless the '--jsx' flag is provided.
src/ai-gateway/app/(dashboard)/dashboard/cache/components/CachePerformance.tsx(130,17): error TS17004: Cannot use JSX unless the '--jsx' flag is provided.
src/ai-gateway/app/(dashboard)/dashboard/cache/components/CachePerformance.tsx(132,15): error TS17004: Cannot use JSX unless the '--jsx' flag is provided.
src/ai-gateway/app/(dashboard)/dashboard/cache/components/CachePerformance.tsx(133,17): error TS17004: Cannot use JSX unless the '--jsx' flag is provided.
src/ai-gateway/app/(dashboard)/dashboard/cache/components/CachePerformance.tsx(134,17): error TS17004: Cannot use JSX unless the '--jsx' flag is provided.
src/ai-gateway/app/(dashboard)/dashboard/cache/components/CachePerformance.tsx(140,15): error TS17004: Cannot use JSX unless the '--jsx' flag is provided.
src/ai-gateway/app/(dashboard)/dashboard/cache/components/CachePerformance.tsx(142,19): error TS17004: Cannot use JSX unless the '--jsx' flag is provided.
src/ai-gateway/app/(dashboard)/dashboard/cache/components/CachePerformance.tsx(143,21): error TS17004: Cannot use JSX unless the '--jsx' flag is provided.
src/ai-gateway/app/(dashboard)/dashboard/cache/components/CachePerformance.tsx(144,21): error TS17004: Cannot use JSX unless the '--jsx' flag is provided.
src/ai-gateway/app/(dashboard)/dashboard/cache/components/CachePerformance.tsx(148,19): error TS17004: Cannot use JSX unless the '--jsx' flag is provided.
src/ai-gateway/app/(dashboard)/dashboard/cache/components/CachePerformance.tsx(149,21): error TS17004: Cannot use JSX unless the '--jsx' flag is provided.
src/ai-gateway/app/(dashboard)/dashboard/cache/components/CachePerformance.tsx(150,21): error TS17004: Cannot use JSX unless the '--jsx' flag is provided.
src/ai-gateway/app/(dashboard)/dashboard/cache/components/CachePerformance.tsx(158,15): error TS17004: Cannot use JSX unless the '--jsx' flag is provided.
src/ai-gateway/app/(dashboard)/dashboard/cache/components/CachePerformance.tsx(159,17): error TS17004: Cannot use JSX unless the '--jsx' flag is provided.
src/ai-gateway/app/(dashboard)/dashboard/cache/components/CacheTrends.tsx(3,33): error TS2307: Cannot find module 'next-intl' or its corresponding type declarations.
src/ai-gateway/app/(dashboard)/dashboard/cache/components/CacheTrends.tsx(35,5): error TS17004: Cannot use JSX unless the '--jsx' flag is provided.
src/ai-gateway/app/(dashboard)/dashboard/cache/components/CacheTrends.tsx(39,7): error TS17004: Cannot use JSX unless the '--jsx' flag is provided.
src/ai-gateway/app/(dashboard)/dashboard/cache/components/CacheTrends.tsx(40,9): error TS17004: Cannot use JSX unless the '--jsx' flag is provided.
src/ai-gateway/app/(dashboard)/dashboard/cache/components/CacheTrends.tsx(43,9): error TS17004: Cannot use JSX unless the '--jsx' flag is provided.
src/ai-gateway/app/(dashboard)/dashboard/cache/components/CacheTrends.tsx(47,9): error TS17004: Cannot use JSX unless the '--jsx' flag is provided.
src/ai-gateway/app/(dashboard)/dashboard/cache/components/CacheTrends.tsx(48,11): error TS17004: Cannot use JSX unless the '--jsx' flag is provided.
src/ai-gateway/app/(dashboard)/dashboard/cache/components/CacheTrends.tsx(52,11): error TS17004: Cannot use JSX unless the '--jsx' flag is provided.
src/ai-gateway/app/(dashboard)/dashboard/cache/components/CacheTrends.tsx(55,9): error TS17004: Cannot use JSX unless the '--jsx' flag is provided.
src/ai-gateway/app/(dashboard)/dashboard/cache/components/CacheTrends.tsx(56,11): error TS17004: Cannot use JSX unless the '--jsx' flag is provided.
src/ai-gateway/app/(dashboard)/dashboard/cache/components/CacheTrends.tsx(58,13): error TS17004: Cannot use JSX unless the '--jsx' flag is provided.
src/ai-gateway/app/(dashboard)/dashboard/cache/components/CacheTrends.tsx(67,9): error TS17004: Cannot use JSX unless the '--jsx' flag is provided.
src/ai-gateway/app/(dashboard)/dashboard/cache/components/CacheTrends.tsx(68,11): error TS17004: Cannot use JSX unless the '--jsx' flag is provided.
src/ai-gateway/app/(dashboard)/dashboard/cache/components/CacheTrends.tsx(73,9): error TS17004: Cannot use JSX unless the '--jsx' flag is provided.
src/ai-gateway/app/(dashboard)/dashboard/cache/components/CacheTrends.tsx(75,13): error TS17004: Cannot use JSX unless the '--jsx' flag is provided.
src/ai-gateway/app/(dashboard)/dashboard/cache/components/CacheTrends.tsx(77,15): error TS17004: Cannot use JSX unless the '--jsx' flag is provided.
src/ai-gateway/app/(dashboard)/dashboard/cache/components/CacheTrends.tsx(82,11): error TS17004: Cannot use JSX unless the '--jsx' flag is provided.
src/ai-gateway/app/(dashboard)/dashboard/cache/components/CacheTrends.tsx(95,17): error TS17004: Cannot use JSX unless the '--jsx' flag is provided.
src/ai-gateway/app/(dashboard)/dashboard/cache/components/CacheTrends.tsx(100,19): error TS17004: Cannot use JSX unless the '--jsx' flag is provided.
src/ai-gateway/app/(dashboard)/dashboard/cache/components/CacheTrends.tsx(104,19): error TS17004: Cannot use JSX unless the '--jsx' flag is provided.
src/ai-gateway/app/(dashboard)/dashboard/cache/components/CacheTrends.tsx(105,21): error TS17004: Cannot use JSX unless the '--jsx' flag is provided.
src/ai-gateway/app/(dashboard)/dashboard/cache/components/CacheTrends.tsx(109,21): error TS17004: Cannot use JSX unless the '--jsx' flag is provided.
src/ai-gateway/app/(dashboard)/dashboard/cache/components/CacheTrends.tsx(114,19): error TS17004: Cannot use JSX unless the '--jsx' flag is provided.
src/ai-gateway/app/(dashboard)/dashboard/cache/components/CacheTrends.tsx(122,11): error TS17004: Cannot use JSX unless the '--jsx' flag is provided.
src/ai-gateway/app/(dashboard)/dashboard/cache/components/CacheTrends.tsx(123,13): error TS17004: Cannot use JSX unless the '--jsx' flag is provided.
src/ai-gateway/app/(dashboard)/dashboard/cache/components/CacheTrends.tsx(124,15): error TS17004: Cannot use JSX unless the '--jsx' flag is provided.
src/ai-gateway/app/(dashboard)/dashboard/cache/components/CacheTrends.tsx(125,15): error TS17004: Cannot use JSX unless the '--jsx' flag is provided.
src/ai-gateway/app/(dashboard)/dashboard/cache/components/CacheTrends.tsx(127,13): error TS17004: Cannot use JSX unless the '--jsx' flag is provided.
src/ai-gateway/app/(dashboard)/dashboard/cache/components/CacheTrends.tsx(128,15): error TS17004: Cannot use JSX unless the '--jsx' flag is provided.
src/ai-gateway/app/(dashboard)/dashboard/cache/components/CacheTrends.tsx(129,15): error TS17004: Cannot use JSX unless the '--jsx' flag is provided.
src/ai-gateway/app/(dashboard)/dashboard/cache/components/IdempotencyLayer.tsx(4,22): error TS2307: Cannot find module '@/shared/components' or its corresponding type declarations.
src/ai-gateway/app/(dashboard)/dashboard/cache/components/IdempotencyLayer.tsx(5,33): error TS2307: Cannot find module 'next-intl' or its corresponding type declarations.
src/ai-gateway/app/(dashboard)/dashboard/cache/components/IdempotencyLayer.tsx(26,10): error TS17004: Cannot use JSX unless the '--jsx' flag is provided.
src/ai-gateway/app/(dashboard)/dashboard/cache/components/IdempotencyLayer.tsx(49,5): error TS17004: Cannot use JSX unless the '--jsx' flag is provided.
src/ai-gateway/app/(dashboard)/dashboard/cache/components/IdempotencyLayer.tsx(50,7): error TS17004: Cannot use JSX unless the '--jsx' flag is provided.
src/ai-gateway/app/(dashboard)/dashboard/cache/components/IdempotencyLayer.tsx(51,9): error TS17004: Cannot use JSX unless the '--jsx' flag is provided.
src/ai-gateway/app/(dashboard)/dashboard/cache/components/IdempotencyLayer.tsx(52,11): error TS17004: Cannot use JSX unless the '--jsx' flag is provided.
src/ai-gateway/app/(dashboard)/dashboard/cache/components/IdempotencyLayer.tsx(55,11): error TS17004: Cannot use JSX unless the '--jsx' flag is provided.
src/ai-gateway/app/(dashboard)/dashboard/cache/components/IdempotencyLayer.tsx(59,11): error TS17004: Cannot use JSX unless the '--jsx' flag is provided.
src/ai-gateway/app/(dashboard)/dashboard/cache/components/IdempotencyLayer.tsx(60,13): error TS17004: Cannot use JSX unless the '--jsx' flag is provided.
src/ai-gateway/app/(dashboard)/dashboard/cache/components/IdempotencyLayer.tsx(62,15): error TS17004: Cannot use JSX unless the '--jsx' flag is provided.
src/ai-gateway/app/(dashboard)/dashboard/cache/components/IdempotencyLayer.tsx(73,9): error TS17004: Cannot use JSX unless the '--jsx' flag is provided.
src/ai-gateway/app/(dashboard)/dashboard/cache/components/IdempotencyLayer.tsx(74,11): error TS17004: Cannot use JSX unless the '--jsx' flag is provided.
src/ai-gateway/app/(dashboard)/dashboard/cache/components/IdempotencyLayer.tsx(75,13): error TS17004: Cannot use JSX unless the '--jsx' flag is provided.
src/ai-gateway/app/(dashboard)/dashboard/cache/components/IdempotencyLayer.tsx(76,26): error TS17004: Cannot use JSX unless the '--jsx' flag is provided.
src/ai-gateway/app/(dashboard)/dashboard/cache/components/IdempotencyLayer.tsx(78,13): error TS17004: Cannot use JSX unless the '--jsx' flag is provided.
src/ai-gateway/app/(dashboard)/dashboard/cache/components/IdempotencyLayer.tsx(81,11): error TS17004: Cannot use JSX unless the '--jsx' flag is provided.
src/ai-gateway/app/(dashboard)/dashboard/cache/components/IdempotencyLayer.tsx(82,13): error TS17004: Cannot use JSX unless the '--jsx' flag is provided.
src/ai-gateway/app/(dashboard)/dashboard/cache/components/IdempotencyLayer.tsx(83,26): error TS17004: Cannot use JSX unless the '--jsx' flag is provided.
src/ai-gateway/app/(dashboard)/dashboard/cache/components/IdempotencyLayer.tsx(85,13): error TS17004: Cannot use JSX unless the '--jsx' flag is provided.
src/ai-gateway/app/(dashboard)/dashboard/cache/components/IdempotencyLayer.tsx(88,11): error TS17004: Cannot use JSX unless the '--jsx' flag is provided.
src/ai-gateway/app/(dashboard)/dashboard/cache/components/IdempotencyLayer.tsx(89,13): error TS17004: Cannot use JSX unless the '--jsx' flag is provided.
src/ai-gateway/app/(dashboard)/dashboard/cache/components/IdempotencyLayer.tsx(90,26): error TS17004: Cannot use JSX unless the '--jsx' flag is provided.
src/ai-gateway/app/(dashboard)/dashboard/cache/components/IdempotencyLayer.tsx(92,13): error TS17004: Cannot use JSX unless the '--jsx' flag is provided.
src/ai-gateway/app/(dashboard)/dashboard/cache/components/IdempotencyLayer.tsx(95,11): error TS17004: Cannot use JSX unless the '--jsx' flag is provided.
src/ai-gateway/app/(dashboard)/dashboard/cache/components/IdempotencyLayer.tsx(96,13): error TS17004: Cannot use JSX unless the '--jsx' flag is provided.
src/ai-gateway/app/(dashboard)/dashboard/cache/components/IdempotencyLayer.tsx(97,26): error TS17004: Cannot use JSX unless the '--jsx' flag is provided.
src/ai-gateway/app/(dashboard)/dashboard/cache/components/IdempotencyLayer.tsx(99,13): error TS17004: Cannot use JSX unless the '--jsx' flag is provided.
src/ai-gateway/app/(dashboard)/dashboard/cache/components/IdempotencyLayer.tsx(104,11): error TS17004: Cannot use JSX unless the '--jsx' flag is provided.
src/ai-gateway/app/(dashboard)/dashboard/cache/components/IdempotencyLayer.tsx(105,13): error TS17004: Cannot use JSX unless the '--jsx' flag is provided.
src/ai-gateway/app/(dashboard)/dashboard/cache/components/IdempotencyLayer.tsx(106,13): error TS17004: Cannot use JSX unless the '--jsx' flag is provided.
src/ai-gateway/app/(dashboard)/dashboard/cache/components/MemoryCards.tsx(3,33): error TS2307: Cannot find module 'next-intl' or its corresponding type declarations.
src/ai-gateway/app/(dashboard)/dashboard/cache/components/MemoryCards.tsx(35,5): error TS17004: Cannot use JSX unless the '--jsx' flag is provided.
src/ai-gateway/app/(dashboard)/dashboard/cache/components/MemoryCards.tsx(36,7): error TS17004: Cannot use JSX unless the '--jsx' flag is provided.
src/ai-gateway/app/(dashboard)/dashboard/cache/components/MemoryCards.tsx(37,9): error TS17004: Cannot use JSX unless the '--jsx' flag is provided.
src/ai-gateway/app/(dashboard)/dashboard/cache/components/MemoryCards.tsx(42,7): error TS17004: Cannot use JSX unless the '--jsx' flag is provided.
src/ai-gateway/app/(dashboard)/dashboard/cache/components/MemoryCards.tsx(43,15): error TS17004: Cannot use JSX unless the '--jsx' flag is provided.
src/ai-gateway/app/(dashboard)/dashboard/cache/components/MemoryCards.tsx(52,5): error TS17004: Cannot use JSX unless the '--jsx' flag is provided.
src/ai-gateway/app/(dashboard)/dashboard/cache/components/MemoryCards.tsx(76,7): error TS17004: Cannot use JSX unless the '--jsx' flag is provided.
src/ai-gateway/app/(dashboard)/dashboard/cache/components/MemoryCards.tsx(80,9): error TS17004: Cannot use JSX unless the '--jsx' flag is provided.
src/ai-gateway/app/(dashboard)/dashboard/cache/components/MemoryCards.tsx(81,9): error TS17004: Cannot use JSX unless the '--jsx' flag is provided.
src/ai-gateway/app/(dashboard)/dashboard/cache/components/MemoryCards.tsx(82,9): error TS17004: Cannot use JSX unless the '--jsx' flag is provided.
src/ai-gateway/app/(dashboard)/dashboard/cache/components/MemoryCards.tsx(83,9): error TS17004: Cannot use JSX unless the '--jsx' flag is provided.
src/ai-gateway/app/(dashboard)/dashboard/cache/components/MemoryCards.tsx(90,7): error TS17004: Cannot use JSX unless the '--jsx' flag is provided.
src/ai-gateway/app/(dashboard)/dashboard/cache/components/MemoryCards.tsx(94,9): error TS17004: Cannot use JSX unless the '--jsx' flag is provided.
src/ai-gateway/app/(dashboard)/dashboard/cache/components/MemoryCards.tsx(97,9): error TS17004: Cannot use JSX unless the '--jsx' flag is provided.
src/ai-gateway/app/(dashboard)/dashboard/cache/components/MemoryCards.tsx(99,11): error TS17004: Cannot use JSX unless the '--jsx' flag is provided.
src/ai-gateway/app/(dashboard)/dashboard/cache/components/MemoryCards.tsx(111,5): error TS17004: Cannot use JSX unless the '--jsx' flag is provided.
src/ai-gateway/app/(dashboard)/dashboard/cache/components/MemoryCards.tsx(115,7): error TS17004: Cannot use JSX unless the '--jsx' flag is provided.
src/ai-gateway/app/(dashboard)/dashboard/cache/components/MemoryCards.tsx(121,7): error TS17004: Cannot use JSX unless the '--jsx' flag is provided.
src/ai-gateway/app/(dashboard)/dashboard/cache/components/MemoryCards.tsx(122,7): error TS17004: Cannot use JSX unless the '--jsx' flag is provided.
src/ai-gateway/app/(dashboard)/dashboard/cache/components/MemoryCards.tsx(129,7): error TS17004: Cannot use JSX unless the '--jsx' flag is provided.
src/ai-gateway/app/(dashboard)/dashboard/cache/media/ImageResults.tsx(6,7): error TS17004: Cannot use JSX unless the '--jsx' flag is provided.
src/ai-gateway/app/(dashboard)/dashboard/cache/media/ImageResults.tsx(12,5): error TS17004: Cannot use JSX unless the '--jsx' flag is provided.
src/ai-gateway/app/(dashboard)/dashboard/cache/media/ImageResults.tsx(17,11): error TS17004: Cannot use JSX unless the '--jsx' flag is provided.
src/ai-gateway/app/(dashboard)/dashboard/cache/media/ImageResults.tsx(22,13): error TS17004: Cannot use JSX unless the '--jsx' flag is provided.
src/ai-gateway/app/(dashboard)/dashboard/cache/media/ImageResults.tsx(27,13): error TS17004: Cannot use JSX unless the '--jsx' flag is provided.
src/ai-gateway/app/(dashboard)/dashboard/cache/media/ImageResults.tsx(32,15): error TS17004: Cannot use JSX unless the '--jsx' flag is provided.
src/ai-gateway/app/(dashboard)/dashboard/cache/media/ImageResults.tsx(36,15): error TS17004: Cannot use JSX unless the '--jsx' flag is provided.
src/ai-gateway/app/(dashboard)/dashboard/cache/media/MediaPageClient.tsx(4,33): error TS2307: Cannot find module 'next-intl' or its corresponding type declarations.
src/ai-gateway/app/(dashboard)/dashboard/cache/media/MediaPageClient.tsx(5,18): error TS2307: Cannot find module 'next/link' or its corresponding type declarations.
src/ai-gateway/app/(dashboard)/dashboard/cache/media/MediaPageClient.tsx(7,30): error TS6142: Module './ImageResults' was resolved to 'C:/TESTES DEV/1_PROJETOS_ATIVOS/Zavorth/src/ai-gateway/app/(dashboard)/dashboard/cache/media/ImageResults.tsx', but '--jsx' is not set.
src/ai-gateway/app/(dashboard)/dashboard/cache/media/MediaPageClient.tsx(227,5): error TS17004: Cannot use JSX unless the '--jsx' flag is provided.
src/ai-gateway/app/(dashboard)/dashboard/cache/media/MediaPageClient.tsx(229,7): error TS17004: Cannot use JSX unless the '--jsx' flag is provided.
src/ai-gateway/app/(dashboard)/dashboard/cache/media/MediaPageClient.tsx(230,9): error TS17004: Cannot use JSX unless the '--jsx' flag is provided.
src/ai-gateway/app/(dashboard)/dashboard/cache/media/MediaPageClient.tsx(231,9): error TS17004: Cannot use JSX unless the '--jsx' flag is provided.
src/ai-gateway/app/(dashboard)/dashboard/cache/media/MediaPageClient.tsx(235,7): error TS17004: Cannot use JSX unless the '--jsx' flag is provided.
src/ai-gateway/app/(dashboard)/dashboard/cache/media/MediaPageClient.tsx(240,13): error TS17004: Cannot use JSX unless the '--jsx' flag is provided.
src/ai-gateway/app/(dashboard)/dashboard/cache/media/MediaPageClient.tsx(249,15): error TS17004: Cannot use JSX unless the '--jsx' flag is provided.
src/ai-gateway/app/(dashboard)/dashboard/cache/media/MediaPageClient.tsx(257,7): error TS17004: Cannot use JSX unless the '--jsx' flag is provided.
src/ai-gateway/app/(dashboard)/dashboard/cache/media/MediaPageClient.tsx(259,9): error TS17004: Cannot use JSX unless the '--jsx' flag is provided.
src/ai-gateway/app/(dashboard)/dashboard/cache/media/MediaPageClient.tsx(261,11): error TS17004: Cannot use JSX unless the '--jsx' flag is provided.
src/ai-gateway/app/(dashboard)/dashboard/cache/media/MediaPageClient.tsx(262,13): error TS17004: Cannot use JSX unless the '--jsx' flag is provided.
src/ai-gateway/app/(dashboard)/dashboard/cache/media/MediaPageClient.tsx(263,13): error TS17004: Cannot use JSX unless the '--jsx' flag is provided.
src/ai-gateway/app/(dashboard)/dashboard/cache/media/MediaPageClient.tsx(269,17): error TS17004: Cannot use JSX unless the '--jsx' flag is provided.
src/ai-gateway/app/(dashboard)/dashboard/cache/media/MediaPageClient.tsx(277,11): error TS17004: Cannot use JSX unless the '--jsx' flag is provided.
src/ai-gateway/app/(dashboard)/dashboard/cache/media/MediaPageClient.tsx(278,13): error TS17004: Cannot use JSX unless the '--jsx' flag is provided.
src/ai-gateway/app/(dashboard)/dashboard/cache/media/MediaPageClient.tsx(279,13): error TS17004: Cannot use JSX unless the '--jsx' flag is provided.
src/ai-gateway/app/(dashboard)/dashboard/cache/media/MediaPageClient.tsx(285,17): error TS17004: Cannot use JSX unless the '--jsx' flag is provided.
src/ai-gateway/app/(dashboard)/dashboard/cache/media/MediaPageClient.tsx(295,11): error TS17004: Cannot use JSX unless the '--jsx' flag is provided.
src/ai-gateway/app/(dashboard)/dashboard/cache/media/MediaPageClient.tsx(296,13): error TS17004: Cannot use JSX unless the '--jsx' flag is provided.
src/ai-gateway/app/(dashboard)/dashboard/cache/media/MediaPageClient.tsx(297,22): error TS17004: Cannot use JSX unless the '--jsx' flag is provided.
src/ai-gateway/app/(dashboard)/dashboard/cache/media/MediaPageClient.tsx(298,13): error TS17004: Cannot use JSX unless the '--jsx' flag is provided.
src/ai-gateway/app/(dashboard)/dashboard/cache/media/MediaPageClient.tsx(309,11): error TS17004: Cannot use JSX unless the '--jsx' flag is provided.
src/ai-gateway/app/(dashboard)/dashboard/cache/media/MediaPageClient.tsx(310,13): error TS17004: Cannot use JSX unless the '--jsx' flag is provided.
src/ai-gateway/app/(dashboard)/dashboard/cache/media/MediaPageClient.tsx(311,15): error TS17004: Cannot use JSX unless the '--jsx' flag is provided.
src/ai-gateway/app/(dashboard)/dashboard/cache/media/MediaPageClient.tsx(312,15): error TS17004: Cannot use JSX unless the '--jsx' flag is provided.
src/ai-gateway/app/(dashboard)/dashboard/cache/media/MediaPageClient.tsx(318,19): error TS17004: Cannot use JSX unless the '--jsx' flag is provided.
src/ai-gateway/app/(dashboard)/dashboard/cache/media/MediaPageClient.tsx(324,13): error TS17004: Cannot use JSX unless the '--jsx' flag is provided.
src/ai-gateway/app/(dashboard)/dashboard/cache/media/MediaPageClient.tsx(325,15): error TS17004: Cannot use JSX unless the '--jsx' flag is provided.
src/ai-gateway/app/(dashboard)/dashboard/cache/media/MediaPageClient.tsx(326,15): error TS17004: Cannot use JSX unless the '--jsx' flag is provided.
src/ai-gateway/app/(dashboard)/dashboard/cache/media/MediaPageClient.tsx(332,19): error TS17004: Cannot use JSX unless the '--jsx' flag is provided.
src/ai-gateway/app/(dashboard)/dashboard/cache/media/MediaPageClient.tsx(343,11): error TS17004: Cannot use JSX unless the '--jsx' flag is provided.
src/ai-gateway/app/(dashboard)/dashboard/cache/media/MediaPageClient.tsx(344,13): error TS17004: Cannot use JSX unless the '--jsx' flag is provided.
src/ai-gateway/app/(dashboard)/dashboard/cache/media/MediaPageClient.tsx(347,13): error TS17004: Cannot use JSX unless the '--jsx' flag is provided.
src/ai-gateway/app/(dashboard)/dashboard/cache/media/MediaPageClient.tsx(366,15): error TS17004: Cannot use JSX unless the '--jsx' flag is provided.
src/ai-gateway/app/(dashboard)/dashboard/cache/media/MediaPageClient.tsx(367,17): error TS17004: Cannot use JSX unless the '--jsx' flag is provided.
src/ai-gateway/app/(dashboard)/dashboard/cache/media/MediaPageClient.tsx(372,15): error TS17004: Cannot use JSX unless the '--jsx' flag is provided.
src/ai-gateway/app/(dashboard)/dashboard/cache/media/MediaPageClient.tsx(376,13): error TS17004: Cannot use JSX unless the '--jsx' flag is provided.
src/ai-gateway/app/(dashboard)/dashboard/cache/media/MediaPageClient.tsx(382,11): error TS17004: Cannot use JSX unless the '--jsx' flag is provided.
src/ai-gateway/app/(dashboard)/dashboard/cache/media/MediaPageClient.tsx(383,13): error TS17004: Cannot use JSX unless the '--jsx' flag is provided.
src/ai-gateway/app/(dashboard)/dashboard/cache/media/MediaPageClient.tsx(386,13): error TS17004: Cannot use JSX unless the '--jsx' flag is provided.
src/ai-gateway/app/(dashboard)/dashboard/cache/media/MediaPageClient.tsx(397,9): error TS17004: Cannot use JSX unless the '--jsx' flag is provided.
src/ai-gateway/app/(dashboard)/dashboard/cache/media/MediaPageClient.tsx(407,13): error TS17004: Cannot use JSX unless the '--jsx' flag is provided.
src/ai-gateway/app/(dashboard)/dashboard/cache/media/MediaPageClient.tsx(408,15): error TS17004: Cannot use JSX unless the '--jsx' flag is provided.
src/ai-gateway/app/(dashboard)/dashboard/cache/media/MediaPageClient.tsx(418,13): error TS17004: Cannot use JSX unless the '--jsx' flag is provided.
src/ai-gateway/app/(dashboard)/dashboard/cache/media/MediaPageClient.tsx(419,15): error TS17004: Cannot use JSX unless the '--jsx' flag is provided.
src/ai-gateway/app/(dashboard)/dashboard/cache/media/MediaPageClient.tsx(438,9): error TS17004: Cannot use JSX unless the '--jsx' flag is provided.
src/ai-gateway/app/(dashboard)/dashboard/cache/media/MediaPageClient.tsx(441,11): error TS17004: Cannot use JSX unless the '--jsx' flag is provided.
src/ai-gateway/app/(dashboard)/dashboard/cache/media/MediaPageClient.tsx(446,11): error TS17004: Cannot use JSX unless the '--jsx' flag is provided.
src/ai-gateway/app/(dashboard)/dashboard/cache/media/MediaPageClient.tsx(447,13): error TS17004: Cannot use JSX unless the '--jsx' flag is provided.
src/ai-gateway/app/(dashboard)/dashboard/cache/media/MediaPageClient.tsx(452,13): error TS17004: Cannot use JSX unless the '--jsx' flag is provided.
src/ai-gateway/app/(dashboard)/dashboard/cache/media/MediaPageClient.tsx(454,15): error TS17004: Cannot use JSX unless the '--jsx' flag is provided.
src/ai-gateway/app/(dashboard)/dashboard/cache/media/MediaPageClient.tsx(458,17): error TS17004: Cannot use JSX unless the '--jsx' flag is provided.
src/ai-gateway/app/(dashboard)/dashboard/cache/media/MediaPageClient.tsx(468,9): error TS17004: Cannot use JSX unless the '--jsx' flag is provided.
src/ai-gateway/app/(dashboard)/dashboard/cache/media/MediaPageClient.tsx(469,11): error TS17004: Cannot use JSX unless the '--jsx' flag is provided.
src/ai-gateway/app/(dashboard)/dashboard/cache/media/MediaPageClient.tsx(470,13): error TS17004: Cannot use JSX unless the '--jsx' flag is provided.
src/ai-gateway/app/(dashboard)/dashboard/cache/media/MediaPageClient.tsx(475,13): error TS17004: Cannot use JSX unless the '--jsx' flag is provided.
src/ai-gateway/app/(dashboard)/dashboard/cache/media/MediaPageClient.tsx(476,13): error TS17004: Cannot use JSX unless the '--jsx' flag is provided.
src/ai-gateway/app/(dashboard)/dashboard/cache/media/MediaPageClient.tsx(482,13): error TS17004: Cannot use JSX unless the '--jsx' flag is provided.
src/ai-gateway/app/(dashboard)/dashboard/cache/media/MediaPageClient.tsx(483,15): error TS17004: Cannot use JSX unless the '--jsx' flag is provided.
src/ai-gateway/app/(dashboard)/dashboard/cache/media/MediaPageClient.tsx(484,15): error TS17004: Cannot use JSX unless the '--jsx' flag is provided.
src/ai-gateway/app/(dashboard)/dashboard/cache/media/MediaPageClient.tsx(489,17): error TS17004: Cannot use JSX unless the '--jsx' flag is provided.
src/ai-gateway/app/(dashboard)/dashboard/cache/media/MediaPageClient.tsx(494,13): error TS17004: Cannot use JSX unless the '--jsx' flag is provided.
src/ai-gateway/app/(dashboard)/dashboard/cache/media/MediaPageClient.tsx(496,13): error TS17004: Cannot use JSX unless the '--jsx' flag is provided.
src/ai-gateway/app/(dashboard)/dashboard/cache/media/MediaPageClient.tsx(497,15): error TS17004: Cannot use JSX unless the '--jsx' flag is provided.
src/ai-gateway/app/(dashboard)/dashboard/cache/media/MediaPageClient.tsx(499,19): error TS17004: Cannot use JSX unless the '--jsx' flag is provided.
src/ai-gateway/app/(dashboard)/dashboard/cache/media/MediaPageClient.tsx(503,17): error TS17004: Cannot use JSX unless the '--jsx' flag is provided.
src/ai-gateway/app/(dashboard)/dashboard/cache/media/MediaPageClient.tsx(504,19): error TS17004: Cannot use JSX unless the '--jsx' flag is provided.
src/ai-gateway/app/(dashboard)/dashboard/cache/media/MediaPageClient.tsx(507,19): error TS17004: Cannot use JSX unless the '--jsx' flag is provided.
src/ai-gateway/app/(dashboard)/dashboard/cache/media/MediaPageClient.tsx(514,13): error TS17004: Cannot use JSX unless the '--jsx' flag is provided.
src/ai-gateway/app/(dashboard)/dashboard/cache/media/MediaPageClient.tsx(522,7): error TS17004: Cannot use JSX unless the '--jsx' flag is provided.
src/ai-gateway/app/(dashboard)/dashboard/cache/media/MediaPageClient.tsx(527,13): error TS17004: Cannot use JSX unless the '--jsx' flag is provided.
src/ai-gateway/app/(dashboard)/dashboard/cache/media/MediaPageClient.tsx(531,15): error TS17004: Cannot use JSX unless the '--jsx' flag is provided.
src/ai-gateway/app/(dashboard)/dashboard/cache/media/MediaPageClient.tsx(532,17): error TS17004: Cannot use JSX unless the '--jsx' flag is provided.
src/ai-gateway/app/(dashboard)/dashboard/cache/media/MediaPageClient.tsx(535,19): error TS17004: Cannot use JSX unless the '--jsx' flag is provided.
src/ai-gateway/app/(dashboard)/dashboard/cache/media/MediaPageClient.tsx(539,17): error TS17004: Cannot use JSX unless the '--jsx' flag is provided.
src/ai-gateway/app/(dashboard)/dashboard/cache/media/MediaPageClient.tsx(541,15): error TS17004: Cannot use JSX unless the '--jsx' flag is provided.
src/ai-gateway/app/(dashboard)/dashboard/cache/media/MediaPageClient.tsx(542,15): error TS17004: Cannot use JSX unless the '--jsx' flag is provided.
src/ai-gateway/app/(dashboard)/dashboard/cache/media/page.tsx(1,29): error TS6142: Module './MediaPageClient' was resolved to 'C:/TESTES DEV/1_PROJETOS_ATIVOS/Zavorth/src/ai-gateway/app/(dashboard)/dashboard/cache/media/MediaPageClient.tsx', but '--jsx' is not set.
src/ai-gateway/app/(dashboard)/dashboard/cache/media/page.tsx(4,10): error TS17004: Cannot use JSX unless the '--jsx' flag is provided.
src/ai-gateway/app/(dashboard)/dashboard/cache/page.tsx(4,42): error TS2307: Cannot find module '@/shared/components' or its corresponding type declarations.
src/ai-gateway/app/(dashboard)/dashboard/cache/page.tsx(5,38): error TS2307: Cannot find module '@/store/notificationStore' or its corresponding type declarations.
src/ai-gateway/app/(dashboard)/dashboard/cache/page.tsx(6,33): error TS2307: Cannot find module 'next-intl' or its corresponding type declarations.
src/ai-gateway/app/(dashboard)/dashboard/cache/page.tsx(7,29): error TS6142: Module './components/CacheEntriesTab' was resolved to 'C:/TESTES DEV/1_PROJETOS_ATIVOS/Zavorth/src/ai-gateway/app/(dashboard)/dashboard/cache/components/CacheEntriesTab.tsx', but '--jsx' is not set.
src/ai-gateway/app/(dashboard)/dashboard/cache/page.tsx(77,5): error TS17004: Cannot use JSX unless the '--jsx' flag is provided.
src/ai-gateway/app/(dashboard)/dashboard/cache/page.tsx(78,7): error TS17004: Cannot use JSX unless the '--jsx' flag is provided.
src/ai-gateway/app/(dashboard)/dashboard/cache/page.tsx(79,9): error TS17004: Cannot use JSX unless the '--jsx' flag is provided.
src/ai-gateway/app/(dashboard)/dashboard/cache/page.tsx(84,7): error TS17004: Cannot use JSX unless the '--jsx' flag is provided.
src/ai-gateway/app/(dashboard)/dashboard/cache/page.tsx(85,15): error TS17004: Cannot use JSX unless the '--jsx' flag is provided.
src/ai-gateway/app/(dashboard)/dashboard/cache/page.tsx(96,5): error TS17004: Cannot use JSX unless the '--jsx' flag is provided.
src/ai-gateway/app/(dashboard)/dashboard/cache/page.tsx(104,7): error TS17004: Cannot use JSX unless the '--jsx' flag is provided.
src/ai-gateway/app/(dashboard)/dashboard/cache/page.tsx(105,9): error TS17004: Cannot use JSX unless the '--jsx' flag is provided.
src/ai-gateway/app/(dashboard)/dashboard/cache/page.tsx(106,9): error TS17004: Cannot use JSX unless the '--jsx' flag is provided.
src/ai-gateway/app/(dashboard)/dashboard/cache/page.tsx(108,7): error TS17004: Cannot use JSX unless the '--jsx' flag is provided.
src/ai-gateway/app/(dashboard)/dashboard/cache/page.tsx(109,9): error TS17004: Cannot use JSX unless the '--jsx' flag is provided.
src/ai-gateway/app/(dashboard)/dashboard/cache/page.tsx(120,5): error TS17004: Cannot use JSX unless the '--jsx' flag is provided.
src/ai-gateway/app/(dashboard)/dashboard/cache/page.tsx(121,7): error TS17004: Cannot use JSX unless the '--jsx' flag is provided.
src/ai-gateway/app/(dashboard)/dashboard/cache/page.tsx(127,7): error TS17004: Cannot use JSX unless the '--jsx' flag is provided.
src/ai-gateway/app/(dashboard)/dashboard/cache/page.tsx(210,5): error TS17004: Cannot use JSX unless the '--jsx' flag is provided.
src/ai-gateway/app/(dashboard)/dashboard/cache/page.tsx(212,7): error TS17004: Cannot use JSX unless the '--jsx' flag is provided.
src/ai-gateway/app/(dashboard)/dashboard/cache/page.tsx(213,9): error TS17004: Cannot use JSX unless the '--jsx' flag is provided.
src/ai-gateway/app/(dashboard)/dashboard/cache/page.tsx(214,11): error TS17004: Cannot use JSX unless the '--jsx' flag is provided.
src/ai-gateway/app/(dashboard)/dashboard/cache/page.tsx(215,11): error TS17004: Cannot use JSX unless the '--jsx' flag is provided.
src/ai-gateway/app/(dashboard)/dashboard/cache/page.tsx(217,9): error TS17004: Cannot use JSX unless the '--jsx' flag is provided.
src/ai-gateway/app/(dashboard)/dashboard/cache/page.tsx(218,11): error TS17004: Cannot use JSX unless the '--jsx' flag is provided.
src/ai-gateway/app/(dashboard)/dashboard/cache/page.tsx(228,11): error TS17004: Cannot use JSX unless the '--jsx' flag is provided.
src/ai-gateway/app/(dashboard)/dashboard/cache/page.tsx(243,7): error TS17004: Cannot use JSX unless the '--jsx' flag is provided.
src/ai-gateway/app/(dashboard)/dashboard/cache/page.tsx(244,9): error TS17004: Cannot use JSX unless the '--jsx' flag is provided.
src/ai-gateway/app/(dashboard)/dashboard/cache/page.tsx(254,9): error TS17004: Cannot use JSX unless the '--jsx' flag is provided.
src/ai-gateway/app/(dashboard)/dashboard/cache/page.tsx(267,35): error TS17004: Cannot use JSX unless the '--jsx' flag is provided.
src/ai-gateway/app/(dashboard)/dashboard/cache/page.tsx(271,9): error TS17004: Cannot use JSX unless the '--jsx' flag is provided.
src/ai-gateway/app/(dashboard)/dashboard/cache/page.tsx(274,13): error TS17004: Cannot use JSX unless the '--jsx' flag is provided.
src/ai-gateway/app/(dashboard)/dashboard/cache/page.tsx(280,17): error TS17004: Cannot use JSX unless the '--jsx' flag is provided.
src/ai-gateway/app/(dashboard)/dashboard/cache/page.tsx(287,13): error TS17004: Cannot use JSX unless the '--jsx' flag is provided.
src/ai-gateway/app/(dashboard)/dashboard/cache/page.tsx(298,13): error TS17004: Cannot use JSX unless the '--jsx' flag is provided.
src/ai-gateway/app/(dashboard)/dashboard/cache/page.tsx(300,15): error TS17004: Cannot use JSX unless the '--jsx' flag is provided.
src/ai-gateway/app/(dashboard)/dashboard/cache/page.tsx(301,17): error TS17004: Cannot use JSX unless the '--jsx' flag is provided.
src/ai-gateway/app/(dashboard)/dashboard/cache/page.tsx(307,17): error TS17004: Cannot use JSX unless the '--jsx' flag is provided.
src/ai-gateway/app/(dashboard)/dashboard/cache/page.tsx(313,17): error TS17004: Cannot use JSX unless the '--jsx' flag is provided.
src/ai-gateway/app/(dashboard)/dashboard/cache/page.tsx(320,17): error TS17004: Cannot use JSX unless the '--jsx' flag is provided.
src/ai-gateway/app/(dashboard)/dashboard/cache/page.tsx(330,15): error TS17004: Cannot use JSX unless the '--jsx' flag is provided.
src/ai-gateway/app/(dashboard)/dashboard/cache/page.tsx(331,17): error TS17004: Cannot use JSX unless the '--jsx' flag is provided.
src/ai-gateway/app/(dashboard)/dashboard/cache/page.tsx(332,19): error TS17004: Cannot use JSX unless the '--jsx' flag is provided.
src/ai-gateway/app/(dashboard)/dashboard/cache/page.tsx(333,21): error TS17004: Cannot use JSX unless the '--jsx' flag is provided.
src/ai-gateway/app/(dashboard)/dashboard/cache/page.tsx(334,21): error TS17004: Cannot use JSX unless the '--jsx' flag is provided.
src/ai-gateway/app/(dashboard)/dashboard/cache/page.tsx(338,19): error TS17004: Cannot use JSX unless the '--jsx' flag is provided.
src/ai-gateway/app/(dashboard)/dashboard/cache/page.tsx(339,19): error TS17004: Cannot use JSX unless the '--jsx' flag is provided.
src/ai-gateway/app/(dashboard)/dashboard/cache/page.tsx(340,21): error TS17004: Cannot use JSX unless the '--jsx' flag is provided.
src/ai-gateway/app/(dashboard)/dashboard/cache/page.tsx(341,23): error TS17004: Cannot use JSX unless the '--jsx' flag is provided.
src/ai-gateway/app/(dashboard)/dashboard/cache/page.tsx(344,23): error TS17004: Cannot use JSX unless the '--jsx' flag is provided.
src/ai-gateway/app/(dashboard)/dashboard/cache/page.tsx(346,21): error TS17004: Cannot use JSX unless the '--jsx' flag is provided.
src/ai-gateway/app/(dashboard)/dashboard/cache/page.tsx(347,23): error TS17004: Cannot use JSX unless the '--jsx' flag is provided.
src/ai-gateway/app/(dashboard)/dashboard/cache/page.tsx(350,23): error TS17004: Cannot use JSX unless the '--jsx' flag is provided.
src/ai-gateway/app/(dashboard)/dashboard/cache/page.tsx(352,21): error TS17004: Cannot use JSX unless the '--jsx' flag is provided.
src/ai-gateway/app/(dashboard)/dashboard/cache/page.tsx(353,23): error TS17004: Cannot use JSX unless the '--jsx' flag is provided.
src/ai-gateway/app/(dashboard)/dashboard/cache/page.tsx(354,23): error TS17004: Cannot use JSX unless the '--jsx' flag is provided.
src/ai-gateway/app/(dashboard)/dashboard/cache/page.tsx(362,17): error TS17004: Cannot use JSX unless the '--jsx' flag is provided.
src/ai-gateway/app/(dashboard)/dashboard/cache/page.tsx(363,19): error TS17004: Cannot use JSX unless the '--jsx' flag is provided.
src/ai-gateway/app/(dashboard)/dashboard/cache/page.tsx(364,21): error TS17004: Cannot use JSX unless the '--jsx' flag is provided.
src/ai-gateway/app/(dashboard)/dashboard/cache/page.tsx(365,23): error TS17004: Cannot use JSX unless the '--jsx' flag is provided.
src/ai-gateway/app/(dashboard)/dashboard/cache/page.tsx(366,25): error TS17004: Cannot use JSX unless the '--jsx' flag is provided.
src/ai-gateway/app/(dashboard)/dashboard/cache/page.tsx(372,25): error TS17004: Cannot use JSX unless the '--jsx' flag is provided.
src/ai-gateway/app/(dashboard)/dashboard/cache/page.tsx(374,23): error TS17004: Cannot use JSX unless the '--jsx' flag is provided.
src/ai-gateway/app/(dashboard)/dashboard/cache/page.tsx(379,21): error TS17004: Cannot use JSX unless the '--jsx' flag is provided.
src/ai-gateway/app/(dashboard)/dashboard/cache/page.tsx(380,23): error TS17004: Cannot use JSX unless the '--jsx' flag is provided.
src/ai-gateway/app/(dashboard)/dashboard/cache/page.tsx(381,25): error TS17004: Cannot use JSX unless the '--jsx' flag is provided.
src/ai-gateway/app/(dashboard)/dashboard/cache/page.tsx(384,25): error TS17004: Cannot use JSX unless the '--jsx' flag is provided.
src/ai-gateway/app/(dashboard)/dashboard/cache/page.tsx(386,23): error TS17004: Cannot use JSX unless the '--jsx' flag is provided.
src/ai-gateway/app/(dashboard)/dashboard/cache/page.tsx(387,25): error TS17004: Cannot use JSX unless the '--jsx' flag is provided.
src/ai-gateway/app/(dashboard)/dashboard/cache/page.tsx(390,25): error TS17004: Cannot use JSX unless the '--jsx' flag is provided.
src/ai-gateway/app/(dashboard)/dashboard/cache/page.tsx(394,23): error TS17004: Cannot use JSX unless the '--jsx' flag is provided.
src/ai-gateway/app/(dashboard)/dashboard/cache/page.tsx(395,25): error TS17004: Cannot use JSX unless the '--jsx' flag is provided.
src/ai-gateway/app/(dashboard)/dashboard/cache/page.tsx(398,25): error TS17004: Cannot use JSX unless the '--jsx' flag is provided.
src/ai-gateway/app/(dashboard)/dashboard/cache/page.tsx(400,23): error TS17004: Cannot use JSX unless the '--jsx' flag is provided.
src/ai-gateway/app/(dashboard)/dashboard/cache/page.tsx(401,25): error TS17004: Cannot use JSX unless the '--jsx' flag is provided.
src/ai-gateway/app/(dashboard)/dashboard/cache/page.tsx(404,25): error TS17004: Cannot use JSX unless the '--jsx' flag is provided.
src/ai-gateway/app/(dashboard)/dashboard/cache/page.tsx(406,23): error TS17004: Cannot use JSX unless the '--jsx' flag is provided.
src/ai-gateway/app/(dashboard)/dashboard/cache/page.tsx(407,25): error TS17004: Cannot use JSX unless the '--jsx' flag is provided.
src/ai-gateway/app/(dashboard)/dashboard/cache/page.tsx(410,25): error TS17004: Cannot use JSX unless the '--jsx' flag is provided.
src/ai-gateway/app/(dashboard)/dashboard/cache/page.tsx(412,23): error TS17004: Cannot use JSX unless the '--jsx' flag is provided.
src/ai-gateway/app/(dashboard)/dashboard/cache/page.tsx(413,25): error TS17004: Cannot use JSX unless the '--jsx' flag is provided.
src/ai-gateway/app/(dashboard)/dashboard/cache/page.tsx(416,25): error TS17004: Cannot use JSX unless the '--jsx' flag is provided.
src/ai-gateway/app/(dashboard)/dashboard/cache/page.tsx(420,23): error TS17004: Cannot use JSX unless the '--jsx' flag is provided.
src/ai-gateway/app/(dashboard)/dashboard/cache/page.tsx(421,25): error TS17004: Cannot use JSX unless the '--jsx' flag is provided.
src/ai-gateway/app/(dashboard)/dashboard/cache/page.tsx(424,25): error TS17004: Cannot use JSX unless the '--jsx' flag is provided.
src/ai-gateway/app/(dashboard)/dashboard/cache/page.tsx(428,21): error TS17004: Cannot use JSX unless the '--jsx' flag is provided.
src/ai-gateway/app/(dashboard)/dashboard/cache/page.tsx(429,23): error TS17004: Cannot use JSX unless the '--jsx' flag is provided.
src/ai-gateway/app/(dashboard)/dashboard/cache/page.tsx(430,25): error TS17004: Cannot use JSX unless the '--jsx' flag is provided.
src/ai-gateway/app/(dashboard)/dashboard/cache/page.tsx(431,27): error TS17004: Cannot use JSX unless the '--jsx' flag is provided.
src/ai-gateway/app/(dashboard)/dashboard/cache/page.tsx(432,29): error TS17004: Cannot use JSX unless the '--jsx' flag is provided.
src/ai-gateway/app/(dashboard)/dashboard/cache/page.tsx(435,29): error TS17004: Cannot use JSX unless the '--jsx' flag is provided.
src/ai-gateway/app/(dashboard)/dashboard/cache/page.tsx(437,27): error TS17004: Cannot use JSX unless the '--jsx' flag is provided.
src/ai-gateway/app/(dashboard)/dashboard/cache/page.tsx(438,29): error TS17004: Cannot use JSX unless the '--jsx' flag is provided.
src/ai-gateway/app/(dashboard)/dashboard/cache/page.tsx(441,29): error TS17004: Cannot use JSX unless the '--jsx' flag is provided.
src/ai-gateway/app/(dashboard)/dashboard/cache/page.tsx(448,25): error TS17004: Cannot use JSX unless the '--jsx' flag is provided.
src/ai-gateway/app/(dashboard)/dashboard/cache/page.tsx(449,25): error TS17004: Cannot use JSX unless the '--jsx' flag is provided.
src/ai-gateway/app/(dashboard)/dashboard/cache/page.tsx(450,27): error TS17004: Cannot use JSX unless the '--jsx' flag is provided.
src/ai-gateway/app/(dashboard)/dashboard/cache/page.tsx(455,25): error TS17004: Cannot use JSX unless the '--jsx' flag is provided.
src/ai-gateway/app/(dashboard)/dashboard/cache/page.tsx(456,27): error TS17004: Cannot use JSX unless the '--jsx' flag is provided.
src/ai-gateway/app/(dashboard)/dashboard/cache/page.tsx(457,29): error TS17004: Cannot use JSX unless the '--jsx' flag is provided.
src/ai-gateway/app/(dashboard)/dashboard/cache/page.tsx(458,29): error TS17004: Cannot use JSX unless the '--jsx' flag is provided.
src/ai-gateway/app/(dashboard)/dashboard/cache/page.tsx(462,27): error TS17004: Cannot use JSX unless the '--jsx' flag is provided.
src/ai-gateway/app/(dashboard)/dashboard/cache/page.tsx(463,29): error TS17004: Cannot use JSX unless the '--jsx' flag is provided.
src/ai-gateway/app/(dashboard)/dashboard/cache/page.tsx(464,29): error TS17004: Cannot use JSX unless the '--jsx' flag is provided.
src/ai-gateway/app/(dashboard)/dashboard/cache/page.tsx(468,27): error TS17004: Cannot use JSX unless the '--jsx' flag is provided.
src/ai-gateway/app/(dashboard)/dashboard/cache/page.tsx(469,29): error TS17004: Cannot use JSX unless the '--jsx' flag is provided.
src/ai-gateway/app/(dashboard)/dashboard/cache/page.tsx(470,29): error TS17004: Cannot use JSX unless the '--jsx' flag is provided.
src/ai-gateway/app/(dashboard)/dashboard/cache/page.tsx(478,25): error TS17004: Cannot use JSX unless the '--jsx' flag is provided.
src/ai-gateway/app/(dashboard)/dashboard/cache/page.tsx(479,27): error TS17004: Cannot use JSX unless the '--jsx' flag is provided.
src/ai-gateway/app/(dashboard)/dashboard/cache/page.tsx(480,27): error TS17004: Cannot use JSX unless the '--jsx' flag is provided.
src/ai-gateway/app/(dashboard)/dashboard/cache/page.tsx(487,33): error TS17004: Cannot use JSX unless the '--jsx' flag is provided.
src/ai-gateway/app/(dashboard)/dashboard/cache/page.tsx(488,35): error TS17004: Cannot use JSX unless the '--jsx' flag is provided.
src/ai-gateway/app/(dashboard)/dashboard/cache/page.tsx(489,37): error TS17004: Cannot use JSX unless the '--jsx' flag is provided.
src/ai-gateway/app/(dashboard)/dashboard/cache/page.tsx(492,37): error TS17004: Cannot use JSX unless the '--jsx' flag is provided.
src/ai-gateway/app/(dashboard)/dashboard/cache/page.tsx(496,35): error TS17004: Cannot use JSX unless the '--jsx' flag is provided.
src/ai-gateway/app/(dashboard)/dashboard/cache/page.tsx(497,37): error TS17004: Cannot use JSX unless the '--jsx' flag is provided.
src/ai-gateway/app/(dashboard)/dashboard/cache/page.tsx(502,35): error TS17004: Cannot use JSX unless the '--jsx' flag is provided.
src/ai-gateway/app/(dashboard)/dashboard/cache/page.tsx(503,37): error TS17004: Cannot use JSX unless the '--jsx' flag is provided.
src/ai-gateway/app/(dashboard)/dashboard/cache/page.tsx(506,37): error TS17004: Cannot use JSX unless the '--jsx' flag is provided.
src/ai-gateway/app/(dashboard)/dashboard/cache/page.tsx(520,23): error TS17004: Cannot use JSX unless the '--jsx' flag is provided.
src/ai-gateway/app/(dashboard)/dashboard/cache/page.tsx(521,25): error TS17004: Cannot use JSX unless the '--jsx' flag is provided.
src/ai-gateway/app/(dashboard)/dashboard/cache/page.tsx(524,25): error TS17004: Cannot use JSX unless the '--jsx' flag is provided.
src/ai-gateway/app/(dashboard)/dashboard/cache/page.tsx(525,27): error TS17004: Cannot use JSX unless the '--jsx' flag is provided.
src/ai-gateway/app/(dashboard)/dashboard/cache/page.tsx(526,29): error TS17004: Cannot use JSX unless the '--jsx' flag is provided.
src/ai-gateway/app/(dashboard)/dashboard/cache/page.tsx(527,31): error TS17004: Cannot use JSX unless the '--jsx' flag is provided.
src/ai-gateway/app/(dashboard)/dashboard/cache/page.tsx(528,33): error TS17004: Cannot use JSX unless the '--jsx' flag is provided.
src/ai-gateway/app/(dashboard)/dashboard/cache/page.tsx(529,33): error TS17004: Cannot use JSX unless the '--jsx' flag is provided.
src/ai-gateway/app/(dashboard)/dashboard/cache/page.tsx(530,33): error TS17004: Cannot use JSX unless the '--jsx' flag is provided.
src/ai-gateway/app/(dashboard)/dashboard/cache/page.tsx(531,33): error TS17004: Cannot use JSX unless the '--jsx' flag is provided.
src/ai-gateway/app/(dashboard)/dashboard/cache/page.tsx(532,33): error TS17004: Cannot use JSX unless the '--jsx' flag is provided.
src/ai-gateway/app/(dashboard)/dashboard/cache/page.tsx(535,29): error TS17004: Cannot use JSX unless the '--jsx' flag is provided.
src/ai-gateway/app/(dashboard)/dashboard/cache/page.tsx(537,33): error TS17004: Cannot use JSX unless the '--jsx' flag is provided.
src/ai-gateway/app/(dashboard)/dashboard/cache/page.tsx(538,35): error TS17004: Cannot use JSX unless the '--jsx' flag is provided.
src/ai-gateway/app/(dashboard)/dashboard/cache/page.tsx(539,35): error TS17004: Cannot use JSX unless the '--jsx' flag is provided.
src/ai-gateway/app/(dashboard)/dashboard/cache/page.tsx(542,35): error TS17004: Cannot use JSX unless the '--jsx' flag is provided.
src/ai-gateway/app/(dashboard)/dashboard/cache/page.tsx(545,35): error TS17004: Cannot use JSX unless the '--jsx' flag is provided.
src/ai-gateway/app/(dashboard)/dashboard/cache/page.tsx(548,35): error TS17004: Cannot use JSX unless the '--jsx' flag is provided.
src/ai-gateway/app/(dashboard)/dashboard/cache/page.tsx(564,17): error TS17004: Cannot use JSX unless the '--jsx' flag is provided.
src/ai-gateway/app/(dashboard)/dashboard/cache/page.tsx(565,19): error TS17004: Cannot use JSX unless the '--jsx' flag is provided.
src/ai-gateway/app/(dashboard)/dashboard/cache/page.tsx(566,21): error TS17004: Cannot use JSX unless the '--jsx' flag is provided.
src/ai-gateway/app/(dashboard)/dashboard/cache/page.tsx(567,23): error TS17004: Cannot use JSX unless the '--jsx' flag is provided.
src/ai-gateway/app/(dashboard)/dashboard/cache/page.tsx(573,23): error TS17004: Cannot use JSX unless the '--jsx' flag is provided.
src/ai-gateway/app/(dashboard)/dashboard/cache/page.tsx(575,21): error TS17004: Cannot use JSX unless the '--jsx' flag is provided.
src/ai-gateway/app/(dashboard)/dashboard/cache/page.tsx(588,27): error TS17004: Cannot use JSX unless the '--jsx' flag is provided.
src/ai-gateway/app/(dashboard)/dashboard/cache/page.tsx(592,29): error TS17004: Cannot use JSX unless the '--jsx' flag is provided.
src/ai-gateway/app/(dashboard)/dashboard/cache/page.tsx(596,29): error TS17004: Cannot use JSX unless the '--jsx' flag is provided.
src/ai-gateway/app/(dashboard)/dashboard/cache/page.tsx(597,31): error TS17004: Cannot use JSX unless the '--jsx' flag is provided.
src/ai-gateway/app/(dashboard)/dashboard/cache/page.tsx(601,31): error TS17004: Cannot use JSX unless the '--jsx' flag is provided.
src/ai-gateway/app/(dashboard)/dashboard/cache/page.tsx(606,29): error TS17004: Cannot use JSX unless the '--jsx' flag is provided.
src/ai-gateway/app/(dashboard)/dashboard/cache/page.tsx(613,21): error TS17004: Cannot use JSX unless the '--jsx' flag is provided.
src/ai-gateway/app/(dashboard)/dashboard/cache/page.tsx(614,23): error TS17004: Cannot use JSX unless the '--jsx' flag is provided.
src/ai-gateway/app/(dashboard)/dashboard/cache/page.tsx(615,25): error TS17004: Cannot use JSX unless the '--jsx' flag is provided.
src/ai-gateway/app/(dashboard)/dashboard/cache/page.tsx(616,25): error TS17004: Cannot use JSX unless the '--jsx' flag is provided.
src/ai-gateway/app/(dashboard)/dashboard/cache/page.tsx(618,23): error TS17004: Cannot use JSX unless the '--jsx' flag is provided.
src/ai-gateway/app/(dashboard)/dashboard/cache/page.tsx(619,25): error TS17004: Cannot use JSX unless the '--jsx' flag is provided.
src/ai-gateway/app/(dashboard)/dashboard/cache/page.tsx(620,25): error TS17004: Cannot use JSX unless the '--jsx' flag is provided.
src/ai-gateway/app/(dashboard)/dashboard/cache/page.tsx(628,15): error TS17004: Cannot use JSX unless the '--jsx' flag is provided.
src/ai-gateway/app/(dashboard)/dashboard/cache/page.tsx(629,17): error TS17004: Cannot use JSX unless the '--jsx' flag is provided.
src/ai-gateway/app/(dashboard)/dashboard/cache/page.tsx(630,19): error TS17004: Cannot use JSX unless the '--jsx' flag is provided.
src/ai-gateway/app/(dashboard)/dashboard/cache/page.tsx(631,19): error TS17004: Cannot use JSX unless the '--jsx' flag is provided.
src/ai-gateway/app/(dashboard)/dashboard/cache/page.tsx(632,21): error TS17004: Cannot use JSX unless the '--jsx' flag is provided.
src/ai-gateway/app/(dashboard)/dashboard/cache/page.tsx(633,21): error TS17004: Cannot use JSX unless the '--jsx' flag is provided.
src/ai-gateway/app/(dashboard)/dashboard/cache/page.tsx(636,27): error TS17004: Cannot use JSX unless the '--jsx' flag is provided.
src/ai-gateway/app/(dashboard)/dashboard/cache/page.tsx(642,21): error TS17004: Cannot use JSX unless the '--jsx' flag is provided.
src/ai-gateway/app/(dashboard)/dashboard/cache/page.tsx(643,21): error TS17004: Cannot use JSX unless the '--jsx' flag is provided.
src/ai-gateway/app/(dashboard)/dashboard/cache/page.tsx(646,27): error TS17004: Cannot use JSX unless the '--jsx' flag is provided.
src/ai-gateway/app/(dashboard)/dashboard/cache/page.tsx(657,15): error TS17004: Cannot use JSX unless the '--jsx' flag is provided.
src/ai-gateway/app/(dashboard)/dashboard/cache/page.tsx(658,17): error TS17004: Cannot use JSX unless the '--jsx' flag is provided.
src/ai-gateway/app/(dashboard)/dashboard/cache/page.tsx(659,19): error TS17004: Cannot use JSX unless the '--jsx' flag is provided.
src/ai-gateway/app/(dashboard)/dashboard/cache/page.tsx(660,21): error TS17004: Cannot use JSX unless the '--jsx' flag is provided.
src/ai-gateway/app/(dashboard)/dashboard/cache/page.tsx(666,21): error TS17004: Cannot use JSX unless the '--jsx' flag is provided.
src/ai-gateway/app/(dashboard)/dashboard/cache/page.tsx(668,19): error TS17004: Cannot use JSX unless the '--jsx' flag is provided.
src/ai-gateway/app/(dashboard)/dashboard/cache/page.tsx(669,21): error TS17004: Cannot use JSX unless the '--jsx' flag is provided.
src/ai-gateway/app/(dashboard)/dashboard/cache/page.tsx(670,23): error TS17004: Cannot use JSX unless the '--jsx' flag is provided.
src/ai-gateway/app/(dashboard)/dashboard/cache/page.tsx(673,23): error TS17004: Cannot use JSX unless the '--jsx' flag is provided.
src/ai-gateway/app/(dashboard)/dashboard/cache/page.tsx(675,21): error TS17004: Cannot use JSX unless the '--jsx' flag is provided.
src/ai-gateway/app/(dashboard)/dashboard/cache/page.tsx(676,23): error TS17004: Cannot use JSX unless the '--jsx' flag is provided.
src/ai-gateway/app/(dashboard)/dashboard/cache/page.tsx(679,23): error TS17004: Cannot use JSX unless the '--jsx' flag is provided.
src/ai-gateway/app/(dashboard)/dashboard/cli-tools/CLIToolsPageClient.tsx(4,36): error TS2307: Cannot find module '@/shared/components' or its corresponding type declarations.
src/ai-gateway/app/(dashboard)/dashboard/cli-tools/CLIToolsPageClient.tsx(5,27): error TS2307: Cannot find module '@/shared/constants/cliTools' or its corresponding type declarations.
src/ai-gateway/app/(dashboard)/dashboard/cli-tools/CLIToolsPageClient.tsx(10,8): error TS2307: Cannot find module '@/shared/constants/models' or its corresponding type declarations.
src/ai-gateway/app/(dashboard)/dashboard/cli-tools/CLIToolsPageClient.tsx(21,8): error TS6142: Module './components' was resolved to 'C:/TESTES DEV/1_PROJETOS_ATIVOS/Zavorth/src/ai-gateway/app/(dashboard)/dashboard/cli-tools/components/index.tsx', but '--jsx' is not set.
src/ai-gateway/app/(dashboard)/dashboard/cli-tools/CLIToolsPageClient.tsx(22,33): error TS2307: Cannot find module 'next-intl' or its corresponding type declarations.
src/ai-gateway/app/(dashboard)/dashboard/cli-tools/CLIToolsPageClient.tsx(26,46): error TS7031: Binding element 'machineId' implicitly has an 'any' type.
src/ai-gateway/app/(dashboard)/dashboard/cli-tools/CLIToolsPageClient.tsx(38,6): error TS7006: Parameter 'key' implicitly has an 'any' type.
src/ai-gateway/app/(dashboard)/dashboard/cli-tools/CLIToolsPageClient.tsx(38,11): error TS7006: Parameter 'fallback' implicitly has an 'any' type.
src/ai-gateway/app/(dashboard)/dashboard/cli-tools/CLIToolsPageClient.tsx(125,40): error TS2339: Property 'isActive' does not exist on type 'never'.
src/ai-gateway/app/(dashboard)/dashboard/cli-tools/CLIToolsPageClient.tsx(130,11): error TS7034: Variable 'models' implicitly has type 'any[]' in some locations where its type cannot be determined.
src/ai-gateway/app/(dashboard)/dashboard/cli-tools/CLIToolsPageClient.tsx(135,47): error TS2339: Property 'provider' does not exist on type 'never'.
src/ai-gateway/app/(dashboard)/dashboard/cli-tools/CLIToolsPageClient.tsx(135,65): error TS2339: Property 'provider' does not exist on type 'never'.
src/ai-gateway/app/(dashboard)/dashboard/cli-tools/CLIToolsPageClient.tsx(136,57): error TS2339: Property 'provider' does not exist on type 'never'.
src/ai-gateway/app/(dashboard)/dashboard/cli-tools/CLIToolsPageClient.tsx(137,31): error TS7006: Parameter 'm' implicitly has an 'any' type.
src/ai-gateway/app/(dashboard)/dashboard/cli-tools/CLIToolsPageClient.tsx(144,28): error TS2339: Property 'provider' does not exist on type 'never'.
src/ai-gateway/app/(dashboard)/dashboard/cli-tools/CLIToolsPageClient.tsx(146,34): error TS2339: Property 'name' does not exist on type 'never'.
src/ai-gateway/app/(dashboard)/dashboard/cli-tools/CLIToolsPageClient.tsx(154,68): error TS2339: Property 'provider' does not exist on type 'never'.
src/ai-gateway/app/(dashboard)/dashboard/cli-tools/CLIToolsPageClient.tsx(156,57): error TS2339: Property 'provider' does not exist on type 'never'.
src/ai-gateway/app/(dashboard)/dashboard/cli-tools/CLIToolsPageClient.tsx(156,72): error TS2339: Property 'provider' does not exist on type 'never'.
src/ai-gateway/app/(dashboard)/dashboard/cli-tools/CLIToolsPageClient.tsx(159,26): error TS2339: Property 'id' does not exist on type 'never'.
src/ai-gateway/app/(dashboard)/dashboard/cli-tools/CLIToolsPageClient.tsx(178,12): error TS7005: Variable 'models' implicitly has an 'any[]' type.
src/ai-gateway/app/(dashboard)/dashboard/cli-tools/CLIToolsPageClient.tsx(181,49): error TS7006: Parameter 'toolId' implicitly has an 'any' type.
src/ai-gateway/app/(dashboard)/dashboard/cli-tools/CLIToolsPageClient.tsx(181,57): error TS7006: Parameter 'modelAlias' implicitly has an 'any' type.
src/ai-gateway/app/(dashboard)/dashboard/cli-tools/CLIToolsPageClient.tsx(181,69): error TS7006: Parameter 'targetModel' implicitly has an 'any' type.
src/ai-gateway/app/(dashboard)/dashboard/cli-tools/CLIToolsPageClient.tsx(184,11): error TS7053: Element implicitly has an 'any' type because expression of type 'any' can't be used to index type '{}'.
src/ai-gateway/app/(dashboard)/dashboard/cli-tools/CLIToolsPageClient.tsx(190,14): error TS7053: Element implicitly has an 'any' type because expression of type 'any' can't be used to index type '{}'.
src/ai-gateway/app/(dashboard)/dashboard/cli-tools/CLIToolsPageClient.tsx(211,7): error TS17004: Cannot use JSX unless the '--jsx' flag is provided.
src/ai-gateway/app/(dashboard)/dashboard/cli-tools/CLIToolsPageClient.tsx(212,9): error TS17004: Cannot use JSX unless the '--jsx' flag is provided.
src/ai-gateway/app/(dashboard)/dashboard/cli-tools/CLIToolsPageClient.tsx(213,11): error TS17004: Cannot use JSX unless the '--jsx' flag is provided.
src/ai-gateway/app/(dashboard)/dashboard/cli-tools/CLIToolsPageClient.tsx(214,11): error TS17004: Cannot use JSX unless the '--jsx' flag is provided.
src/ai-gateway/app/(dashboard)/dashboard/cli-tools/CLIToolsPageClient.tsx(215,11): error TS17004: Cannot use JSX unless the '--jsx' flag is provided.
src/ai-gateway/app/(dashboard)/dashboard/cli-tools/CLIToolsPageClient.tsx(226,27): error TS7006: Parameter 'toolId' implicitly has an 'any' type.
src/ai-gateway/app/(dashboard)/dashboard/cli-tools/CLIToolsPageClient.tsx(226,35): error TS7006: Parameter 'tool' implicitly has an 'any' type.
src/ai-gateway/app/(dashboard)/dashboard/cli-tools/CLIToolsPageClient.tsx(233,20): error TS7053: Element implicitly has an 'any' type because expression of type 'any' can't be used to index type '{}'.
src/ai-gateway/app/(dashboard)/dashboard/cli-tools/CLIToolsPageClient.tsx(234,25): error TS7053: Element implicitly has an 'any' type because expression of type 'any' can't be used to index type '{}'.
src/ai-gateway/app/(dashboard)/dashboard/cli-tools/CLIToolsPageClient.tsx(240,11): error TS17004: Cannot use JSX unless the '--jsx' flag is provided.
src/ai-gateway/app/(dashboard)/dashboard/cli-tools/CLIToolsPageClient.tsx(244,28): error TS7053: Element implicitly has an 'any' type because expression of type 'any' can't be used to index type '{}'.
src/ai-gateway/app/(dashboard)/dashboard/cli-tools/CLIToolsPageClient.tsx(245,36): error TS7006: Parameter 'alias' implicitly has an 'any' type.
src/ai-gateway/app/(dashboard)/dashboard/cli-tools/CLIToolsPageClient.tsx(245,43): error TS7006: Parameter 'target' implicitly has an 'any' type.
src/ai-gateway/app/(dashboard)/dashboard/cli-tools/CLIToolsPageClient.tsx(254,11): error TS17004: Cannot use JSX unless the '--jsx' flag is provided.
src/ai-gateway/app/(dashboard)/dashboard/cli-tools/CLIToolsPageClient.tsx(263,11): error TS17004: Cannot use JSX unless the '--jsx' flag is provided.
src/ai-gateway/app/(dashboard)/dashboard/cli-tools/CLIToolsPageClient.tsx(273,11): error TS17004: Cannot use JSX unless the '--jsx' flag is provided.
src/ai-gateway/app/(dashboard)/dashboard/cli-tools/CLIToolsPageClient.tsx(283,11): error TS17004: Cannot use JSX unless the '--jsx' flag is provided.
src/ai-gateway/app/(dashboard)/dashboard/cli-tools/CLIToolsPageClient.tsx(293,11): error TS17004: Cannot use JSX unless the '--jsx' flag is provided.
src/ai-gateway/app/(dashboard)/dashboard/cli-tools/CLIToolsPageClient.tsx(303,11): error TS17004: Cannot use JSX unless the '--jsx' flag is provided.
src/ai-gateway/app/(dashboard)/dashboard/cli-tools/CLIToolsPageClient.tsx(313,11): error TS17004: Cannot use JSX unless the '--jsx' flag is provided.
src/ai-gateway/app/(dashboard)/dashboard/cli-tools/CLIToolsPageClient.tsx(316,13): error TS2322: Type '{ activeProviders: never[]; hasActiveProviders: boolean; cloudEnabled: boolean; tool: any; isExpanded: boolean; onToggle: () => void; baseUrl: string; apiKeys: never[]; batchStatus: any; lastConfiguredAt: any; key: any; }' is not assignable to type 'IntrinsicAttributes & { tool: any; isExpanded: any; onToggle: any; baseUrl: any; apiKeys: any; cloudEnabled?: boolean | undefined; }'.
  Property 'activeProviders' does not exist on type 'IntrinsicAttributes & { tool: any; isExpanded: any; onToggle: any; baseUrl: any; apiKeys: any; cloudEnabled?: boolean | undefined; }'.
src/ai-gateway/app/(dashboard)/dashboard/cli-tools/CLIToolsPageClient.tsx(325,13): error TS17004: Cannot use JSX unless the '--jsx' flag is provided.
src/ai-gateway/app/(dashboard)/dashboard/cli-tools/CLIToolsPageClient.tsx(335,11): error TS17004: Cannot use JSX unless the '--jsx' flag is provided.
src/ai-gateway/app/(dashboard)/dashboard/cli-tools/CLIToolsPageClient.tsx(346,28): error TS7006: Parameter 'toolId' implicitly has an 'any' type.
src/ai-gateway/app/(dashboard)/dashboard/cli-tools/CLIToolsPageClient.tsx(346,36): error TS7006: Parameter 'tool' implicitly has an 'any' type.
src/ai-gateway/app/(dashboard)/dashboard/cli-tools/CLIToolsPageClient.tsx(353,27): error TS7006: Parameter 'toolId' implicitly has an 'any' type.
src/ai-gateway/app/(dashboard)/dashboard/cli-tools/CLIToolsPageClient.tsx(353,35): error TS7006: Parameter 'tool' implicitly has an 'any' type.
src/ai-gateway/app/(dashboard)/dashboard/cli-tools/CLIToolsPageClient.tsx(359,5): error TS17004: Cannot use JSX unless the '--jsx' flag is provided.
src/ai-gateway/app/(dashboard)/dashboard/cli-tools/CLIToolsPageClient.tsx(360,7): error TS17004: Cannot use JSX unless the '--jsx' flag is provided.
src/ai-gateway/app/(dashboard)/dashboard/cli-tools/CLIToolsPageClient.tsx(361,9): error TS17004: Cannot use JSX unless the '--jsx' flag is provided.
src/ai-gateway/app/(dashboard)/dashboard/cli-tools/CLIToolsPageClient.tsx(362,11): error TS17004: Cannot use JSX unless the '--jsx' flag is provided.
src/ai-gateway/app/(dashboard)/dashboard/cli-tools/CLIToolsPageClient.tsx(363,11): error TS17004: Cannot use JSX unless the '--jsx' flag is provided.
src/ai-gateway/app/(dashboard)/dashboard/cli-tools/CLIToolsPageClient.tsx(364,11): error TS17004: Cannot use JSX unless the '--jsx' flag is provided.
src/ai-gateway/app/(dashboard)/dashboard/cli-tools/CLIToolsPageClient.tsx(365,13): error TS17004: Cannot use JSX unless the '--jsx' flag is provided.
src/ai-gateway/app/(dashboard)/dashboard/cli-tools/CLIToolsPageClient.tsx(366,15): error TS17004: Cannot use JSX unless the '--jsx' flag is provided.
src/ai-gateway/app/(dashboard)/dashboard/cli-tools/CLIToolsPageClient.tsx(367,17): error TS17004: Cannot use JSX unless the '--jsx' flag is provided.
src/ai-gateway/app/(dashboard)/dashboard/cli-tools/CLIToolsPageClient.tsx(370,15): error TS17004: Cannot use JSX unless the '--jsx' flag is provided.
src/ai-gateway/app/(dashboard)/dashboard/cli-tools/CLIToolsPageClient.tsx(373,15): error TS17004: Cannot use JSX unless the '--jsx' flag is provided.
src/ai-gateway/app/(dashboard)/dashboard/cli-tools/CLIToolsPageClient.tsx(380,13): error TS17004: Cannot use JSX unless the '--jsx' flag is provided.
src/ai-gateway/app/(dashboard)/dashboard/cli-tools/CLIToolsPageClient.tsx(381,15): error TS17004: Cannot use JSX unless the '--jsx' flag is provided.
src/ai-gateway/app/(dashboard)/dashboard/cli-tools/CLIToolsPageClient.tsx(382,17): error TS17004: Cannot use JSX unless the '--jsx' flag is provided.
src/ai-gateway/app/(dashboard)/dashboard/cli-tools/CLIToolsPageClient.tsx(383,17): error TS17004: Cannot use JSX unless the '--jsx' flag is provided.
src/ai-gateway/app/(dashboard)/dashboard/cli-tools/CLIToolsPageClient.tsx(385,15): error TS17004: Cannot use JSX unless the '--jsx' flag is provided.
src/ai-gateway/app/(dashboard)/dashboard/cli-tools/CLIToolsPageClient.tsx(386,17): error TS17004: Cannot use JSX unless the '--jsx' flag is provided.
src/ai-gateway/app/(dashboard)/dashboard/cli-tools/CLIToolsPageClient.tsx(389,17): error TS17004: Cannot use JSX unless the '--jsx' flag is provided.
src/ai-gateway/app/(dashboard)/dashboard/cli-tools/CLIToolsPageClient.tsx(391,15): error TS17004: Cannot use JSX unless the '--jsx' flag is provided.
src/ai-gateway/app/(dashboard)/dashboard/cli-tools/CLIToolsPageClient.tsx(392,17): error TS17004: Cannot use JSX unless the '--jsx' flag is provided.
src/ai-gateway/app/(dashboard)/dashboard/cli-tools/CLIToolsPageClient.tsx(395,17): error TS17004: Cannot use JSX unless the '--jsx' flag is provided.
src/ai-gateway/app/(dashboard)/dashboard/cli-tools/CLIToolsPageClient.tsx(399,11): error TS17004: Cannot use JSX unless the '--jsx' flag is provided.
src/ai-gateway/app/(dashboard)/dashboard/cli-tools/CLIToolsPageClient.tsx(400,13): error TS17004: Cannot use JSX unless the '--jsx' flag is provided.
src/ai-gateway/app/(dashboard)/dashboard/cli-tools/CLIToolsPageClient.tsx(401,15): error TS17004: Cannot use JSX unless the '--jsx' flag is provided.
src/ai-gateway/app/(dashboard)/dashboard/cli-tools/CLIToolsPageClient.tsx(404,13): error TS17004: Cannot use JSX unless the '--jsx' flag is provided.
src/ai-gateway/app/(dashboard)/dashboard/cli-tools/CLIToolsPageClient.tsx(405,15): error TS17004: Cannot use JSX unless the '--jsx' flag is provided.
src/ai-gateway/app/(dashboard)/dashboard/cli-tools/CLIToolsPageClient.tsx(408,13): error TS17004: Cannot use JSX unless the '--jsx' flag is provided.
src/ai-gateway/app/(dashboard)/dashboard/cli-tools/CLIToolsPageClient.tsx(409,15): error TS17004: Cannot use JSX unless the '--jsx' flag is provided.
src/ai-gateway/app/(dashboard)/dashboard/cli-tools/CLIToolsPageClient.tsx(417,9): error TS17004: Cannot use JSX unless the '--jsx' flag is provided.
src/ai-gateway/app/(dashboard)/dashboard/cli-tools/CLIToolsPageClient.tsx(418,11): error TS17004: Cannot use JSX unless the '--jsx' flag is provided.
src/ai-gateway/app/(dashboard)/dashboard/cli-tools/CLIToolsPageClient.tsx(419,13): error TS17004: Cannot use JSX unless the '--jsx' flag is provided.
src/ai-gateway/app/(dashboard)/dashboard/cli-tools/CLIToolsPageClient.tsx(420,13): error TS17004: Cannot use JSX unless the '--jsx' flag is provided.
src/ai-gateway/app/(dashboard)/dashboard/cli-tools/CLIToolsPageClient.tsx(421,15): error TS17004: Cannot use JSX unless the '--jsx' flag is provided.
src/ai-gateway/app/(dashboard)/dashboard/cli-tools/CLIToolsPageClient.tsx(424,15): error TS17004: Cannot use JSX unless the '--jsx' flag is provided.
src/ai-gateway/app/(dashboard)/dashboard/cli-tools/CLIToolsPageClient.tsx(430,7): error TS17004: Cannot use JSX unless the '--jsx' flag is provided.
src/ai-gateway/app/(dashboard)/dashboard/cli-tools/CLIToolsPageClient.tsx(435,13): error TS17004: Cannot use JSX unless the '--jsx' flag is provided.
src/ai-gateway/app/(dashboard)/dashboard/cli-tools/CLIToolsPageClient.tsx(437,15): error TS17004: Cannot use JSX unless the '--jsx' flag is provided.
src/ai-gateway/app/(dashboard)/dashboard/cli-tools/CLIToolsPageClient.tsx(438,17): error TS17004: Cannot use JSX unless the '--jsx' flag is provided.
src/ai-gateway/app/(dashboard)/dashboard/cli-tools/CLIToolsPageClient.tsx(439,19): error TS17004: Cannot use JSX unless the '--jsx' flag is provided.
src/ai-gateway/app/(dashboard)/dashboard/cli-tools/CLIToolsPageClient.tsx(440,21): error TS17004: Cannot use JSX unless the '--jsx' flag is provided.
src/ai-gateway/app/(dashboard)/dashboard/cli-tools/CLIToolsPageClient.tsx(443,21): error TS17004: Cannot use JSX unless the '--jsx' flag is provided.
src/ai-gateway/app/(dashboard)/dashboard/cli-tools/CLIToolsPageClient.tsx(447,19): error TS17004: Cannot use JSX unless the '--jsx' flag is provided.
src/ai-gateway/app/(dashboard)/dashboard/cli-tools/CLIToolsPageClient.tsx(453,21): error TS17004: Cannot use JSX unless the '--jsx' flag is provided.
src/ai-gateway/app/(dashboard)/dashboard/cli-tools/components/ClaudeToolCard.tsx(4,61): error TS2307: Cannot find module '@/shared/components' or its corresponding type declarations.
src/ai-gateway/app/(dashboard)/dashboard/cli-tools/components/ClaudeToolCard.tsx(5,33): error TS2307: Cannot find module 'next-intl' or its corresponding type declarations.
src/ai-gateway/app/(dashboard)/dashboard/cli-tools/components/ClaudeToolCard.tsx(6,28): error TS6142: Module './CliStatusBadge' was resolved to 'C:/TESTES DEV/1_PROJETOS_ATIVOS/Zavorth/src/ai-gateway/app/(dashboard)/dashboard/cli-tools/components/CliStatusBadge.tsx', but '--jsx' is not set.
src/ai-gateway/app/(dashboard)/dashboard/cli-tools/components/ClaudeToolCard.tsx(12,8): error TS6142: Module './CliToolCardFrame' was resolved to 'C:/TESTES DEV/1_PROJETOS_ATIVOS/Zavorth/src/ai-gateway/app/(dashboard)/dashboard/cli-tools/components/CliToolCardFrame.tsx', but '--jsx' is not set.
src/ai-gateway/app/(dashboard)/dashboard/cli-tools/components/ClaudeToolCard.tsx(24,3): error TS7031: Binding element 'tool' implicitly has an 'any' type.
src/ai-gateway/app/(dashboard)/dashboard/cli-tools/components/ClaudeToolCard.tsx(25,3): error TS7031: Binding element 'isExpanded' implicitly has an 'any' type.
src/ai-gateway/app/(dashboard)/dashboard/cli-tools/components/ClaudeToolCard.tsx(26,3): error TS7031: Binding element 'onToggle' implicitly has an 'any' type.
src/ai-gateway/app/(dashboard)/dashboard/cli-tools/components/ClaudeToolCard.tsx(27,3): error TS7031: Binding element 'activeProviders' implicitly has an 'any' type.
src/ai-gateway/app/(dashboard)/dashboard/cli-tools/components/ClaudeToolCard.tsx(28,3): error TS7031: Binding element 'modelMappings' implicitly has an 'any' type.
src/ai-gateway/app/(dashboard)/dashboard/cli-tools/components/ClaudeToolCard.tsx(29,3): error TS7031: Binding element 'onModelMappingChange' implicitly has an 'any' type.
src/ai-gateway/app/(dashboard)/dashboard/cli-tools/components/ClaudeToolCard.tsx(30,3): error TS7031: Binding element 'baseUrl' implicitly has an 'any' type.
src/ai-gateway/app/(dashboard)/dashboard/cli-tools/components/ClaudeToolCard.tsx(31,3): error TS7031: Binding element 'hasActiveProviders' implicitly has an 'any' type.
src/ai-gateway/app/(dashboard)/dashboard/cli-tools/components/ClaudeToolCard.tsx(32,3): error TS7031: Binding element 'apiKeys' implicitly has an 'any' type.
src/ai-gateway/app/(dashboard)/dashboard/cli-tools/components/ClaudeToolCard.tsx(33,3): error TS7031: Binding element 'cloudEnabled' implicitly has an 'any' type.
src/ai-gateway/app/(dashboard)/dashboard/cli-tools/components/ClaudeToolCard.tsx(34,3): error TS7031: Binding element 'batchStatus' implicitly has an 'any' type.
src/ai-gateway/app/(dashboard)/dashboard/cli-tools/components/ClaudeToolCard.tsx(35,3): error TS7031: Binding element 'lastConfiguredAt' implicitly has an 'any' type.
src/ai-gateway/app/(dashboard)/dashboard/cli-tools/components/ClaudeToolCard.tsx(39,6): error TS7006: Parameter 'key' implicitly has an 'any' type.
src/ai-gateway/app/(dashboard)/dashboard/cli-tools/components/ClaudeToolCard.tsx(39,11): error TS7006: Parameter 'fallback' implicitly has an 'any' type.
src/ai-gateway/app/(dashboard)/dashboard/cli-tools/components/ClaudeToolCard.tsx(64,37): error TS2339: Property 'installed' does not exist on type 'never'.
src/ai-gateway/app/(dashboard)/dashboard/cli-tools/components/ClaudeToolCard.tsx(64,64): error TS2339: Property 'runnable' does not exist on type 'never'.
src/ai-gateway/app/(dashboard)/dashboard/cli-tools/components/ClaudeToolCard.tsx(68,37): error TS2339: Property 'settings' does not exist on type 'never'.
src/ai-gateway/app/(dashboard)/dashboard/cli-tools/components/ClaudeToolCard.tsx(94,24): error TS2339: Property 'installed' does not exist on type 'never'.
src/ai-gateway/app/(dashboard)/dashboard/cli-tools/components/ClaudeToolCard.tsx(97,30): error TS2339: Property 'settings' does not exist on type 'never'.
src/ai-gateway/app/(dashboard)/dashboard/cli-tools/components/ClaudeToolCard.tsx(99,41): error TS7006: Parameter 'model' implicitly has an 'any' type.
src/ai-gateway/app/(dashboard)/dashboard/cli-tools/components/ClaudeToolCard.tsx(109,41): error TS7006: Parameter 'key' implicitly has an 'any' type.
src/ai-gateway/app/(dashboard)/dashboard/cli-tools/components/ClaudeToolCard.tsx(131,25): error TS2353: Object literal may only specify known properties, and 'installed' does not exist in type '(prevState: null) => null'.
src/ai-gateway/app/(dashboard)/dashboard/cli-tools/components/ClaudeToolCard.tsx(131,50): error TS18046: 'error' is of type 'unknown'.
src/ai-gateway/app/(dashboard)/dashboard/cli-tools/components/ClaudeToolCard.tsx(151,40): error TS7006: Parameter 'key' implicitly has an 'any' type.
src/ai-gateway/app/(dashboard)/dashboard/cli-tools/components/ClaudeToolCard.tsx(167,43): error TS7006: Parameter 'model' implicitly has an 'any' type.
src/ai-gateway/app/(dashboard)/dashboard/cli-tools/components/ClaudeToolCard.tsx(183,22): error TS2353: Object literal may only specify known properties, and 'type' does not exist in type '(prevState: null) => null'.
src/ai-gateway/app/(dashboard)/dashboard/cli-tools/components/ClaudeToolCard.tsx(185,11): error TS2698: Spread types may only be created from object types.
src/ai-gateway/app/(dashboard)/dashboard/cli-tools/components/ClaudeToolCard.tsx(187,32): error TS2339: Property 'settings' does not exist on type 'never'.
src/ai-gateway/app/(dashboard)/dashboard/cli-tools/components/ClaudeToolCard.tsx(192,11): error TS2353: Object literal may only specify known properties, and 'type' does not exist in type '(prevState: null) => null'.
src/ai-gateway/app/(dashboard)/dashboard/cli-tools/components/ClaudeToolCard.tsx(197,20): error TS2353: Object literal may only specify known properties, and 'type' does not exist in type '(prevState: null) => null'.
src/ai-gateway/app/(dashboard)/dashboard/cli-tools/components/ClaudeToolCard.tsx(197,41): error TS18046: 'error' is of type 'unknown'.
src/ai-gateway/app/(dashboard)/dashboard/cli-tools/components/ClaudeToolCard.tsx(210,22): error TS2353: Object literal may only specify known properties, and 'type' does not exist in type '(prevState: null) => null'.
src/ai-gateway/app/(dashboard)/dashboard/cli-tools/components/ClaudeToolCard.tsx(211,45): error TS7006: Parameter 'model' implicitly has an 'any' type.
src/ai-gateway/app/(dashboard)/dashboard/cli-tools/components/ClaudeToolCard.tsx(219,11): error TS2353: Object literal may only specify known properties, and 'type' does not exist in type '(prevState: null) => null'.
src/ai-gateway/app/(dashboard)/dashboard/cli-tools/components/ClaudeToolCard.tsx(224,20): error TS2353: Object literal may only specify known properties, and 'type' does not exist in type '(prevState: null) => null'.
src/ai-gateway/app/(dashboard)/dashboard/cli-tools/components/ClaudeToolCard.tsx(224,41): error TS18046: 'error' is of type 'unknown'.
src/ai-gateway/app/(dashboard)/dashboard/cli-tools/components/ClaudeToolCard.tsx(230,38): error TS7006: Parameter 'backupId' implicitly has an 'any' type.
src/ai-gateway/app/(dashboard)/dashboard/cli-tools/components/ClaudeToolCard.tsx(241,22): error TS2353: Object literal may only specify known properties, and 'type' does not exist in type '(prevState: null) => null'.
src/ai-gateway/app/(dashboard)/dashboard/cli-tools/components/ClaudeToolCard.tsx(246,11): error TS2353: Object literal may only specify known properties, and 'type' does not exist in type '(prevState: null) => null'.
src/ai-gateway/app/(dashboard)/dashboard/cli-tools/components/ClaudeToolCard.tsx(251,20): error TS2353: Object literal may only specify known properties, and 'type' does not exist in type '(prevState: null) => null'.
src/ai-gateway/app/(dashboard)/dashboard/cli-tools/components/ClaudeToolCard.tsx(251,41): error TS18046: 'error' is of type 'unknown'.
src/ai-gateway/app/(dashboard)/dashboard/cli-tools/components/ClaudeToolCard.tsx(257,30): error TS7006: Parameter 'alias' implicitly has an 'any' type.
src/ai-gateway/app/(dashboard)/dashboard/cli-tools/components/ClaudeToolCard.tsx(262,30): error TS7006: Parameter 'model' implicitly has an 'any' type.
src/ai-gateway/app/(dashboard)/dashboard/cli-tools/components/ClaudeToolCard.tsx(272,41): error TS7006: Parameter 'model' implicitly has an 'any' type.
src/ai-gateway/app/(dashboard)/dashboard/cli-tools/components/ClaudeToolCard.tsx(274,40): error TS7053: Element implicitly has an 'any' type because expression of type 'any' can't be used to index type '{ ANTHROPIC_BASE_URL: string; ANTHROPIC_AUTH_TOKEN: any; }'.
src/ai-gateway/app/(dashboard)/dashboard/cli-tools/components/ClaudeToolCard.tsx(288,9): error TS17004: Cannot use JSX unless the '--jsx' flag is provided.
src/ai-gateway/app/(dashboard)/dashboard/cli-tools/components/ClaudeToolCard.tsx(291,72): error TS2345: Argument of type '{ tool: string; }' is not assignable to parameter of type 'undefined'.
src/ai-gateway/app/(dashboard)/dashboard/cli-tools/components/ClaudeToolCard.tsx(293,11): error TS17004: Cannot use JSX unless the '--jsx' flag is provided.
src/ai-gateway/app/(dashboard)/dashboard/cli-tools/components/ClaudeToolCard.tsx(307,9): error TS17004: Cannot use JSX unless the '--jsx' flag is provided.
src/ai-gateway/app/(dashboard)/dashboard/cli-tools/components/ClaudeToolCard.tsx(311,26): error TS2339: Property 'installed' does not exist on type 'never'.
src/ai-gateway/app/(dashboard)/dashboard/cli-tools/components/ClaudeToolCard.tsx(312,81): error TS2345: Argument of type '{ tool: string; }' is not assignable to parameter of type 'undefined'.
src/ai-gateway/app/(dashboard)/dashboard/cli-tools/components/ClaudeToolCard.tsx(313,83): error TS2345: Argument of type '{ tool: string; }' is not assignable to parameter of type 'undefined'.
src/ai-gateway/app/(dashboard)/dashboard/cli-tools/components/ClaudeToolCard.tsx(316,11): error TS17004: Cannot use JSX unless the '--jsx' flag is provided.
src/ai-gateway/app/(dashboard)/dashboard/cli-tools/components/ClaudeToolCard.tsx(317,27): error TS2339: Property 'installed' does not exist on type 'never'.
src/ai-gateway/app/(dashboard)/dashboard/cli-tools/components/ClaudeToolCard.tsx(321,34): error TS2339: Property 'reason' does not exist on type 'never'.
src/ai-gateway/app/(dashboard)/dashboard/cli-tools/components/ClaudeToolCard.tsx(321,61): error TS2339: Property 'reason' does not exist on type 'never'.
src/ai-gateway/app/(dashboard)/dashboard/cli-tools/components/ClaudeToolCard.tsx(323,19): error TS2345: Argument of type '{ tool: string; reason: string; }' is not assignable to parameter of type 'undefined'.
src/ai-gateway/app/(dashboard)/dashboard/cli-tools/components/ClaudeToolCard.tsx(323,58): error TS2339: Property 'reason' does not exist on type 'never'.
src/ai-gateway/app/(dashboard)/dashboard/cli-tools/components/ClaudeToolCard.tsx(323,85): error TS2339: Property 'reason' does not exist on type 'never'.
src/ai-gateway/app/(dashboard)/dashboard/cli-tools/components/ClaudeToolCard.tsx(328,19): error TS2345: Argument of type '{ tool: string; }' is not assignable to parameter of type 'undefined'.
src/ai-gateway/app/(dashboard)/dashboard/cli-tools/components/ClaudeToolCard.tsx(336,7): error TS17004: Cannot use JSX unless the '--jsx' flag is provided.
src/ai-gateway/app/(dashboard)/dashboard/cli-tools/components/ClaudeToolCard.tsx(345,9): error TS17004: Cannot use JSX unless the '--jsx' flag is provided.
src/ai-gateway/app/(dashboard)/dashboard/cli-tools/components/ClaudeToolCard.tsx(346,25): error TS2339: Property 'commandPath' does not exist on type 'never'.
src/ai-gateway/app/(dashboard)/dashboard/cli-tools/components/ClaudeToolCard.tsx(347,13): error TS17004: Cannot use JSX unless the '--jsx' flag is provided.
src/ai-gateway/app/(dashboard)/dashboard/cli-tools/components/ClaudeToolCard.tsx(348,15): error TS17004: Cannot use JSX unless the '--jsx' flag is provided.
src/ai-gateway/app/(dashboard)/dashboard/cli-tools/components/ClaudeToolCard.tsx(348,35): error TS2339: Property 'commandPath' does not exist on type 'never'.
src/ai-gateway/app/(dashboard)/dashboard/cli-tools/components/ClaudeToolCard.tsx(351,25): error TS2339: Property 'settings' does not exist on type 'never'.
src/ai-gateway/app/(dashboard)/dashboard/cli-tools/components/ClaudeToolCard.tsx(352,13): error TS17004: Cannot use JSX unless the '--jsx' flag is provided.
src/ai-gateway/app/(dashboard)/dashboard/cli-tools/components/ClaudeToolCard.tsx(353,15): error TS17004: Cannot use JSX unless the '--jsx' flag is provided.
src/ai-gateway/app/(dashboard)/dashboard/cli-tools/components/ClaudeToolCard.tsx(353,35): error TS2339: Property 'settings' does not exist on type 'never'.
src/ai-gateway/app/(dashboard)/dashboard/cli-tools/components/ClaudeToolCard.tsx(362,5): error TS17004: Cannot use JSX unless the '--jsx' flag is provided.
src/ai-gateway/app/(dashboard)/dashboard/cli-tools/components/ClaudeToolCard.tsx(363,7): error TS17004: Cannot use JSX unless the '--jsx' flag is provided.
src/ai-gateway/app/(dashboard)/dashboard/cli-tools/components/ClaudeToolCard.tsx(371,11): error TS17004: Cannot use JSX unless the '--jsx' flag is provided.
src/ai-gateway/app/(dashboard)/dashboard/cli-tools/components/ClaudeToolCard.tsx(378,11): error TS17004: Cannot use JSX unless the '--jsx' flag is provided.
src/ai-gateway/app/(dashboard)/dashboard/cli-tools/components/ClaudeToolCard.tsx(379,13): error TS17004: Cannot use JSX unless the '--jsx' flag is provided.
src/ai-gateway/app/(dashboard)/dashboard/cli-tools/components/ClaudeToolCard.tsx(380,13): error TS17004: Cannot use JSX unless the '--jsx' flag is provided.
src/ai-gateway/app/(dashboard)/dashboard/cli-tools/components/ClaudeToolCard.tsx(386,9): error TS17004: Cannot use JSX unless the '--jsx' flag is provided.
src/ai-gateway/app/(dashboard)/dashboard/cli-tools/components/ClaudeToolCard.tsx(397,13): error TS17004: Cannot use JSX unless the '--jsx' flag is provided.
src/ai-gateway/app/(dashboard)/dashboard/cli-tools/components/ClaudeToolCard.tsx(398,15): error TS17004: Cannot use JSX unless the '--jsx' flag is provided.
src/ai-gateway/app/(dashboard)/dashboard/cli-tools/components/ClaudeToolCard.tsx(410,17): error TS17004: Cannot use JSX unless the '--jsx' flag is provided.
src/ai-gateway/app/(dashboard)/dashboard/cli-tools/components/ClaudeToolCard.tsx(411,19): error TS17004: Cannot use JSX unless the '--jsx' flag is provided.
src/ai-gateway/app/(dashboard)/dashboard/cli-tools/components/ClaudeToolCard.tsx(414,19): error TS17004: Cannot use JSX unless the '--jsx' flag is provided.
src/ai-gateway/app/(dashboard)/dashboard/cli-tools/components/ClaudeToolCard.tsx(417,19): error TS17004: Cannot use JSX unless the '--jsx' flag is provided.
src/ai-gateway/app/(dashboard)/dashboard/cli-tools/components/ClaudeToolCard.tsx(419,21): error TS17004: Cannot use JSX unless the '--jsx' flag is provided.
src/ai-gateway/app/(dashboard)/dashboard/cli-tools/components/ClaudeToolCard.tsx(429,11): error TS17004: Cannot use JSX unless the '--jsx' flag is provided.
src/ai-gateway/app/(dashboard)/dashboard/cli-tools/components/ClaudeToolCard.tsx(430,13): error TS17004: Cannot use JSX unless the '--jsx' flag is provided.
src/ai-gateway/app/(dashboard)/dashboard/cli-tools/components/ClaudeToolCard.tsx(438,15): error TS17004: Cannot use JSX unless the '--jsx' flag is provided.
src/ai-gateway/app/(dashboard)/dashboard/cli-tools/components/ClaudeToolCard.tsx(442,17): error TS17004: Cannot use JSX unless the '--jsx' flag is provided.
src/ai-gateway/app/(dashboard)/dashboard/cli-tools/components/ClaudeToolCard.tsx(443,19): error TS17004: Cannot use JSX unless the '--jsx' flag is provided.
src/ai-gateway/app/(dashboard)/dashboard/cli-tools/components/ClaudeToolCard.tsx(451,21): error TS17004: Cannot use JSX unless the '--jsx' flag is provided.
src/ai-gateway/app/(dashboard)/dashboard/cli-tools/components/ClaudeToolCard.tsx(463,15): error TS17004: Cannot use JSX unless the '--jsx' flag is provided.
src/ai-gateway/app/(dashboard)/dashboard/cli-tools/components/ClaudeToolCard.tsx(471,19): error TS17004: Cannot use JSX unless the '--jsx' flag is provided.
src/ai-gateway/app/(dashboard)/dashboard/cli-tools/components/ClaudeToolCard.tsx(476,35): error TS7006: Parameter 'key' implicitly has an 'any' type.
src/ai-gateway/app/(dashboard)/dashboard/cli-tools/components/ClaudeToolCard.tsx(477,23): error TS17004: Cannot use JSX unless the '--jsx' flag is provided.
src/ai-gateway/app/(dashboard)/dashboard/cli-tools/components/ClaudeToolCard.tsx(483,19): error TS17004: Cannot use JSX unless the '--jsx' flag is provided.
src/ai-gateway/app/(dashboard)/dashboard/cli-tools/components/ClaudeToolCard.tsx(499,13): error TS17004: Cannot use JSX unless the '--jsx' flag is provided.
src/ai-gateway/app/(dashboard)/dashboard/cli-tools/components/ClaudeToolCard.tsx(508,48): error TS7006: Parameter 'model' implicitly has an 'any' type.
src/ai-gateway/app/(dashboard)/dashboard/cli-tools/components/ClaudeToolCard.tsx(509,17): error TS17004: Cannot use JSX unless the '--jsx' flag is provided.
src/ai-gateway/app/(dashboard)/dashboard/cli-tools/components/ClaudeToolCard.tsx(510,19): error TS17004: Cannot use JSX unless the '--jsx' flag is provided.
src/ai-gateway/app/(dashboard)/dashboard/cli-tools/components/ClaudeToolCard.tsx(511,21): error TS17004: Cannot use JSX unless the '--jsx' flag is provided.
src/ai-gateway/app/(dashboard)/dashboard/cli-tools/components/ClaudeToolCard.tsx(518,21): error TS17004: Cannot use JSX unless the '--jsx' flag is provided.
src/ai-gateway/app/(dashboard)/dashboard/cli-tools/components/ClaudeToolCard.tsx(527,23): error TS17004: Cannot use JSX unless the '--jsx' flag is provided.
src/ai-gateway/app/(dashboard)/dashboard/cli-tools/components/ClaudeToolCard.tsx(541,13): error TS17004: Cannot use JSX unless the '--jsx' flag is provided.
src/ai-gateway/app/(dashboard)/dashboard/cli-tools/components/ClaudeToolCard.tsx(550,17): error TS17004: Cannot use JSX unless the '--jsx' flag is provided.
src/ai-gateway/app/(dashboard)/dashboard/cli-tools/components/ClaudeToolCard.tsx(551,33): error TS2339: Property 'type' does not exist on type 'never'.
src/ai-gateway/app/(dashboard)/dashboard/cli-tools/components/ClaudeToolCard.tsx(552,33): error TS2339: Property 'type' does not exist on type 'never'.
src/ai-gateway/app/(dashboard)/dashboard/cli-tools/components/ClaudeToolCard.tsx(553,34): error TS2339: Property 'text' does not exist on type 'never'.
src/ai-gateway/app/(dashboard)/dashboard/cli-tools/components/ClaudeToolCard.tsx(557,15): error TS17004: Cannot use JSX unless the '--jsx' flag is provided.
src/ai-gateway/app/(dashboard)/dashboard/cli-tools/components/ClaudeToolCard.tsx(558,17): error TS17004: Cannot use JSX unless the '--jsx' flag is provided.
src/ai-gateway/app/(dashboard)/dashboard/cli-tools/components/ClaudeToolCard.tsx(568,17): error TS17004: Cannot use JSX unless the '--jsx' flag is provided.
src/ai-gateway/app/(dashboard)/dashboard/cli-tools/components/ClaudeToolCard.tsx(572,44): error TS2339: Property 'hasZavorthGateway' does not exist on type 'never'.
src/ai-gateway/app/(dashboard)/dashboard/cli-tools/components/ClaudeToolCard.tsx(578,17): error TS17004: Cannot use JSX unless the '--jsx' flag is provided.
src/ai-gateway/app/(dashboard)/dashboard/cli-tools/components/ClaudeToolCard.tsx(586,17): error TS17004: Cannot use JSX unless the '--jsx' flag is provided.
src/ai-gateway/app/(dashboard)/dashboard/cli-tools/components/ClaudeToolCard.tsx(601,17): error TS17004: Cannot use JSX unless the '--jsx' flag is provided.
src/ai-gateway/app/(dashboard)/dashboard/cli-tools/components/ClaudeToolCard.tsx(603,21): error TS17004: Cannot use JSX unless the '--jsx' flag is provided.
src/ai-gateway/app/(dashboard)/dashboard/cli-tools/components/ClaudeToolCard.tsx(607,21): error TS17004: Cannot use JSX unless the '--jsx' flag is provided.
src/ai-gateway/app/(dashboard)/dashboard/cli-tools/components/ClaudeToolCard.tsx(609,25): error TS17004: Cannot use JSX unless the '--jsx' flag is provided.
src/ai-gateway/app/(dashboard)/dashboard/cli-tools/components/ClaudeToolCard.tsx(610,39): error TS2339: Property 'id' does not exist on type 'never'.
src/ai-gateway/app/(dashboard)/dashboard/cli-tools/components/ClaudeToolCard.tsx(613,27): error TS17004: Cannot use JSX unless the '--jsx' flag is provided.
src/ai-gateway/app/(dashboard)/dashboard/cli-tools/components/ClaudeToolCard.tsx(614,29): error TS17004: Cannot use JSX unless the '--jsx' flag is provided.
src/ai-gateway/app/(dashboard)/dashboard/cli-tools/components/ClaudeToolCard.tsx(615,39): error TS2339: Property 'originalFile' does not exist on type 'never'.
src/ai-gateway/app/(dashboard)/dashboard/cli-tools/components/ClaudeToolCard.tsx(615,62): error TS2339: Property 'id' does not exist on type 'never'.
src/ai-gateway/app/(dashboard)/dashboard/cli-tools/components/ClaudeToolCard.tsx(617,29): error TS17004: Cannot use JSX unless the '--jsx' flag is provided.
src/ai-gateway/app/(dashboard)/dashboard/cli-tools/components/ClaudeToolCard.tsx(618,48): error TS2339: Property 'createdAt' does not exist on type 'never'.
src/ai-gateway/app/(dashboard)/dashboard/cli-tools/components/ClaudeToolCard.tsx(621,27): error TS17004: Cannot use JSX unless the '--jsx' flag is provided.
src/ai-gateway/app/(dashboard)/dashboard/cli-tools/components/ClaudeToolCard.tsx(624,71): error TS2339: Property 'id' does not exist on type 'never'.
src/ai-gateway/app/(dashboard)/dashboard/cli-tools/components/ClaudeToolCard.tsx(625,65): error TS2339: Property 'id' does not exist on type 'never'.
src/ai-gateway/app/(dashboard)/dashboard/cli-tools/components/ClaudeToolCard.tsx(640,7): error TS17004: Cannot use JSX unless the '--jsx' flag is provided.
src/ai-gateway/app/(dashboard)/dashboard/cli-tools/components/ClaudeToolCard.tsx(650,11): error TS2345: Argument of type '{ alias: string; }' is not assignable to parameter of type 'undefined'.
src/ai-gateway/app/(dashboard)/dashboard/cli-tools/components/ClaudeToolCard.tsx(654,7): error TS17004: Cannot use JSX unless the '--jsx' flag is provided.
src/ai-gateway/app/(dashboard)/dashboard/cli-tools/components/ClineToolCard.tsx(3,63): error TS6142: Module './ManagedCliToolCard' was resolved to 'C:/TESTES DEV/1_PROJETOS_ATIVOS/Zavorth/src/ai-gateway/app/(dashboard)/dashboard/cli-tools/components/ManagedCliToolCard.tsx', but '--jsx' is not set.
src/ai-gateway/app/(dashboard)/dashboard/cli-tools/components/ClineToolCard.tsx(5,39): error TS7006: Parameter 'props' implicitly has an 'any' type.
src/ai-gateway/app/(dashboard)/dashboard/cli-tools/components/ClineToolCard.tsx(6,10): error TS17004: Cannot use JSX unless the '--jsx' flag is provided.
src/ai-gateway/app/(dashboard)/dashboard/cli-tools/components/CliproxyapiToolCard.tsx(4,24): error TS2307: Cannot find module '@/shared/components' or its corresponding type declarations.
src/ai-gateway/app/(dashboard)/dashboard/cli-tools/components/CliproxyapiToolCard.tsx(9,8): error TS6142: Module './CliToolCardFrame' was resolved to 'C:/TESTES DEV/1_PROJETOS_ATIVOS/Zavorth/src/ai-gateway/app/(dashboard)/dashboard/cli-tools/components/CliToolCardFrame.tsx', but '--jsx' is not set.
src/ai-gateway/app/(dashboard)/dashboard/cli-tools/components/CliproxyapiToolCard.tsx(39,68): error TS7031: Binding element 'isExpanded' implicitly has an 'any' type.
src/ai-gateway/app/(dashboard)/dashboard/cli-tools/components/CliproxyapiToolCard.tsx(39,80): error TS7031: Binding element 'onToggle' implicitly has an 'any' type.
src/ai-gateway/app/(dashboard)/dashboard/cli-tools/components/CliproxyapiToolCard.tsx(116,5): error TS17004: Cannot use JSX unless the '--jsx' flag is provided.
src/ai-gateway/app/(dashboard)/dashboard/cli-tools/components/CliproxyapiToolCard.tsx(125,11): error TS17004: Cannot use JSX unless the '--jsx' flag is provided.
src/ai-gateway/app/(dashboard)/dashboard/cli-tools/components/CliproxyapiToolCard.tsx(129,11): error TS17004: Cannot use JSX unless the '--jsx' flag is provided.
src/ai-gateway/app/(dashboard)/dashboard/cli-tools/components/CliproxyapiToolCard.tsx(135,9): error TS17004: Cannot use JSX unless the '--jsx' flag is provided.
src/ai-gateway/app/(dashboard)/dashboard/cli-tools/components/CliproxyapiToolCard.tsx(136,11): error TS17004: Cannot use JSX unless the '--jsx' flag is provided.
src/ai-gateway/app/(dashboard)/dashboard/cli-tools/components/CliproxyapiToolCard.tsx(139,11): error TS17004: Cannot use JSX unless the '--jsx' flag is provided.
src/ai-gateway/app/(dashboard)/dashboard/cli-tools/components/CliproxyapiToolCard.tsx(142,11): error TS17004: Cannot use JSX unless the '--jsx' flag is provided.
src/ai-gateway/app/(dashboard)/dashboard/cli-tools/components/CliproxyapiToolCard.tsx(147,9): error TS17004: Cannot use JSX unless the '--jsx' flag is provided.
src/ai-gateway/app/(dashboard)/dashboard/cli-tools/components/CliproxyapiToolCard.tsx(155,9): error TS17004: Cannot use JSX unless the '--jsx' flag is provided.
src/ai-gateway/app/(dashboard)/dashboard/cli-tools/components/CliproxyapiToolCard.tsx(161,13): error TS17004: Cannot use JSX unless the '--jsx' flag is provided.
src/ai-gateway/app/(dashboard)/dashboard/cli-tools/components/CliproxyapiToolCard.tsx(173,7): error TS17004: Cannot use JSX unless the '--jsx' flag is provided.
src/ai-gateway/app/(dashboard)/dashboard/cli-tools/components/CliproxyapiToolCard.tsx(178,9): error TS17004: Cannot use JSX unless the '--jsx' flag is provided.
src/ai-gateway/app/(dashboard)/dashboard/cli-tools/components/CliproxyapiToolCard.tsx(179,11): error TS17004: Cannot use JSX unless the '--jsx' flag is provided.
src/ai-gateway/app/(dashboard)/dashboard/cli-tools/components/CliproxyapiToolCard.tsx(180,13): error TS17004: Cannot use JSX unless the '--jsx' flag is provided.
src/ai-gateway/app/(dashboard)/dashboard/cli-tools/components/CliproxyapiToolCard.tsx(181,13): error TS17004: Cannot use JSX unless the '--jsx' flag is provided.
src/ai-gateway/app/(dashboard)/dashboard/cli-tools/components/CliproxyapiToolCard.tsx(185,11): error TS17004: Cannot use JSX unless the '--jsx' flag is provided.
src/ai-gateway/app/(dashboard)/dashboard/cli-tools/components/CliproxyapiToolCard.tsx(186,13): error TS17004: Cannot use JSX unless the '--jsx' flag is provided.
src/ai-gateway/app/(dashboard)/dashboard/cli-tools/components/CliproxyapiToolCard.tsx(187,13): error TS17004: Cannot use JSX unless the '--jsx' flag is provided.
src/ai-gateway/app/(dashboard)/dashboard/cli-tools/components/CliproxyapiToolCard.tsx(189,11): error TS17004: Cannot use JSX unless the '--jsx' flag is provided.
src/ai-gateway/app/(dashboard)/dashboard/cli-tools/components/CliproxyapiToolCard.tsx(190,13): error TS17004: Cannot use JSX unless the '--jsx' flag is provided.
src/ai-gateway/app/(dashboard)/dashboard/cli-tools/components/CliproxyapiToolCard.tsx(191,13): error TS17004: Cannot use JSX unless the '--jsx' flag is provided.
src/ai-gateway/app/(dashboard)/dashboard/cli-tools/components/CliproxyapiToolCard.tsx(196,7): error TS17004: Cannot use JSX unless the '--jsx' flag is provided.
src/ai-gateway/app/(dashboard)/dashboard/cli-tools/components/CliproxyapiToolCard.tsx(201,9): error TS17004: Cannot use JSX unless the '--jsx' flag is provided.
src/ai-gateway/app/(dashboard)/dashboard/cli-tools/components/CliproxyapiToolCard.tsx(203,13): error TS17004: Cannot use JSX unless the '--jsx' flag is provided.
src/ai-gateway/app/(dashboard)/dashboard/cli-tools/components/CliproxyapiToolCard.tsx(215,13): error TS17004: Cannot use JSX unless the '--jsx' flag is provided.
src/ai-gateway/app/(dashboard)/dashboard/cli-tools/components/CliproxyapiToolCard.tsx(225,13): error TS17004: Cannot use JSX unless the '--jsx' flag is provided.
src/ai-gateway/app/(dashboard)/dashboard/cli-tools/components/CliproxyapiToolCard.tsx(237,13): error TS17004: Cannot use JSX unless the '--jsx' flag is provided.
src/ai-gateway/app/(dashboard)/dashboard/cli-tools/components/CliproxyapiToolCard.tsx(248,11): error TS17004: Cannot use JSX unless the '--jsx' flag is provided.
src/ai-gateway/app/(dashboard)/dashboard/cli-tools/components/CliStatusBadge.tsx(2,44): error TS2307: Cannot find module 'next-intl' or its corresponding type declarations.
src/ai-gateway/app/(dashboard)/dashboard/cli-tools/components/CliStatusBadge.tsx(39,3): error TS7031: Binding element 'effectiveConfigStatus' implicitly has an 'any' type.
src/ai-gateway/app/(dashboard)/dashboard/cli-tools/components/CliStatusBadge.tsx(40,3): error TS7031: Binding element 'batchStatus' implicitly has an 'any' type.
src/ai-gateway/app/(dashboard)/dashboard/cli-tools/components/CliStatusBadge.tsx(76,26): error TS7053: Element implicitly has an 'any' type because expression of type 'any' can't be used to index type '{ configured: { dotClass: string; badgeClass: string; text: any; }; not_configured: { dotClass: string; badgeClass: string; text: any; }; not_installed: { dotClass: string; badgeClass: string; text: any; }; other: { ...; }; unknown: { ...; }; }'.
src/ai-gateway/app/(dashboard)/dashboard/cli-tools/components/CliStatusBadge.tsx(79,5): error TS17004: Cannot use JSX unless the '--jsx' flag is provided.
src/ai-gateway/app/(dashboard)/dashboard/cli-tools/components/CliStatusBadge.tsx(81,9): error TS17004: Cannot use JSX unless the '--jsx' flag is provided.
src/ai-gateway/app/(dashboard)/dashboard/cli-tools/components/CliStatusBadge.tsx(84,11): error TS17004: Cannot use JSX unless the '--jsx' flag is provided.
src/ai-gateway/app/(dashboard)/dashboard/cli-tools/components/CliStatusBadge.tsx(89,9): error TS17004: Cannot use JSX unless the '--jsx' flag is provided.
src/ai-gateway/app/(dashboard)/dashboard/cli-tools/components/CliStatusBadge.tsx(93,11): error TS17004: Cannot use JSX unless the '--jsx' flag is provided.
src/ai-gateway/app/(dashboard)/dashboard/cli-tools/components/CliStatusBadge.tsx(97,9): error TS17004: Cannot use JSX unless the '--jsx' flag is provided.
src/ai-gateway/app/(dashboard)/dashboard/cli-tools/components/CliStatusBadge.tsx(98,11): error TS17004: Cannot use JSX unless the '--jsx' flag is provided.
src/ai-gateway/app/(dashboard)/dashboard/cli-tools/components/CliToolCardFrame.tsx(4,19): error TS2307: Cannot find module 'next/image' or its corresponding type declarations.
src/ai-gateway/app/(dashboard)/dashboard/cli-tools/components/CliToolCardFrame.tsx(5,22): error TS2307: Cannot find module '@/shared/components' or its corresponding type declarations.
src/ai-gateway/app/(dashboard)/dashboard/cli-tools/components/CliToolCardFrame.tsx(6,20): error TS2307: Cannot find module '@/shared/utils/cn' or its corresponding type declarations.
src/ai-gateway/app/(dashboard)/dashboard/cli-tools/components/CliToolCardFrame.tsx(107,7): error TS17004: Cannot use JSX unless the '--jsx' flag is provided.
src/ai-gateway/app/(dashboard)/dashboard/cli-tools/components/CliToolCardFrame.tsx(114,19): error TS7006: Parameter 'event' implicitly has an 'any' type.
src/ai-gateway/app/(dashboard)/dashboard/cli-tools/components/CliToolCardFrame.tsx(123,7): error TS17004: Cannot use JSX unless the '--jsx' flag is provided.
src/ai-gateway/app/(dashboard)/dashboard/cli-tools/components/CliToolCardFrame.tsx(130,5): error TS17004: Cannot use JSX unless the '--jsx' flag is provided.
src/ai-gateway/app/(dashboard)/dashboard/cli-tools/components/CliToolCardFrame.tsx(150,5): error TS17004: Cannot use JSX unless the '--jsx' flag is provided.
src/ai-gateway/app/(dashboard)/dashboard/cli-tools/components/CliToolCardFrame.tsx(154,7): error TS17004: Cannot use JSX unless the '--jsx' flag is provided.
src/ai-gateway/app/(dashboard)/dashboard/cli-tools/components/CliToolCardFrame.tsx(158,7): error TS17004: Cannot use JSX unless the '--jsx' flag is provided.
src/ai-gateway/app/(dashboard)/dashboard/cli-tools/components/CliToolCardFrame.tsx(164,9): error TS17004: Cannot use JSX unless the '--jsx' flag is provided.
src/ai-gateway/app/(dashboard)/dashboard/cli-tools/components/CliToolCardFrame.tsx(165,11): error TS17004: Cannot use JSX unless the '--jsx' flag is provided.
src/ai-gateway/app/(dashboard)/dashboard/cli-tools/components/CliToolCardFrame.tsx(171,11): error TS17004: Cannot use JSX unless the '--jsx' flag is provided.
src/ai-gateway/app/(dashboard)/dashboard/cli-tools/components/CliToolCardFrame.tsx(173,15): error TS17004: Cannot use JSX unless the '--jsx' flag is provided.
src/ai-gateway/app/(dashboard)/dashboard/cli-tools/components/CliToolCardFrame.tsx(178,13): error TS17004: Cannot use JSX unless the '--jsx' flag is provided.
src/ai-gateway/app/(dashboard)/dashboard/cli-tools/components/CliToolCardFrame.tsx(179,15): error TS17004: Cannot use JSX unless the '--jsx' flag is provided.
src/ai-gateway/app/(dashboard)/dashboard/cli-tools/components/CliToolCardFrame.tsx(180,17): error TS17004: Cannot use JSX unless the '--jsx' flag is provided.
src/ai-gateway/app/(dashboard)/dashboard/cli-tools/components/CliToolCardFrame.tsx(182,19): error TS17004: Cannot use JSX unless the '--jsx' flag is provided.
src/ai-gateway/app/(dashboard)/dashboard/cli-tools/components/CliToolCardFrame.tsx(188,15): error TS17004: Cannot use JSX unless the '--jsx' flag is provided.
src/ai-gateway/app/(dashboard)/dashboard/cli-tools/components/CliToolCardFrame.tsx(200,15): error TS17004: Cannot use JSX unless the '--jsx' flag is provided.
src/ai-gateway/app/(dashboard)/dashboard/cli-tools/components/CliToolCardFrame.tsx(210,9): error TS17004: Cannot use JSX unless the '--jsx' flag is provided.
src/ai-gateway/app/(dashboard)/dashboard/cli-tools/components/CliToolCardFrame.tsx(211,11): error TS17004: Cannot use JSX unless the '--jsx' flag is provided.
src/ai-gateway/app/(dashboard)/dashboard/cli-tools/components/CliToolCardFrame.tsx(225,5): error TS17004: Cannot use JSX unless the '--jsx' flag is provided.
src/ai-gateway/app/(dashboard)/dashboard/cli-tools/components/CliToolCardFrame.tsx(233,9): error TS17004: Cannot use JSX unless the '--jsx' flag is provided.
src/ai-gateway/app/(dashboard)/dashboard/cli-tools/components/CliToolCardFrame.tsx(237,7): error TS17004: Cannot use JSX unless the '--jsx' flag is provided.
src/ai-gateway/app/(dashboard)/dashboard/cli-tools/components/CliToolCardFrame.tsx(252,5): error TS17004: Cannot use JSX unless the '--jsx' flag is provided.
src/ai-gateway/app/(dashboard)/dashboard/cli-tools/components/CliToolCardFrame.tsx(260,9): error TS17004: Cannot use JSX unless the '--jsx' flag is provided.
src/ai-gateway/app/(dashboard)/dashboard/cli-tools/components/CliToolCardFrame.tsx(261,11): error TS17004: Cannot use JSX unless the '--jsx' flag is provided.
src/ai-gateway/app/(dashboard)/dashboard/cli-tools/components/CliToolCardFrame.tsx(262,13): error TS17004: Cannot use JSX unless the '--jsx' flag is provided.
src/ai-gateway/app/(dashboard)/dashboard/cli-tools/components/CliToolCardFrame.tsx(264,17): error TS17004: Cannot use JSX unless the '--jsx' flag is provided.
src/ai-gateway/app/(dashboard)/dashboard/cli-tools/components/CliToolCardFrame.tsx(268,24): error TS17004: Cannot use JSX unless the '--jsx' flag is provided.
src/ai-gateway/app/(dashboard)/dashboard/cli-tools/components/CliToolCardFrame.tsx(271,15): error TS17004: Cannot use JSX unless the '--jsx' flag is provided.
src/ai-gateway/app/(dashboard)/dashboard/cli-tools/components/CliToolCardFrame.tsx(278,7): error TS17004: Cannot use JSX unless the '--jsx' flag is provided.
src/ai-gateway/app/(dashboard)/dashboard/cli-tools/components/CliToolCardFrame.tsx(291,5): error TS17004: Cannot use JSX unless the '--jsx' flag is provided.
src/ai-gateway/app/(dashboard)/dashboard/cli-tools/components/CliToolCardFrame.tsx(298,7): error TS17004: Cannot use JSX unless the '--jsx' flag is provided.
src/ai-gateway/app/(dashboard)/dashboard/cli-tools/components/CliToolCardFrame.tsx(299,9): error TS17004: Cannot use JSX unless the '--jsx' flag is provided.
src/ai-gateway/app/(dashboard)/dashboard/cli-tools/components/CliToolCardFrame.tsx(302,9): error TS17004: Cannot use JSX unless the '--jsx' flag is provided.
src/ai-gateway/app/(dashboard)/dashboard/cli-tools/components/CliToolCardFrame.tsx(303,20): error TS17004: Cannot use JSX unless the '--jsx' flag is provided.
src/ai-gateway/app/(dashboard)/dashboard/cli-tools/components/CliToolCardFrame.tsx(304,11): error TS17004: Cannot use JSX unless the '--jsx' flag is provided.
src/ai-gateway/app/(dashboard)/dashboard/cli-tools/components/CliToolCardFrame.tsx(318,5): error TS17004: Cannot use JSX unless the '--jsx' flag is provided.
src/ai-gateway/app/(dashboard)/dashboard/cli-tools/components/CliToolCardFrame.tsx(324,7): error TS17004: Cannot use JSX unless the '--jsx' flag is provided.
src/ai-gateway/app/(dashboard)/dashboard/cli-tools/components/CliToolCardFrame.tsx(325,9): error TS17004: Cannot use JSX unless the '--jsx' flag is provided.
src/ai-gateway/app/(dashboard)/dashboard/cli-tools/components/CliToolCardFrame.tsx(326,17): error TS17004: Cannot use JSX unless the '--jsx' flag is provided.
src/ai-gateway/app/(dashboard)/dashboard/cli-tools/components/CliToolCardFrame.tsx(328,7): error TS17004: Cannot use JSX unless the '--jsx' flag is provided.
src/ai-gateway/app/(dashboard)/dashboard/cli-tools/components/codex-tool-card/CodexBackupsSection.tsx(1,39): error TS7031: Binding element 'backups' implicitly has an 'any' type.
src/ai-gateway/app/(dashboard)/dashboard/cli-tools/components/codex-tool-card/CodexBackupsSection.tsx(1,48): error TS7031: Binding element 'handleRestoreBackup' implicitly has an 'any' type.
src/ai-gateway/app/(dashboard)/dashboard/cli-tools/components/codex-tool-card/CodexBackupsSection.tsx(1,69): error TS7031: Binding element 'restoringBackup' implicitly has an 'any' type.
src/ai-gateway/app/(dashboard)/dashboard/cli-tools/components/codex-tool-card/CodexBackupsSection.tsx(1,86): error TS7031: Binding element 't' implicitly has an 'any' type.
src/ai-gateway/app/(dashboard)/dashboard/cli-tools/components/codex-tool-card/CodexBackupsSection.tsx(3,5): error TS17004: Cannot use JSX unless the '--jsx' flag is provided.
src/ai-gateway/app/(dashboard)/dashboard/cli-tools/components/codex-tool-card/CodexBackupsSection.tsx(4,7): error TS17004: Cannot use JSX unless the '--jsx' flag is provided.
src/ai-gateway/app/(dashboard)/dashboard/cli-tools/components/codex-tool-card/CodexBackupsSection.tsx(5,9): error TS17004: Cannot use JSX unless the '--jsx' flag is provided.
src/ai-gateway/app/(dashboard)/dashboard/cli-tools/components/codex-tool-card/CodexBackupsSection.tsx(9,9): error TS17004: Cannot use JSX unless the '--jsx' flag is provided.
src/ai-gateway/app/(dashboard)/dashboard/cli-tools/components/codex-tool-card/CodexBackupsSection.tsx(11,9): error TS17004: Cannot use JSX unless the '--jsx' flag is provided.
src/ai-gateway/app/(dashboard)/dashboard/cli-tools/components/codex-tool-card/CodexBackupsSection.tsx(12,25): error TS7006: Parameter 'b' implicitly has an 'any' type.
src/ai-gateway/app/(dashboard)/dashboard/cli-tools/components/codex-tool-card/CodexBackupsSection.tsx(13,13): error TS17004: Cannot use JSX unless the '--jsx' flag is provided.
src/ai-gateway/app/(dashboard)/dashboard/cli-tools/components/codex-tool-card/CodexBackupsSection.tsx(17,15): error TS17004: Cannot use JSX unless the '--jsx' flag is provided.
src/ai-gateway/app/(dashboard)/dashboard/cli-tools/components/codex-tool-card/CodexBackupsSection.tsx(20,15): error TS17004: Cannot use JSX unless the '--jsx' flag is provided.
src/ai-gateway/app/(dashboard)/dashboard/cli-tools/components/codex-tool-card/CodexBackupsSection.tsx(23,15): error TS17004: Cannot use JSX unless the '--jsx' flag is provided.
src/ai-gateway/app/(dashboard)/dashboard/cli-tools/components/codex-tool-card/CodexBackupsSection.tsx(26,15): error TS17004: Cannot use JSX unless the '--jsx' flag is provided.
src/ai-gateway/app/(dashboard)/dashboard/cli-tools/components/codex-tool-card/CodexConfigPanel.tsx(1,24): error TS2307: Cannot find module '@/shared/components' or its corresponding type declarations.
src/ai-gateway/app/(dashboard)/dashboard/cli-tools/components/codex-tool-card/CodexConfigPanel.tsx(2,37): error TS6142: Module './CodexBackupsSection' was resolved to 'C:/TESTES DEV/1_PROJETOS_ATIVOS/Zavorth/src/ai-gateway/app/(dashboard)/dashboard/cli-tools/components/codex-tool-card/CodexBackupsSection.tsx', but '--jsx' is not set.
src/ai-gateway/app/(dashboard)/dashboard/cli-tools/components/codex-tool-card/CodexConfigPanel.tsx(3,38): error TS6142: Module './CodexProfilesSection' was resolved to 'C:/TESTES DEV/1_PROJETOS_ATIVOS/Zavorth/src/ai-gateway/app/(dashboard)/dashboard/cli-tools/components/codex-tool-card/CodexProfilesSection.tsx', but '--jsx' is not set.
src/ai-gateway/app/(dashboard)/dashboard/cli-tools/components/codex-tool-card/CodexConfigPanel.tsx(6,3): error TS7031: Binding element 'activeProviders' implicitly has an 'any' type.
src/ai-gateway/app/(dashboard)/dashboard/cli-tools/components/codex-tool-card/CodexConfigPanel.tsx(7,3): error TS7031: Binding element 'apiKeys' implicitly has an 'any' type.
src/ai-gateway/app/(dashboard)/dashboard/cli-tools/components/codex-tool-card/CodexConfigPanel.tsx(8,3): error TS7031: Binding element 'applying' implicitly has an 'any' type.
src/ai-gateway/app/(dashboard)/dashboard/cli-tools/components/codex-tool-card/CodexConfigPanel.tsx(9,3): error TS7031: Binding element 'backups' implicitly has an 'any' type.
src/ai-gateway/app/(dashboard)/dashboard/cli-tools/components/codex-tool-card/CodexConfigPanel.tsx(10,3): error TS7031: Binding element 'baseUrl' implicitly has an 'any' type.
src/ai-gateway/app/(dashboard)/dashboard/cli-tools/components/codex-tool-card/CodexConfigPanel.tsx(11,3): error TS7031: Binding element 'cloudEnabled' implicitly has an 'any' type.
src/ai-gateway/app/(dashboard)/dashboard/cli-tools/components/codex-tool-card/CodexConfigPanel.tsx(12,3): error TS7031: Binding element 'codexStatus' implicitly has an 'any' type.
src/ai-gateway/app/(dashboard)/dashboard/cli-tools/components/codex-tool-card/CodexConfigPanel.tsx(13,3): error TS7031: Binding element 'customBaseUrl' implicitly has an 'any' type.
src/ai-gateway/app/(dashboard)/dashboard/cli-tools/components/codex-tool-card/CodexConfigPanel.tsx(14,3): error TS7031: Binding element 'fetchBackups' implicitly has an 'any' type.
src/ai-gateway/app/(dashboard)/dashboard/cli-tools/components/codex-tool-card/CodexConfigPanel.tsx(15,3): error TS7031: Binding element 'fetchProfiles' implicitly has an 'any' type.
src/ai-gateway/app/(dashboard)/dashboard/cli-tools/components/codex-tool-card/CodexConfigPanel.tsx(16,3): error TS7031: Binding element 'getDisplayUrl' implicitly has an 'any' type.
src/ai-gateway/app/(dashboard)/dashboard/cli-tools/components/codex-tool-card/CodexConfigPanel.tsx(17,3): error TS7031: Binding element 'handleActivateProfile' implicitly has an 'any' type.
src/ai-gateway/app/(dashboard)/dashboard/cli-tools/components/codex-tool-card/CodexConfigPanel.tsx(18,3): error TS7031: Binding element 'handleApplySettings' implicitly has an 'any' type.
src/ai-gateway/app/(dashboard)/dashboard/cli-tools/components/codex-tool-card/CodexConfigPanel.tsx(19,3): error TS7031: Binding element 'handleDeleteProfile' implicitly has an 'any' type.
src/ai-gateway/app/(dashboard)/dashboard/cli-tools/components/codex-tool-card/CodexConfigPanel.tsx(20,3): error TS7031: Binding element 'handleResetSettings' implicitly has an 'any' type.
src/ai-gateway/app/(dashboard)/dashboard/cli-tools/components/codex-tool-card/CodexConfigPanel.tsx(21,3): error TS7031: Binding element 'handleRestoreBackup' implicitly has an 'any' type.
src/ai-gateway/app/(dashboard)/dashboard/cli-tools/components/codex-tool-card/CodexConfigPanel.tsx(22,3): error TS7031: Binding element 'handleSaveProfile' implicitly has an 'any' type.
src/ai-gateway/app/(dashboard)/dashboard/cli-tools/components/codex-tool-card/CodexConfigPanel.tsx(23,3): error TS7031: Binding element 'message' implicitly has an 'any' type.
src/ai-gateway/app/(dashboard)/dashboard/cli-tools/components/codex-tool-card/CodexConfigPanel.tsx(24,3): error TS7031: Binding element 'newProfileName' implicitly has an 'any' type.
src/ai-gateway/app/(dashboard)/dashboard/cli-tools/components/codex-tool-card/CodexConfigPanel.tsx(25,3): error TS7031: Binding element 'profiles' implicitly has an 'any' type.
src/ai-gateway/app/(dashboard)/dashboard/cli-tools/components/codex-tool-card/CodexConfigPanel.tsx(26,3): error TS7031: Binding element 'restoring' implicitly has an 'any' type.
src/ai-gateway/app/(dashboard)/dashboard/cli-tools/components/codex-tool-card/CodexConfigPanel.tsx(27,3): error TS7031: Binding element 'restoringBackup' implicitly has an 'any' type.
src/ai-gateway/app/(dashboard)/dashboard/cli-tools/components/codex-tool-card/CodexConfigPanel.tsx(28,3): error TS7031: Binding element 'savingProfile' implicitly has an 'any' type.
src/ai-gateway/app/(dashboard)/dashboard/cli-tools/components/codex-tool-card/CodexConfigPanel.tsx(29,3): error TS7031: Binding element 'selectedApiKey' implicitly has an 'any' type.
src/ai-gateway/app/(dashboard)/dashboard/cli-tools/components/codex-tool-card/CodexConfigPanel.tsx(30,3): error TS7031: Binding element 'selectedModel' implicitly has an 'any' type.
src/ai-gateway/app/(dashboard)/dashboard/cli-tools/components/codex-tool-card/CodexConfigPanel.tsx(31,3): error TS7031: Binding element 'setCustomBaseUrl' implicitly has an 'any' type.
src/ai-gateway/app/(dashboard)/dashboard/cli-tools/components/codex-tool-card/CodexConfigPanel.tsx(32,3): error TS7031: Binding element 'setModalOpen' implicitly has an 'any' type.
src/ai-gateway/app/(dashboard)/dashboard/cli-tools/components/codex-tool-card/CodexConfigPanel.tsx(33,3): error TS7031: Binding element 'setNewProfileName' implicitly has an 'any' type.
src/ai-gateway/app/(dashboard)/dashboard/cli-tools/components/codex-tool-card/CodexConfigPanel.tsx(34,3): error TS7031: Binding element 'setSelectedApiKey' implicitly has an 'any' type.
src/ai-gateway/app/(dashboard)/dashboard/cli-tools/components/codex-tool-card/CodexConfigPanel.tsx(35,3): error TS7031: Binding element 'setSelectedModel' implicitly has an 'any' type.
src/ai-gateway/app/(dashboard)/dashboard/cli-tools/components/codex-tool-card/CodexConfigPanel.tsx(36,3): error TS7031: Binding element 'setShowBackups' implicitly has an 'any' type.
src/ai-gateway/app/(dashboard)/dashboard/cli-tools/components/codex-tool-card/CodexConfigPanel.tsx(37,3): error TS7031: Binding element 'setShowManualConfigModal' implicitly has an 'any' type.
src/ai-gateway/app/(dashboard)/dashboard/cli-tools/components/codex-tool-card/CodexConfigPanel.tsx(38,3): error TS7031: Binding element 'setShowProfiles' implicitly has an 'any' type.
src/ai-gateway/app/(dashboard)/dashboard/cli-tools/components/codex-tool-card/CodexConfigPanel.tsx(39,3): error TS7031: Binding element 'showBackups' implicitly has an 'any' type.
src/ai-gateway/app/(dashboard)/dashboard/cli-tools/components/codex-tool-card/CodexConfigPanel.tsx(40,3): error TS7031: Binding element 'showProfiles' implicitly has an 'any' type.
src/ai-gateway/app/(dashboard)/dashboard/cli-tools/components/codex-tool-card/CodexConfigPanel.tsx(41,3): error TS7031: Binding element 't' implicitly has an 'any' type.
src/ai-gateway/app/(dashboard)/dashboard/cli-tools/components/codex-tool-card/CodexConfigPanel.tsx(42,3): error TS7031: Binding element 'activatingProfile' implicitly has an 'any' type.
src/ai-gateway/app/(dashboard)/dashboard/cli-tools/components/codex-tool-card/CodexConfigPanel.tsx(45,5): error TS17004: Cannot use JSX unless the '--jsx' flag is provided.
src/ai-gateway/app/(dashboard)/dashboard/cli-tools/components/codex-tool-card/CodexConfigPanel.tsx(46,7): error TS17004: Cannot use JSX unless the '--jsx' flag is provided.
src/ai-gateway/app/(dashboard)/dashboard/cli-tools/components/codex-tool-card/CodexConfigPanel.tsx(52,15): error TS17004: Cannot use JSX unless the '--jsx' flag is provided.
src/ai-gateway/app/(dashboard)/dashboard/cli-tools/components/codex-tool-card/CodexConfigPanel.tsx(53,17): error TS17004: Cannot use JSX unless the '--jsx' flag is provided.
src/ai-gateway/app/(dashboard)/dashboard/cli-tools/components/codex-tool-card/CodexConfigPanel.tsx(56,17): error TS17004: Cannot use JSX unless the '--jsx' flag is provided.
src/ai-gateway/app/(dashboard)/dashboard/cli-tools/components/codex-tool-card/CodexConfigPanel.tsx(59,17): error TS17004: Cannot use JSX unless the '--jsx' flag is provided.
src/ai-gateway/app/(dashboard)/dashboard/cli-tools/components/codex-tool-card/CodexConfigPanel.tsx(66,9): error TS17004: Cannot use JSX unless the '--jsx' flag is provided.
src/ai-gateway/app/(dashboard)/dashboard/cli-tools/components/codex-tool-card/CodexConfigPanel.tsx(67,11): error TS17004: Cannot use JSX unless the '--jsx' flag is provided.
src/ai-gateway/app/(dashboard)/dashboard/cli-tools/components/codex-tool-card/CodexConfigPanel.tsx(70,11): error TS17004: Cannot use JSX unless the '--jsx' flag is provided.
src/ai-gateway/app/(dashboard)/dashboard/cli-tools/components/codex-tool-card/CodexConfigPanel.tsx(73,11): error TS17004: Cannot use JSX unless the '--jsx' flag is provided.
src/ai-gateway/app/(dashboard)/dashboard/cli-tools/components/codex-tool-card/CodexConfigPanel.tsx(81,13): error TS17004: Cannot use JSX unless the '--jsx' flag is provided.
src/ai-gateway/app/(dashboard)/dashboard/cli-tools/components/codex-tool-card/CodexConfigPanel.tsx(86,15): error TS17004: Cannot use JSX unless the '--jsx' flag is provided.
src/ai-gateway/app/(dashboard)/dashboard/cli-tools/components/codex-tool-card/CodexConfigPanel.tsx(91,9): error TS17004: Cannot use JSX unless the '--jsx' flag is provided.
src/ai-gateway/app/(dashboard)/dashboard/cli-tools/components/codex-tool-card/CodexConfigPanel.tsx(92,11): error TS17004: Cannot use JSX unless the '--jsx' flag is provided.
src/ai-gateway/app/(dashboard)/dashboard/cli-tools/components/codex-tool-card/CodexConfigPanel.tsx(95,11): error TS17004: Cannot use JSX unless the '--jsx' flag is provided.
src/ai-gateway/app/(dashboard)/dashboard/cli-tools/components/codex-tool-card/CodexConfigPanel.tsx(99,13): error TS17004: Cannot use JSX unless the '--jsx' flag is provided.
src/ai-gateway/app/(dashboard)/dashboard/cli-tools/components/codex-tool-card/CodexConfigPanel.tsx(104,29): error TS7006: Parameter 'key' implicitly has an 'any' type.
src/ai-gateway/app/(dashboard)/dashboard/cli-tools/components/codex-tool-card/CodexConfigPanel.tsx(105,17): error TS17004: Cannot use JSX unless the '--jsx' flag is provided.
src/ai-gateway/app/(dashboard)/dashboard/cli-tools/components/codex-tool-card/CodexConfigPanel.tsx(111,13): error TS17004: Cannot use JSX unless the '--jsx' flag is provided.
src/ai-gateway/app/(dashboard)/dashboard/cli-tools/components/codex-tool-card/CodexConfigPanel.tsx(117,9): error TS17004: Cannot use JSX unless the '--jsx' flag is provided.
src/ai-gateway/app/(dashboard)/dashboard/cli-tools/components/codex-tool-card/CodexConfigPanel.tsx(118,11): error TS17004: Cannot use JSX unless the '--jsx' flag is provided.
src/ai-gateway/app/(dashboard)/dashboard/cli-tools/components/codex-tool-card/CodexConfigPanel.tsx(121,11): error TS17004: Cannot use JSX unless the '--jsx' flag is provided.
src/ai-gateway/app/(dashboard)/dashboard/cli-tools/components/codex-tool-card/CodexConfigPanel.tsx(124,11): error TS17004: Cannot use JSX unless the '--jsx' flag is provided.
src/ai-gateway/app/(dashboard)/dashboard/cli-tools/components/codex-tool-card/CodexConfigPanel.tsx(131,11): error TS17004: Cannot use JSX unless the '--jsx' flag is provided.
src/ai-gateway/app/(dashboard)/dashboard/cli-tools/components/codex-tool-card/CodexConfigPanel.tsx(139,13): error TS17004: Cannot use JSX unless the '--jsx' flag is provided.
src/ai-gateway/app/(dashboard)/dashboard/cli-tools/components/codex-tool-card/CodexConfigPanel.tsx(144,15): error TS17004: Cannot use JSX unless the '--jsx' flag is provided.
src/ai-gateway/app/(dashboard)/dashboard/cli-tools/components/codex-tool-card/CodexConfigPanel.tsx(151,9): error TS17004: Cannot use JSX unless the '--jsx' flag is provided.
src/ai-gateway/app/(dashboard)/dashboard/cli-tools/components/codex-tool-card/CodexConfigPanel.tsx(154,11): error TS17004: Cannot use JSX unless the '--jsx' flag is provided.
src/ai-gateway/app/(dashboard)/dashboard/cli-tools/components/codex-tool-card/CodexConfigPanel.tsx(157,11): error TS17004: Cannot use JSX unless the '--jsx' flag is provided.
src/ai-gateway/app/(dashboard)/dashboard/cli-tools/components/codex-tool-card/CodexConfigPanel.tsx(161,7): error TS17004: Cannot use JSX unless the '--jsx' flag is provided.
src/ai-gateway/app/(dashboard)/dashboard/cli-tools/components/codex-tool-card/CodexConfigPanel.tsx(162,9): error TS17004: Cannot use JSX unless the '--jsx' flag is provided.
src/ai-gateway/app/(dashboard)/dashboard/cli-tools/components/codex-tool-card/CodexConfigPanel.tsx(169,11): error TS17004: Cannot use JSX unless the '--jsx' flag is provided.
src/ai-gateway/app/(dashboard)/dashboard/cli-tools/components/codex-tool-card/CodexConfigPanel.tsx(172,9): error TS17004: Cannot use JSX unless the '--jsx' flag is provided.
src/ai-gateway/app/(dashboard)/dashboard/cli-tools/components/codex-tool-card/CodexConfigPanel.tsx(179,11): error TS17004: Cannot use JSX unless the '--jsx' flag is provided.
src/ai-gateway/app/(dashboard)/dashboard/cli-tools/components/codex-tool-card/CodexConfigPanel.tsx(182,9): error TS17004: Cannot use JSX unless the '--jsx' flag is provided.
src/ai-gateway/app/(dashboard)/dashboard/cli-tools/components/codex-tool-card/CodexConfigPanel.tsx(183,11): error TS17004: Cannot use JSX unless the '--jsx' flag is provided.
src/ai-gateway/app/(dashboard)/dashboard/cli-tools/components/codex-tool-card/CodexConfigPanel.tsx(186,9): error TS17004: Cannot use JSX unless the '--jsx' flag is provided.
src/ai-gateway/app/(dashboard)/dashboard/cli-tools/components/codex-tool-card/CodexConfigPanel.tsx(187,9): error TS17004: Cannot use JSX unless the '--jsx' flag is provided.
src/ai-gateway/app/(dashboard)/dashboard/cli-tools/components/codex-tool-card/CodexConfigPanel.tsx(195,11): error TS17004: Cannot use JSX unless the '--jsx' flag is provided.
src/ai-gateway/app/(dashboard)/dashboard/cli-tools/components/codex-tool-card/CodexConfigPanel.tsx(198,9): error TS17004: Cannot use JSX unless the '--jsx' flag is provided.
src/ai-gateway/app/(dashboard)/dashboard/cli-tools/components/codex-tool-card/CodexConfigPanel.tsx(206,11): error TS17004: Cannot use JSX unless the '--jsx' flag is provided.
src/ai-gateway/app/(dashboard)/dashboard/cli-tools/components/codex-tool-card/CodexConfigPanel.tsx(213,9): error TS17004: Cannot use JSX unless the '--jsx' flag is provided.
src/ai-gateway/app/(dashboard)/dashboard/cli-tools/components/codex-tool-card/CodexConfigPanel.tsx(227,9): error TS17004: Cannot use JSX unless the '--jsx' flag is provided.
src/ai-gateway/app/(dashboard)/dashboard/cli-tools/components/codex-tool-card/CodexInstallGuide.tsx(1,24): error TS2307: Cannot find module '@/shared/components' or its corresponding type declarations.
src/ai-gateway/app/(dashboard)/dashboard/cli-tools/components/codex-tool-card/CodexInstallGuide.tsx(3,37): error TS7031: Binding element 'codexStatus' implicitly has an 'any' type.
src/ai-gateway/app/(dashboard)/dashboard/cli-tools/components/codex-tool-card/CodexInstallGuide.tsx(3,50): error TS7031: Binding element 'showInstallGuide' implicitly has an 'any' type.
src/ai-gateway/app/(dashboard)/dashboard/cli-tools/components/codex-tool-card/CodexInstallGuide.tsx(3,68): error TS7031: Binding element 'setShowInstallGuide' implicitly has an 'any' type.
src/ai-gateway/app/(dashboard)/dashboard/cli-tools/components/codex-tool-card/CodexInstallGuide.tsx(3,89): error TS7031: Binding element 't' implicitly has an 'any' type.
src/ai-gateway/app/(dashboard)/dashboard/cli-tools/components/codex-tool-card/CodexInstallGuide.tsx(5,5): error TS17004: Cannot use JSX unless the '--jsx' flag is provided.
src/ai-gateway/app/(dashboard)/dashboard/cli-tools/components/codex-tool-card/CodexInstallGuide.tsx(6,7): error TS17004: Cannot use JSX unless the '--jsx' flag is provided.
src/ai-gateway/app/(dashboard)/dashboard/cli-tools/components/codex-tool-card/CodexInstallGuide.tsx(7,9): error TS17004: Cannot use JSX unless the '--jsx' flag is provided.
src/ai-gateway/app/(dashboard)/dashboard/cli-tools/components/codex-tool-card/CodexInstallGuide.tsx(8,9): error TS17004: Cannot use JSX unless the '--jsx' flag is provided.
src/ai-gateway/app/(dashboard)/dashboard/cli-tools/components/codex-tool-card/CodexInstallGuide.tsx(9,11): error TS17004: Cannot use JSX unless the '--jsx' flag is provided.
src/ai-gateway/app/(dashboard)/dashboard/cli-tools/components/codex-tool-card/CodexInstallGuide.tsx(14,11): error TS17004: Cannot use JSX unless the '--jsx' flag is provided.
src/ai-gateway/app/(dashboard)/dashboard/cli-tools/components/codex-tool-card/CodexInstallGuide.tsx(23,9): error TS17004: Cannot use JSX unless the '--jsx' flag is provided.
src/ai-gateway/app/(dashboard)/dashboard/cli-tools/components/codex-tool-card/CodexInstallGuide.tsx(28,11): error TS17004: Cannot use JSX unless the '--jsx' flag is provided.
src/ai-gateway/app/(dashboard)/dashboard/cli-tools/components/codex-tool-card/CodexInstallGuide.tsx(35,9): error TS17004: Cannot use JSX unless the '--jsx' flag is provided.
src/ai-gateway/app/(dashboard)/dashboard/cli-tools/components/codex-tool-card/CodexInstallGuide.tsx(36,11): error TS17004: Cannot use JSX unless the '--jsx' flag is provided.
src/ai-gateway/app/(dashboard)/dashboard/cli-tools/components/codex-tool-card/CodexInstallGuide.tsx(37,11): error TS17004: Cannot use JSX unless the '--jsx' flag is provided.
src/ai-gateway/app/(dashboard)/dashboard/cli-tools/components/codex-tool-card/CodexInstallGuide.tsx(38,13): error TS17004: Cannot use JSX unless the '--jsx' flag is provided.
src/ai-gateway/app/(dashboard)/dashboard/cli-tools/components/codex-tool-card/CodexInstallGuide.tsx(39,15): error TS17004: Cannot use JSX unless the '--jsx' flag is provided.
src/ai-gateway/app/(dashboard)/dashboard/cli-tools/components/codex-tool-card/CodexInstallGuide.tsx(40,15): error TS17004: Cannot use JSX unless the '--jsx' flag is provided.
src/ai-gateway/app/(dashboard)/dashboard/cli-tools/components/codex-tool-card/CodexInstallGuide.tsx(44,13): error TS17004: Cannot use JSX unless the '--jsx' flag is provided.
src/ai-gateway/app/(dashboard)/dashboard/cli-tools/components/codex-tool-card/CodexInstallGuide.tsx(46,15): error TS17004: Cannot use JSX unless the '--jsx' flag is provided.
src/ai-gateway/app/(dashboard)/dashboard/cli-tools/components/codex-tool-card/CodexInstallGuide.tsx(49,13): error TS17004: Cannot use JSX unless the '--jsx' flag is provided.
src/ai-gateway/app/(dashboard)/dashboard/cli-tools/components/codex-tool-card/CodexInstallGuide.tsx(50,15): error TS17004: Cannot use JSX unless the '--jsx' flag is provided.
src/ai-gateway/app/(dashboard)/dashboard/cli-tools/components/codex-tool-card/CodexInstallGuide.tsx(52,17): error TS17004: Cannot use JSX unless the '--jsx' flag is provided.
src/ai-gateway/app/(dashboard)/dashboard/cli-tools/components/codex-tool-card/CodexInstallGuide.tsx(56,17): error TS17004: Cannot use JSX unless the '--jsx' flag is provided.
src/ai-gateway/app/(dashboard)/dashboard/cli-tools/components/codex-tool-card/CodexProfilesSection.tsx(1,24): error TS2307: Cannot find module '@/shared/components' or its corresponding type declarations.
src/ai-gateway/app/(dashboard)/dashboard/cli-tools/components/codex-tool-card/CodexProfilesSection.tsx(4,3): error TS7031: Binding element 'activatingProfile' implicitly has an 'any' type.
src/ai-gateway/app/(dashboard)/dashboard/cli-tools/components/codex-tool-card/CodexProfilesSection.tsx(5,3): error TS7031: Binding element 'handleActivateProfile' implicitly has an 'any' type.
src/ai-gateway/app/(dashboard)/dashboard/cli-tools/components/codex-tool-card/CodexProfilesSection.tsx(6,3): error TS7031: Binding element 'handleDeleteProfile' implicitly has an 'any' type.
src/ai-gateway/app/(dashboard)/dashboard/cli-tools/components/codex-tool-card/CodexProfilesSection.tsx(7,3): error TS7031: Binding element 'handleSaveProfile' implicitly has an 'any' type.
src/ai-gateway/app/(dashboard)/dashboard/cli-tools/components/codex-tool-card/CodexProfilesSection.tsx(8,3): error TS7031: Binding element 'newProfileName' implicitly has an 'any' type.
src/ai-gateway/app/(dashboard)/dashboard/cli-tools/components/codex-tool-card/CodexProfilesSection.tsx(9,3): error TS7031: Binding element 'profiles' implicitly has an 'any' type.
src/ai-gateway/app/(dashboard)/dashboard/cli-tools/components/codex-tool-card/CodexProfilesSection.tsx(10,3): error TS7031: Binding element 'savingProfile' implicitly has an 'any' type.
src/ai-gateway/app/(dashboard)/dashboard/cli-tools/components/codex-tool-card/CodexProfilesSection.tsx(11,3): error TS7031: Binding element 'setNewProfileName' implicitly has an 'any' type.
src/ai-gateway/app/(dashboard)/dashboard/cli-tools/components/codex-tool-card/CodexProfilesSection.tsx(12,3): error TS7031: Binding element 't' implicitly has an 'any' type.
src/ai-gateway/app/(dashboard)/dashboard/cli-tools/components/codex-tool-card/CodexProfilesSection.tsx(15,5): error TS17004: Cannot use JSX unless the '--jsx' flag is provided.
src/ai-gateway/app/(dashboard)/dashboard/cli-tools/components/codex-tool-card/CodexProfilesSection.tsx(16,7): error TS17004: Cannot use JSX unless the '--jsx' flag is provided.
src/ai-gateway/app/(dashboard)/dashboard/cli-tools/components/codex-tool-card/CodexProfilesSection.tsx(17,9): error TS17004: Cannot use JSX unless the '--jsx' flag is provided.
src/ai-gateway/app/(dashboard)/dashboard/cli-tools/components/codex-tool-card/CodexProfilesSection.tsx(21,9): error TS17004: Cannot use JSX unless the '--jsx' flag is provided.
src/ai-gateway/app/(dashboard)/dashboard/cli-tools/components/codex-tool-card/CodexProfilesSection.tsx(23,9): error TS17004: Cannot use JSX unless the '--jsx' flag is provided.
src/ai-gateway/app/(dashboard)/dashboard/cli-tools/components/codex-tool-card/CodexProfilesSection.tsx(24,26): error TS7006: Parameter 'p' implicitly has an 'any' type.
src/ai-gateway/app/(dashboard)/dashboard/cli-tools/components/codex-tool-card/CodexProfilesSection.tsx(25,13): error TS17004: Cannot use JSX unless the '--jsx' flag is provided.
src/ai-gateway/app/(dashboard)/dashboard/cli-tools/components/codex-tool-card/CodexProfilesSection.tsx(29,15): error TS17004: Cannot use JSX unless the '--jsx' flag is provided.
src/ai-gateway/app/(dashboard)/dashboard/cli-tools/components/codex-tool-card/CodexProfilesSection.tsx(32,15): error TS17004: Cannot use JSX unless the '--jsx' flag is provided.
src/ai-gateway/app/(dashboard)/dashboard/cli-tools/components/codex-tool-card/CodexProfilesSection.tsx(33,15): error TS17004: Cannot use JSX unless the '--jsx' flag is provided.
src/ai-gateway/app/(dashboard)/dashboard/cli-tools/components/codex-tool-card/CodexProfilesSection.tsx(36,15): error TS17004: Cannot use JSX unless the '--jsx' flag is provided.
src/ai-gateway/app/(dashboard)/dashboard/cli-tools/components/codex-tool-card/CodexProfilesSection.tsx(43,15): error TS17004: Cannot use JSX unless the '--jsx' flag is provided.
src/ai-gateway/app/(dashboard)/dashboard/cli-tools/components/codex-tool-card/CodexProfilesSection.tsx(48,17): error TS17004: Cannot use JSX unless the '--jsx' flag is provided.
src/ai-gateway/app/(dashboard)/dashboard/cli-tools/components/codex-tool-card/CodexProfilesSection.tsx(54,7): error TS17004: Cannot use JSX unless the '--jsx' flag is provided.
src/ai-gateway/app/(dashboard)/dashboard/cli-tools/components/codex-tool-card/CodexProfilesSection.tsx(55,9): error TS17004: Cannot use JSX unless the '--jsx' flag is provided.
src/ai-gateway/app/(dashboard)/dashboard/cli-tools/components/codex-tool-card/CodexProfilesSection.tsx(63,9): error TS17004: Cannot use JSX unless the '--jsx' flag is provided.
src/ai-gateway/app/(dashboard)/dashboard/cli-tools/components/codex-tool-card/CodexProfilesSection.tsx(70,11): error TS17004: Cannot use JSX unless the '--jsx' flag is provided.
src/ai-gateway/app/(dashboard)/dashboard/cli-tools/components/codex-tool-card/useCodexToolCard.ts(4,33): error TS2307: Cannot find module 'next-intl' or its corresponding type declarations.
src/ai-gateway/app/(dashboard)/dashboard/cli-tools/components/codex-tool-card/useCodexToolCard.ts(7,3): error TS7031: Binding element 'apiKeys' implicitly has an 'any' type.
src/ai-gateway/app/(dashboard)/dashboard/cli-tools/components/codex-tool-card/useCodexToolCard.ts(8,3): error TS7031: Binding element 'baseUrl' implicitly has an 'any' type.
src/ai-gateway/app/(dashboard)/dashboard/cli-tools/components/codex-tool-card/useCodexToolCard.ts(9,3): error TS7031: Binding element 'batchStatus' implicitly has an 'any' type.
src/ai-gateway/app/(dashboard)/dashboard/cli-tools/components/codex-tool-card/useCodexToolCard.ts(10,3): error TS7031: Binding element 'cloudEnabled' implicitly has an 'any' type.
src/ai-gateway/app/(dashboard)/dashboard/cli-tools/components/codex-tool-card/useCodexToolCard.ts(11,3): error TS7031: Binding element 'isExpanded' implicitly has an 'any' type.
src/ai-gateway/app/(dashboard)/dashboard/cli-tools/components/codex-tool-card/useCodexToolCard.ts(34,36): error TS2339: Property 'installed' does not exist on type 'never'.
src/ai-gateway/app/(dashboard)/dashboard/cli-tools/components/codex-tool-card/useCodexToolCard.ts(34,62): error TS2339: Property 'runnable' does not exist on type 'never'.
src/ai-gateway/app/(dashboard)/dashboard/cli-tools/components/codex-tool-card/useCodexToolCard.ts(52,22): error TS2339: Property 'config' does not exist on type 'never'.
src/ai-gateway/app/(dashboard)/dashboard/cli-tools/components/codex-tool-card/useCodexToolCard.ts(53,38): error TS2339: Property 'config' does not exist on type 'never'.
src/ai-gateway/app/(dashboard)/dashboard/cli-tools/components/codex-tool-card/useCodexToolCard.ts(70,22): error TS2339: Property 'config' does not exist on type 'never'.
src/ai-gateway/app/(dashboard)/dashboard/cli-tools/components/codex-tool-card/useCodexToolCard.ts(72,19): error TS2339: Property 'config' does not exist on type 'never'.
src/ai-gateway/app/(dashboard)/dashboard/cli-tools/components/codex-tool-card/useCodexToolCard.ts(73,19): error TS2339: Property 'config' does not exist on type 'never'.
src/ai-gateway/app/(dashboard)/dashboard/cli-tools/components/codex-tool-card/useCodexToolCard.ts(74,19): error TS2339: Property 'config' does not exist on type 'never'.
src/ai-gateway/app/(dashboard)/dashboard/cli-tools/components/codex-tool-card/useCodexToolCard.ts(95,24): error TS2353: Object literal may only specify known properties, and 'installed' does not exist in type '(prevState: null) => null'.
src/ai-gateway/app/(dashboard)/dashboard/cli-tools/components/codex-tool-card/useCodexToolCard.ts(95,49): error TS18046: 'error' is of type 'unknown'.
src/ai-gateway/app/(dashboard)/dashboard/cli-tools/components/codex-tool-card/useCodexToolCard.ts(123,22): error TS2353: Object literal may only specify known properties, and 'type' does not exist in type '(prevState: null) => null'.
src/ai-gateway/app/(dashboard)/dashboard/cli-tools/components/codex-tool-card/useCodexToolCard.ts(126,22): error TS2353: Object literal may only specify known properties, and 'type' does not exist in type '(prevState: null) => null'.
src/ai-gateway/app/(dashboard)/dashboard/cli-tools/components/codex-tool-card/useCodexToolCard.ts(129,20): error TS2353: Object literal may only specify known properties, and 'type' does not exist in type '(prevState: null) => null'.
src/ai-gateway/app/(dashboard)/dashboard/cli-tools/components/codex-tool-card/useCodexToolCard.ts(129,41): error TS18046: 'error' is of type 'unknown'.
src/ai-gateway/app/(dashboard)/dashboard/cli-tools/components/codex-tool-card/useCodexToolCard.ts(142,22): error TS2353: Object literal may only specify known properties, and 'type' does not exist in type '(prevState: null) => null'.
src/ai-gateway/app/(dashboard)/dashboard/cli-tools/components/codex-tool-card/useCodexToolCard.ts(146,22): error TS2353: Object literal may only specify known properties, and 'type' does not exist in type '(prevState: null) => null'.
src/ai-gateway/app/(dashboard)/dashboard/cli-tools/components/codex-tool-card/useCodexToolCard.ts(149,20): error TS2353: Object literal may only specify known properties, and 'type' does not exist in type '(prevState: null) => null'.
src/ai-gateway/app/(dashboard)/dashboard/cli-tools/components/codex-tool-card/useCodexToolCard.ts(149,41): error TS18046: 'error' is of type 'unknown'.
src/ai-gateway/app/(dashboard)/dashboard/cli-tools/components/codex-tool-card/useCodexToolCard.ts(155,30): error TS7006: Parameter 'model' implicitly has an 'any' type.
src/ai-gateway/app/(dashboard)/dashboard/cli-tools/components/codex-tool-card/useCodexToolCard.ts(182,22): error TS2353: Object literal may only specify known properties, and 'type' does not exist in type '(prevState: null) => null'.
src/ai-gateway/app/(dashboard)/dashboard/cli-tools/components/codex-tool-card/useCodexToolCard.ts(186,22): error TS2353: Object literal may only specify known properties, and 'type' does not exist in type '(prevState: null) => null'.
src/ai-gateway/app/(dashboard)/dashboard/cli-tools/components/codex-tool-card/useCodexToolCard.ts(189,20): error TS2353: Object literal may only specify known properties, and 'type' does not exist in type '(prevState: null) => null'.
src/ai-gateway/app/(dashboard)/dashboard/cli-tools/components/codex-tool-card/useCodexToolCard.ts(189,41): error TS18046: 'error' is of type 'unknown'.
src/ai-gateway/app/(dashboard)/dashboard/cli-tools/components/codex-tool-card/useCodexToolCard.ts(195,40): error TS7006: Parameter 'profileId' implicitly has an 'any' type.
src/ai-gateway/app/(dashboard)/dashboard/cli-tools/components/codex-tool-card/useCodexToolCard.ts(206,22): error TS2353: Object literal may only specify known properties, and 'type' does not exist in type '(prevState: null) => null'.
src/ai-gateway/app/(dashboard)/dashboard/cli-tools/components/codex-tool-card/useCodexToolCard.ts(210,22): error TS2353: Object literal may only specify known properties, and 'type' does not exist in type '(prevState: null) => null'.
src/ai-gateway/app/(dashboard)/dashboard/cli-tools/components/codex-tool-card/useCodexToolCard.ts(213,20): error TS2353: Object literal may only specify known properties, and 'type' does not exist in type '(prevState: null) => null'.
src/ai-gateway/app/(dashboard)/dashboard/cli-tools/components/codex-tool-card/useCodexToolCard.ts(213,41): error TS18046: 'error' is of type 'unknown'.
src/ai-gateway/app/(dashboard)/dashboard/cli-tools/components/codex-tool-card/useCodexToolCard.ts(219,38): error TS7006: Parameter 'profileId' implicitly has an 'any' type.
src/ai-gateway/app/(dashboard)/dashboard/cli-tools/components/codex-tool-card/useCodexToolCard.ts(242,38): error TS7006: Parameter 'backupId' implicitly has an 'any' type.
src/ai-gateway/app/(dashboard)/dashboard/cli-tools/components/codex-tool-card/useCodexToolCard.ts(253,22): error TS2353: Object literal may only specify known properties, and 'type' does not exist in type '(prevState: null) => null'.
src/ai-gateway/app/(dashboard)/dashboard/cli-tools/components/codex-tool-card/useCodexToolCard.ts(257,22): error TS2353: Object literal may only specify known properties, and 'type' does not exist in type '(prevState: null) => null'.
src/ai-gateway/app/(dashboard)/dashboard/cli-tools/components/codex-tool-card/useCodexToolCard.ts(260,20): error TS2353: Object literal may only specify known properties, and 'type' does not exist in type '(prevState: null) => null'.
src/ai-gateway/app/(dashboard)/dashboard/cli-tools/components/codex-tool-card/useCodexToolCard.ts(260,41): error TS18046: 'error' is of type 'unknown'.
src/ai-gateway/app/(dashboard)/dashboard/cli-tools/components/CodexToolCard.tsx(3,53): error TS2307: Cannot find module '@/shared/components' or its corresponding type declarations.
src/ai-gateway/app/(dashboard)/dashboard/cli-tools/components/CodexToolCard.tsx(4,34): error TS6142: Module './codex-tool-card/CodexConfigPanel' was resolved to 'C:/TESTES DEV/1_PROJETOS_ATIVOS/Zavorth/src/ai-gateway/app/(dashboard)/dashboard/cli-tools/components/codex-tool-card/CodexConfigPanel.tsx', but '--jsx' is not set.
src/ai-gateway/app/(dashboard)/dashboard/cli-tools/components/CodexToolCard.tsx(5,35): error TS6142: Module './codex-tool-card/CodexInstallGuide' was resolved to 'C:/TESTES DEV/1_PROJETOS_ATIVOS/Zavorth/src/ai-gateway/app/(dashboard)/dashboard/cli-tools/components/codex-tool-card/CodexInstallGuide.tsx', but '--jsx' is not set.
src/ai-gateway/app/(dashboard)/dashboard/cli-tools/components/CodexToolCard.tsx(7,28): error TS6142: Module './CliStatusBadge' was resolved to 'C:/TESTES DEV/1_PROJETOS_ATIVOS/Zavorth/src/ai-gateway/app/(dashboard)/dashboard/cli-tools/components/CliStatusBadge.tsx', but '--jsx' is not set.
src/ai-gateway/app/(dashboard)/dashboard/cli-tools/components/CodexToolCard.tsx(12,8): error TS6142: Module './CliToolCardFrame' was resolved to 'C:/TESTES DEV/1_PROJETOS_ATIVOS/Zavorth/src/ai-gateway/app/(dashboard)/dashboard/cli-tools/components/CliToolCardFrame.tsx', but '--jsx' is not set.
src/ai-gateway/app/(dashboard)/dashboard/cli-tools/components/CodexToolCard.tsx(15,3): error TS7031: Binding element 'tool' implicitly has an 'any' type.
src/ai-gateway/app/(dashboard)/dashboard/cli-tools/components/CodexToolCard.tsx(16,3): error TS7031: Binding element 'isExpanded' implicitly has an 'any' type.
src/ai-gateway/app/(dashboard)/dashboard/cli-tools/components/CodexToolCard.tsx(17,3): error TS7031: Binding element 'onToggle' implicitly has an 'any' type.
src/ai-gateway/app/(dashboard)/dashboard/cli-tools/components/CodexToolCard.tsx(18,3): error TS7031: Binding element 'baseUrl' implicitly has an 'any' type.
src/ai-gateway/app/(dashboard)/dashboard/cli-tools/components/CodexToolCard.tsx(19,3): error TS7031: Binding element 'apiKeys' implicitly has an 'any' type.
src/ai-gateway/app/(dashboard)/dashboard/cli-tools/components/CodexToolCard.tsx(20,3): error TS7031: Binding element 'activeProviders' implicitly has an 'any' type.
src/ai-gateway/app/(dashboard)/dashboard/cli-tools/components/CodexToolCard.tsx(21,3): error TS7031: Binding element 'cloudEnabled' implicitly has an 'any' type.
src/ai-gateway/app/(dashboard)/dashboard/cli-tools/components/CodexToolCard.tsx(22,3): error TS7031: Binding element 'batchStatus' implicitly has an 'any' type.
src/ai-gateway/app/(dashboard)/dashboard/cli-tools/components/CodexToolCard.tsx(23,3): error TS7031: Binding element 'lastConfiguredAt' implicitly has an 'any' type.
src/ai-gateway/app/(dashboard)/dashboard/cli-tools/components/CodexToolCard.tsx(49,5): error TS17004: Cannot use JSX unless the '--jsx' flag is provided.
src/ai-gateway/app/(dashboard)/dashboard/cli-tools/components/CodexToolCard.tsx(50,7): error TS17004: Cannot use JSX unless the '--jsx' flag is provided.
src/ai-gateway/app/(dashboard)/dashboard/cli-tools/components/CodexToolCard.tsx(58,11): error TS17004: Cannot use JSX unless the '--jsx' flag is provided.
src/ai-gateway/app/(dashboard)/dashboard/cli-tools/components/CodexToolCard.tsx(65,11): error TS17004: Cannot use JSX unless the '--jsx' flag is provided.
src/ai-gateway/app/(dashboard)/dashboard/cli-tools/components/CodexToolCard.tsx(66,13): error TS17004: Cannot use JSX unless the '--jsx' flag is provided.
src/ai-gateway/app/(dashboard)/dashboard/cli-tools/components/CodexToolCard.tsx(67,13): error TS17004: Cannot use JSX unless the '--jsx' flag is provided.
src/ai-gateway/app/(dashboard)/dashboard/cli-tools/components/CodexToolCard.tsx(73,9): error TS17004: Cannot use JSX unless the '--jsx' flag is provided.
src/ai-gateway/app/(dashboard)/dashboard/cli-tools/components/CodexToolCard.tsx(79,13): error TS17004: Cannot use JSX unless the '--jsx' flag is provided.
src/ai-gateway/app/(dashboard)/dashboard/cli-tools/components/CodexToolCard.tsx(83,13): error TS17004: Cannot use JSX unless the '--jsx' flag is provided.
src/ai-gateway/app/(dashboard)/dashboard/cli-tools/components/CodexToolCard.tsx(92,13): error TS17004: Cannot use JSX unless the '--jsx' flag is provided.
src/ai-gateway/app/(dashboard)/dashboard/cli-tools/components/CodexToolCard.tsx(103,7): error TS17004: Cannot use JSX unless the '--jsx' flag is provided.
src/ai-gateway/app/(dashboard)/dashboard/cli-tools/components/CodexToolCard.tsx(113,7): error TS17004: Cannot use JSX unless the '--jsx' flag is provided.
src/ai-gateway/app/(dashboard)/dashboard/cli-tools/components/CopilotToolCard.tsx(4,24): error TS2307: Cannot find module '@/shared/components' or its corresponding type declarations.
src/ai-gateway/app/(dashboard)/dashboard/cli-tools/components/CopilotToolCard.tsx(5,33): error TS2307: Cannot find module 'next-intl' or its corresponding type declarations.
src/ai-gateway/app/(dashboard)/dashboard/cli-tools/components/CopilotToolCard.tsx(11,8): error TS6142: Module './CliToolCardFrame' was resolved to 'C:/TESTES DEV/1_PROJETOS_ATIVOS/Zavorth/src/ai-gateway/app/(dashboard)/dashboard/cli-tools/components/CliToolCardFrame.tsx', but '--jsx' is not set.
src/ai-gateway/app/(dashboard)/dashboard/cli-tools/components/CopilotToolCard.tsx(70,3): error TS7031: Binding element 'tool' implicitly has an 'any' type.
src/ai-gateway/app/(dashboard)/dashboard/cli-tools/components/CopilotToolCard.tsx(71,3): error TS7031: Binding element 'isExpanded' implicitly has an 'any' type.
src/ai-gateway/app/(dashboard)/dashboard/cli-tools/components/CopilotToolCard.tsx(72,3): error TS7031: Binding element 'onToggle' implicitly has an 'any' type.
src/ai-gateway/app/(dashboard)/dashboard/cli-tools/components/CopilotToolCard.tsx(73,3): error TS7031: Binding element 'baseUrl' implicitly has an 'any' type.
src/ai-gateway/app/(dashboard)/dashboard/cli-tools/components/CopilotToolCard.tsx(74,3): error TS7031: Binding element 'apiKeys' implicitly has an 'any' type.
src/ai-gateway/app/(dashboard)/dashboard/cli-tools/components/CopilotToolCard.tsx(177,5): error TS17004: Cannot use JSX unless the '--jsx' flag is provided.
src/ai-gateway/app/(dashboard)/dashboard/cli-tools/components/CopilotToolCard.tsx(188,9): error TS17004: Cannot use JSX unless the '--jsx' flag is provided.
src/ai-gateway/app/(dashboard)/dashboard/cli-tools/components/CopilotToolCard.tsx(193,9): error TS17004: Cannot use JSX unless the '--jsx' flag is provided.
src/ai-gateway/app/(dashboard)/dashboard/cli-tools/components/CopilotToolCard.tsx(194,11): error TS17004: Cannot use JSX unless the '--jsx' flag is provided.
src/ai-gateway/app/(dashboard)/dashboard/cli-tools/components/CopilotToolCard.tsx(197,11): error TS17004: Cannot use JSX unless the '--jsx' flag is provided.
src/ai-gateway/app/(dashboard)/dashboard/cli-tools/components/CopilotToolCard.tsx(201,7): error TS17004: Cannot use JSX unless the '--jsx' flag is provided.
src/ai-gateway/app/(dashboard)/dashboard/cli-tools/components/CopilotToolCard.tsx(207,9): error TS17004: Cannot use JSX unless the '--jsx' flag is provided.
src/ai-gateway/app/(dashboard)/dashboard/cli-tools/components/CopilotToolCard.tsx(208,11): error TS17004: Cannot use JSX unless the '--jsx' flag is provided.
src/ai-gateway/app/(dashboard)/dashboard/cli-tools/components/CopilotToolCard.tsx(209,26): error TS17004: Cannot use JSX unless the '--jsx' flag is provided.
src/ai-gateway/app/(dashboard)/dashboard/cli-tools/components/CopilotToolCard.tsx(213,9): error TS17004: Cannot use JSX unless the '--jsx' flag is provided.
src/ai-gateway/app/(dashboard)/dashboard/cli-tools/components/CopilotToolCard.tsx(214,11): error TS17004: Cannot use JSX unless the '--jsx' flag is provided.
src/ai-gateway/app/(dashboard)/dashboard/cli-tools/components/CopilotToolCard.tsx(222,9): error TS17004: Cannot use JSX unless the '--jsx' flag is provided.
src/ai-gateway/app/(dashboard)/dashboard/cli-tools/components/CopilotToolCard.tsx(227,11): error TS17004: Cannot use JSX unless the '--jsx' flag is provided.
src/ai-gateway/app/(dashboard)/dashboard/cli-tools/components/CopilotToolCard.tsx(233,15): error TS17004: Cannot use JSX unless the '--jsx' flag is provided.
src/ai-gateway/app/(dashboard)/dashboard/cli-tools/components/CopilotToolCard.tsx(241,7): error TS17004: Cannot use JSX unless the '--jsx' flag is provided.
src/ai-gateway/app/(dashboard)/dashboard/cli-tools/components/CopilotToolCard.tsx(246,9): error TS17004: Cannot use JSX unless the '--jsx' flag is provided.
src/ai-gateway/app/(dashboard)/dashboard/cli-tools/components/CopilotToolCard.tsx(247,11): error TS17004: Cannot use JSX unless the '--jsx' flag is provided.
src/ai-gateway/app/(dashboard)/dashboard/cli-tools/components/CopilotToolCard.tsx(254,11): error TS17004: Cannot use JSX unless the '--jsx' flag is provided.
src/ai-gateway/app/(dashboard)/dashboard/cli-tools/components/CopilotToolCard.tsx(262,11): error TS17004: Cannot use JSX unless the '--jsx' flag is provided.
src/ai-gateway/app/(dashboard)/dashboard/cli-tools/components/CopilotToolCard.tsx(268,11): error TS17004: Cannot use JSX unless the '--jsx' flag is provided.
src/ai-gateway/app/(dashboard)/dashboard/cli-tools/components/CopilotToolCard.tsx(270,11): error TS17004: Cannot use JSX unless the '--jsx' flag is provided.
src/ai-gateway/app/(dashboard)/dashboard/cli-tools/components/CopilotToolCard.tsx(272,11): error TS17004: Cannot use JSX unless the '--jsx' flag is provided.
src/ai-gateway/app/(dashboard)/dashboard/cli-tools/components/CopilotToolCard.tsx(274,15): error TS17004: Cannot use JSX unless the '--jsx' flag is provided.
src/ai-gateway/app/(dashboard)/dashboard/cli-tools/components/CopilotToolCard.tsx(278,17): error TS17004: Cannot use JSX unless the '--jsx' flag is provided.
src/ai-gateway/app/(dashboard)/dashboard/cli-tools/components/CopilotToolCard.tsx(284,17): error TS17004: Cannot use JSX unless the '--jsx' flag is provided.
src/ai-gateway/app/(dashboard)/dashboard/cli-tools/components/CopilotToolCard.tsx(291,7): error TS17004: Cannot use JSX unless the '--jsx' flag is provided.
src/ai-gateway/app/(dashboard)/dashboard/cli-tools/components/CopilotToolCard.tsx(296,9): error TS17004: Cannot use JSX unless the '--jsx' flag is provided.
src/ai-gateway/app/(dashboard)/dashboard/cli-tools/components/CopilotToolCard.tsx(297,11): error TS17004: Cannot use JSX unless the '--jsx' flag is provided.
src/ai-gateway/app/(dashboard)/dashboard/cli-tools/components/CopilotToolCard.tsx(298,13): error TS17004: Cannot use JSX unless the '--jsx' flag is provided.
src/ai-gateway/app/(dashboard)/dashboard/cli-tools/components/CopilotToolCard.tsx(305,11): error TS17004: Cannot use JSX unless the '--jsx' flag is provided.
src/ai-gateway/app/(dashboard)/dashboard/cli-tools/components/CopilotToolCard.tsx(306,13): error TS17004: Cannot use JSX unless the '--jsx' flag is provided.
src/ai-gateway/app/(dashboard)/dashboard/cli-tools/components/CopilotToolCard.tsx(313,11): error TS17004: Cannot use JSX unless the '--jsx' flag is provided.
src/ai-gateway/app/(dashboard)/dashboard/cli-tools/components/CopilotToolCard.tsx(314,13): error TS17004: Cannot use JSX unless the '--jsx' flag is provided.
src/ai-gateway/app/(dashboard)/dashboard/cli-tools/components/CopilotToolCard.tsx(322,11): error TS17004: Cannot use JSX unless the '--jsx' flag is provided.
src/ai-gateway/app/(dashboard)/dashboard/cli-tools/components/CopilotToolCard.tsx(323,13): error TS17004: Cannot use JSX unless the '--jsx' flag is provided.
src/ai-gateway/app/(dashboard)/dashboard/cli-tools/components/CopilotToolCard.tsx(335,9): error TS17004: Cannot use JSX unless the '--jsx' flag is provided.
src/ai-gateway/app/(dashboard)/dashboard/cli-tools/components/CopilotToolCard.tsx(341,13): error TS17004: Cannot use JSX unless the '--jsx' flag is provided.
src/ai-gateway/app/(dashboard)/dashboard/cli-tools/components/CopilotToolCard.tsx(351,11): error TS17004: Cannot use JSX unless the '--jsx' flag is provided.
src/ai-gateway/app/(dashboard)/dashboard/cli-tools/components/CopilotToolCard.tsx(352,13): error TS17004: Cannot use JSX unless the '--jsx' flag is provided.
src/ai-gateway/app/(dashboard)/dashboard/cli-tools/components/CopilotToolCard.tsx(354,11): error TS17004: Cannot use JSX unless the '--jsx' flag is provided.
src/ai-gateway/app/(dashboard)/dashboard/cli-tools/components/CopilotToolCard.tsx(355,13): error TS17004: Cannot use JSX unless the '--jsx' flag is provided.
src/ai-gateway/app/(dashboard)/dashboard/cli-tools/components/DefaultToolCard.tsx(4,42): error TS2307: Cannot find module '@/shared/components' or its corresponding type declarations.
src/ai-gateway/app/(dashboard)/dashboard/cli-tools/components/DefaultToolCard.tsx(5,33): error TS2307: Cannot find module 'next-intl' or its corresponding type declarations.
src/ai-gateway/app/(dashboard)/dashboard/cli-tools/components/DefaultToolCard.tsx(6,33): error TS2307: Cannot find module '@/shared/utils/clipboard' or its corresponding type declarations.
src/ai-gateway/app/(dashboard)/dashboard/cli-tools/components/DefaultToolCard.tsx(7,28): error TS6142: Module './CliStatusBadge' was resolved to 'C:/TESTES DEV/1_PROJETOS_ATIVOS/Zavorth/src/ai-gateway/app/(dashboard)/dashboard/cli-tools/components/CliStatusBadge.tsx', but '--jsx' is not set.
src/ai-gateway/app/(dashboard)/dashboard/cli-tools/components/DefaultToolCard.tsx(12,8): error TS6142: Module './CliToolCardFrame' was resolved to 'C:/TESTES DEV/1_PROJETOS_ATIVOS/Zavorth/src/ai-gateway/app/(dashboard)/dashboard/cli-tools/components/CliToolCardFrame.tsx', but '--jsx' is not set.
src/ai-gateway/app/(dashboard)/dashboard/cli-tools/components/DefaultToolCard.tsx(22,34): error TS7006: Parameter 'key' implicitly has an 'any' type.
src/ai-gateway/app/(dashboard)/dashboard/cli-tools/components/DefaultToolCard.tsx(22,39): error TS7006: Parameter 'legacyKey' implicitly has an 'any' type.
src/ai-gateway/app/(dashboard)/dashboard/cli-tools/components/DefaultToolCard.tsx(40,35): error TS7006: Parameter 'key' implicitly has an 'any' type.
src/ai-gateway/app/(dashboard)/dashboard/cli-tools/components/DefaultToolCard.tsx(40,40): error TS7006: Parameter 'value' implicitly has an 'any' type.
src/ai-gateway/app/(dashboard)/dashboard/cli-tools/components/DefaultToolCard.tsx(55,3): error TS7031: Binding element 'toolId' implicitly has an 'any' type.
src/ai-gateway/app/(dashboard)/dashboard/cli-tools/components/DefaultToolCard.tsx(56,3): error TS7031: Binding element 'tool' implicitly has an 'any' type.
src/ai-gateway/app/(dashboard)/dashboard/cli-tools/components/DefaultToolCard.tsx(57,3): error TS7031: Binding element 'isExpanded' implicitly has an 'any' type.
src/ai-gateway/app/(dashboard)/dashboard/cli-tools/components/DefaultToolCard.tsx(58,3): error TS7031: Binding element 'onToggle' implicitly has an 'any' type.
src/ai-gateway/app/(dashboard)/dashboard/cli-tools/components/DefaultToolCard.tsx(59,3): error TS7031: Binding element 'baseUrl' implicitly has an 'any' type.
src/ai-gateway/app/(dashboard)/dashboard/cli-tools/components/DefaultToolCard.tsx(60,3): error TS7031: Binding element 'apiKeys' implicitly has an 'any' type.
src/ai-gateway/app/(dashboard)/dashboard/cli-tools/components/DefaultToolCard.tsx(63,3): error TS7031: Binding element 'batchStatus' implicitly has an 'any' type.
src/ai-gateway/app/(dashboard)/dashboard/cli-tools/components/DefaultToolCard.tsx(68,6): error TS7006: Parameter 'key' implicitly has an 'any' type.
src/ai-gateway/app/(dashboard)/dashboard/cli-tools/components/DefaultToolCard.tsx(68,11): error TS7006: Parameter 'fallback' implicitly has an 'any' type.
src/ai-gateway/app/(dashboard)/dashboard/cli-tools/components/DefaultToolCard.tsx(98,36): error TS7006: Parameter 'key' implicitly has an 'any' type.
src/ai-gateway/app/(dashboard)/dashboard/cli-tools/components/DefaultToolCard.tsx(104,6): error TS7006: Parameter 'value' implicitly has an 'any' type.
src/ai-gateway/app/(dashboard)/dashboard/cli-tools/components/DefaultToolCard.tsx(116,6): error TS7006: Parameter 'value' implicitly has an 'any' type.
src/ai-gateway/app/(dashboard)/dashboard/cli-tools/components/DefaultToolCard.tsx(135,11): error TS2353: Object literal may only specify known properties, and 'error' does not exist in type '(prevState: null) => null'.
src/ai-gateway/app/(dashboard)/dashboard/cli-tools/components/DefaultToolCard.tsx(140,24): error TS7006: Parameter 'text' implicitly has an 'any' type.
src/ai-gateway/app/(dashboard)/dashboard/cli-tools/components/DefaultToolCard.tsx(159,29): error TS7006: Parameter 'text' implicitly has an 'any' type.
src/ai-gateway/app/(dashboard)/dashboard/cli-tools/components/DefaultToolCard.tsx(159,35): error TS7006: Parameter 'field' implicitly has an 'any' type.
src/ai-gateway/app/(dashboard)/dashboard/cli-tools/components/DefaultToolCard.tsx(165,30): error TS7006: Parameter 'model' implicitly has an 'any' type.
src/ai-gateway/app/(dashboard)/dashboard/cli-tools/components/DefaultToolCard.tsx(203,11): error TS2353: Object literal may only specify known properties, and 'type' does not exist in type '(prevState: null) => null'.
src/ai-gateway/app/(dashboard)/dashboard/cli-tools/components/DefaultToolCard.tsx(208,11): error TS2353: Object literal may only specify known properties, and 'type' does not exist in type '(prevState: null) => null'.
src/ai-gateway/app/(dashboard)/dashboard/cli-tools/components/DefaultToolCard.tsx(213,20): error TS2353: Object literal may only specify known properties, and 'type' does not exist in type '(prevState: null) => null'.
src/ai-gateway/app/(dashboard)/dashboard/cli-tools/components/DefaultToolCard.tsx(213,41): error TS18046: 'error' is of type 'unknown'.
src/ai-gateway/app/(dashboard)/dashboard/cli-tools/components/DefaultToolCard.tsx(248,30): error TS2339: Property 'reason' does not exist on type 'never'.
src/ai-gateway/app/(dashboard)/dashboard/cli-tools/components/DefaultToolCard.tsx(250,17): error TS2339: Property 'installed' does not exist on type 'never'.
src/ai-gateway/app/(dashboard)/dashboard/cli-tools/components/DefaultToolCard.tsx(250,38): error TS2339: Property 'runnable' does not exist on type 'never'.
src/ai-gateway/app/(dashboard)/dashboard/cli-tools/components/DefaultToolCard.tsx(252,43): error TS2339: Property 'installed' does not exist on type 'never'.
src/ai-gateway/app/(dashboard)/dashboard/cli-tools/components/DefaultToolCard.tsx(256,9): error TS17004: Cannot use JSX unless the '--jsx' flag is provided.
src/ai-gateway/app/(dashboard)/dashboard/cli-tools/components/DefaultToolCard.tsx(264,9): error TS17004: Cannot use JSX unless the '--jsx' flag is provided.
src/ai-gateway/app/(dashboard)/dashboard/cli-tools/components/DefaultToolCard.tsx(272,9): error TS17004: Cannot use JSX unless the '--jsx' flag is provided.
src/ai-gateway/app/(dashboard)/dashboard/cli-tools/components/DefaultToolCard.tsx(280,9): error TS17004: Cannot use JSX unless the '--jsx' flag is provided.
src/ai-gateway/app/(dashboard)/dashboard/cli-tools/components/DefaultToolCard.tsx(287,7): error TS17004: Cannot use JSX unless the '--jsx' flag is provided.
src/ai-gateway/app/(dashboard)/dashboard/cli-tools/components/DefaultToolCard.tsx(296,9): error TS17004: Cannot use JSX unless the '--jsx' flag is provided.
src/ai-gateway/app/(dashboard)/dashboard/cli-tools/components/DefaultToolCard.tsx(297,11): error TS17004: Cannot use JSX unless the '--jsx' flag is provided.
src/ai-gateway/app/(dashboard)/dashboard/cli-tools/components/DefaultToolCard.tsx(302,27): error TS7006: Parameter 'key' implicitly has an 'any' type.
src/ai-gateway/app/(dashboard)/dashboard/cli-tools/components/DefaultToolCard.tsx(303,15): error TS17004: Cannot use JSX unless the '--jsx' flag is provided.
src/ai-gateway/app/(dashboard)/dashboard/cli-tools/components/DefaultToolCard.tsx(308,11): error TS17004: Cannot use JSX unless the '--jsx' flag is provided.
src/ai-gateway/app/(dashboard)/dashboard/cli-tools/components/DefaultToolCard.tsx(321,7): error TS17004: Cannot use JSX unless the '--jsx' flag is provided.
src/ai-gateway/app/(dashboard)/dashboard/cli-tools/components/DefaultToolCard.tsx(330,9): error TS17004: Cannot use JSX unless the '--jsx' flag is provided.
src/ai-gateway/app/(dashboard)/dashboard/cli-tools/components/DefaultToolCard.tsx(347,7): error TS17004: Cannot use JSX unless the '--jsx' flag is provided.
src/ai-gateway/app/(dashboard)/dashboard/cli-tools/components/DefaultToolCard.tsx(348,9): error TS17004: Cannot use JSX unless the '--jsx' flag is provided.
src/ai-gateway/app/(dashboard)/dashboard/cli-tools/components/DefaultToolCard.tsx(355,9): error TS17004: Cannot use JSX unless the '--jsx' flag is provided.
src/ai-gateway/app/(dashboard)/dashboard/cli-tools/components/DefaultToolCard.tsx(365,11): error TS17004: Cannot use JSX unless the '--jsx' flag is provided.
src/ai-gateway/app/(dashboard)/dashboard/cli-tools/components/DefaultToolCard.tsx(366,13): error TS17004: Cannot use JSX unless the '--jsx' flag is provided.
src/ai-gateway/app/(dashboard)/dashboard/cli-tools/components/DefaultToolCard.tsx(374,13): error TS17004: Cannot use JSX unless the '--jsx' flag is provided.
src/ai-gateway/app/(dashboard)/dashboard/cli-tools/components/DefaultToolCard.tsx(393,28): error TS7006: Parameter 'note' implicitly has an 'any' type.
src/ai-gateway/app/(dashboard)/dashboard/cli-tools/components/DefaultToolCard.tsx(393,34): error TS7006: Parameter 'index' implicitly has an 'any' type.
src/ai-gateway/app/(dashboard)/dashboard/cli-tools/components/DefaultToolCard.tsx(410,9): error TS17004: Cannot use JSX unless the '--jsx' flag is provided.
src/ai-gateway/app/(dashboard)/dashboard/cli-tools/components/DefaultToolCard.tsx(412,11): error TS2322: Type 'string' is not assignable to type '"danger" | "info" | "warning" | "success" | "neutral" | undefined'.
src/ai-gateway/app/(dashboard)/dashboard/cli-tools/components/DefaultToolCard.tsx(416,11): error TS17004: Cannot use JSX unless the '--jsx' flag is provided.
src/ai-gateway/app/(dashboard)/dashboard/cli-tools/components/DefaultToolCard.tsx(425,9): error TS17004: Cannot use JSX unless the '--jsx' flag is provided.
src/ai-gateway/app/(dashboard)/dashboard/cli-tools/components/DefaultToolCard.tsx(430,11): error TS17004: Cannot use JSX unless the '--jsx' flag is provided.
src/ai-gateway/app/(dashboard)/dashboard/cli-tools/components/DefaultToolCard.tsx(440,24): error TS2339: Property 'error' does not exist on type 'never'.
src/ai-gateway/app/(dashboard)/dashboard/cli-tools/components/DefaultToolCard.tsx(442,9): error TS17004: Cannot use JSX unless the '--jsx' flag is provided.
src/ai-gateway/app/(dashboard)/dashboard/cli-tools/components/DefaultToolCard.tsx(447,11): error TS17004: Cannot use JSX unless the '--jsx' flag is provided.
src/ai-gateway/app/(dashboard)/dashboard/cli-tools/components/DefaultToolCard.tsx(462,21): error TS2339: Property 'reason' does not exist on type 'never'.
src/ai-gateway/app/(dashboard)/dashboard/cli-tools/components/DefaultToolCard.tsx(464,25): error TS2339: Property 'installed' does not exist on type 'never'.
src/ai-gateway/app/(dashboard)/dashboard/cli-tools/components/DefaultToolCard.tsx(464,52): error TS2339: Property 'runnable' does not exist on type 'never'.
src/ai-gateway/app/(dashboard)/dashboard/cli-tools/components/DefaultToolCard.tsx(466,27): error TS2339: Property 'installed' does not exist on type 'never'.
src/ai-gateway/app/(dashboard)/dashboard/cli-tools/components/DefaultToolCard.tsx(469,61): error TS2339: Property 'reason' does not exist on type 'never'.
src/ai-gateway/app/(dashboard)/dashboard/cli-tools/components/DefaultToolCard.tsx(469,89): error TS2339: Property 'reason' does not exist on type 'never'.
src/ai-gateway/app/(dashboard)/dashboard/cli-tools/components/DefaultToolCard.tsx(470,17): error TS2345: Argument of type '{ reason: string; }' is not assignable to parameter of type 'undefined'.
src/ai-gateway/app/(dashboard)/dashboard/cli-tools/components/DefaultToolCard.tsx(471,41): error TS2339: Property 'reason' does not exist on type 'never'.
src/ai-gateway/app/(dashboard)/dashboard/cli-tools/components/DefaultToolCard.tsx(471,69): error TS2339: Property 'reason' does not exist on type 'never'.
src/ai-gateway/app/(dashboard)/dashboard/cli-tools/components/DefaultToolCard.tsx(477,21): error TS2339: Property 'reason' does not exist on type 'never'.
src/ai-gateway/app/(dashboard)/dashboard/cli-tools/components/DefaultToolCard.tsx(479,25): error TS2339: Property 'installed' does not exist on type 'never'.
src/ai-gateway/app/(dashboard)/dashboard/cli-tools/components/DefaultToolCard.tsx(479,52): error TS2339: Property 'runnable' does not exist on type 'never'.
src/ai-gateway/app/(dashboard)/dashboard/cli-tools/components/DefaultToolCard.tsx(484,21): error TS2339: Property 'reason' does not exist on type 'never'.
src/ai-gateway/app/(dashboard)/dashboard/cli-tools/components/DefaultToolCard.tsx(486,25): error TS2339: Property 'installed' does not exist on type 'never'.
src/ai-gateway/app/(dashboard)/dashboard/cli-tools/components/DefaultToolCard.tsx(486,52): error TS2339: Property 'runnable' does not exist on type 'never'.
src/ai-gateway/app/(dashboard)/dashboard/cli-tools/components/DefaultToolCard.tsx(491,7): error TS17004: Cannot use JSX unless the '--jsx' flag is provided.
src/ai-gateway/app/(dashboard)/dashboard/cli-tools/components/DefaultToolCard.tsx(492,9): error TS17004: Cannot use JSX unless the '--jsx' flag is provided.
src/ai-gateway/app/(dashboard)/dashboard/cli-tools/components/DefaultToolCard.tsx(493,26): error TS2339: Property 'commandPath' does not exist on type 'never'.
src/ai-gateway/app/(dashboard)/dashboard/cli-tools/components/DefaultToolCard.tsx(494,13): error TS17004: Cannot use JSX unless the '--jsx' flag is provided.
src/ai-gateway/app/(dashboard)/dashboard/cli-tools/components/DefaultToolCard.tsx(495,15): error TS17004: Cannot use JSX unless the '--jsx' flag is provided.
src/ai-gateway/app/(dashboard)/dashboard/cli-tools/components/DefaultToolCard.tsx(495,57): error TS2339: Property 'commandPath' does not exist on type 'never'.
src/ai-gateway/app/(dashboard)/dashboard/cli-tools/components/DefaultToolCard.tsx(498,26): error TS2339: Property 'configPath' does not exist on type 'never'.
src/ai-gateway/app/(dashboard)/dashboard/cli-tools/components/DefaultToolCard.tsx(499,13): error TS17004: Cannot use JSX unless the '--jsx' flag is provided.
src/ai-gateway/app/(dashboard)/dashboard/cli-tools/components/DefaultToolCard.tsx(500,15): error TS17004: Cannot use JSX unless the '--jsx' flag is provided.
src/ai-gateway/app/(dashboard)/dashboard/cli-tools/components/DefaultToolCard.tsx(500,57): error TS2339: Property 'configPath' does not exist on type 'never'.
src/ai-gateway/app/(dashboard)/dashboard/cli-tools/components/DefaultToolCard.tsx(508,28): error TS7006: Parameter 'item' implicitly has an 'any' type.
src/ai-gateway/app/(dashboard)/dashboard/cli-tools/components/DefaultToolCard.tsx(510,7): error TS17004: Cannot use JSX unless the '--jsx' flag is provided.
src/ai-gateway/app/(dashboard)/dashboard/cli-tools/components/DefaultToolCard.tsx(514,9): error TS17004: Cannot use JSX unless the '--jsx' flag is provided.
src/ai-gateway/app/(dashboard)/dashboard/cli-tools/components/DefaultToolCard.tsx(515,11): error TS17004: Cannot use JSX unless the '--jsx' flag is provided.
src/ai-gateway/app/(dashboard)/dashboard/cli-tools/components/DefaultToolCard.tsx(522,11): error TS17004: Cannot use JSX unless the '--jsx' flag is provided.
src/ai-gateway/app/(dashboard)/dashboard/cli-tools/components/DefaultToolCard.tsx(523,13): error TS17004: Cannot use JSX unless the '--jsx' flag is provided.
src/ai-gateway/app/(dashboard)/dashboard/cli-tools/components/DefaultToolCard.tsx(528,15): error TS17004: Cannot use JSX unless the '--jsx' flag is provided.
src/ai-gateway/app/(dashboard)/dashboard/cli-tools/components/DefaultToolCard.tsx(533,47): error TS17004: Cannot use JSX unless the '--jsx' flag is provided.
src/ai-gateway/app/(dashboard)/dashboard/cli-tools/components/DefaultToolCard.tsx(534,46): error TS17004: Cannot use JSX unless the '--jsx' flag is provided.
src/ai-gateway/app/(dashboard)/dashboard/cli-tools/components/DefaultToolCard.tsx(537,15): error TS17004: Cannot use JSX unless the '--jsx' flag is provided.
src/ai-gateway/app/(dashboard)/dashboard/cli-tools/components/DefaultToolCard.tsx(538,17): error TS17004: Cannot use JSX unless the '--jsx' flag is provided.
src/ai-gateway/app/(dashboard)/dashboard/cli-tools/components/DefaultToolCard.tsx(542,19): error TS17004: Cannot use JSX unless the '--jsx' flag is provided.
src/ai-gateway/app/(dashboard)/dashboard/cli-tools/components/DefaultToolCard.tsx(564,9): error TS17004: Cannot use JSX unless the '--jsx' flag is provided.
src/ai-gateway/app/(dashboard)/dashboard/cli-tools/components/DefaultToolCard.tsx(569,11): error TS17004: Cannot use JSX unless the '--jsx' flag is provided.
src/ai-gateway/app/(dashboard)/dashboard/cli-tools/components/DefaultToolCard.tsx(580,14): error TS17004: Cannot use JSX unless the '--jsx' flag is provided.
src/ai-gateway/app/(dashboard)/dashboard/cli-tools/components/DefaultToolCard.tsx(583,12): error TS17004: Cannot use JSX unless the '--jsx' flag is provided.
src/ai-gateway/app/(dashboard)/dashboard/cli-tools/components/DefaultToolCard.tsx(595,5): error TS17004: Cannot use JSX unless the '--jsx' flag is provided.
src/ai-gateway/app/(dashboard)/dashboard/cli-tools/components/DefaultToolCard.tsx(596,7): error TS17004: Cannot use JSX unless the '--jsx' flag is provided.
src/ai-gateway/app/(dashboard)/dashboard/cli-tools/components/DefaultToolCard.tsx(604,11): error TS17004: Cannot use JSX unless the '--jsx' flag is provided.
src/ai-gateway/app/(dashboard)/dashboard/cli-tools/components/DefaultToolCard.tsx(606,13): error TS17004: Cannot use JSX unless the '--jsx' flag is provided.
src/ai-gateway/app/(dashboard)/dashboard/cli-tools/components/DefaultToolCard.tsx(606,14): error TS2741: Property 'effectiveConfigStatus' is missing in type '{ batchStatus: any; lastConfiguredAt: null; }' but required in type '{ effectiveConfigStatus: any; batchStatus: any; lastConfiguredAt?: null | undefined; }'.
src/ai-gateway/app/(dashboard)/dashboard/cli-tools/components/DefaultToolCard.tsx(610,11): error TS17004: Cannot use JSX unless the '--jsx' flag is provided.
src/ai-gateway/app/(dashboard)/dashboard/cli-tools/components/DefaultToolCard.tsx(612,15): error TS17004: Cannot use JSX unless the '--jsx' flag is provided.
src/ai-gateway/app/(dashboard)/dashboard/cli-tools/components/DefaultToolCard.tsx(617,15): error TS17004: Cannot use JSX unless the '--jsx' flag is provided.
src/ai-gateway/app/(dashboard)/dashboard/cli-tools/components/DefaultToolCard.tsx(618,17): error TS17004: Cannot use JSX unless the '--jsx' flag is provided.
src/ai-gateway/app/(dashboard)/dashboard/cli-tools/components/DefaultToolCard.tsx(624,9): error TS17004: Cannot use JSX unless the '--jsx' flag is provided.
src/ai-gateway/app/(dashboard)/dashboard/cli-tools/components/DefaultToolCard.tsx(636,9): error TS17004: Cannot use JSX unless the '--jsx' flag is provided.
src/ai-gateway/app/(dashboard)/dashboard/cli-tools/components/DefaultToolCard.tsx(648,11): error TS17004: Cannot use JSX unless the '--jsx' flag is provided.
src/ai-gateway/app/(dashboard)/dashboard/cli-tools/components/DefaultToolCard.tsx(657,15): error TS17004: Cannot use JSX unless the '--jsx' flag is provided.
src/ai-gateway/app/(dashboard)/dashboard/cli-tools/components/DefaultToolCard.tsx(669,13): error TS17004: Cannot use JSX unless the '--jsx' flag is provided.
src/ai-gateway/app/(dashboard)/dashboard/cli-tools/components/DefaultToolCard.tsx(670,15): error TS17004: Cannot use JSX unless the '--jsx' flag is provided.
src/ai-gateway/app/(dashboard)/dashboard/cli-tools/components/DefaultToolCard.tsx(678,11): error TS17004: Cannot use JSX unless the '--jsx' flag is provided.
src/ai-gateway/app/(dashboard)/dashboard/cli-tools/components/DefaultToolCard.tsx(687,15): error TS17004: Cannot use JSX unless the '--jsx' flag is provided.
src/ai-gateway/app/(dashboard)/dashboard/cli-tools/components/DefaultToolCard.tsx(688,31): error TS2339: Property 'type' does not exist on type 'never'.
src/ai-gateway/app/(dashboard)/dashboard/cli-tools/components/DefaultToolCard.tsx(689,31): error TS2339: Property 'type' does not exist on type 'never'.
src/ai-gateway/app/(dashboard)/dashboard/cli-tools/components/DefaultToolCard.tsx(690,32): error TS2339: Property 'text' does not exist on type 'never'.
src/ai-gateway/app/(dashboard)/dashboard/cli-tools/components/DefaultToolCard.tsx(694,13): error TS17004: Cannot use JSX unless the '--jsx' flag is provided.
src/ai-gateway/app/(dashboard)/dashboard/cli-tools/components/DefaultToolCard.tsx(696,17): error TS17004: Cannot use JSX unless the '--jsx' flag is provided.
src/ai-gateway/app/(dashboard)/dashboard/cli-tools/components/DefaultToolCard.tsx(708,17): error TS17004: Cannot use JSX unless the '--jsx' flag is provided.
src/ai-gateway/app/(dashboard)/dashboard/cli-tools/components/DefaultToolCard.tsx(721,17): error TS17004: Cannot use JSX unless the '--jsx' flag is provided.
src/ai-gateway/app/(dashboard)/dashboard/cli-tools/components/DefaultToolCard.tsx(730,7): error TS17004: Cannot use JSX unless the '--jsx' flag is provided.
src/ai-gateway/app/(dashboard)/dashboard/cli-tools/components/DroidToolCard.tsx(3,63): error TS6142: Module './ManagedCliToolCard' was resolved to 'C:/TESTES DEV/1_PROJETOS_ATIVOS/Zavorth/src/ai-gateway/app/(dashboard)/dashboard/cli-tools/components/ManagedCliToolCard.tsx', but '--jsx' is not set.
src/ai-gateway/app/(dashboard)/dashboard/cli-tools/components/DroidToolCard.tsx(5,39): error TS7006: Parameter 'props' implicitly has an 'any' type.
src/ai-gateway/app/(dashboard)/dashboard/cli-tools/components/DroidToolCard.tsx(6,10): error TS17004: Cannot use JSX unless the '--jsx' flag is provided.
src/ai-gateway/app/(dashboard)/dashboard/cli-tools/components/ExternalExecutorToolCard.tsx(3,63): error TS6142: Module './ManagedCliToolCard' was resolved to 'C:/TESTES DEV/1_PROJETOS_ATIVOS/Zavorth/src/ai-gateway/app/(dashboard)/dashboard/cli-tools/components/ManagedCliToolCard.tsx', but '--jsx' is not set.
src/ai-gateway/app/(dashboard)/dashboard/cli-tools/components/ExternalExecutorToolCard.tsx(5,50): error TS7006: Parameter 'props' implicitly has an 'any' type.
src/ai-gateway/app/(dashboard)/dashboard/cli-tools/components/ExternalExecutorToolCard.tsx(6,10): error TS17004: Cannot use JSX unless the '--jsx' flag is provided.
src/ai-gateway/app/(dashboard)/dashboard/cli-tools/components/index.tsx(1,43): error TS6142: Module './ClaudeToolCard' was resolved to 'C:/TESTES DEV/1_PROJETOS_ATIVOS/Zavorth/src/ai-gateway/app/(dashboard)/dashboard/cli-tools/components/ClaudeToolCard.tsx', but '--jsx' is not set.
src/ai-gateway/app/(dashboard)/dashboard/cli-tools/components/index.tsx(2,42): error TS6142: Module './CodexToolCard' was resolved to 'C:/TESTES DEV/1_PROJETOS_ATIVOS/Zavorth/src/ai-gateway/app/(dashboard)/dashboard/cli-tools/components/CodexToolCard.tsx', but '--jsx' is not set.
src/ai-gateway/app/(dashboard)/dashboard/cli-tools/components/index.tsx(3,42): error TS6142: Module './DroidToolCard' was resolved to 'C:/TESTES DEV/1_PROJETOS_ATIVOS/Zavorth/src/ai-gateway/app/(dashboard)/dashboard/cli-tools/components/DroidToolCard.tsx', but '--jsx' is not set.
src/ai-gateway/app/(dashboard)/dashboard/cli-tools/components/index.tsx(4,53): error TS6142: Module './ExternalExecutorToolCard' was resolved to 'C:/TESTES DEV/1_PROJETOS_ATIVOS/Zavorth/src/ai-gateway/app/(dashboard)/dashboard/cli-tools/components/ExternalExecutorToolCard.tsx', but '--jsx' is not set.
src/ai-gateway/app/(dashboard)/dashboard/cli-tools/components/index.tsx(5,42): error TS6142: Module './ClineToolCard' was resolved to 'C:/TESTES DEV/1_PROJETOS_ATIVOS/Zavorth/src/ai-gateway/app/(dashboard)/dashboard/cli-tools/components/ClineToolCard.tsx', but '--jsx' is not set.
src/ai-gateway/app/(dashboard)/dashboard/cli-tools/components/index.tsx(6,41): error TS6142: Module './KiloToolCard' was resolved to 'C:/TESTES DEV/1_PROJETOS_ATIVOS/Zavorth/src/ai-gateway/app/(dashboard)/dashboard/cli-tools/components/KiloToolCard.tsx', but '--jsx' is not set.
src/ai-gateway/app/(dashboard)/dashboard/cli-tools/components/index.tsx(7,44): error TS6142: Module './DefaultToolCard' was resolved to 'C:/TESTES DEV/1_PROJETOS_ATIVOS/Zavorth/src/ai-gateway/app/(dashboard)/dashboard/cli-tools/components/DefaultToolCard.tsx', but '--jsx' is not set.
src/ai-gateway/app/(dashboard)/dashboard/cli-tools/components/index.tsx(8,50): error TS6142: Module './ZavorthBridgeToolCard' was resolved to 'C:/TESTES DEV/1_PROJETOS_ATIVOS/Zavorth/src/ai-gateway/app/(dashboard)/dashboard/cli-tools/components/ZavorthBridgeToolCard.tsx', but '--jsx' is not set.
src/ai-gateway/app/(dashboard)/dashboard/cli-tools/components/index.tsx(9,44): error TS6142: Module './CopilotToolCard' was resolved to 'C:/TESTES DEV/1_PROJETOS_ATIVOS/Zavorth/src/ai-gateway/app/(dashboard)/dashboard/cli-tools/components/CopilotToolCard.tsx', but '--jsx' is not set.
src/ai-gateway/app/(dashboard)/dashboard/cli-tools/components/index.tsx(10,48): error TS6142: Module './CliproxyapiToolCard' was resolved to 'C:/TESTES DEV/1_PROJETOS_ATIVOS/Zavorth/src/ai-gateway/app/(dashboard)/dashboard/cli-tools/components/CliproxyapiToolCard.tsx', but '--jsx' is not set.
src/ai-gateway/app/(dashboard)/dashboard/cli-tools/components/index.tsx(17,8): error TS6142: Module './CliToolCardFrame' was resolved to 'C:/TESTES DEV/1_PROJETOS_ATIVOS/Zavorth/src/ai-gateway/app/(dashboard)/dashboard/cli-tools/components/CliToolCardFrame.tsx', but '--jsx' is not set.
src/ai-gateway/app/(dashboard)/dashboard/cli-tools/components/index.tsx(18,74): error TS6142: Module './ManagedCliToolCard' was resolved to 'C:/TESTES DEV/1_PROJETOS_ATIVOS/Zavorth/src/ai-gateway/app/(dashboard)/dashboard/cli-tools/components/ManagedCliToolCard.tsx', but '--jsx' is not set.
src/ai-gateway/app/(dashboard)/dashboard/cli-tools/components/KiloToolCard.tsx(3,63): error TS6142: Module './ManagedCliToolCard' was resolved to 'C:/TESTES DEV/1_PROJETOS_ATIVOS/Zavorth/src/ai-gateway/app/(dashboard)/dashboard/cli-tools/components/ManagedCliToolCard.tsx', but '--jsx' is not set.
src/ai-gateway/app/(dashboard)/dashboard/cli-tools/components/KiloToolCard.tsx(5,38): error TS7006: Parameter 'props' implicitly has an 'any' type.
src/ai-gateway/app/(dashboard)/dashboard/cli-tools/components/KiloToolCard.tsx(6,10): error TS17004: Cannot use JSX unless the '--jsx' flag is provided.
src/ai-gateway/app/(dashboard)/dashboard/cli-tools/components/ManagedCliToolCard.tsx(4,61): error TS2307: Cannot find module '@/shared/components' or its corresponding type declarations.
src/ai-gateway/app/(dashboard)/dashboard/cli-tools/components/ManagedCliToolCard.tsx(5,33): error TS2307: Cannot find module 'next-intl' or its corresponding type declarations.
src/ai-gateway/app/(dashboard)/dashboard/cli-tools/components/ManagedCliToolCard.tsx(6,28): error TS6142: Module './CliStatusBadge' was resolved to 'C:/TESTES DEV/1_PROJETOS_ATIVOS/Zavorth/src/ai-gateway/app/(dashboard)/dashboard/cli-tools/components/CliStatusBadge.tsx', but '--jsx' is not set.
src/ai-gateway/app/(dashboard)/dashboard/cli-tools/components/ManagedCliToolCard.tsx(12,8): error TS6142: Module './CliToolCardFrame' was resolved to 'C:/TESTES DEV/1_PROJETOS_ATIVOS/Zavorth/src/ai-gateway/app/(dashboard)/dashboard/cli-tools/components/CliToolCardFrame.tsx', but '--jsx' is not set.
src/ai-gateway/app/(dashboard)/dashboard/cli-tools/components/ManagedCliToolCard.tsx(68,6): error TS7006: Parameter 'key' implicitly has an 'any' type.
src/ai-gateway/app/(dashboard)/dashboard/cli-tools/components/ManagedCliToolCard.tsx(68,11): error TS7006: Parameter 'fallback' implicitly has an 'any' type.
src/ai-gateway/app/(dashboard)/dashboard/cli-tools/components/ManagedCliToolCard.tsx(78,31): error TS2339: Property 'installed' does not exist on type 'never'.
src/ai-gateway/app/(dashboard)/dashboard/cli-tools/components/ManagedCliToolCard.tsx(78,52): error TS2339: Property 'runnable' does not exist on type 'never'.
src/ai-gateway/app/(dashboard)/dashboard/cli-tools/components/ManagedCliToolCard.tsx(128,19): error TS2353: Object literal may only specify known properties, and 'installed' does not exist in type '(prevState: null) => null'.
src/ai-gateway/app/(dashboard)/dashboard/cli-tools/components/ManagedCliToolCard.tsx(128,44): error TS18046: 'error' is of type 'unknown'.
src/ai-gateway/app/(dashboard)/dashboard/cli-tools/components/ManagedCliToolCard.tsx(186,11): error TS2353: Object literal may only specify known properties, and 'type' does not exist in type '(prevState: null) => null'.
src/ai-gateway/app/(dashboard)/dashboard/cli-tools/components/ManagedCliToolCard.tsx(193,11): error TS2353: Object literal may only specify known properties, and 'type' does not exist in type '(prevState: null) => null'.
src/ai-gateway/app/(dashboard)/dashboard/cli-tools/components/ManagedCliToolCard.tsx(198,20): error TS2353: Object literal may only specify known properties, and 'type' does not exist in type '(prevState: null) => null'.
src/ai-gateway/app/(dashboard)/dashboard/cli-tools/components/ManagedCliToolCard.tsx(198,41): error TS18046: 'error' is of type 'unknown'.
src/ai-gateway/app/(dashboard)/dashboard/cli-tools/components/ManagedCliToolCard.tsx(214,11): error TS2353: Object literal may only specify known properties, and 'type' does not exist in type '(prevState: null) => null'.
src/ai-gateway/app/(dashboard)/dashboard/cli-tools/components/ManagedCliToolCard.tsx(224,11): error TS2353: Object literal may only specify known properties, and 'type' does not exist in type '(prevState: null) => null'.
src/ai-gateway/app/(dashboard)/dashboard/cli-tools/components/ManagedCliToolCard.tsx(229,20): error TS2353: Object literal may only specify known properties, and 'type' does not exist in type '(prevState: null) => null'.
src/ai-gateway/app/(dashboard)/dashboard/cli-tools/components/ManagedCliToolCard.tsx(229,41): error TS18046: 'error' is of type 'unknown'.
src/ai-gateway/app/(dashboard)/dashboard/cli-tools/components/ManagedCliToolCard.tsx(235,38): error TS7006: Parameter 'backupId' implicitly has an 'any' type.
src/ai-gateway/app/(dashboard)/dashboard/cli-tools/components/ManagedCliToolCard.tsx(249,11): error TS2353: Object literal may only specify known properties, and 'type' does not exist in type '(prevState: null) => null'.
src/ai-gateway/app/(dashboard)/dashboard/cli-tools/components/ManagedCliToolCard.tsx(256,11): error TS2353: Object literal may only specify known properties, and 'type' does not exist in type '(prevState: null) => null'.
src/ai-gateway/app/(dashboard)/dashboard/cli-tools/components/ManagedCliToolCard.tsx(261,20): error TS2353: Object literal may only specify known properties, and 'type' does not exist in type '(prevState: null) => null'.
src/ai-gateway/app/(dashboard)/dashboard/cli-tools/components/ManagedCliToolCard.tsx(261,41): error TS18046: 'error' is of type 'unknown'.
src/ai-gateway/app/(dashboard)/dashboard/cli-tools/components/ManagedCliToolCard.tsx(267,30): error TS7006: Parameter 'model' implicitly has an 'any' type.
src/ai-gateway/app/(dashboard)/dashboard/cli-tools/components/ManagedCliToolCard.tsx(272,30): error TS7006: Parameter 'config' implicitly has an 'any' type.
src/ai-gateway/app/(dashboard)/dashboard/cli-tools/components/ManagedCliToolCard.tsx(295,9): error TS17004: Cannot use JSX unless the '--jsx' flag is provided.
src/ai-gateway/app/(dashboard)/dashboard/cli-tools/components/ManagedCliToolCard.tsx(298,88): error TS2345: Argument of type '{ tool: string; }' is not assignable to parameter of type 'undefined'.
src/ai-gateway/app/(dashboard)/dashboard/cli-tools/components/ManagedCliToolCard.tsx(302,11): error TS17004: Cannot use JSX unless the '--jsx' flag is provided.
src/ai-gateway/app/(dashboard)/dashboard/cli-tools/components/ManagedCliToolCard.tsx(316,9): error TS17004: Cannot use JSX unless the '--jsx' flag is provided.
src/ai-gateway/app/(dashboard)/dashboard/cli-tools/components/ManagedCliToolCard.tsx(320,20): error TS2339: Property 'installed' does not exist on type 'never'.
src/ai-gateway/app/(dashboard)/dashboard/cli-tools/components/ManagedCliToolCard.tsx(321,97): error TS2345: Argument of type '{ tool: string; }' is not assignable to parameter of type 'undefined'.
src/ai-gateway/app/(dashboard)/dashboard/cli-tools/components/ManagedCliToolCard.tsx(324,99): error TS2345: Argument of type '{ tool: string; }' is not assignable to parameter of type 'undefined'.
src/ai-gateway/app/(dashboard)/dashboard/cli-tools/components/ManagedCliToolCard.tsx(329,11): error TS17004: Cannot use JSX unless the '--jsx' flag is provided.
src/ai-gateway/app/(dashboard)/dashboard/cli-tools/components/ManagedCliToolCard.tsx(330,21): error TS2339: Property 'installed' does not exist on type 'never'.
src/ai-gateway/app/(dashboard)/dashboard/cli-tools/components/ManagedCliToolCard.tsx(334,28): error TS2339: Property 'reason' does not exist on type 'never'.
src/ai-gateway/app/(dashboard)/dashboard/cli-tools/components/ManagedCliToolCard.tsx(334,49): error TS2339: Property 'reason' does not exist on type 'never'.
src/ai-gateway/app/(dashboard)/dashboard/cli-tools/components/ManagedCliToolCard.tsx(336,19): error TS2345: Argument of type '{ tool: string; reason: string; }' is not assignable to parameter of type 'undefined'.
src/ai-gateway/app/(dashboard)/dashboard/cli-tools/components/ManagedCliToolCard.tsx(336,63): error TS2339: Property 'reason' does not exist on type 'never'.
src/ai-gateway/app/(dashboard)/dashboard/cli-tools/components/ManagedCliToolCard.tsx(336,84): error TS2339: Property 'reason' does not exist on type 'never'.
src/ai-gateway/app/(dashboard)/dashboard/cli-tools/components/ManagedCliToolCard.tsx(341,19): error TS2345: Argument of type '{ tool: string; }' is not assignable to parameter of type 'undefined'.
src/ai-gateway/app/(dashboard)/dashboard/cli-tools/components/ManagedCliToolCard.tsx(349,7): error TS17004: Cannot use JSX unless the '--jsx' flag is provided.
src/ai-gateway/app/(dashboard)/dashboard/cli-tools/components/ManagedCliToolCard.tsx(364,9): error TS17004: Cannot use JSX unless the '--jsx' flag is provided.
src/ai-gateway/app/(dashboard)/dashboard/cli-tools/components/ManagedCliToolCard.tsx(365,19): error TS2339: Property 'commandPath' does not exist on type 'never'.
src/ai-gateway/app/(dashboard)/dashboard/cli-tools/components/ManagedCliToolCard.tsx(366,13): error TS17004: Cannot use JSX unless the '--jsx' flag is provided.
src/ai-gateway/app/(dashboard)/dashboard/cli-tools/components/ManagedCliToolCard.tsx(367,15): error TS17004: Cannot use JSX unless the '--jsx' flag is provided.
src/ai-gateway/app/(dashboard)/dashboard/cli-tools/components/ManagedCliToolCard.tsx(367,29): error TS2339: Property 'commandPath' does not exist on type 'never'.
src/ai-gateway/app/(dashboard)/dashboard/cli-tools/components/ManagedCliToolCard.tsx(370,19): error TS2339: Property 'authPath' does not exist on type 'never'.
src/ai-gateway/app/(dashboard)/dashboard/cli-tools/components/ManagedCliToolCard.tsx(371,13): error TS17004: Cannot use JSX unless the '--jsx' flag is provided.
src/ai-gateway/app/(dashboard)/dashboard/cli-tools/components/ManagedCliToolCard.tsx(372,15): error TS17004: Cannot use JSX unless the '--jsx' flag is provided.
src/ai-gateway/app/(dashboard)/dashboard/cli-tools/components/ManagedCliToolCard.tsx(372,29): error TS2339: Property 'authPath' does not exist on type 'never'.
src/ai-gateway/app/(dashboard)/dashboard/cli-tools/components/ManagedCliToolCard.tsx(376,13): error TS17004: Cannot use JSX unless the '--jsx' flag is provided.
src/ai-gateway/app/(dashboard)/dashboard/cli-tools/components/ManagedCliToolCard.tsx(384,5): error TS17004: Cannot use JSX unless the '--jsx' flag is provided.
src/ai-gateway/app/(dashboard)/dashboard/cli-tools/components/ManagedCliToolCard.tsx(385,7): error TS17004: Cannot use JSX unless the '--jsx' flag is provided.
src/ai-gateway/app/(dashboard)/dashboard/cli-tools/components/ManagedCliToolCard.tsx(396,11): error TS17004: Cannot use JSX unless the '--jsx' flag is provided.
src/ai-gateway/app/(dashboard)/dashboard/cli-tools/components/ManagedCliToolCard.tsx(399,13): error TS2322: Type 'string | null | undefined' is not assignable to type 'null | undefined'.
  Type 'string' is not assignable to type 'null | undefined'.
src/ai-gateway/app/(dashboard)/dashboard/cli-tools/components/ManagedCliToolCard.tsx(403,11): error TS17004: Cannot use JSX unless the '--jsx' flag is provided.
src/ai-gateway/app/(dashboard)/dashboard/cli-tools/components/ManagedCliToolCard.tsx(404,13): error TS17004: Cannot use JSX unless the '--jsx' flag is provided.
src/ai-gateway/app/(dashboard)/dashboard/cli-tools/components/ManagedCliToolCard.tsx(407,13): error TS17004: Cannot use JSX unless the '--jsx' flag is provided.
src/ai-gateway/app/(dashboard)/dashboard/cli-tools/components/ManagedCliToolCard.tsx(415,9): error TS17004: Cannot use JSX unless the '--jsx' flag is provided.
src/ai-gateway/app/(dashboard)/dashboard/cli-tools/components/ManagedCliToolCard.tsx(427,11): error TS17004: Cannot use JSX unless the '--jsx' flag is provided.
src/ai-gateway/app/(dashboard)/dashboard/cli-tools/components/ManagedCliToolCard.tsx(428,13): error TS17004: Cannot use JSX unless the '--jsx' flag is provided.
src/ai-gateway/app/(dashboard)/dashboard/cli-tools/components/ManagedCliToolCard.tsx(437,17): error TS17004: Cannot use JSX unless the '--jsx' flag is provided.
src/ai-gateway/app/(dashboard)/dashboard/cli-tools/components/ManagedCliToolCard.tsx(444,19): error TS17004: Cannot use JSX unless the '--jsx' flag is provided.
src/ai-gateway/app/(dashboard)/dashboard/cli-tools/components/ManagedCliToolCard.tsx(450,15): error TS17004: Cannot use JSX unless the '--jsx' flag is provided.
src/ai-gateway/app/(dashboard)/dashboard/cli-tools/components/ManagedCliToolCard.tsx(457,17): error TS17004: Cannot use JSX unless the '--jsx' flag is provided.
src/ai-gateway/app/(dashboard)/dashboard/cli-tools/components/ManagedCliToolCard.tsx(458,19): error TS17004: Cannot use JSX unless the '--jsx' flag is provided.
src/ai-gateway/app/(dashboard)/dashboard/cli-tools/components/ManagedCliToolCard.tsx(466,21): error TS17004: Cannot use JSX unless the '--jsx' flag is provided.
src/ai-gateway/app/(dashboard)/dashboard/cli-tools/components/ManagedCliToolCard.tsx(478,15): error TS17004: Cannot use JSX unless the '--jsx' flag is provided.
src/ai-gateway/app/(dashboard)/dashboard/cli-tools/components/ManagedCliToolCard.tsx(486,19): error TS17004: Cannot use JSX unless the '--jsx' flag is provided.
src/ai-gateway/app/(dashboard)/dashboard/cli-tools/components/ManagedCliToolCard.tsx(492,23): error TS17004: Cannot use JSX unless the '--jsx' flag is provided.
src/ai-gateway/app/(dashboard)/dashboard/cli-tools/components/ManagedCliToolCard.tsx(498,19): error TS17004: Cannot use JSX unless the '--jsx' flag is provided.
src/ai-gateway/app/(dashboard)/dashboard/cli-tools/components/ManagedCliToolCard.tsx(510,21): error TS17004: Cannot use JSX unless the '--jsx' flag is provided.
src/ai-gateway/app/(dashboard)/dashboard/cli-tools/components/ManagedCliToolCard.tsx(525,15): error TS17004: Cannot use JSX unless the '--jsx' flag is provided.
src/ai-gateway/app/(dashboard)/dashboard/cli-tools/components/ManagedCliToolCard.tsx(532,17): error TS17004: Cannot use JSX unless the '--jsx' flag is provided.
src/ai-gateway/app/(dashboard)/dashboard/cli-tools/components/ManagedCliToolCard.tsx(533,19): error TS17004: Cannot use JSX unless the '--jsx' flag is provided.
src/ai-gateway/app/(dashboard)/dashboard/cli-tools/components/ManagedCliToolCard.tsx(540,19): error TS17004: Cannot use JSX unless the '--jsx' flag is provided.
src/ai-gateway/app/(dashboard)/dashboard/cli-tools/components/ManagedCliToolCard.tsx(549,21): error TS17004: Cannot use JSX unless the '--jsx' flag is provided.
src/ai-gateway/app/(dashboard)/dashboard/cli-tools/components/ManagedCliToolCard.tsx(562,13): error TS17004: Cannot use JSX unless the '--jsx' flag is provided.
src/ai-gateway/app/(dashboard)/dashboard/cli-tools/components/ManagedCliToolCard.tsx(571,17): error TS17004: Cannot use JSX unless the '--jsx' flag is provided.
src/ai-gateway/app/(dashboard)/dashboard/cli-tools/components/ManagedCliToolCard.tsx(572,33): error TS2339: Property 'type' does not exist on type 'never'.
src/ai-gateway/app/(dashboard)/dashboard/cli-tools/components/ManagedCliToolCard.tsx(573,33): error TS2339: Property 'type' does not exist on type 'never'.
src/ai-gateway/app/(dashboard)/dashboard/cli-tools/components/ManagedCliToolCard.tsx(574,34): error TS2339: Property 'text' does not exist on type 'never'.
src/ai-gateway/app/(dashboard)/dashboard/cli-tools/components/ManagedCliToolCard.tsx(578,15): error TS17004: Cannot use JSX unless the '--jsx' flag is provided.
src/ai-gateway/app/(dashboard)/dashboard/cli-tools/components/ManagedCliToolCard.tsx(579,17): error TS17004: Cannot use JSX unless the '--jsx' flag is provided.
src/ai-gateway/app/(dashboard)/dashboard/cli-tools/components/ManagedCliToolCard.tsx(591,17): error TS17004: Cannot use JSX unless the '--jsx' flag is provided.
src/ai-gateway/app/(dashboard)/dashboard/cli-tools/components/ManagedCliToolCard.tsx(601,17): error TS17004: Cannot use JSX unless the '--jsx' flag is provided.
src/ai-gateway/app/(dashboard)/dashboard/cli-tools/components/ManagedCliToolCard.tsx(609,17): error TS17004: Cannot use JSX unless the '--jsx' flag is provided.
src/ai-gateway/app/(dashboard)/dashboard/cli-tools/components/ManagedCliToolCard.tsx(624,17): error TS17004: Cannot use JSX unless the '--jsx' flag is provided.
src/ai-gateway/app/(dashboard)/dashboard/cli-tools/components/ManagedCliToolCard.tsx(626,21): error TS17004: Cannot use JSX unless the '--jsx' flag is provided.
src/ai-gateway/app/(dashboard)/dashboard/cli-tools/components/ManagedCliToolCard.tsx(630,21): error TS17004: Cannot use JSX unless the '--jsx' flag is provided.
src/ai-gateway/app/(dashboard)/dashboard/cli-tools/components/ManagedCliToolCard.tsx(632,25): error TS17004: Cannot use JSX unless the '--jsx' flag is provided.
src/ai-gateway/app/(dashboard)/dashboard/cli-tools/components/ManagedCliToolCard.tsx(636,27): error TS17004: Cannot use JSX unless the '--jsx' flag is provided.
src/ai-gateway/app/(dashboard)/dashboard/cli-tools/components/ManagedCliToolCard.tsx(637,29): error TS17004: Cannot use JSX unless the '--jsx' flag is provided.
src/ai-gateway/app/(dashboard)/dashboard/cli-tools/components/ManagedCliToolCard.tsx(640,29): error TS17004: Cannot use JSX unless the '--jsx' flag is provided.
src/ai-gateway/app/(dashboard)/dashboard/cli-tools/components/ManagedCliToolCard.tsx(644,27): error TS17004: Cannot use JSX unless the '--jsx' flag is provided.
src/ai-gateway/app/(dashboard)/dashboard/cli-tools/components/ManagedCliToolCard.tsx(663,7): error TS17004: Cannot use JSX unless the '--jsx' flag is provided.
src/ai-gateway/app/(dashboard)/dashboard/cli-tools/components/ManagedCliToolCard.tsx(670,101): error TS2345: Argument of type '{ tool: string; }' is not assignable to parameter of type 'undefined'.
src/ai-gateway/app/(dashboard)/dashboard/cli-tools/components/ManagedCliToolCard.tsx(676,9): error TS17004: Cannot use JSX unless the '--jsx' flag is provided.
src/ai-gateway/app/(dashboard)/dashboard/cli-tools/components/ManagedCliToolCard.tsx(683,9): error TS17004: Cannot use JSX unless the '--jsx' flag is provided.
src/ai-gateway/app/(dashboard)/dashboard/cli-tools/components/ZavorthBridgeToolCard.tsx(4,56): error TS2307: Cannot find module '@/shared/components' or its corresponding type declarations.
src/ai-gateway/app/(dashboard)/dashboard/cli-tools/components/ZavorthBridgeToolCard.tsx(5,33): error TS2307: Cannot find module 'next-intl' or its corresponding type declarations.
src/ai-gateway/app/(dashboard)/dashboard/cli-tools/components/ZavorthBridgeToolCard.tsx(6,28): error TS6142: Module './CliStatusBadge' was resolved to 'C:/TESTES DEV/1_PROJETOS_ATIVOS/Zavorth/src/ai-gateway/app/(dashboard)/dashboard/cli-tools/components/CliStatusBadge.tsx', but '--jsx' is not set.
src/ai-gateway/app/(dashboard)/dashboard/cli-tools/components/ZavorthBridgeToolCard.tsx(12,8): error TS6142: Module './CliToolCardFrame' was resolved to 'C:/TESTES DEV/1_PROJETOS_ATIVOS/Zavorth/src/ai-gateway/app/(dashboard)/dashboard/cli-tools/components/CliToolCardFrame.tsx', but '--jsx' is not set.
src/ai-gateway/app/(dashboard)/dashboard/cli-tools/components/ZavorthBridgeToolCard.tsx(18,3): error TS7031: Binding element 'tool' implicitly has an 'any' type.
src/ai-gateway/app/(dashboard)/dashboard/cli-tools/components/ZavorthBridgeToolCard.tsx(19,3): error TS7031: Binding element 'isExpanded' implicitly has an 'any' type.
src/ai-gateway/app/(dashboard)/dashboard/cli-tools/components/ZavorthBridgeToolCard.tsx(20,3): error TS7031: Binding element 'onToggle' implicitly has an 'any' type.
src/ai-gateway/app/(dashboard)/dashboard/cli-tools/components/ZavorthBridgeToolCard.tsx(21,3): error TS7031: Binding element 'apiKeys' implicitly has an 'any' type.
src/ai-gateway/app/(dashboard)/dashboard/cli-tools/components/ZavorthBridgeToolCard.tsx(22,3): error TS7031: Binding element 'activeProviders' implicitly has an 'any' type.
src/ai-gateway/app/(dashboard)/dashboard/cli-tools/components/ZavorthBridgeToolCard.tsx(23,3): error TS7031: Binding element 'hasActiveProviders' implicitly has an 'any' type.
src/ai-gateway/app/(dashboard)/dashboard/cli-tools/components/ZavorthBridgeToolCard.tsx(24,3): error TS7031: Binding element 'cloudEnabled' implicitly has an 'any' type.
src/ai-gateway/app/(dashboard)/dashboard/cli-tools/components/ZavorthBridgeToolCard.tsx(25,3): error TS7031: Binding element 'batchStatus' implicitly has an 'any' type.
src/ai-gateway/app/(dashboard)/dashboard/cli-tools/components/ZavorthBridgeToolCard.tsx(30,6): error TS7006: Parameter 'key' implicitly has an 'any' type.
src/ai-gateway/app/(dashboard)/dashboard/cli-tools/components/ZavorthBridgeToolCard.tsx(30,11): error TS7006: Parameter 'fallback' implicitly has an 'any' type.
src/ai-gateway/app/(dashboard)/dashboard/cli-tools/components/ZavorthBridgeToolCard.tsx(86,19): error TS2353: Object literal may only specify known properties, and 'running' does not exist in type '(prevState: null) => null'.
src/ai-gateway/app/(dashboard)/dashboard/cli-tools/components/ZavorthBridgeToolCard.tsx(94,30): error TS2339: Property 'hasCachedPassword' does not exist on type 'never'.
src/ai-gateway/app/(dashboard)/dashboard/cli-tools/components/ZavorthBridgeToolCard.tsx(103,30): error TS2339: Property 'hasCachedPassword' does not exist on type 'never'.
src/ai-gateway/app/(dashboard)/dashboard/cli-tools/components/ZavorthBridgeToolCard.tsx(111,26): error TS7006: Parameter 'password' implicitly has an 'any' type.
src/ai-gateway/app/(dashboard)/dashboard/cli-tools/components/ZavorthBridgeToolCard.tsx(130,11): error TS2353: Object literal may only specify known properties, and 'type' does not exist in type '(prevState: null) => null'.
src/ai-gateway/app/(dashboard)/dashboard/cli-tools/components/ZavorthBridgeToolCard.tsx(138,11): error TS2353: Object literal may only specify known properties, and 'type' does not exist in type '(prevState: null) => null'.
src/ai-gateway/app/(dashboard)/dashboard/cli-tools/components/ZavorthBridgeToolCard.tsx(143,20): error TS2353: Object literal may only specify known properties, and 'type' does not exist in type '(prevState: null) => null'.
src/ai-gateway/app/(dashboard)/dashboard/cli-tools/components/ZavorthBridgeToolCard.tsx(143,41): error TS18046: 'error' is of type 'unknown'.
src/ai-gateway/app/(dashboard)/dashboard/cli-tools/components/ZavorthBridgeToolCard.tsx(149,25): error TS7006: Parameter 'password' implicitly has an 'any' type.
src/ai-gateway/app/(dashboard)/dashboard/cli-tools/components/ZavorthBridgeToolCard.tsx(163,11): error TS2353: Object literal may only specify known properties, and 'type' does not exist in type '(prevState: null) => null'.
src/ai-gateway/app/(dashboard)/dashboard/cli-tools/components/ZavorthBridgeToolCard.tsx(171,11): error TS2353: Object literal may only specify known properties, and 'type' does not exist in type '(prevState: null) => null'.
src/ai-gateway/app/(dashboard)/dashboard/cli-tools/components/ZavorthBridgeToolCard.tsx(176,20): error TS2353: Object literal may only specify known properties, and 'type' does not exist in type '(prevState: null) => null'.
src/ai-gateway/app/(dashboard)/dashboard/cli-tools/components/ZavorthBridgeToolCard.tsx(176,41): error TS18046: 'error' is of type 'unknown'.
src/ai-gateway/app/(dashboard)/dashboard/cli-tools/components/ZavorthBridgeToolCard.tsx(185,9): error TS2353: Object literal may only specify known properties, and 'type' does not exist in type '(prevState: null) => null'.
src/ai-gateway/app/(dashboard)/dashboard/cli-tools/components/ZavorthBridgeToolCard.tsx(191,17): error TS2339: Property 'running' does not exist on type 'never'.
src/ai-gateway/app/(dashboard)/dashboard/cli-tools/components/ZavorthBridgeToolCard.tsx(198,30): error TS7006: Parameter 'alias' implicitly has an 'any' type.
src/ai-gateway/app/(dashboard)/dashboard/cli-tools/components/ZavorthBridgeToolCard.tsx(203,30): error TS7006: Parameter 'model' implicitly has an 'any' type.
src/ai-gateway/app/(dashboard)/dashboard/cli-tools/components/ZavorthBridgeToolCard.tsx(214,37): error TS7006: Parameter 'alias' implicitly has an 'any' type.
src/ai-gateway/app/(dashboard)/dashboard/cli-tools/components/ZavorthBridgeToolCard.tsx(214,44): error TS7006: Parameter 'value' implicitly has an 'any' type.
src/ai-gateway/app/(dashboard)/dashboard/cli-tools/components/ZavorthBridgeToolCard.tsx(238,9): error TS2353: Object literal may only specify known properties, and 'type' does not exist in type '(prevState: null) => null'.
src/ai-gateway/app/(dashboard)/dashboard/cli-tools/components/ZavorthBridgeToolCard.tsx(242,20): error TS2353: Object literal may only specify known properties, and 'type' does not exist in type '(prevState: null) => null'.
src/ai-gateway/app/(dashboard)/dashboard/cli-tools/components/ZavorthBridgeToolCard.tsx(242,41): error TS18046: 'error' is of type 'unknown'.
src/ai-gateway/app/(dashboard)/dashboard/cli-tools/components/ZavorthBridgeToolCard.tsx(248,29): error TS2339: Property 'running' does not exist on type 'never'.
src/ai-gateway/app/(dashboard)/dashboard/cli-tools/components/ZavorthBridgeToolCard.tsx(263,9): error TS17004: Cannot use JSX unless the '--jsx' flag is provided.
src/ai-gateway/app/(dashboard)/dashboard/cli-tools/components/ZavorthBridgeToolCard.tsx(270,7): error TS17004: Cannot use JSX unless the '--jsx' flag is provided.
src/ai-gateway/app/(dashboard)/dashboard/cli-tools/components/ZavorthBridgeToolCard.tsx(274,7): error TS17004: Cannot use JSX unless the '--jsx' flag is provided.
src/ai-gateway/app/(dashboard)/dashboard/cli-tools/components/ZavorthBridgeToolCard.tsx(286,7): error TS17004: Cannot use JSX unless the '--jsx' flag is provided.
src/ai-gateway/app/(dashboard)/dashboard/cli-tools/components/ZavorthBridgeToolCard.tsx(287,23): error TS2339: Property 'type' does not exist on type 'never'.
src/ai-gateway/app/(dashboard)/dashboard/cli-tools/components/ZavorthBridgeToolCard.tsx(288,23): error TS2339: Property 'type' does not exist on type 'never'.
src/ai-gateway/app/(dashboard)/dashboard/cli-tools/components/ZavorthBridgeToolCard.tsx(289,24): error TS2339: Property 'text' does not exist on type 'never'.
src/ai-gateway/app/(dashboard)/dashboard/cli-tools/components/ZavorthBridgeToolCard.tsx(295,5): error TS17004: Cannot use JSX unless the '--jsx' flag is provided.
src/ai-gateway/app/(dashboard)/dashboard/cli-tools/components/ZavorthBridgeToolCard.tsx(296,7): error TS17004: Cannot use JSX unless the '--jsx' flag is provided.
src/ai-gateway/app/(dashboard)/dashboard/cli-tools/components/ZavorthBridgeToolCard.tsx(304,11): error TS17004: Cannot use JSX unless the '--jsx' flag is provided.
src/ai-gateway/app/(dashboard)/dashboard/cli-tools/components/ZavorthBridgeToolCard.tsx(306,13): error TS17004: Cannot use JSX unless the '--jsx' flag is provided.
src/ai-gateway/app/(dashboard)/dashboard/cli-tools/components/ZavorthBridgeToolCard.tsx(306,14): error TS2741: Property 'effectiveConfigStatus' is missing in type '{ batchStatus: any; lastConfiguredAt: null; }' but required in type '{ effectiveConfigStatus: any; batchStatus: any; lastConfiguredAt?: null | undefined; }'.
src/ai-gateway/app/(dashboard)/dashboard/cli-tools/components/ZavorthBridgeToolCard.tsx(310,11): error TS17004: Cannot use JSX unless the '--jsx' flag is provided.
src/ai-gateway/app/(dashboard)/dashboard/cli-tools/components/ZavorthBridgeToolCard.tsx(311,13): error TS17004: Cannot use JSX unless the '--jsx' flag is provided.
src/ai-gateway/app/(dashboard)/dashboard/cli-tools/components/ZavorthBridgeToolCard.tsx(315,17): error TS2345: Argument of type '{ count: any; }' is not assignable to parameter of type 'undefined'.
src/ai-gateway/app/(dashboard)/dashboard/cli-tools/components/ZavorthBridgeToolCard.tsx(320,13): error TS17004: Cannot use JSX unless the '--jsx' flag is provided.
src/ai-gateway/app/(dashboard)/dashboard/cli-tools/components/ZavorthBridgeToolCard.tsx(321,91): error TS2345: Argument of type '{ count: any; }' is not assignable to parameter of type 'undefined'.
src/ai-gateway/app/(dashboard)/dashboard/cli-tools/components/ZavorthBridgeToolCard.tsx(328,9): error TS17004: Cannot use JSX unless the '--jsx' flag is provided.
src/ai-gateway/app/(dashboard)/dashboard/cli-tools/components/ZavorthBridgeToolCard.tsx(337,13): error TS17004: Cannot use JSX unless the '--jsx' flag is provided.
src/ai-gateway/app/(dashboard)/dashboard/cli-tools/components/ZavorthBridgeToolCard.tsx(342,15): error TS17004: Cannot use JSX unless the '--jsx' flag is provided.
src/ai-gateway/app/(dashboard)/dashboard/cli-tools/components/ZavorthBridgeToolCard.tsx(351,20): error TS2339: Property 'hasCachedPassword' does not exist on type 'never'.
src/ai-gateway/app/(dashboard)/dashboard/cli-tools/components/ZavorthBridgeToolCard.tsx(352,13): error TS17004: Cannot use JSX unless the '--jsx' flag is provided.
src/ai-gateway/app/(dashboard)/dashboard/cli-tools/components/ZavorthBridgeToolCard.tsx(357,15): error TS17004: Cannot use JSX unless the '--jsx' flag is provided.
src/ai-gateway/app/(dashboard)/dashboard/cli-tools/components/ZavorthBridgeToolCard.tsx(368,11): error TS17004: Cannot use JSX unless the '--jsx' flag is provided.
src/ai-gateway/app/(dashboard)/dashboard/cli-tools/components/ZavorthBridgeToolCard.tsx(370,15): error TS17004: Cannot use JSX unless the '--jsx' flag is provided.
src/ai-gateway/app/(dashboard)/dashboard/cli-tools/components/ZavorthBridgeToolCard.tsx(380,15): error TS17004: Cannot use JSX unless the '--jsx' flag is provided.
src/ai-gateway/app/(dashboard)/dashboard/cli-tools/components/ZavorthBridgeToolCard.tsx(391,13): error TS17004: Cannot use JSX unless the '--jsx' flag is provided.
src/ai-gateway/app/(dashboard)/dashboard/cli-tools/components/ZavorthBridgeToolCard.tsx(403,11): error TS17004: Cannot use JSX unless the '--jsx' flag is provided.
src/ai-gateway/app/(dashboard)/dashboard/cli-tools/components/ZavorthBridgeToolCard.tsx(404,13): error TS17004: Cannot use JSX unless the '--jsx' flag is provided.
src/ai-gateway/app/(dashboard)/dashboard/cli-tools/components/ZavorthBridgeToolCard.tsx(412,15): error TS17004: Cannot use JSX unless the '--jsx' flag is provided.
src/ai-gateway/app/(dashboard)/dashboard/cli-tools/components/ZavorthBridgeToolCard.tsx(420,19): error TS17004: Cannot use JSX unless the '--jsx' flag is provided.
src/ai-gateway/app/(dashboard)/dashboard/cli-tools/components/ZavorthBridgeToolCard.tsx(425,35): error TS7006: Parameter 'key' implicitly has an 'any' type.
src/ai-gateway/app/(dashboard)/dashboard/cli-tools/components/ZavorthBridgeToolCard.tsx(426,23): error TS17004: Cannot use JSX unless the '--jsx' flag is provided.
src/ai-gateway/app/(dashboard)/dashboard/cli-tools/components/ZavorthBridgeToolCard.tsx(432,19): error TS17004: Cannot use JSX unless the '--jsx' flag is provided.
src/ai-gateway/app/(dashboard)/dashboard/cli-tools/components/ZavorthBridgeToolCard.tsx(444,21): error TS17004: Cannot use JSX unless the '--jsx' flag is provided.
src/ai-gateway/app/(dashboard)/dashboard/cli-tools/components/ZavorthBridgeToolCard.tsx(460,13): error TS17004: Cannot use JSX unless the '--jsx' flag is provided.
src/ai-gateway/app/(dashboard)/dashboard/cli-tools/components/ZavorthBridgeToolCard.tsx(469,17): error TS17004: Cannot use JSX unless the '--jsx' flag is provided.
src/ai-gateway/app/(dashboard)/dashboard/cli-tools/components/ZavorthBridgeToolCard.tsx(479,48): error TS7006: Parameter 'model' implicitly has an 'any' type.
src/ai-gateway/app/(dashboard)/dashboard/cli-tools/components/ZavorthBridgeToolCard.tsx(480,17): error TS17004: Cannot use JSX unless the '--jsx' flag is provided.
src/ai-gateway/app/(dashboard)/dashboard/cli-tools/components/ZavorthBridgeToolCard.tsx(485,19): error TS17004: Cannot use JSX unless the '--jsx' flag is provided.
src/ai-gateway/app/(dashboard)/dashboard/cli-tools/components/ZavorthBridgeToolCard.tsx(486,21): error TS17004: Cannot use JSX unless the '--jsx' flag is provided.
src/ai-gateway/app/(dashboard)/dashboard/cli-tools/components/ZavorthBridgeToolCard.tsx(488,30): error TS7053: Element implicitly has an 'any' type because expression of type 'any' can't be used to index type '{}'.
src/ai-gateway/app/(dashboard)/dashboard/cli-tools/components/ZavorthBridgeToolCard.tsx(495,21): error TS17004: Cannot use JSX unless the '--jsx' flag is provided.
src/ai-gateway/app/(dashboard)/dashboard/cli-tools/components/ZavorthBridgeToolCard.tsx(503,22): error TS7053: Element implicitly has an 'any' type because expression of type 'any' can't be used to index type '{}'.
src/ai-gateway/app/(dashboard)/dashboard/cli-tools/components/ZavorthBridgeToolCard.tsx(504,23): error TS17004: Cannot use JSX unless the '--jsx' flag is provided.
src/ai-gateway/app/(dashboard)/dashboard/cli-tools/components/ZavorthBridgeToolCard.tsx(519,11): error TS17004: Cannot use JSX unless the '--jsx' flag is provided.
src/ai-gateway/app/(dashboard)/dashboard/cli-tools/components/ZavorthBridgeToolCard.tsx(534,30): error TS7053: Element implicitly has an 'any' type because expression of type 'any' can't be used to index type '{ zavorthRelay: string; kiro: string; }'.
src/ai-gateway/app/(dashboard)/dashboard/cli-tools/components/ZavorthBridgeToolCard.tsx(537,17): error TS17004: Cannot use JSX unless the '--jsx' flag is provided.
src/ai-gateway/app/(dashboard)/dashboard/cli-tools/components/ZavorthBridgeToolCard.tsx(538,19): error TS17004: Cannot use JSX unless the '--jsx' flag is provided.
src/ai-gateway/app/(dashboard)/dashboard/cli-tools/components/ZavorthBridgeToolCard.tsx(543,21): error TS17004: Cannot use JSX unless the '--jsx' flag is provided.
src/ai-gateway/app/(dashboard)/dashboard/cli-tools/components/ZavorthBridgeToolCard.tsx(547,25): error TS2345: Argument of type '{ toolName: any; }' is not assignable to parameter of type 'undefined'.
src/ai-gateway/app/(dashboard)/dashboard/cli-tools/components/ZavorthBridgeToolCard.tsx(552,19): error TS17004: Cannot use JSX unless the '--jsx' flag is provided.
src/ai-gateway/app/(dashboard)/dashboard/cli-tools/components/ZavorthBridgeToolCard.tsx(553,21): error TS17004: Cannot use JSX unless the '--jsx' flag is provided.
src/ai-gateway/app/(dashboard)/dashboard/cli-tools/components/ZavorthBridgeToolCard.tsx(554,23): error TS17004: Cannot use JSX unless the '--jsx' flag is provided.
src/ai-gateway/app/(dashboard)/dashboard/cli-tools/components/ZavorthBridgeToolCard.tsx(558,21): error TS17004: Cannot use JSX unless the '--jsx' flag is provided.
src/ai-gateway/app/(dashboard)/dashboard/cli-tools/components/ZavorthBridgeToolCard.tsx(559,23): error TS17004: Cannot use JSX unless the '--jsx' flag is provided.
src/ai-gateway/app/(dashboard)/dashboard/cli-tools/components/ZavorthBridgeToolCard.tsx(566,23): error TS17004: Cannot use JSX unless the '--jsx' flag is provided.
src/ai-gateway/app/(dashboard)/dashboard/cli-tools/components/ZavorthBridgeToolCard.tsx(570,21): error TS17004: Cannot use JSX unless the '--jsx' flag is provided.
src/ai-gateway/app/(dashboard)/dashboard/cli-tools/components/ZavorthBridgeToolCard.tsx(571,23): error TS17004: Cannot use JSX unless the '--jsx' flag is provided.
src/ai-gateway/app/(dashboard)/dashboard/cli-tools/components/ZavorthBridgeToolCard.tsx(576,27): error TS2345: Argument of type '{ toolName: any; }' is not assignable to parameter of type 'undefined'.
src/ai-gateway/app/(dashboard)/dashboard/cli-tools/components/ZavorthBridgeToolCard.tsx(588,7): error TS17004: Cannot use JSX unless the '--jsx' flag is provided.
src/ai-gateway/app/(dashboard)/dashboard/cli-tools/components/ZavorthBridgeToolCard.tsx(598,9): error TS17004: Cannot use JSX unless the '--jsx' flag is provided.
src/ai-gateway/app/(dashboard)/dashboard/cli-tools/components/ZavorthBridgeToolCard.tsx(599,11): error TS17004: Cannot use JSX unless the '--jsx' flag is provided.
src/ai-gateway/app/(dashboard)/dashboard/cli-tools/components/ZavorthBridgeToolCard.tsx(604,13): error TS17004: Cannot use JSX unless the '--jsx' flag is provided.
src/ai-gateway/app/(dashboard)/dashboard/cli-tools/components/ZavorthBridgeToolCard.tsx(607,11): error TS17004: Cannot use JSX unless the '--jsx' flag is provided.
src/ai-gateway/app/(dashboard)/dashboard/cli-tools/components/ZavorthBridgeToolCard.tsx(611,24): error TS7006: Parameter 'event' implicitly has an 'any' type.
src/ai-gateway/app/(dashboard)/dashboard/cli-tools/components/ZavorthBridgeToolCard.tsx(612,25): error TS7006: Parameter 'event' implicitly has an 'any' type.
src/ai-gateway/app/(dashboard)/dashboard/cli-tools/components/ZavorthBridgeToolCard.tsx(621,11): error TS17004: Cannot use JSX unless the '--jsx' flag is provided.
src/ai-gateway/app/(dashboard)/dashboard/cli-tools/components/ZavorthBridgeToolCard.tsx(622,13): error TS17004: Cannot use JSX unless the '--jsx' flag is provided.
src/ai-gateway/app/(dashboard)/dashboard/cli-tools/components/ZavorthBridgeToolCard.tsx(634,13): error TS17004: Cannot use JSX unless the '--jsx' flag is provided.
src/ai-gateway/app/(dashboard)/dashboard/cli-tools/components/ZavorthBridgeToolCard.tsx(641,7): error TS17004: Cannot use JSX unless the '--jsx' flag is provided.
src/ai-gateway/app/(dashboard)/dashboard/cli-tools/components/ZavorthBridgeToolCard.tsx(650,11): error TS2345: Argument of type '{ alias: string; }' is not assignable to parameter of type 'undefined'.
src/ai-gateway/app/(dashboard)/dashboard/cli-tools/page.tsx(1,30): error TS2307: Cannot find module '@/shared/utils/machine' or its corresponding type declarations.
src/ai-gateway/app/(dashboard)/dashboard/cli-tools/page.tsx(2,32): error TS6142: Module './CLIToolsPageClient' was resolved to 'C:/TESTES DEV/1_PROJETOS_ATIVOS/Zavorth/src/ai-gateway/app/(dashboard)/dashboard/cli-tools/CLIToolsPageClient.tsx', but '--jsx' is not set.
src/ai-gateway/app/(dashboard)/dashboard/cli-tools/page.tsx(6,10): error TS17004: Cannot use JSX unless the '--jsx' flag is provided.
src/ai-gateway/app/(dashboard)/dashboard/combos/combos-form-modal-advanced-section.tsx(3,36): error TS6142: Module './combos-page-shared' was resolved to 'C:/TESTES DEV/1_PROJETOS_ATIVOS/Zavorth/src/ai-gateway/app/(dashboard)/dashboard/combos/combos-page-shared.tsx', but '--jsx' is not set.
src/ai-gateway/app/(dashboard)/dashboard/combos/combos-form-modal-advanced-section.tsx(40,5): error TS17004: Cannot use JSX unless the '--jsx' flag is provided.
src/ai-gateway/app/(dashboard)/dashboard/combos/combos-form-modal-advanced-section.tsx(41,7): error TS17004: Cannot use JSX unless the '--jsx' flag is provided.
src/ai-gateway/app/(dashboard)/dashboard/combos/combos-form-modal-advanced-section.tsx(45,9): error TS17004: Cannot use JSX unless the '--jsx' flag is provided.
src/ai-gateway/app/(dashboard)/dashboard/combos/combos-form-modal-advanced-section.tsx(52,9): error TS17004: Cannot use JSX unless the '--jsx' flag is provided.
src/ai-gateway/app/(dashboard)/dashboard/combos/combos-form-modal-advanced-section.tsx(53,11): error TS17004: Cannot use JSX unless the '--jsx' flag is provided.
src/ai-gateway/app/(dashboard)/dashboard/combos/combos-form-modal-advanced-section.tsx(54,13): error TS17004: Cannot use JSX unless the '--jsx' flag is provided.
src/ai-gateway/app/(dashboard)/dashboard/combos/combos-form-modal-advanced-section.tsx(55,15): error TS17004: Cannot use JSX unless the '--jsx' flag is provided.
src/ai-gateway/app/(dashboard)/dashboard/combos/combos-form-modal-advanced-section.tsx(63,15): error TS17004: Cannot use JSX unless the '--jsx' flag is provided.
src/ai-gateway/app/(dashboard)/dashboard/combos/combos-form-modal-advanced-section.tsx(78,13): error TS17004: Cannot use JSX unless the '--jsx' flag is provided.
src/ai-gateway/app/(dashboard)/dashboard/combos/combos-form-modal-advanced-section.tsx(79,15): error TS17004: Cannot use JSX unless the '--jsx' flag is provided.
src/ai-gateway/app/(dashboard)/dashboard/combos/combos-form-modal-advanced-section.tsx(87,15): error TS17004: Cannot use JSX unless the '--jsx' flag is provided.
src/ai-gateway/app/(dashboard)/dashboard/combos/combos-form-modal-advanced-section.tsx(103,13): error TS17004: Cannot use JSX unless the '--jsx' flag is provided.
src/ai-gateway/app/(dashboard)/dashboard/combos/combos-form-modal-advanced-section.tsx(104,15): error TS17004: Cannot use JSX unless the '--jsx' flag is provided.
src/ai-gateway/app/(dashboard)/dashboard/combos/combos-form-modal-advanced-section.tsx(112,15): error TS17004: Cannot use JSX unless the '--jsx' flag is provided.
src/ai-gateway/app/(dashboard)/dashboard/combos/combos-form-modal-advanced-section.tsx(128,13): error TS17004: Cannot use JSX unless the '--jsx' flag is provided.
src/ai-gateway/app/(dashboard)/dashboard/combos/combos-form-modal-advanced-section.tsx(129,15): error TS17004: Cannot use JSX unless the '--jsx' flag is provided.
src/ai-gateway/app/(dashboard)/dashboard/combos/combos-form-modal-advanced-section.tsx(137,15): error TS17004: Cannot use JSX unless the '--jsx' flag is provided.
src/ai-gateway/app/(dashboard)/dashboard/combos/combos-form-modal-advanced-section.tsx(146,13): error TS17004: Cannot use JSX unless the '--jsx' flag is provided.
src/ai-gateway/app/(dashboard)/dashboard/combos/combos-form-modal-advanced-section.tsx(147,15): error TS17004: Cannot use JSX unless the '--jsx' flag is provided.
src/ai-gateway/app/(dashboard)/dashboard/combos/combos-form-modal-advanced-section.tsx(148,17): error TS17004: Cannot use JSX unless the '--jsx' flag is provided.
src/ai-gateway/app/(dashboard)/dashboard/combos/combos-form-modal-advanced-section.tsx(156,17): error TS17004: Cannot use JSX unless the '--jsx' flag is provided.
src/ai-gateway/app/(dashboard)/dashboard/combos/combos-form-modal-advanced-section.tsx(171,15): error TS17004: Cannot use JSX unless the '--jsx' flag is provided.
src/ai-gateway/app/(dashboard)/dashboard/combos/combos-form-modal-advanced-section.tsx(172,17): error TS17004: Cannot use JSX unless the '--jsx' flag is provided.
src/ai-gateway/app/(dashboard)/dashboard/combos/combos-form-modal-advanced-section.tsx(180,17): error TS17004: Cannot use JSX unless the '--jsx' flag is provided.
src/ai-gateway/app/(dashboard)/dashboard/combos/combos-form-modal-advanced-section.tsx(199,13): error TS17004: Cannot use JSX unless the '--jsx' flag is provided.
src/ai-gateway/app/(dashboard)/dashboard/combos/combos-form-modal-advanced-section.tsx(200,15): error TS17004: Cannot use JSX unless the '--jsx' flag is provided.
src/ai-gateway/app/(dashboard)/dashboard/combos/combos-form-modal-advanced-section.tsx(201,17): error TS17004: Cannot use JSX unless the '--jsx' flag is provided.
src/ai-gateway/app/(dashboard)/dashboard/combos/combos-form-modal-advanced-section.tsx(213,17): error TS17004: Cannot use JSX unless the '--jsx' flag is provided.
src/ai-gateway/app/(dashboard)/dashboard/combos/combos-form-modal-advanced-section.tsx(229,15): error TS17004: Cannot use JSX unless the '--jsx' flag is provided.
src/ai-gateway/app/(dashboard)/dashboard/combos/combos-form-modal-advanced-section.tsx(230,17): error TS17004: Cannot use JSX unless the '--jsx' flag is provided.
src/ai-gateway/app/(dashboard)/dashboard/combos/combos-form-modal-advanced-section.tsx(242,17): error TS17004: Cannot use JSX unless the '--jsx' flag is provided.
src/ai-gateway/app/(dashboard)/dashboard/combos/combos-form-modal-advanced-section.tsx(257,15): error TS17004: Cannot use JSX unless the '--jsx' flag is provided.
src/ai-gateway/app/(dashboard)/dashboard/combos/combos-form-modal-advanced-section.tsx(258,17): error TS17004: Cannot use JSX unless the '--jsx' flag is provided.
src/ai-gateway/app/(dashboard)/dashboard/combos/combos-form-modal-advanced-section.tsx(266,17): error TS17004: Cannot use JSX unless the '--jsx' flag is provided.
src/ai-gateway/app/(dashboard)/dashboard/combos/combos-form-modal-advanced-section.tsx(279,15): error TS17004: Cannot use JSX unless the '--jsx' flag is provided.
src/ai-gateway/app/(dashboard)/dashboard/combos/combos-form-modal-advanced-section.tsx(280,17): error TS17004: Cannot use JSX unless the '--jsx' flag is provided.
src/ai-gateway/app/(dashboard)/dashboard/combos/combos-form-modal-advanced-section.tsx(290,11): error TS17004: Cannot use JSX unless the '--jsx' flag is provided.
src/ai-gateway/app/(dashboard)/dashboard/combos/combos-form-modal-advanced-section.tsx(294,7): error TS17004: Cannot use JSX unless the '--jsx' flag is provided.
src/ai-gateway/app/(dashboard)/dashboard/combos/combos-form-modal-advanced-section.tsx(295,9): error TS17004: Cannot use JSX unless the '--jsx' flag is provided.
src/ai-gateway/app/(dashboard)/dashboard/combos/combos-form-modal-advanced-section.tsx(296,11): error TS17004: Cannot use JSX unless the '--jsx' flag is provided.
src/ai-gateway/app/(dashboard)/dashboard/combos/combos-form-modal-advanced-section.tsx(297,11): error TS17004: Cannot use JSX unless the '--jsx' flag is provided.
src/ai-gateway/app/(dashboard)/dashboard/combos/combos-form-modal-advanced-section.tsx(298,11): error TS17004: Cannot use JSX unless the '--jsx' flag is provided.
src/ai-gateway/app/(dashboard)/dashboard/combos/combos-form-modal-advanced-section.tsx(301,9): error TS17004: Cannot use JSX unless the '--jsx' flag is provided.
src/ai-gateway/app/(dashboard)/dashboard/combos/combos-form-modal-advanced-section.tsx(302,11): error TS17004: Cannot use JSX unless the '--jsx' flag is provided.
src/ai-gateway/app/(dashboard)/dashboard/combos/combos-form-modal-advanced-section.tsx(305,11): error TS17004: Cannot use JSX unless the '--jsx' flag is provided.
src/ai-gateway/app/(dashboard)/dashboard/combos/combos-form-modal-advanced-section.tsx(312,11): error TS17004: Cannot use JSX unless the '--jsx' flag is provided.
src/ai-gateway/app/(dashboard)/dashboard/combos/combos-form-modal-advanced-section.tsx(318,9): error TS17004: Cannot use JSX unless the '--jsx' flag is provided.
src/ai-gateway/app/(dashboard)/dashboard/combos/combos-form-modal-advanced-section.tsx(319,11): error TS17004: Cannot use JSX unless the '--jsx' flag is provided.
src/ai-gateway/app/(dashboard)/dashboard/combos/combos-form-modal-advanced-section.tsx(322,11): error TS17004: Cannot use JSX unless the '--jsx' flag is provided.
src/ai-gateway/app/(dashboard)/dashboard/combos/combos-form-modal-advanced-section.tsx(329,11): error TS17004: Cannot use JSX unless the '--jsx' flag is provided.
src/ai-gateway/app/(dashboard)/dashboard/combos/combos-form-modal-advanced-section.tsx(335,9): error TS17004: Cannot use JSX unless the '--jsx' flag is provided.
src/ai-gateway/app/(dashboard)/dashboard/combos/combos-form-modal-advanced-section.tsx(336,11): error TS17004: Cannot use JSX unless the '--jsx' flag is provided.
src/ai-gateway/app/(dashboard)/dashboard/combos/combos-form-modal-advanced-section.tsx(337,13): error TS17004: Cannot use JSX unless the '--jsx' flag is provided.
src/ai-gateway/app/(dashboard)/dashboard/combos/combos-form-modal-advanced-section.tsx(340,13): error TS17004: Cannot use JSX unless the '--jsx' flag is provided.
src/ai-gateway/app/(dashboard)/dashboard/combos/combos-form-modal-advanced-section.tsx(345,11): error TS17004: Cannot use JSX unless the '--jsx' flag is provided.
src/ai-gateway/app/(dashboard)/dashboard/combos/combos-form-modal-models-section.tsx(6,8): error TS6142: Module './combos-page-shared' was resolved to 'C:/TESTES DEV/1_PROJETOS_ATIVOS/Zavorth/src/ai-gateway/app/(dashboard)/dashboard/combos/combos-page-shared.tsx', but '--jsx' is not set.
src/ai-gateway/app/(dashboard)/dashboard/combos/combos-form-modal-models-section.tsx(73,5): error TS17004: Cannot use JSX unless the '--jsx' flag is provided.
src/ai-gateway/app/(dashboard)/dashboard/combos/combos-form-modal-models-section.tsx(74,7): error TS17004: Cannot use JSX unless the '--jsx' flag is provided.
src/ai-gateway/app/(dashboard)/dashboard/combos/combos-form-modal-models-section.tsx(75,9): error TS17004: Cannot use JSX unless the '--jsx' flag is provided.
src/ai-gateway/app/(dashboard)/dashboard/combos/combos-form-modal-models-section.tsx(77,11): error TS17004: Cannot use JSX unless the '--jsx' flag is provided.
src/ai-gateway/app/(dashboard)/dashboard/combos/combos-form-modal-models-section.tsx(87,9): error TS17004: Cannot use JSX unless the '--jsx' flag is provided.
src/ai-gateway/app/(dashboard)/dashboard/combos/combos-form-modal-models-section.tsx(88,11): error TS17004: Cannot use JSX unless the '--jsx' flag is provided.
src/ai-gateway/app/(dashboard)/dashboard/combos/combos-form-modal-models-section.tsx(89,11): error TS17004: Cannot use JSX unless the '--jsx' flag is provided.
src/ai-gateway/app/(dashboard)/dashboard/combos/combos-form-modal-models-section.tsx(92,9): error TS17004: Cannot use JSX unless the '--jsx' flag is provided.
src/ai-gateway/app/(dashboard)/dashboard/combos/combos-form-modal-models-section.tsx(94,13): error TS17004: Cannot use JSX unless the '--jsx' flag is provided.
src/ai-gateway/app/(dashboard)/dashboard/combos/combos-form-modal-models-section.tsx(107,15): error TS17004: Cannot use JSX unless the '--jsx' flag is provided.
src/ai-gateway/app/(dashboard)/dashboard/combos/combos-form-modal-models-section.tsx(110,15): error TS17004: Cannot use JSX unless the '--jsx' flag is provided.
src/ai-gateway/app/(dashboard)/dashboard/combos/combos-form-modal-models-section.tsx(113,15): error TS17004: Cannot use JSX unless the '--jsx' flag is provided.
src/ai-gateway/app/(dashboard)/dashboard/combos/combos-form-modal-models-section.tsx(118,17): error TS17004: Cannot use JSX unless the '--jsx' flag is provided.
src/ai-gateway/app/(dashboard)/dashboard/combos/combos-form-modal-models-section.tsx(137,17): error TS17004: Cannot use JSX unless the '--jsx' flag is provided.
src/ai-gateway/app/(dashboard)/dashboard/combos/combos-form-modal-models-section.tsx(138,19): error TS17004: Cannot use JSX unless the '--jsx' flag is provided.
src/ai-gateway/app/(dashboard)/dashboard/combos/combos-form-modal-models-section.tsx(146,19): error TS17004: Cannot use JSX unless the '--jsx' flag is provided.
src/ai-gateway/app/(dashboard)/dashboard/combos/combos-form-modal-models-section.tsx(151,17): error TS17004: Cannot use JSX unless the '--jsx' flag is provided.
src/ai-gateway/app/(dashboard)/dashboard/combos/combos-form-modal-models-section.tsx(152,19): error TS17004: Cannot use JSX unless the '--jsx' flag is provided.
src/ai-gateway/app/(dashboard)/dashboard/combos/combos-form-modal-models-section.tsx(158,21): error TS17004: Cannot use JSX unless the '--jsx' flag is provided.
src/ai-gateway/app/(dashboard)/dashboard/combos/combos-form-modal-models-section.tsx(160,19): error TS17004: Cannot use JSX unless the '--jsx' flag is provided.
src/ai-gateway/app/(dashboard)/dashboard/combos/combos-form-modal-models-section.tsx(166,21): error TS17004: Cannot use JSX unless the '--jsx' flag is provided.
src/ai-gateway/app/(dashboard)/dashboard/combos/combos-form-modal-models-section.tsx(171,15): error TS17004: Cannot use JSX unless the '--jsx' flag is provided.
src/ai-gateway/app/(dashboard)/dashboard/combos/combos-form-modal-models-section.tsx(176,17): error TS17004: Cannot use JSX unless the '--jsx' flag is provided.
src/ai-gateway/app/(dashboard)/dashboard/combos/combos-form-modal-models-section.tsx(183,56): error TS17004: Cannot use JSX unless the '--jsx' flag is provided.
src/ai-gateway/app/(dashboard)/dashboard/combos/combos-form-modal-models-section.tsx(186,9): error TS17004: Cannot use JSX unless the '--jsx' flag is provided.
src/ai-gateway/app/(dashboard)/dashboard/combos/combos-form-modal-models-section.tsx(187,11): error TS17004: Cannot use JSX unless the '--jsx' flag is provided.
src/ai-gateway/app/(dashboard)/dashboard/combos/combos-form-modal-models-section.tsx(188,13): error TS17004: Cannot use JSX unless the '--jsx' flag is provided.
src/ai-gateway/app/(dashboard)/dashboard/combos/combos-form-modal-models-section.tsx(191,13): error TS17004: Cannot use JSX unless the '--jsx' flag is provided.
src/ai-gateway/app/(dashboard)/dashboard/combos/combos-form-modal-models-section.tsx(195,11): error TS17004: Cannot use JSX unless the '--jsx' flag is provided.
src/ai-gateway/app/(dashboard)/dashboard/combos/combos-form-modal-models-section.tsx(196,13): error TS17004: Cannot use JSX unless the '--jsx' flag is provided.
src/ai-gateway/app/(dashboard)/dashboard/combos/combos-form-modal-models-section.tsx(207,11): error TS17004: Cannot use JSX unless the '--jsx' flag is provided.
src/ai-gateway/app/(dashboard)/dashboard/combos/combos-form-modal-models-section.tsx(218,9): error TS17004: Cannot use JSX unless the '--jsx' flag is provided.
src/ai-gateway/app/(dashboard)/dashboard/combos/combos-form-modal-models-section.tsx(219,11): error TS17004: Cannot use JSX unless the '--jsx' flag is provided.
src/ai-gateway/app/(dashboard)/dashboard/combos/combos-form-modal-models-section.tsx(220,11): error TS17004: Cannot use JSX unless the '--jsx' flag is provided.
src/ai-gateway/app/(dashboard)/dashboard/combos/combos-form-modal-models-section.tsx(225,9): error TS17004: Cannot use JSX unless the '--jsx' flag is provided.
src/ai-gateway/app/(dashboard)/dashboard/combos/combos-form-modal-models-section.tsx(226,11): error TS17004: Cannot use JSX unless the '--jsx' flag is provided.
src/ai-gateway/app/(dashboard)/dashboard/combos/combos-form-modal-models-section.tsx(227,11): error TS17004: Cannot use JSX unless the '--jsx' flag is provided.
src/ai-gateway/app/(dashboard)/dashboard/combos/combos-form-modal-models-section.tsx(234,9): error TS17004: Cannot use JSX unless the '--jsx' flag is provided.
src/ai-gateway/app/(dashboard)/dashboard/combos/combos-form-modal-models-section.tsx(235,11): error TS17004: Cannot use JSX unless the '--jsx' flag is provided.
src/ai-gateway/app/(dashboard)/dashboard/combos/combos-form-modal-models-section.tsx(236,11): error TS17004: Cannot use JSX unless the '--jsx' flag is provided.
src/ai-gateway/app/(dashboard)/dashboard/combos/combos-form-modal-models-section.tsx(247,9): error TS17004: Cannot use JSX unless the '--jsx' flag is provided.
src/ai-gateway/app/(dashboard)/dashboard/combos/combos-form-modal-models-section.tsx(248,11): error TS17004: Cannot use JSX unless the '--jsx' flag is provided.
src/ai-gateway/app/(dashboard)/dashboard/combos/combos-form-modal-models-section.tsx(249,11): error TS17004: Cannot use JSX unless the '--jsx' flag is provided.
src/ai-gateway/app/(dashboard)/dashboard/combos/combos-form-modal-models-section.tsx(261,9): error TS17004: Cannot use JSX unless the '--jsx' flag is provided.
src/ai-gateway/app/(dashboard)/dashboard/combos/combos-form-modal-models-section.tsx(262,11): error TS17004: Cannot use JSX unless the '--jsx' flag is provided.
src/ai-gateway/app/(dashboard)/dashboard/combos/combos-form-modal-models-section.tsx(263,11): error TS17004: Cannot use JSX unless the '--jsx' flag is provided.
src/ai-gateway/app/(dashboard)/dashboard/combos/combos-form-modal-models-section.tsx(273,7): error TS17004: Cannot use JSX unless the '--jsx' flag is provided.
src/ai-gateway/app/(dashboard)/dashboard/combos/combos-form-modal-models-section.tsx(274,9): error TS17004: Cannot use JSX unless the '--jsx' flag is provided.
src/ai-gateway/app/(dashboard)/dashboard/combos/combos-form-modal-models-section.tsx(277,7): error TS17004: Cannot use JSX unless the '--jsx' flag is provided.
src/ai-gateway/app/(dashboard)/dashboard/combos/combos-form-modal-models-section.tsx(281,9): error TS17004: Cannot use JSX unless the '--jsx' flag is provided.
src/ai-gateway/app/(dashboard)/dashboard/combos/combos-form-modal.hooks.ts(11,33): error TS2307: Cannot find module 'next-intl' or its corresponding type declarations.
src/ai-gateway/app/(dashboard)/dashboard/combos/combos-form-modal.hooks.ts(12,38): error TS2307: Cannot find module '@/store/notificationStore' or its corresponding type declarations.
src/ai-gateway/app/(dashboard)/dashboard/combos/combos-form-modal.hooks.ts(121,38): error TS7006: Parameter 'm' implicitly has an 'any' type.
src/ai-gateway/app/(dashboard)/dashboard/combos/combos-form-modal.hooks.ts(295,24): error TS2339: Property 'apiType' does not exist on type '{ id?: string | undefined; prefix?: string | undefined; name?: string | undefined; }'.
src/ai-gateway/app/(dashboard)/dashboard/combos/combos-form-modal.hooks.ts(295,69): error TS2339: Property 'apiType' does not exist on type '{ id?: string | undefined; prefix?: string | undefined; name?: string | undefined; }'.
src/ai-gateway/app/(dashboard)/dashboard/combos/combos-form-modal.hooks.ts(434,22): error TS7053: Element implicitly has an 'any' type because expression of type 'any' can't be used to index type '{ readonly priority: { readonly maxRetries: 2; readonly retryDelayMs: 1500; readonly healthCheckEnabled: true; }; readonly weighted: { readonly maxRetries: 1; readonly retryDelayMs: 1000; readonly healthCheckEnabled: true; }; ... 4 more ...; readonly "cost-optimized": { ...; }; }'.
src/ai-gateway/app/(dashboard)/dashboard/combos/combos-form-modal.impl.tsx(5,36): error TS6142: Module './combos-form-modal.view' was resolved to 'C:/TESTES DEV/1_PROJETOS_ATIVOS/Zavorth/src/ai-gateway/app/(dashboard)/dashboard/combos/combos-form-modal.view.tsx', but '--jsx' is not set.
src/ai-gateway/app/(dashboard)/dashboard/combos/combos-form-modal.impl.tsx(10,10): error TS17004: Cannot use JSX unless the '--jsx' flag is provided.
src/ai-gateway/app/(dashboard)/dashboard/combos/combos-form-modal.tsx(1,32): error TS6142: Module './combos-form-modal.impl' was resolved to 'C:/TESTES DEV/1_PROJETOS_ATIVOS/Zavorth/src/ai-gateway/app/(dashboard)/dashboard/combos/combos-form-modal.impl.tsx', but '--jsx' is not set.
src/ai-gateway/app/(dashboard)/dashboard/combos/combos-form-modal.view.tsx(3,56): error TS2307: Cannot find module '@/shared/components' or its corresponding type declarations.
src/ai-gateway/app/(dashboard)/dashboard/combos/combos-form-modal.view.tsx(4,21): error TS2307: Cannot find module '@/shared/components/Tooltip' or its corresponding type declarations.
src/ai-gateway/app/(dashboard)/dashboard/combos/combos-form-modal.view.tsx(16,8): error TS6142: Module './combos-page-shared' was resolved to 'C:/TESTES DEV/1_PROJETOS_ATIVOS/Zavorth/src/ai-gateway/app/(dashboard)/dashboard/combos/combos-page-shared.tsx', but '--jsx' is not set.
src/ai-gateway/app/(dashboard)/dashboard/combos/combos-form-modal.view.tsx(17,47): error TS6142: Module './combos-form-modal-advanced-section' was resolved to 'C:/TESTES DEV/1_PROJETOS_ATIVOS/Zavorth/src/ai-gateway/app/(dashboard)/dashboard/combos/combos-form-modal-advanced-section.tsx', but '--jsx' is not set.
src/ai-gateway/app/(dashboard)/dashboard/combos/combos-form-modal.view.tsx(18,45): error TS6142: Module './combos-form-modal-models-section' was resolved to 'C:/TESTES DEV/1_PROJETOS_ATIVOS/Zavorth/src/ai-gateway/app/(dashboard)/dashboard/combos/combos-form-modal-models-section.tsx', but '--jsx' is not set.
src/ai-gateway/app/(dashboard)/dashboard/combos/combos-form-modal.view.tsx(88,5): error TS17004: Cannot use JSX unless the '--jsx' flag is provided.
src/ai-gateway/app/(dashboard)/dashboard/combos/combos-form-modal.view.tsx(89,7): error TS17004: Cannot use JSX unless the '--jsx' flag is provided.
src/ai-gateway/app/(dashboard)/dashboard/combos/combos-form-modal.view.tsx(95,9): error TS17004: Cannot use JSX unless the '--jsx' flag is provided.
src/ai-gateway/app/(dashboard)/dashboard/combos/combos-form-modal.view.tsx(96,11): error TS17004: Cannot use JSX unless the '--jsx' flag is provided.
src/ai-gateway/app/(dashboard)/dashboard/combos/combos-form-modal.view.tsx(97,13): error TS17004: Cannot use JSX unless the '--jsx' flag is provided.
src/ai-gateway/app/(dashboard)/dashboard/combos/combos-form-modal.view.tsx(104,13): error TS17004: Cannot use JSX unless the '--jsx' flag is provided.
src/ai-gateway/app/(dashboard)/dashboard/combos/combos-form-modal.view.tsx(108,13): error TS17004: Cannot use JSX unless the '--jsx' flag is provided.
src/ai-gateway/app/(dashboard)/dashboard/combos/combos-form-modal.view.tsx(109,15): error TS17004: Cannot use JSX unless the '--jsx' flag is provided.
src/ai-gateway/app/(dashboard)/dashboard/combos/combos-form-modal.view.tsx(110,17): error TS17004: Cannot use JSX unless the '--jsx' flag is provided.
src/ai-gateway/app/(dashboard)/dashboard/combos/combos-form-modal.view.tsx(113,17): error TS17004: Cannot use JSX unless the '--jsx' flag is provided.
src/ai-gateway/app/(dashboard)/dashboard/combos/combos-form-modal.view.tsx(121,15): error TS17004: Cannot use JSX unless the '--jsx' flag is provided.
src/ai-gateway/app/(dashboard)/dashboard/combos/combos-form-modal.view.tsx(123,19): error TS17004: Cannot use JSX unless the '--jsx' flag is provided.
src/ai-gateway/app/(dashboard)/dashboard/combos/combos-form-modal.view.tsx(133,21): error TS17004: Cannot use JSX unless the '--jsx' flag is provided.
src/ai-gateway/app/(dashboard)/dashboard/combos/combos-form-modal.view.tsx(134,23): error TS17004: Cannot use JSX unless the '--jsx' flag is provided.
src/ai-gateway/app/(dashboard)/dashboard/combos/combos-form-modal.view.tsx(139,23): error TS17004: Cannot use JSX unless the '--jsx' flag is provided.
src/ai-gateway/app/(dashboard)/dashboard/combos/combos-form-modal.view.tsx(143,25): error TS17004: Cannot use JSX unless the '--jsx' flag is provided.
src/ai-gateway/app/(dashboard)/dashboard/combos/combos-form-modal.view.tsx(148,21): error TS17004: Cannot use JSX unless the '--jsx' flag is provided.
src/ai-gateway/app/(dashboard)/dashboard/combos/combos-form-modal.view.tsx(151,21): error TS17004: Cannot use JSX unless the '--jsx' flag is provided.
src/ai-gateway/app/(dashboard)/dashboard/combos/combos-form-modal.view.tsx(162,11): error TS17004: Cannot use JSX unless the '--jsx' flag is provided.
src/ai-gateway/app/(dashboard)/dashboard/combos/combos-form-modal.view.tsx(163,13): error TS17004: Cannot use JSX unless the '--jsx' flag is provided.
src/ai-gateway/app/(dashboard)/dashboard/combos/combos-form-modal.view.tsx(164,15): error TS17004: Cannot use JSX unless the '--jsx' flag is provided.
src/ai-gateway/app/(dashboard)/dashboard/combos/combos-form-modal.view.tsx(165,15): error TS17004: Cannot use JSX unless the '--jsx' flag is provided.
src/ai-gateway/app/(dashboard)/dashboard/combos/combos-form-modal.view.tsx(166,17): error TS17004: Cannot use JSX unless the '--jsx' flag is provided.
src/ai-gateway/app/(dashboard)/dashboard/combos/combos-form-modal.view.tsx(171,13): error TS17004: Cannot use JSX unless the '--jsx' flag is provided.
src/ai-gateway/app/(dashboard)/dashboard/combos/combos-form-modal.view.tsx(172,38): error TS7006: Parameter 's' implicitly has an 'any' type.
src/ai-gateway/app/(dashboard)/dashboard/combos/combos-form-modal.view.tsx(173,17): error TS17004: Cannot use JSX unless the '--jsx' flag is provided.
src/ai-gateway/app/(dashboard)/dashboard/combos/combos-form-modal.view.tsx(188,19): error TS17004: Cannot use JSX unless the '--jsx' flag is provided.
src/ai-gateway/app/(dashboard)/dashboard/combos/combos-form-modal.view.tsx(195,13): error TS17004: Cannot use JSX unless the '--jsx' flag is provided.
src/ai-gateway/app/(dashboard)/dashboard/combos/combos-form-modal.view.tsx(198,13): error TS17004: Cannot use JSX unless the '--jsx' flag is provided.
src/ai-gateway/app/(dashboard)/dashboard/combos/combos-form-modal.view.tsx(199,15): error TS17004: Cannot use JSX unless the '--jsx' flag is provided.
src/ai-gateway/app/(dashboard)/dashboard/combos/combos-form-modal.view.tsx(201,13): error TS17004: Cannot use JSX unless the '--jsx' flag is provided.
src/ai-gateway/app/(dashboard)/dashboard/combos/combos-form-modal.view.tsx(202,15): error TS17004: Cannot use JSX unless the '--jsx' flag is provided.
src/ai-gateway/app/(dashboard)/dashboard/combos/combos-form-modal.view.tsx(210,11): error TS17004: Cannot use JSX unless the '--jsx' flag is provided.
src/ai-gateway/app/(dashboard)/dashboard/combos/combos-form-modal.view.tsx(240,11): error TS17004: Cannot use JSX unless the '--jsx' flag is provided.
src/ai-gateway/app/(dashboard)/dashboard/combos/combos-form-modal.view.tsx(255,11): error TS17004: Cannot use JSX unless the '--jsx' flag is provided.
src/ai-gateway/app/(dashboard)/dashboard/combos/combos-form-modal.view.tsx(256,13): error TS17004: Cannot use JSX unless the '--jsx' flag is provided.
src/ai-gateway/app/(dashboard)/dashboard/combos/combos-form-modal.view.tsx(259,13): error TS17004: Cannot use JSX unless the '--jsx' flag is provided.
src/ai-gateway/app/(dashboard)/dashboard/combos/combos-form-modal.view.tsx(266,7): error TS17004: Cannot use JSX unless the '--jsx' flag is provided.
src/ai-gateway/app/(dashboard)/dashboard/combos/combos-page-helpers.ts(1,36): error TS2307: Cannot find module '@/shared/constants/routingStrategies' or its corresponding type declarations.
src/ai-gateway/app/(dashboard)/dashboard/combos/combos-page-helpers.ts(5,57): error TS7006: Parameter 'strategy' implicitly has an 'any' type.
src/ai-gateway/app/(dashboard)/dashboard/combos/combos-page-helpers.ts(278,33): error TS7006: Parameter 'strategy' implicitly has an 'any' type.
src/ai-gateway/app/(dashboard)/dashboard/combos/combos-page-helpers.ts(279,33): error TS7006: Parameter 's' implicitly has an 'any' type.
src/ai-gateway/app/(dashboard)/dashboard/combos/combos-page-helpers.ts(282,34): error TS7006: Parameter 't' implicitly has an 'any' type.
src/ai-gateway/app/(dashboard)/dashboard/combos/combos-page-helpers.ts(282,37): error TS7006: Parameter 'strategy' implicitly has an 'any' type.
src/ai-gateway/app/(dashboard)/dashboard/combos/combos-page-helpers.ts(284,36): error TS7053: Element implicitly has an 'any' type because expression of type 'any' can't be used to index type '{ "context-relay": string; }'.
src/ai-gateway/app/(dashboard)/dashboard/combos/combos-page-helpers.ts(287,40): error TS7006: Parameter 't' implicitly has an 'any' type.
src/ai-gateway/app/(dashboard)/dashboard/combos/combos-page-helpers.ts(287,43): error TS7006: Parameter 'strategy' implicitly has an 'any' type.
src/ai-gateway/app/(dashboard)/dashboard/combos/combos-page-helpers.ts(292,5): error TS7053: Element implicitly has an 'any' type because expression of type 'any' can't be used to index type '{ "context-relay": string; }'.
src/ai-gateway/app/(dashboard)/dashboard/combos/combos-page-helpers.ts(292,64): error TS2339: Property 'priority' does not exist on type '{ "context-relay": string; }'.
src/ai-gateway/app/(dashboard)/dashboard/combos/combos-page-helpers.ts(296,39): error TS7006: Parameter 'strategy' implicitly has an 'any' type.
src/ai-gateway/app/(dashboard)/dashboard/combos/combos-page-helpers.ts(309,35): error TS7006: Parameter 't' implicitly has an 'any' type.
src/ai-gateway/app/(dashboard)/dashboard/combos/combos-page-helpers.ts(309,38): error TS7006: Parameter 'key' implicitly has an 'any' type.
src/ai-gateway/app/(dashboard)/dashboard/combos/combos-page-helpers.ts(309,43): error TS7006: Parameter 'fallback' implicitly has an 'any' type.
src/ai-gateway/app/(dashboard)/dashboard/combos/combos-page-helpers.ts(314,31): error TS7006: Parameter 'items' implicitly has an 'any' type.
src/ai-gateway/app/(dashboard)/dashboard/combos/combos-page-helpers.ts(314,38): error TS7006: Parameter 'fromIndex' implicitly has an 'any' type.
src/ai-gateway/app/(dashboard)/dashboard/combos/combos-page-helpers.ts(314,49): error TS7006: Parameter 'toIndex' implicitly has an 'any' type.
src/ai-gateway/app/(dashboard)/dashboard/combos/combos-page-helpers.ts(321,38): error TS7006: Parameter 't' implicitly has an 'any' type.
src/ai-gateway/app/(dashboard)/dashboard/combos/combos-page-helpers.ts(321,41): error TS7006: Parameter 'strategy' implicitly has an 'any' type.
src/ai-gateway/app/(dashboard)/dashboard/combos/combos-page-helpers.ts(321,51): error TS7006: Parameter 'field' implicitly has an 'any' type.
src/ai-gateway/app/(dashboard)/dashboard/combos/combos-page-helpers.ts(323,5): error TS7053: Element implicitly has an 'any' type because expression of type 'any' can't be used to index type '{ priority: { when: string; avoid: string; example: string; }; weighted: { when: string; avoid: string; example: string; }; "round-robin": { when: string; avoid: string; example: string; }; "context-relay": { ...; }; ... 5 more ...; "strict-random": { ...; }; }'.
src/ai-gateway/app/(dashboard)/dashboard/combos/combos-page-helpers.ts(328,47): error TS7006: Parameter 't' implicitly has an 'any' type.
src/ai-gateway/app/(dashboard)/dashboard/combos/combos-page-helpers.ts(328,50): error TS7006: Parameter 'strategy' implicitly has an 'any' type.
src/ai-gateway/app/(dashboard)/dashboard/combos/combos-page-helpers.ts(328,60): error TS7006: Parameter 'field' implicitly has an 'any' type.
src/ai-gateway/app/(dashboard)/dashboard/combos/combos-page-helpers.ts(330,5): error TS7053: Element implicitly has an 'any' type because expression of type 'any' can't be used to index type '{ priority: { title: string; description: string; tips: string[]; }; weighted: { title: string; description: string; tips: string[]; }; "round-robin": { title: string; description: string; tips: string[]; }; "context-relay": { ...; }; ... 5 more ...; "strict-random": { ...; }; }'.
src/ai-gateway/app/(dashboard)/dashboard/combos/combos-page-helpers.ts(333,39): error TS7006: Parameter 'tip' implicitly has an 'any' type.
src/ai-gateway/app/(dashboard)/dashboard/combos/combos-page-helpers.ts(333,44): error TS7006: Parameter 'index' implicitly has an 'any' type.
src/ai-gateway/app/(dashboard)/dashboard/combos/combos-page-helpers.ts(348,37): error TS7006: Parameter 'entry' implicitly has an 'any' type.
src/ai-gateway/app/(dashboard)/dashboard/combos/combos-page-helpers.ts(353,32): error TS7006: Parameter 'entry' implicitly has an 'any' type.
src/ai-gateway/app/(dashboard)/dashboard/combos/combos-page-shared.tsx(3,38): error TS2307: Cannot find module '@/shared/components' or its corresponding type declarations.
src/ai-gateway/app/(dashboard)/dashboard/combos/combos-page-shared.tsx(4,21): error TS2307: Cannot find module '@/shared/components/Tooltip' or its corresponding type declarations.
src/ai-gateway/app/(dashboard)/dashboard/combos/combos-page-shared.tsx(5,33): error TS2307: Cannot find module 'next-intl' or its corresponding type declarations.
src/ai-gateway/app/(dashboard)/dashboard/combos/combos-page-shared.tsx(16,35): error TS7031: Binding element 'onHide' implicitly has an 'any' type.
src/ai-gateway/app/(dashboard)/dashboard/combos/combos-page-shared.tsx(16,43): error TS7031: Binding element 'onHideForever' implicitly has an 'any' type.
src/ai-gateway/app/(dashboard)/dashboard/combos/combos-page-shared.tsx(21,5): error TS17004: Cannot use JSX unless the '--jsx' flag is provided.
src/ai-gateway/app/(dashboard)/dashboard/combos/combos-page-shared.tsx(22,7): error TS17004: Cannot use JSX unless the '--jsx' flag is provided.
src/ai-gateway/app/(dashboard)/dashboard/combos/combos-page-shared.tsx(23,9): error TS17004: Cannot use JSX unless the '--jsx' flag is provided.
src/ai-gateway/app/(dashboard)/dashboard/combos/combos-page-shared.tsx(24,11): error TS17004: Cannot use JSX unless the '--jsx' flag is provided.
src/ai-gateway/app/(dashboard)/dashboard/combos/combos-page-shared.tsx(25,13): error TS17004: Cannot use JSX unless the '--jsx' flag is provided.
src/ai-gateway/app/(dashboard)/dashboard/combos/combos-page-shared.tsx(29,11): error TS17004: Cannot use JSX unless the '--jsx' flag is provided.
src/ai-gateway/app/(dashboard)/dashboard/combos/combos-page-shared.tsx(30,13): error TS17004: Cannot use JSX unless the '--jsx' flag is provided.
src/ai-gateway/app/(dashboard)/dashboard/combos/combos-page-shared.tsx(31,13): error TS17004: Cannot use JSX unless the '--jsx' flag is provided.
src/ai-gateway/app/(dashboard)/dashboard/combos/combos-page-shared.tsx(34,9): error TS17004: Cannot use JSX unless the '--jsx' flag is provided.
src/ai-gateway/app/(dashboard)/dashboard/combos/combos-page-shared.tsx(35,11): error TS17004: Cannot use JSX unless the '--jsx' flag is provided.
src/ai-gateway/app/(dashboard)/dashboard/combos/combos-page-shared.tsx(38,11): error TS17004: Cannot use JSX unless the '--jsx' flag is provided.
src/ai-gateway/app/(dashboard)/dashboard/combos/combos-page-shared.tsx(49,7): error TS17004: Cannot use JSX unless the '--jsx' flag is provided.
src/ai-gateway/app/(dashboard)/dashboard/combos/combos-page-shared.tsx(53,13): error TS17004: Cannot use JSX unless the '--jsx' flag is provided.
src/ai-gateway/app/(dashboard)/dashboard/combos/combos-page-shared.tsx(57,15): error TS17004: Cannot use JSX unless the '--jsx' flag is provided.
src/ai-gateway/app/(dashboard)/dashboard/combos/combos-page-shared.tsx(58,17): error TS17004: Cannot use JSX unless the '--jsx' flag is provided.
src/ai-gateway/app/(dashboard)/dashboard/combos/combos-page-shared.tsx(61,17): error TS17004: Cannot use JSX unless the '--jsx' flag is provided.
src/ai-gateway/app/(dashboard)/dashboard/combos/combos-page-shared.tsx(63,15): error TS17004: Cannot use JSX unless the '--jsx' flag is provided.
src/ai-gateway/app/(dashboard)/dashboard/combos/combos-page-shared.tsx(74,40): error TS7031: Binding element 'strategy' implicitly has an 'any' type.
src/ai-gateway/app/(dashboard)/dashboard/combos/combos-page-shared.tsx(77,5): error TS17004: Cannot use JSX unless the '--jsx' flag is provided.
src/ai-gateway/app/(dashboard)/dashboard/combos/combos-page-shared.tsx(78,7): error TS17004: Cannot use JSX unless the '--jsx' flag is provided.
src/ai-gateway/app/(dashboard)/dashboard/combos/combos-page-shared.tsx(81,7): error TS17004: Cannot use JSX unless the '--jsx' flag is provided.
src/ai-gateway/app/(dashboard)/dashboard/combos/combos-page-shared.tsx(82,9): error TS17004: Cannot use JSX unless the '--jsx' flag is provided.
src/ai-gateway/app/(dashboard)/dashboard/combos/combos-page-shared.tsx(83,11): error TS17004: Cannot use JSX unless the '--jsx' flag is provided.
src/ai-gateway/app/(dashboard)/dashboard/combos/combos-page-shared.tsx(88,9): error TS17004: Cannot use JSX unless the '--jsx' flag is provided.
src/ai-gateway/app/(dashboard)/dashboard/combos/combos-page-shared.tsx(89,11): error TS17004: Cannot use JSX unless the '--jsx' flag is provided.
src/ai-gateway/app/(dashboard)/dashboard/combos/combos-page-shared.tsx(94,9): error TS17004: Cannot use JSX unless the '--jsx' flag is provided.
src/ai-gateway/app/(dashboard)/dashboard/combos/combos-page-shared.tsx(95,11): error TS17004: Cannot use JSX unless the '--jsx' flag is provided.
src/ai-gateway/app/(dashboard)/dashboard/combos/combos-page-shared.tsx(105,48): error TS7031: Binding element 'strategy' implicitly has an 'any' type.
src/ai-gateway/app/(dashboard)/dashboard/combos/combos-page-shared.tsx(105,58): error TS7031: Binding element 'onApply' implicitly has an 'any' type.
src/ai-gateway/app/(dashboard)/dashboard/combos/combos-page-shared.tsx(105,67): error TS7031: Binding element 'showNudge' implicitly has an 'any' type.
src/ai-gateway/app/(dashboard)/dashboard/combos/combos-page-shared.tsx(113,5): error TS17004: Cannot use JSX unless the '--jsx' flag is provided.
src/ai-gateway/app/(dashboard)/dashboard/combos/combos-page-shared.tsx(114,7): error TS17004: Cannot use JSX unless the '--jsx' flag is provided.
src/ai-gateway/app/(dashboard)/dashboard/combos/combos-page-shared.tsx(115,9): error TS17004: Cannot use JSX unless the '--jsx' flag is provided.
src/ai-gateway/app/(dashboard)/dashboard/combos/combos-page-shared.tsx(116,11): error TS17004: Cannot use JSX unless the '--jsx' flag is provided.
src/ai-gateway/app/(dashboard)/dashboard/combos/combos-page-shared.tsx(119,11): error TS17004: Cannot use JSX unless the '--jsx' flag is provided.
src/ai-gateway/app/(dashboard)/dashboard/combos/combos-page-shared.tsx(120,24): error TS17004: Cannot use JSX unless the '--jsx' flag is provided.
src/ai-gateway/app/(dashboard)/dashboard/combos/combos-page-shared.tsx(122,11): error TS17004: Cannot use JSX unless the '--jsx' flag is provided.
src/ai-gateway/app/(dashboard)/dashboard/combos/combos-page-shared.tsx(124,9): error TS17004: Cannot use JSX unless the '--jsx' flag is provided.
src/ai-gateway/app/(dashboard)/dashboard/combos/combos-page-shared.tsx(129,7): error TS17004: Cannot use JSX unless the '--jsx' flag is provided.
src/ai-gateway/app/(dashboard)/dashboard/combos/combos-page-shared.tsx(130,20): error TS7006: Parameter 'tip' implicitly has an 'any' type.
src/ai-gateway/app/(dashboard)/dashboard/combos/combos-page-shared.tsx(130,25): error TS7006: Parameter 'index' implicitly has an 'any' type.
src/ai-gateway/app/(dashboard)/dashboard/combos/combos-page-shared.tsx(131,11): error TS17004: Cannot use JSX unless the '--jsx' flag is provided.
src/ai-gateway/app/(dashboard)/dashboard/combos/combos-page-shared.tsx(135,13): error TS17004: Cannot use JSX unless the '--jsx' flag is provided.
src/ai-gateway/app/(dashboard)/dashboard/combos/combos-page-shared.tsx(136,13): error TS17004: Cannot use JSX unless the '--jsx' flag is provided.
src/ai-gateway/app/(dashboard)/dashboard/combos/combos-page-shared.tsx(142,9): error TS17004: Cannot use JSX unless the '--jsx' flag is provided.
src/ai-gateway/app/(dashboard)/dashboard/combos/combos-page-shared.tsx(157,38): error TS7031: Binding element 'label' implicitly has an 'any' type.
src/ai-gateway/app/(dashboard)/dashboard/combos/combos-page-shared.tsx(157,45): error TS7031: Binding element 'help' implicitly has an 'any' type.
src/ai-gateway/app/(dashboard)/dashboard/combos/combos-page-shared.tsx(159,5): error TS17004: Cannot use JSX unless the '--jsx' flag is provided.
src/ai-gateway/app/(dashboard)/dashboard/combos/combos-page-shared.tsx(160,7): error TS17004: Cannot use JSX unless the '--jsx' flag is provided.
src/ai-gateway/app/(dashboard)/dashboard/combos/combos-page-shared.tsx(161,7): error TS17004: Cannot use JSX unless the '--jsx' flag is provided.
src/ai-gateway/app/(dashboard)/dashboard/combos/combos-page-shared.tsx(162,9): error TS17004: Cannot use JSX unless the '--jsx' flag is provided.
src/ai-gateway/app/(dashboard)/dashboard/combos/combos-page-shared.tsx(170,39): error TS7031: Binding element 'checks' implicitly has an 'any' type.
src/ai-gateway/app/(dashboard)/dashboard/combos/combos-page-shared.tsx(170,47): error TS7031: Binding element 'blockers' implicitly has an 'any' type.
src/ai-gateway/app/(dashboard)/dashboard/combos/combos-page-shared.tsx(175,5): error TS17004: Cannot use JSX unless the '--jsx' flag is provided.
src/ai-gateway/app/(dashboard)/dashboard/combos/combos-page-shared.tsx(183,7): error TS17004: Cannot use JSX unless the '--jsx' flag is provided.
src/ai-gateway/app/(dashboard)/dashboard/combos/combos-page-shared.tsx(184,9): error TS17004: Cannot use JSX unless the '--jsx' flag is provided.
src/ai-gateway/app/(dashboard)/dashboard/combos/combos-page-shared.tsx(193,9): error TS17004: Cannot use JSX unless the '--jsx' flag is provided.
src/ai-gateway/app/(dashboard)/dashboard/combos/combos-page-shared.tsx(198,7): error TS17004: Cannot use JSX unless the '--jsx' flag is provided.
src/ai-gateway/app/(dashboard)/dashboard/combos/combos-page-shared.tsx(206,7): error TS17004: Cannot use JSX unless the '--jsx' flag is provided.
src/ai-gateway/app/(dashboard)/dashboard/combos/combos-page-shared.tsx(207,22): error TS7006: Parameter 'check' implicitly has an 'any' type.
src/ai-gateway/app/(dashboard)/dashboard/combos/combos-page-shared.tsx(208,11): error TS17004: Cannot use JSX unless the '--jsx' flag is provided.
src/ai-gateway/app/(dashboard)/dashboard/combos/combos-page-shared.tsx(212,13): error TS17004: Cannot use JSX unless the '--jsx' flag is provided.
src/ai-gateway/app/(dashboard)/dashboard/combos/combos-page-shared.tsx(219,13): error TS17004: Cannot use JSX unless the '--jsx' flag is provided.
src/ai-gateway/app/(dashboard)/dashboard/combos/combos-page-shared.tsx(225,9): error TS17004: Cannot use JSX unless the '--jsx' flag is provided.
src/ai-gateway/app/(dashboard)/dashboard/combos/combos-page-shared.tsx(229,11): error TS17004: Cannot use JSX unless the '--jsx' flag is provided.
src/ai-gateway/app/(dashboard)/dashboard/combos/combos-page-shared.tsx(236,11): error TS17004: Cannot use JSX unless the '--jsx' flag is provided.
src/ai-gateway/app/(dashboard)/dashboard/combos/combos-page-shared.tsx(237,28): error TS7006: Parameter 'blocker' implicitly has an 'any' type.
src/ai-gateway/app/(dashboard)/dashboard/combos/combos-page-shared.tsx(237,37): error TS7006: Parameter 'index' implicitly has an 'any' type.
src/ai-gateway/app/(dashboard)/dashboard/combos/combos-page-shared.tsx(238,15): error TS17004: Cannot use JSX unless the '--jsx' flag is provided.
src/ai-gateway/app/(dashboard)/dashboard/combos/combos-page-shared.tsx(256,3): error TS7031: Binding element 'combo' implicitly has an 'any' type.
src/ai-gateway/app/(dashboard)/dashboard/combos/combos-page-shared.tsx(257,3): error TS7031: Binding element 'metrics' implicitly has an 'any' type.
src/ai-gateway/app/(dashboard)/dashboard/combos/combos-page-shared.tsx(258,3): error TS7031: Binding element 'copied' implicitly has an 'any' type.
src/ai-gateway/app/(dashboard)/dashboard/combos/combos-page-shared.tsx(259,3): error TS7031: Binding element 'onCopy' implicitly has an 'any' type.
src/ai-gateway/app/(dashboard)/dashboard/combos/combos-page-shared.tsx(260,3): error TS7031: Binding element 'onEdit' implicitly has an 'any' type.
src/ai-gateway/app/(dashboard)/dashboard/combos/combos-page-shared.tsx(261,3): error TS7031: Binding element 'onDelete' implicitly has an 'any' type.
src/ai-gateway/app/(dashboard)/dashboard/combos/combos-page-shared.tsx(262,3): error TS7031: Binding element 'onDuplicate' implicitly has an 'any' type.
src/ai-gateway/app/(dashboard)/dashboard/combos/combos-page-shared.tsx(263,3): error TS7031: Binding element 'onTest' implicitly has an 'any' type.
src/ai-gateway/app/(dashboard)/dashboard/combos/combos-page-shared.tsx(264,3): error TS7031: Binding element 'testing' implicitly has an 'any' type.
src/ai-gateway/app/(dashboard)/dashboard/combos/combos-page-shared.tsx(265,3): error TS7031: Binding element 'onProxy' implicitly has an 'any' type.
src/ai-gateway/app/(dashboard)/dashboard/combos/combos-page-shared.tsx(266,3): error TS7031: Binding element 'hasProxy' implicitly has an 'any' type.
src/ai-gateway/app/(dashboard)/dashboard/combos/combos-page-shared.tsx(267,3): error TS7031: Binding element 'onToggle' implicitly has an 'any' type.
src/ai-gateway/app/(dashboard)/dashboard/combos/combos-page-shared.tsx(268,3): error TS7031: Binding element 'providerNodes' implicitly has an 'any' type.
src/ai-gateway/app/(dashboard)/dashboard/combos/combos-page-shared.tsx(269,3): error TS7031: Binding element 'dragDisabled' implicitly has an 'any' type.
src/ai-gateway/app/(dashboard)/dashboard/combos/combos-page-shared.tsx(270,3): error TS7031: Binding element 'isDragged' implicitly has an 'any' type.
src/ai-gateway/app/(dashboard)/dashboard/combos/combos-page-shared.tsx(271,3): error TS7031: Binding element 'isDropTarget' implicitly has an 'any' type.
src/ai-gateway/app/(dashboard)/dashboard/combos/combos-page-shared.tsx(272,3): error TS7031: Binding element 'onDragStart' implicitly has an 'any' type.
src/ai-gateway/app/(dashboard)/dashboard/combos/combos-page-shared.tsx(273,3): error TS7031: Binding element 'onDragEnd' implicitly has an 'any' type.
src/ai-gateway/app/(dashboard)/dashboard/combos/combos-page-shared.tsx(283,31): error TS7006: Parameter 'modelValue' implicitly has an 'any' type.
src/ai-gateway/app/(dashboard)/dashboard/combos/combos-page-shared.tsx(288,8): error TS7006: Parameter 'node' implicitly has an 'any' type.
src/ai-gateway/app/(dashboard)/dashboard/combos/combos-page-shared.tsx(294,5): error TS17004: Cannot use JSX unless the '--jsx' flag is provided.
src/ai-gateway/app/(dashboard)/dashboard/combos/combos-page-shared.tsx(302,7): error TS17004: Cannot use JSX unless the '--jsx' flag is provided.
src/ai-gateway/app/(dashboard)/dashboard/combos/combos-page-shared.tsx(303,9): error TS17004: Cannot use JSX unless the '--jsx' flag is provided.
src/ai-gateway/app/(dashboard)/dashboard/combos/combos-page-shared.tsx(304,11): error TS17004: Cannot use JSX unless the '--jsx' flag is provided.
src/ai-gateway/app/(dashboard)/dashboard/combos/combos-page-shared.tsx(318,13): error TS17004: Cannot use JSX unless the '--jsx' flag is provided.
src/ai-gateway/app/(dashboard)/dashboard/combos/combos-page-shared.tsx(322,11): error TS17004: Cannot use JSX unless the '--jsx' flag is provided.
src/ai-gateway/app/(dashboard)/dashboard/combos/combos-page-shared.tsx(323,13): error TS17004: Cannot use JSX unless the '--jsx' flag is provided.
src/ai-gateway/app/(dashboard)/dashboard/combos/combos-page-shared.tsx(325,11): error TS17004: Cannot use JSX unless the '--jsx' flag is provided.
src/ai-gateway/app/(dashboard)/dashboard/combos/combos-page-shared.tsx(327,13): error TS17004: Cannot use JSX unless the '--jsx' flag is provided.
src/ai-gateway/app/(dashboard)/dashboard/combos/combos-page-shared.tsx(328,15): error TS17004: Cannot use JSX unless the '--jsx' flag is provided.
src/ai-gateway/app/(dashboard)/dashboard/combos/combos-page-shared.tsx(329,15): error TS17004: Cannot use JSX unless the '--jsx' flag is provided.
src/ai-gateway/app/(dashboard)/dashboard/combos/combos-page-shared.tsx(330,17): error TS17004: Cannot use JSX unless the '--jsx' flag is provided.
src/ai-gateway/app/(dashboard)/dashboard/combos/combos-page-shared.tsx(339,17): error TS17004: Cannot use JSX unless the '--jsx' flag is provided.
src/ai-gateway/app/(dashboard)/dashboard/combos/combos-page-shared.tsx(343,19): error TS17004: Cannot use JSX unless the '--jsx' flag is provided.
src/ai-gateway/app/(dashboard)/dashboard/combos/combos-page-shared.tsx(347,15): error TS17004: Cannot use JSX unless the '--jsx' flag is provided.
src/ai-gateway/app/(dashboard)/dashboard/combos/combos-page-shared.tsx(355,17): error TS17004: Cannot use JSX unless the '--jsx' flag is provided.
src/ai-gateway/app/(dashboard)/dashboard/combos/combos-page-shared.tsx(362,13): error TS17004: Cannot use JSX unless the '--jsx' flag is provided.
src/ai-gateway/app/(dashboard)/dashboard/combos/combos-page-shared.tsx(364,17): error TS17004: Cannot use JSX unless the '--jsx' flag is provided.
src/ai-gateway/app/(dashboard)/dashboard/combos/combos-page-shared.tsx(366,41): error TS7006: Parameter 'entry' implicitly has an 'any' type.
src/ai-gateway/app/(dashboard)/dashboard/combos/combos-page-shared.tsx(366,48): error TS7006: Parameter 'index' implicitly has an 'any' type.
src/ai-gateway/app/(dashboard)/dashboard/combos/combos-page-shared.tsx(369,21): error TS17004: Cannot use JSX unless the '--jsx' flag is provided.
src/ai-gateway/app/(dashboard)/dashboard/combos/combos-page-shared.tsx(380,17): error TS17004: Cannot use JSX unless the '--jsx' flag is provided.
src/ai-gateway/app/(dashboard)/dashboard/combos/combos-page-shared.tsx(388,15): error TS17004: Cannot use JSX unless the '--jsx' flag is provided.
src/ai-gateway/app/(dashboard)/dashboard/combos/combos-page-shared.tsx(389,17): error TS17004: Cannot use JSX unless the '--jsx' flag is provided.
src/ai-gateway/app/(dashboard)/dashboard/combos/combos-page-shared.tsx(390,19): error TS17004: Cannot use JSX unless the '--jsx' flag is provided.
src/ai-gateway/app/(dashboard)/dashboard/combos/combos-page-shared.tsx(393,17): error TS17004: Cannot use JSX unless the '--jsx' flag is provided.
src/ai-gateway/app/(dashboard)/dashboard/combos/combos-page-shared.tsx(396,17): error TS17004: Cannot use JSX unless the '--jsx' flag is provided.
src/ai-gateway/app/(dashboard)/dashboard/combos/combos-page-shared.tsx(398,19): error TS17004: Cannot use JSX unless the '--jsx' flag is provided.
src/ai-gateway/app/(dashboard)/dashboard/combos/combos-page-shared.tsx(408,9): error TS17004: Cannot use JSX unless the '--jsx' flag is provided.
src/ai-gateway/app/(dashboard)/dashboard/combos/combos-page-shared.tsx(409,11): error TS17004: Cannot use JSX unless the '--jsx' flag is provided.
src/ai-gateway/app/(dashboard)/dashboard/combos/combos-page-shared.tsx(415,11): error TS17004: Cannot use JSX unless the '--jsx' flag is provided.
src/ai-gateway/app/(dashboard)/dashboard/combos/combos-page-shared.tsx(416,13): error TS17004: Cannot use JSX unless the '--jsx' flag is provided.
src/ai-gateway/app/(dashboard)/dashboard/combos/combos-page-shared.tsx(422,15): error TS17004: Cannot use JSX unless the '--jsx' flag is provided.
src/ai-gateway/app/(dashboard)/dashboard/combos/combos-page-shared.tsx(428,13): error TS17004: Cannot use JSX unless the '--jsx' flag is provided.
src/ai-gateway/app/(dashboard)/dashboard/combos/combos-page-shared.tsx(433,15): error TS17004: Cannot use JSX unless the '--jsx' flag is provided.
src/ai-gateway/app/(dashboard)/dashboard/combos/combos-page-shared.tsx(435,13): error TS17004: Cannot use JSX unless the '--jsx' flag is provided.
src/ai-gateway/app/(dashboard)/dashboard/combos/combos-page-shared.tsx(440,15): error TS17004: Cannot use JSX unless the '--jsx' flag is provided.
src/ai-gateway/app/(dashboard)/dashboard/combos/combos-page-shared.tsx(442,13): error TS17004: Cannot use JSX unless the '--jsx' flag is provided.
src/ai-gateway/app/(dashboard)/dashboard/combos/combos-page-shared.tsx(447,15): error TS17004: Cannot use JSX unless the '--jsx' flag is provided.
src/ai-gateway/app/(dashboard)/dashboard/combos/combos-page-shared.tsx(449,13): error TS17004: Cannot use JSX unless the '--jsx' flag is provided.
src/ai-gateway/app/(dashboard)/dashboard/combos/combos-page-shared.tsx(454,15): error TS17004: Cannot use JSX unless the '--jsx' flag is provided.
src/ai-gateway/app/(dashboard)/dashboard/combos/combos-page-shared.tsx(466,35): error TS7031: Binding element 'results' implicitly has an 'any' type.
src/ai-gateway/app/(dashboard)/dashboard/combos/combos-page-shared.tsx(469,7): error TS17004: Cannot use JSX unless the '--jsx' flag is provided.
src/ai-gateway/app/(dashboard)/dashboard/combos/combos-page-shared.tsx(470,9): error TS17004: Cannot use JSX unless the '--jsx' flag is provided.
src/ai-gateway/app/(dashboard)/dashboard/combos/combos-page-shared.tsx(477,5): error TS17004: Cannot use JSX unless the '--jsx' flag is provided.
src/ai-gateway/app/(dashboard)/dashboard/combos/combos-page-shared.tsx(479,9): error TS17004: Cannot use JSX unless the '--jsx' flag is provided.
src/ai-gateway/app/(dashboard)/dashboard/combos/combos-page-shared.tsx(480,11): error TS17004: Cannot use JSX unless the '--jsx' flag is provided.
src/ai-gateway/app/(dashboard)/dashboard/combos/combos-page-shared.tsx(483,11): error TS17004: Cannot use JSX unless the '--jsx' flag is provided.
src/ai-gateway/app/(dashboard)/dashboard/combos/combos-page-shared.tsx(485,13): error TS17004: Cannot use JSX unless the '--jsx' flag is provided.
src/ai-gateway/app/(dashboard)/dashboard/combos/combos-page-shared.tsx(491,30): error TS7006: Parameter 'r' implicitly has an 'any' type.
src/ai-gateway/app/(dashboard)/dashboard/combos/combos-page-shared.tsx(491,33): error TS7006: Parameter 'i' implicitly has an 'any' type.
src/ai-gateway/app/(dashboard)/dashboard/combos/combos-page-shared.tsx(492,9): error TS17004: Cannot use JSX unless the '--jsx' flag is provided.
src/ai-gateway/app/(dashboard)/dashboard/combos/combos-page-shared.tsx(497,11): error TS17004: Cannot use JSX unless the '--jsx' flag is provided.
src/ai-gateway/app/(dashboard)/dashboard/combos/combos-page-shared.tsx(508,11): error TS17004: Cannot use JSX unless the '--jsx' flag is provided.
src/ai-gateway/app/(dashboard)/dashboard/combos/combos-page-shared.tsx(509,41): error TS17004: Cannot use JSX unless the '--jsx' flag is provided.
src/ai-gateway/app/(dashboard)/dashboard/combos/combos-page-shared.tsx(510,11): error TS17004: Cannot use JSX unless the '--jsx' flag is provided.
src/ai-gateway/app/(dashboard)/dashboard/combos/combos-page-shared.tsx(527,34): error TS7031: Binding element 'models' implicitly has an 'any' type.
src/ai-gateway/app/(dashboard)/dashboard/combos/combos-page-shared.tsx(528,32): error TS7006: Parameter 'sum' implicitly has an 'any' type.
src/ai-gateway/app/(dashboard)/dashboard/combos/combos-page-shared.tsx(528,37): error TS7006: Parameter 'm' implicitly has an 'any' type.
src/ai-gateway/app/(dashboard)/dashboard/combos/combos-page-shared.tsx(542,5): error TS17004: Cannot use JSX unless the '--jsx' flag is provided.
src/ai-gateway/app/(dashboard)/dashboard/combos/combos-page-shared.tsx(544,7): error TS17004: Cannot use JSX unless the '--jsx' flag is provided.
src/ai-gateway/app/(dashboard)/dashboard/combos/combos-page-shared.tsx(545,22): error TS7006: Parameter 'm' implicitly has an 'any' type.
src/ai-gateway/app/(dashboard)/dashboard/combos/combos-page-shared.tsx(545,25): error TS7006: Parameter 'i' implicitly has an 'any' type.
src/ai-gateway/app/(dashboard)/dashboard/combos/combos-page-shared.tsx(548,13): error TS17004: Cannot use JSX unless the '--jsx' flag is provided.
src/ai-gateway/app/(dashboard)/dashboard/combos/combos-page-shared.tsx(556,7): error TS17004: Cannot use JSX unless the '--jsx' flag is provided.
src/ai-gateway/app/(dashboard)/dashboard/combos/combos-page-shared.tsx(557,9): error TS17004: Cannot use JSX unless the '--jsx' flag is provided.
src/ai-gateway/app/(dashboard)/dashboard/combos/combos-page-shared.tsx(559,14): error TS7006: Parameter 'm' implicitly has an 'any' type.
src/ai-gateway/app/(dashboard)/dashboard/combos/combos-page-shared.tsx(559,17): error TS7006: Parameter 'i' implicitly has an 'any' type.
src/ai-gateway/app/(dashboard)/dashboard/combos/combos-page-shared.tsx(561,17): error TS17004: Cannot use JSX unless the '--jsx' flag is provided.
src/ai-gateway/app/(dashboard)/dashboard/combos/combos-page-shared.tsx(562,19): error TS17004: Cannot use JSX unless the '--jsx' flag is provided.
src/ai-gateway/app/(dashboard)/dashboard/combos/combos-page-shared.tsx(570,9): error TS17004: Cannot use JSX unless the '--jsx' flag is provided.
src/ai-gateway/app/(dashboard)/dashboard/combos/page.tsx(11,8): error TS2307: Cannot find module '@/shared/components' or its corresponding type declarations.
src/ai-gateway/app/(dashboard)/dashboard/combos/page.tsx(12,33): error TS2307: Cannot find module '@/shared/components/ModelRoutingSection' or its corresponding type declarations.
src/ai-gateway/app/(dashboard)/dashboard/combos/page.tsx(13,36): error TS2307: Cannot find module '@/shared/hooks/useCopyToClipboard' or its corresponding type declarations.
src/ai-gateway/app/(dashboard)/dashboard/combos/page.tsx(14,38): error TS2307: Cannot find module '@/store/notificationStore' or its corresponding type declarations.
src/ai-gateway/app/(dashboard)/dashboard/combos/page.tsx(15,33): error TS2307: Cannot find module 'next-intl' or its corresponding type declarations.
src/ai-gateway/app/(dashboard)/dashboard/combos/page.tsx(21,61): error TS6142: Module './combos-page-shared' was resolved to 'C:/TESTES DEV/1_PROJETOS_ATIVOS/Zavorth/src/ai-gateway/app/(dashboard)/dashboard/combos/combos-page-shared.tsx', but '--jsx' is not set.
src/ai-gateway/app/(dashboard)/dashboard/combos/page.tsx(22,32): error TS6142: Module './combos-form-modal' was resolved to 'C:/TESTES DEV/1_PROJETOS_ATIVOS/Zavorth/src/ai-gateway/app/(dashboard)/dashboard/combos/combos-form-modal.tsx', but '--jsx' is not set.
src/ai-gateway/app/(dashboard)/dashboard/combos/page.tsx(79,12): error TS7006: Parameter 'c' implicitly has an 'any' type.
src/ai-gateway/app/(dashboard)/dashboard/combos/page.tsx(92,31): error TS7006: Parameter 'data' implicitly has an 'any' type.
src/ai-gateway/app/(dashboard)/dashboard/combos/page.tsx(113,31): error TS7006: Parameter 'id' implicitly has an 'any' type.
src/ai-gateway/app/(dashboard)/dashboard/combos/page.tsx(113,35): error TS7006: Parameter 'data' implicitly has an 'any' type.
src/ai-gateway/app/(dashboard)/dashboard/combos/page.tsx(133,31): error TS7006: Parameter 'id' implicitly has an 'any' type.
src/ai-gateway/app/(dashboard)/dashboard/combos/page.tsx(138,42): error TS2339: Property 'id' does not exist on type 'never'.
src/ai-gateway/app/(dashboard)/dashboard/combos/page.tsx(146,34): error TS7006: Parameter 'combo' implicitly has an 'any' type.
src/ai-gateway/app/(dashboard)/dashboard/combos/page.tsx(148,47): error TS2339: Property 'name' does not exist on type 'never'.
src/ai-gateway/app/(dashboard)/dashboard/combos/page.tsx(166,34): error TS7006: Parameter 'combo' implicitly has an 'any' type.
src/ai-gateway/app/(dashboard)/dashboard/combos/page.tsx(178,24): error TS2353: Object literal may only specify known properties, and 'error' does not exist in type '(prevState: null) => null'.
src/ai-gateway/app/(dashboard)/dashboard/combos/page.tsx(183,36): error TS7006: Parameter 'combo' implicitly has an 'any' type.
src/ai-gateway/app/(dashboard)/dashboard/combos/page.tsx(186,15): error TS2345: Argument of type '(prev: never[]) => any[]' is not assignable to parameter of type 'SetStateAction<never[]>'.
  Type '(prev: never[]) => any[]' is not assignable to type '(prevState: never[]) => never[]'.
    Type 'any[]' is not assignable to type 'never[]'.
      Type 'any' is not assignable to type 'never'.
src/ai-gateway/app/(dashboard)/dashboard/combos/page.tsx(186,44): error TS2339: Property 'id' does not exist on type 'never'.
src/ai-gateway/app/(dashboard)/dashboard/combos/page.tsx(186,64): error TS2698: Spread types may only be created from object types.
src/ai-gateway/app/(dashboard)/dashboard/combos/page.tsx(195,17): error TS2345: Argument of type '(prev: never[]) => any[]' is not assignable to parameter of type 'SetStateAction<never[]>'.
  Type '(prev: never[]) => any[]' is not assignable to type '(prevState: never[]) => never[]'.
    Type 'any[]' is not assignable to type 'never[]'.
      Type 'any' is not assignable to type 'never'.
src/ai-gateway/app/(dashboard)/dashboard/combos/page.tsx(196,28): error TS2339: Property 'id' does not exist on type 'never'.
src/ai-gateway/app/(dashboard)/dashboard/combos/page.tsx(196,48): error TS2698: Spread types may only be created from object types.
src/ai-gateway/app/(dashboard)/dashboard/combos/page.tsx(221,33): error TS7006: Parameter 'e' implicitly has an 'any' type.
src/ai-gateway/app/(dashboard)/dashboard/combos/page.tsx(221,36): error TS7006: Parameter 'index' implicitly has an 'any' type.
src/ai-gateway/app/(dashboard)/dashboard/combos/page.tsx(228,57): error TS2339: Property 'id' does not exist on type 'never'.
src/ai-gateway/app/(dashboard)/dashboard/combos/page.tsx(236,31): error TS7006: Parameter 'e' implicitly has an 'any' type.
src/ai-gateway/app/(dashboard)/dashboard/combos/page.tsx(243,32): error TS7006: Parameter 'e' implicitly has an 'any' type.
src/ai-gateway/app/(dashboard)/dashboard/combos/page.tsx(243,35): error TS7006: Parameter 'index' implicitly has an 'any' type.
src/ai-gateway/app/(dashboard)/dashboard/combos/page.tsx(250,34): error TS7006: Parameter 'e' implicitly has an 'any' type.
src/ai-gateway/app/(dashboard)/dashboard/combos/page.tsx(250,37): error TS7006: Parameter 'dropIndex' implicitly has an 'any' type.
src/ai-gateway/app/(dashboard)/dashboard/combos/page.tsx(259,15): error TS2345: Argument of type 'any[]' is not assignable to parameter of type 'SetStateAction<never[]>'.
  Type 'any[]' is not assignable to type 'never[]'.
    Type 'any' is not assignable to type 'never'.
src/ai-gateway/app/(dashboard)/dashboard/combos/page.tsx(287,7): error TS17004: Cannot use JSX unless the '--jsx' flag is provided.
src/ai-gateway/app/(dashboard)/dashboard/combos/page.tsx(288,9): error TS17004: Cannot use JSX unless the '--jsx' flag is provided.
src/ai-gateway/app/(dashboard)/dashboard/combos/page.tsx(289,9): error TS17004: Cannot use JSX unless the '--jsx' flag is provided.
src/ai-gateway/app/(dashboard)/dashboard/combos/page.tsx(295,5): error TS17004: Cannot use JSX unless the '--jsx' flag is provided.
src/ai-gateway/app/(dashboard)/dashboard/combos/page.tsx(297,7): error TS17004: Cannot use JSX unless the '--jsx' flag is provided.
src/ai-gateway/app/(dashboard)/dashboard/combos/page.tsx(298,9): error TS17004: Cannot use JSX unless the '--jsx' flag is provided.
src/ai-gateway/app/(dashboard)/dashboard/combos/page.tsx(299,11): error TS17004: Cannot use JSX unless the '--jsx' flag is provided.
src/ai-gateway/app/(dashboard)/dashboard/combos/page.tsx(300,11): error TS17004: Cannot use JSX unless the '--jsx' flag is provided.
src/ai-gateway/app/(dashboard)/dashboard/combos/page.tsx(302,9): error TS17004: Cannot use JSX unless the '--jsx' flag is provided.
src/ai-gateway/app/(dashboard)/dashboard/combos/page.tsx(304,13): error TS17004: Cannot use JSX unless the '--jsx' flag is provided.
src/ai-gateway/app/(dashboard)/dashboard/combos/page.tsx(308,11): error TS17004: Cannot use JSX unless the '--jsx' flag is provided.
src/ai-gateway/app/(dashboard)/dashboard/combos/page.tsx(315,9): error TS17004: Cannot use JSX unless the '--jsx' flag is provided.
src/ai-gateway/app/(dashboard)/dashboard/combos/page.tsx(322,9): error TS17004: Cannot use JSX unless the '--jsx' flag is provided.
src/ai-gateway/app/(dashboard)/dashboard/combos/page.tsx(326,11): error TS17004: Cannot use JSX unless the '--jsx' flag is provided.
src/ai-gateway/app/(dashboard)/dashboard/combos/page.tsx(327,13): error TS17004: Cannot use JSX unless the '--jsx' flag is provided.
src/ai-gateway/app/(dashboard)/dashboard/combos/page.tsx(328,15): error TS17004: Cannot use JSX unless the '--jsx' flag is provided.
src/ai-gateway/app/(dashboard)/dashboard/combos/page.tsx(335,15): error TS17004: Cannot use JSX unless the '--jsx' flag is provided.
src/ai-gateway/app/(dashboard)/dashboard/combos/page.tsx(338,15): error TS17004: Cannot use JSX unless the '--jsx' flag is provided.
src/ai-gateway/app/(dashboard)/dashboard/combos/page.tsx(346,13): error TS17004: Cannot use JSX unless the '--jsx' flag is provided.
src/ai-gateway/app/(dashboard)/dashboard/combos/page.tsx(347,15): error TS17004: Cannot use JSX unless the '--jsx' flag is provided.
src/ai-gateway/app/(dashboard)/dashboard/combos/page.tsx(358,15): error TS17004: Cannot use JSX unless the '--jsx' flag is provided.
src/ai-gateway/app/(dashboard)/dashboard/combos/page.tsx(367,7): error TS17004: Cannot use JSX unless the '--jsx' flag is provided.
src/ai-gateway/app/(dashboard)/dashboard/combos/page.tsx(371,9): error TS17004: Cannot use JSX unless the '--jsx' flag is provided.
src/ai-gateway/app/(dashboard)/dashboard/combos/page.tsx(379,9): error TS17004: Cannot use JSX unless the '--jsx' flag is provided.
src/ai-gateway/app/(dashboard)/dashboard/combos/page.tsx(381,13): error TS17004: Cannot use JSX unless the '--jsx' flag is provided.
src/ai-gateway/app/(dashboard)/dashboard/combos/page.tsx(382,26): error TS2339: Property 'id' does not exist on type 'never'.
src/ai-gateway/app/(dashboard)/dashboard/combos/page.tsx(383,48): error TS2339: Property 'id' does not exist on type 'never'.
src/ai-gateway/app/(dashboard)/dashboard/combos/page.tsx(387,15): error TS17004: Cannot use JSX unless the '--jsx' flag is provided.
src/ai-gateway/app/(dashboard)/dashboard/combos/page.tsx(389,26): error TS7053: Element implicitly has an 'any' type because expression of type 'any' can't be used to index type '{}'.
src/ai-gateway/app/(dashboard)/dashboard/combos/page.tsx(389,40): error TS2339: Property 'name' does not exist on type 'never'.
src/ai-gateway/app/(dashboard)/dashboard/combos/page.tsx(394,52): error TS2339: Property 'id' does not exist on type 'never'.
src/ai-gateway/app/(dashboard)/dashboard/combos/page.tsx(397,49): error TS2339: Property 'name' does not exist on type 'never'.
src/ai-gateway/app/(dashboard)/dashboard/combos/page.tsx(399,42): error TS2339: Property 'combos' does not exist on type 'never'.
src/ai-gateway/app/(dashboard)/dashboard/combos/page.tsx(399,57): error TS2339: Property 'id' does not exist on type 'never'.
src/ai-gateway/app/(dashboard)/dashboard/combos/page.tsx(404,31): error TS7006: Parameter 'e' implicitly has an 'any' type.
src/ai-gateway/app/(dashboard)/dashboard/combos/page.tsx(414,9): error TS17004: Cannot use JSX unless the '--jsx' flag is provided.
src/ai-gateway/app/(dashboard)/dashboard/combos/page.tsx(422,11): error TS17004: Cannot use JSX unless the '--jsx' flag is provided.
src/ai-gateway/app/(dashboard)/dashboard/combos/page.tsx(427,7): error TS17004: Cannot use JSX unless the '--jsx' flag is provided.
src/ai-gateway/app/(dashboard)/dashboard/combos/page.tsx(437,7): error TS17004: Cannot use JSX unless the '--jsx' flag is provided.
src/ai-gateway/app/(dashboard)/dashboard/combos/page.tsx(438,28): error TS2339: Property 'id' does not exist on type 'never'.
src/ai-gateway/app/(dashboard)/dashboard/combos/page.tsx(442,40): error TS18047: 'editingCombo' is possibly 'null'.
src/ai-gateway/app/(dashboard)/dashboard/combos/page.tsx(448,9): error TS17004: Cannot use JSX unless the '--jsx' flag is provided.
src/ai-gateway/app/(dashboard)/dashboard/combos/page.tsx(452,37): error TS2339: Property 'id' does not exist on type 'never'.
src/ai-gateway/app/(dashboard)/dashboard/combos/page.tsx(453,40): error TS2339: Property 'name' does not exist on type 'never'.
src/ai-gateway/app/(dashboard)/dashboard/costs/page.tsx(4,34): error TS2307: Cannot find module '@/shared/components' or its corresponding type declarations.
src/ai-gateway/app/(dashboard)/dashboard/costs/page.tsx(5,23): error TS6142: Module '../usage/components/BudgetTab' was resolved to 'C:/TESTES DEV/1_PROJETOS_ATIVOS/Zavorth/src/ai-gateway/app/(dashboard)/dashboard/usage/components/BudgetTab.tsx', but '--jsx' is not set.
src/ai-gateway/app/(dashboard)/dashboard/costs/page.tsx(6,24): error TS6142: Module '../settings/components/PricingTab' was resolved to 'C:/TESTES DEV/1_PROJETOS_ATIVOS/Zavorth/src/ai-gateway/app/(dashboard)/dashboard/settings/components/PricingTab.tsx', but '--jsx' is not set.
src/ai-gateway/app/(dashboard)/dashboard/costs/page.tsx(7,33): error TS2307: Cannot find module 'next-intl' or its corresponding type declarations.
src/ai-gateway/app/(dashboard)/dashboard/costs/page.tsx(15,5): error TS17004: Cannot use JSX unless the '--jsx' flag is provided.
src/ai-gateway/app/(dashboard)/dashboard/costs/page.tsx(16,7): error TS17004: Cannot use JSX unless the '--jsx' flag is provided.
src/ai-gateway/app/(dashboard)/dashboard/costs/page.tsx(25,34): error TS17004: Cannot use JSX unless the '--jsx' flag is provided.
src/ai-gateway/app/(dashboard)/dashboard/costs/page.tsx(26,35): error TS17004: Cannot use JSX unless the '--jsx' flag is provided.
src/ai-gateway/app/(dashboard)/dashboard/endpoint/api-endpoints/ApiCatalogPanel.tsx(1,22): error TS2307: Cannot find module '@/shared/components' or its corresponding type declarations.
src/ai-gateway/app/(dashboard)/dashboard/endpoint/api-endpoints/ApiCatalogPanel.tsx(45,5): error TS17004: Cannot use JSX unless the '--jsx' flag is provided.
src/ai-gateway/app/(dashboard)/dashboard/endpoint/api-endpoints/ApiCatalogPanel.tsx(46,7): error TS17004: Cannot use JSX unless the '--jsx' flag is provided.
src/ai-gateway/app/(dashboard)/dashboard/endpoint/api-endpoints/ApiCatalogPanel.tsx(47,9): error TS17004: Cannot use JSX unless the '--jsx' flag is provided.
src/ai-gateway/app/(dashboard)/dashboard/endpoint/api-endpoints/ApiCatalogPanel.tsx(48,11): error TS17004: Cannot use JSX unless the '--jsx' flag is provided.
src/ai-gateway/app/(dashboard)/dashboard/endpoint/api-endpoints/ApiCatalogPanel.tsx(51,11): error TS17004: Cannot use JSX unless the '--jsx' flag is provided.
src/ai-gateway/app/(dashboard)/dashboard/endpoint/api-endpoints/ApiCatalogPanel.tsx(59,9): error TS17004: Cannot use JSX unless the '--jsx' flag is provided.
src/ai-gateway/app/(dashboard)/dashboard/endpoint/api-endpoints/ApiCatalogPanel.tsx(60,11): error TS17004: Cannot use JSX unless the '--jsx' flag is provided.
src/ai-gateway/app/(dashboard)/dashboard/endpoint/api-endpoints/ApiCatalogPanel.tsx(72,13): error TS17004: Cannot use JSX unless the '--jsx' flag is provided.
src/ai-gateway/app/(dashboard)/dashboard/endpoint/api-endpoints/ApiCatalogPanel.tsx(86,13): error TS17004: Cannot use JSX unless the '--jsx' flag is provided.
src/ai-gateway/app/(dashboard)/dashboard/endpoint/api-endpoints/ApiCatalogPanel.tsx(94,9): error TS17004: Cannot use JSX unless the '--jsx' flag is provided.
src/ai-gateway/app/(dashboard)/dashboard/endpoint/api-endpoints/ApiCatalogPanel.tsx(95,11): error TS17004: Cannot use JSX unless the '--jsx' flag is provided.
src/ai-gateway/app/(dashboard)/dashboard/endpoint/api-endpoints/ApiCatalogPanel.tsx(96,13): error TS17004: Cannot use JSX unless the '--jsx' flag is provided.
src/ai-gateway/app/(dashboard)/dashboard/endpoint/api-endpoints/ApiCatalogPanel.tsx(97,13): error TS17004: Cannot use JSX unless the '--jsx' flag is provided.
src/ai-gateway/app/(dashboard)/dashboard/endpoint/api-endpoints/ApiCatalogPanel.tsx(98,13): error TS17004: Cannot use JSX unless the '--jsx' flag is provided.
src/ai-gateway/app/(dashboard)/dashboard/endpoint/api-endpoints/ApiCatalogPanel.tsx(101,13): error TS17004: Cannot use JSX unless the '--jsx' flag is provided.
src/ai-gateway/app/(dashboard)/dashboard/endpoint/api-endpoints/ApiCatalogPanel.tsx(103,11): error TS17004: Cannot use JSX unless the '--jsx' flag is provided.
src/ai-gateway/app/(dashboard)/dashboard/endpoint/api-endpoints/ApiCatalogPanel.tsx(110,17): error TS17004: Cannot use JSX unless the '--jsx' flag is provided.
src/ai-gateway/app/(dashboard)/dashboard/endpoint/api-endpoints/ApiCatalogPanel.tsx(111,19): error TS17004: Cannot use JSX unless the '--jsx' flag is provided.
src/ai-gateway/app/(dashboard)/dashboard/endpoint/api-endpoints/ApiCatalogPanel.tsx(116,21): error TS17004: Cannot use JSX unless the '--jsx' flag is provided.
src/ai-gateway/app/(dashboard)/dashboard/endpoint/api-endpoints/ApiCatalogPanel.tsx(122,21): error TS17004: Cannot use JSX unless the '--jsx' flag is provided.
src/ai-gateway/app/(dashboard)/dashboard/endpoint/api-endpoints/ApiCatalogPanel.tsx(123,21): error TS17004: Cannot use JSX unless the '--jsx' flag is provided.
src/ai-gateway/app/(dashboard)/dashboard/endpoint/api-endpoints/ApiCatalogPanel.tsx(127,23): error TS17004: Cannot use JSX unless the '--jsx' flag is provided.
src/ai-gateway/app/(dashboard)/dashboard/endpoint/api-endpoints/ApiCatalogPanel.tsx(134,21): error TS17004: Cannot use JSX unless the '--jsx' flag is provided.
src/ai-gateway/app/(dashboard)/dashboard/endpoint/api-endpoints/ApiCatalogPanel.tsx(142,21): error TS17004: Cannot use JSX unless the '--jsx' flag is provided.
src/ai-gateway/app/(dashboard)/dashboard/endpoint/api-endpoints/ApiCatalogPanel.tsx(143,23): error TS17004: Cannot use JSX unless the '--jsx' flag is provided.
src/ai-gateway/app/(dashboard)/dashboard/endpoint/api-endpoints/ApiCatalogPanel.tsx(144,25): error TS17004: Cannot use JSX unless the '--jsx' flag is provided.
src/ai-gateway/app/(dashboard)/dashboard/endpoint/api-endpoints/ApiCatalogPanel.tsx(145,27): error TS17004: Cannot use JSX unless the '--jsx' flag is provided.
src/ai-gateway/app/(dashboard)/dashboard/endpoint/api-endpoints/ApiCatalogPanel.tsx(147,29): error TS17004: Cannot use JSX unless the '--jsx' flag is provided.
src/ai-gateway/app/(dashboard)/dashboard/endpoint/api-endpoints/ApiCatalogPanel.tsx(149,27): error TS17004: Cannot use JSX unless the '--jsx' flag is provided.
src/ai-gateway/app/(dashboard)/dashboard/endpoint/api-endpoints/ApiCatalogPanel.tsx(151,31): error TS17004: Cannot use JSX unless the '--jsx' flag is provided.
src/ai-gateway/app/(dashboard)/dashboard/endpoint/api-endpoints/ApiCatalogPanel.tsx(152,33): error TS17004: Cannot use JSX unless the '--jsx' flag is provided.
src/ai-gateway/app/(dashboard)/dashboard/endpoint/api-endpoints/ApiCatalogPanel.tsx(159,31): error TS17004: Cannot use JSX unless the '--jsx' flag is provided.
src/ai-gateway/app/(dashboard)/dashboard/endpoint/api-endpoints/ApiCatalogPanel.tsx(160,33): error TS17004: Cannot use JSX unless the '--jsx' flag is provided.
src/ai-gateway/app/(dashboard)/dashboard/endpoint/api-endpoints/ApiCatalogPanel.tsx(166,29): error TS17004: Cannot use JSX unless the '--jsx' flag is provided.
src/ai-gateway/app/(dashboard)/dashboard/endpoint/api-endpoints/ApiCatalogPanel.tsx(171,25): error TS17004: Cannot use JSX unless the '--jsx' flag is provided.
src/ai-gateway/app/(dashboard)/dashboard/endpoint/api-endpoints/ApiCatalogPanel.tsx(184,27): error TS17004: Cannot use JSX unless the '--jsx' flag is provided.
src/ai-gateway/app/(dashboard)/dashboard/endpoint/api-endpoints/ApiCatalogPanel.tsx(191,23): error TS17004: Cannot use JSX unless the '--jsx' flag is provided.
src/ai-gateway/app/(dashboard)/dashboard/endpoint/api-endpoints/ApiCatalogPanel.tsx(192,25): error TS17004: Cannot use JSX unless the '--jsx' flag is provided.
src/ai-gateway/app/(dashboard)/dashboard/endpoint/api-endpoints/ApiCatalogPanel.tsx(195,25): error TS17004: Cannot use JSX unless the '--jsx' flag is provided.
src/ai-gateway/app/(dashboard)/dashboard/endpoint/api-endpoints/ApiCatalogPanel.tsx(205,25): error TS17004: Cannot use JSX unless the '--jsx' flag is provided.
src/ai-gateway/app/(dashboard)/dashboard/endpoint/api-endpoints/ApiCatalogPanel.tsx(207,29): error TS17004: Cannot use JSX unless the '--jsx' flag is provided.
src/ai-gateway/app/(dashboard)/dashboard/endpoint/api-endpoints/ApiCatalogPanel.tsx(208,31): error TS17004: Cannot use JSX unless the '--jsx' flag is provided.
src/ai-gateway/app/(dashboard)/dashboard/endpoint/api-endpoints/ApiCatalogPanel.tsx(211,31): error TS17004: Cannot use JSX unless the '--jsx' flag is provided.
src/ai-gateway/app/(dashboard)/dashboard/endpoint/api-endpoints/ApiCatalogPanel.tsx(222,27): error TS17004: Cannot use JSX unless the '--jsx' flag is provided.
src/ai-gateway/app/(dashboard)/dashboard/endpoint/api-endpoints/ApiCatalogPanel.tsx(228,29): error TS17004: Cannot use JSX unless the '--jsx' flag is provided.
src/ai-gateway/app/(dashboard)/dashboard/endpoint/api-endpoints/ApiCatalogPanel.tsx(235,29): error TS17004: Cannot use JSX unless the '--jsx' flag is provided.
src/ai-gateway/app/(dashboard)/dashboard/endpoint/api-endpoints/ApiCatalogPanel.tsx(236,31): error TS17004: Cannot use JSX unless the '--jsx' flag is provided.
src/ai-gateway/app/(dashboard)/dashboard/endpoint/api-endpoints/ApiCatalogPanel.tsx(237,33): error TS17004: Cannot use JSX unless the '--jsx' flag is provided.
src/ai-gateway/app/(dashboard)/dashboard/endpoint/api-endpoints/ApiCatalogPanel.tsx(248,33): error TS17004: Cannot use JSX unless the '--jsx' flag is provided.
src/ai-gateway/app/(dashboard)/dashboard/endpoint/api-endpoints/ApiCatalogPanel.tsx(250,31): error TS17004: Cannot use JSX unless the '--jsx' flag is provided.
src/ai-gateway/app/(dashboard)/dashboard/endpoint/api-endpoints/ApiCatalogPanel.tsx(269,9): error TS17004: Cannot use JSX unless the '--jsx' flag is provided.
src/ai-gateway/app/(dashboard)/dashboard/endpoint/api-endpoints/ApiCatalogPanel.tsx(270,11): error TS17004: Cannot use JSX unless the '--jsx' flag is provided.
src/ai-gateway/app/(dashboard)/dashboard/endpoint/api-endpoints/ApiCatalogPanel.tsx(271,11): error TS17004: Cannot use JSX unless the '--jsx' flag is provided.
src/ai-gateway/app/(dashboard)/dashboard/endpoint/api-endpoints/ApiCatalogPanel.tsx(276,9): error TS17004: Cannot use JSX unless the '--jsx' flag is provided.
src/ai-gateway/app/(dashboard)/dashboard/endpoint/api-endpoints/ApiCatalogPanel.tsx(277,11): error TS17004: Cannot use JSX unless the '--jsx' flag is provided.
src/ai-gateway/app/(dashboard)/dashboard/endpoint/api-endpoints/ApiCatalogPanel.tsx(278,13): error TS17004: Cannot use JSX unless the '--jsx' flag is provided.
src/ai-gateway/app/(dashboard)/dashboard/endpoint/api-endpoints/ApiCatalogPanel.tsx(279,13): error TS17004: Cannot use JSX unless the '--jsx' flag is provided.
src/ai-gateway/app/(dashboard)/dashboard/endpoint/api-endpoints/ApiCatalogPanel.tsx(282,13): error TS17004: Cannot use JSX unless the '--jsx' flag is provided.
src/ai-gateway/app/(dashboard)/dashboard/endpoint/api-endpoints/ApiCatalogPanel.tsx(286,11): error TS17004: Cannot use JSX unless the '--jsx' flag is provided.
src/ai-gateway/app/(dashboard)/dashboard/endpoint/api-endpoints/ApiCatalogPanel.tsx(288,15): error TS17004: Cannot use JSX unless the '--jsx' flag is provided.
src/ai-gateway/app/(dashboard)/dashboard/endpoint/api-endpoints/ApiEndpointsHeader.tsx(1,22): error TS2307: Cannot find module '@/shared/components' or its corresponding type declarations.
src/ai-gateway/app/(dashboard)/dashboard/endpoint/api-endpoints/ApiEndpointsHeader.tsx(11,5): error TS17004: Cannot use JSX unless the '--jsx' flag is provided.
src/ai-gateway/app/(dashboard)/dashboard/endpoint/api-endpoints/ApiEndpointsHeader.tsx(12,7): error TS17004: Cannot use JSX unless the '--jsx' flag is provided.
src/ai-gateway/app/(dashboard)/dashboard/endpoint/api-endpoints/ApiEndpointsHeader.tsx(13,9): error TS17004: Cannot use JSX unless the '--jsx' flag is provided.
src/ai-gateway/app/(dashboard)/dashboard/endpoint/api-endpoints/ApiEndpointsHeader.tsx(14,11): error TS17004: Cannot use JSX unless the '--jsx' flag is provided.
src/ai-gateway/app/(dashboard)/dashboard/endpoint/api-endpoints/ApiEndpointsHeader.tsx(15,13): error TS17004: Cannot use JSX unless the '--jsx' flag is provided.
src/ai-gateway/app/(dashboard)/dashboard/endpoint/api-endpoints/ApiEndpointsHeader.tsx(17,11): error TS17004: Cannot use JSX unless the '--jsx' flag is provided.
src/ai-gateway/app/(dashboard)/dashboard/endpoint/api-endpoints/ApiEndpointsHeader.tsx(18,13): error TS17004: Cannot use JSX unless the '--jsx' flag is provided.
src/ai-gateway/app/(dashboard)/dashboard/endpoint/api-endpoints/ApiEndpointsHeader.tsx(19,15): error TS17004: Cannot use JSX unless the '--jsx' flag is provided.
src/ai-gateway/app/(dashboard)/dashboard/endpoint/api-endpoints/ApiEndpointsHeader.tsx(20,15): error TS17004: Cannot use JSX unless the '--jsx' flag is provided.
src/ai-gateway/app/(dashboard)/dashboard/endpoint/api-endpoints/ApiEndpointsHeader.tsx(24,13): error TS17004: Cannot use JSX unless the '--jsx' flag is provided.
src/ai-gateway/app/(dashboard)/dashboard/endpoint/api-endpoints/ApiEndpointsHeader.tsx(29,9): error TS17004: Cannot use JSX unless the '--jsx' flag is provided.
src/ai-gateway/app/(dashboard)/dashboard/endpoint/api-endpoints/ApiEndpointsHeader.tsx(30,11): error TS17004: Cannot use JSX unless the '--jsx' flag is provided.
src/ai-gateway/app/(dashboard)/dashboard/endpoint/api-endpoints/ApiEndpointsHeader.tsx(36,13): error TS17004: Cannot use JSX unless the '--jsx' flag is provided.
src/ai-gateway/app/(dashboard)/dashboard/endpoint/api-endpoints/ApiEndpointsHeader.tsx(39,11): error TS17004: Cannot use JSX unless the '--jsx' flag is provided.
src/ai-gateway/app/(dashboard)/dashboard/endpoint/api-endpoints/ApiEndpointsHeader.tsx(46,13): error TS17004: Cannot use JSX unless the '--jsx' flag is provided.
src/ai-gateway/app/(dashboard)/dashboard/endpoint/api-endpoints/ApiEndpointsLoading.tsx(3,5): error TS17004: Cannot use JSX unless the '--jsx' flag is provided.
src/ai-gateway/app/(dashboard)/dashboard/endpoint/api-endpoints/ApiEndpointsLoading.tsx(4,7): error TS17004: Cannot use JSX unless the '--jsx' flag is provided.
src/ai-gateway/app/(dashboard)/dashboard/endpoint/api-endpoints/ApiEndpointsLoading.tsx(5,9): error TS17004: Cannot use JSX unless the '--jsx' flag is provided.
src/ai-gateway/app/(dashboard)/dashboard/endpoint/api-endpoints/ApiEndpointsLoading.tsx(6,9): error TS17004: Cannot use JSX unless the '--jsx' flag is provided.
src/ai-gateway/app/(dashboard)/dashboard/endpoint/api-endpoints/ApiEndpointTabs.tsx(15,5): error TS17004: Cannot use JSX unless the '--jsx' flag is provided.
src/ai-gateway/app/(dashboard)/dashboard/endpoint/api-endpoints/ApiEndpointTabs.tsx(17,9): error TS17004: Cannot use JSX unless the '--jsx' flag is provided.
src/ai-gateway/app/(dashboard)/dashboard/endpoint/api-endpoints/ApiEndpointTabs.tsx(27,11): error TS17004: Cannot use JSX unless the '--jsx' flag is provided.
src/ai-gateway/app/(dashboard)/dashboard/endpoint/api-endpoints/WebhooksPanel.tsx(1,22): error TS2307: Cannot find module '@/shared/components' or its corresponding type declarations.
src/ai-gateway/app/(dashboard)/dashboard/endpoint/api-endpoints/WebhooksPanel.tsx(43,5): error TS17004: Cannot use JSX unless the '--jsx' flag is provided.
src/ai-gateway/app/(dashboard)/dashboard/endpoint/api-endpoints/WebhooksPanel.tsx(44,7): error TS17004: Cannot use JSX unless the '--jsx' flag is provided.
src/ai-gateway/app/(dashboard)/dashboard/endpoint/api-endpoints/WebhooksPanel.tsx(45,9): error TS17004: Cannot use JSX unless the '--jsx' flag is provided.
src/ai-gateway/app/(dashboard)/dashboard/endpoint/api-endpoints/WebhooksPanel.tsx(46,11): error TS17004: Cannot use JSX unless the '--jsx' flag is provided.
src/ai-gateway/app/(dashboard)/dashboard/endpoint/api-endpoints/WebhooksPanel.tsx(47,13): error TS17004: Cannot use JSX unless the '--jsx' flag is provided.
src/ai-gateway/app/(dashboard)/dashboard/endpoint/api-endpoints/WebhooksPanel.tsx(48,13): error TS17004: Cannot use JSX unless the '--jsx' flag is provided.
src/ai-gateway/app/(dashboard)/dashboard/endpoint/api-endpoints/WebhooksPanel.tsx(49,15): error TS17004: Cannot use JSX unless the '--jsx' flag is provided.
src/ai-gateway/app/(dashboard)/dashboard/endpoint/api-endpoints/WebhooksPanel.tsx(50,15): error TS17004: Cannot use JSX unless the '--jsx' flag is provided.
src/ai-gateway/app/(dashboard)/dashboard/endpoint/api-endpoints/WebhooksPanel.tsx(56,13): error TS17004: Cannot use JSX unless the '--jsx' flag is provided.
src/ai-gateway/app/(dashboard)/dashboard/endpoint/api-endpoints/WebhooksPanel.tsx(61,15): error TS17004: Cannot use JSX unless the '--jsx' flag is provided.
src/ai-gateway/app/(dashboard)/dashboard/endpoint/api-endpoints/WebhooksPanel.tsx(68,11): error TS17004: Cannot use JSX unless the '--jsx' flag is provided.
src/ai-gateway/app/(dashboard)/dashboard/endpoint/api-endpoints/WebhooksPanel.tsx(69,13): error TS17004: Cannot use JSX unless the '--jsx' flag is provided.
src/ai-gateway/app/(dashboard)/dashboard/endpoint/api-endpoints/WebhooksPanel.tsx(70,15): error TS17004: Cannot use JSX unless the '--jsx' flag is provided.
src/ai-gateway/app/(dashboard)/dashboard/endpoint/api-endpoints/WebhooksPanel.tsx(71,17): error TS17004: Cannot use JSX unless the '--jsx' flag is provided.
src/ai-gateway/app/(dashboard)/dashboard/endpoint/api-endpoints/WebhooksPanel.tsx(74,17): error TS17004: Cannot use JSX unless the '--jsx' flag is provided.
src/ai-gateway/app/(dashboard)/dashboard/endpoint/api-endpoints/WebhooksPanel.tsx(82,15): error TS17004: Cannot use JSX unless the '--jsx' flag is provided.
src/ai-gateway/app/(dashboard)/dashboard/endpoint/api-endpoints/WebhooksPanel.tsx(83,17): error TS17004: Cannot use JSX unless the '--jsx' flag is provided.
src/ai-gateway/app/(dashboard)/dashboard/endpoint/api-endpoints/WebhooksPanel.tsx(86,17): error TS17004: Cannot use JSX unless the '--jsx' flag is provided.
src/ai-gateway/app/(dashboard)/dashboard/endpoint/api-endpoints/WebhooksPanel.tsx(95,13): error TS17004: Cannot use JSX unless the '--jsx' flag is provided.
src/ai-gateway/app/(dashboard)/dashboard/endpoint/api-endpoints/WebhooksPanel.tsx(96,15): error TS17004: Cannot use JSX unless the '--jsx' flag is provided.
src/ai-gateway/app/(dashboard)/dashboard/endpoint/api-endpoints/WebhooksPanel.tsx(99,15): error TS17004: Cannot use JSX unless the '--jsx' flag is provided.
src/ai-gateway/app/(dashboard)/dashboard/endpoint/api-endpoints/WebhooksPanel.tsx(100,17): error TS17004: Cannot use JSX unless the '--jsx' flag is provided.
src/ai-gateway/app/(dashboard)/dashboard/endpoint/api-endpoints/WebhooksPanel.tsx(112,19): error TS17004: Cannot use JSX unless the '--jsx' flag is provided.
src/ai-gateway/app/(dashboard)/dashboard/endpoint/api-endpoints/WebhooksPanel.tsx(127,13): error TS17004: Cannot use JSX unless the '--jsx' flag is provided.
src/ai-gateway/app/(dashboard)/dashboard/endpoint/api-endpoints/WebhooksPanel.tsx(128,15): error TS17004: Cannot use JSX unless the '--jsx' flag is provided.
src/ai-gateway/app/(dashboard)/dashboard/endpoint/api-endpoints/WebhooksPanel.tsx(136,15): error TS17004: Cannot use JSX unless the '--jsx' flag is provided.
src/ai-gateway/app/(dashboard)/dashboard/endpoint/api-endpoints/WebhooksPanel.tsx(148,11): error TS17004: Cannot use JSX unless the '--jsx' flag is provided.
src/ai-gateway/app/(dashboard)/dashboard/endpoint/api-endpoints/WebhooksPanel.tsx(150,11): error TS17004: Cannot use JSX unless the '--jsx' flag is provided.
src/ai-gateway/app/(dashboard)/dashboard/endpoint/api-endpoints/WebhooksPanel.tsx(151,13): error TS17004: Cannot use JSX unless the '--jsx' flag is provided.
src/ai-gateway/app/(dashboard)/dashboard/endpoint/api-endpoints/WebhooksPanel.tsx(152,13): error TS17004: Cannot use JSX unless the '--jsx' flag is provided.
src/ai-gateway/app/(dashboard)/dashboard/endpoint/api-endpoints/WebhooksPanel.tsx(157,11): error TS17004: Cannot use JSX unless the '--jsx' flag is provided.
src/ai-gateway/app/(dashboard)/dashboard/endpoint/api-endpoints/WebhooksPanel.tsx(159,15): error TS17004: Cannot use JSX unless the '--jsx' flag is provided.
src/ai-gateway/app/(dashboard)/dashboard/endpoint/api-endpoints/WebhooksPanel.tsx(168,17): error TS17004: Cannot use JSX unless the '--jsx' flag is provided.
src/ai-gateway/app/(dashboard)/dashboard/endpoint/api-endpoints/WebhooksPanel.tsx(169,19): error TS17004: Cannot use JSX unless the '--jsx' flag is provided.
src/ai-gateway/app/(dashboard)/dashboard/endpoint/api-endpoints/WebhooksPanel.tsx(170,21): error TS17004: Cannot use JSX unless the '--jsx' flag is provided.
src/ai-gateway/app/(dashboard)/dashboard/endpoint/api-endpoints/WebhooksPanel.tsx(172,23): error TS17004: Cannot use JSX unless the '--jsx' flag is provided.
src/ai-gateway/app/(dashboard)/dashboard/endpoint/api-endpoints/WebhooksPanel.tsx(177,19): error TS17004: Cannot use JSX unless the '--jsx' flag is provided.
src/ai-gateway/app/(dashboard)/dashboard/endpoint/api-endpoints/WebhooksPanel.tsx(179,23): error TS17004: Cannot use JSX unless the '--jsx' flag is provided.
src/ai-gateway/app/(dashboard)/dashboard/endpoint/api-endpoints/WebhooksPanel.tsx(181,21): error TS17004: Cannot use JSX unless the '--jsx' flag is provided.
src/ai-gateway/app/(dashboard)/dashboard/endpoint/api-endpoints/WebhooksPanel.tsx(185,23): error TS17004: Cannot use JSX unless the '--jsx' flag is provided.
src/ai-gateway/app/(dashboard)/dashboard/endpoint/api-endpoints/WebhooksPanel.tsx(192,17): error TS17004: Cannot use JSX unless the '--jsx' flag is provided.
src/ai-gateway/app/(dashboard)/dashboard/endpoint/api-endpoints/WebhooksPanel.tsx(193,19): error TS17004: Cannot use JSX unless the '--jsx' flag is provided.
src/ai-gateway/app/(dashboard)/dashboard/endpoint/api-endpoints/WebhooksPanel.tsx(199,21): error TS17004: Cannot use JSX unless the '--jsx' flag is provided.
src/ai-gateway/app/(dashboard)/dashboard/endpoint/api-endpoints/WebhooksPanel.tsx(205,19): error TS17004: Cannot use JSX unless the '--jsx' flag is provided.
src/ai-gateway/app/(dashboard)/dashboard/endpoint/api-endpoints/WebhooksPanel.tsx(210,21): error TS17004: Cannot use JSX unless the '--jsx' flag is provided.
src/ai-gateway/app/(dashboard)/dashboard/endpoint/api-endpoints/WebhooksPanel.tsx(216,19): error TS17004: Cannot use JSX unless the '--jsx' flag is provided.
src/ai-gateway/app/(dashboard)/dashboard/endpoint/api-endpoints/WebhooksPanel.tsx(221,21): error TS17004: Cannot use JSX unless the '--jsx' flag is provided.
src/ai-gateway/app/(dashboard)/dashboard/endpoint/api-endpoints/WebhooksPanel.tsx(230,7): error TS17004: Cannot use JSX unless the '--jsx' flag is provided.
src/ai-gateway/app/(dashboard)/dashboard/endpoint/api-endpoints/WebhooksPanel.tsx(231,9): error TS17004: Cannot use JSX unless the '--jsx' flag is provided.
src/ai-gateway/app/(dashboard)/dashboard/endpoint/api-endpoints/WebhooksPanel.tsx(232,11): error TS17004: Cannot use JSX unless the '--jsx' flag is provided.
src/ai-gateway/app/(dashboard)/dashboard/endpoint/api-endpoints/WebhooksPanel.tsx(233,11): error TS17004: Cannot use JSX unless the '--jsx' flag is provided.
src/ai-gateway/app/(dashboard)/dashboard/endpoint/api-endpoints/WebhooksPanel.tsx(235,9): error TS17004: Cannot use JSX unless the '--jsx' flag is provided.
src/ai-gateway/app/(dashboard)/dashboard/endpoint/api-endpoints/WebhooksPanel.tsx(237,11): error TS17004: Cannot use JSX unless the '--jsx' flag is provided.
src/ai-gateway/app/(dashboard)/dashboard/endpoint/api-endpoints/WebhooksPanel.tsx(243,9): error TS17004: Cannot use JSX unless the '--jsx' flag is provided.
src/ai-gateway/app/(dashboard)/dashboard/endpoint/api-endpoints/WebhooksPanel.tsx(244,11): error TS17004: Cannot use JSX unless the '--jsx' flag is provided.
src/ai-gateway/app/(dashboard)/dashboard/endpoint/ApiEndpointsTab.tsx(3,33): error TS6142: Module './api-endpoints/ApiCatalogPanel' was resolved to 'C:/TESTES DEV/1_PROJETOS_ATIVOS/Zavorth/src/ai-gateway/app/(dashboard)/dashboard/endpoint/api-endpoints/ApiCatalogPanel.tsx', but '--jsx' is not set.
src/ai-gateway/app/(dashboard)/dashboard/endpoint/ApiEndpointsTab.tsx(4,33): error TS6142: Module './api-endpoints/ApiEndpointTabs' was resolved to 'C:/TESTES DEV/1_PROJETOS_ATIVOS/Zavorth/src/ai-gateway/app/(dashboard)/dashboard/endpoint/api-endpoints/ApiEndpointTabs.tsx', but '--jsx' is not set.
src/ai-gateway/app/(dashboard)/dashboard/endpoint/ApiEndpointsTab.tsx(5,36): error TS6142: Module './api-endpoints/ApiEndpointsHeader' was resolved to 'C:/TESTES DEV/1_PROJETOS_ATIVOS/Zavorth/src/ai-gateway/app/(dashboard)/dashboard/endpoint/api-endpoints/ApiEndpointsHeader.tsx', but '--jsx' is not set.
src/ai-gateway/app/(dashboard)/dashboard/endpoint/ApiEndpointsTab.tsx(6,37): error TS6142: Module './api-endpoints/ApiEndpointsLoading' was resolved to 'C:/TESTES DEV/1_PROJETOS_ATIVOS/Zavorth/src/ai-gateway/app/(dashboard)/dashboard/endpoint/api-endpoints/ApiEndpointsLoading.tsx', but '--jsx' is not set.
src/ai-gateway/app/(dashboard)/dashboard/endpoint/ApiEndpointsTab.tsx(8,31): error TS6142: Module './api-endpoints/WebhooksPanel' was resolved to 'C:/TESTES DEV/1_PROJETOS_ATIVOS/Zavorth/src/ai-gateway/app/(dashboard)/dashboard/endpoint/api-endpoints/WebhooksPanel.tsx', but '--jsx' is not set.
src/ai-gateway/app/(dashboard)/dashboard/endpoint/ApiEndpointsTab.tsx(14,12): error TS17004: Cannot use JSX unless the '--jsx' flag is provided.
src/ai-gateway/app/(dashboard)/dashboard/endpoint/ApiEndpointsTab.tsx(18,5): error TS17004: Cannot use JSX unless the '--jsx' flag is provided.
src/ai-gateway/app/(dashboard)/dashboard/endpoint/ApiEndpointsTab.tsx(19,25): error TS17004: Cannot use JSX unless the '--jsx' flag is provided.
src/ai-gateway/app/(dashboard)/dashboard/endpoint/ApiEndpointsTab.tsx(21,7): error TS17004: Cannot use JSX unless the '--jsx' flag is provided.
src/ai-gateway/app/(dashboard)/dashboard/endpoint/ApiEndpointsTab.tsx(24,9): error TS17004: Cannot use JSX unless the '--jsx' flag is provided.
src/ai-gateway/app/(dashboard)/dashboard/endpoint/ApiEndpointsTab.tsx(46,9): error TS17004: Cannot use JSX unless the '--jsx' flag is provided.
src/ai-gateway/app/(dashboard)/dashboard/endpoint/components/A2ADashboard.tsx(4,30): error TS2307: Cannot find module '@/shared/components' or its corresponding type declarations.
src/ai-gateway/app/(dashboard)/dashboard/endpoint/components/A2ADashboard.tsx(5,33): error TS2307: Cannot find module 'next-intl' or its corresponding type declarations.
src/ai-gateway/app/(dashboard)/dashboard/endpoint/components/A2ADashboard.tsx(299,7): error TS17004: Cannot use JSX unless the '--jsx' flag is provided.
src/ai-gateway/app/(dashboard)/dashboard/endpoint/components/A2ADashboard.tsx(300,9): error TS17004: Cannot use JSX unless the '--jsx' flag is provided.
src/ai-gateway/app/(dashboard)/dashboard/endpoint/components/A2ADashboard.tsx(306,5): error TS17004: Cannot use JSX unless the '--jsx' flag is provided.
src/ai-gateway/app/(dashboard)/dashboard/endpoint/components/A2ADashboard.tsx(307,7): error TS17004: Cannot use JSX unless the '--jsx' flag is provided.
src/ai-gateway/app/(dashboard)/dashboard/endpoint/components/A2ADashboard.tsx(308,9): error TS17004: Cannot use JSX unless the '--jsx' flag is provided.
src/ai-gateway/app/(dashboard)/dashboard/endpoint/components/A2ADashboard.tsx(309,9): error TS17004: Cannot use JSX unless the '--jsx' flag is provided.
src/ai-gateway/app/(dashboard)/dashboard/endpoint/components/A2ADashboard.tsx(310,9): error TS17004: Cannot use JSX unless the '--jsx' flag is provided.
src/ai-gateway/app/(dashboard)/dashboard/endpoint/components/A2ADashboard.tsx(311,9): error TS17004: Cannot use JSX unless the '--jsx' flag is provided.
src/ai-gateway/app/(dashboard)/dashboard/endpoint/components/A2ADashboard.tsx(319,7): error TS17004: Cannot use JSX unless the '--jsx' flag is provided.
src/ai-gateway/app/(dashboard)/dashboard/endpoint/components/A2ADashboard.tsx(320,9): error TS17004: Cannot use JSX unless the '--jsx' flag is provided.
src/ai-gateway/app/(dashboard)/dashboard/endpoint/components/A2ADashboard.tsx(321,9): error TS17004: Cannot use JSX unless the '--jsx' flag is provided.
src/ai-gateway/app/(dashboard)/dashboard/endpoint/components/A2ADashboard.tsx(324,15): error TS17004: Cannot use JSX unless the '--jsx' flag is provided.
src/ai-gateway/app/(dashboard)/dashboard/endpoint/components/A2ADashboard.tsx(325,17): error TS17004: Cannot use JSX unless the '--jsx' flag is provided.
src/ai-gateway/app/(dashboard)/dashboard/endpoint/components/A2ADashboard.tsx(326,17): error TS17004: Cannot use JSX unless the '--jsx' flag is provided.
src/ai-gateway/app/(dashboard)/dashboard/endpoint/components/A2ADashboard.tsx(333,7): error TS17004: Cannot use JSX unless the '--jsx' flag is provided.
src/ai-gateway/app/(dashboard)/dashboard/endpoint/components/A2ADashboard.tsx(334,9): error TS17004: Cannot use JSX unless the '--jsx' flag is provided.
src/ai-gateway/app/(dashboard)/dashboard/endpoint/components/A2ADashboard.tsx(335,11): error TS17004: Cannot use JSX unless the '--jsx' flag is provided.
src/ai-gateway/app/(dashboard)/dashboard/endpoint/components/A2ADashboard.tsx(337,13): error TS17004: Cannot use JSX unless the '--jsx' flag is provided.
src/ai-gateway/app/(dashboard)/dashboard/endpoint/components/A2ADashboard.tsx(338,15): error TS17004: Cannot use JSX unless the '--jsx' flag is provided.
src/ai-gateway/app/(dashboard)/dashboard/endpoint/components/A2ADashboard.tsx(339,15): error TS17004: Cannot use JSX unless the '--jsx' flag is provided.
src/ai-gateway/app/(dashboard)/dashboard/endpoint/components/A2ADashboard.tsx(340,15): error TS17004: Cannot use JSX unless the '--jsx' flag is provided.
src/ai-gateway/app/(dashboard)/dashboard/endpoint/components/A2ADashboard.tsx(341,33): error TS17004: Cannot use JSX unless the '--jsx' flag is provided.
src/ai-gateway/app/(dashboard)/dashboard/endpoint/components/A2ADashboard.tsx(343,15): error TS17004: Cannot use JSX unless the '--jsx' flag is provided.
src/ai-gateway/app/(dashboard)/dashboard/endpoint/components/A2ADashboard.tsx(344,29): error TS17004: Cannot use JSX unless the '--jsx' flag is provided.
src/ai-gateway/app/(dashboard)/dashboard/endpoint/components/A2ADashboard.tsx(346,15): error TS17004: Cannot use JSX unless the '--jsx' flag is provided.
src/ai-gateway/app/(dashboard)/dashboard/endpoint/components/A2ADashboard.tsx(347,17): error TS17004: Cannot use JSX unless the '--jsx' flag is provided.
src/ai-gateway/app/(dashboard)/dashboard/endpoint/components/A2ADashboard.tsx(348,17): error TS17004: Cannot use JSX unless the '--jsx' flag is provided.
src/ai-gateway/app/(dashboard)/dashboard/endpoint/components/A2ADashboard.tsx(354,13): error TS17004: Cannot use JSX unless the '--jsx' flag is provided.
src/ai-gateway/app/(dashboard)/dashboard/endpoint/components/A2ADashboard.tsx(358,9): error TS17004: Cannot use JSX unless the '--jsx' flag is provided.
src/ai-gateway/app/(dashboard)/dashboard/endpoint/components/A2ADashboard.tsx(359,11): error TS17004: Cannot use JSX unless the '--jsx' flag is provided.
src/ai-gateway/app/(dashboard)/dashboard/endpoint/components/A2ADashboard.tsx(360,11): error TS17004: Cannot use JSX unless the '--jsx' flag is provided.
src/ai-gateway/app/(dashboard)/dashboard/endpoint/components/A2ADashboard.tsx(361,11): error TS17004: Cannot use JSX unless the '--jsx' flag is provided.
src/ai-gateway/app/(dashboard)/dashboard/endpoint/components/A2ADashboard.tsx(362,13): error TS17004: Cannot use JSX unless the '--jsx' flag is provided.
src/ai-gateway/app/(dashboard)/dashboard/endpoint/components/A2ADashboard.tsx(370,13): error TS17004: Cannot use JSX unless the '--jsx' flag is provided.
src/ai-gateway/app/(dashboard)/dashboard/endpoint/components/A2ADashboard.tsx(379,29): error TS17004: Cannot use JSX unless the '--jsx' flag is provided.
src/ai-gateway/app/(dashboard)/dashboard/endpoint/components/A2ADashboard.tsx(383,7): error TS17004: Cannot use JSX unless the '--jsx' flag is provided.
src/ai-gateway/app/(dashboard)/dashboard/endpoint/components/A2ADashboard.tsx(384,9): error TS17004: Cannot use JSX unless the '--jsx' flag is provided.
src/ai-gateway/app/(dashboard)/dashboard/endpoint/components/A2ADashboard.tsx(385,11): error TS17004: Cannot use JSX unless the '--jsx' flag is provided.
src/ai-gateway/app/(dashboard)/dashboard/endpoint/components/A2ADashboard.tsx(386,13): error TS17004: Cannot use JSX unless the '--jsx' flag is provided.
src/ai-gateway/app/(dashboard)/dashboard/endpoint/components/A2ADashboard.tsx(387,13): error TS17004: Cannot use JSX unless the '--jsx' flag is provided.
src/ai-gateway/app/(dashboard)/dashboard/endpoint/components/A2ADashboard.tsx(391,11): error TS17004: Cannot use JSX unless the '--jsx' flag is provided.
src/ai-gateway/app/(dashboard)/dashboard/endpoint/components/A2ADashboard.tsx(392,13): error TS17004: Cannot use JSX unless the '--jsx' flag is provided.
src/ai-gateway/app/(dashboard)/dashboard/endpoint/components/A2ADashboard.tsx(401,17): error TS17004: Cannot use JSX unless the '--jsx' flag is provided.
src/ai-gateway/app/(dashboard)/dashboard/endpoint/components/A2ADashboard.tsx(406,13): error TS17004: Cannot use JSX unless the '--jsx' flag is provided.
src/ai-gateway/app/(dashboard)/dashboard/endpoint/components/A2ADashboard.tsx(414,15): error TS17004: Cannot use JSX unless the '--jsx' flag is provided.
src/ai-gateway/app/(dashboard)/dashboard/endpoint/components/A2ADashboard.tsx(416,17): error TS17004: Cannot use JSX unless the '--jsx' flag is provided.
src/ai-gateway/app/(dashboard)/dashboard/endpoint/components/A2ADashboard.tsx(425,11): error TS17004: Cannot use JSX unless the '--jsx' flag is provided.
src/ai-gateway/app/(dashboard)/dashboard/endpoint/components/A2ADashboard.tsx(427,11): error TS17004: Cannot use JSX unless the '--jsx' flag is provided.
src/ai-gateway/app/(dashboard)/dashboard/endpoint/components/A2ADashboard.tsx(429,11): error TS17004: Cannot use JSX unless the '--jsx' flag is provided.
src/ai-gateway/app/(dashboard)/dashboard/endpoint/components/A2ADashboard.tsx(430,13): error TS17004: Cannot use JSX unless the '--jsx' flag is provided.
src/ai-gateway/app/(dashboard)/dashboard/endpoint/components/A2ADashboard.tsx(431,15): error TS17004: Cannot use JSX unless the '--jsx' flag is provided.
src/ai-gateway/app/(dashboard)/dashboard/endpoint/components/A2ADashboard.tsx(432,17): error TS17004: Cannot use JSX unless the '--jsx' flag is provided.
src/ai-gateway/app/(dashboard)/dashboard/endpoint/components/A2ADashboard.tsx(433,19): error TS17004: Cannot use JSX unless the '--jsx' flag is provided.
src/ai-gateway/app/(dashboard)/dashboard/endpoint/components/A2ADashboard.tsx(434,19): error TS17004: Cannot use JSX unless the '--jsx' flag is provided.
src/ai-gateway/app/(dashboard)/dashboard/endpoint/components/A2ADashboard.tsx(435,19): error TS17004: Cannot use JSX unless the '--jsx' flag is provided.
src/ai-gateway/app/(dashboard)/dashboard/endpoint/components/A2ADashboard.tsx(436,19): error TS17004: Cannot use JSX unless the '--jsx' flag is provided.
src/ai-gateway/app/(dashboard)/dashboard/endpoint/components/A2ADashboard.tsx(437,19): error TS17004: Cannot use JSX unless the '--jsx' flag is provided.
src/ai-gateway/app/(dashboard)/dashboard/endpoint/components/A2ADashboard.tsx(438,19): error TS17004: Cannot use JSX unless the '--jsx' flag is provided.
src/ai-gateway/app/(dashboard)/dashboard/endpoint/components/A2ADashboard.tsx(441,15): error TS17004: Cannot use JSX unless the '--jsx' flag is provided.
src/ai-gateway/app/(dashboard)/dashboard/endpoint/components/A2ADashboard.tsx(459,21): error TS17004: Cannot use JSX unless the '--jsx' flag is provided.
src/ai-gateway/app/(dashboard)/dashboard/endpoint/components/A2ADashboard.tsx(460,23): error TS17004: Cannot use JSX unless the '--jsx' flag is provided.
src/ai-gateway/app/(dashboard)/dashboard/endpoint/components/A2ADashboard.tsx(461,23): error TS17004: Cannot use JSX unless the '--jsx' flag is provided.
src/ai-gateway/app/(dashboard)/dashboard/endpoint/components/A2ADashboard.tsx(462,23): error TS17004: Cannot use JSX unless the '--jsx' flag is provided.
src/ai-gateway/app/(dashboard)/dashboard/endpoint/components/A2ADashboard.tsx(463,25): error TS17004: Cannot use JSX unless the '--jsx' flag is provided.
src/ai-gateway/app/(dashboard)/dashboard/endpoint/components/A2ADashboard.tsx(469,23): error TS17004: Cannot use JSX unless the '--jsx' flag is provided.
src/ai-gateway/app/(dashboard)/dashboard/endpoint/components/A2ADashboard.tsx(471,27): error TS17004: Cannot use JSX unless the '--jsx' flag is provided.
src/ai-gateway/app/(dashboard)/dashboard/endpoint/components/A2ADashboard.tsx(477,27): error TS17004: Cannot use JSX unless the '--jsx' flag is provided.
src/ai-gateway/app/(dashboard)/dashboard/endpoint/components/A2ADashboard.tsx(480,23): error TS17004: Cannot use JSX unless the '--jsx' flag is provided.
src/ai-gateway/app/(dashboard)/dashboard/endpoint/components/A2ADashboard.tsx(483,23): error TS17004: Cannot use JSX unless the '--jsx' flag is provided.
src/ai-gateway/app/(dashboard)/dashboard/endpoint/components/A2ADashboard.tsx(484,25): error TS17004: Cannot use JSX unless the '--jsx' flag is provided.
src/ai-gateway/app/(dashboard)/dashboard/endpoint/components/A2ADashboard.tsx(491,25): error TS17004: Cannot use JSX unless the '--jsx' flag is provided.
src/ai-gateway/app/(dashboard)/dashboard/endpoint/components/A2ADashboard.tsx(513,9): error TS17004: Cannot use JSX unless the '--jsx' flag is provided.
src/ai-gateway/app/(dashboard)/dashboard/endpoint/components/A2ADashboard.tsx(514,11): error TS17004: Cannot use JSX unless the '--jsx' flag is provided.
src/ai-gateway/app/(dashboard)/dashboard/endpoint/components/A2ADashboard.tsx(522,11): error TS17004: Cannot use JSX unless the '--jsx' flag is provided.
src/ai-gateway/app/(dashboard)/dashboard/endpoint/components/A2ADashboard.tsx(538,9): error TS17004: Cannot use JSX unless the '--jsx' flag is provided.
src/ai-gateway/app/(dashboard)/dashboard/endpoint/components/A2ADashboard.tsx(539,11): error TS17004: Cannot use JSX unless the '--jsx' flag is provided.
src/ai-gateway/app/(dashboard)/dashboard/endpoint/components/A2ADashboard.tsx(540,13): error TS17004: Cannot use JSX unless the '--jsx' flag is provided.
src/ai-gateway/app/(dashboard)/dashboard/endpoint/components/A2ADashboard.tsx(541,13): error TS17004: Cannot use JSX unless the '--jsx' flag is provided.
src/ai-gateway/app/(dashboard)/dashboard/endpoint/components/A2ADashboard.tsx(545,11): error TS17004: Cannot use JSX unless the '--jsx' flag is provided.
src/ai-gateway/app/(dashboard)/dashboard/endpoint/components/A2ADashboard.tsx(546,13): error TS17004: Cannot use JSX unless the '--jsx' flag is provided.
src/ai-gateway/app/(dashboard)/dashboard/endpoint/components/A2ADashboard.tsx(547,15): error TS17004: Cannot use JSX unless the '--jsx' flag is provided.
src/ai-gateway/app/(dashboard)/dashboard/endpoint/components/A2ADashboard.tsx(548,15): error TS17004: Cannot use JSX unless the '--jsx' flag is provided.
src/ai-gateway/app/(dashboard)/dashboard/endpoint/components/A2ADashboard.tsx(564,13): error TS17004: Cannot use JSX unless the '--jsx' flag is provided.
src/ai-gateway/app/(dashboard)/dashboard/endpoint/components/A2ADashboard.tsx(565,15): error TS17004: Cannot use JSX unless the '--jsx' flag is provided.
src/ai-gateway/app/(dashboard)/dashboard/endpoint/components/A2ADashboard.tsx(566,15): error TS17004: Cannot use JSX unless the '--jsx' flag is provided.
src/ai-gateway/app/(dashboard)/dashboard/endpoint/components/A2ADashboard.tsx(571,11): error TS17004: Cannot use JSX unless the '--jsx' flag is provided.
src/ai-gateway/app/(dashboard)/dashboard/endpoint/components/A2ADashboard.tsx(572,13): error TS17004: Cannot use JSX unless the '--jsx' flag is provided.
src/ai-gateway/app/(dashboard)/dashboard/endpoint/components/A2ADashboard.tsx(573,13): error TS17004: Cannot use JSX unless the '--jsx' flag is provided.
src/ai-gateway/app/(dashboard)/dashboard/endpoint/components/A2ADashboard.tsx(585,5): error TS17004: Cannot use JSX unless the '--jsx' flag is provided.
src/ai-gateway/app/(dashboard)/dashboard/endpoint/components/A2ADashboard.tsx(586,7): error TS17004: Cannot use JSX unless the '--jsx' flag is provided.
src/ai-gateway/app/(dashboard)/dashboard/endpoint/components/A2ADashboard.tsx(587,7): error TS17004: Cannot use JSX unless the '--jsx' flag is provided.
src/ai-gateway/app/(dashboard)/dashboard/endpoint/components/MCPDashboard.tsx(4,30): error TS2307: Cannot find module '@/shared/components' or its corresponding type declarations.
src/ai-gateway/app/(dashboard)/dashboard/endpoint/components/MCPDashboard.tsx(5,33): error TS2307: Cannot find module 'next-intl' or its corresponding type declarations.
src/ai-gateway/app/(dashboard)/dashboard/endpoint/components/MCPDashboard.tsx(341,7): error TS17004: Cannot use JSX unless the '--jsx' flag is provided.
src/ai-gateway/app/(dashboard)/dashboard/endpoint/components/MCPDashboard.tsx(342,9): error TS17004: Cannot use JSX unless the '--jsx' flag is provided.
src/ai-gateway/app/(dashboard)/dashboard/endpoint/components/MCPDashboard.tsx(348,5): error TS17004: Cannot use JSX unless the '--jsx' flag is provided.
src/ai-gateway/app/(dashboard)/dashboard/endpoint/components/MCPDashboard.tsx(349,7): error TS17004: Cannot use JSX unless the '--jsx' flag is provided.
src/ai-gateway/app/(dashboard)/dashboard/endpoint/components/MCPDashboard.tsx(350,9): error TS17004: Cannot use JSX unless the '--jsx' flag is provided.
src/ai-gateway/app/(dashboard)/dashboard/endpoint/components/MCPDashboard.tsx(351,9): error TS17004: Cannot use JSX unless the '--jsx' flag is provided.
src/ai-gateway/app/(dashboard)/dashboard/endpoint/components/MCPDashboard.tsx(352,9): error TS17004: Cannot use JSX unless the '--jsx' flag is provided.
src/ai-gateway/app/(dashboard)/dashboard/endpoint/components/MCPDashboard.tsx(356,9): error TS17004: Cannot use JSX unless the '--jsx' flag is provided.
src/ai-gateway/app/(dashboard)/dashboard/endpoint/components/MCPDashboard.tsx(362,7): error TS17004: Cannot use JSX unless the '--jsx' flag is provided.
src/ai-gateway/app/(dashboard)/dashboard/endpoint/components/MCPDashboard.tsx(363,9): error TS17004: Cannot use JSX unless the '--jsx' flag is provided.
src/ai-gateway/app/(dashboard)/dashboard/endpoint/components/MCPDashboard.tsx(364,9): error TS17004: Cannot use JSX unless the '--jsx' flag is provided.
src/ai-gateway/app/(dashboard)/dashboard/endpoint/components/MCPDashboard.tsx(365,11): error TS17004: Cannot use JSX unless the '--jsx' flag is provided.
src/ai-gateway/app/(dashboard)/dashboard/endpoint/components/MCPDashboard.tsx(366,11): error TS17004: Cannot use JSX unless the '--jsx' flag is provided.
src/ai-gateway/app/(dashboard)/dashboard/endpoint/components/MCPDashboard.tsx(371,11): error TS17004: Cannot use JSX unless the '--jsx' flag is provided.
src/ai-gateway/app/(dashboard)/dashboard/endpoint/components/MCPDashboard.tsx(377,9): error TS17004: Cannot use JSX unless the '--jsx' flag is provided.
src/ai-gateway/app/(dashboard)/dashboard/endpoint/components/MCPDashboard.tsx(378,11): error TS17004: Cannot use JSX unless the '--jsx' flag is provided.
src/ai-gateway/app/(dashboard)/dashboard/endpoint/components/MCPDashboard.tsx(379,13): error TS17004: Cannot use JSX unless the '--jsx' flag is provided.
src/ai-gateway/app/(dashboard)/dashboard/endpoint/components/MCPDashboard.tsx(381,15): error TS17004: Cannot use JSX unless the '--jsx' flag is provided.
src/ai-gateway/app/(dashboard)/dashboard/endpoint/components/MCPDashboard.tsx(383,15): error TS17004: Cannot use JSX unless the '--jsx' flag is provided.
src/ai-gateway/app/(dashboard)/dashboard/endpoint/components/MCPDashboard.tsx(385,19): error TS17004: Cannot use JSX unless the '--jsx' flag is provided.
src/ai-gateway/app/(dashboard)/dashboard/endpoint/components/MCPDashboard.tsx(386,21): error TS17004: Cannot use JSX unless the '--jsx' flag is provided.
src/ai-gateway/app/(dashboard)/dashboard/endpoint/components/MCPDashboard.tsx(387,21): error TS17004: Cannot use JSX unless the '--jsx' flag is provided.
src/ai-gateway/app/(dashboard)/dashboard/endpoint/components/MCPDashboard.tsx(393,11): error TS17004: Cannot use JSX unless the '--jsx' flag is provided.
src/ai-gateway/app/(dashboard)/dashboard/endpoint/components/MCPDashboard.tsx(394,13): error TS17004: Cannot use JSX unless the '--jsx' flag is provided.
src/ai-gateway/app/(dashboard)/dashboard/endpoint/components/MCPDashboard.tsx(395,13): error TS17004: Cannot use JSX unless the '--jsx' flag is provided.
src/ai-gateway/app/(dashboard)/dashboard/endpoint/components/MCPDashboard.tsx(396,15): error TS17004: Cannot use JSX unless the '--jsx' flag is provided.
src/ai-gateway/app/(dashboard)/dashboard/endpoint/components/MCPDashboard.tsx(398,17): error TS17004: Cannot use JSX unless the '--jsx' flag is provided.
src/ai-gateway/app/(dashboard)/dashboard/endpoint/components/MCPDashboard.tsx(400,15): error TS17004: Cannot use JSX unless the '--jsx' flag is provided.
src/ai-gateway/app/(dashboard)/dashboard/endpoint/components/MCPDashboard.tsx(402,17): error TS17004: Cannot use JSX unless the '--jsx' flag is provided.
src/ai-gateway/app/(dashboard)/dashboard/endpoint/components/MCPDashboard.tsx(406,15): error TS17004: Cannot use JSX unless the '--jsx' flag is provided.
src/ai-gateway/app/(dashboard)/dashboard/endpoint/components/MCPDashboard.tsx(408,17): error TS17004: Cannot use JSX unless the '--jsx' flag is provided.
src/ai-gateway/app/(dashboard)/dashboard/endpoint/components/MCPDashboard.tsx(415,15): error TS17004: Cannot use JSX unless the '--jsx' flag is provided.
src/ai-gateway/app/(dashboard)/dashboard/endpoint/components/MCPDashboard.tsx(417,17): error TS17004: Cannot use JSX unless the '--jsx' flag is provided.
src/ai-gateway/app/(dashboard)/dashboard/endpoint/components/MCPDashboard.tsx(424,7): error TS17004: Cannot use JSX unless the '--jsx' flag is provided.
src/ai-gateway/app/(dashboard)/dashboard/endpoint/components/MCPDashboard.tsx(425,9): error TS17004: Cannot use JSX unless the '--jsx' flag is provided.
src/ai-gateway/app/(dashboard)/dashboard/endpoint/components/MCPDashboard.tsx(426,9): error TS17004: Cannot use JSX unless the '--jsx' flag is provided.
src/ai-gateway/app/(dashboard)/dashboard/endpoint/components/MCPDashboard.tsx(427,11): error TS17004: Cannot use JSX unless the '--jsx' flag is provided.
src/ai-gateway/app/(dashboard)/dashboard/endpoint/components/MCPDashboard.tsx(428,13): error TS17004: Cannot use JSX unless the '--jsx' flag is provided.
src/ai-gateway/app/(dashboard)/dashboard/endpoint/components/MCPDashboard.tsx(429,13): error TS17004: Cannot use JSX unless the '--jsx' flag is provided.
src/ai-gateway/app/(dashboard)/dashboard/endpoint/components/MCPDashboard.tsx(435,17): error TS17004: Cannot use JSX unless the '--jsx' flag is provided.
src/ai-gateway/app/(dashboard)/dashboard/endpoint/components/MCPDashboard.tsx(440,13): error TS17004: Cannot use JSX unless the '--jsx' flag is provided.
src/ai-gateway/app/(dashboard)/dashboard/endpoint/components/MCPDashboard.tsx(450,11): error TS17004: Cannot use JSX unless the '--jsx' flag is provided.
src/ai-gateway/app/(dashboard)/dashboard/endpoint/components/MCPDashboard.tsx(451,13): error TS17004: Cannot use JSX unless the '--jsx' flag is provided.
src/ai-gateway/app/(dashboard)/dashboard/endpoint/components/MCPDashboard.tsx(452,13): error TS17004: Cannot use JSX unless the '--jsx' flag is provided.
src/ai-gateway/app/(dashboard)/dashboard/endpoint/components/MCPDashboard.tsx(459,15): error TS17004: Cannot use JSX unless the '--jsx' flag is provided.
src/ai-gateway/app/(dashboard)/dashboard/endpoint/components/MCPDashboard.tsx(460,15): error TS17004: Cannot use JSX unless the '--jsx' flag is provided.
src/ai-gateway/app/(dashboard)/dashboard/endpoint/components/MCPDashboard.tsx(461,15): error TS17004: Cannot use JSX unless the '--jsx' flag is provided.
src/ai-gateway/app/(dashboard)/dashboard/endpoint/components/MCPDashboard.tsx(463,13): error TS17004: Cannot use JSX unless the '--jsx' flag is provided.
src/ai-gateway/app/(dashboard)/dashboard/endpoint/components/MCPDashboard.tsx(473,11): error TS17004: Cannot use JSX unless the '--jsx' flag is provided.
src/ai-gateway/app/(dashboard)/dashboard/endpoint/components/MCPDashboard.tsx(474,13): error TS17004: Cannot use JSX unless the '--jsx' flag is provided.
src/ai-gateway/app/(dashboard)/dashboard/endpoint/components/MCPDashboard.tsx(475,13): error TS17004: Cannot use JSX unless the '--jsx' flag is provided.
src/ai-gateway/app/(dashboard)/dashboard/endpoint/components/MCPDashboard.tsx(476,13): error TS17004: Cannot use JSX unless the '--jsx' flag is provided.
src/ai-gateway/app/(dashboard)/dashboard/endpoint/components/MCPDashboard.tsx(486,27): error TS17004: Cannot use JSX unless the '--jsx' flag is provided.
src/ai-gateway/app/(dashboard)/dashboard/endpoint/components/MCPDashboard.tsx(489,7): error TS17004: Cannot use JSX unless the '--jsx' flag is provided.
src/ai-gateway/app/(dashboard)/dashboard/endpoint/components/MCPDashboard.tsx(490,9): error TS17004: Cannot use JSX unless the '--jsx' flag is provided.
src/ai-gateway/app/(dashboard)/dashboard/endpoint/components/MCPDashboard.tsx(491,9): error TS17004: Cannot use JSX unless the '--jsx' flag is provided.
src/ai-gateway/app/(dashboard)/dashboard/endpoint/components/MCPDashboard.tsx(492,11): error TS17004: Cannot use JSX unless the '--jsx' flag is provided.
src/ai-gateway/app/(dashboard)/dashboard/endpoint/components/MCPDashboard.tsx(493,13): error TS17004: Cannot use JSX unless the '--jsx' flag is provided.
src/ai-gateway/app/(dashboard)/dashboard/endpoint/components/MCPDashboard.tsx(494,15): error TS17004: Cannot use JSX unless the '--jsx' flag is provided.
src/ai-gateway/app/(dashboard)/dashboard/endpoint/components/MCPDashboard.tsx(495,17): error TS17004: Cannot use JSX unless the '--jsx' flag is provided.
src/ai-gateway/app/(dashboard)/dashboard/endpoint/components/MCPDashboard.tsx(496,17): error TS17004: Cannot use JSX unless the '--jsx' flag is provided.
src/ai-gateway/app/(dashboard)/dashboard/endpoint/components/MCPDashboard.tsx(497,17): error TS17004: Cannot use JSX unless the '--jsx' flag is provided.
src/ai-gateway/app/(dashboard)/dashboard/endpoint/components/MCPDashboard.tsx(498,17): error TS17004: Cannot use JSX unless the '--jsx' flag is provided.
src/ai-gateway/app/(dashboard)/dashboard/endpoint/components/MCPDashboard.tsx(501,13): error TS17004: Cannot use JSX unless the '--jsx' flag is provided.
src/ai-gateway/app/(dashboard)/dashboard/endpoint/components/MCPDashboard.tsx(503,17): error TS17004: Cannot use JSX unless the '--jsx' flag is provided.
src/ai-gateway/app/(dashboard)/dashboard/endpoint/components/MCPDashboard.tsx(504,19): error TS17004: Cannot use JSX unless the '--jsx' flag is provided.
src/ai-gateway/app/(dashboard)/dashboard/endpoint/components/MCPDashboard.tsx(505,19): error TS17004: Cannot use JSX unless the '--jsx' flag is provided.
src/ai-gateway/app/(dashboard)/dashboard/endpoint/components/MCPDashboard.tsx(506,19): error TS17004: Cannot use JSX unless the '--jsx' flag is provided.
src/ai-gateway/app/(dashboard)/dashboard/endpoint/components/MCPDashboard.tsx(506,51): error TS2339: Property 'phase' does not exist on type 'McpTool'.
src/ai-gateway/app/(dashboard)/dashboard/endpoint/components/MCPDashboard.tsx(507,19): error TS17004: Cannot use JSX unless the '--jsx' flag is provided.
src/ai-gateway/app/(dashboard)/dashboard/endpoint/components/MCPDashboard.tsx(515,7): error TS17004: Cannot use JSX unless the '--jsx' flag is provided.
src/ai-gateway/app/(dashboard)/dashboard/endpoint/components/MCPDashboard.tsx(516,9): error TS17004: Cannot use JSX unless the '--jsx' flag is provided.
src/ai-gateway/app/(dashboard)/dashboard/endpoint/components/MCPDashboard.tsx(517,11): error TS17004: Cannot use JSX unless the '--jsx' flag is provided.
src/ai-gateway/app/(dashboard)/dashboard/endpoint/components/MCPDashboard.tsx(518,13): error TS17004: Cannot use JSX unless the '--jsx' flag is provided.
src/ai-gateway/app/(dashboard)/dashboard/endpoint/components/MCPDashboard.tsx(519,13): error TS17004: Cannot use JSX unless the '--jsx' flag is provided.
src/ai-gateway/app/(dashboard)/dashboard/endpoint/components/MCPDashboard.tsx(523,11): error TS17004: Cannot use JSX unless the '--jsx' flag is provided.
src/ai-gateway/app/(dashboard)/dashboard/endpoint/components/MCPDashboard.tsx(524,13): error TS17004: Cannot use JSX unless the '--jsx' flag is provided.
src/ai-gateway/app/(dashboard)/dashboard/endpoint/components/MCPDashboard.tsx(532,15): error TS17004: Cannot use JSX unless the '--jsx' flag is provided.
src/ai-gateway/app/(dashboard)/dashboard/endpoint/components/MCPDashboard.tsx(534,17): error TS17004: Cannot use JSX unless the '--jsx' flag is provided.
src/ai-gateway/app/(dashboard)/dashboard/endpoint/components/MCPDashboard.tsx(539,13): error TS17004: Cannot use JSX unless the '--jsx' flag is provided.
src/ai-gateway/app/(dashboard)/dashboard/endpoint/components/MCPDashboard.tsx(547,15): error TS17004: Cannot use JSX unless the '--jsx' flag is provided.
src/ai-gateway/app/(dashboard)/dashboard/endpoint/components/MCPDashboard.tsx(548,15): error TS17004: Cannot use JSX unless the '--jsx' flag is provided.
src/ai-gateway/app/(dashboard)/dashboard/endpoint/components/MCPDashboard.tsx(549,15): error TS17004: Cannot use JSX unless the '--jsx' flag is provided.
src/ai-gateway/app/(dashboard)/dashboard/endpoint/components/MCPDashboard.tsx(551,13): error TS17004: Cannot use JSX unless the '--jsx' flag is provided.
src/ai-gateway/app/(dashboard)/dashboard/endpoint/components/MCPDashboard.tsx(564,11): error TS17004: Cannot use JSX unless the '--jsx' flag is provided.
src/ai-gateway/app/(dashboard)/dashboard/endpoint/components/MCPDashboard.tsx(566,11): error TS17004: Cannot use JSX unless the '--jsx' flag is provided.
src/ai-gateway/app/(dashboard)/dashboard/endpoint/components/MCPDashboard.tsx(568,11): error TS17004: Cannot use JSX unless the '--jsx' flag is provided.
src/ai-gateway/app/(dashboard)/dashboard/endpoint/components/MCPDashboard.tsx(569,13): error TS17004: Cannot use JSX unless the '--jsx' flag is provided.
src/ai-gateway/app/(dashboard)/dashboard/endpoint/components/MCPDashboard.tsx(570,15): error TS17004: Cannot use JSX unless the '--jsx' flag is provided.
src/ai-gateway/app/(dashboard)/dashboard/endpoint/components/MCPDashboard.tsx(571,17): error TS17004: Cannot use JSX unless the '--jsx' flag is provided.
src/ai-gateway/app/(dashboard)/dashboard/endpoint/components/MCPDashboard.tsx(572,19): error TS17004: Cannot use JSX unless the '--jsx' flag is provided.
src/ai-gateway/app/(dashboard)/dashboard/endpoint/components/MCPDashboard.tsx(573,19): error TS17004: Cannot use JSX unless the '--jsx' flag is provided.
src/ai-gateway/app/(dashboard)/dashboard/endpoint/components/MCPDashboard.tsx(574,19): error TS17004: Cannot use JSX unless the '--jsx' flag is provided.
src/ai-gateway/app/(dashboard)/dashboard/endpoint/components/MCPDashboard.tsx(575,19): error TS17004: Cannot use JSX unless the '--jsx' flag is provided.
src/ai-gateway/app/(dashboard)/dashboard/endpoint/components/MCPDashboard.tsx(576,19): error TS17004: Cannot use JSX unless the '--jsx' flag is provided.
src/ai-gateway/app/(dashboard)/dashboard/endpoint/components/MCPDashboard.tsx(579,15): error TS17004: Cannot use JSX unless the '--jsx' flag is provided.
src/ai-gateway/app/(dashboard)/dashboard/endpoint/components/MCPDashboard.tsx(581,19): error TS17004: Cannot use JSX unless the '--jsx' flag is provided.
src/ai-gateway/app/(dashboard)/dashboard/endpoint/components/MCPDashboard.tsx(582,21): error TS17004: Cannot use JSX unless the '--jsx' flag is provided.
src/ai-gateway/app/(dashboard)/dashboard/endpoint/components/MCPDashboard.tsx(585,21): error TS17004: Cannot use JSX unless the '--jsx' flag is provided.
src/ai-gateway/app/(dashboard)/dashboard/endpoint/components/MCPDashboard.tsx(586,21): error TS17004: Cannot use JSX unless the '--jsx' flag is provided.
src/ai-gateway/app/(dashboard)/dashboard/endpoint/components/MCPDashboard.tsx(587,21): error TS17004: Cannot use JSX unless the '--jsx' flag is provided.
src/ai-gateway/app/(dashboard)/dashboard/endpoint/components/MCPDashboard.tsx(588,23): error TS17004: Cannot use JSX unless the '--jsx' flag is provided.
src/ai-gateway/app/(dashboard)/dashboard/endpoint/components/MCPDashboard.tsx(592,21): error TS17004: Cannot use JSX unless the '--jsx' flag is provided.
src/ai-gateway/app/(dashboard)/dashboard/endpoint/components/MCPDashboard.tsx(600,9): error TS17004: Cannot use JSX unless the '--jsx' flag is provided.
src/ai-gateway/app/(dashboard)/dashboard/endpoint/components/MCPDashboard.tsx(601,11): error TS17004: Cannot use JSX unless the '--jsx' flag is provided.
src/ai-gateway/app/(dashboard)/dashboard/endpoint/components/MCPDashboard.tsx(609,11): error TS17004: Cannot use JSX unless the '--jsx' flag is provided.
src/ai-gateway/app/(dashboard)/dashboard/endpoint/components/MCPDashboard.tsx(637,5): error TS17004: Cannot use JSX unless the '--jsx' flag is provided.
src/ai-gateway/app/(dashboard)/dashboard/endpoint/components/MCPDashboard.tsx(638,7): error TS17004: Cannot use JSX unless the '--jsx' flag is provided.
src/ai-gateway/app/(dashboard)/dashboard/endpoint/components/MCPDashboard.tsx(639,7): error TS17004: Cannot use JSX unless the '--jsx' flag is provided.
src/ai-gateway/app/(dashboard)/dashboard/endpoint/endpointPageClient.components.tsx(3,18): error TS2307: Cannot find module 'next/link' or its corresponding type declarations.
src/ai-gateway/app/(dashboard)/dashboard/endpoint/endpointPageClient.components.tsx(4,44): error TS2307: Cannot find module '@/shared/components' or its corresponding type declarations.
src/ai-gateway/app/(dashboard)/dashboard/endpoint/endpointPageClient.components.tsx(5,37): error TS6142: Module './EndpointPageSections' was resolved to 'C:/TESTES DEV/1_PROJETOS_ATIVOS/Zavorth/src/ai-gateway/app/(dashboard)/dashboard/endpoint/EndpointPageSections.tsx', but '--jsx' is not set.
src/ai-gateway/app/(dashboard)/dashboard/endpoint/endpointPageClient.components.tsx(18,5): error TS17004: Cannot use JSX unless the '--jsx' flag is provided.
src/ai-gateway/app/(dashboard)/dashboard/endpoint/endpointPageClient.components.tsx(27,7): error TS17004: Cannot use JSX unless the '--jsx' flag is provided.
src/ai-gateway/app/(dashboard)/dashboard/endpoint/endpointPageClient.components.tsx(30,7): error TS17004: Cannot use JSX unless the '--jsx' flag is provided.
src/ai-gateway/app/(dashboard)/dashboard/endpoint/endpointPageClient.components.tsx(31,7): error TS17004: Cannot use JSX unless the '--jsx' flag is provided.
src/ai-gateway/app/(dashboard)/dashboard/endpoint/endpointPageClient.components.tsx(32,9): error TS17004: Cannot use JSX unless the '--jsx' flag is provided.
src/ai-gateway/app/(dashboard)/dashboard/endpoint/endpointPageClient.components.tsx(71,47): error TS2339: Property 'phase' does not exist on type 'CloudflaredTunnelStatus'.
src/ai-gateway/app/(dashboard)/dashboard/endpoint/endpointPageClient.components.tsx(74,5): error TS17004: Cannot use JSX unless the '--jsx' flag is provided.
src/ai-gateway/app/(dashboard)/dashboard/endpoint/endpointPageClient.components.tsx(75,7): error TS17004: Cannot use JSX unless the '--jsx' flag is provided.
src/ai-gateway/app/(dashboard)/dashboard/endpoint/endpointPageClient.components.tsx(76,9): error TS17004: Cannot use JSX unless the '--jsx' flag is provided.
src/ai-gateway/app/(dashboard)/dashboard/endpoint/endpointPageClient.components.tsx(77,11): error TS17004: Cannot use JSX unless the '--jsx' flag is provided.
src/ai-gateway/app/(dashboard)/dashboard/endpoint/endpointPageClient.components.tsx(78,13): error TS17004: Cannot use JSX unless the '--jsx' flag is provided.
src/ai-gateway/app/(dashboard)/dashboard/endpoint/endpointPageClient.components.tsx(79,15): error TS17004: Cannot use JSX unless the '--jsx' flag is provided.
src/ai-gateway/app/(dashboard)/dashboard/endpoint/endpointPageClient.components.tsx(82,15): error TS17004: Cannot use JSX unless the '--jsx' flag is provided.
src/ai-gateway/app/(dashboard)/dashboard/endpoint/endpointPageClient.components.tsx(83,106): error TS7053: Element implicitly has an 'any' type because expression of type 'any' can't be used to index type 'Record<CloudflaredTunnelPhase, { label: string; className: string; }>'.
src/ai-gateway/app/(dashboard)/dashboard/endpoint/endpointPageClient.components.tsx(85,18): error TS7053: Element implicitly has an 'any' type because expression of type 'any' can't be used to index type 'Record<CloudflaredTunnelPhase, { label: string; className: string; }>'.
src/ai-gateway/app/(dashboard)/dashboard/endpoint/endpointPageClient.components.tsx(91,13): error TS17004: Cannot use JSX unless the '--jsx' flag is provided.
src/ai-gateway/app/(dashboard)/dashboard/endpoint/endpointPageClient.components.tsx(111,11): error TS17004: Cannot use JSX unless the '--jsx' flag is provided.
src/ai-gateway/app/(dashboard)/dashboard/endpoint/endpointPageClient.components.tsx(120,13): error TS17004: Cannot use JSX unless the '--jsx' flag is provided.
src/ai-gateway/app/(dashboard)/dashboard/endpoint/endpointPageClient.components.tsx(127,13): error TS17004: Cannot use JSX unless the '--jsx' flag is provided.
src/ai-gateway/app/(dashboard)/dashboard/endpoint/endpointPageClient.components.tsx(128,13): error TS17004: Cannot use JSX unless the '--jsx' flag is provided.
src/ai-gateway/app/(dashboard)/dashboard/endpoint/endpointPageClient.components.tsx(132,15): error TS17004: Cannot use JSX unless the '--jsx' flag is provided.
src/ai-gateway/app/(dashboard)/dashboard/endpoint/endpointPageClient.components.tsx(137,9): error TS17004: Cannot use JSX unless the '--jsx' flag is provided.
src/ai-gateway/app/(dashboard)/dashboard/endpoint/endpointPageClient.components.tsx(138,9): error TS17004: Cannot use JSX unless the '--jsx' flag is provided.
src/ai-gateway/app/(dashboard)/dashboard/endpoint/endpointPageClient.components.tsx(139,11): error TS17004: Cannot use JSX unless the '--jsx' flag is provided.
src/ai-gateway/app/(dashboard)/dashboard/endpoint/endpointPageClient.components.tsx(145,11): error TS17004: Cannot use JSX unless the '--jsx' flag is provided.
src/ai-gateway/app/(dashboard)/dashboard/endpoint/endpointPageClient.components.tsx(158,11): error TS17004: Cannot use JSX unless the '--jsx' flag is provided.
src/ai-gateway/app/(dashboard)/dashboard/endpoint/endpointPageClient.components.tsx(173,5): error TS17004: Cannot use JSX unless the '--jsx' flag is provided.
src/ai-gateway/app/(dashboard)/dashboard/endpoint/endpointPageClient.components.tsx(174,7): error TS17004: Cannot use JSX unless the '--jsx' flag is provided.
src/ai-gateway/app/(dashboard)/dashboard/endpoint/endpointPageClient.components.tsx(175,9): error TS17004: Cannot use JSX unless the '--jsx' flag is provided.
src/ai-gateway/app/(dashboard)/dashboard/endpoint/endpointPageClient.components.tsx(176,11): error TS17004: Cannot use JSX unless the '--jsx' flag is provided.
src/ai-gateway/app/(dashboard)/dashboard/endpoint/endpointPageClient.components.tsx(177,11): error TS17004: Cannot use JSX unless the '--jsx' flag is provided.
src/ai-gateway/app/(dashboard)/dashboard/endpoint/endpointPageClient.components.tsx(183,9): error TS17004: Cannot use JSX unless the '--jsx' flag is provided.
src/ai-gateway/app/(dashboard)/dashboard/endpoint/endpointPageClient.components.tsx(184,11): error TS17004: Cannot use JSX unless the '--jsx' flag is provided.
src/ai-gateway/app/(dashboard)/dashboard/endpoint/endpointPageClient.components.tsx(185,13): error TS17004: Cannot use JSX unless the '--jsx' flag is provided.
src/ai-gateway/app/(dashboard)/dashboard/endpoint/endpointPageClient.components.tsx(186,15): error TS17004: Cannot use JSX unless the '--jsx' flag is provided.
src/ai-gateway/app/(dashboard)/dashboard/endpoint/endpointPageClient.components.tsx(187,17): error TS17004: Cannot use JSX unless the '--jsx' flag is provided.
src/ai-gateway/app/(dashboard)/dashboard/endpoint/endpointPageClient.components.tsx(188,19): error TS17004: Cannot use JSX unless the '--jsx' flag is provided.
src/ai-gateway/app/(dashboard)/dashboard/endpoint/endpointPageClient.components.tsx(191,17): error TS17004: Cannot use JSX unless the '--jsx' flag is provided.
src/ai-gateway/app/(dashboard)/dashboard/endpoint/endpointPageClient.components.tsx(195,15): error TS17004: Cannot use JSX unless the '--jsx' flag is provided.
src/ai-gateway/app/(dashboard)/dashboard/endpoint/endpointPageClient.components.tsx(203,13): error TS17004: Cannot use JSX unless the '--jsx' flag is provided.
src/ai-gateway/app/(dashboard)/dashboard/endpoint/endpointPageClient.components.tsx(204,15): error TS17004: Cannot use JSX unless the '--jsx' flag is provided.
src/ai-gateway/app/(dashboard)/dashboard/endpoint/endpointPageClient.components.tsx(206,17): error TS17004: Cannot use JSX unless the '--jsx' flag is provided.
src/ai-gateway/app/(dashboard)/dashboard/endpoint/endpointPageClient.components.tsx(208,15): error TS17004: Cannot use JSX unless the '--jsx' flag is provided.
src/ai-gateway/app/(dashboard)/dashboard/endpoint/endpointPageClient.components.tsx(210,17): error TS17004: Cannot use JSX unless the '--jsx' flag is provided.
src/ai-gateway/app/(dashboard)/dashboard/endpoint/endpointPageClient.components.tsx(217,13): error TS17004: Cannot use JSX unless the '--jsx' flag is provided.
src/ai-gateway/app/(dashboard)/dashboard/endpoint/endpointPageClient.components.tsx(218,15): error TS17004: Cannot use JSX unless the '--jsx' flag is provided.
src/ai-gateway/app/(dashboard)/dashboard/endpoint/endpointPageClient.components.tsx(219,15): error TS17004: Cannot use JSX unless the '--jsx' flag is provided.
src/ai-gateway/app/(dashboard)/dashboard/endpoint/endpointPageClient.components.tsx(221,13): error TS17004: Cannot use JSX unless the '--jsx' flag is provided.
src/ai-gateway/app/(dashboard)/dashboard/endpoint/endpointPageClient.components.tsx(222,15): error TS17004: Cannot use JSX unless the '--jsx' flag is provided.
src/ai-gateway/app/(dashboard)/dashboard/endpoint/endpointPageClient.components.tsx(231,11): error TS17004: Cannot use JSX unless the '--jsx' flag is provided.
src/ai-gateway/app/(dashboard)/dashboard/endpoint/endpointPageClient.components.tsx(232,13): error TS17004: Cannot use JSX unless the '--jsx' flag is provided.
src/ai-gateway/app/(dashboard)/dashboard/endpoint/endpointPageClient.components.tsx(233,15): error TS17004: Cannot use JSX unless the '--jsx' flag is provided.
src/ai-gateway/app/(dashboard)/dashboard/endpoint/endpointPageClient.components.tsx(234,17): error TS17004: Cannot use JSX unless the '--jsx' flag is provided.
src/ai-gateway/app/(dashboard)/dashboard/endpoint/endpointPageClient.components.tsx(235,19): error TS17004: Cannot use JSX unless the '--jsx' flag is provided.
src/ai-gateway/app/(dashboard)/dashboard/endpoint/endpointPageClient.components.tsx(240,17): error TS17004: Cannot use JSX unless the '--jsx' flag is provided.
src/ai-gateway/app/(dashboard)/dashboard/endpoint/endpointPageClient.components.tsx(244,15): error TS17004: Cannot use JSX unless the '--jsx' flag is provided.
src/ai-gateway/app/(dashboard)/dashboard/endpoint/endpointPageClient.components.tsx(252,13): error TS17004: Cannot use JSX unless the '--jsx' flag is provided.
src/ai-gateway/app/(dashboard)/dashboard/endpoint/endpointPageClient.components.tsx(253,15): error TS17004: Cannot use JSX unless the '--jsx' flag is provided.
src/ai-gateway/app/(dashboard)/dashboard/endpoint/endpointPageClient.components.tsx(255,17): error TS17004: Cannot use JSX unless the '--jsx' flag is provided.
src/ai-gateway/app/(dashboard)/dashboard/endpoint/endpointPageClient.components.tsx(257,15): error TS17004: Cannot use JSX unless the '--jsx' flag is provided.
src/ai-gateway/app/(dashboard)/dashboard/endpoint/endpointPageClient.components.tsx(259,17): error TS17004: Cannot use JSX unless the '--jsx' flag is provided.
src/ai-gateway/app/(dashboard)/dashboard/endpoint/endpointPageClient.components.tsx(262,13): error TS17004: Cannot use JSX unless the '--jsx' flag is provided.
src/ai-gateway/app/(dashboard)/dashboard/endpoint/endpointPageClient.components.tsx(263,15): error TS17004: Cannot use JSX unless the '--jsx' flag is provided.
src/ai-gateway/app/(dashboard)/dashboard/endpoint/endpointPageClient.components.tsx(264,15): error TS17004: Cannot use JSX unless the '--jsx' flag is provided.
src/ai-gateway/app/(dashboard)/dashboard/endpoint/endpointPageClient.components.tsx(266,13): error TS17004: Cannot use JSX unless the '--jsx' flag is provided.
src/ai-gateway/app/(dashboard)/dashboard/endpoint/endpointPageClient.components.tsx(267,15): error TS17004: Cannot use JSX unless the '--jsx' flag is provided.
src/ai-gateway/app/(dashboard)/dashboard/endpoint/endpointPageClient.components.tsx(297,5): error TS17004: Cannot use JSX unless the '--jsx' flag is provided.
src/ai-gateway/app/(dashboard)/dashboard/endpoint/endpointPageClient.components.tsx(298,7): error TS17004: Cannot use JSX unless the '--jsx' flag is provided.
src/ai-gateway/app/(dashboard)/dashboard/endpoint/endpointPageClient.components.tsx(299,9): error TS17004: Cannot use JSX unless the '--jsx' flag is provided.
src/ai-gateway/app/(dashboard)/dashboard/endpoint/endpointPageClient.components.tsx(300,11): error TS17004: Cannot use JSX unless the '--jsx' flag is provided.
src/ai-gateway/app/(dashboard)/dashboard/endpoint/endpointPageClient.components.tsx(301,13): error TS17004: Cannot use JSX unless the '--jsx' flag is provided.
src/ai-gateway/app/(dashboard)/dashboard/endpoint/endpointPageClient.components.tsx(302,13): error TS17004: Cannot use JSX unless the '--jsx' flag is provided.
src/ai-gateway/app/(dashboard)/dashboard/endpoint/endpointPageClient.components.tsx(303,15): error TS17004: Cannot use JSX unless the '--jsx' flag is provided.
src/ai-gateway/app/(dashboard)/dashboard/endpoint/endpointPageClient.components.tsx(304,15): error TS17004: Cannot use JSX unless the '--jsx' flag is provided.
src/ai-gateway/app/(dashboard)/dashboard/endpoint/endpointPageClient.components.tsx(305,15): error TS17004: Cannot use JSX unless the '--jsx' flag is provided.
src/ai-gateway/app/(dashboard)/dashboard/endpoint/endpointPageClient.components.tsx(306,15): error TS17004: Cannot use JSX unless the '--jsx' flag is provided.
src/ai-gateway/app/(dashboard)/dashboard/endpoint/endpointPageClient.components.tsx(310,11): error TS17004: Cannot use JSX unless the '--jsx' flag is provided.
src/ai-gateway/app/(dashboard)/dashboard/endpoint/endpointPageClient.components.tsx(311,13): error TS17004: Cannot use JSX unless the '--jsx' flag is provided.
src/ai-gateway/app/(dashboard)/dashboard/endpoint/endpointPageClient.components.tsx(312,13): error TS17004: Cannot use JSX unless the '--jsx' flag is provided.
src/ai-gateway/app/(dashboard)/dashboard/endpoint/endpointPageClient.components.tsx(313,15): error TS17004: Cannot use JSX unless the '--jsx' flag is provided.
src/ai-gateway/app/(dashboard)/dashboard/endpoint/endpointPageClient.components.tsx(314,15): error TS17004: Cannot use JSX unless the '--jsx' flag is provided.
src/ai-gateway/app/(dashboard)/dashboard/endpoint/endpointPageClient.components.tsx(319,13): error TS17004: Cannot use JSX unless the '--jsx' flag is provided.
src/ai-gateway/app/(dashboard)/dashboard/endpoint/endpointPageClient.components.tsx(325,17): error TS17004: Cannot use JSX unless the '--jsx' flag is provided.
src/ai-gateway/app/(dashboard)/dashboard/endpoint/endpointPageClient.components.tsx(327,17): error TS17004: Cannot use JSX unless the '--jsx' flag is provided.
src/ai-gateway/app/(dashboard)/dashboard/endpoint/endpointPageClient.components.tsx(331,15): error TS17004: Cannot use JSX unless the '--jsx' flag is provided.
src/ai-gateway/app/(dashboard)/dashboard/endpoint/endpointPageClient.components.tsx(332,17): error TS17004: Cannot use JSX unless the '--jsx' flag is provided.
src/ai-gateway/app/(dashboard)/dashboard/endpoint/endpointPageClient.components.tsx(341,11): error TS17004: Cannot use JSX unless the '--jsx' flag is provided.
src/ai-gateway/app/(dashboard)/dashboard/endpoint/endpointPageClient.components.tsx(342,13): error TS17004: Cannot use JSX unless the '--jsx' flag is provided.
src/ai-gateway/app/(dashboard)/dashboard/endpoint/endpointPageClient.components.tsx(344,17): error TS17004: Cannot use JSX unless the '--jsx' flag is provided.
src/ai-gateway/app/(dashboard)/dashboard/endpoint/endpointPageClient.components.tsx(345,19): error TS17004: Cannot use JSX unless the '--jsx' flag is provided.
src/ai-gateway/app/(dashboard)/dashboard/endpoint/endpointPageClient.components.tsx(351,17): error TS17004: Cannot use JSX unless the '--jsx' flag is provided.
src/ai-gateway/app/(dashboard)/dashboard/endpoint/endpointPageClient.components.tsx(352,19): error TS17004: Cannot use JSX unless the '--jsx' flag is provided.
src/ai-gateway/app/(dashboard)/dashboard/endpoint/endpointPageClient.components.tsx(359,13): error TS17004: Cannot use JSX unless the '--jsx' flag is provided.
src/ai-gateway/app/(dashboard)/dashboard/endpoint/endpointPageClient.components.tsx(371,7): error TS17004: Cannot use JSX unless the '--jsx' flag is provided.
src/ai-gateway/app/(dashboard)/dashboard/endpoint/endpointPageClient.components.tsx(376,9): error TS17004: Cannot use JSX unless the '--jsx' flag is provided.
src/ai-gateway/app/(dashboard)/dashboard/endpoint/endpointPageClient.components.tsx(377,11): error TS17004: Cannot use JSX unless the '--jsx' flag is provided.
src/ai-gateway/app/(dashboard)/dashboard/endpoint/endpointPageClient.components.tsx(378,13): error TS17004: Cannot use JSX unless the '--jsx' flag is provided.
src/ai-gateway/app/(dashboard)/dashboard/endpoint/endpointPageClient.components.tsx(379,15): error TS17004: Cannot use JSX unless the '--jsx' flag is provided.
src/ai-gateway/app/(dashboard)/dashboard/endpoint/endpointPageClient.components.tsx(382,15): error TS17004: Cannot use JSX unless the '--jsx' flag is provided.
src/ai-gateway/app/(dashboard)/dashboard/endpoint/endpointPageClient.components.tsx(383,17): error TS17004: Cannot use JSX unless the '--jsx' flag is provided.
src/ai-gateway/app/(dashboard)/dashboard/endpoint/endpointPageClient.components.tsx(386,17): error TS17004: Cannot use JSX unless the '--jsx' flag is provided.
src/ai-gateway/app/(dashboard)/dashboard/endpoint/endpointPageClient.components.tsx(392,13): error TS17004: Cannot use JSX unless the '--jsx' flag is provided.
src/ai-gateway/app/(dashboard)/dashboard/endpoint/endpointPageClient.components.tsx(393,15): error TS17004: Cannot use JSX unless the '--jsx' flag is provided.
src/ai-gateway/app/(dashboard)/dashboard/endpoint/endpointPageClient.components.tsx(396,15): error TS17004: Cannot use JSX unless the '--jsx' flag is provided.
src/ai-gateway/app/(dashboard)/dashboard/endpoint/endpointPageClient.components.tsx(397,17): error TS17004: Cannot use JSX unless the '--jsx' flag is provided.
src/ai-gateway/app/(dashboard)/dashboard/endpoint/endpointPageClient.components.tsx(405,11): error TS17004: Cannot use JSX unless the '--jsx' flag is provided.
src/ai-gateway/app/(dashboard)/dashboard/endpoint/endpointPageClient.components.tsx(407,11): error TS17004: Cannot use JSX unless the '--jsx' flag is provided.
src/ai-gateway/app/(dashboard)/dashboard/endpoint/endpointPageClient.components.tsx(408,13): error TS17004: Cannot use JSX unless the '--jsx' flag is provided.
src/ai-gateway/app/(dashboard)/dashboard/endpoint/endpointPageClient.components.tsx(415,17): error TS17004: Cannot use JSX unless the '--jsx' flag is provided.
src/ai-gateway/app/(dashboard)/dashboard/endpoint/endpointPageClient.components.tsx(416,19): error TS17004: Cannot use JSX unless the '--jsx' flag is provided.
src/ai-gateway/app/(dashboard)/dashboard/endpoint/endpointPageClient.components.tsx(425,13): error TS17004: Cannot use JSX unless the '--jsx' flag is provided.
src/ai-gateway/app/(dashboard)/dashboard/endpoint/EndpointPageClient.tsx(3,23): error TS2307: Cannot find module 'prop-types' or its corresponding type declarations.
src/ai-gateway/app/(dashboard)/dashboard/endpoint/EndpointPageClient.tsx(4,69): error TS2307: Cannot find module '@/shared/components' or its corresponding type declarations.
src/ai-gateway/app/(dashboard)/dashboard/endpoint/EndpointPageClient.tsx(5,54): error TS6142: Module './EndpointPageSections' was resolved to 'C:/TESTES DEV/1_PROJETOS_ATIVOS/Zavorth/src/ai-gateway/app/(dashboard)/dashboard/endpoint/EndpointPageSections.tsx', but '--jsx' is not set.
src/ai-gateway/app/(dashboard)/dashboard/endpoint/EndpointPageClient.tsx(11,8): error TS6142: Module './endpointPageClient.components' was resolved to 'C:/TESTES DEV/1_PROJETOS_ATIVOS/Zavorth/src/ai-gateway/app/(dashboard)/dashboard/endpoint/endpointPageClient.components.tsx', but '--jsx' is not set.
src/ai-gateway/app/(dashboard)/dashboard/endpoint/EndpointPageClient.tsx(14,41): error TS7031: Binding element 'machineId' implicitly has an 'any' type.
src/ai-gateway/app/(dashboard)/dashboard/endpoint/EndpointPageClient.tsx(19,7): error TS17004: Cannot use JSX unless the '--jsx' flag is provided.
src/ai-gateway/app/(dashboard)/dashboard/endpoint/EndpointPageClient.tsx(20,9): error TS17004: Cannot use JSX unless the '--jsx' flag is provided.
src/ai-gateway/app/(dashboard)/dashboard/endpoint/EndpointPageClient.tsx(21,9): error TS17004: Cannot use JSX unless the '--jsx' flag is provided.
src/ai-gateway/app/(dashboard)/dashboard/endpoint/EndpointPageClient.tsx(51,5): error TS17004: Cannot use JSX unless the '--jsx' flag is provided.
src/ai-gateway/app/(dashboard)/dashboard/endpoint/EndpointPageClient.tsx(52,7): error TS17004: Cannot use JSX unless the '--jsx' flag is provided.
src/ai-gateway/app/(dashboard)/dashboard/endpoint/EndpointPageClient.tsx(53,9): error TS17004: Cannot use JSX unless the '--jsx' flag is provided.
src/ai-gateway/app/(dashboard)/dashboard/endpoint/EndpointPageClient.tsx(54,11): error TS17004: Cannot use JSX unless the '--jsx' flag is provided.
src/ai-gateway/app/(dashboard)/dashboard/endpoint/EndpointPageClient.tsx(55,13): error TS17004: Cannot use JSX unless the '--jsx' flag is provided.
src/ai-gateway/app/(dashboard)/dashboard/endpoint/EndpointPageClient.tsx(56,13): error TS17004: Cannot use JSX unless the '--jsx' flag is provided.
src/ai-gateway/app/(dashboard)/dashboard/endpoint/EndpointPageClient.tsx(57,15): error TS17004: Cannot use JSX unless the '--jsx' flag is provided.
src/ai-gateway/app/(dashboard)/dashboard/endpoint/EndpointPageClient.tsx(69,15): error TS17004: Cannot use JSX unless the '--jsx' flag is provided.
src/ai-gateway/app/(dashboard)/dashboard/endpoint/EndpointPageClient.tsx(74,11): error TS17004: Cannot use JSX unless the '--jsx' flag is provided.
src/ai-gateway/app/(dashboard)/dashboard/endpoint/EndpointPageClient.tsx(76,15): error TS17004: Cannot use JSX unless the '--jsx' flag is provided.
src/ai-gateway/app/(dashboard)/dashboard/endpoint/EndpointPageClient.tsx(87,15): error TS17004: Cannot use JSX unless the '--jsx' flag is provided.
src/ai-gateway/app/(dashboard)/dashboard/endpoint/EndpointPageClient.tsx(97,15): error TS17004: Cannot use JSX unless the '--jsx' flag is provided.
src/ai-gateway/app/(dashboard)/dashboard/endpoint/EndpointPageClient.tsx(104,9): error TS17004: Cannot use JSX unless the '--jsx' flag is provided.
src/ai-gateway/app/(dashboard)/dashboard/endpoint/EndpointPageClient.tsx(106,9): error TS17004: Cannot use JSX unless the '--jsx' flag is provided.
src/ai-gateway/app/(dashboard)/dashboard/endpoint/EndpointPageClient.tsx(107,11): error TS17004: Cannot use JSX unless the '--jsx' flag is provided.
src/ai-gateway/app/(dashboard)/dashboard/endpoint/EndpointPageClient.tsx(112,11): error TS17004: Cannot use JSX unless the '--jsx' flag is provided.
src/ai-gateway/app/(dashboard)/dashboard/endpoint/EndpointPageClient.tsx(122,9): error TS17004: Cannot use JSX unless the '--jsx' flag is provided.
src/ai-gateway/app/(dashboard)/dashboard/endpoint/EndpointPageClient.tsx(125,7): error TS17004: Cannot use JSX unless the '--jsx' flag is provided.
src/ai-gateway/app/(dashboard)/dashboard/endpoint/EndpointPageClient.tsx(126,9): error TS17004: Cannot use JSX unless the '--jsx' flag is provided.
src/ai-gateway/app/(dashboard)/dashboard/endpoint/EndpointPageClient.tsx(127,11): error TS17004: Cannot use JSX unless the '--jsx' flag is provided.
src/ai-gateway/app/(dashboard)/dashboard/endpoint/EndpointPageClient.tsx(128,13): error TS17004: Cannot use JSX unless the '--jsx' flag is provided.
src/ai-gateway/app/(dashboard)/dashboard/endpoint/EndpointPageClient.tsx(129,13): error TS17004: Cannot use JSX unless the '--jsx' flag is provided.
src/ai-gateway/app/(dashboard)/dashboard/endpoint/EndpointPageClient.tsx(134,11): error TS17004: Cannot use JSX unless the '--jsx' flag is provided.
src/ai-gateway/app/(dashboard)/dashboard/endpoint/EndpointPageClient.tsx(147,9): error TS17004: Cannot use JSX unless the '--jsx' flag is provided.
src/ai-gateway/app/(dashboard)/dashboard/endpoint/EndpointPageClient.tsx(148,11): error TS17004: Cannot use JSX unless the '--jsx' flag is provided.
src/ai-gateway/app/(dashboard)/dashboard/endpoint/EndpointPageClient.tsx(149,13): error TS17004: Cannot use JSX unless the '--jsx' flag is provided.
src/ai-gateway/app/(dashboard)/dashboard/endpoint/EndpointPageClient.tsx(150,15): error TS17004: Cannot use JSX unless the '--jsx' flag is provided.
src/ai-gateway/app/(dashboard)/dashboard/endpoint/EndpointPageClient.tsx(151,15): error TS17004: Cannot use JSX unless the '--jsx' flag is provided.
src/ai-gateway/app/(dashboard)/dashboard/endpoint/EndpointPageClient.tsx(173,11): error TS17004: Cannot use JSX unless the '--jsx' flag is provided.
src/ai-gateway/app/(dashboard)/dashboard/endpoint/EndpointPageClient.tsx(174,13): error TS17004: Cannot use JSX unless the '--jsx' flag is provided.
src/ai-gateway/app/(dashboard)/dashboard/endpoint/EndpointPageClient.tsx(175,15): error TS17004: Cannot use JSX unless the '--jsx' flag is provided.
src/ai-gateway/app/(dashboard)/dashboard/endpoint/EndpointPageClient.tsx(176,15): error TS17004: Cannot use JSX unless the '--jsx' flag is provided.
src/ai-gateway/app/(dashboard)/dashboard/endpoint/EndpointPageClient.tsx(179,15): error TS17004: Cannot use JSX unless the '--jsx' flag is provided.
src/ai-gateway/app/(dashboard)/dashboard/endpoint/EndpointPageClient.tsx(181,13): error TS17004: Cannot use JSX unless the '--jsx' flag is provided.
src/ai-gateway/app/(dashboard)/dashboard/endpoint/EndpointPageClient.tsx(182,15): error TS17004: Cannot use JSX unless the '--jsx' flag is provided.
src/ai-gateway/app/(dashboard)/dashboard/endpoint/EndpointPageClient.tsx(196,15): error TS17004: Cannot use JSX unless the '--jsx' flag is provided.
src/ai-gateway/app/(dashboard)/dashboard/endpoint/EndpointPageClient.tsx(215,15): error TS17004: Cannot use JSX unless the '--jsx' flag is provided.
src/ai-gateway/app/(dashboard)/dashboard/endpoint/EndpointPageClient.tsx(237,11): error TS17004: Cannot use JSX unless the '--jsx' flag is provided.
src/ai-gateway/app/(dashboard)/dashboard/endpoint/EndpointPageClient.tsx(238,13): error TS17004: Cannot use JSX unless the '--jsx' flag is provided.
src/ai-gateway/app/(dashboard)/dashboard/endpoint/EndpointPageClient.tsx(239,15): error TS17004: Cannot use JSX unless the '--jsx' flag is provided.
src/ai-gateway/app/(dashboard)/dashboard/endpoint/EndpointPageClient.tsx(240,15): error TS17004: Cannot use JSX unless the '--jsx' flag is provided.
src/ai-gateway/app/(dashboard)/dashboard/endpoint/EndpointPageClient.tsx(243,15): error TS17004: Cannot use JSX unless the '--jsx' flag is provided.
src/ai-gateway/app/(dashboard)/dashboard/endpoint/EndpointPageClient.tsx(245,13): error TS17004: Cannot use JSX unless the '--jsx' flag is provided.
src/ai-gateway/app/(dashboard)/dashboard/endpoint/EndpointPageClient.tsx(246,15): error TS17004: Cannot use JSX unless the '--jsx' flag is provided.
src/ai-gateway/app/(dashboard)/dashboard/endpoint/EndpointPageClient.tsx(262,15): error TS17004: Cannot use JSX unless the '--jsx' flag is provided.
src/ai-gateway/app/(dashboard)/dashboard/endpoint/EndpointPageClient.tsx(278,15): error TS17004: Cannot use JSX unless the '--jsx' flag is provided.
src/ai-gateway/app/(dashboard)/dashboard/endpoint/EndpointPageClient.tsx(296,15): error TS17004: Cannot use JSX unless the '--jsx' flag is provided.
src/ai-gateway/app/(dashboard)/dashboard/endpoint/EndpointPageClient.tsx(312,15): error TS17004: Cannot use JSX unless the '--jsx' flag is provided.
src/ai-gateway/app/(dashboard)/dashboard/endpoint/EndpointPageClient.tsx(333,13): error TS17004: Cannot use JSX unless the '--jsx' flag is provided.
src/ai-gateway/app/(dashboard)/dashboard/endpoint/EndpointPageClient.tsx(334,15): error TS17004: Cannot use JSX unless the '--jsx' flag is provided.
src/ai-gateway/app/(dashboard)/dashboard/endpoint/EndpointPageClient.tsx(335,17): error TS17004: Cannot use JSX unless the '--jsx' flag is provided.
src/ai-gateway/app/(dashboard)/dashboard/endpoint/EndpointPageClient.tsx(338,17): error TS17004: Cannot use JSX unless the '--jsx' flag is provided.
src/ai-gateway/app/(dashboard)/dashboard/endpoint/EndpointPageClient.tsx(341,17): error TS17004: Cannot use JSX unless the '--jsx' flag is provided.
src/ai-gateway/app/(dashboard)/dashboard/endpoint/EndpointPageClient.tsx(343,15): error TS17004: Cannot use JSX unless the '--jsx' flag is provided.
src/ai-gateway/app/(dashboard)/dashboard/endpoint/EndpointPageClient.tsx(344,17): error TS17004: Cannot use JSX unless the '--jsx' flag is provided.
src/ai-gateway/app/(dashboard)/dashboard/endpoint/EndpointPageClient.tsx(372,11): error TS17004: Cannot use JSX unless the '--jsx' flag is provided.
src/ai-gateway/app/(dashboard)/dashboard/endpoint/EndpointPageClient.tsx(373,13): error TS17004: Cannot use JSX unless the '--jsx' flag is provided.
src/ai-gateway/app/(dashboard)/dashboard/endpoint/EndpointPageClient.tsx(374,15): error TS17004: Cannot use JSX unless the '--jsx' flag is provided.
src/ai-gateway/app/(dashboard)/dashboard/endpoint/EndpointPageClient.tsx(375,15): error TS17004: Cannot use JSX unless the '--jsx' flag is provided.
src/ai-gateway/app/(dashboard)/dashboard/endpoint/EndpointPageClient.tsx(378,15): error TS17004: Cannot use JSX unless the '--jsx' flag is provided.
src/ai-gateway/app/(dashboard)/dashboard/endpoint/EndpointPageClient.tsx(380,13): error TS17004: Cannot use JSX unless the '--jsx' flag is provided.
src/ai-gateway/app/(dashboard)/dashboard/endpoint/EndpointPageClient.tsx(381,15): error TS17004: Cannot use JSX unless the '--jsx' flag is provided.
src/ai-gateway/app/(dashboard)/dashboard/endpoint/EndpointPageClient.tsx(397,15): error TS17004: Cannot use JSX unless the '--jsx' flag is provided.
src/ai-gateway/app/(dashboard)/dashboard/endpoint/EndpointPageClient.tsx(413,15): error TS17004: Cannot use JSX unless the '--jsx' flag is provided.
src/ai-gateway/app/(dashboard)/dashboard/endpoint/EndpointPageClient.tsx(435,9): error TS17004: Cannot use JSX unless the '--jsx' flag is provided.
src/ai-gateway/app/(dashboard)/dashboard/endpoint/EndpointPageClient.tsx(438,7): error TS17004: Cannot use JSX unless the '--jsx' flag is provided.
src/ai-gateway/app/(dashboard)/dashboard/endpoint/EndpointPageClient.tsx(441,9): error TS17004: Cannot use JSX unless the '--jsx' flag is provided.
src/ai-gateway/app/(dashboard)/dashboard/endpoint/EndpointPageSections.tsx(4,23): error TS2307: Cannot find module 'prop-types' or its corresponding type declarations.
src/ai-gateway/app/(dashboard)/dashboard/endpoint/EndpointPageSections.tsx(5,23): error TS2307: Cannot find module '@/shared/components' or its corresponding type declarations.
src/ai-gateway/app/(dashboard)/dashboard/endpoint/EndpointPageSections.tsx(6,50): error TS2307: Cannot find module '@/shared/constants/providers' or its corresponding type declarations.
src/ai-gateway/app/(dashboard)/dashboard/endpoint/EndpointPageSections.tsx(7,33): error TS2307: Cannot find module 'next-intl' or its corresponding type declarations.
src/ai-gateway/app/(dashboard)/dashboard/endpoint/EndpointPageSections.tsx(70,7): error TS17004: Cannot use JSX unless the '--jsx' flag is provided.
src/ai-gateway/app/(dashboard)/dashboard/endpoint/EndpointPageSections.tsx(71,9): error TS17004: Cannot use JSX unless the '--jsx' flag is provided.
src/ai-gateway/app/(dashboard)/dashboard/endpoint/EndpointPageSections.tsx(72,11): error TS17004: Cannot use JSX unless the '--jsx' flag is provided.
src/ai-gateway/app/(dashboard)/dashboard/endpoint/EndpointPageSections.tsx(75,9): error TS17004: Cannot use JSX unless the '--jsx' flag is provided.
src/ai-gateway/app/(dashboard)/dashboard/endpoint/EndpointPageSections.tsx(79,15): error TS17004: Cannot use JSX unless the '--jsx' flag is provided.
src/ai-gateway/app/(dashboard)/dashboard/endpoint/EndpointPageSections.tsx(83,17): error TS17004: Cannot use JSX unless the '--jsx' flag is provided.
src/ai-gateway/app/(dashboard)/dashboard/endpoint/EndpointPageSections.tsx(85,19): error TS17004: Cannot use JSX unless the '--jsx' flag is provided.
src/ai-gateway/app/(dashboard)/dashboard/endpoint/EndpointPageSections.tsx(89,17): error TS17004: Cannot use JSX unless the '--jsx' flag is provided.
src/ai-gateway/app/(dashboard)/dashboard/endpoint/EndpointPageSections.tsx(94,19): error TS17004: Cannot use JSX unless the '--jsx' flag is provided.
src/ai-gateway/app/(dashboard)/dashboard/endpoint/EndpointPageSections.tsx(107,5): error TS17004: Cannot use JSX unless the '--jsx' flag is provided.
src/ai-gateway/app/(dashboard)/dashboard/endpoint/EndpointPageSections.tsx(112,7): error TS17004: Cannot use JSX unless the '--jsx' flag is provided.
src/ai-gateway/app/(dashboard)/dashboard/endpoint/EndpointPageSections.tsx(114,11): error TS17004: Cannot use JSX unless the '--jsx' flag is provided.
src/ai-gateway/app/(dashboard)/dashboard/endpoint/EndpointPageSections.tsx(116,11): error TS17004: Cannot use JSX unless the '--jsx' flag is provided.
src/ai-gateway/app/(dashboard)/dashboard/endpoint/EndpointPageSections.tsx(169,5): error TS17004: Cannot use JSX unless the '--jsx' flag is provided.
src/ai-gateway/app/(dashboard)/dashboard/endpoint/EndpointPageSections.tsx(170,7): error TS17004: Cannot use JSX unless the '--jsx' flag is provided.
src/ai-gateway/app/(dashboard)/dashboard/endpoint/EndpointPageSections.tsx(174,9): error TS17004: Cannot use JSX unless the '--jsx' flag is provided.
src/ai-gateway/app/(dashboard)/dashboard/endpoint/EndpointPageSections.tsx(175,11): error TS17004: Cannot use JSX unless the '--jsx' flag is provided.
src/ai-gateway/app/(dashboard)/dashboard/endpoint/EndpointPageSections.tsx(177,9): error TS17004: Cannot use JSX unless the '--jsx' flag is provided.
src/ai-gateway/app/(dashboard)/dashboard/endpoint/EndpointPageSections.tsx(178,11): error TS17004: Cannot use JSX unless the '--jsx' flag is provided.
src/ai-gateway/app/(dashboard)/dashboard/endpoint/EndpointPageSections.tsx(179,13): error TS17004: Cannot use JSX unless the '--jsx' flag is provided.
src/ai-gateway/app/(dashboard)/dashboard/endpoint/EndpointPageSections.tsx(180,13): error TS17004: Cannot use JSX unless the '--jsx' flag is provided.
src/ai-gateway/app/(dashboard)/dashboard/endpoint/EndpointPageSections.tsx(184,11): error TS17004: Cannot use JSX unless the '--jsx' flag is provided.
src/ai-gateway/app/(dashboard)/dashboard/endpoint/EndpointPageSections.tsx(186,9): error TS17004: Cannot use JSX unless the '--jsx' flag is provided.
src/ai-gateway/app/(dashboard)/dashboard/endpoint/EndpointPageSections.tsx(194,9): error TS17004: Cannot use JSX unless the '--jsx' flag is provided.
src/ai-gateway/app/(dashboard)/dashboard/endpoint/EndpointPageSections.tsx(195,11): error TS17004: Cannot use JSX unless the '--jsx' flag is provided.
src/ai-gateway/app/(dashboard)/dashboard/endpoint/EndpointPageSections.tsx(196,13): error TS17004: Cannot use JSX unless the '--jsx' flag is provided.
src/ai-gateway/app/(dashboard)/dashboard/endpoint/EndpointPageSections.tsx(199,13): error TS17004: Cannot use JSX unless the '--jsx' flag is provided.
src/ai-gateway/app/(dashboard)/dashboard/endpoint/EndpointPageSections.tsx(203,15): error TS17004: Cannot use JSX unless the '--jsx' flag is provided.
src/ai-gateway/app/(dashboard)/dashboard/endpoint/EndpointPageSections.tsx(209,11): error TS17004: Cannot use JSX unless the '--jsx' flag is provided.
src/ai-gateway/app/(dashboard)/dashboard/endpoint/EndpointPageSections.tsx(211,15): error TS17004: Cannot use JSX unless the '--jsx' flag is provided.
src/ai-gateway/app/(dashboard)/dashboard/endpoint/EndpointPageSections.tsx(212,17): error TS17004: Cannot use JSX unless the '--jsx' flag is provided.
src/ai-gateway/app/(dashboard)/dashboard/endpoint/EndpointPageSections.tsx(213,19): error TS17004: Cannot use JSX unless the '--jsx' flag is provided.
src/ai-gateway/app/(dashboard)/dashboard/endpoint/EndpointPageSections.tsx(217,19): error TS17004: Cannot use JSX unless the '--jsx' flag is provided.
src/ai-gateway/app/(dashboard)/dashboard/endpoint/EndpointPageSections.tsx(220,19): error TS17004: Cannot use JSX unless the '--jsx' flag is provided.
src/ai-gateway/app/(dashboard)/dashboard/endpoint/EndpointPageSections.tsx(222,17): error TS17004: Cannot use JSX unless the '--jsx' flag is provided.
src/ai-gateway/app/(dashboard)/dashboard/endpoint/EndpointPageSections.tsx(224,21): error TS17004: Cannot use JSX unless the '--jsx' flag is provided.
src/ai-gateway/app/(dashboard)/dashboard/endpoint/page.tsx(4,34): error TS2307: Cannot find module '@/shared/components' or its corresponding type declarations.
src/ai-gateway/app/(dashboard)/dashboard/endpoint/page.tsx(5,32): error TS6142: Module './EndpointPageClient' was resolved to 'C:/TESTES DEV/1_PROJETOS_ATIVOS/Zavorth/src/ai-gateway/app/(dashboard)/dashboard/endpoint/EndpointPageClient.tsx', but '--jsx' is not set.
src/ai-gateway/app/(dashboard)/dashboard/endpoint/page.tsx(6,30): error TS6142: Module './components/MCPDashboard' was resolved to 'C:/TESTES DEV/1_PROJETOS_ATIVOS/Zavorth/src/ai-gateway/app/(dashboard)/dashboard/endpoint/components/MCPDashboard.tsx', but '--jsx' is not set.
src/ai-gateway/app/(dashboard)/dashboard/endpoint/page.tsx(7,30): error TS6142: Module './components/A2ADashboard' was resolved to 'C:/TESTES DEV/1_PROJETOS_ATIVOS/Zavorth/src/ai-gateway/app/(dashboard)/dashboard/endpoint/components/A2ADashboard.tsx', but '--jsx' is not set.
src/ai-gateway/app/(dashboard)/dashboard/endpoint/page.tsx(8,29): error TS6142: Module './ApiEndpointsTab' was resolved to 'C:/TESTES DEV/1_PROJETOS_ATIVOS/Zavorth/src/ai-gateway/app/(dashboard)/dashboard/endpoint/ApiEndpointsTab.tsx', but '--jsx' is not set.
src/ai-gateway/app/(dashboard)/dashboard/endpoint/page.tsx(9,33): error TS2307: Cannot find module 'next-intl' or its corresponding type declarations.
src/ai-gateway/app/(dashboard)/dashboard/endpoint/page.tsx(10,33): error TS2307: Cannot find module '@/shared/utils/clipboard' or its corresponding type declarations.
src/ai-gateway/app/(dashboard)/dashboard/endpoint/page.tsx(34,5): error TS17004: Cannot use JSX unless the '--jsx' flag is provided.
src/ai-gateway/app/(dashboard)/dashboard/endpoint/page.tsx(35,7): error TS17004: Cannot use JSX unless the '--jsx' flag is provided.
src/ai-gateway/app/(dashboard)/dashboard/endpoint/page.tsx(55,9): error TS17004: Cannot use JSX unless the '--jsx' flag is provided.
src/ai-gateway/app/(dashboard)/dashboard/endpoint/page.tsx(69,7): error TS17004: Cannot use JSX unless the '--jsx' flag is provided.
src/ai-gateway/app/(dashboard)/dashboard/endpoint/page.tsx(81,9): error TS17004: Cannot use JSX unless the '--jsx' flag is provided.
src/ai-gateway/app/(dashboard)/dashboard/endpoint/page.tsx(90,7): error TS17004: Cannot use JSX unless the '--jsx' flag is provided.
src/ai-gateway/app/(dashboard)/dashboard/endpoint/page.tsx(129,5): error TS17004: Cannot use JSX unless the '--jsx' flag is provided.
src/ai-gateway/app/(dashboard)/dashboard/endpoint/page.tsx(133,7): error TS17004: Cannot use JSX unless the '--jsx' flag is provided.
src/ai-gateway/app/(dashboard)/dashboard/endpoint/page.tsx(134,9): error TS17004: Cannot use JSX unless the '--jsx' flag is provided.
src/ai-gateway/app/(dashboard)/dashboard/endpoint/page.tsx(140,9): error TS17004: Cannot use JSX unless the '--jsx' flag is provided.
src/ai-gateway/app/(dashboard)/dashboard/endpoint/page.tsx(145,7): error TS17004: Cannot use JSX unless the '--jsx' flag is provided.
src/ai-gateway/app/(dashboard)/dashboard/endpoint/page.tsx(147,11): error TS17004: Cannot use JSX unless the '--jsx' flag is provided.
src/ai-gateway/app/(dashboard)/dashboard/endpoint/page.tsx(162,13): error TS17004: Cannot use JSX unless the '--jsx' flag is provided.
src/ai-gateway/app/(dashboard)/dashboard/endpoint/page.tsx(170,13): error TS17004: Cannot use JSX unless the '--jsx' flag is provided.
src/ai-gateway/app/(dashboard)/dashboard/endpoint/page.tsx(178,7): error TS17004: Cannot use JSX unless the '--jsx' flag is provided.
src/ai-gateway/app/(dashboard)/dashboard/endpoint/page.tsx(182,9): error TS17004: Cannot use JSX unless the '--jsx' flag is provided.
src/ai-gateway/app/(dashboard)/dashboard/endpoint/page.tsx(188,9): error TS17004: Cannot use JSX unless the '--jsx' flag is provided.
src/ai-gateway/app/(dashboard)/dashboard/endpoint/page.tsx(192,11): error TS17004: Cannot use JSX unless the '--jsx' flag is provided.
src/ai-gateway/app/(dashboard)/dashboard/endpoint/page.tsx(336,5): error TS17004: Cannot use JSX unless the '--jsx' flag is provided.
src/ai-gateway/app/(dashboard)/dashboard/endpoint/page.tsx(337,7): error TS17004: Cannot use JSX unless the '--jsx' flag is provided.
src/ai-gateway/app/(dashboard)/dashboard/endpoint/page.tsx(338,9): error TS17004: Cannot use JSX unless the '--jsx' flag is provided.
src/ai-gateway/app/(dashboard)/dashboard/endpoint/page.tsx(350,11): error TS17004: Cannot use JSX unless the '--jsx' flag is provided.
src/ai-gateway/app/(dashboard)/dashboard/endpoint/page.tsx(359,11): error TS17004: Cannot use JSX unless the '--jsx' flag is provided.
src/ai-gateway/app/(dashboard)/dashboard/endpoint/page.tsx(371,9): error TS17004: Cannot use JSX unless the '--jsx' flag is provided.
src/ai-gateway/app/(dashboard)/dashboard/endpoint/page.tsx(379,42): error TS17004: Cannot use JSX unless the '--jsx' flag is provided.
src/ai-gateway/app/(dashboard)/dashboard/endpoint/page.tsx(380,31): error TS17004: Cannot use JSX unless the '--jsx' flag is provided.
src/ai-gateway/app/(dashboard)/dashboard/endpoint/page.tsx(381,31): error TS17004: Cannot use JSX unless the '--jsx' flag is provided.
src/ai-gateway/app/(dashboard)/dashboard/endpoint/page.tsx(382,41): error TS17004: Cannot use JSX unless the '--jsx' flag is provided.
src/ai-gateway/app/(dashboard)/dashboard/endpoint/useEndpointPageClient.ts(4,33): error TS2307: Cannot find module 'next-intl' or its corresponding type declarations.
src/ai-gateway/app/(dashboard)/dashboard/endpoint/useEndpointPageClient.ts(5,36): error TS2307: Cannot find module '@/shared/hooks/useCopyToClipboard' or its corresponding type declarations.
src/ai-gateway/app/(dashboard)/dashboard/endpoint/useEndpointPageClient.ts(379,47): error TS2339: Property 'phase' does not exist on type 'CloudflaredTunnelStatus'.
src/ai-gateway/app/(dashboard)/dashboard/expressive/ExpressiveChatPage.tsx(3,32): error TS2307: Cannot find module '@/shared/components/expressive/SparkIndicator' or its corresponding type declarations.
src/ai-gateway/app/(dashboard)/dashboard/expressive/ExpressiveChatPage.tsx(4,37): error TS2307: Cannot find module '@/shared/components/expressive/ExpressivePromptBar' or its corresponding type declarations.
src/ai-gateway/app/(dashboard)/dashboard/expressive/ExpressiveChatPage.tsx(5,44): error TS2307: Cannot find module '@/shared/components/expressive/ExpressiveResponseRenderer' or its corresponding type declarations.
src/ai-gateway/app/(dashboard)/dashboard/expressive/ExpressiveChatPage.tsx(6,32): error TS2307: Cannot find module '@/shared/components/expressive/useAgentStream' or its corresponding type declarations.
src/ai-gateway/app/(dashboard)/dashboard/expressive/ExpressiveChatPage.tsx(22,5): error TS17004: Cannot use JSX unless the '--jsx' flag is provided.
src/ai-gateway/app/(dashboard)/dashboard/expressive/ExpressiveChatPage.tsx(24,7): error TS17004: Cannot use JSX unless the '--jsx' flag is provided.
src/ai-gateway/app/(dashboard)/dashboard/expressive/ExpressiveChatPage.tsx(27,11): error TS17004: Cannot use JSX unless the '--jsx' flag is provided.
src/ai-gateway/app/(dashboard)/dashboard/expressive/ExpressiveChatPage.tsx(28,13): error TS17004: Cannot use JSX unless the '--jsx' flag is provided.
src/ai-gateway/app/(dashboard)/dashboard/expressive/ExpressiveChatPage.tsx(30,13): error TS17004: Cannot use JSX unless the '--jsx' flag is provided.
src/ai-gateway/app/(dashboard)/dashboard/expressive/ExpressiveChatPage.tsx(31,15): error TS17004: Cannot use JSX unless the '--jsx' flag is provided.
src/ai-gateway/app/(dashboard)/dashboard/expressive/ExpressiveChatPage.tsx(37,15): error TS17004: Cannot use JSX unless the '--jsx' flag is provided.
src/ai-gateway/app/(dashboard)/dashboard/expressive/ExpressiveChatPage.tsx(47,13): error TS17004: Cannot use JSX unless the '--jsx' flag is provided.
src/ai-gateway/app/(dashboard)/dashboard/expressive/ExpressiveChatPage.tsx(54,17): error TS17004: Cannot use JSX unless the '--jsx' flag is provided.
src/ai-gateway/app/(dashboard)/dashboard/expressive/ExpressiveChatPage.tsx(69,11): error TS17004: Cannot use JSX unless the '--jsx' flag is provided.
src/ai-gateway/app/(dashboard)/dashboard/expressive/ExpressiveChatPage.tsx(71,13): error TS17004: Cannot use JSX unless the '--jsx' flag is provided.
src/ai-gateway/app/(dashboard)/dashboard/expressive/ExpressiveChatPage.tsx(72,15): error TS17004: Cannot use JSX unless the '--jsx' flag is provided.
src/ai-gateway/app/(dashboard)/dashboard/expressive/ExpressiveChatPage.tsx(76,13): error TS17004: Cannot use JSX unless the '--jsx' flag is provided.
src/ai-gateway/app/(dashboard)/dashboard/expressive/ExpressiveChatPage.tsx(77,15): error TS17004: Cannot use JSX unless the '--jsx' flag is provided.
src/ai-gateway/app/(dashboard)/dashboard/expressive/ExpressiveChatPage.tsx(78,17): error TS17004: Cannot use JSX unless the '--jsx' flag is provided.
src/ai-gateway/app/(dashboard)/dashboard/expressive/ExpressiveChatPage.tsx(89,7): error TS17004: Cannot use JSX unless the '--jsx' flag is provided.
src/ai-gateway/app/(dashboard)/dashboard/expressive/page.tsx(1,32): error TS6142: Module './ExpressiveChatPage' was resolved to 'C:/TESTES DEV/1_PROJETOS_ATIVOS/Zavorth/src/ai-gateway/app/(dashboard)/dashboard/expressive/ExpressiveChatPage.tsx', but '--jsx' is not set.
src/ai-gateway/app/(dashboard)/dashboard/expressive/page.tsx(10,10): error TS17004: Cannot use JSX unless the '--jsx' flag is provided.
src/ai-gateway/app/(dashboard)/dashboard/health/health-page/HealthPageHeader.tsx(16,5): error TS17004: Cannot use JSX unless the '--jsx' flag is provided.
src/ai-gateway/app/(dashboard)/dashboard/health/health-page/HealthPageHeader.tsx(17,7): error TS17004: Cannot use JSX unless the '--jsx' flag is provided.
src/ai-gateway/app/(dashboard)/dashboard/health/health-page/HealthPageHeader.tsx(18,9): error TS17004: Cannot use JSX unless the '--jsx' flag is provided.
src/ai-gateway/app/(dashboard)/dashboard/health/health-page/HealthPageHeader.tsx(19,9): error TS17004: Cannot use JSX unless the '--jsx' flag is provided.
src/ai-gateway/app/(dashboard)/dashboard/health/health-page/HealthPageHeader.tsx(21,7): error TS17004: Cannot use JSX unless the '--jsx' flag is provided.
src/ai-gateway/app/(dashboard)/dashboard/health/health-page/HealthPageHeader.tsx(22,25): error TS17004: Cannot use JSX unless the '--jsx' flag is provided.
src/ai-gateway/app/(dashboard)/dashboard/health/health-page/HealthPageHeader.tsx(23,9): error TS17004: Cannot use JSX unless the '--jsx' flag is provided.
src/ai-gateway/app/(dashboard)/dashboard/health/health-page/HealthPageHeader.tsx(28,11): error TS17004: Cannot use JSX unless the '--jsx' flag is provided.
src/ai-gateway/app/(dashboard)/dashboard/health/health-page/HealthPageOverview.tsx(3,22): error TS2307: Cannot find module '@/shared/components' or its corresponding type declarations.
src/ai-gateway/app/(dashboard)/dashboard/health/health-page/HealthPageOverview.tsx(25,5): error TS17004: Cannot use JSX unless the '--jsx' flag is provided.
src/ai-gateway/app/(dashboard)/dashboard/health/health-page/HealthPageOverview.tsx(26,7): error TS17004: Cannot use JSX unless the '--jsx' flag is provided.
src/ai-gateway/app/(dashboard)/dashboard/health/health-page/HealthPageOverview.tsx(35,9): error TS17004: Cannot use JSX unless the '--jsx' flag is provided.
src/ai-gateway/app/(dashboard)/dashboard/health/health-page/HealthPageOverview.tsx(42,9): error TS17004: Cannot use JSX unless the '--jsx' flag is provided.
src/ai-gateway/app/(dashboard)/dashboard/health/health-page/HealthPageOverview.tsx(47,7): error TS17004: Cannot use JSX unless the '--jsx' flag is provided.
src/ai-gateway/app/(dashboard)/dashboard/health/health-page/HealthPageOverview.tsx(48,9): error TS17004: Cannot use JSX unless the '--jsx' flag is provided.
src/ai-gateway/app/(dashboard)/dashboard/health/health-page/HealthPageOverview.tsx(49,11): error TS17004: Cannot use JSX unless the '--jsx' flag is provided.
src/ai-gateway/app/(dashboard)/dashboard/health/health-page/HealthPageOverview.tsx(50,13): error TS17004: Cannot use JSX unless the '--jsx' flag is provided.
src/ai-gateway/app/(dashboard)/dashboard/health/health-page/HealthPageOverview.tsx(51,15): error TS17004: Cannot use JSX unless the '--jsx' flag is provided.
src/ai-gateway/app/(dashboard)/dashboard/health/health-page/HealthPageOverview.tsx(53,13): error TS17004: Cannot use JSX unless the '--jsx' flag is provided.
src/ai-gateway/app/(dashboard)/dashboard/health/health-page/HealthPageOverview.tsx(55,11): error TS17004: Cannot use JSX unless the '--jsx' flag is provided.
src/ai-gateway/app/(dashboard)/dashboard/health/health-page/HealthPageOverview.tsx(58,9): error TS17004: Cannot use JSX unless the '--jsx' flag is provided.
src/ai-gateway/app/(dashboard)/dashboard/health/health-page/HealthPageOverview.tsx(59,11): error TS17004: Cannot use JSX unless the '--jsx' flag is provided.
src/ai-gateway/app/(dashboard)/dashboard/health/health-page/HealthPageOverview.tsx(60,13): error TS17004: Cannot use JSX unless the '--jsx' flag is provided.
src/ai-gateway/app/(dashboard)/dashboard/health/health-page/HealthPageOverview.tsx(61,15): error TS17004: Cannot use JSX unless the '--jsx' flag is provided.
src/ai-gateway/app/(dashboard)/dashboard/health/health-page/HealthPageOverview.tsx(63,13): error TS17004: Cannot use JSX unless the '--jsx' flag is provided.
src/ai-gateway/app/(dashboard)/dashboard/health/health-page/HealthPageOverview.tsx(65,11): error TS17004: Cannot use JSX unless the '--jsx' flag is provided.
src/ai-gateway/app/(dashboard)/dashboard/health/health-page/HealthPageOverview.tsx(66,11): error TS17004: Cannot use JSX unless the '--jsx' flag is provided.
src/ai-gateway/app/(dashboard)/dashboard/health/health-page/HealthPageOverview.tsx(71,9): error TS17004: Cannot use JSX unless the '--jsx' flag is provided.
src/ai-gateway/app/(dashboard)/dashboard/health/health-page/HealthPageOverview.tsx(72,11): error TS17004: Cannot use JSX unless the '--jsx' flag is provided.
src/ai-gateway/app/(dashboard)/dashboard/health/health-page/HealthPageOverview.tsx(73,13): error TS17004: Cannot use JSX unless the '--jsx' flag is provided.
src/ai-gateway/app/(dashboard)/dashboard/health/health-page/HealthPageOverview.tsx(74,15): error TS17004: Cannot use JSX unless the '--jsx' flag is provided.
src/ai-gateway/app/(dashboard)/dashboard/health/health-page/HealthPageOverview.tsx(76,13): error TS17004: Cannot use JSX unless the '--jsx' flag is provided.
src/ai-gateway/app/(dashboard)/dashboard/health/health-page/HealthPageOverview.tsx(78,11): error TS17004: Cannot use JSX unless the '--jsx' flag is provided.
src/ai-gateway/app/(dashboard)/dashboard/health/health-page/HealthPageOverview.tsx(81,11): error TS17004: Cannot use JSX unless the '--jsx' flag is provided.
src/ai-gateway/app/(dashboard)/dashboard/health/health-page/HealthPageOverview.tsx(87,9): error TS17004: Cannot use JSX unless the '--jsx' flag is provided.
src/ai-gateway/app/(dashboard)/dashboard/health/health-page/HealthPageOverview.tsx(88,11): error TS17004: Cannot use JSX unless the '--jsx' flag is provided.
src/ai-gateway/app/(dashboard)/dashboard/health/health-page/HealthPageOverview.tsx(89,13): error TS17004: Cannot use JSX unless the '--jsx' flag is provided.
src/ai-gateway/app/(dashboard)/dashboard/health/health-page/HealthPageOverview.tsx(90,15): error TS17004: Cannot use JSX unless the '--jsx' flag is provided.
src/ai-gateway/app/(dashboard)/dashboard/health/health-page/HealthPageOverview.tsx(92,13): error TS17004: Cannot use JSX unless the '--jsx' flag is provided.
src/ai-gateway/app/(dashboard)/dashboard/health/health-page/HealthPageOverview.tsx(94,11): error TS17004: Cannot use JSX unless the '--jsx' flag is provided.
src/ai-gateway/app/(dashboard)/dashboard/health/health-page/HealthPageOverview.tsx(97,11): error TS17004: Cannot use JSX unless the '--jsx' flag is provided.
src/ai-gateway/app/(dashboard)/dashboard/health/health-page/HealthPageOverview.tsx(102,13): error TS17004: Cannot use JSX unless the '--jsx' flag is provided.
src/ai-gateway/app/(dashboard)/dashboard/health/health-page/HealthPageOverview.tsx(106,11): error TS17004: Cannot use JSX unless the '--jsx' flag is provided.
src/ai-gateway/app/(dashboard)/dashboard/health/health-page/HealthPageOverview.tsx(111,13): error TS17004: Cannot use JSX unless the '--jsx' flag is provided.
src/ai-gateway/app/(dashboard)/dashboard/health/health-page/HealthPageOverview.tsx(115,11): error TS17004: Cannot use JSX unless the '--jsx' flag is provided.
src/ai-gateway/app/(dashboard)/dashboard/health/health-page/HealthPageOverview.tsx(120,13): error TS17004: Cannot use JSX unless the '--jsx' flag is provided.
src/ai-gateway/app/(dashboard)/dashboard/health/health-page/HealthPageOverview.tsx(128,9): error TS17004: Cannot use JSX unless the '--jsx' flag is provided.
src/ai-gateway/app/(dashboard)/dashboard/health/health-page/HealthPageOverview.tsx(129,11): error TS17004: Cannot use JSX unless the '--jsx' flag is provided.
src/ai-gateway/app/(dashboard)/dashboard/health/health-page/HealthPageOverview.tsx(130,13): error TS17004: Cannot use JSX unless the '--jsx' flag is provided.
src/ai-gateway/app/(dashboard)/dashboard/health/health-page/HealthPageOverview.tsx(131,15): error TS17004: Cannot use JSX unless the '--jsx' flag is provided.
src/ai-gateway/app/(dashboard)/dashboard/health/health-page/HealthPageOverview.tsx(134,13): error TS17004: Cannot use JSX unless the '--jsx' flag is provided.
src/ai-gateway/app/(dashboard)/dashboard/health/health-page/HealthPageOverview.tsx(135,15): error TS17004: Cannot use JSX unless the '--jsx' flag is provided.
src/ai-gateway/app/(dashboard)/dashboard/health/health-page/HealthPageOverview.tsx(138,15): error TS17004: Cannot use JSX unless the '--jsx' flag is provided.
src/ai-gateway/app/(dashboard)/dashboard/health/health-page/HealthPageOverview.tsx(141,15): error TS17004: Cannot use JSX unless the '--jsx' flag is provided.
src/ai-gateway/app/(dashboard)/dashboard/health/health-page/HealthPageOverview.tsx(144,15): error TS17004: Cannot use JSX unless the '--jsx' flag is provided.
src/ai-gateway/app/(dashboard)/dashboard/health/health-page/HealthPageOverview.tsx(149,11): error TS17004: Cannot use JSX unless the '--jsx' flag is provided.
src/ai-gateway/app/(dashboard)/dashboard/health/health-page/HealthPageOverview.tsx(168,17): error TS17004: Cannot use JSX unless the '--jsx' flag is provided.
src/ai-gateway/app/(dashboard)/dashboard/health/health-page/HealthPageOverview.tsx(169,19): error TS17004: Cannot use JSX unless the '--jsx' flag is provided.
src/ai-gateway/app/(dashboard)/dashboard/health/health-page/HealthPageOverview.tsx(170,21): error TS17004: Cannot use JSX unless the '--jsx' flag is provided.
src/ai-gateway/app/(dashboard)/dashboard/health/health-page/HealthPageOverview.tsx(171,23): error TS17004: Cannot use JSX unless the '--jsx' flag is provided.
src/ai-gateway/app/(dashboard)/dashboard/health/health-page/HealthPageOverview.tsx(174,21): error TS17004: Cannot use JSX unless the '--jsx' flag is provided.
src/ai-gateway/app/(dashboard)/dashboard/health/health-page/HealthPageOverview.tsx(178,19): error TS17004: Cannot use JSX unless the '--jsx' flag is provided.
src/ai-gateway/app/(dashboard)/dashboard/health/health-page/HealthPageOverview.tsx(180,21): error TS17004: Cannot use JSX unless the '--jsx' flag is provided.
src/ai-gateway/app/(dashboard)/dashboard/health/health-page/HealthPageOverview.tsx(187,19): error TS17004: Cannot use JSX unless the '--jsx' flag is provided.
src/ai-gateway/app/(dashboard)/dashboard/health/health-page/HealthPageOverview.tsx(197,7): error TS17004: Cannot use JSX unless the '--jsx' flag is provided.
src/ai-gateway/app/(dashboard)/dashboard/health/health-page/HealthPageOverview.tsx(198,9): error TS17004: Cannot use JSX unless the '--jsx' flag is provided.
src/ai-gateway/app/(dashboard)/dashboard/health/health-page/HealthPageOverview.tsx(199,11): error TS17004: Cannot use JSX unless the '--jsx' flag is provided.
src/ai-gateway/app/(dashboard)/dashboard/health/health-page/HealthPageOverview.tsx(200,13): error TS17004: Cannot use JSX unless the '--jsx' flag is provided.
src/ai-gateway/app/(dashboard)/dashboard/health/health-page/HealthPageOverview.tsx(204,13): error TS17004: Cannot use JSX unless the '--jsx' flag is provided.
src/ai-gateway/app/(dashboard)/dashboard/health/health-page/HealthPageOverview.tsx(205,15): error TS17004: Cannot use JSX unless the '--jsx' flag is provided.
src/ai-gateway/app/(dashboard)/dashboard/health/health-page/HealthPageOverview.tsx(206,17): error TS17004: Cannot use JSX unless the '--jsx' flag is provided.
src/ai-gateway/app/(dashboard)/dashboard/health/health-page/HealthPageOverview.tsx(207,17): error TS17004: Cannot use JSX unless the '--jsx' flag is provided.
src/ai-gateway/app/(dashboard)/dashboard/health/health-page/HealthPageOverview.tsx(209,15): error TS17004: Cannot use JSX unless the '--jsx' flag is provided.
src/ai-gateway/app/(dashboard)/dashboard/health/health-page/HealthPageOverview.tsx(210,17): error TS17004: Cannot use JSX unless the '--jsx' flag is provided.
src/ai-gateway/app/(dashboard)/dashboard/health/health-page/HealthPageOverview.tsx(211,17): error TS17004: Cannot use JSX unless the '--jsx' flag is provided.
src/ai-gateway/app/(dashboard)/dashboard/health/health-page/HealthPageOverview.tsx(213,15): error TS17004: Cannot use JSX unless the '--jsx' flag is provided.
src/ai-gateway/app/(dashboard)/dashboard/health/health-page/HealthPageOverview.tsx(214,17): error TS17004: Cannot use JSX unless the '--jsx' flag is provided.
src/ai-gateway/app/(dashboard)/dashboard/health/health-page/HealthPageOverview.tsx(215,17): error TS17004: Cannot use JSX unless the '--jsx' flag is provided.
src/ai-gateway/app/(dashboard)/dashboard/health/health-page/HealthPageOverview.tsx(217,15): error TS17004: Cannot use JSX unless the '--jsx' flag is provided.
src/ai-gateway/app/(dashboard)/dashboard/health/health-page/HealthPageOverview.tsx(218,17): error TS17004: Cannot use JSX unless the '--jsx' flag is provided.
src/ai-gateway/app/(dashboard)/dashboard/health/health-page/HealthPageOverview.tsx(219,17): error TS17004: Cannot use JSX unless the '--jsx' flag is provided.
src/ai-gateway/app/(dashboard)/dashboard/health/health-page/HealthPageOverview.tsx(223,13): error TS17004: Cannot use JSX unless the '--jsx' flag is provided.
src/ai-gateway/app/(dashboard)/dashboard/health/health-page/HealthPageOverview.tsx(227,9): error TS17004: Cannot use JSX unless the '--jsx' flag is provided.
src/ai-gateway/app/(dashboard)/dashboard/health/health-page/HealthPageOverview.tsx(228,11): error TS17004: Cannot use JSX unless the '--jsx' flag is provided.
src/ai-gateway/app/(dashboard)/dashboard/health/health-page/HealthPageOverview.tsx(229,13): error TS17004: Cannot use JSX unless the '--jsx' flag is provided.
src/ai-gateway/app/(dashboard)/dashboard/health/health-page/HealthPageOverview.tsx(233,13): error TS17004: Cannot use JSX unless the '--jsx' flag is provided.
src/ai-gateway/app/(dashboard)/dashboard/health/health-page/HealthPageOverview.tsx(234,15): error TS17004: Cannot use JSX unless the '--jsx' flag is provided.
src/ai-gateway/app/(dashboard)/dashboard/health/health-page/HealthPageOverview.tsx(235,17): error TS17004: Cannot use JSX unless the '--jsx' flag is provided.
src/ai-gateway/app/(dashboard)/dashboard/health/health-page/HealthPageOverview.tsx(236,17): error TS17004: Cannot use JSX unless the '--jsx' flag is provided.
src/ai-gateway/app/(dashboard)/dashboard/health/health-page/HealthPageOverview.tsx(240,15): error TS17004: Cannot use JSX unless the '--jsx' flag is provided.
src/ai-gateway/app/(dashboard)/dashboard/health/health-page/HealthPageOverview.tsx(241,17): error TS17004: Cannot use JSX unless the '--jsx' flag is provided.
src/ai-gateway/app/(dashboard)/dashboard/health/health-page/HealthPageOverview.tsx(242,17): error TS17004: Cannot use JSX unless the '--jsx' flag is provided.
src/ai-gateway/app/(dashboard)/dashboard/health/health-page/HealthPageOverview.tsx(244,15): error TS17004: Cannot use JSX unless the '--jsx' flag is provided.
src/ai-gateway/app/(dashboard)/dashboard/health/health-page/HealthPageOverview.tsx(245,17): error TS17004: Cannot use JSX unless the '--jsx' flag is provided.
src/ai-gateway/app/(dashboard)/dashboard/health/health-page/HealthPageOverview.tsx(246,17): error TS17004: Cannot use JSX unless the '--jsx' flag is provided.
src/ai-gateway/app/(dashboard)/dashboard/health/health-page/HealthPageOverview.tsx(252,13): error TS17004: Cannot use JSX unless the '--jsx' flag is provided.
src/ai-gateway/app/(dashboard)/dashboard/health/health-page/HealthPageOverview.tsx(256,9): error TS17004: Cannot use JSX unless the '--jsx' flag is provided.
src/ai-gateway/app/(dashboard)/dashboard/health/health-page/HealthPageOverview.tsx(257,11): error TS17004: Cannot use JSX unless the '--jsx' flag is provided.
src/ai-gateway/app/(dashboard)/dashboard/health/health-page/HealthPageOverview.tsx(258,13): error TS17004: Cannot use JSX unless the '--jsx' flag is provided.
src/ai-gateway/app/(dashboard)/dashboard/health/health-page/HealthPageOverview.tsx(262,13): error TS17004: Cannot use JSX unless the '--jsx' flag is provided.
src/ai-gateway/app/(dashboard)/dashboard/health/health-page/HealthPageOverview.tsx(269,17): error TS17004: Cannot use JSX unless the '--jsx' flag is provided.
src/ai-gateway/app/(dashboard)/dashboard/health/health-page/HealthPageOverview.tsx(270,19): error TS17004: Cannot use JSX unless the '--jsx' flag is provided.
src/ai-gateway/app/(dashboard)/dashboard/health/health-page/HealthPageOverview.tsx(271,19): error TS17004: Cannot use JSX unless the '--jsx' flag is provided.
src/ai-gateway/app/(dashboard)/dashboard/health/health-page/HealthPageOverview.tsx(276,13): error TS17004: Cannot use JSX unless the '--jsx' flag is provided.
src/ai-gateway/app/(dashboard)/dashboard/health/health-page/HealthPageProviders.tsx(3,22): error TS2307: Cannot find module '@/shared/components' or its corresponding type declarations.
src/ai-gateway/app/(dashboard)/dashboard/health/health-page/HealthPageProviders.tsx(4,30): error TS2307: Cannot find module '@/shared/constants/providers' or its corresponding type declarations.
src/ai-gateway/app/(dashboard)/dashboard/health/health-page/HealthPageProviders.tsx(23,5): error TS17004: Cannot use JSX unless the '--jsx' flag is provided.
src/ai-gateway/app/(dashboard)/dashboard/health/health-page/HealthPageProviders.tsx(24,7): error TS17004: Cannot use JSX unless the '--jsx' flag is provided.
src/ai-gateway/app/(dashboard)/dashboard/health/health-page/HealthPageProviders.tsx(25,9): error TS17004: Cannot use JSX unless the '--jsx' flag is provided.
src/ai-gateway/app/(dashboard)/dashboard/health/health-page/HealthPageProviders.tsx(26,11): error TS17004: Cannot use JSX unless the '--jsx' flag is provided.
src/ai-gateway/app/(dashboard)/dashboard/health/health-page/HealthPageProviders.tsx(27,13): error TS17004: Cannot use JSX unless the '--jsx' flag is provided.
src/ai-gateway/app/(dashboard)/dashboard/health/health-page/HealthPageProviders.tsx(30,11): error TS17004: Cannot use JSX unless the '--jsx' flag is provided.
src/ai-gateway/app/(dashboard)/dashboard/health/health-page/HealthPageProviders.tsx(32,15): error TS17004: Cannot use JSX unless the '--jsx' flag is provided.
src/ai-gateway/app/(dashboard)/dashboard/health/health-page/HealthPageProviders.tsx(43,19): error TS17004: Cannot use JSX unless the '--jsx' flag is provided.
src/ai-gateway/app/(dashboard)/dashboard/health/health-page/HealthPageProviders.tsx(44,21): error TS17004: Cannot use JSX unless the '--jsx' flag is provided.
src/ai-gateway/app/(dashboard)/dashboard/health/health-page/HealthPageProviders.tsx(50,19): error TS17004: Cannot use JSX unless the '--jsx' flag is provided.
src/ai-gateway/app/(dashboard)/dashboard/health/health-page/HealthPageProviders.tsx(51,21): error TS17004: Cannot use JSX unless the '--jsx' flag is provided.
src/ai-gateway/app/(dashboard)/dashboard/health/health-page/HealthPageProviders.tsx(58,15): error TS17004: Cannot use JSX unless the '--jsx' flag is provided.
src/ai-gateway/app/(dashboard)/dashboard/health/health-page/HealthPageProviders.tsx(59,17): error TS17004: Cannot use JSX unless the '--jsx' flag is provided.
src/ai-gateway/app/(dashboard)/dashboard/health/health-page/HealthPageProviders.tsx(60,19): error TS17004: Cannot use JSX unless the '--jsx' flag is provided.
src/ai-gateway/app/(dashboard)/dashboard/health/health-page/HealthPageProviders.tsx(62,17): error TS17004: Cannot use JSX unless the '--jsx' flag is provided.
src/ai-gateway/app/(dashboard)/dashboard/health/health-page/HealthPageProviders.tsx(63,19): error TS17004: Cannot use JSX unless the '--jsx' flag is provided.
src/ai-gateway/app/(dashboard)/dashboard/health/health-page/HealthPageProviders.tsx(65,17): error TS17004: Cannot use JSX unless the '--jsx' flag is provided.
src/ai-gateway/app/(dashboard)/dashboard/health/health-page/HealthPageProviders.tsx(66,19): error TS17004: Cannot use JSX unless the '--jsx' flag is provided.
src/ai-gateway/app/(dashboard)/dashboard/health/health-page/HealthPageProviders.tsx(73,11): error TS17004: Cannot use JSX unless the '--jsx' flag is provided.
src/ai-gateway/app/(dashboard)/dashboard/health/health-page/HealthPageProviders.tsx(75,11): error TS17004: Cannot use JSX unless the '--jsx' flag is provided.
src/ai-gateway/app/(dashboard)/dashboard/health/health-page/HealthPageProviders.tsx(80,9): error TS17004: Cannot use JSX unless the '--jsx' flag is provided.
src/ai-gateway/app/(dashboard)/dashboard/health/health-page/HealthPageProviders.tsx(84,9): error TS17004: Cannot use JSX unless the '--jsx' flag is provided.
src/ai-gateway/app/(dashboard)/dashboard/health/health-page/HealthPageProviders.tsx(85,11): error TS17004: Cannot use JSX unless the '--jsx' flag is provided.
src/ai-gateway/app/(dashboard)/dashboard/health/health-page/HealthPageProviders.tsx(86,13): error TS17004: Cannot use JSX unless the '--jsx' flag is provided.
src/ai-gateway/app/(dashboard)/dashboard/health/health-page/HealthPageProviders.tsx(89,11): error TS17004: Cannot use JSX unless the '--jsx' flag is provided.
src/ai-gateway/app/(dashboard)/dashboard/health/health-page/HealthPageProviders.tsx(91,15): error TS17004: Cannot use JSX unless the '--jsx' flag is provided.
src/ai-gateway/app/(dashboard)/dashboard/health/health-page/HealthPageProviders.tsx(95,17): error TS17004: Cannot use JSX unless the '--jsx' flag is provided.
src/ai-gateway/app/(dashboard)/dashboard/health/health-page/HealthPageProviders.tsx(96,19): error TS17004: Cannot use JSX unless the '--jsx' flag is provided.
src/ai-gateway/app/(dashboard)/dashboard/health/health-page/HealthPageProviders.tsx(98,21): error TS17004: Cannot use JSX unless the '--jsx' flag is provided.
src/ai-gateway/app/(dashboard)/dashboard/health/health-page/HealthPageProviders.tsx(102,19): error TS17004: Cannot use JSX unless the '--jsx' flag is provided.
src/ai-gateway/app/(dashboard)/dashboard/health/health-page/HealthPageProviders.tsx(120,5): error TS17004: Cannot use JSX unless the '--jsx' flag is provided.
src/ai-gateway/app/(dashboard)/dashboard/health/health-page/HealthPageProviders.tsx(122,9): error TS17004: Cannot use JSX unless the '--jsx' flag is provided.
src/ai-gateway/app/(dashboard)/dashboard/health/health-page/HealthPageProviders.tsx(123,11): error TS17004: Cannot use JSX unless the '--jsx' flag is provided.
src/ai-gateway/app/(dashboard)/dashboard/health/health-page/HealthPageProviders.tsx(129,15): error TS17004: Cannot use JSX unless the '--jsx' flag is provided.
src/ai-gateway/app/(dashboard)/dashboard/health/health-page/HealthPageProviders.tsx(133,17): error TS17004: Cannot use JSX unless the '--jsx' flag is provided.
src/ai-gateway/app/(dashboard)/dashboard/health/health-page/HealthPageProviders.tsx(142,17): error TS17004: Cannot use JSX unless the '--jsx' flag is provided.
src/ai-gateway/app/(dashboard)/dashboard/health/health-page/HealthPageProviders.tsx(143,19): error TS17004: Cannot use JSX unless the '--jsx' flag is provided.
src/ai-gateway/app/(dashboard)/dashboard/health/health-page/HealthPageProviders.tsx(144,21): error TS17004: Cannot use JSX unless the '--jsx' flag is provided.
src/ai-gateway/app/(dashboard)/dashboard/health/health-page/HealthPageProviders.tsx(145,21): error TS17004: Cannot use JSX unless the '--jsx' flag is provided.
src/ai-gateway/app/(dashboard)/dashboard/health/health-page/HealthPageProviders.tsx(149,19): error TS17004: Cannot use JSX unless the '--jsx' flag is provided.
src/ai-gateway/app/(dashboard)/dashboard/health/health-page/HealthPageProviders.tsx(152,23): error TS17004: Cannot use JSX unless the '--jsx' flag is provided.
src/ai-gateway/app/(dashboard)/dashboard/health/health-page/HealthPageProviders.tsx(165,9): error TS17004: Cannot use JSX unless the '--jsx' flag is provided.
src/ai-gateway/app/(dashboard)/dashboard/health/health-page/HealthPageProviders.tsx(167,13): error TS17004: Cannot use JSX unless the '--jsx' flag is provided.
src/ai-gateway/app/(dashboard)/dashboard/health/health-page/HealthPageProviders.tsx(171,11): error TS17004: Cannot use JSX unless the '--jsx' flag is provided.
src/ai-gateway/app/(dashboard)/dashboard/health/health-page/HealthPageProviders.tsx(176,17): error TS17004: Cannot use JSX unless the '--jsx' flag is provided.
src/ai-gateway/app/(dashboard)/dashboard/health/health-page/HealthPageProviders.tsx(180,19): error TS17004: Cannot use JSX unless the '--jsx' flag is provided.
src/ai-gateway/app/(dashboard)/dashboard/health/health-page/HealthPageProviders.tsx(181,19): error TS17004: Cannot use JSX unless the '--jsx' flag is provided.
src/ai-gateway/app/(dashboard)/dashboard/health/health-page/HealthPageProviders.tsx(212,5): error TS17004: Cannot use JSX unless the '--jsx' flag is provided.
src/ai-gateway/app/(dashboard)/dashboard/health/health-page/HealthPageProviders.tsx(213,7): error TS17004: Cannot use JSX unless the '--jsx' flag is provided.
src/ai-gateway/app/(dashboard)/dashboard/health/health-page/HealthPageProviders.tsx(214,9): error TS17004: Cannot use JSX unless the '--jsx' flag is provided.
src/ai-gateway/app/(dashboard)/dashboard/health/health-page/HealthPageProviders.tsx(215,11): error TS17004: Cannot use JSX unless the '--jsx' flag is provided.
src/ai-gateway/app/(dashboard)/dashboard/health/health-page/HealthPageProviders.tsx(218,9): error TS17004: Cannot use JSX unless the '--jsx' flag is provided.
src/ai-gateway/app/(dashboard)/dashboard/health/health-page/HealthPageProviders.tsx(224,7): error TS17004: Cannot use JSX unless the '--jsx' flag is provided.
src/ai-gateway/app/(dashboard)/dashboard/health/health-page/HealthPageProviders.tsx(229,13): error TS17004: Cannot use JSX unless the '--jsx' flag is provided.
src/ai-gateway/app/(dashboard)/dashboard/health/health-page/HealthPageProviders.tsx(240,15): error TS17004: Cannot use JSX unless the '--jsx' flag is provided.
src/ai-gateway/app/(dashboard)/dashboard/health/health-page/HealthPageProviders.tsx(241,17): error TS17004: Cannot use JSX unless the '--jsx' flag is provided.
src/ai-gateway/app/(dashboard)/dashboard/health/health-page/HealthPageProviders.tsx(250,17): error TS17004: Cannot use JSX unless the '--jsx' flag is provided.
src/ai-gateway/app/(dashboard)/dashboard/health/health-page/HealthPageProviders.tsx(251,19): error TS17004: Cannot use JSX unless the '--jsx' flag is provided.
src/ai-gateway/app/(dashboard)/dashboard/health/health-page/HealthPageProviders.tsx(253,21): error TS17004: Cannot use JSX unless the '--jsx' flag is provided.
src/ai-gateway/app/(dashboard)/dashboard/health/health-page/HealthPageProviders.tsx(255,33): error TS17004: Cannot use JSX unless the '--jsx' flag is provided.
src/ai-gateway/app/(dashboard)/dashboard/health/health-page/HealthPageProviders.tsx(259,17): error TS17004: Cannot use JSX unless the '--jsx' flag is provided.
src/ai-gateway/app/(dashboard)/dashboard/health/health-page/HealthPageProviders.tsx(271,15): error TS17004: Cannot use JSX unless the '--jsx' flag is provided.
src/ai-gateway/app/(dashboard)/dashboard/health/health-page/HealthPageProviders.tsx(272,17): error TS17004: Cannot use JSX unless the '--jsx' flag is provided.
src/ai-gateway/app/(dashboard)/dashboard/health/health-page/HealthPageProviders.tsx(273,19): error TS17004: Cannot use JSX unless the '--jsx' flag is provided.
src/ai-gateway/app/(dashboard)/dashboard/health/health-page/HealthPageProviders.tsx(276,17): error TS17004: Cannot use JSX unless the '--jsx' flag is provided.
src/ai-gateway/app/(dashboard)/dashboard/health/health-page/HealthPageProviders.tsx(277,19): error TS17004: Cannot use JSX unless the '--jsx' flag is provided.
src/ai-gateway/app/(dashboard)/dashboard/health/page.tsx(3,33): error TS2307: Cannot find module 'next-intl' or its corresponding type declarations.
src/ai-gateway/app/(dashboard)/dashboard/health/page.tsx(4,34): error TS6142: Module './health-page/HealthPageHeader' was resolved to 'C:/TESTES DEV/1_PROJETOS_ATIVOS/Zavorth/src/ai-gateway/app/(dashboard)/dashboard/health/health-page/HealthPageHeader.tsx', but '--jsx' is not set.
src/ai-gateway/app/(dashboard)/dashboard/health/page.tsx(5,36): error TS6142: Module './health-page/HealthPageOverview' was resolved to 'C:/TESTES DEV/1_PROJETOS_ATIVOS/Zavorth/src/ai-gateway/app/(dashboard)/dashboard/health/health-page/HealthPageOverview.tsx', but '--jsx' is not set.
src/ai-gateway/app/(dashboard)/dashboard/health/page.tsx(6,37): error TS6142: Module './health-page/HealthPageProviders' was resolved to 'C:/TESTES DEV/1_PROJETOS_ATIVOS/Zavorth/src/ai-gateway/app/(dashboard)/dashboard/health/health-page/HealthPageProviders.tsx', but '--jsx' is not set.
src/ai-gateway/app/(dashboard)/dashboard/health/page.tsx(17,7): error TS17004: Cannot use JSX unless the '--jsx' flag is provided.
src/ai-gateway/app/(dashboard)/dashboard/health/page.tsx(18,9): error TS17004: Cannot use JSX unless the '--jsx' flag is provided.
src/ai-gateway/app/(dashboard)/dashboard/health/page.tsx(19,11): error TS17004: Cannot use JSX unless the '--jsx' flag is provided.
src/ai-gateway/app/(dashboard)/dashboard/health/page.tsx(20,11): error TS17004: Cannot use JSX unless the '--jsx' flag is provided.
src/ai-gateway/app/(dashboard)/dashboard/health/page.tsx(28,7): error TS17004: Cannot use JSX unless the '--jsx' flag is provided.
src/ai-gateway/app/(dashboard)/dashboard/health/page.tsx(29,9): error TS17004: Cannot use JSX unless the '--jsx' flag is provided.
src/ai-gateway/app/(dashboard)/dashboard/health/page.tsx(30,11): error TS17004: Cannot use JSX unless the '--jsx' flag is provided.
src/ai-gateway/app/(dashboard)/dashboard/health/page.tsx(31,11): error TS17004: Cannot use JSX unless the '--jsx' flag is provided.
src/ai-gateway/app/(dashboard)/dashboard/health/page.tsx(32,11): error TS17004: Cannot use JSX unless the '--jsx' flag is provided.
src/ai-gateway/app/(dashboard)/dashboard/health/page.tsx(48,5): error TS17004: Cannot use JSX unless the '--jsx' flag is provided.
src/ai-gateway/app/(dashboard)/dashboard/health/page.tsx(49,7): error TS17004: Cannot use JSX unless the '--jsx' flag is provided.
src/ai-gateway/app/(dashboard)/dashboard/health/page.tsx(62,7): error TS17004: Cannot use JSX unless the '--jsx' flag is provided.
src/ai-gateway/app/(dashboard)/dashboard/health/page.tsx(74,7): error TS17004: Cannot use JSX unless the '--jsx' flag is provided.
src/ai-gateway/app/(dashboard)/dashboard/home-page/ProviderModelsModal.tsx(4,33): error TS2307: Cannot find module 'next-intl' or its corresponding type declarations.
src/ai-gateway/app/(dashboard)/dashboard/home-page/ProviderModelsModal.tsx(5,23): error TS2307: Cannot find module 'prop-types' or its corresponding type declarations.
src/ai-gateway/app/(dashboard)/dashboard/home-page/ProviderModelsModal.tsx(6,27): error TS2307: Cannot find module 'next/navigation' or its corresponding type declarations.
src/ai-gateway/app/(dashboard)/dashboard/home-page/ProviderModelsModal.tsx(7,31): error TS2307: Cannot find module '@/shared/components' or its corresponding type declarations.
src/ai-gateway/app/(dashboard)/dashboard/home-page/ProviderModelsModal.tsx(8,38): error TS2307: Cannot find module '@/store/notificationStore' or its corresponding type declarations.
src/ai-gateway/app/(dashboard)/dashboard/home-page/ProviderModelsModal.tsx(9,33): error TS2307: Cannot find module '@/shared/utils/clipboard' or its corresponding type declarations.
src/ai-gateway/app/(dashboard)/dashboard/home-page/ProviderModelsModal.tsx(11,39): error TS7031: Binding element 'provider' implicitly has an 'any' type.
src/ai-gateway/app/(dashboard)/dashboard/home-page/ProviderModelsModal.tsx(11,49): error TS7031: Binding element 'models' implicitly has an 'any' type.
src/ai-gateway/app/(dashboard)/dashboard/home-page/ProviderModelsModal.tsx(11,57): error TS7031: Binding element 'onClose' implicitly has an 'any' type.
src/ai-gateway/app/(dashboard)/dashboard/home-page/ProviderModelsModal.tsx(19,23): error TS7006: Parameter 'path' implicitly has an 'any' type.
src/ai-gateway/app/(dashboard)/dashboard/home-page/ProviderModelsModal.tsx(24,29): error TS7006: Parameter 'text' implicitly has an 'any' type.
src/ai-gateway/app/(dashboard)/dashboard/home-page/ProviderModelsModal.tsx(32,5): error TS17004: Cannot use JSX unless the '--jsx' flag is provided.
src/ai-gateway/app/(dashboard)/dashboard/home-page/ProviderModelsModal.tsx(37,7): error TS17004: Cannot use JSX unless the '--jsx' flag is provided.
src/ai-gateway/app/(dashboard)/dashboard/home-page/ProviderModelsModal.tsx(38,9): error TS17004: Cannot use JSX unless the '--jsx' flag is provided.
src/ai-gateway/app/(dashboard)/dashboard/home-page/ProviderModelsModal.tsx(39,11): error TS17004: Cannot use JSX unless the '--jsx' flag is provided.
src/ai-gateway/app/(dashboard)/dashboard/home-page/ProviderModelsModal.tsx(44,13): error TS17004: Cannot use JSX unless the '--jsx' flag is provided.
src/ai-gateway/app/(dashboard)/dashboard/home-page/ProviderModelsModal.tsx(54,11): error TS17004: Cannot use JSX unless the '--jsx' flag is provided.
src/ai-gateway/app/(dashboard)/dashboard/home-page/ProviderModelsModal.tsx(55,13): error TS17004: Cannot use JSX unless the '--jsx' flag is provided.
src/ai-gateway/app/(dashboard)/dashboard/home-page/ProviderModelsModal.tsx(58,13): error TS17004: Cannot use JSX unless the '--jsx' flag is provided.
src/ai-gateway/app/(dashboard)/dashboard/home-page/ProviderModelsModal.tsx(59,13): error TS17004: Cannot use JSX unless the '--jsx' flag is provided.
src/ai-gateway/app/(dashboard)/dashboard/home-page/ProviderModelsModal.tsx(64,11): error TS17004: Cannot use JSX unless the '--jsx' flag is provided.
src/ai-gateway/app/(dashboard)/dashboard/home-page/ProviderModelsModal.tsx(65,26): error TS7006: Parameter 'model' implicitly has an 'any' type.
src/ai-gateway/app/(dashboard)/dashboard/home-page/ProviderModelsModal.tsx(66,15): error TS17004: Cannot use JSX unless the '--jsx' flag is provided.
src/ai-gateway/app/(dashboard)/dashboard/home-page/ProviderModelsModal.tsx(70,17): error TS17004: Cannot use JSX unless the '--jsx' flag is provided.
src/ai-gateway/app/(dashboard)/dashboard/home-page/ProviderModelsModal.tsx(71,19): error TS17004: Cannot use JSX unless the '--jsx' flag is provided.
src/ai-gateway/app/(dashboard)/dashboard/home-page/ProviderModelsModal.tsx(73,21): error TS17004: Cannot use JSX unless the '--jsx' flag is provided.
src/ai-gateway/app/(dashboard)/dashboard/home-page/ProviderModelsModal.tsx(78,17): error TS17004: Cannot use JSX unless the '--jsx' flag is provided.
src/ai-gateway/app/(dashboard)/dashboard/home-page/ProviderModelsModal.tsx(83,19): error TS17004: Cannot use JSX unless the '--jsx' flag is provided.
src/ai-gateway/app/(dashboard)/dashboard/home-page/ProviderModelsModal.tsx(92,9): error TS17004: Cannot use JSX unless the '--jsx' flag is provided.
src/ai-gateway/app/(dashboard)/dashboard/home-page/ProviderModelsModal.tsx(93,11): error TS17004: Cannot use JSX unless the '--jsx' flag is provided.
src/ai-gateway/app/(dashboard)/dashboard/home-page/ProviderModelsModal.tsx(100,13): error TS17004: Cannot use JSX unless the '--jsx' flag is provided.
src/ai-gateway/app/(dashboard)/dashboard/home-page/ProviderModelsModal.tsx(103,11): error TS17004: Cannot use JSX unless the '--jsx' flag is provided.
src/ai-gateway/app/(dashboard)/dashboard/home-page/ProviderOverviewCard.tsx(3,33): error TS2307: Cannot find module 'next-intl' or its corresponding type declarations.
src/ai-gateway/app/(dashboard)/dashboard/home-page/ProviderOverviewCard.tsx(4,23): error TS2307: Cannot find module 'prop-types' or its corresponding type declarations.
src/ai-gateway/app/(dashboard)/dashboard/home-page/ProviderOverviewCard.tsx(5,26): error TS2307: Cannot find module '@/shared/components/ProviderIcon' or its corresponding type declarations.
src/ai-gateway/app/(dashboard)/dashboard/home-page/ProviderOverviewCard.tsx(7,40): error TS7031: Binding element 'item' implicitly has an 'any' type.
src/ai-gateway/app/(dashboard)/dashboard/home-page/ProviderOverviewCard.tsx(7,46): error TS7031: Binding element 'metrics' implicitly has an 'any' type.
src/ai-gateway/app/(dashboard)/dashboard/home-page/ProviderOverviewCard.tsx(7,55): error TS7031: Binding element 'onClick' implicitly has an 'any' type.
src/ai-gateway/app/(dashboard)/dashboard/home-page/ProviderOverviewCard.tsx(19,20): error TS7053: Element implicitly has an 'any' type because expression of type 'any' can't be used to index type '{ free: { color: string; label: any; }; oauth: { color: string; label: any; }; apikey: { color: string; label: any; }; }'.
src/ai-gateway/app/(dashboard)/dashboard/home-page/ProviderOverviewCard.tsx(22,5): error TS17004: Cannot use JSX unless the '--jsx' flag is provided.
src/ai-gateway/app/(dashboard)/dashboard/home-page/ProviderOverviewCard.tsx(26,7): error TS17004: Cannot use JSX unless the '--jsx' flag is provided.
src/ai-gateway/app/(dashboard)/dashboard/home-page/ProviderOverviewCard.tsx(27,9): error TS17004: Cannot use JSX unless the '--jsx' flag is provided.
src/ai-gateway/app/(dashboard)/dashboard/home-page/ProviderOverviewCard.tsx(31,11): error TS17004: Cannot use JSX unless the '--jsx' flag is provided.
src/ai-gateway/app/(dashboard)/dashboard/home-page/ProviderOverviewCard.tsx(34,9): error TS17004: Cannot use JSX unless the '--jsx' flag is provided.
src/ai-gateway/app/(dashboard)/dashboard/home-page/ProviderOverviewCard.tsx(35,11): error TS17004: Cannot use JSX unless the '--jsx' flag is provided.
src/ai-gateway/app/(dashboard)/dashboard/home-page/ProviderOverviewCard.tsx(36,13): error TS17004: Cannot use JSX unless the '--jsx' flag is provided.
src/ai-gateway/app/(dashboard)/dashboard/home-page/ProviderOverviewCard.tsx(37,13): error TS17004: Cannot use JSX unless the '--jsx' flag is provided.
src/ai-gateway/app/(dashboard)/dashboard/home-page/ProviderOverviewCard.tsx(42,11): error TS17004: Cannot use JSX unless the '--jsx' flag is provided.
src/ai-gateway/app/(dashboard)/dashboard/home-page/ProviderOverviewCard.tsx(48,13): error TS17004: Cannot use JSX unless the '--jsx' flag is provided.
src/ai-gateway/app/(dashboard)/dashboard/home-page/ProviderOverviewCard.tsx(49,15): error TS17004: Cannot use JSX unless the '--jsx' flag is provided.
src/ai-gateway/app/(dashboard)/dashboard/home-page/ProviderOverviewCard.tsx(50,17): error TS17004: Cannot use JSX unless the '--jsx' flag is provided.
src/ai-gateway/app/(dashboard)/dashboard/home-page/ProviderOverviewCard.tsx(53,15): error TS17004: Cannot use JSX unless the '--jsx' flag is provided.
src/ai-gateway/app/(dashboard)/dashboard/home-page/ProviderOverviewCard.tsx(54,15): error TS17004: Cannot use JSX unless the '--jsx' flag is provided.
src/ai-gateway/app/(dashboard)/dashboard/home-page/ProviderOverviewCard.tsx(59,9): error TS17004: Cannot use JSX unless the '--jsx' flag is provided.
src/ai-gateway/app/(dashboard)/dashboard/home-page/ProviderOverviewCard.tsx(60,11): error TS17004: Cannot use JSX unless the '--jsx' flag is provided.
src/ai-gateway/app/(dashboard)/dashboard/home-page/ProviderOverviewCard.tsx(61,11): error TS17004: Cannot use JSX unless the '--jsx' flag is provided.
src/ai-gateway/app/(dashboard)/dashboard/home-page/UpdateProgressOverlay.tsx(3,24): error TS2307: Cannot find module '@/shared/components' or its corresponding type declarations.
src/ai-gateway/app/(dashboard)/dashboard/home-page/UpdateProgressOverlay.tsx(35,5): error TS17004: Cannot use JSX unless the '--jsx' flag is provided.
src/ai-gateway/app/(dashboard)/dashboard/home-page/UpdateProgressOverlay.tsx(36,7): error TS17004: Cannot use JSX unless the '--jsx' flag is provided.
src/ai-gateway/app/(dashboard)/dashboard/home-page/UpdateProgressOverlay.tsx(37,9): error TS17004: Cannot use JSX unless the '--jsx' flag is provided.
src/ai-gateway/app/(dashboard)/dashboard/home-page/UpdateProgressOverlay.tsx(38,11): error TS17004: Cannot use JSX unless the '--jsx' flag is provided.
src/ai-gateway/app/(dashboard)/dashboard/home-page/UpdateProgressOverlay.tsx(41,11): error TS17004: Cannot use JSX unless the '--jsx' flag is provided.
src/ai-gateway/app/(dashboard)/dashboard/home-page/UpdateProgressOverlay.tsx(42,13): error TS17004: Cannot use JSX unless the '--jsx' flag is provided.
src/ai-gateway/app/(dashboard)/dashboard/home-page/UpdateProgressOverlay.tsx(49,13): error TS17004: Cannot use JSX unless the '--jsx' flag is provided.
src/ai-gateway/app/(dashboard)/dashboard/home-page/UpdateProgressOverlay.tsx(59,9): error TS17004: Cannot use JSX unless the '--jsx' flag is provided.
src/ai-gateway/app/(dashboard)/dashboard/home-page/UpdateProgressOverlay.tsx(63,15): error TS17004: Cannot use JSX unless the '--jsx' flag is provided.
src/ai-gateway/app/(dashboard)/dashboard/home-page/UpdateProgressOverlay.tsx(76,19): error TS17004: Cannot use JSX unless the '--jsx' flag is provided.
src/ai-gateway/app/(dashboard)/dashboard/home-page/UpdateProgressOverlay.tsx(80,19): error TS17004: Cannot use JSX unless the '--jsx' flag is provided.
src/ai-gateway/app/(dashboard)/dashboard/home-page/UpdateProgressOverlay.tsx(84,19): error TS17004: Cannot use JSX unless the '--jsx' flag is provided.
src/ai-gateway/app/(dashboard)/dashboard/home-page/UpdateProgressOverlay.tsx(88,19): error TS17004: Cannot use JSX unless the '--jsx' flag is provided.
src/ai-gateway/app/(dashboard)/dashboard/home-page/UpdateProgressOverlay.tsx(92,17): error TS17004: Cannot use JSX unless the '--jsx' flag is provided.
src/ai-gateway/app/(dashboard)/dashboard/home-page/UpdateProgressOverlay.tsx(93,19): error TS17004: Cannot use JSX unless the '--jsx' flag is provided.
src/ai-gateway/app/(dashboard)/dashboard/home-page/UpdateProgressOverlay.tsx(94,19): error TS17004: Cannot use JSX unless the '--jsx' flag is provided.
src/ai-gateway/app/(dashboard)/dashboard/home-page/UpdateProgressOverlay.tsx(100,13): error TS17004: Cannot use JSX unless the '--jsx' flag is provided.
src/ai-gateway/app/(dashboard)/dashboard/home-page/UpdateProgressOverlay.tsx(101,15): error TS17004: Cannot use JSX unless the '--jsx' flag is provided.
src/ai-gateway/app/(dashboard)/dashboard/home-page/UpdateProgressOverlay.tsx(106,13): error TS17004: Cannot use JSX unless the '--jsx' flag is provided.
src/ai-gateway/app/(dashboard)/dashboard/home-page/UpdateProgressOverlay.tsx(107,15): error TS17004: Cannot use JSX unless the '--jsx' flag is provided.
src/ai-gateway/app/(dashboard)/dashboard/home-page/UpdateProgressOverlay.tsx(108,17): error TS17004: Cannot use JSX unless the '--jsx' flag is provided.
src/ai-gateway/app/(dashboard)/dashboard/home-page/UpdateProgressOverlay.tsx(111,15): error TS17004: Cannot use JSX unless the '--jsx' flag is provided.
src/ai-gateway/app/(dashboard)/dashboard/home-page/UpdateProgressOverlay.tsx(117,11): error TS17004: Cannot use JSX unless the '--jsx' flag is provided.
src/ai-gateway/app/(dashboard)/dashboard/home-page/UpdateProgressOverlay.tsx(118,13): error TS17004: Cannot use JSX unless the '--jsx' flag is provided.
src/ai-gateway/app/(dashboard)/dashboard/home-page/UpdateProgressOverlay.tsx(122,15): error TS17004: Cannot use JSX unless the '--jsx' flag is provided.
src/ai-gateway/app/(dashboard)/dashboard/HomePageClient.tsx(103,5): error TS17004: Cannot use JSX unless the '--jsx' flag is provided.
src/ai-gateway/app/(dashboard)/dashboard/HomePageClient.tsx(121,5): error TS17004: Cannot use JSX unless the '--jsx' flag is provided.
src/ai-gateway/app/(dashboard)/dashboard/HomePageClient.tsx(123,9): error TS17004: Cannot use JSX unless the '--jsx' flag is provided.
src/ai-gateway/app/(dashboard)/dashboard/HomePageClient.tsx(127,16): error TS17004: Cannot use JSX unless the '--jsx' flag is provided.
src/ai-gateway/app/(dashboard)/dashboard/HomePageClient.tsx(128,7): error TS17004: Cannot use JSX unless the '--jsx' flag is provided.
src/ai-gateway/app/(dashboard)/dashboard/HomePageClient.tsx(135,5): error TS17004: Cannot use JSX unless the '--jsx' flag is provided.
src/ai-gateway/app/(dashboard)/dashboard/HomePageClient.tsx(143,5): error TS17004: Cannot use JSX unless the '--jsx' flag is provided.
src/ai-gateway/app/(dashboard)/dashboard/HomePageClient.tsx(144,7): error TS17004: Cannot use JSX unless the '--jsx' flag is provided.
src/ai-gateway/app/(dashboard)/dashboard/HomePageClient.tsx(145,7): error TS17004: Cannot use JSX unless the '--jsx' flag is provided.
src/ai-gateway/app/(dashboard)/dashboard/HomePageClient.tsx(146,7): error TS17004: Cannot use JSX unless the '--jsx' flag is provided.
src/ai-gateway/app/(dashboard)/dashboard/HomePageClient.tsx(154,5): error TS17004: Cannot use JSX unless the '--jsx' flag is provided.
src/ai-gateway/app/(dashboard)/dashboard/HomePageClient.tsx(155,7): error TS17004: Cannot use JSX unless the '--jsx' flag is provided.
src/ai-gateway/app/(dashboard)/dashboard/HomePageClient.tsx(158,7): error TS17004: Cannot use JSX unless the '--jsx' flag is provided.
src/ai-gateway/app/(dashboard)/dashboard/HomePageClient.tsx(159,9): error TS17004: Cannot use JSX unless the '--jsx' flag is provided.
src/ai-gateway/app/(dashboard)/dashboard/HomePageClient.tsx(162,9): error TS17004: Cannot use JSX unless the '--jsx' flag is provided.
src/ai-gateway/app/(dashboard)/dashboard/HomePageClient.tsx(236,9): error TS17004: Cannot use JSX unless the '--jsx' flag is provided.
src/ai-gateway/app/(dashboard)/dashboard/HomePageClient.tsx(237,11): error TS17004: Cannot use JSX unless the '--jsx' flag is provided.
src/ai-gateway/app/(dashboard)/dashboard/HomePageClient.tsx(238,13): error TS17004: Cannot use JSX unless the '--jsx' flag is provided.
src/ai-gateway/app/(dashboard)/dashboard/HomePageClient.tsx(239,15): error TS17004: Cannot use JSX unless the '--jsx' flag is provided.
src/ai-gateway/app/(dashboard)/dashboard/HomePageClient.tsx(240,17): error TS17004: Cannot use JSX unless the '--jsx' flag is provided.
src/ai-gateway/app/(dashboard)/dashboard/HomePageClient.tsx(243,17): error TS17004: Cannot use JSX unless the '--jsx' flag is provided.
src/ai-gateway/app/(dashboard)/dashboard/HomePageClient.tsx(244,17): error TS17004: Cannot use JSX unless the '--jsx' flag is provided.
src/ai-gateway/app/(dashboard)/dashboard/HomePageClient.tsx(248,15): error TS17004: Cannot use JSX unless the '--jsx' flag is provided.
src/ai-gateway/app/(dashboard)/dashboard/HomePageClient.tsx(253,13): error TS17004: Cannot use JSX unless the '--jsx' flag is provided.
src/ai-gateway/app/(dashboard)/dashboard/HomePageClient.tsx(255,17): error TS17004: Cannot use JSX unless the '--jsx' flag is provided.
src/ai-gateway/app/(dashboard)/dashboard/HomePageClient.tsx(256,19): error TS17004: Cannot use JSX unless the '--jsx' flag is provided.
src/ai-gateway/app/(dashboard)/dashboard/HomePageClient.tsx(257,19): error TS17004: Cannot use JSX unless the '--jsx' flag is provided.
src/ai-gateway/app/(dashboard)/dashboard/HomePageClient.tsx(261,19): error TS17004: Cannot use JSX unless the '--jsx' flag is provided.
src/ai-gateway/app/(dashboard)/dashboard/HomePageClient.tsx(264,17): error TS17004: Cannot use JSX unless the '--jsx' flag is provided.
src/ai-gateway/app/(dashboard)/dashboard/HomePageClient.tsx(269,15): error TS17004: Cannot use JSX unless the '--jsx' flag is provided.
src/ai-gateway/app/(dashboard)/dashboard/HomePageClient.tsx(270,17): error TS17004: Cannot use JSX unless the '--jsx' flag is provided.
src/ai-gateway/app/(dashboard)/dashboard/HomePageClient.tsx(272,19): error TS17004: Cannot use JSX unless the '--jsx' flag is provided.
src/ai-gateway/app/(dashboard)/dashboard/HomePageClient.tsx(274,23): error TS17004: Cannot use JSX unless the '--jsx' flag is provided.
src/ai-gateway/app/(dashboard)/dashboard/HomePageClient.tsx(282,15): error TS17004: Cannot use JSX unless the '--jsx' flag is provided.
src/ai-gateway/app/(dashboard)/dashboard/HomePageClient.tsx(287,13): error TS17004: Cannot use JSX unless the '--jsx' flag is provided.
src/ai-gateway/app/(dashboard)/dashboard/HomePageClient.tsx(288,15): error TS17004: Cannot use JSX unless the '--jsx' flag is provided.
src/ai-gateway/app/(dashboard)/dashboard/HomePageClient.tsx(291,15): error TS17004: Cannot use JSX unless the '--jsx' flag is provided.
src/ai-gateway/app/(dashboard)/dashboard/HomePageClient.tsx(304,15): error TS17004: Cannot use JSX unless the '--jsx' flag is provided.
src/ai-gateway/app/(dashboard)/dashboard/HomePageClient.tsx(305,17): error TS17004: Cannot use JSX unless the '--jsx' flag is provided.
src/ai-gateway/app/(dashboard)/dashboard/HomePageClient.tsx(306,17): error TS17004: Cannot use JSX unless the '--jsx' flag is provided.
src/ai-gateway/app/(dashboard)/dashboard/HomePageClient.tsx(318,11): error TS17004: Cannot use JSX unless the '--jsx' flag is provided.
src/ai-gateway/app/(dashboard)/dashboard/HomePageClient.tsx(319,13): error TS17004: Cannot use JSX unless the '--jsx' flag is provided.
src/ai-gateway/app/(dashboard)/dashboard/HomePageClient.tsx(320,15): error TS17004: Cannot use JSX unless the '--jsx' flag is provided.
src/ai-gateway/app/(dashboard)/dashboard/HomePageClient.tsx(324,13): error TS17004: Cannot use JSX unless the '--jsx' flag is provided.
src/ai-gateway/app/(dashboard)/dashboard/HomePageClient.tsx(326,17): error TS17004: Cannot use JSX unless the '--jsx' flag is provided.
src/ai-gateway/app/(dashboard)/dashboard/HomePageClient.tsx(328,21): error TS17004: Cannot use JSX unless the '--jsx' flag is provided.
src/ai-gateway/app/(dashboard)/dashboard/HomePageClient.tsx(329,23): error TS17004: Cannot use JSX unless the '--jsx' flag is provided.
src/ai-gateway/app/(dashboard)/dashboard/HomePageClient.tsx(330,23): error TS17004: Cannot use JSX unless the '--jsx' flag is provided.
src/ai-gateway/app/(dashboard)/dashboard/HomePageClient.tsx(335,17): error TS17004: Cannot use JSX unless the '--jsx' flag is provided.
src/ai-gateway/app/(dashboard)/dashboard/HomePageClient.tsx(345,9): error TS17004: Cannot use JSX unless the '--jsx' flag is provided.
src/ai-gateway/app/(dashboard)/dashboard/HomePageClient.tsx(346,11): error TS17004: Cannot use JSX unless the '--jsx' flag is provided.
src/ai-gateway/app/(dashboard)/dashboard/HomePageClient.tsx(347,13): error TS17004: Cannot use JSX unless the '--jsx' flag is provided.
src/ai-gateway/app/(dashboard)/dashboard/HomePageClient.tsx(348,13): error TS17004: Cannot use JSX unless the '--jsx' flag is provided.
src/ai-gateway/app/(dashboard)/dashboard/HomePageClient.tsx(349,13): error TS17004: Cannot use JSX unless the '--jsx' flag is provided.
src/ai-gateway/app/(dashboard)/dashboard/HomePageClient.tsx(353,11): error TS17004: Cannot use JSX unless the '--jsx' flag is provided.
src/ai-gateway/app/(dashboard)/dashboard/HomePageClient.tsx(354,13): error TS17004: Cannot use JSX unless the '--jsx' flag is provided.
src/ai-gateway/app/(dashboard)/dashboard/HomePageClient.tsx(355,13): error TS17004: Cannot use JSX unless the '--jsx' flag is provided.
src/ai-gateway/app/(dashboard)/dashboard/HomePageClient.tsx(356,13): error TS17004: Cannot use JSX unless the '--jsx' flag is provided.
src/ai-gateway/app/(dashboard)/dashboard/HomePageClient.tsx(357,13): error TS17004: Cannot use JSX unless the '--jsx' flag is provided.
src/ai-gateway/app/(dashboard)/dashboard/HomePageClient.tsx(359,11): error TS17004: Cannot use JSX unless the '--jsx' flag is provided.
src/ai-gateway/app/(dashboard)/dashboard/HomePageClient.tsx(360,13): error TS17004: Cannot use JSX unless the '--jsx' flag is provided.
src/ai-gateway/app/(dashboard)/dashboard/HomePageClient.tsx(361,15): error TS17004: Cannot use JSX unless the '--jsx' flag is provided.
src/ai-gateway/app/(dashboard)/dashboard/HomePageClient.tsx(368,19): error TS17004: Cannot use JSX unless the '--jsx' flag is provided.
src/ai-gateway/app/(dashboard)/dashboard/HomePageClient.tsx(369,21): error TS17004: Cannot use JSX unless the '--jsx' flag is provided.
src/ai-gateway/app/(dashboard)/dashboard/HomePageClient.tsx(370,21): error TS17004: Cannot use JSX unless the '--jsx' flag is provided.
src/ai-gateway/app/(dashboard)/dashboard/HomePageClient.tsx(371,23): error TS17004: Cannot use JSX unless the '--jsx' flag is provided.
src/ai-gateway/app/(dashboard)/dashboard/HomePageClient.tsx(372,23): error TS17004: Cannot use JSX unless the '--jsx' flag is provided.
src/ai-gateway/app/(dashboard)/dashboard/HomePageClient.tsx(378,13): error TS17004: Cannot use JSX unless the '--jsx' flag is provided.
src/ai-gateway/app/(dashboard)/dashboard/HomePageClient.tsx(379,15): error TS17004: Cannot use JSX unless the '--jsx' flag is provided.
src/ai-gateway/app/(dashboard)/dashboard/HomePageClient.tsx(390,9): error TS17004: Cannot use JSX unless the '--jsx' flag is provided.
src/ai-gateway/app/(dashboard)/dashboard/HomePageClient.tsx(392,13): error TS17004: Cannot use JSX unless the '--jsx' flag is provided.
src/ai-gateway/app/(dashboard)/dashboard/HomePageClient.tsx(394,17): error TS17004: Cannot use JSX unless the '--jsx' flag is provided.
src/ai-gateway/app/(dashboard)/dashboard/HomePageClient.tsx(395,19): error TS17004: Cannot use JSX unless the '--jsx' flag is provided.
src/ai-gateway/app/(dashboard)/dashboard/HomePageClient.tsx(396,21): error TS17004: Cannot use JSX unless the '--jsx' flag is provided.
src/ai-gateway/app/(dashboard)/dashboard/HomePageClient.tsx(397,21): error TS17004: Cannot use JSX unless the '--jsx' flag is provided.
src/ai-gateway/app/(dashboard)/dashboard/HomePageClient.tsx(399,19): error TS17004: Cannot use JSX unless the '--jsx' flag is provided.
src/ai-gateway/app/(dashboard)/dashboard/HomePageClient.tsx(404,13): error TS17004: Cannot use JSX unless the '--jsx' flag is provided.
src/ai-gateway/app/(dashboard)/dashboard/HomePageClient.tsx(412,9): error TS17004: Cannot use JSX unless the '--jsx' flag is provided.
src/ai-gateway/app/(dashboard)/dashboard/HomePageClient.tsx(414,13): error TS17004: Cannot use JSX unless the '--jsx' flag is provided.
src/ai-gateway/app/(dashboard)/dashboard/HomePageClient.tsx(416,17): error TS17004: Cannot use JSX unless the '--jsx' flag is provided.
src/ai-gateway/app/(dashboard)/dashboard/HomePageClient.tsx(417,19): error TS17004: Cannot use JSX unless the '--jsx' flag is provided.
src/ai-gateway/app/(dashboard)/dashboard/HomePageClient.tsx(418,19): error TS17004: Cannot use JSX unless the '--jsx' flag is provided.
src/ai-gateway/app/(dashboard)/dashboard/HomePageClient.tsx(423,13): error TS17004: Cannot use JSX unless the '--jsx' flag is provided.
src/ai-gateway/app/(dashboard)/dashboard/HomePageClient.tsx(431,9): error TS17004: Cannot use JSX unless the '--jsx' flag is provided.
src/ai-gateway/app/(dashboard)/dashboard/HomePageClient.tsx(432,11): error TS17004: Cannot use JSX unless the '--jsx' flag is provided.
src/ai-gateway/app/(dashboard)/dashboard/HomePageClient.tsx(433,13): error TS17004: Cannot use JSX unless the '--jsx' flag is provided.
src/ai-gateway/app/(dashboard)/dashboard/HomePageClient.tsx(437,11): error TS17004: Cannot use JSX unless the '--jsx' flag is provided.
src/ai-gateway/app/(dashboard)/dashboard/HomePageClient.tsx(438,13): error TS17004: Cannot use JSX unless the '--jsx' flag is provided.
src/ai-gateway/app/(dashboard)/dashboard/HomePageClient.tsx(440,11): error TS17004: Cannot use JSX unless the '--jsx' flag is provided.
src/ai-gateway/app/(dashboard)/dashboard/HomePageClient.tsx(441,13): error TS17004: Cannot use JSX unless the '--jsx' flag is provided.
src/ai-gateway/app/(dashboard)/dashboard/HomePageClient.tsx(449,9): error TS17004: Cannot use JSX unless the '--jsx' flag is provided.
src/ai-gateway/app/(dashboard)/dashboard/HomePageClient.tsx(450,11): error TS17004: Cannot use JSX unless the '--jsx' flag is provided.
src/ai-gateway/app/(dashboard)/dashboard/HomePageClient.tsx(459,9): error TS17004: Cannot use JSX unless the '--jsx' flag is provided.
src/ai-gateway/app/(dashboard)/dashboard/HomePageClient.tsx(460,11): error TS17004: Cannot use JSX unless the '--jsx' flag is provided.
src/ai-gateway/app/(dashboard)/dashboard/HomePageClient.tsx(468,7): error TS17004: Cannot use JSX unless the '--jsx' flag is provided.
src/ai-gateway/app/(dashboard)/dashboard/HomePageClient.tsx(469,9): error TS17004: Cannot use JSX unless the '--jsx' flag is provided.
src/ai-gateway/app/(dashboard)/dashboard/HomePageClient.tsx(477,5): error TS17004: Cannot use JSX unless the '--jsx' flag is provided.
src/ai-gateway/app/(dashboard)/dashboard/HomePageClient.tsx(478,7): error TS17004: Cannot use JSX unless the '--jsx' flag is provided.
src/ai-gateway/app/(dashboard)/dashboard/HomePageClient.tsx(479,7): error TS17004: Cannot use JSX unless the '--jsx' flag is provided.
src/ai-gateway/app/(dashboard)/dashboard/HomePageClient.tsx(480,9): error TS17004: Cannot use JSX unless the '--jsx' flag is provided.
src/ai-gateway/app/(dashboard)/dashboard/HomePageClient.tsx(481,11): error TS17004: Cannot use JSX unless the '--jsx' flag is provided.
src/ai-gateway/app/(dashboard)/dashboard/HomePageClient.tsx(482,13): error TS17004: Cannot use JSX unless the '--jsx' flag is provided.
src/ai-gateway/app/(dashboard)/dashboard/HomePageClient.tsx(485,13): error TS17004: Cannot use JSX unless the '--jsx' flag is provided.
src/ai-gateway/app/(dashboard)/dashboard/HomePageClient.tsx(486,15): error TS17004: Cannot use JSX unless the '--jsx' flag is provided.
src/ai-gateway/app/(dashboard)/dashboard/HomePageClient.tsx(487,15): error TS17004: Cannot use JSX unless the '--jsx' flag is provided.
src/ai-gateway/app/(dashboard)/dashboard/HomePageClient.tsx(491,11): error TS17004: Cannot use JSX unless the '--jsx' flag is provided.
src/ai-gateway/app/(dashboard)/dashboard/HomePageClient.tsx(493,15): error TS17004: Cannot use JSX unless the '--jsx' flag is provided.
src/ai-gateway/app/(dashboard)/dashboard/HomePageClient.tsx(494,17): error TS17004: Cannot use JSX unless the '--jsx' flag is provided.
src/ai-gateway/app/(dashboard)/dashboard/HomePageClient.tsx(495,17): error TS17004: Cannot use JSX unless the '--jsx' flag is provided.
src/ai-gateway/app/(dashboard)/dashboard/HomePageClient.tsx(499,23): error TS17004: Cannot use JSX unless the '--jsx' flag is provided.
src/ai-gateway/app/(dashboard)/dashboard/HomePageClient.tsx(509,25): error TS17004: Cannot use JSX unless the '--jsx' flag is provided.
src/ai-gateway/app/(dashboard)/dashboard/HomePageClient.tsx(511,27): error TS17004: Cannot use JSX unless the '--jsx' flag is provided.
src/ai-gateway/app/(dashboard)/dashboard/HomePageClient.tsx(524,9): error TS17004: Cannot use JSX unless the '--jsx' flag is provided.
src/ai-gateway/app/(dashboard)/dashboard/HomePageClient.tsx(525,11): error TS17004: Cannot use JSX unless the '--jsx' flag is provided.
src/ai-gateway/app/(dashboard)/dashboard/HomePageClient.tsx(526,13): error TS17004: Cannot use JSX unless the '--jsx' flag is provided.
src/ai-gateway/app/(dashboard)/dashboard/HomePageClient.tsx(527,15): error TS17004: Cannot use JSX unless the '--jsx' flag is provided.
src/ai-gateway/app/(dashboard)/dashboard/HomePageClient.tsx(528,15): error TS17004: Cannot use JSX unless the '--jsx' flag is provided.
src/ai-gateway/app/(dashboard)/dashboard/HomePageClient.tsx(532,13): error TS17004: Cannot use JSX unless the '--jsx' flag is provided.
src/ai-gateway/app/(dashboard)/dashboard/HomePageClient.tsx(533,15): error TS17004: Cannot use JSX unless the '--jsx' flag is provided.
src/ai-gateway/app/(dashboard)/dashboard/HomePageClient.tsx(534,15): error TS17004: Cannot use JSX unless the '--jsx' flag is provided.
src/ai-gateway/app/(dashboard)/dashboard/limits/page.tsx(4,30): error TS2307: Cannot find module '@/shared/components' or its corresponding type declarations.
src/ai-gateway/app/(dashboard)/dashboard/limits/page.tsx(5,28): error TS6142: Module '../usage/components/ProviderLimits' was resolved to 'C:/TESTES DEV/1_PROJETOS_ATIVOS/Zavorth/src/ai-gateway/app/(dashboard)/dashboard/usage/components/ProviderLimits/index.tsx', but '--jsx' is not set.
src/ai-gateway/app/(dashboard)/dashboard/limits/page.tsx(6,29): error TS6142: Module '../usage/components/RateLimitStatus' was resolved to 'C:/TESTES DEV/1_PROJETOS_ATIVOS/Zavorth/src/ai-gateway/app/(dashboard)/dashboard/usage/components/RateLimitStatus.tsx', but '--jsx' is not set.
src/ai-gateway/app/(dashboard)/dashboard/limits/page.tsx(7,25): error TS6142: Module '../usage/components/SessionsTab' was resolved to 'C:/TESTES DEV/1_PROJETOS_ATIVOS/Zavorth/src/ai-gateway/app/(dashboard)/dashboard/usage/components/SessionsTab.tsx', but '--jsx' is not set.
src/ai-gateway/app/(dashboard)/dashboard/limits/page.tsx(11,5): error TS17004: Cannot use JSX unless the '--jsx' flag is provided.
src/ai-gateway/app/(dashboard)/dashboard/limits/page.tsx(12,7): error TS17004: Cannot use JSX unless the '--jsx' flag is provided.
src/ai-gateway/app/(dashboard)/dashboard/limits/page.tsx(12,27): error TS17004: Cannot use JSX unless the '--jsx' flag is provided.
src/ai-gateway/app/(dashboard)/dashboard/limits/page.tsx(13,9): error TS17004: Cannot use JSX unless the '--jsx' flag is provided.
src/ai-gateway/app/(dashboard)/dashboard/limits/page.tsx(15,7): error TS17004: Cannot use JSX unless the '--jsx' flag is provided.
src/ai-gateway/app/(dashboard)/dashboard/limits/page.tsx(16,7): error TS17004: Cannot use JSX unless the '--jsx' flag is provided.
src/ai-gateway/app/(dashboard)/dashboard/memory/page.tsx(4,52): error TS2307: Cannot find module '@/shared/components' or its corresponding type declarations.
src/ai-gateway/app/(dashboard)/dashboard/memory/page.tsx(5,33): error TS2307: Cannot find module 'next-intl' or its corresponding type declarations.
src/ai-gateway/app/(dashboard)/dashboard/memory/page.tsx(102,7): error TS17004: Cannot use JSX unless the '--jsx' flag is provided.
src/ai-gateway/app/(dashboard)/dashboard/memory/page.tsx(103,9): error TS17004: Cannot use JSX unless the '--jsx' flag is provided.
src/ai-gateway/app/(dashboard)/dashboard/memory/page.tsx(109,5): error TS17004: Cannot use JSX unless the '--jsx' flag is provided.
src/ai-gateway/app/(dashboard)/dashboard/memory/page.tsx(110,7): error TS17004: Cannot use JSX unless the '--jsx' flag is provided.
src/ai-gateway/app/(dashboard)/dashboard/memory/page.tsx(111,9): error TS17004: Cannot use JSX unless the '--jsx' flag is provided.
src/ai-gateway/app/(dashboard)/dashboard/memory/page.tsx(112,9): error TS17004: Cannot use JSX unless the '--jsx' flag is provided.
src/ai-gateway/app/(dashboard)/dashboard/memory/page.tsx(113,11): error TS17004: Cannot use JSX unless the '--jsx' flag is provided.
src/ai-gateway/app/(dashboard)/dashboard/memory/page.tsx(116,11): error TS17004: Cannot use JSX unless the '--jsx' flag is provided.
src/ai-gateway/app/(dashboard)/dashboard/memory/page.tsx(117,11): error TS17004: Cannot use JSX unless the '--jsx' flag is provided.
src/ai-gateway/app/(dashboard)/dashboard/memory/page.tsx(121,7): error TS17004: Cannot use JSX unless the '--jsx' flag is provided.
src/ai-gateway/app/(dashboard)/dashboard/memory/page.tsx(122,9): error TS17004: Cannot use JSX unless the '--jsx' flag is provided.
src/ai-gateway/app/(dashboard)/dashboard/memory/page.tsx(123,11): error TS17004: Cannot use JSX unless the '--jsx' flag is provided.
src/ai-gateway/app/(dashboard)/dashboard/memory/page.tsx(124,13): error TS17004: Cannot use JSX unless the '--jsx' flag is provided.
src/ai-gateway/app/(dashboard)/dashboard/memory/page.tsx(125,13): error TS17004: Cannot use JSX unless the '--jsx' flag is provided.
src/ai-gateway/app/(dashboard)/dashboard/memory/page.tsx(128,9): error TS17004: Cannot use JSX unless the '--jsx' flag is provided.
src/ai-gateway/app/(dashboard)/dashboard/memory/page.tsx(129,11): error TS17004: Cannot use JSX unless the '--jsx' flag is provided.
src/ai-gateway/app/(dashboard)/dashboard/memory/page.tsx(130,13): error TS17004: Cannot use JSX unless the '--jsx' flag is provided.
src/ai-gateway/app/(dashboard)/dashboard/memory/page.tsx(131,13): error TS17004: Cannot use JSX unless the '--jsx' flag is provided.
src/ai-gateway/app/(dashboard)/dashboard/memory/page.tsx(134,9): error TS17004: Cannot use JSX unless the '--jsx' flag is provided.
src/ai-gateway/app/(dashboard)/dashboard/memory/page.tsx(135,11): error TS17004: Cannot use JSX unless the '--jsx' flag is provided.
src/ai-gateway/app/(dashboard)/dashboard/memory/page.tsx(136,13): error TS17004: Cannot use JSX unless the '--jsx' flag is provided.
src/ai-gateway/app/(dashboard)/dashboard/memory/page.tsx(137,13): error TS17004: Cannot use JSX unless the '--jsx' flag is provided.
src/ai-gateway/app/(dashboard)/dashboard/memory/page.tsx(142,7): error TS17004: Cannot use JSX unless the '--jsx' flag is provided.
src/ai-gateway/app/(dashboard)/dashboard/memory/page.tsx(143,9): error TS17004: Cannot use JSX unless the '--jsx' flag is provided.
src/ai-gateway/app/(dashboard)/dashboard/memory/page.tsx(144,11): error TS17004: Cannot use JSX unless the '--jsx' flag is provided.
src/ai-gateway/app/(dashboard)/dashboard/memory/page.tsx(145,13): error TS17004: Cannot use JSX unless the '--jsx' flag is provided.
src/ai-gateway/app/(dashboard)/dashboard/memory/page.tsx(146,13): error TS17004: Cannot use JSX unless the '--jsx' flag is provided.
src/ai-gateway/app/(dashboard)/dashboard/memory/page.tsx(147,15): error TS17004: Cannot use JSX unless the '--jsx' flag is provided.
src/ai-gateway/app/(dashboard)/dashboard/memory/page.tsx(150,28): error TS7006: Parameter 'e' implicitly has an 'any' type.
src/ai-gateway/app/(dashboard)/dashboard/memory/page.tsx(153,15): error TS17004: Cannot use JSX unless the '--jsx' flag is provided.
src/ai-gateway/app/(dashboard)/dashboard/memory/page.tsx(153,53): error TS7006: Parameter 'e' implicitly has an 'any' type.
src/ai-gateway/app/(dashboard)/dashboard/memory/page.tsx(154,17): error TS17004: Cannot use JSX unless the '--jsx' flag is provided.
src/ai-gateway/app/(dashboard)/dashboard/memory/page.tsx(155,17): error TS17004: Cannot use JSX unless the '--jsx' flag is provided.
src/ai-gateway/app/(dashboard)/dashboard/memory/page.tsx(156,17): error TS17004: Cannot use JSX unless the '--jsx' flag is provided.
src/ai-gateway/app/(dashboard)/dashboard/memory/page.tsx(157,17): error TS17004: Cannot use JSX unless the '--jsx' flag is provided.
src/ai-gateway/app/(dashboard)/dashboard/memory/page.tsx(158,17): error TS17004: Cannot use JSX unless the '--jsx' flag is provided.
src/ai-gateway/app/(dashboard)/dashboard/memory/page.tsx(163,11): error TS17004: Cannot use JSX unless the '--jsx' flag is provided.
src/ai-gateway/app/(dashboard)/dashboard/memory/page.tsx(164,13): error TS17004: Cannot use JSX unless the '--jsx' flag is provided.
src/ai-gateway/app/(dashboard)/dashboard/memory/page.tsx(165,15): error TS17004: Cannot use JSX unless the '--jsx' flag is provided.
src/ai-gateway/app/(dashboard)/dashboard/memory/page.tsx(166,17): error TS17004: Cannot use JSX unless the '--jsx' flag is provided.
src/ai-gateway/app/(dashboard)/dashboard/memory/page.tsx(167,19): error TS17004: Cannot use JSX unless the '--jsx' flag is provided.
src/ai-gateway/app/(dashboard)/dashboard/memory/page.tsx(168,19): error TS17004: Cannot use JSX unless the '--jsx' flag is provided.
src/ai-gateway/app/(dashboard)/dashboard/memory/page.tsx(169,19): error TS17004: Cannot use JSX unless the '--jsx' flag is provided.
src/ai-gateway/app/(dashboard)/dashboard/memory/page.tsx(170,19): error TS17004: Cannot use JSX unless the '--jsx' flag is provided.
src/ai-gateway/app/(dashboard)/dashboard/memory/page.tsx(171,19): error TS17004: Cannot use JSX unless the '--jsx' flag is provided.
src/ai-gateway/app/(dashboard)/dashboard/memory/page.tsx(174,15): error TS17004: Cannot use JSX unless the '--jsx' flag is provided.
src/ai-gateway/app/(dashboard)/dashboard/memory/page.tsx(176,19): error TS17004: Cannot use JSX unless the '--jsx' flag is provided.
src/ai-gateway/app/(dashboard)/dashboard/memory/page.tsx(177,21): error TS17004: Cannot use JSX unless the '--jsx' flag is provided.
src/ai-gateway/app/(dashboard)/dashboard/memory/page.tsx(178,23): error TS17004: Cannot use JSX unless the '--jsx' flag is provided.
src/ai-gateway/app/(dashboard)/dashboard/memory/page.tsx(180,21): error TS17004: Cannot use JSX unless the '--jsx' flag is provided.
src/ai-gateway/app/(dashboard)/dashboard/memory/page.tsx(181,21): error TS17004: Cannot use JSX unless the '--jsx' flag is provided.
src/ai-gateway/app/(dashboard)/dashboard/memory/page.tsx(182,21): error TS17004: Cannot use JSX unless the '--jsx' flag is provided.
src/ai-gateway/app/(dashboard)/dashboard/memory/page.tsx(183,21): error TS17004: Cannot use JSX unless the '--jsx' flag is provided.
src/ai-gateway/app/(dashboard)/dashboard/memory/page.tsx(184,23): error TS17004: Cannot use JSX unless the '--jsx' flag is provided.
src/ai-gateway/app/(dashboard)/dashboard/onboarding/page.tsx(4,27): error TS2307: Cannot find module 'next/navigation' or its corresponding type declarations.
src/ai-gateway/app/(dashboard)/dashboard/onboarding/page.tsx(5,33): error TS2307: Cannot find module 'next-intl' or its corresponding type declarations.
src/ai-gateway/app/(dashboard)/dashboard/onboarding/page.tsx(76,33): error TS7006: Parameter 'apiPort' implicitly has an 'any' type.
src/ai-gateway/app/(dashboard)/dashboard/onboarding/page.tsx(124,46): error TS7006: Parameter 'family' implicitly has an 'any' type.
src/ai-gateway/app/(dashboard)/dashboard/onboarding/page.tsx(125,59): error TS7006: Parameter 'route' implicitly has an 'any' type.
src/ai-gateway/app/(dashboard)/dashboard/onboarding/page.tsx(126,58): error TS7006: Parameter 'model' implicitly has an 'any' type.
src/ai-gateway/app/(dashboard)/dashboard/onboarding/page.tsx(160,65): error TS2339: Property 'id' does not exist on type 'never'.
src/ai-gateway/app/(dashboard)/dashboard/onboarding/page.tsx(161,40): error TS2339: Property 'routes' does not exist on type 'never'.
src/ai-gateway/app/(dashboard)/dashboard/onboarding/page.tsx(162,44): error TS7006: Parameter 'route' implicitly has an 'any' type.
src/ai-gateway/app/(dashboard)/dashboard/onboarding/page.tsx(164,44): error TS7006: Parameter 'model' implicitly has an 'any' type.
src/ai-gateway/app/(dashboard)/dashboard/onboarding/page.tsx(234,31): error TS7053: Element implicitly has an 'any' type because expression of type 'any' can't be used to index type '{ openai: string; anthropic: string; claude: string; google: string; gemini: string; openrouter: string; groq: string; mistral: string; minimax: string; qwen: string; }'.
src/ai-gateway/app/(dashboard)/dashboard/onboarding/page.tsx(345,7): error TS17004: Cannot use JSX unless the '--jsx' flag is provided.
src/ai-gateway/app/(dashboard)/dashboard/onboarding/page.tsx(346,9): error TS17004: Cannot use JSX unless the '--jsx' flag is provided.
src/ai-gateway/app/(dashboard)/dashboard/onboarding/page.tsx(352,5): error TS17004: Cannot use JSX unless the '--jsx' flag is provided.
src/ai-gateway/app/(dashboard)/dashboard/onboarding/page.tsx(353,7): error TS17004: Cannot use JSX unless the '--jsx' flag is provided.
src/ai-gateway/app/(dashboard)/dashboard/onboarding/page.tsx(355,9): error TS17004: Cannot use JSX unless the '--jsx' flag is provided.
src/ai-gateway/app/(dashboard)/dashboard/onboarding/page.tsx(357,13): error TS17004: Cannot use JSX unless the '--jsx' flag is provided.
src/ai-gateway/app/(dashboard)/dashboard/onboarding/page.tsx(358,15): error TS17004: Cannot use JSX unless the '--jsx' flag is provided.
src/ai-gateway/app/(dashboard)/dashboard/onboarding/page.tsx(368,19): error TS17004: Cannot use JSX unless the '--jsx' flag is provided.
src/ai-gateway/app/(dashboard)/dashboard/onboarding/page.tsx(374,17): error TS17004: Cannot use JSX unless the '--jsx' flag is provided.
src/ai-gateway/app/(dashboard)/dashboard/onboarding/page.tsx(385,9): error TS17004: Cannot use JSX unless the '--jsx' flag is provided.
src/ai-gateway/app/(dashboard)/dashboard/onboarding/page.tsx(387,11): error TS17004: Cannot use JSX unless the '--jsx' flag is provided.
src/ai-gateway/app/(dashboard)/dashboard/onboarding/page.tsx(388,13): error TS17004: Cannot use JSX unless the '--jsx' flag is provided.
src/ai-gateway/app/(dashboard)/dashboard/onboarding/page.tsx(395,13): error TS17004: Cannot use JSX unless the '--jsx' flag is provided.
src/ai-gateway/app/(dashboard)/dashboard/onboarding/page.tsx(399,11): error TS17004: Cannot use JSX unless the '--jsx' flag is provided.
src/ai-gateway/app/(dashboard)/dashboard/onboarding/page.tsx(402,15): error TS17004: Cannot use JSX unless the '--jsx' flag is provided.
src/ai-gateway/app/(dashboard)/dashboard/onboarding/page.tsx(403,17): error TS17004: Cannot use JSX unless the '--jsx' flag is provided.
src/ai-gateway/app/(dashboard)/dashboard/onboarding/page.tsx(404,17): error TS17004: Cannot use JSX unless the '--jsx' flag is provided.
src/ai-gateway/app/(dashboard)/dashboard/onboarding/page.tsx(405,19): error TS17004: Cannot use JSX unless the '--jsx' flag is provided.
src/ai-gateway/app/(dashboard)/dashboard/onboarding/page.tsx(406,19): error TS17004: Cannot use JSX unless the '--jsx' flag is provided.
src/ai-gateway/app/(dashboard)/dashboard/onboarding/page.tsx(411,17): error TS17004: Cannot use JSX unless the '--jsx' flag is provided.
src/ai-gateway/app/(dashboard)/dashboard/onboarding/page.tsx(413,21): error TS17004: Cannot use JSX unless the '--jsx' flag is provided.
src/ai-gateway/app/(dashboard)/dashboard/onboarding/page.tsx(417,23): error TS17004: Cannot use JSX unless the '--jsx' flag is provided.
src/ai-gateway/app/(dashboard)/dashboard/onboarding/page.tsx(420,23): error TS17004: Cannot use JSX unless the '--jsx' flag is provided.
src/ai-gateway/app/(dashboard)/dashboard/onboarding/page.tsx(421,23): error TS17004: Cannot use JSX unless the '--jsx' flag is provided.
src/ai-gateway/app/(dashboard)/dashboard/onboarding/page.tsx(430,15): error TS17004: Cannot use JSX unless the '--jsx' flag is provided.
src/ai-gateway/app/(dashboard)/dashboard/onboarding/page.tsx(431,17): error TS17004: Cannot use JSX unless the '--jsx' flag is provided.
src/ai-gateway/app/(dashboard)/dashboard/onboarding/page.tsx(432,17): error TS17004: Cannot use JSX unless the '--jsx' flag is provided.
src/ai-gateway/app/(dashboard)/dashboard/onboarding/page.tsx(433,19): error TS17004: Cannot use JSX unless the '--jsx' flag is provided.
src/ai-gateway/app/(dashboard)/dashboard/onboarding/page.tsx(442,19): error TS17004: Cannot use JSX unless the '--jsx' flag is provided.
src/ai-gateway/app/(dashboard)/dashboard/onboarding/page.tsx(443,21): error TS17004: Cannot use JSX unless the '--jsx' flag is provided.
src/ai-gateway/app/(dashboard)/dashboard/onboarding/page.tsx(450,21): error TS17004: Cannot use JSX unless the '--jsx' flag is provided.
src/ai-gateway/app/(dashboard)/dashboard/onboarding/page.tsx(458,23): error TS17004: Cannot use JSX unless the '--jsx' flag is provided.
src/ai-gateway/app/(dashboard)/dashboard/onboarding/page.tsx(467,15): error TS17004: Cannot use JSX unless the '--jsx' flag is provided.
src/ai-gateway/app/(dashboard)/dashboard/onboarding/page.tsx(468,17): error TS17004: Cannot use JSX unless the '--jsx' flag is provided.
src/ai-gateway/app/(dashboard)/dashboard/onboarding/page.tsx(469,17): error TS17004: Cannot use JSX unless the '--jsx' flag is provided.
src/ai-gateway/app/(dashboard)/dashboard/onboarding/page.tsx(470,19): error TS17004: Cannot use JSX unless the '--jsx' flag is provided.
src/ai-gateway/app/(dashboard)/dashboard/onboarding/page.tsx(476,19): error TS17004: Cannot use JSX unless the '--jsx' flag is provided.
src/ai-gateway/app/(dashboard)/dashboard/onboarding/page.tsx(477,21): error TS17004: Cannot use JSX unless the '--jsx' flag is provided.
src/ai-gateway/app/(dashboard)/dashboard/onboarding/page.tsx(480,21): error TS17004: Cannot use JSX unless the '--jsx' flag is provided.
src/ai-gateway/app/(dashboard)/dashboard/onboarding/page.tsx(483,33): error TS17004: Cannot use JSX unless the '--jsx' flag is provided.
src/ai-gateway/app/(dashboard)/dashboard/onboarding/page.tsx(485,19): error TS17004: Cannot use JSX unless the '--jsx' flag is provided.
src/ai-gateway/app/(dashboard)/dashboard/onboarding/page.tsx(486,21): error TS17004: Cannot use JSX unless the '--jsx' flag is provided.
src/ai-gateway/app/(dashboard)/dashboard/onboarding/page.tsx(488,25): error TS17004: Cannot use JSX unless the '--jsx' flag is provided.
src/ai-gateway/app/(dashboard)/dashboard/onboarding/page.tsx(489,39): error TS2339: Property 'id' does not exist on type 'never'.
src/ai-gateway/app/(dashboard)/dashboard/onboarding/page.tsx(491,50): error TS2339: Property 'routes' does not exist on type 'never'.
src/ai-gateway/app/(dashboard)/dashboard/onboarding/page.tsx(491,64): error TS7006: Parameter 'entry' implicitly has an 'any' type.
src/ai-gateway/app/(dashboard)/dashboard/onboarding/page.tsx(491,97): error TS2339: Property 'routes' does not exist on type 'never'.
src/ai-gateway/app/(dashboard)/dashboard/onboarding/page.tsx(492,64): error TS7006: Parameter 'entry' implicitly has an 'any' type.
src/ai-gateway/app/(dashboard)/dashboard/onboarding/page.tsx(493,56): error TS2339: Property 'id' does not exist on type 'never'.
src/ai-gateway/app/(dashboard)/dashboard/onboarding/page.tsx(496,100): error TS2339: Property 'id' does not exist on type 'never'.
src/ai-gateway/app/(dashboard)/dashboard/onboarding/page.tsx(497,68): error TS2339: Property 'label' does not exist on type 'never'.
src/ai-gateway/app/(dashboard)/dashboard/onboarding/page.tsx(500,57): error TS2339: Property 'id' does not exist on type 'never'.
src/ai-gateway/app/(dashboard)/dashboard/onboarding/page.tsx(505,27): error TS17004: Cannot use JSX unless the '--jsx' flag is provided.
src/ai-gateway/app/(dashboard)/dashboard/onboarding/page.tsx(505,86): error TS2339: Property 'label' does not exist on type 'never'.
src/ai-gateway/app/(dashboard)/dashboard/onboarding/page.tsx(506,27): error TS17004: Cannot use JSX unless the '--jsx' flag is provided.
src/ai-gateway/app/(dashboard)/dashboard/onboarding/page.tsx(507,37): error TS2339: Property 'routes' does not exist on type 'never'.
src/ai-gateway/app/(dashboard)/dashboard/onboarding/page.tsx(507,76): error TS2339: Property 'ready' does not exist on type 'never'.
src/ai-gateway/app/(dashboard)/dashboard/onboarding/page.tsx(507,102): error TS2339: Property 'readiness' does not exist on type 'never'.
src/ai-gateway/app/(dashboard)/dashboard/onboarding/page.tsx(513,23): error TS17004: Cannot use JSX unless the '--jsx' flag is provided.
src/ai-gateway/app/(dashboard)/dashboard/onboarding/page.tsx(514,25): error TS17004: Cannot use JSX unless the '--jsx' flag is provided.
src/ai-gateway/app/(dashboard)/dashboard/onboarding/page.tsx(515,46): error TS7006: Parameter 'route' implicitly has an 'any' type.
src/ai-gateway/app/(dashboard)/dashboard/onboarding/page.tsx(516,29): error TS17004: Cannot use JSX unless the '--jsx' flag is provided.
src/ai-gateway/app/(dashboard)/dashboard/onboarding/page.tsx(519,67): error TS7006: Parameter 'entry' implicitly has an 'any' type.
src/ai-gateway/app/(dashboard)/dashboard/onboarding/page.tsx(531,31): error TS17004: Cannot use JSX unless the '--jsx' flag is provided.
src/ai-gateway/app/(dashboard)/dashboard/onboarding/page.tsx(532,33): error TS17004: Cannot use JSX unless the '--jsx' flag is provided.
src/ai-gateway/app/(dashboard)/dashboard/onboarding/page.tsx(533,33): error TS17004: Cannot use JSX unless the '--jsx' flag is provided.
src/ai-gateway/app/(dashboard)/dashboard/onboarding/page.tsx(537,31): error TS17004: Cannot use JSX unless the '--jsx' flag is provided.
src/ai-gateway/app/(dashboard)/dashboard/onboarding/page.tsx(544,27): error TS17004: Cannot use JSX unless the '--jsx' flag is provided.
src/ai-gateway/app/(dashboard)/dashboard/onboarding/page.tsx(549,48): error TS7006: Parameter 'model' implicitly has an 'any' type.
src/ai-gateway/app/(dashboard)/dashboard/onboarding/page.tsx(550,31): error TS17004: Cannot use JSX unless the '--jsx' flag is provided.
src/ai-gateway/app/(dashboard)/dashboard/onboarding/page.tsx(560,19): error TS17004: Cannot use JSX unless the '--jsx' flag is provided.
src/ai-gateway/app/(dashboard)/dashboard/onboarding/page.tsx(562,23): error TS17004: Cannot use JSX unless the '--jsx' flag is provided.
src/ai-gateway/app/(dashboard)/dashboard/onboarding/page.tsx(565,47): error TS2345: Argument of type 'string' is not assignable to parameter of type 'SetStateAction<null>'.
src/ai-gateway/app/(dashboard)/dashboard/onboarding/page.tsx(580,19): error TS17004: Cannot use JSX unless the '--jsx' flag is provided.
src/ai-gateway/app/(dashboard)/dashboard/onboarding/page.tsx(581,21): error TS17004: Cannot use JSX unless the '--jsx' flag is provided.
src/ai-gateway/app/(dashboard)/dashboard/onboarding/page.tsx(588,21): error TS17004: Cannot use JSX unless the '--jsx' flag is provided.
src/ai-gateway/app/(dashboard)/dashboard/onboarding/page.tsx(602,15): error TS17004: Cannot use JSX unless the '--jsx' flag is provided.
src/ai-gateway/app/(dashboard)/dashboard/onboarding/page.tsx(603,17): error TS17004: Cannot use JSX unless the '--jsx' flag is provided.
src/ai-gateway/app/(dashboard)/dashboard/onboarding/page.tsx(605,19): error TS17004: Cannot use JSX unless the '--jsx' flag is provided.
src/ai-gateway/app/(dashboard)/dashboard/onboarding/page.tsx(613,19): error TS17004: Cannot use JSX unless the '--jsx' flag is provided.
src/ai-gateway/app/(dashboard)/dashboard/onboarding/page.tsx(614,21): error TS17004: Cannot use JSX unless the '--jsx' flag is provided.
src/ai-gateway/app/(dashboard)/dashboard/onboarding/page.tsx(617,21): error TS17004: Cannot use JSX unless the '--jsx' flag is provided.
src/ai-gateway/app/(dashboard)/dashboard/onboarding/page.tsx(621,19): error TS17004: Cannot use JSX unless the '--jsx' flag is provided.
src/ai-gateway/app/(dashboard)/dashboard/onboarding/page.tsx(622,21): error TS17004: Cannot use JSX unless the '--jsx' flag is provided.
src/ai-gateway/app/(dashboard)/dashboard/onboarding/page.tsx(623,21): error TS17004: Cannot use JSX unless the '--jsx' flag is provided.
src/ai-gateway/app/(dashboard)/dashboard/onboarding/page.tsx(627,19): error TS17004: Cannot use JSX unless the '--jsx' flag is provided.
src/ai-gateway/app/(dashboard)/dashboard/onboarding/page.tsx(628,21): error TS17004: Cannot use JSX unless the '--jsx' flag is provided.
src/ai-gateway/app/(dashboard)/dashboard/onboarding/page.tsx(629,23): error TS17004: Cannot use JSX unless the '--jsx' flag is provided.
src/ai-gateway/app/(dashboard)/dashboard/onboarding/page.tsx(630,23): error TS17004: Cannot use JSX unless the '--jsx' flag is provided.
src/ai-gateway/app/(dashboard)/dashboard/onboarding/page.tsx(632,21): error TS17004: Cannot use JSX unless the '--jsx' flag is provided.
src/ai-gateway/app/(dashboard)/dashboard/onboarding/page.tsx(645,15): error TS17004: Cannot use JSX unless the '--jsx' flag is provided.
src/ai-gateway/app/(dashboard)/dashboard/onboarding/page.tsx(646,17): error TS17004: Cannot use JSX unless the '--jsx' flag is provided.
src/ai-gateway/app/(dashboard)/dashboard/onboarding/page.tsx(649,17): error TS17004: Cannot use JSX unless the '--jsx' flag is provided.
src/ai-gateway/app/(dashboard)/dashboard/onboarding/page.tsx(650,19): error TS17004: Cannot use JSX unless the '--jsx' flag is provided.
src/ai-gateway/app/(dashboard)/dashboard/onboarding/page.tsx(660,19): error TS17004: Cannot use JSX unless the '--jsx' flag is provided.
src/ai-gateway/app/(dashboard)/dashboard/onboarding/page.tsx(667,19): error TS17004: Cannot use JSX unless the '--jsx' flag is provided.
src/ai-gateway/app/(dashboard)/dashboard/onboarding/page.tsx(672,21): error TS17004: Cannot use JSX unless the '--jsx' flag is provided.
src/ai-gateway/app/(dashboard)/dashboard/onboarding/page.tsx(673,21): error TS17004: Cannot use JSX unless the '--jsx' flag is provided.
src/ai-gateway/app/(dashboard)/dashboard/onboarding/page.tsx(674,21): error TS17004: Cannot use JSX unless the '--jsx' flag is provided.
src/ai-gateway/app/(dashboard)/dashboard/onboarding/page.tsx(676,19): error TS17004: Cannot use JSX unless the '--jsx' flag is provided.
src/ai-gateway/app/(dashboard)/dashboard/onboarding/page.tsx(677,21): error TS17004: Cannot use JSX unless the '--jsx' flag is provided.
src/ai-gateway/app/(dashboard)/dashboard/onboarding/page.tsx(682,23): error TS17004: Cannot use JSX unless the '--jsx' flag is provided.
src/ai-gateway/app/(dashboard)/dashboard/onboarding/page.tsx(683,23): error TS17004: Cannot use JSX unless the '--jsx' flag is provided.
src/ai-gateway/app/(dashboard)/dashboard/onboarding/page.tsx(684,23): error TS17004: Cannot use JSX unless the '--jsx' flag is provided.
src/ai-gateway/app/(dashboard)/dashboard/onboarding/page.tsx(686,21): error TS17004: Cannot use JSX unless the '--jsx' flag is provided.
src/ai-gateway/app/(dashboard)/dashboard/onboarding/page.tsx(691,23): error TS17004: Cannot use JSX unless the '--jsx' flag is provided.
src/ai-gateway/app/(dashboard)/dashboard/onboarding/page.tsx(692,23): error TS17004: Cannot use JSX unless the '--jsx' flag is provided.
src/ai-gateway/app/(dashboard)/dashboard/onboarding/page.tsx(693,23): error TS17004: Cannot use JSX unless the '--jsx' flag is provided.
src/ai-gateway/app/(dashboard)/dashboard/onboarding/page.tsx(696,19): error TS17004: Cannot use JSX unless the '--jsx' flag is provided.
src/ai-gateway/app/(dashboard)/dashboard/onboarding/page.tsx(701,21): error TS17004: Cannot use JSX unless the '--jsx' flag is provided.
src/ai-gateway/app/(dashboard)/dashboard/onboarding/page.tsx(704,21): error TS17004: Cannot use JSX unless the '--jsx' flag is provided.
src/ai-gateway/app/(dashboard)/dashboard/onboarding/page.tsx(705,21): error TS17004: Cannot use JSX unless the '--jsx' flag is provided.
src/ai-gateway/app/(dashboard)/dashboard/onboarding/page.tsx(710,34): error TS17004: Cannot use JSX unless the '--jsx' flag is provided.
src/ai-gateway/app/(dashboard)/dashboard/onboarding/page.tsx(716,15): error TS17004: Cannot use JSX unless the '--jsx' flag is provided.
src/ai-gateway/app/(dashboard)/dashboard/onboarding/page.tsx(717,17): error TS17004: Cannot use JSX unless the '--jsx' flag is provided.
src/ai-gateway/app/(dashboard)/dashboard/onboarding/page.tsx(718,17): error TS17004: Cannot use JSX unless the '--jsx' flag is provided.
src/ai-gateway/app/(dashboard)/dashboard/onboarding/page.tsx(719,19): error TS17004: Cannot use JSX unless the '--jsx' flag is provided.
src/ai-gateway/app/(dashboard)/dashboard/onboarding/page.tsx(720,19): error TS17004: Cannot use JSX unless the '--jsx' flag is provided.
src/ai-gateway/app/(dashboard)/dashboard/onboarding/page.tsx(727,11): error TS17004: Cannot use JSX unless the '--jsx' flag is provided.
src/ai-gateway/app/(dashboard)/dashboard/onboarding/page.tsx(728,13): error TS17004: Cannot use JSX unless the '--jsx' flag is provided.
src/ai-gateway/app/(dashboard)/dashboard/onboarding/page.tsx(730,17): error TS17004: Cannot use JSX unless the '--jsx' flag is provided.
src/ai-gateway/app/(dashboard)/dashboard/onboarding/page.tsx(738,13): error TS17004: Cannot use JSX unless the '--jsx' flag is provided.
src/ai-gateway/app/(dashboard)/dashboard/onboarding/page.tsx(740,17): error TS17004: Cannot use JSX unless the '--jsx' flag is provided.
src/ai-gateway/app/(dashboard)/dashboard/onboarding/page.tsx(748,17): error TS17004: Cannot use JSX unless the '--jsx' flag is provided.
src/ai-gateway/app/(dashboard)/dashboard/onboarding/page.tsx(756,17): error TS17004: Cannot use JSX unless the '--jsx' flag is provided.
src/ai-gateway/app/(dashboard)/dashboard/onboarding/page.tsx(765,17): error TS17004: Cannot use JSX unless the '--jsx' flag is provided.
src/ai-gateway/app/(dashboard)/dashboard/onboarding/page.tsx(774,17): error TS17004: Cannot use JSX unless the '--jsx' flag is provided.
src/ai-gateway/app/(dashboard)/dashboard/onboarding/page.tsx(782,17): error TS17004: Cannot use JSX unless the '--jsx' flag is provided.
src/ai-gateway/app/(dashboard)/dashboard/onboarding/page.tsx(791,17): error TS17004: Cannot use JSX unless the '--jsx' flag is provided.
src/ai-gateway/app/(dashboard)/dashboard/onboarding/page.tsx(804,11): error TS17004: Cannot use JSX unless the '--jsx' flag is provided.
src/ai-gateway/app/(dashboard)/dashboard/onboarding/page.tsx(805,13): error TS17004: Cannot use JSX unless the '--jsx' flag is provided.
src/ai-gateway/app/(dashboard)/dashboard/playground/page.tsx(3,21): error TS2307: Cannot find module 'next/dynamic' or its corresponding type declarations.
src/ai-gateway/app/(dashboard)/dashboard/playground/page.tsx(4,36): error TS6142: Module './playground/PlaygroundControls' was resolved to 'C:/TESTES DEV/1_PROJETOS_ATIVOS/Zavorth/src/ai-gateway/app/(dashboard)/dashboard/playground/playground/PlaygroundControls.tsx', but '--jsx' is not set.
src/ai-gateway/app/(dashboard)/dashboard/playground/page.tsx(5,40): error TS6142: Module './playground/PlaygroundRequestPanel' was resolved to 'C:/TESTES DEV/1_PROJETOS_ATIVOS/Zavorth/src/ai-gateway/app/(dashboard)/dashboard/playground/playground/PlaygroundRequestPanel.tsx', but '--jsx' is not set.
src/ai-gateway/app/(dashboard)/dashboard/playground/page.tsx(6,41): error TS6142: Module './playground/PlaygroundResponsePanel' was resolved to 'C:/TESTES DEV/1_PROJETOS_ATIVOS/Zavorth/src/ai-gateway/app/(dashboard)/dashboard/playground/playground/PlaygroundResponsePanel.tsx', but '--jsx' is not set.
src/ai-gateway/app/(dashboard)/dashboard/playground/page.tsx(7,39): error TS6142: Module './playground/PlaygroundUploadPanel' was resolved to 'C:/TESTES DEV/1_PROJETOS_ATIVOS/Zavorth/src/ai-gateway/app/(dashboard)/dashboard/playground/playground/PlaygroundUploadPanel.tsx', but '--jsx' is not set.
src/ai-gateway/app/(dashboard)/dashboard/playground/page.tsx(10,47): error TS2835: Relative import paths need explicit file extensions in ECMAScript imports when '--moduleResolution' is 'node16' or 'nodenext'. Did you mean './SearchPlayground.js'?
src/ai-gateway/app/(dashboard)/dashboard/playground/page.tsx(18,5): error TS17004: Cannot use JSX unless the '--jsx' flag is provided.
src/ai-gateway/app/(dashboard)/dashboard/playground/page.tsx(19,7): error TS17004: Cannot use JSX unless the '--jsx' flag is provided.
src/ai-gateway/app/(dashboard)/dashboard/playground/page.tsx(20,9): error TS17004: Cannot use JSX unless the '--jsx' flag is provided.
src/ai-gateway/app/(dashboard)/dashboard/playground/page.tsx(23,9): error TS17004: Cannot use JSX unless the '--jsx' flag is provided.
src/ai-gateway/app/(dashboard)/dashboard/playground/page.tsx(24,11): error TS17004: Cannot use JSX unless the '--jsx' flag is provided.
src/ai-gateway/app/(dashboard)/dashboard/playground/page.tsx(25,11): error TS17004: Cannot use JSX unless the '--jsx' flag is provided.
src/ai-gateway/app/(dashboard)/dashboard/playground/page.tsx(32,7): error TS17004: Cannot use JSX unless the '--jsx' flag is provided.
src/ai-gateway/app/(dashboard)/dashboard/playground/page.tsx(53,9): error TS17004: Cannot use JSX unless the '--jsx' flag is provided.
src/ai-gateway/app/(dashboard)/dashboard/playground/page.tsx(55,9): error TS17004: Cannot use JSX unless the '--jsx' flag is provided.
src/ai-gateway/app/(dashboard)/dashboard/playground/page.tsx(56,11): error TS17004: Cannot use JSX unless the '--jsx' flag is provided.
src/ai-gateway/app/(dashboard)/dashboard/playground/page.tsx(67,11): error TS17004: Cannot use JSX unless the '--jsx' flag is provided.
src/ai-gateway/app/(dashboard)/dashboard/playground/page.tsx(68,13): error TS17004: Cannot use JSX unless the '--jsx' flag is provided.
src/ai-gateway/app/(dashboard)/dashboard/playground/page.tsx(76,13): error TS17004: Cannot use JSX unless the '--jsx' flag is provided.
src/ai-gateway/app/(dashboard)/dashboard/playground/playground/PlaygroundControls.tsx(1,38): error TS2307: Cannot find module '@/shared/components' or its corresponding type declarations.
src/ai-gateway/app/(dashboard)/dashboard/playground/playground/PlaygroundControls.tsx(27,5): error TS17004: Cannot use JSX unless the '--jsx' flag is provided.
src/ai-gateway/app/(dashboard)/dashboard/playground/playground/PlaygroundControls.tsx(28,7): error TS17004: Cannot use JSX unless the '--jsx' flag is provided.
src/ai-gateway/app/(dashboard)/dashboard/playground/playground/PlaygroundControls.tsx(29,9): error TS17004: Cannot use JSX unless the '--jsx' flag is provided.
src/ai-gateway/app/(dashboard)/dashboard/playground/playground/PlaygroundControls.tsx(30,11): error TS17004: Cannot use JSX unless the '--jsx' flag is provided.
src/ai-gateway/app/(dashboard)/dashboard/playground/playground/PlaygroundControls.tsx(33,11): error TS17004: Cannot use JSX unless the '--jsx' flag is provided.
src/ai-gateway/app/(dashboard)/dashboard/playground/playground/PlaygroundControls.tsx(42,11): error TS17004: Cannot use JSX unless the '--jsx' flag is provided.
src/ai-gateway/app/(dashboard)/dashboard/playground/playground/PlaygroundControls.tsx(43,13): error TS17004: Cannot use JSX unless the '--jsx' flag is provided.
src/ai-gateway/app/(dashboard)/dashboard/playground/playground/PlaygroundControls.tsx(46,13): error TS17004: Cannot use JSX unless the '--jsx' flag is provided.
src/ai-gateway/app/(dashboard)/dashboard/playground/playground/PlaygroundControls.tsx(56,11): error TS17004: Cannot use JSX unless the '--jsx' flag is provided.
src/ai-gateway/app/(dashboard)/dashboard/playground/playground/PlaygroundControls.tsx(57,13): error TS17004: Cannot use JSX unless the '--jsx' flag is provided.
src/ai-gateway/app/(dashboard)/dashboard/playground/playground/PlaygroundControls.tsx(60,13): error TS17004: Cannot use JSX unless the '--jsx' flag is provided.
src/ai-gateway/app/(dashboard)/dashboard/playground/playground/PlaygroundControls.tsx(70,11): error TS17004: Cannot use JSX unless the '--jsx' flag is provided.
src/ai-gateway/app/(dashboard)/dashboard/playground/playground/PlaygroundControls.tsx(71,13): error TS17004: Cannot use JSX unless the '--jsx' flag is provided.
src/ai-gateway/app/(dashboard)/dashboard/playground/playground/PlaygroundControls.tsx(74,13): error TS17004: Cannot use JSX unless the '--jsx' flag is provided.
src/ai-gateway/app/(dashboard)/dashboard/playground/playground/PlaygroundControls.tsx(96,11): error TS17004: Cannot use JSX unless the '--jsx' flag is provided.
src/ai-gateway/app/(dashboard)/dashboard/playground/playground/PlaygroundControls.tsx(98,15): error TS17004: Cannot use JSX unless the '--jsx' flag is provided.
src/ai-gateway/app/(dashboard)/dashboard/playground/playground/PlaygroundControls.tsx(102,15): error TS17004: Cannot use JSX unless the '--jsx' flag is provided.
src/ai-gateway/app/(dashboard)/dashboard/playground/playground/PlaygroundImageResults.tsx(8,5): error TS17004: Cannot use JSX unless the '--jsx' flag is provided.
src/ai-gateway/app/(dashboard)/dashboard/playground/playground/PlaygroundImageResults.tsx(9,7): error TS17004: Cannot use JSX unless the '--jsx' flag is provided.
src/ai-gateway/app/(dashboard)/dashboard/playground/playground/PlaygroundImageResults.tsx(12,7): error TS17004: Cannot use JSX unless the '--jsx' flag is provided.
src/ai-gateway/app/(dashboard)/dashboard/playground/playground/PlaygroundImageResults.tsx(17,13): error TS17004: Cannot use JSX unless the '--jsx' flag is provided.
src/ai-gateway/app/(dashboard)/dashboard/playground/playground/PlaygroundImageResults.tsx(22,15): error TS17004: Cannot use JSX unless the '--jsx' flag is provided.
src/ai-gateway/app/(dashboard)/dashboard/playground/playground/PlaygroundImageResults.tsx(27,15): error TS17004: Cannot use JSX unless the '--jsx' flag is provided.
src/ai-gateway/app/(dashboard)/dashboard/playground/playground/PlaygroundImageResults.tsx(32,17): error TS17004: Cannot use JSX unless the '--jsx' flag is provided.
src/ai-gateway/app/(dashboard)/dashboard/playground/playground/PlaygroundRequestPanel.tsx(1,21): error TS2307: Cannot find module 'next/dynamic' or its corresponding type declarations.
src/ai-gateway/app/(dashboard)/dashboard/playground/playground/PlaygroundRequestPanel.tsx(2,29): error TS2307: Cannot find module '@/shared/components' or its corresponding type declarations.
src/ai-gateway/app/(dashboard)/dashboard/playground/playground/PlaygroundRequestPanel.tsx(5,37): error TS2307: Cannot find module '@monaco-editor/react' or its corresponding type declarations.
src/ai-gateway/app/(dashboard)/dashboard/playground/playground/PlaygroundRequestPanel.tsx(18,5): error TS17004: Cannot use JSX unless the '--jsx' flag is provided.
src/ai-gateway/app/(dashboard)/dashboard/playground/playground/PlaygroundRequestPanel.tsx(19,7): error TS17004: Cannot use JSX unless the '--jsx' flag is provided.
src/ai-gateway/app/(dashboard)/dashboard/playground/playground/PlaygroundRequestPanel.tsx(20,9): error TS17004: Cannot use JSX unless the '--jsx' flag is provided.
src/ai-gateway/app/(dashboard)/dashboard/playground/playground/PlaygroundRequestPanel.tsx(21,11): error TS17004: Cannot use JSX unless the '--jsx' flag is provided.
src/ai-gateway/app/(dashboard)/dashboard/playground/playground/PlaygroundRequestPanel.tsx(22,13): error TS17004: Cannot use JSX unless the '--jsx' flag is provided.
src/ai-gateway/app/(dashboard)/dashboard/playground/playground/PlaygroundRequestPanel.tsx(23,13): error TS17004: Cannot use JSX unless the '--jsx' flag is provided.
src/ai-gateway/app/(dashboard)/dashboard/playground/playground/PlaygroundRequestPanel.tsx(24,13): error TS17004: Cannot use JSX unless the '--jsx' flag is provided.
src/ai-gateway/app/(dashboard)/dashboard/playground/playground/PlaygroundRequestPanel.tsx(28,11): error TS17004: Cannot use JSX unless the '--jsx' flag is provided.
src/ai-gateway/app/(dashboard)/dashboard/playground/playground/PlaygroundRequestPanel.tsx(29,13): error TS17004: Cannot use JSX unless the '--jsx' flag is provided.
src/ai-gateway/app/(dashboard)/dashboard/playground/playground/PlaygroundRequestPanel.tsx(34,15): error TS17004: Cannot use JSX unless the '--jsx' flag is provided.
src/ai-gateway/app/(dashboard)/dashboard/playground/playground/PlaygroundRequestPanel.tsx(36,13): error TS17004: Cannot use JSX unless the '--jsx' flag is provided.
src/ai-gateway/app/(dashboard)/dashboard/playground/playground/PlaygroundRequestPanel.tsx(41,15): error TS17004: Cannot use JSX unless the '--jsx' flag is provided.
src/ai-gateway/app/(dashboard)/dashboard/playground/playground/PlaygroundRequestPanel.tsx(47,11): error TS17004: Cannot use JSX unless the '--jsx' flag is provided.
src/ai-gateway/app/(dashboard)/dashboard/playground/playground/PlaygroundRequestPanel.tsx(48,13): error TS17004: Cannot use JSX unless the '--jsx' flag is provided.
src/ai-gateway/app/(dashboard)/dashboard/playground/playground/PlaygroundRequestPanel.tsx(56,9): error TS17004: Cannot use JSX unless the '--jsx' flag is provided.
src/ai-gateway/app/(dashboard)/dashboard/playground/playground/PlaygroundRequestPanel.tsx(57,11): error TS17004: Cannot use JSX unless the '--jsx' flag is provided.
src/ai-gateway/app/(dashboard)/dashboard/playground/playground/PlaygroundResponsePanel.tsx(1,21): error TS2307: Cannot find module 'next/dynamic' or its corresponding type declarations.
src/ai-gateway/app/(dashboard)/dashboard/playground/playground/PlaygroundResponsePanel.tsx(2,29): error TS2307: Cannot find module '@/shared/components' or its corresponding type declarations.
src/ai-gateway/app/(dashboard)/dashboard/playground/playground/PlaygroundResponsePanel.tsx(3,40): error TS6142: Module './PlaygroundImageResults' was resolved to 'C:/TESTES DEV/1_PROJETOS_ATIVOS/Zavorth/src/ai-gateway/app/(dashboard)/dashboard/playground/playground/PlaygroundImageResults.tsx', but '--jsx' is not set.
src/ai-gateway/app/(dashboard)/dashboard/playground/playground/PlaygroundResponsePanel.tsx(5,37): error TS2307: Cannot find module '@monaco-editor/react' or its corresponding type declarations.
src/ai-gateway/app/(dashboard)/dashboard/playground/playground/PlaygroundResponsePanel.tsx(20,5): error TS17004: Cannot use JSX unless the '--jsx' flag is provided.
src/ai-gateway/app/(dashboard)/dashboard/playground/playground/PlaygroundResponsePanel.tsx(21,7): error TS17004: Cannot use JSX unless the '--jsx' flag is provided.
src/ai-gateway/app/(dashboard)/dashboard/playground/playground/PlaygroundResponsePanel.tsx(22,9): error TS17004: Cannot use JSX unless the '--jsx' flag is provided.
src/ai-gateway/app/(dashboard)/dashboard/playground/playground/PlaygroundResponsePanel.tsx(23,11): error TS17004: Cannot use JSX unless the '--jsx' flag is provided.
src/ai-gateway/app/(dashboard)/dashboard/playground/playground/PlaygroundResponsePanel.tsx(24,13): error TS17004: Cannot use JSX unless the '--jsx' flag is provided.
src/ai-gateway/app/(dashboard)/dashboard/playground/playground/PlaygroundResponsePanel.tsx(25,13): error TS17004: Cannot use JSX unless the '--jsx' flag is provided.
src/ai-gateway/app/(dashboard)/dashboard/playground/playground/PlaygroundResponsePanel.tsx(27,15): error TS17004: Cannot use JSX unless the '--jsx' flag is provided.
src/ai-gateway/app/(dashboard)/dashboard/playground/playground/PlaygroundResponsePanel.tsx(37,15): error TS17004: Cannot use JSX unless the '--jsx' flag is provided.
src/ai-gateway/app/(dashboard)/dashboard/playground/playground/PlaygroundResponsePanel.tsx(40,15): error TS17004: Cannot use JSX unless the '--jsx' flag is provided.
src/ai-gateway/app/(dashboard)/dashboard/playground/playground/PlaygroundResponsePanel.tsx(45,11): error TS17004: Cannot use JSX unless the '--jsx' flag is provided.
src/ai-gateway/app/(dashboard)/dashboard/playground/playground/PlaygroundResponsePanel.tsx(46,13): error TS17004: Cannot use JSX unless the '--jsx' flag is provided.
src/ai-gateway/app/(dashboard)/dashboard/playground/playground/PlaygroundResponsePanel.tsx(51,15): error TS17004: Cannot use JSX unless the '--jsx' flag is provided.
src/ai-gateway/app/(dashboard)/dashboard/playground/playground/PlaygroundResponsePanel.tsx(56,9): error TS17004: Cannot use JSX unless the '--jsx' flag is provided.
src/ai-gateway/app/(dashboard)/dashboard/playground/playground/PlaygroundResponsePanel.tsx(58,13): error TS17004: Cannot use JSX unless the '--jsx' flag is provided.
src/ai-gateway/app/(dashboard)/dashboard/playground/playground/PlaygroundResponsePanel.tsx(59,15): error TS17004: Cannot use JSX unless the '--jsx' flag is provided.
src/ai-gateway/app/(dashboard)/dashboard/playground/playground/PlaygroundResponsePanel.tsx(60,15): error TS17004: Cannot use JSX unless the '--jsx' flag is provided.
src/ai-gateway/app/(dashboard)/dashboard/playground/playground/PlaygroundResponsePanel.tsx(65,17): error TS17004: Cannot use JSX unless the '--jsx' flag is provided.
src/ai-gateway/app/(dashboard)/dashboard/playground/playground/PlaygroundResponsePanel.tsx(70,13): error TS17004: Cannot use JSX unless the '--jsx' flag is provided.
src/ai-gateway/app/(dashboard)/dashboard/playground/playground/PlaygroundResponsePanel.tsx(72,13): error TS17004: Cannot use JSX unless the '--jsx' flag is provided.
src/ai-gateway/app/(dashboard)/dashboard/playground/playground/PlaygroundResponsePanel.tsx(73,15): error TS17004: Cannot use JSX unless the '--jsx' flag is provided.
src/ai-gateway/app/(dashboard)/dashboard/playground/playground/PlaygroundResponsePanel.tsx(76,15): error TS17004: Cannot use JSX unless the '--jsx' flag is provided.
src/ai-gateway/app/(dashboard)/dashboard/playground/playground/PlaygroundResponsePanel.tsx(79,15): error TS17004: Cannot use JSX unless the '--jsx' flag is provided.
src/ai-gateway/app/(dashboard)/dashboard/playground/playground/PlaygroundResponsePanel.tsx(83,17): error TS17004: Cannot use JSX unless the '--jsx' flag is provided.
src/ai-gateway/app/(dashboard)/dashboard/playground/playground/PlaygroundResponsePanel.tsx(88,13): error TS17004: Cannot use JSX unless the '--jsx' flag is provided.
src/ai-gateway/app/(dashboard)/dashboard/playground/playground/PlaygroundUploadPanel.tsx(2,29): error TS2307: Cannot find module '@/shared/components' or its corresponding type declarations.
src/ai-gateway/app/(dashboard)/dashboard/playground/playground/PlaygroundUploadPanel.tsx(21,5): error TS17004: Cannot use JSX unless the '--jsx' flag is provided.
src/ai-gateway/app/(dashboard)/dashboard/playground/playground/PlaygroundUploadPanel.tsx(22,7): error TS17004: Cannot use JSX unless the '--jsx' flag is provided.
src/ai-gateway/app/(dashboard)/dashboard/playground/playground/PlaygroundUploadPanel.tsx(23,9): error TS17004: Cannot use JSX unless the '--jsx' flag is provided.
src/ai-gateway/app/(dashboard)/dashboard/playground/playground/PlaygroundUploadPanel.tsx(24,11): error TS17004: Cannot use JSX unless the '--jsx' flag is provided.
src/ai-gateway/app/(dashboard)/dashboard/playground/playground/PlaygroundUploadPanel.tsx(27,11): error TS17004: Cannot use JSX unless the '--jsx' flag is provided.
src/ai-gateway/app/(dashboard)/dashboard/playground/playground/PlaygroundUploadPanel.tsx(31,13): error TS17004: Cannot use JSX unless the '--jsx' flag is provided.
src/ai-gateway/app/(dashboard)/dashboard/playground/playground/PlaygroundUploadPanel.tsx(36,13): error TS17004: Cannot use JSX unless the '--jsx' flag is provided.
src/ai-gateway/app/(dashboard)/dashboard/playground/playground/PlaygroundUploadPanel.tsx(43,11): error TS17004: Cannot use JSX unless the '--jsx' flag is provided.
src/ai-gateway/app/(dashboard)/dashboard/playground/playground/PlaygroundUploadPanel.tsx(44,13): error TS17004: Cannot use JSX unless the '--jsx' flag is provided.
src/ai-gateway/app/(dashboard)/dashboard/playground/playground/PlaygroundUploadPanel.tsx(51,15): error TS17004: Cannot use JSX unless the '--jsx' flag is provided.
src/ai-gateway/app/(dashboard)/dashboard/playground/playground/PlaygroundUploadPanel.tsx(52,17): error TS17004: Cannot use JSX unless the '--jsx' flag is provided.
src/ai-gateway/app/(dashboard)/dashboard/playground/playground/PlaygroundUploadPanel.tsx(59,15): error TS17004: Cannot use JSX unless the '--jsx' flag is provided.
src/ai-gateway/app/(dashboard)/dashboard/playground/playground/PlaygroundUploadPanel.tsx(60,17): error TS17004: Cannot use JSX unless the '--jsx' flag is provided.
src/ai-gateway/app/(dashboard)/dashboard/playground/playground/PlaygroundUploadPanel.tsx(68,11): error TS17004: Cannot use JSX unless the '--jsx' flag is provided.
src/ai-gateway/app/(dashboard)/dashboard/playground/playground/PlaygroundUploadPanel.tsx(69,13): error TS17004: Cannot use JSX unless the '--jsx' flag is provided.
src/ai-gateway/app/(dashboard)/dashboard/playground/playground/PlaygroundUploadPanel.tsx(77,15): error TS17004: Cannot use JSX unless the '--jsx' flag is provided.
src/ai-gateway/app/(dashboard)/dashboard/playground/playground/PlaygroundUploadPanel.tsx(79,19): error TS17004: Cannot use JSX unless the '--jsx' flag is provided.
src/ai-gateway/app/(dashboard)/dashboard/playground/playground/PlaygroundUploadPanel.tsx(84,21): error TS17004: Cannot use JSX unless the '--jsx' flag is provided.
src/ai-gateway/app/(dashboard)/dashboard/playground/playground/PlaygroundUploadPanel.tsx(89,21): error TS17004: Cannot use JSX unless the '--jsx' flag is provided.
src/ai-gateway/app/(dashboard)/dashboard/playground/playground/PlaygroundUploadPanel.tsx(93,23): error TS17004: Cannot use JSX unless the '--jsx' flag is provided.
src/ai-gateway/app/(dashboard)/dashboard/playground/playground/PlaygroundUploadPanel.tsx(97,17): error TS17004: Cannot use JSX unless the '--jsx' flag is provided.
src/ai-gateway/app/(dashboard)/dashboard/playground/playground/usePlaygroundPage.ts(4,29): error TS2307: Cannot find module '@/shared/constants/providers' or its corresponding type declarations.
src/ai-gateway/app/(dashboard)/dashboard/playground/playground/usePlaygroundPage.ts(5,40): error TS2307: Cannot find module '@/shared/utils/maskEmail' or its corresponding type declarations.
src/ai-gateway/app/(dashboard)/dashboard/playground/SearchPlayground.tsx(4,21): error TS2307: Cannot find module 'next/dynamic' or its corresponding type declarations.
src/ai-gateway/app/(dashboard)/dashboard/playground/SearchPlayground.tsx(5,33): error TS2307: Cannot find module 'next-intl' or its corresponding type declarations.
src/ai-gateway/app/(dashboard)/dashboard/playground/SearchPlayground.tsx(6,45): error TS2307: Cannot find module '@/shared/components' or its corresponding type declarations.
src/ai-gateway/app/(dashboard)/dashboard/playground/SearchPlayground.tsx(8,37): error TS2307: Cannot find module '@monaco-editor/react' or its corresponding type declarations.
src/ai-gateway/app/(dashboard)/dashboard/playground/SearchPlayground.tsx(164,5): error TS17004: Cannot use JSX unless the '--jsx' flag is provided.
src/ai-gateway/app/(dashboard)/dashboard/playground/SearchPlayground.tsx(166,7): error TS17004: Cannot use JSX unless the '--jsx' flag is provided.
src/ai-gateway/app/(dashboard)/dashboard/playground/SearchPlayground.tsx(167,9): error TS17004: Cannot use JSX unless the '--jsx' flag is provided.
src/ai-gateway/app/(dashboard)/dashboard/playground/SearchPlayground.tsx(168,11): error TS17004: Cannot use JSX unless the '--jsx' flag is provided.
src/ai-gateway/app/(dashboard)/dashboard/playground/SearchPlayground.tsx(169,13): error TS17004: Cannot use JSX unless the '--jsx' flag is provided.
src/ai-gateway/app/(dashboard)/dashboard/playground/SearchPlayground.tsx(170,15): error TS17004: Cannot use JSX unless the '--jsx' flag is provided.
src/ai-gateway/app/(dashboard)/dashboard/playground/SearchPlayground.tsx(171,15): error TS17004: Cannot use JSX unless the '--jsx' flag is provided.
src/ai-gateway/app/(dashboard)/dashboard/playground/SearchPlayground.tsx(172,15): error TS17004: Cannot use JSX unless the '--jsx' flag is provided.
src/ai-gateway/app/(dashboard)/dashboard/playground/SearchPlayground.tsx(176,13): error TS17004: Cannot use JSX unless the '--jsx' flag is provided.
src/ai-gateway/app/(dashboard)/dashboard/playground/SearchPlayground.tsx(177,15): error TS17004: Cannot use JSX unless the '--jsx' flag is provided.
src/ai-gateway/app/(dashboard)/dashboard/playground/SearchPlayground.tsx(182,17): error TS17004: Cannot use JSX unless the '--jsx' flag is provided.
src/ai-gateway/app/(dashboard)/dashboard/playground/SearchPlayground.tsx(184,15): error TS17004: Cannot use JSX unless the '--jsx' flag is provided.
src/ai-gateway/app/(dashboard)/dashboard/playground/SearchPlayground.tsx(201,17): error TS17004: Cannot use JSX unless the '--jsx' flag is provided.
src/ai-gateway/app/(dashboard)/dashboard/playground/SearchPlayground.tsx(205,11): error TS17004: Cannot use JSX unless the '--jsx' flag is provided.
src/ai-gateway/app/(dashboard)/dashboard/playground/SearchPlayground.tsx(206,13): error TS17004: Cannot use JSX unless the '--jsx' flag is provided.
src/ai-gateway/app/(dashboard)/dashboard/playground/SearchPlayground.tsx(223,11): error TS17004: Cannot use JSX unless the '--jsx' flag is provided.
src/ai-gateway/app/(dashboard)/dashboard/playground/SearchPlayground.tsx(224,13): error TS17004: Cannot use JSX unless the '--jsx' flag is provided.
src/ai-gateway/app/(dashboard)/dashboard/playground/SearchPlayground.tsx(225,15): error TS17004: Cannot use JSX unless the '--jsx' flag is provided.
src/ai-gateway/app/(dashboard)/dashboard/playground/SearchPlayground.tsx(236,15): error TS17004: Cannot use JSX unless the '--jsx' flag is provided.
src/ai-gateway/app/(dashboard)/dashboard/playground/SearchPlayground.tsx(240,15): error TS17004: Cannot use JSX unless the '--jsx' flag is provided.
src/ai-gateway/app/(dashboard)/dashboard/playground/SearchPlayground.tsx(249,27): error TS17004: Cannot use JSX unless the '--jsx' flag is provided.
src/ai-gateway/app/(dashboard)/dashboard/playground/SearchPlayground.tsx(254,7): error TS17004: Cannot use JSX unless the '--jsx' flag is provided.
src/ai-gateway/app/(dashboard)/dashboard/playground/SearchPlayground.tsx(255,9): error TS17004: Cannot use JSX unless the '--jsx' flag is provided.
src/ai-gateway/app/(dashboard)/dashboard/playground/SearchPlayground.tsx(256,11): error TS17004: Cannot use JSX unless the '--jsx' flag is provided.
src/ai-gateway/app/(dashboard)/dashboard/playground/SearchPlayground.tsx(257,13): error TS17004: Cannot use JSX unless the '--jsx' flag is provided.
src/ai-gateway/app/(dashboard)/dashboard/playground/SearchPlayground.tsx(258,15): error TS17004: Cannot use JSX unless the '--jsx' flag is provided.
src/ai-gateway/app/(dashboard)/dashboard/playground/SearchPlayground.tsx(261,15): error TS17004: Cannot use JSX unless the '--jsx' flag is provided.
src/ai-gateway/app/(dashboard)/dashboard/playground/SearchPlayground.tsx(263,17): error TS17004: Cannot use JSX unless the '--jsx' flag is provided.
src/ai-gateway/app/(dashboard)/dashboard/playground/SearchPlayground.tsx(264,19): error TS17004: Cannot use JSX unless the '--jsx' flag is provided.
src/ai-gateway/app/(dashboard)/dashboard/playground/SearchPlayground.tsx(267,19): error TS17004: Cannot use JSX unless the '--jsx' flag is provided.
src/ai-gateway/app/(dashboard)/dashboard/playground/SearchPlayground.tsx(271,17): error TS17004: Cannot use JSX unless the '--jsx' flag is provided.
src/ai-gateway/app/(dashboard)/dashboard/playground/SearchPlayground.tsx(277,15): error TS17004: Cannot use JSX unless the '--jsx' flag is provided.
src/ai-gateway/app/(dashboard)/dashboard/playground/SearchPlayground.tsx(278,17): error TS17004: Cannot use JSX unless the '--jsx' flag is provided.
src/ai-gateway/app/(dashboard)/dashboard/playground/SearchPlayground.tsx(288,17): error TS17004: Cannot use JSX unless the '--jsx' flag is provided.
src/ai-gateway/app/(dashboard)/dashboard/playground/SearchPlayground.tsx(302,11): error TS17004: Cannot use JSX unless the '--jsx' flag is provided.
src/ai-gateway/app/(dashboard)/dashboard/playground/SearchPlayground.tsx(304,15): error TS17004: Cannot use JSX unless the '--jsx' flag is provided.
src/ai-gateway/app/(dashboard)/dashboard/playground/SearchPlayground.tsx(305,17): error TS17004: Cannot use JSX unless the '--jsx' flag is provided.
src/ai-gateway/app/(dashboard)/dashboard/playground/SearchPlayground.tsx(312,15): error TS17004: Cannot use JSX unless the '--jsx' flag is provided.
src/ai-gateway/app/(dashboard)/dashboard/playground/SearchPlayground.tsx(313,17): error TS17004: Cannot use JSX unless the '--jsx' flag is provided.
src/ai-gateway/app/(dashboard)/dashboard/playground/SearchPlayground.tsx(318,15): error TS17004: Cannot use JSX unless the '--jsx' flag is provided.
src/ai-gateway/app/(dashboard)/dashboard/playground/SearchPlayground.tsx(320,17): error TS17004: Cannot use JSX unless the '--jsx' flag is provided.
src/ai-gateway/app/(dashboard)/dashboard/playground/SearchPlayground.tsx(321,19): error TS17004: Cannot use JSX unless the '--jsx' flag is provided.
src/ai-gateway/app/(dashboard)/dashboard/playground/SearchPlayground.tsx(322,21): error TS17004: Cannot use JSX unless the '--jsx' flag is provided.
src/ai-gateway/app/(dashboard)/dashboard/playground/SearchPlayground.tsx(325,21): error TS17004: Cannot use JSX unless the '--jsx' flag is provided.
src/ai-gateway/app/(dashboard)/dashboard/playground/SearchPlayground.tsx(326,23): error TS17004: Cannot use JSX unless the '--jsx' flag is provided.
src/ai-gateway/app/(dashboard)/dashboard/playground/SearchPlayground.tsx(329,21): error TS17004: Cannot use JSX unless the '--jsx' flag is provided.
src/ai-gateway/app/(dashboard)/dashboard/playground/SearchPlayground.tsx(330,21): error TS17004: Cannot use JSX unless the '--jsx' flag is provided.
src/ai-gateway/app/(dashboard)/dashboard/playground/SearchPlayground.tsx(332,19): error TS17004: Cannot use JSX unless the '--jsx' flag is provided.
src/ai-gateway/app/(dashboard)/dashboard/playground/SearchPlayground.tsx(337,21): error TS17004: Cannot use JSX unless the '--jsx' flag is provided.
src/ai-gateway/app/(dashboard)/dashboard/playground/SearchPlayground.tsx(348,19): error TS17004: Cannot use JSX unless the '--jsx' flag is provided.
src/ai-gateway/app/(dashboard)/dashboard/playground/SearchPlayground.tsx(352,21): error TS17004: Cannot use JSX unless the '--jsx' flag is provided.
src/ai-gateway/app/(dashboard)/dashboard/playground/SearchPlayground.tsx(353,23): error TS17004: Cannot use JSX unless the '--jsx' flag is provided.
src/ai-gateway/app/(dashboard)/dashboard/playground/SearchPlayground.tsx(357,25): error TS17004: Cannot use JSX unless the '--jsx' flag is provided.
src/ai-gateway/app/(dashboard)/dashboard/playground/SearchPlayground.tsx(364,21): error TS17004: Cannot use JSX unless the '--jsx' flag is provided.
src/ai-gateway/app/(dashboard)/dashboard/playground/SearchPlayground.tsx(372,21): error TS17004: Cannot use JSX unless the '--jsx' flag is provided.
src/ai-gateway/app/(dashboard)/dashboard/playground/SearchPlayground.tsx(379,15): error TS17004: Cannot use JSX unless the '--jsx' flag is provided.
src/ai-gateway/app/(dashboard)/dashboard/playground/SearchPlayground.tsx(397,15): error TS17004: Cannot use JSX unless the '--jsx' flag is provided.
src/ai-gateway/app/(dashboard)/dashboard/providers/[id]/page.tsx(3,25): error TS6142: Module './provider-detail-page' was resolved to 'C:/TESTES DEV/1_PROJETOS_ATIVOS/Zavorth/src/ai-gateway/app/(dashboard)/dashboard/providers/[id]/provider-detail-page.tsx', but '--jsx' is not set.
src/ai-gateway/app/(dashboard)/dashboard/providers/[id]/provider-detail-connection-row.tsx(4,33): error TS2307: Cannot find module 'next-intl' or its corresponding type declarations.
src/ai-gateway/app/(dashboard)/dashboard/providers/[id]/provider-detail-connection-row.tsx(5,31): error TS2307: Cannot find module '@/shared/components' or its corresponding type declarations.
src/ai-gateway/app/(dashboard)/dashboard/providers/[id]/provider-detail-connection-row.tsx(6,40): error TS2307: Cannot find module '@/shared/utils/maskEmail' or its corresponding type declarations.
src/ai-gateway/app/(dashboard)/dashboard/providers/[id]/provider-detail-connection-row.tsx(233,10): error TS17004: Cannot use JSX unless the '--jsx' flag is provided.
src/ai-gateway/app/(dashboard)/dashboard/providers/[id]/provider-detail-connection-row.tsx(327,5): error TS17004: Cannot use JSX unless the '--jsx' flag is provided.
src/ai-gateway/app/(dashboard)/dashboard/providers/[id]/provider-detail-connection-row.tsx(330,7): error TS17004: Cannot use JSX unless the '--jsx' flag is provided.
src/ai-gateway/app/(dashboard)/dashboard/providers/[id]/provider-detail-connection-row.tsx(331,9): error TS17004: Cannot use JSX unless the '--jsx' flag is provided.
src/ai-gateway/app/(dashboard)/dashboard/providers/[id]/provider-detail-connection-row.tsx(332,11): error TS17004: Cannot use JSX unless the '--jsx' flag is provided.
src/ai-gateway/app/(dashboard)/dashboard/providers/[id]/provider-detail-connection-row.tsx(337,13): error TS17004: Cannot use JSX unless the '--jsx' flag is provided.
src/ai-gateway/app/(dashboard)/dashboard/providers/[id]/provider-detail-connection-row.tsx(339,11): error TS17004: Cannot use JSX unless the '--jsx' flag is provided.
src/ai-gateway/app/(dashboard)/dashboard/providers/[id]/provider-detail-connection-row.tsx(344,13): error TS17004: Cannot use JSX unless the '--jsx' flag is provided.
src/ai-gateway/app/(dashboard)/dashboard/providers/[id]/provider-detail-connection-row.tsx(347,9): error TS17004: Cannot use JSX unless the '--jsx' flag is provided.
src/ai-gateway/app/(dashboard)/dashboard/providers/[id]/provider-detail-connection-row.tsx(348,9): error TS17004: Cannot use JSX unless the '--jsx' flag is provided.
src/ai-gateway/app/(dashboard)/dashboard/providers/[id]/provider-detail-connection-row.tsx(349,11): error TS17004: Cannot use JSX unless the '--jsx' flag is provided.
src/ai-gateway/app/(dashboard)/dashboard/providers/[id]/provider-detail-connection-row.tsx(350,11): error TS17004: Cannot use JSX unless the '--jsx' flag is provided.
src/ai-gateway/app/(dashboard)/dashboard/providers/[id]/provider-detail-connection-row.tsx(351,13): error TS17004: Cannot use JSX unless the '--jsx' flag is provided.
src/ai-gateway/app/(dashboard)/dashboard/providers/[id]/provider-detail-connection-row.tsx(356,17): error TS17004: Cannot use JSX unless the '--jsx' flag is provided.
src/ai-gateway/app/(dashboard)/dashboard/providers/[id]/provider-detail-connection-row.tsx(357,19): error TS17004: Cannot use JSX unless the '--jsx' flag is provided.
src/ai-gateway/app/(dashboard)/dashboard/providers/[id]/provider-detail-connection-row.tsx(361,17): error TS17004: Cannot use JSX unless the '--jsx' flag is provided.
src/ai-gateway/app/(dashboard)/dashboard/providers/[id]/provider-detail-connection-row.tsx(362,19): error TS17004: Cannot use JSX unless the '--jsx' flag is provided.
src/ai-gateway/app/(dashboard)/dashboard/providers/[id]/provider-detail-connection-row.tsx(366,61): error TS17004: Cannot use JSX unless the '--jsx' flag is provided.
src/ai-gateway/app/(dashboard)/dashboard/providers/[id]/provider-detail-connection-row.tsx(368,15): error TS17004: Cannot use JSX unless the '--jsx' flag is provided.
src/ai-gateway/app/(dashboard)/dashboard/providers/[id]/provider-detail-connection-row.tsx(373,15): error TS17004: Cannot use JSX unless the '--jsx' flag is provided.
src/ai-gateway/app/(dashboard)/dashboard/providers/[id]/provider-detail-connection-row.tsx(377,13): error TS17004: Cannot use JSX unless the '--jsx' flag is provided.
src/ai-gateway/app/(dashboard)/dashboard/providers/[id]/provider-detail-connection-row.tsx(379,15): error TS17004: Cannot use JSX unless the '--jsx' flag is provided.
src/ai-gateway/app/(dashboard)/dashboard/providers/[id]/provider-detail-connection-row.tsx(381,13): error TS17004: Cannot use JSX unless the '--jsx' flag is provided.
src/ai-gateway/app/(dashboard)/dashboard/providers/[id]/provider-detail-connection-row.tsx(382,13): error TS17004: Cannot use JSX unless the '--jsx' flag is provided.
src/ai-gateway/app/(dashboard)/dashboard/providers/[id]/provider-detail-connection-row.tsx(390,15): error TS17004: Cannot use JSX unless the '--jsx' flag is provided.
src/ai-gateway/app/(dashboard)/dashboard/providers/[id]/provider-detail-connection-row.tsx(394,15): error TS17004: Cannot use JSX unless the '--jsx' flag is provided.
src/ai-gateway/app/(dashboard)/dashboard/providers/[id]/provider-detail-connection-row.tsx(395,17): error TS17004: Cannot use JSX unless the '--jsx' flag is provided.
src/ai-gateway/app/(dashboard)/dashboard/providers/[id]/provider-detail-connection-row.tsx(396,17): error TS17004: Cannot use JSX unless the '--jsx' flag is provided.
src/ai-gateway/app/(dashboard)/dashboard/providers/[id]/provider-detail-connection-row.tsx(404,19): error TS17004: Cannot use JSX unless the '--jsx' flag is provided.
src/ai-gateway/app/(dashboard)/dashboard/providers/[id]/provider-detail-connection-row.tsx(407,17): error TS17004: Cannot use JSX unless the '--jsx' flag is provided.
src/ai-gateway/app/(dashboard)/dashboard/providers/[id]/provider-detail-connection-row.tsx(415,19): error TS17004: Cannot use JSX unless the '--jsx' flag is provided.
src/ai-gateway/app/(dashboard)/dashboard/providers/[id]/provider-detail-connection-row.tsx(421,15): error TS17004: Cannot use JSX unless the '--jsx' flag is provided.
src/ai-gateway/app/(dashboard)/dashboard/providers/[id]/provider-detail-connection-row.tsx(422,17): error TS17004: Cannot use JSX unless the '--jsx' flag is provided.
src/ai-gateway/app/(dashboard)/dashboard/providers/[id]/provider-detail-connection-row.tsx(423,17): error TS17004: Cannot use JSX unless the '--jsx' flag is provided.
src/ai-gateway/app/(dashboard)/dashboard/providers/[id]/provider-detail-connection-row.tsx(432,19): error TS17004: Cannot use JSX unless the '--jsx' flag is provided.
src/ai-gateway/app/(dashboard)/dashboard/providers/[id]/provider-detail-connection-row.tsx(440,7): error TS17004: Cannot use JSX unless the '--jsx' flag is provided.
src/ai-gateway/app/(dashboard)/dashboard/providers/[id]/provider-detail-connection-row.tsx(441,9): error TS17004: Cannot use JSX unless the '--jsx' flag is provided.
src/ai-gateway/app/(dashboard)/dashboard/providers/[id]/provider-detail-connection-row.tsx(445,11): error TS17004: Cannot use JSX unless the '--jsx' flag is provided.
src/ai-gateway/app/(dashboard)/dashboard/providers/[id]/provider-detail-connection-row.tsx(450,11): error TS17004: Cannot use JSX unless the '--jsx' flag is provided.
src/ai-gateway/app/(dashboard)/dashboard/providers/[id]/provider-detail-connection-row.tsx(455,11): error TS17004: Cannot use JSX unless the '--jsx' flag is provided.
src/ai-gateway/app/(dashboard)/dashboard/providers/[id]/provider-detail-connection-row.tsx(459,9): error TS17004: Cannot use JSX unless the '--jsx' flag is provided.
src/ai-gateway/app/(dashboard)/dashboard/providers/[id]/provider-detail-connection-row.tsx(462,9): error TS17004: Cannot use JSX unless the '--jsx' flag is provided.
src/ai-gateway/app/(dashboard)/dashboard/providers/[id]/provider-detail-connection-row.tsx(465,9): error TS17004: Cannot use JSX unless the '--jsx' flag is provided.
src/ai-gateway/app/(dashboard)/dashboard/providers/[id]/provider-detail-layout.tsx(3,18): error TS2307: Cannot find module 'next/link' or its corresponding type declarations.
src/ai-gateway/app/(dashboard)/dashboard/providers/[id]/provider-detail-layout.tsx(4,36): error TS2307: Cannot find module '@/shared/components' or its corresponding type declarations.
src/ai-gateway/app/(dashboard)/dashboard/providers/[id]/provider-detail-layout.tsx(5,36): error TS6142: Module './provider-detail-layout/CompatibleNodeCard' was resolved to 'C:/TESTES DEV/1_PROJETOS_ATIVOS/Zavorth/src/ai-gateway/app/(dashboard)/dashboard/providers/[id]/provider-detail-layout/CompatibleNodeCard.tsx', but '--jsx' is not set.
src/ai-gateway/app/(dashboard)/dashboard/providers/[id]/provider-detail-layout.tsx(6,47): error TS6142: Module './provider-detail-layout/ConnectionsCard' was resolved to 'C:/TESTES DEV/1_PROJETOS_ATIVOS/Zavorth/src/ai-gateway/app/(dashboard)/dashboard/providers/[id]/provider-detail-layout/ConnectionsCard.tsx', but '--jsx' is not set.
src/ai-gateway/app/(dashboard)/dashboard/providers/[id]/provider-detail-layout.tsx(7,45): error TS6142: Module './provider-detail-layout/HeaderSection' was resolved to 'C:/TESTES DEV/1_PROJETOS_ATIVOS/Zavorth/src/ai-gateway/app/(dashboard)/dashboard/providers/[id]/provider-detail-layout/HeaderSection.tsx', but '--jsx' is not set.
src/ai-gateway/app/(dashboard)/dashboard/providers/[id]/provider-detail-layout.tsx(8,44): error TS6142: Module './provider-detail-layout/LayoutModals' was resolved to 'C:/TESTES DEV/1_PROJETOS_ATIVOS/Zavorth/src/ai-gateway/app/(dashboard)/dashboard/providers/[id]/provider-detail-layout/LayoutModals.tsx', but '--jsx' is not set.
src/ai-gateway/app/(dashboard)/dashboard/providers/[id]/provider-detail-layout.tsx(9,43): error TS6142: Module './provider-detail-models-panel' was resolved to 'C:/TESTES DEV/1_PROJETOS_ATIVOS/Zavorth/src/ai-gateway/app/(dashboard)/dashboard/providers/[id]/provider-detail-models-panel.tsx', but '--jsx' is not set.
src/ai-gateway/app/(dashboard)/dashboard/providers/[id]/provider-detail-layout.tsx(17,7): error TS17004: Cannot use JSX unless the '--jsx' flag is provided.
src/ai-gateway/app/(dashboard)/dashboard/providers/[id]/provider-detail-layout.tsx(18,9): error TS17004: Cannot use JSX unless the '--jsx' flag is provided.
src/ai-gateway/app/(dashboard)/dashboard/providers/[id]/provider-detail-layout.tsx(19,9): error TS17004: Cannot use JSX unless the '--jsx' flag is provided.
src/ai-gateway/app/(dashboard)/dashboard/providers/[id]/provider-detail-layout.tsx(26,7): error TS17004: Cannot use JSX unless the '--jsx' flag is provided.
src/ai-gateway/app/(dashboard)/dashboard/providers/[id]/provider-detail-layout.tsx(27,9): error TS17004: Cannot use JSX unless the '--jsx' flag is provided.
src/ai-gateway/app/(dashboard)/dashboard/providers/[id]/provider-detail-layout.tsx(28,9): error TS17004: Cannot use JSX unless the '--jsx' flag is provided.
src/ai-gateway/app/(dashboard)/dashboard/providers/[id]/provider-detail-layout.tsx(36,5): error TS17004: Cannot use JSX unless the '--jsx' flag is provided.
src/ai-gateway/app/(dashboard)/dashboard/providers/[id]/provider-detail-layout.tsx(37,7): error TS17004: Cannot use JSX unless the '--jsx' flag is provided.
src/ai-gateway/app/(dashboard)/dashboard/providers/[id]/provider-detail-layout.tsx(39,7): error TS17004: Cannot use JSX unless the '--jsx' flag is provided.
src/ai-gateway/app/(dashboard)/dashboard/providers/[id]/provider-detail-layout.tsx(41,7): error TS17004: Cannot use JSX unless the '--jsx' flag is provided.
src/ai-gateway/app/(dashboard)/dashboard/providers/[id]/provider-detail-layout.tsx(44,9): error TS17004: Cannot use JSX unless the '--jsx' flag is provided.
src/ai-gateway/app/(dashboard)/dashboard/providers/[id]/provider-detail-layout.tsx(45,11): error TS17004: Cannot use JSX unless the '--jsx' flag is provided.
src/ai-gateway/app/(dashboard)/dashboard/providers/[id]/provider-detail-layout.tsx(46,11): error TS17004: Cannot use JSX unless the '--jsx' flag is provided.
src/ai-gateway/app/(dashboard)/dashboard/providers/[id]/provider-detail-layout.tsx(51,9): error TS17004: Cannot use JSX unless the '--jsx' flag is provided.
src/ai-gateway/app/(dashboard)/dashboard/providers/[id]/provider-detail-layout.tsx(52,11): error TS17004: Cannot use JSX unless the '--jsx' flag is provided.
src/ai-gateway/app/(dashboard)/dashboard/providers/[id]/provider-detail-layout.tsx(53,11): error TS17004: Cannot use JSX unless the '--jsx' flag is provided.
src/ai-gateway/app/(dashboard)/dashboard/providers/[id]/provider-detail-layout.tsx(58,13): error TS17004: Cannot use JSX unless the '--jsx' flag is provided.
src/ai-gateway/app/(dashboard)/dashboard/providers/[id]/provider-detail-layout.tsx(59,15): error TS17004: Cannot use JSX unless the '--jsx' flag is provided.
src/ai-gateway/app/(dashboard)/dashboard/providers/[id]/provider-detail-layout.tsx(60,15): error TS17004: Cannot use JSX unless the '--jsx' flag is provided.
src/ai-gateway/app/(dashboard)/dashboard/providers/[id]/provider-detail-layout.tsx(61,42): error TS17004: Cannot use JSX unless the '--jsx' flag is provided.
src/ai-gateway/app/(dashboard)/dashboard/providers/[id]/provider-detail-layout.tsx(69,7): error TS17004: Cannot use JSX unless the '--jsx' flag is provided.
src/ai-gateway/app/(dashboard)/dashboard/providers/[id]/provider-detail-layout/BatchTestResultsModal.tsx(22,5): error TS17004: Cannot use JSX unless the '--jsx' flag is provided.
src/ai-gateway/app/(dashboard)/dashboard/providers/[id]/provider-detail-layout/BatchTestResultsModal.tsx(26,7): error TS17004: Cannot use JSX unless the '--jsx' flag is provided.
src/ai-gateway/app/(dashboard)/dashboard/providers/[id]/provider-detail-layout/BatchTestResultsModal.tsx(27,7): error TS17004: Cannot use JSX unless the '--jsx' flag is provided.
src/ai-gateway/app/(dashboard)/dashboard/providers/[id]/provider-detail-layout/BatchTestResultsModal.tsx(31,9): error TS17004: Cannot use JSX unless the '--jsx' flag is provided.
src/ai-gateway/app/(dashboard)/dashboard/providers/[id]/provider-detail-layout/BatchTestResultsModal.tsx(32,11): error TS17004: Cannot use JSX unless the '--jsx' flag is provided.
src/ai-gateway/app/(dashboard)/dashboard/providers/[id]/provider-detail-layout/BatchTestResultsModal.tsx(33,11): error TS17004: Cannot use JSX unless the '--jsx' flag is provided.
src/ai-gateway/app/(dashboard)/dashboard/providers/[id]/provider-detail-layout/BatchTestResultsModal.tsx(38,13): error TS17004: Cannot use JSX unless the '--jsx' flag is provided.
src/ai-gateway/app/(dashboard)/dashboard/providers/[id]/provider-detail-layout/BatchTestResultsModal.tsx(41,9): error TS17004: Cannot use JSX unless the '--jsx' flag is provided.
src/ai-gateway/app/(dashboard)/dashboard/providers/[id]/provider-detail-layout/BatchTestResultsModal.tsx(44,13): error TS17004: Cannot use JSX unless the '--jsx' flag is provided.
src/ai-gateway/app/(dashboard)/dashboard/providers/[id]/provider-detail-layout/BatchTestResultsModal.tsx(45,15): error TS17004: Cannot use JSX unless the '--jsx' flag is provided.
src/ai-gateway/app/(dashboard)/dashboard/providers/[id]/provider-detail-layout/BatchTestResultsModal.tsx(48,15): error TS17004: Cannot use JSX unless the '--jsx' flag is provided.
src/ai-gateway/app/(dashboard)/dashboard/providers/[id]/provider-detail-layout/BatchTestResultsModal.tsx(51,13): error TS17004: Cannot use JSX unless the '--jsx' flag is provided.
src/ai-gateway/app/(dashboard)/dashboard/providers/[id]/provider-detail-layout/BatchTestResultsModal.tsx(53,17): error TS17004: Cannot use JSX unless the '--jsx' flag is provided.
src/ai-gateway/app/(dashboard)/dashboard/providers/[id]/provider-detail-layout/BatchTestResultsModal.tsx(54,19): error TS17004: Cannot use JSX unless the '--jsx' flag is provided.
src/ai-gateway/app/(dashboard)/dashboard/providers/[id]/provider-detail-layout/BatchTestResultsModal.tsx(55,19): error TS17004: Cannot use JSX unless the '--jsx' flag is provided.
src/ai-gateway/app/(dashboard)/dashboard/providers/[id]/provider-detail-layout/BatchTestResultsModal.tsx(59,21): error TS17004: Cannot use JSX unless the '--jsx' flag is provided.
src/ai-gateway/app/(dashboard)/dashboard/providers/[id]/provider-detail-layout/BatchTestResultsModal.tsx(63,19): error TS17004: Cannot use JSX unless the '--jsx' flag is provided.
src/ai-gateway/app/(dashboard)/dashboard/providers/[id]/provider-detail-layout/BatchTestResultsModal.tsx(69,17): error TS17004: Cannot use JSX unless the '--jsx' flag is provided.
src/ai-gateway/app/(dashboard)/dashboard/providers/[id]/provider-detail-layout/BatchTestResultsModal.tsx(73,19): error TS17004: Cannot use JSX unless the '--jsx' flag is provided.
src/ai-gateway/app/(dashboard)/dashboard/providers/[id]/provider-detail-layout/BatchTestResultsModal.tsx(80,19): error TS17004: Cannot use JSX unless the '--jsx' flag is provided.
src/ai-gateway/app/(dashboard)/dashboard/providers/[id]/provider-detail-layout/BatchTestResultsModal.tsx(81,21): error TS17004: Cannot use JSX unless the '--jsx' flag is provided.
src/ai-gateway/app/(dashboard)/dashboard/providers/[id]/provider-detail-layout/BatchTestResultsModal.tsx(84,21): error TS17004: Cannot use JSX unless the '--jsx' flag is provided.
src/ai-gateway/app/(dashboard)/dashboard/providers/[id]/provider-detail-layout/BatchTestResultsModal.tsx(88,19): error TS17004: Cannot use JSX unless the '--jsx' flag is provided.
src/ai-gateway/app/(dashboard)/dashboard/providers/[id]/provider-detail-layout/BatchTestResultsModal.tsx(100,17): error TS17004: Cannot use JSX unless the '--jsx' flag is provided.
src/ai-gateway/app/(dashboard)/dashboard/providers/[id]/provider-detail-layout/CompatibleNodeCard.tsx(3,30): error TS2307: Cannot find module '@/shared/components' or its corresponding type declarations.
src/ai-gateway/app/(dashboard)/dashboard/providers/[id]/provider-detail-layout/CompatibleNodeCard.tsx(7,8): error TS6142: Module '../provider-detail-model-compat' was resolved to 'C:/TESTES DEV/1_PROJETOS_ATIVOS/Zavorth/src/ai-gateway/app/(dashboard)/dashboard/providers/[id]/provider-detail-model-compat.tsx', but '--jsx' is not set.
src/ai-gateway/app/(dashboard)/dashboard/providers/[id]/provider-detail-layout/CompatibleNodeCard.tsx(75,5): error TS17004: Cannot use JSX unless the '--jsx' flag is provided.
src/ai-gateway/app/(dashboard)/dashboard/providers/[id]/provider-detail-layout/CompatibleNodeCard.tsx(76,7): error TS17004: Cannot use JSX unless the '--jsx' flag is provided.
src/ai-gateway/app/(dashboard)/dashboard/providers/[id]/provider-detail-layout/CompatibleNodeCard.tsx(77,9): error TS17004: Cannot use JSX unless the '--jsx' flag is provided.
src/ai-gateway/app/(dashboard)/dashboard/providers/[id]/provider-detail-layout/CompatibleNodeCard.tsx(78,11): error TS17004: Cannot use JSX unless the '--jsx' flag is provided.
src/ai-gateway/app/(dashboard)/dashboard/providers/[id]/provider-detail-layout/CompatibleNodeCard.tsx(85,11): error TS17004: Cannot use JSX unless the '--jsx' flag is provided.
src/ai-gateway/app/(dashboard)/dashboard/providers/[id]/provider-detail-layout/CompatibleNodeCard.tsx(87,30): error TS2339: Property 'baseUrl' does not exist on type 'never'.
src/ai-gateway/app/(dashboard)/dashboard/providers/[id]/provider-detail-layout/CompatibleNodeCard.tsx(95,9): error TS17004: Cannot use JSX unless the '--jsx' flag is provided.
src/ai-gateway/app/(dashboard)/dashboard/providers/[id]/provider-detail-layout/CompatibleNodeCard.tsx(96,11): error TS17004: Cannot use JSX unless the '--jsx' flag is provided.
src/ai-gateway/app/(dashboard)/dashboard/providers/[id]/provider-detail-layout/CompatibleNodeCard.tsx(104,11): error TS17004: Cannot use JSX unless the '--jsx' flag is provided.
src/ai-gateway/app/(dashboard)/dashboard/providers/[id]/provider-detail-layout/CompatibleNodeCard.tsx(112,11): error TS17004: Cannot use JSX unless the '--jsx' flag is provided.
src/ai-gateway/app/(dashboard)/dashboard/providers/[id]/provider-detail-layout/CompatibleNodeCard.tsx(118,9): error TS17004: Cannot use JSX unless the '--jsx' flag is provided.
src/ai-gateway/app/(dashboard)/dashboard/providers/[id]/provider-detail-layout/ConnectionsCard.tsx(3,30): error TS2307: Cannot find module '@/shared/components' or its corresponding type declarations.
src/ai-gateway/app/(dashboard)/dashboard/providers/[id]/provider-detail-layout/ConnectionsCard.tsx(4,47): error TS6142: Module './ConnectionsList' was resolved to 'C:/TESTES DEV/1_PROJETOS_ATIVOS/Zavorth/src/ai-gateway/app/(dashboard)/dashboard/providers/[id]/provider-detail-layout/ConnectionsList.tsx', but '--jsx' is not set.
src/ai-gateway/app/(dashboard)/dashboard/providers/[id]/provider-detail-layout/ConnectionsCard.tsx(73,38): error TS2339: Property 'providers' does not exist on type 'never'.
src/ai-gateway/app/(dashboard)/dashboard/providers/[id]/provider-detail-layout/ConnectionsCard.tsx(76,5): error TS17004: Cannot use JSX unless the '--jsx' flag is provided.
src/ai-gateway/app/(dashboard)/dashboard/providers/[id]/provider-detail-layout/ConnectionsCard.tsx(77,7): error TS17004: Cannot use JSX unless the '--jsx' flag is provided.
src/ai-gateway/app/(dashboard)/dashboard/providers/[id]/provider-detail-layout/ConnectionsCard.tsx(78,9): error TS17004: Cannot use JSX unless the '--jsx' flag is provided.
src/ai-gateway/app/(dashboard)/dashboard/providers/[id]/provider-detail-layout/ConnectionsCard.tsx(79,11): error TS17004: Cannot use JSX unless the '--jsx' flag is provided.
src/ai-gateway/app/(dashboard)/dashboard/providers/[id]/provider-detail-layout/ConnectionsCard.tsx(80,11): error TS17004: Cannot use JSX unless the '--jsx' flag is provided.
src/ai-gateway/app/(dashboard)/dashboard/providers/[id]/provider-detail-layout/ConnectionsCard.tsx(83,17): error TS2353: Object literal may only specify known properties, and 'level' does not exist in type '(prevState: null) => null'.
src/ai-gateway/app/(dashboard)/dashboard/providers/[id]/provider-detail-layout/ConnectionsCard.tsx(101,13): error TS17004: Cannot use JSX unless the '--jsx' flag is provided.
src/ai-gateway/app/(dashboard)/dashboard/providers/[id]/provider-detail-layout/ConnectionsCard.tsx(107,11): error TS17004: Cannot use JSX unless the '--jsx' flag is provided.
src/ai-gateway/app/(dashboard)/dashboard/providers/[id]/provider-detail-layout/ConnectionsCard.tsx(118,13): error TS17004: Cannot use JSX unless the '--jsx' flag is provided.
src/ai-gateway/app/(dashboard)/dashboard/providers/[id]/provider-detail-layout/ConnectionsCard.tsx(126,11): error TS17004: Cannot use JSX unless the '--jsx' flag is provided.
src/ai-gateway/app/(dashboard)/dashboard/providers/[id]/provider-detail-layout/ConnectionsCard.tsx(127,13): error TS17004: Cannot use JSX unless the '--jsx' flag is provided.
src/ai-gateway/app/(dashboard)/dashboard/providers/[id]/provider-detail-layout/ConnectionsCard.tsx(131,15): error TS17004: Cannot use JSX unless the '--jsx' flag is provided.
src/ai-gateway/app/(dashboard)/dashboard/providers/[id]/provider-detail-layout/ConnectionsCard.tsx(138,13): error TS17004: Cannot use JSX unless the '--jsx' flag is provided.
src/ai-gateway/app/(dashboard)/dashboard/providers/[id]/provider-detail-layout/ConnectionsCard.tsx(146,9): error TS17004: Cannot use JSX unless the '--jsx' flag is provided.
src/ai-gateway/app/(dashboard)/dashboard/providers/[id]/provider-detail-layout/ConnectionsCard.tsx(147,11): error TS17004: Cannot use JSX unless the '--jsx' flag is provided.
src/ai-gateway/app/(dashboard)/dashboard/providers/[id]/provider-detail-layout/ConnectionsCard.tsx(148,13): error TS17004: Cannot use JSX unless the '--jsx' flag is provided.
src/ai-gateway/app/(dashboard)/dashboard/providers/[id]/provider-detail-layout/ConnectionsCard.tsx(150,11): error TS17004: Cannot use JSX unless the '--jsx' flag is provided.
src/ai-gateway/app/(dashboard)/dashboard/providers/[id]/provider-detail-layout/ConnectionsCard.tsx(151,11): error TS17004: Cannot use JSX unless the '--jsx' flag is provided.
src/ai-gateway/app/(dashboard)/dashboard/providers/[id]/provider-detail-layout/ConnectionsCard.tsx(153,13): error TS17004: Cannot use JSX unless the '--jsx' flag is provided.
src/ai-gateway/app/(dashboard)/dashboard/providers/[id]/provider-detail-layout/ConnectionsCard.tsx(154,15): error TS17004: Cannot use JSX unless the '--jsx' flag is provided.
src/ai-gateway/app/(dashboard)/dashboard/providers/[id]/provider-detail-layout/ConnectionsCard.tsx(158,17): error TS17004: Cannot use JSX unless the '--jsx' flag is provided.
src/ai-gateway/app/(dashboard)/dashboard/providers/[id]/provider-detail-layout/ConnectionsCard.tsx(166,9): error TS17004: Cannot use JSX unless the '--jsx' flag is provided.
src/ai-gateway/app/(dashboard)/dashboard/providers/[id]/provider-detail-layout/ConnectionsList.tsx(3,40): error TS2307: Cannot find module '@/shared/utils/maskEmail' or its corresponding type declarations.
src/ai-gateway/app/(dashboard)/dashboard/providers/[id]/provider-detail-layout/ConnectionsList.tsx(4,56): error TS6142: Module '../provider-detail-connection-row' was resolved to 'C:/TESTES DEV/1_PROJETOS_ATIVOS/Zavorth/src/ai-gateway/app/(dashboard)/dashboard/providers/[id]/provider-detail-connection-row.tsx', but '--jsx' is not set.
src/ai-gateway/app/(dashboard)/dashboard/providers/[id]/provider-detail-layout/ConnectionsList.tsx(57,62): error TS2339: Property 'id' does not exist on type 'never'.
src/ai-gateway/app/(dashboard)/dashboard/providers/[id]/provider-detail-layout/ConnectionsList.tsx(67,56): error TS2339: Property 'id' does not exist on type 'never'.
src/ai-gateway/app/(dashboard)/dashboard/providers/[id]/provider-detail-layout/ConnectionsList.tsx(70,7): error TS17004: Cannot use JSX unless the '--jsx' flag is provided.
src/ai-gateway/app/(dashboard)/dashboard/providers/[id]/provider-detail-layout/ConnectionsList.tsx(71,25): error TS2339: Property 'id' does not exist on type 'never'.
src/ai-gateway/app/(dashboard)/dashboard/providers/[id]/provider-detail-layout/ConnectionsList.tsx(73,29): error TS2339: Property 'authType' does not exist on type 'never'.
src/ai-gateway/app/(dashboard)/dashboard/providers/[id]/provider-detail-layout/ConnectionsList.tsx(78,26): error TS7006: Parameter 'isActive' implicitly has an 'any' type.
src/ai-gateway/app/(dashboard)/dashboard/providers/[id]/provider-detail-layout/ConnectionsList.tsx(78,79): error TS2339: Property 'id' does not exist on type 'never'.
src/ai-gateway/app/(dashboard)/dashboard/providers/[id]/provider-detail-layout/ConnectionsList.tsx(79,29): error TS7006: Parameter 'enabled' implicitly has an 'any' type.
src/ai-gateway/app/(dashboard)/dashboard/providers/[id]/provider-detail-layout/ConnectionsList.tsx(79,74): error TS2339: Property 'id' does not exist on type 'never'.
src/ai-gateway/app/(dashboard)/dashboard/providers/[id]/provider-detail-layout/ConnectionsList.tsx(81,27): error TS7006: Parameter 'enabled' implicitly has an 'any' type.
src/ai-gateway/app/(dashboard)/dashboard/providers/[id]/provider-detail-layout/ConnectionsList.tsx(81,73): error TS2339: Property 'id' does not exist on type 'never'.
src/ai-gateway/app/(dashboard)/dashboard/providers/[id]/provider-detail-layout/ConnectionsList.tsx(82,31): error TS7006: Parameter 'enabled' implicitly has an 'any' type.
src/ai-gateway/app/(dashboard)/dashboard/providers/[id]/provider-detail-layout/ConnectionsList.tsx(83,45): error TS2339: Property 'id' does not exist on type 'never'.
src/ai-gateway/app/(dashboard)/dashboard/providers/[id]/provider-detail-layout/ConnectionsList.tsx(85,59): error TS2339: Property 'id' does not exist on type 'never'.
src/ai-gateway/app/(dashboard)/dashboard/providers/[id]/provider-detail-layout/ConnectionsList.tsx(86,49): error TS2339: Property 'id' does not exist on type 'never'.
src/ai-gateway/app/(dashboard)/dashboard/providers/[id]/provider-detail-layout/ConnectionsList.tsx(91,49): error TS2339: Property 'id' does not exist on type 'never'.
src/ai-gateway/app/(dashboard)/dashboard/providers/[id]/provider-detail-layout/ConnectionsList.tsx(92,30): error TS2339: Property 'authType' does not exist on type 'never'.
src/ai-gateway/app/(dashboard)/dashboard/providers/[id]/provider-detail-layout/ConnectionsList.tsx(94,22): error TS2339: Property 'authType' does not exist on type 'never'.
src/ai-gateway/app/(dashboard)/dashboard/providers/[id]/provider-detail-layout/ConnectionsList.tsx(94,81): error TS2339: Property 'id' does not exist on type 'never'.
src/ai-gateway/app/(dashboard)/dashboard/providers/[id]/provider-detail-layout/ConnectionsList.tsx(96,51): error TS2339: Property 'id' does not exist on type 'never'.
src/ai-gateway/app/(dashboard)/dashboard/providers/[id]/provider-detail-layout/ConnectionsList.tsx(98,79): error TS2339: Property 'id' does not exist on type 'never'.
src/ai-gateway/app/(dashboard)/dashboard/providers/[id]/provider-detail-layout/ConnectionsList.tsx(100,70): error TS2339: Property 'id' does not exist on type 'never'.
src/ai-gateway/app/(dashboard)/dashboard/providers/[id]/provider-detail-layout/ConnectionsList.tsx(102,79): error TS2339: Property 'id' does not exist on type 'never'.
src/ai-gateway/app/(dashboard)/dashboard/providers/[id]/provider-detail-layout/ConnectionsList.tsx(104,71): error TS2339: Property 'id' does not exist on type 'never'.
src/ai-gateway/app/(dashboard)/dashboard/providers/[id]/provider-detail-layout/ConnectionsList.tsx(107,13): error TS2353: Object literal may only specify known properties, and 'level' does not exist in type '(prevState: null) => null'.
src/ai-gateway/app/(dashboard)/dashboard/providers/[id]/provider-detail-layout/ConnectionsList.tsx(108,28): error TS2339: Property 'id' does not exist on type 'never'.
src/ai-gateway/app/(dashboard)/dashboard/providers/[id]/provider-detail-layout/ConnectionsList.tsx(109,55): error TS2339: Property 'name' does not exist on type 'never'.
src/ai-gateway/app/(dashboard)/dashboard/providers/[id]/provider-detail-layout/ConnectionsList.tsx(109,72): error TS2339: Property 'email' does not exist on type 'never'.
src/ai-gateway/app/(dashboard)/dashboard/providers/[id]/provider-detail-layout/ConnectionsList.tsx(109,91): error TS2339: Property 'id' does not exist on type 'never'.
src/ai-gateway/app/(dashboard)/dashboard/providers/[id]/provider-detail-layout/ConnectionsList.tsx(112,45): error TS2339: Property 'id' does not exist on type 'never'.
src/ai-gateway/app/(dashboard)/dashboard/providers/[id]/provider-detail-layout/ConnectionsList.tsx(113,46): error TS2339: Property 'id' does not exist on type 'never'.
src/ai-gateway/app/(dashboard)/dashboard/providers/[id]/provider-detail-layout/ConnectionsList.tsx(114,44): error TS2339: Property 'id' does not exist on type 'never'.
src/ai-gateway/app/(dashboard)/dashboard/providers/[id]/provider-detail-layout/ConnectionsList.tsx(121,7): error TS17004: Cannot use JSX unless the '--jsx' flag is provided.
src/ai-gateway/app/(dashboard)/dashboard/providers/[id]/provider-detail-layout/ConnectionsList.tsx(133,5): error TS17004: Cannot use JSX unless the '--jsx' flag is provided.
src/ai-gateway/app/(dashboard)/dashboard/providers/[id]/provider-detail-layout/ConnectionsList.tsx(138,11): error TS17004: Cannot use JSX unless the '--jsx' flag is provided.
src/ai-gateway/app/(dashboard)/dashboard/providers/[id]/provider-detail-layout/ConnectionsList.tsx(147,15): error TS17004: Cannot use JSX unless the '--jsx' flag is provided.
src/ai-gateway/app/(dashboard)/dashboard/providers/[id]/provider-detail-layout/ConnectionsList.tsx(148,17): error TS17004: Cannot use JSX unless the '--jsx' flag is provided.
src/ai-gateway/app/(dashboard)/dashboard/providers/[id]/provider-detail-layout/ConnectionsList.tsx(151,17): error TS17004: Cannot use JSX unless the '--jsx' flag is provided.
src/ai-gateway/app/(dashboard)/dashboard/providers/[id]/provider-detail-layout/ConnectionsList.tsx(154,17): error TS17004: Cannot use JSX unless the '--jsx' flag is provided.
src/ai-gateway/app/(dashboard)/dashboard/providers/[id]/provider-detail-layout/ConnectionsList.tsx(155,17): error TS17004: Cannot use JSX unless the '--jsx' flag is provided.
src/ai-gateway/app/(dashboard)/dashboard/providers/[id]/provider-detail-layout/ConnectionsList.tsx(158,13): error TS17004: Cannot use JSX unless the '--jsx' flag is provided.
src/ai-gateway/app/(dashboard)/dashboard/providers/[id]/provider-detail-layout/HeaderSection.tsx(3,19): error TS2307: Cannot find module 'next/image' or its corresponding type declarations.
src/ai-gateway/app/(dashboard)/dashboard/providers/[id]/provider-detail-layout/HeaderSection.tsx(4,18): error TS2307: Cannot find module 'next/link' or its corresponding type declarations.
src/ai-gateway/app/(dashboard)/dashboard/providers/[id]/provider-detail-layout/HeaderSection.tsx(39,5): error TS17004: Cannot use JSX unless the '--jsx' flag is provided.
src/ai-gateway/app/(dashboard)/dashboard/providers/[id]/provider-detail-layout/HeaderSection.tsx(40,7): error TS17004: Cannot use JSX unless the '--jsx' flag is provided.
src/ai-gateway/app/(dashboard)/dashboard/providers/[id]/provider-detail-layout/HeaderSection.tsx(44,9): error TS17004: Cannot use JSX unless the '--jsx' flag is provided.
src/ai-gateway/app/(dashboard)/dashboard/providers/[id]/provider-detail-layout/HeaderSection.tsx(47,7): error TS17004: Cannot use JSX unless the '--jsx' flag is provided.
src/ai-gateway/app/(dashboard)/dashboard/providers/[id]/provider-detail-layout/HeaderSection.tsx(48,9): error TS17004: Cannot use JSX unless the '--jsx' flag is provided.
src/ai-gateway/app/(dashboard)/dashboard/providers/[id]/provider-detail-layout/HeaderSection.tsx(53,13): error TS17004: Cannot use JSX unless the '--jsx' flag is provided.
src/ai-gateway/app/(dashboard)/dashboard/providers/[id]/provider-detail-layout/HeaderSection.tsx(57,13): error TS17004: Cannot use JSX unless the '--jsx' flag is provided.
src/ai-gateway/app/(dashboard)/dashboard/providers/[id]/provider-detail-layout/HeaderSection.tsx(68,9): error TS17004: Cannot use JSX unless the '--jsx' flag is provided.
src/ai-gateway/app/(dashboard)/dashboard/providers/[id]/provider-detail-layout/HeaderSection.tsx(70,13): error TS17004: Cannot use JSX unless the '--jsx' flag is provided.
src/ai-gateway/app/(dashboard)/dashboard/providers/[id]/provider-detail-layout/HeaderSection.tsx(78,15): error TS17004: Cannot use JSX unless the '--jsx' flag is provided.
src/ai-gateway/app/(dashboard)/dashboard/providers/[id]/provider-detail-layout/HeaderSection.tsx(81,13): error TS17004: Cannot use JSX unless the '--jsx' flag is provided.
src/ai-gateway/app/(dashboard)/dashboard/providers/[id]/provider-detail-layout/HeaderSection.tsx(83,11): error TS17004: Cannot use JSX unless the '--jsx' flag is provided.
src/ai-gateway/app/(dashboard)/dashboard/providers/[id]/provider-detail-layout/helpers.ts(1,49): error TS6142: Module '../provider-detail-model-compat' was resolved to 'C:/TESTES DEV/1_PROJETOS_ATIVOS/Zavorth/src/ai-gateway/app/(dashboard)/dashboard/providers/[id]/provider-detail-model-compat.tsx', but '--jsx' is not set.
src/ai-gateway/app/(dashboard)/dashboard/providers/[id]/provider-detail-layout/helpers.ts(35,24): error TS2339: Property 'apiType' does not exist on type 'never'.
src/ai-gateway/app/(dashboard)/dashboard/providers/[id]/provider-detail-layout/helpers.ts(44,27): error TS2339: Property 'chatPath' does not exist on type 'never'.
src/ai-gateway/app/(dashboard)/dashboard/providers/[id]/provider-detail-layout/helpers.ts(48,27): error TS2339: Property 'chatPath' does not exist on type 'never'.
src/ai-gateway/app/(dashboard)/dashboard/providers/[id]/provider-detail-layout/helpers.ts(51,21): error TS2339: Property 'apiType' does not exist on type 'never'.
src/ai-gateway/app/(dashboard)/dashboard/providers/[id]/provider-detail-layout/helpers.ts(52,26): error TS2339: Property 'chatPath' does not exist on type 'never'.
src/ai-gateway/app/(dashboard)/dashboard/providers/[id]/provider-detail-layout/helpers.ts(55,25): error TS2339: Property 'chatPath' does not exist on type 'never'.
src/ai-gateway/app/(dashboard)/dashboard/providers/[id]/provider-detail-layout/helpers.ts(59,45): error TS2339: Property 'priority' does not exist on type 'never'.
src/ai-gateway/app/(dashboard)/dashboard/providers/[id]/provider-detail-layout/helpers.ts(59,65): error TS2339: Property 'priority' does not exist on type 'never'.
src/ai-gateway/app/(dashboard)/dashboard/providers/[id]/provider-detail-layout/helpers.ts(64,25): error TS2339: Property 'providerSpecificData' does not exist on type 'never'.
src/ai-gateway/app/(dashboard)/dashboard/providers/[id]/provider-detail-layout/helpers.ts(69,29): error TS2339: Property 'providerSpecificData' does not exist on type 'never'.
src/ai-gateway/app/(dashboard)/dashboard/providers/[id]/provider-detail-layout/ImportProgressModal.tsx(3,23): error TS2307: Cannot find module '@/shared/components' or its corresponding type declarations.
src/ai-gateway/app/(dashboard)/dashboard/providers/[id]/provider-detail-layout/ImportProgressModal.tsx(22,5): error TS17004: Cannot use JSX unless the '--jsx' flag is provided.
src/ai-gateway/app/(dashboard)/dashboard/providers/[id]/provider-detail-layout/ImportProgressModal.tsx(25,28): error TS2339: Property 'phase' does not exist on type '{ current: number; total: number; stage: "done" | "error" | "idle" | "fetching" | "importing"; status: string; logs: string[]; error: string; importedCount: number; }'.
src/ai-gateway/app/(dashboard)/dashboard/providers/[id]/provider-detail-layout/ImportProgressModal.tsx(25,63): error TS2339: Property 'phase' does not exist on type '{ current: number; total: number; stage: "done" | "error" | "idle" | "fetching" | "importing"; status: string; logs: string[]; error: string; importedCount: number; }'.
src/ai-gateway/app/(dashboard)/dashboard/providers/[id]/provider-detail-layout/ImportProgressModal.tsx(32,39): error TS2339: Property 'phase' does not exist on type '{ current: number; total: number; stage: "done" | "error" | "idle" | "fetching" | "importing"; status: string; logs: string[]; error: string; importedCount: number; }'.
src/ai-gateway/app/(dashboard)/dashboard/providers/[id]/provider-detail-layout/ImportProgressModal.tsx(32,74): error TS2339: Property 'phase' does not exist on type '{ current: number; total: number; stage: "done" | "error" | "idle" | "fetching" | "importing"; status: string; logs: string[]; error: string; importedCount: number; }'.
src/ai-gateway/app/(dashboard)/dashboard/providers/[id]/provider-detail-layout/ImportProgressModal.tsx(34,7): error TS17004: Cannot use JSX unless the '--jsx' flag is provided.
src/ai-gateway/app/(dashboard)/dashboard/providers/[id]/provider-detail-layout/ImportProgressModal.tsx(35,9): error TS17004: Cannot use JSX unless the '--jsx' flag is provided.
src/ai-gateway/app/(dashboard)/dashboard/providers/[id]/provider-detail-layout/ImportProgressModal.tsx(36,28): error TS2339: Property 'phase' does not exist on type '{ current: number; total: number; stage: "done" | "error" | "idle" | "fetching" | "importing"; status: string; logs: string[]; error: string; importedCount: number; }'.
src/ai-gateway/app/(dashboard)/dashboard/providers/[id]/provider-detail-layout/ImportProgressModal.tsx(36,67): error TS2339: Property 'phase' does not exist on type '{ current: number; total: number; stage: "done" | "error" | "idle" | "fetching" | "importing"; status: string; logs: string[]; error: string; importedCount: number; }'.
src/ai-gateway/app/(dashboard)/dashboard/providers/[id]/provider-detail-layout/ImportProgressModal.tsx(37,13): error TS17004: Cannot use JSX unless the '--jsx' flag is provided.
src/ai-gateway/app/(dashboard)/dashboard/providers/[id]/provider-detail-layout/ImportProgressModal.tsx(41,27): error TS2339: Property 'phase' does not exist on type '{ current: number; total: number; stage: "done" | "error" | "idle" | "fetching" | "importing"; status: string; logs: string[]; error: string; importedCount: number; }'.
src/ai-gateway/app/(dashboard)/dashboard/providers/[id]/provider-detail-layout/ImportProgressModal.tsx(42,13): error TS17004: Cannot use JSX unless the '--jsx' flag is provided.
src/ai-gateway/app/(dashboard)/dashboard/providers/[id]/provider-detail-layout/ImportProgressModal.tsx(44,27): error TS2339: Property 'phase' does not exist on type '{ current: number; total: number; stage: "done" | "error" | "idle" | "fetching" | "importing"; status: string; logs: string[]; error: string; importedCount: number; }'.
src/ai-gateway/app/(dashboard)/dashboard/providers/[id]/provider-detail-layout/ImportProgressModal.tsx(45,13): error TS17004: Cannot use JSX unless the '--jsx' flag is provided.
src/ai-gateway/app/(dashboard)/dashboard/providers/[id]/provider-detail-layout/ImportProgressModal.tsx(47,11): error TS17004: Cannot use JSX unless the '--jsx' flag is provided.
src/ai-gateway/app/(dashboard)/dashboard/providers/[id]/provider-detail-layout/ImportProgressModal.tsx(50,26): error TS2339: Property 'phase' does not exist on type '{ current: number; total: number; stage: "done" | "error" | "idle" | "fetching" | "importing"; status: string; logs: string[]; error: string; importedCount: number; }'.
src/ai-gateway/app/(dashboard)/dashboard/providers/[id]/provider-detail-layout/ImportProgressModal.tsx(50,66): error TS2339: Property 'phase' does not exist on type '{ current: number; total: number; stage: "done" | "error" | "idle" | "fetching" | "importing"; status: string; logs: string[]; error: string; importedCount: number; }'.
src/ai-gateway/app/(dashboard)/dashboard/providers/[id]/provider-detail-layout/ImportProgressModal.tsx(52,13): error TS17004: Cannot use JSX unless the '--jsx' flag is provided.
src/ai-gateway/app/(dashboard)/dashboard/providers/[id]/provider-detail-layout/ImportProgressModal.tsx(53,15): error TS17004: Cannot use JSX unless the '--jsx' flag is provided.
src/ai-gateway/app/(dashboard)/dashboard/providers/[id]/provider-detail-layout/ImportProgressModal.tsx(54,17): error TS17004: Cannot use JSX unless the '--jsx' flag is provided.
src/ai-gateway/app/(dashboard)/dashboard/providers/[id]/provider-detail-layout/ImportProgressModal.tsx(57,17): error TS17004: Cannot use JSX unless the '--jsx' flag is provided.
src/ai-gateway/app/(dashboard)/dashboard/providers/[id]/provider-detail-layout/ImportProgressModal.tsx(61,15): error TS17004: Cannot use JSX unless the '--jsx' flag is provided.
src/ai-gateway/app/(dashboard)/dashboard/providers/[id]/provider-detail-layout/ImportProgressModal.tsx(62,17): error TS17004: Cannot use JSX unless the '--jsx' flag is provided.
src/ai-gateway/app/(dashboard)/dashboard/providers/[id]/provider-detail-layout/ImportProgressModal.tsx(67,38): error TS2339: Property 'phase' does not exist on type '{ current: number; total: number; stage: "done" | "error" | "idle" | "fetching" | "importing"; status: string; logs: string[]; error: string; importedCount: number; }'.
src/ai-gateway/app/(dashboard)/dashboard/providers/[id]/provider-detail-layout/ImportProgressModal.tsx(76,25): error TS2339: Property 'phase' does not exist on type '{ current: number; total: number; stage: "done" | "error" | "idle" | "fetching" | "importing"; status: string; logs: string[]; error: string; importedCount: number; }'.
src/ai-gateway/app/(dashboard)/dashboard/providers/[id]/provider-detail-layout/ImportProgressModal.tsx(77,11): error TS17004: Cannot use JSX unless the '--jsx' flag is provided.
src/ai-gateway/app/(dashboard)/dashboard/providers/[id]/provider-detail-layout/ImportProgressModal.tsx(78,13): error TS17004: Cannot use JSX unless the '--jsx' flag is provided.
src/ai-gateway/app/(dashboard)/dashboard/providers/[id]/provider-detail-layout/ImportProgressModal.tsx(89,25): error TS2339: Property 'phase' does not exist on type '{ current: number; total: number; stage: "done" | "error" | "idle" | "fetching" | "importing"; status: string; logs: string[]; error: string; importedCount: number; }'.
src/ai-gateway/app/(dashboard)/dashboard/providers/[id]/provider-detail-layout/ImportProgressModal.tsx(90,11): error TS17004: Cannot use JSX unless the '--jsx' flag is provided.
src/ai-gateway/app/(dashboard)/dashboard/providers/[id]/provider-detail-layout/ImportProgressModal.tsx(91,13): error TS17004: Cannot use JSX unless the '--jsx' flag is provided.
src/ai-gateway/app/(dashboard)/dashboard/providers/[id]/provider-detail-layout/ImportProgressModal.tsx(96,11): error TS17004: Cannot use JSX unless the '--jsx' flag is provided.
src/ai-gateway/app/(dashboard)/dashboard/providers/[id]/provider-detail-layout/ImportProgressModal.tsx(97,13): error TS17004: Cannot use JSX unless the '--jsx' flag is provided.
src/ai-gateway/app/(dashboard)/dashboard/providers/[id]/provider-detail-layout/ImportProgressModal.tsx(99,17): error TS17004: Cannot use JSX unless the '--jsx' flag is provided.
src/ai-gateway/app/(dashboard)/dashboard/providers/[id]/provider-detail-layout/ImportProgressModal.tsx(112,25): error TS2339: Property 'phase' does not exist on type '{ current: number; total: number; stage: "done" | "error" | "idle" | "fetching" | "importing"; status: string; logs: string[]; error: string; importedCount: number; }'.
src/ai-gateway/app/(dashboard)/dashboard/providers/[id]/provider-detail-layout/ImportProgressModal.tsx(113,11): error TS17004: Cannot use JSX unless the '--jsx' flag is provided.
src/ai-gateway/app/(dashboard)/dashboard/providers/[id]/provider-detail-layout/ImportProgressModal.tsx(114,13): error TS17004: Cannot use JSX unless the '--jsx' flag is provided.
src/ai-gateway/app/(dashboard)/dashboard/providers/[id]/provider-detail-layout/LayoutModals.tsx(8,8): error TS2307: Cannot find module '@/shared/components' or its corresponding type declarations.
src/ai-gateway/app/(dashboard)/dashboard/providers/[id]/provider-detail-layout/LayoutModals.tsx(13,8): error TS6142: Module '../provider-detail-modals' was resolved to 'C:/TESTES DEV/1_PROJETOS_ATIVOS/Zavorth/src/ai-gateway/app/(dashboard)/dashboard/providers/[id]/provider-detail-modals.tsx', but '--jsx' is not set.
src/ai-gateway/app/(dashboard)/dashboard/providers/[id]/provider-detail-layout/LayoutModals.tsx(14,53): error TS6142: Module './BatchTestResultsModal' was resolved to 'C:/TESTES DEV/1_PROJETOS_ATIVOS/Zavorth/src/ai-gateway/app/(dashboard)/dashboard/providers/[id]/provider-detail-layout/BatchTestResultsModal.tsx', but '--jsx' is not set.
src/ai-gateway/app/(dashboard)/dashboard/providers/[id]/provider-detail-layout/LayoutModals.tsx(15,51): error TS6142: Module './ImportProgressModal' was resolved to 'C:/TESTES DEV/1_PROJETOS_ATIVOS/Zavorth/src/ai-gateway/app/(dashboard)/dashboard/providers/[id]/provider-detail-layout/ImportProgressModal.tsx', but '--jsx' is not set.
src/ai-gateway/app/(dashboard)/dashboard/providers/[id]/provider-detail-layout/LayoutModals.tsx(87,5): error TS17004: Cannot use JSX unless the '--jsx' flag is provided.
src/ai-gateway/app/(dashboard)/dashboard/providers/[id]/provider-detail-layout/LayoutModals.tsx(89,9): error TS17004: Cannot use JSX unless the '--jsx' flag is provided.
src/ai-gateway/app/(dashboard)/dashboard/providers/[id]/provider-detail-layout/LayoutModals.tsx(98,9): error TS17004: Cannot use JSX unless the '--jsx' flag is provided.
src/ai-gateway/app/(dashboard)/dashboard/providers/[id]/provider-detail-layout/LayoutModals.tsx(106,9): error TS17004: Cannot use JSX unless the '--jsx' flag is provided.
src/ai-gateway/app/(dashboard)/dashboard/providers/[id]/provider-detail-layout/LayoutModals.tsx(117,7): error TS17004: Cannot use JSX unless the '--jsx' flag is provided.
src/ai-gateway/app/(dashboard)/dashboard/providers/[id]/provider-detail-layout/LayoutModals.tsx(128,7): error TS17004: Cannot use JSX unless the '--jsx' flag is provided.
src/ai-gateway/app/(dashboard)/dashboard/providers/[id]/provider-detail-layout/LayoutModals.tsx(136,9): error TS17004: Cannot use JSX unless the '--jsx' flag is provided.
src/ai-gateway/app/(dashboard)/dashboard/providers/[id]/provider-detail-layout/LayoutModals.tsx(146,7): error TS17004: Cannot use JSX unless the '--jsx' flag is provided.
src/ai-gateway/app/(dashboard)/dashboard/providers/[id]/provider-detail-layout/LayoutModals.tsx(155,9): error TS17004: Cannot use JSX unless the '--jsx' flag is provided.
src/ai-gateway/app/(dashboard)/dashboard/providers/[id]/provider-detail-layout/LayoutModals.tsx(158,30): error TS2339: Property 'level' does not exist on type 'never'.
src/ai-gateway/app/(dashboard)/dashboard/providers/[id]/provider-detail-layout/LayoutModals.tsx(159,32): error TS2339: Property 'id' does not exist on type 'never'.
src/ai-gateway/app/(dashboard)/dashboard/providers/[id]/provider-detail-layout/LayoutModals.tsx(160,35): error TS2339: Property 'label' does not exist on type 'never'.
src/ai-gateway/app/(dashboard)/dashboard/providers/[id]/provider-detail-layout/LayoutModals.tsx(165,7): error TS17004: Cannot use JSX unless the '--jsx' flag is provided.
src/ai-gateway/app/(dashboard)/dashboard/providers/[id]/provider-detail-modals-add-api-key.tsx(4,23): error TS2307: Cannot find module 'prop-types' or its corresponding type declarations.
src/ai-gateway/app/(dashboard)/dashboard/providers/[id]/provider-detail-modals-add-api-key.tsx(5,33): error TS2307: Cannot find module 'next-intl' or its corresponding type declarations.
src/ai-gateway/app/(dashboard)/dashboard/providers/[id]/provider-detail-modals-add-api-key.tsx(6,45): error TS2307: Cannot find module '@/shared/components' or its corresponding type declarations.
src/ai-gateway/app/(dashboard)/dashboard/providers/[id]/provider-detail-modals-add-api-key.tsx(23,4): error TS2304: Cannot find name 'AddApiKeyModalProps'.
src/ai-gateway/app/(dashboard)/dashboard/providers/[id]/provider-detail-modals-add-api-key.tsx(62,27): error TS2345: Argument of type '"failed" | "success"' is not assignable to parameter of type 'SetStateAction<null>'.
  Type '"failed"' is not assignable to type 'SetStateAction<null>'.
src/ai-gateway/app/(dashboard)/dashboard/providers/[id]/provider-detail-modals-add-api-key.tsx(64,27): error TS2345: Argument of type '"failed"' is not assignable to parameter of type 'SetStateAction<null>'.
src/ai-gateway/app/(dashboard)/dashboard/providers/[id]/provider-detail-modals-add-api-key.tsx(103,29): error TS2345: Argument of type '"failed" | "success"' is not assignable to parameter of type 'SetStateAction<null>'.
  Type '"failed"' is not assignable to type 'SetStateAction<null>'.
src/ai-gateway/app/(dashboard)/dashboard/providers/[id]/provider-detail-modals-add-api-key.tsx(105,29): error TS2345: Argument of type '"failed"' is not assignable to parameter of type 'SetStateAction<null>'.
src/ai-gateway/app/(dashboard)/dashboard/providers/[id]/provider-detail-modals-add-api-key.tsx(148,5): error TS17004: Cannot use JSX unless the '--jsx' flag is provided.
src/ai-gateway/app/(dashboard)/dashboard/providers/[id]/provider-detail-modals-add-api-key.tsx(153,7): error TS17004: Cannot use JSX unless the '--jsx' flag is provided.
src/ai-gateway/app/(dashboard)/dashboard/providers/[id]/provider-detail-modals-add-api-key.tsx(154,9): error TS17004: Cannot use JSX unless the '--jsx' flag is provided.
src/ai-gateway/app/(dashboard)/dashboard/providers/[id]/provider-detail-modals-add-api-key.tsx(157,22): error TS7006: Parameter 'e' implicitly has an 'any' type.
src/ai-gateway/app/(dashboard)/dashboard/providers/[id]/provider-detail-modals-add-api-key.tsx(160,9): error TS17004: Cannot use JSX unless the '--jsx' flag is provided.
src/ai-gateway/app/(dashboard)/dashboard/providers/[id]/provider-detail-modals-add-api-key.tsx(161,11): error TS17004: Cannot use JSX unless the '--jsx' flag is provided.
src/ai-gateway/app/(dashboard)/dashboard/providers/[id]/provider-detail-modals-add-api-key.tsx(165,24): error TS7006: Parameter 'e' implicitly has an 'any' type.
src/ai-gateway/app/(dashboard)/dashboard/providers/[id]/provider-detail-modals-add-api-key.tsx(180,11): error TS17004: Cannot use JSX unless the '--jsx' flag is provided.
src/ai-gateway/app/(dashboard)/dashboard/providers/[id]/provider-detail-modals-add-api-key.tsx(181,13): error TS17004: Cannot use JSX unless the '--jsx' flag is provided.
src/ai-gateway/app/(dashboard)/dashboard/providers/[id]/provider-detail-modals-add-api-key.tsx(191,11): error TS17004: Cannot use JSX unless the '--jsx' flag is provided.
src/ai-gateway/app/(dashboard)/dashboard/providers/[id]/provider-detail-modals-add-api-key.tsx(196,11): error TS17004: Cannot use JSX unless the '--jsx' flag is provided.
src/ai-gateway/app/(dashboard)/dashboard/providers/[id]/provider-detail-modals-add-api-key.tsx(201,11): error TS17004: Cannot use JSX unless the '--jsx' flag is provided.
src/ai-gateway/app/(dashboard)/dashboard/providers/[id]/provider-detail-modals-add-api-key.tsx(213,9): error TS17004: Cannot use JSX unless the '--jsx' flag is provided.
src/ai-gateway/app/(dashboard)/dashboard/providers/[id]/provider-detail-modals-add-api-key.tsx(220,11): error TS17004: Cannot use JSX unless the '--jsx' flag is provided.
src/ai-gateway/app/(dashboard)/dashboard/providers/[id]/provider-detail-modals-add-api-key.tsx(229,11): error TS17004: Cannot use JSX unless the '--jsx' flag is provided.
src/ai-gateway/app/(dashboard)/dashboard/providers/[id]/provider-detail-modals-add-api-key.tsx(233,13): error TS17004: Cannot use JSX unless the '--jsx' flag is provided.
src/ai-gateway/app/(dashboard)/dashboard/providers/[id]/provider-detail-modals-add-api-key.tsx(236,26): error TS7006: Parameter 'e' implicitly has an 'any' type.
src/ai-gateway/app/(dashboard)/dashboard/providers/[id]/provider-detail-modals-add-api-key.tsx(242,9): error TS17004: Cannot use JSX unless the '--jsx' flag is provided.
src/ai-gateway/app/(dashboard)/dashboard/providers/[id]/provider-detail-modals-add-api-key.tsx(246,22): error TS7006: Parameter 'e' implicitly has an 'any' type.
src/ai-gateway/app/(dashboard)/dashboard/providers/[id]/provider-detail-modals-add-api-key.tsx(249,9): error TS17004: Cannot use JSX unless the '--jsx' flag is provided.
src/ai-gateway/app/(dashboard)/dashboard/providers/[id]/provider-detail-modals-add-api-key.tsx(253,22): error TS7006: Parameter 'e' implicitly has an 'any' type.
src/ai-gateway/app/(dashboard)/dashboard/providers/[id]/provider-detail-modals-add-api-key.tsx(258,11): error TS17004: Cannot use JSX unless the '--jsx' flag is provided.
src/ai-gateway/app/(dashboard)/dashboard/providers/[id]/provider-detail-modals-add-api-key.tsx(261,24): error TS7006: Parameter 'e' implicitly has an 'any' type.
src/ai-gateway/app/(dashboard)/dashboard/providers/[id]/provider-detail-modals-add-api-key.tsx(267,11): error TS17004: Cannot use JSX unless the '--jsx' flag is provided.
src/ai-gateway/app/(dashboard)/dashboard/providers/[id]/provider-detail-modals-add-api-key.tsx(270,24): error TS7006: Parameter 'e' implicitly has an 'any' type.
src/ai-gateway/app/(dashboard)/dashboard/providers/[id]/provider-detail-modals-add-api-key.tsx(276,11): error TS17004: Cannot use JSX unless the '--jsx' flag is provided.
src/ai-gateway/app/(dashboard)/dashboard/providers/[id]/provider-detail-modals-add-api-key.tsx(277,13): error TS17004: Cannot use JSX unless the '--jsx' flag is provided.
src/ai-gateway/app/(dashboard)/dashboard/providers/[id]/provider-detail-modals-add-api-key.tsx(278,13): error TS17004: Cannot use JSX unless the '--jsx' flag is provided.
src/ai-gateway/app/(dashboard)/dashboard/providers/[id]/provider-detail-modals-add-api-key.tsx(283,15): error TS17004: Cannot use JSX unless the '--jsx' flag is provided.
src/ai-gateway/app/(dashboard)/dashboard/providers/[id]/provider-detail-modals-add-api-key.tsx(284,15): error TS17004: Cannot use JSX unless the '--jsx' flag is provided.
src/ai-gateway/app/(dashboard)/dashboard/providers/[id]/provider-detail-modals-add-api-key.tsx(286,13): error TS17004: Cannot use JSX unless the '--jsx' flag is provided.
src/ai-gateway/app/(dashboard)/dashboard/providers/[id]/provider-detail-modals-add-api-key.tsx(291,9): error TS17004: Cannot use JSX unless the '--jsx' flag is provided.
src/ai-gateway/app/(dashboard)/dashboard/providers/[id]/provider-detail-modals-add-api-key.tsx(292,11): error TS17004: Cannot use JSX unless the '--jsx' flag is provided.
src/ai-gateway/app/(dashboard)/dashboard/providers/[id]/provider-detail-modals-add-api-key.tsx(299,11): error TS17004: Cannot use JSX unless the '--jsx' flag is provided.
src/ai-gateway/app/(dashboard)/dashboard/providers/[id]/provider-detail-modals-edit-compatible-node.tsx(4,23): error TS2307: Cannot find module 'prop-types' or its corresponding type declarations.
src/ai-gateway/app/(dashboard)/dashboard/providers/[id]/provider-detail-modals-edit-compatible-node.tsx(5,33): error TS2307: Cannot find module 'next-intl' or its corresponding type declarations.
src/ai-gateway/app/(dashboard)/dashboard/providers/[id]/provider-detail-modals-edit-compatible-node.tsx(6,53): error TS2307: Cannot find module '@/shared/components' or its corresponding type declarations.
src/ai-gateway/app/(dashboard)/dashboard/providers/[id]/provider-detail-modals-edit-compatible-node.tsx(19,4): error TS2304: Cannot find name 'EditCompatibleNodeModalProps'.
src/ai-gateway/app/(dashboard)/dashboard/providers/[id]/provider-detail-modals-edit-compatible-node.tsx(102,27): error TS2345: Argument of type '"failed" | "success"' is not assignable to parameter of type 'SetStateAction<null>'.
  Type '"failed"' is not assignable to type 'SetStateAction<null>'.
src/ai-gateway/app/(dashboard)/dashboard/providers/[id]/provider-detail-modals-edit-compatible-node.tsx(104,27): error TS2345: Argument of type '"failed"' is not assignable to parameter of type 'SetStateAction<null>'.
src/ai-gateway/app/(dashboard)/dashboard/providers/[id]/provider-detail-modals-edit-compatible-node.tsx(113,5): error TS17004: Cannot use JSX unless the '--jsx' flag is provided.
src/ai-gateway/app/(dashboard)/dashboard/providers/[id]/provider-detail-modals-edit-compatible-node.tsx(122,7): error TS17004: Cannot use JSX unless the '--jsx' flag is provided.
src/ai-gateway/app/(dashboard)/dashboard/providers/[id]/provider-detail-modals-edit-compatible-node.tsx(123,9): error TS17004: Cannot use JSX unless the '--jsx' flag is provided.
src/ai-gateway/app/(dashboard)/dashboard/providers/[id]/provider-detail-modals-edit-compatible-node.tsx(126,22): error TS7006: Parameter 'e' implicitly has an 'any' type.
src/ai-gateway/app/(dashboard)/dashboard/providers/[id]/provider-detail-modals-edit-compatible-node.tsx(136,9): error TS17004: Cannot use JSX unless the '--jsx' flag is provided.
src/ai-gateway/app/(dashboard)/dashboard/providers/[id]/provider-detail-modals-edit-compatible-node.tsx(139,22): error TS7006: Parameter 'e' implicitly has an 'any' type.
src/ai-gateway/app/(dashboard)/dashboard/providers/[id]/provider-detail-modals-edit-compatible-node.tsx(150,11): error TS17004: Cannot use JSX unless the '--jsx' flag is provided.
src/ai-gateway/app/(dashboard)/dashboard/providers/[id]/provider-detail-modals-edit-compatible-node.tsx(154,24): error TS7006: Parameter 'e' implicitly has an 'any' type.
src/ai-gateway/app/(dashboard)/dashboard/providers/[id]/provider-detail-modals-edit-compatible-node.tsx(157,9): error TS17004: Cannot use JSX unless the '--jsx' flag is provided.
src/ai-gateway/app/(dashboard)/dashboard/providers/[id]/provider-detail-modals-edit-compatible-node.tsx(160,22): error TS7006: Parameter 'e' implicitly has an 'any' type.
src/ai-gateway/app/(dashboard)/dashboard/providers/[id]/provider-detail-modals-edit-compatible-node.tsx(176,9): error TS17004: Cannot use JSX unless the '--jsx' flag is provided.
src/ai-gateway/app/(dashboard)/dashboard/providers/[id]/provider-detail-modals-edit-compatible-node.tsx(183,11): error TS17004: Cannot use JSX unless the '--jsx' flag is provided.
src/ai-gateway/app/(dashboard)/dashboard/providers/[id]/provider-detail-modals-edit-compatible-node.tsx(192,11): error TS17004: Cannot use JSX unless the '--jsx' flag is provided.
src/ai-gateway/app/(dashboard)/dashboard/providers/[id]/provider-detail-modals-edit-compatible-node.tsx(193,13): error TS17004: Cannot use JSX unless the '--jsx' flag is provided.
src/ai-gateway/app/(dashboard)/dashboard/providers/[id]/provider-detail-modals-edit-compatible-node.tsx(196,26): error TS7006: Parameter 'e' implicitly has an 'any' type.
src/ai-gateway/app/(dashboard)/dashboard/providers/[id]/provider-detail-modals-edit-compatible-node.tsx(211,15): error TS17004: Cannot use JSX unless the '--jsx' flag is provided.
src/ai-gateway/app/(dashboard)/dashboard/providers/[id]/provider-detail-modals-edit-compatible-node.tsx(214,28): error TS7006: Parameter 'e' implicitly has an 'any' type.
src/ai-gateway/app/(dashboard)/dashboard/providers/[id]/provider-detail-modals-edit-compatible-node.tsx(221,9): error TS17004: Cannot use JSX unless the '--jsx' flag is provided.
src/ai-gateway/app/(dashboard)/dashboard/providers/[id]/provider-detail-modals-edit-compatible-node.tsx(222,11): error TS17004: Cannot use JSX unless the '--jsx' flag is provided.
src/ai-gateway/app/(dashboard)/dashboard/providers/[id]/provider-detail-modals-edit-compatible-node.tsx(226,24): error TS7006: Parameter 'e' implicitly has an 'any' type.
src/ai-gateway/app/(dashboard)/dashboard/providers/[id]/provider-detail-modals-edit-compatible-node.tsx(229,11): error TS17004: Cannot use JSX unless the '--jsx' flag is provided.
src/ai-gateway/app/(dashboard)/dashboard/providers/[id]/provider-detail-modals-edit-compatible-node.tsx(230,13): error TS17004: Cannot use JSX unless the '--jsx' flag is provided.
src/ai-gateway/app/(dashboard)/dashboard/providers/[id]/provider-detail-modals-edit-compatible-node.tsx(240,11): error TS17004: Cannot use JSX unless the '--jsx' flag is provided.
src/ai-gateway/app/(dashboard)/dashboard/providers/[id]/provider-detail-modals-edit-compatible-node.tsx(244,9): error TS17004: Cannot use JSX unless the '--jsx' flag is provided.
src/ai-gateway/app/(dashboard)/dashboard/providers/[id]/provider-detail-modals-edit-compatible-node.tsx(245,11): error TS17004: Cannot use JSX unless the '--jsx' flag is provided.
src/ai-gateway/app/(dashboard)/dashboard/providers/[id]/provider-detail-modals-edit-compatible-node.tsx(254,11): error TS17004: Cannot use JSX unless the '--jsx' flag is provided.
src/ai-gateway/app/(dashboard)/dashboard/providers/[id]/provider-detail-modals-edit-connection.tsx(4,23): error TS2307: Cannot find module 'prop-types' or its corresponding type declarations.
src/ai-gateway/app/(dashboard)/dashboard/providers/[id]/provider-detail-modals-edit-connection.tsx(5,33): error TS2307: Cannot find module 'next-intl' or its corresponding type declarations.
src/ai-gateway/app/(dashboard)/dashboard/providers/[id]/provider-detail-modals-edit-connection.tsx(6,45): error TS2307: Cannot find module '@/shared/components' or its corresponding type declarations.
src/ai-gateway/app/(dashboard)/dashboard/providers/[id]/provider-detail-modals-edit-connection.tsx(7,75): error TS2307: Cannot find module '@/shared/constants/providers' or its corresponding type declarations.
src/ai-gateway/app/(dashboard)/dashboard/providers/[id]/provider-detail-modals-edit-connection.tsx(8,27): error TS2307: Cannot find module '@/shared/utils/maskEmail' or its corresponding type declarations.
src/ai-gateway/app/(dashboard)/dashboard/providers/[id]/provider-detail-modals-edit-connection.tsx(16,71): error TS2304: Cannot find name 'EditConnectionModalProps'.
src/ai-gateway/app/(dashboard)/dashboard/providers/[id]/provider-detail-modals-edit-connection.tsx(82,18): error TS2339: Property 'valid' does not exist on type 'never'.
src/ai-gateway/app/(dashboard)/dashboard/providers/[id]/provider-detail-modals-edit-connection.tsx(82,39): error TS2339: Property 'diagnosis' does not exist on type 'never'.
src/ai-gateway/app/(dashboard)/dashboard/providers/[id]/provider-detail-modals-edit-connection.tsx(83,38): error TS2339: Property 'diagnosis' does not exist on type 'never'.
src/ai-gateway/app/(dashboard)/dashboard/providers/[id]/provider-detail-modals-edit-connection.tsx(100,9): error TS2353: Object literal may only specify known properties, and 'valid' does not exist in type '(prevState: null) => null'.
src/ai-gateway/app/(dashboard)/dashboard/providers/[id]/provider-detail-modals-edit-connection.tsx(106,9): error TS2353: Object literal may only specify known properties, and 'valid' does not exist in type '(prevState: null) => null'.
src/ai-gateway/app/(dashboard)/dashboard/providers/[id]/provider-detail-modals-edit-connection.tsx(132,27): error TS2345: Argument of type '"failed" | "success"' is not assignable to parameter of type 'SetStateAction<null>'.
  Type '"failed"' is not assignable to type 'SetStateAction<null>'.
src/ai-gateway/app/(dashboard)/dashboard/providers/[id]/provider-detail-modals-edit-connection.tsx(134,27): error TS2345: Argument of type '"failed"' is not assignable to parameter of type 'SetStateAction<null>'.
src/ai-gateway/app/(dashboard)/dashboard/providers/[id]/provider-detail-modals-edit-connection.tsx(180,33): error TS2345: Argument of type '"failed" | "success"' is not assignable to parameter of type 'SetStateAction<null>'.
  Type '"failed"' is not assignable to type 'SetStateAction<null>'.
src/ai-gateway/app/(dashboard)/dashboard/providers/[id]/provider-detail-modals-edit-connection.tsx(182,33): error TS2345: Argument of type '"failed"' is not assignable to parameter of type 'SetStateAction<null>'.
src/ai-gateway/app/(dashboard)/dashboard/providers/[id]/provider-detail-modals-edit-connection.tsx(232,5): error TS17004: Cannot use JSX unless the '--jsx' flag is provided.
src/ai-gateway/app/(dashboard)/dashboard/providers/[id]/provider-detail-modals-edit-connection.tsx(233,7): error TS17004: Cannot use JSX unless the '--jsx' flag is provided.
src/ai-gateway/app/(dashboard)/dashboard/providers/[id]/provider-detail-modals-edit-connection.tsx(234,9): error TS17004: Cannot use JSX unless the '--jsx' flag is provided.
src/ai-gateway/app/(dashboard)/dashboard/providers/[id]/provider-detail-modals-edit-connection.tsx(237,22): error TS7006: Parameter 'e' implicitly has an 'any' type.
src/ai-gateway/app/(dashboard)/dashboard/providers/[id]/provider-detail-modals-edit-connection.tsx(240,9): error TS17004: Cannot use JSX unless the '--jsx' flag is provided.
src/ai-gateway/app/(dashboard)/dashboard/providers/[id]/provider-detail-modals-edit-connection.tsx(243,22): error TS7006: Parameter 'e' implicitly has an 'any' type.
src/ai-gateway/app/(dashboard)/dashboard/providers/[id]/provider-detail-modals-edit-connection.tsx(248,11): error TS17004: Cannot use JSX unless the '--jsx' flag is provided.
src/ai-gateway/app/(dashboard)/dashboard/providers/[id]/provider-detail-modals-edit-connection.tsx(249,13): error TS17004: Cannot use JSX unless the '--jsx' flag is provided.
src/ai-gateway/app/(dashboard)/dashboard/providers/[id]/provider-detail-modals-edit-connection.tsx(250,13): error TS17004: Cannot use JSX unless the '--jsx' flag is provided.
src/ai-gateway/app/(dashboard)/dashboard/providers/[id]/provider-detail-modals-edit-connection.tsx(251,15): error TS17004: Cannot use JSX unless the '--jsx' flag is provided.
src/ai-gateway/app/(dashboard)/dashboard/providers/[id]/provider-detail-modals-edit-connection.tsx(254,15): error TS17004: Cannot use JSX unless the '--jsx' flag is provided.
src/ai-gateway/app/(dashboard)/dashboard/providers/[id]/provider-detail-modals-edit-connection.tsx(260,17): error TS17004: Cannot use JSX unless the '--jsx' flag is provided.
src/ai-gateway/app/(dashboard)/dashboard/providers/[id]/provider-detail-modals-edit-connection.tsx(268,11): error TS17004: Cannot use JSX unless the '--jsx' flag is provided.
src/ai-gateway/app/(dashboard)/dashboard/providers/[id]/provider-detail-modals-edit-connection.tsx(272,24): error TS7006: Parameter 'e' implicitly has an 'any' type.
src/ai-gateway/app/(dashboard)/dashboard/providers/[id]/provider-detail-modals-edit-connection.tsx(281,9): error TS17004: Cannot use JSX unless the '--jsx' flag is provided.
src/ai-gateway/app/(dashboard)/dashboard/providers/[id]/provider-detail-modals-edit-connection.tsx(285,22): error TS7006: Parameter 'e' implicitly has an 'any' type.
src/ai-gateway/app/(dashboard)/dashboard/providers/[id]/provider-detail-modals-edit-connection.tsx(290,11): error TS17004: Cannot use JSX unless the '--jsx' flag is provided.
src/ai-gateway/app/(dashboard)/dashboard/providers/[id]/provider-detail-modals-edit-connection.tsx(291,13): error TS17004: Cannot use JSX unless the '--jsx' flag is provided.
src/ai-gateway/app/(dashboard)/dashboard/providers/[id]/provider-detail-modals-edit-connection.tsx(292,15): error TS17004: Cannot use JSX unless the '--jsx' flag is provided.
src/ai-gateway/app/(dashboard)/dashboard/providers/[id]/provider-detail-modals-edit-connection.tsx(296,28): error TS7006: Parameter 'e' implicitly has an 'any' type.
src/ai-gateway/app/(dashboard)/dashboard/providers/[id]/provider-detail-modals-edit-connection.tsx(301,15): error TS17004: Cannot use JSX unless the '--jsx' flag is provided.
src/ai-gateway/app/(dashboard)/dashboard/providers/[id]/provider-detail-modals-edit-connection.tsx(302,17): error TS17004: Cannot use JSX unless the '--jsx' flag is provided.
src/ai-gateway/app/(dashboard)/dashboard/providers/[id]/provider-detail-modals-edit-connection.tsx(312,15): error TS17004: Cannot use JSX unless the '--jsx' flag is provided.
src/ai-gateway/app/(dashboard)/dashboard/providers/[id]/provider-detail-modals-edit-connection.tsx(317,15): error TS17004: Cannot use JSX unless the '--jsx' flag is provided.
src/ai-gateway/app/(dashboard)/dashboard/providers/[id]/provider-detail-modals-edit-connection.tsx(321,13): error TS17004: Cannot use JSX unless the '--jsx' flag is provided.
src/ai-gateway/app/(dashboard)/dashboard/providers/[id]/provider-detail-modals-edit-connection.tsx(328,15): error TS17004: Cannot use JSX unless the '--jsx' flag is provided.
src/ai-gateway/app/(dashboard)/dashboard/providers/[id]/provider-detail-modals-edit-connection.tsx(337,15): error TS17004: Cannot use JSX unless the '--jsx' flag is provided.
src/ai-gateway/app/(dashboard)/dashboard/providers/[id]/provider-detail-modals-edit-connection.tsx(341,17): error TS17004: Cannot use JSX unless the '--jsx' flag is provided.
src/ai-gateway/app/(dashboard)/dashboard/providers/[id]/provider-detail-modals-edit-connection.tsx(344,30): error TS7006: Parameter 'e' implicitly has an 'any' type.
src/ai-gateway/app/(dashboard)/dashboard/providers/[id]/provider-detail-modals-edit-connection.tsx(350,13): error TS17004: Cannot use JSX unless the '--jsx' flag is provided.
src/ai-gateway/app/(dashboard)/dashboard/providers/[id]/provider-detail-modals-edit-connection.tsx(354,26): error TS7006: Parameter 'e' implicitly has an 'any' type.
src/ai-gateway/app/(dashboard)/dashboard/providers/[id]/provider-detail-modals-edit-connection.tsx(361,11): error TS17004: Cannot use JSX unless the '--jsx' flag is provided.
src/ai-gateway/app/(dashboard)/dashboard/providers/[id]/provider-detail-modals-edit-connection.tsx(364,24): error TS7006: Parameter 'e' implicitly has an 'any' type.
src/ai-gateway/app/(dashboard)/dashboard/providers/[id]/provider-detail-modals-edit-connection.tsx(371,11): error TS17004: Cannot use JSX unless the '--jsx' flag is provided.
src/ai-gateway/app/(dashboard)/dashboard/providers/[id]/provider-detail-modals-edit-connection.tsx(374,24): error TS7006: Parameter 'e' implicitly has an 'any' type.
src/ai-gateway/app/(dashboard)/dashboard/providers/[id]/provider-detail-modals-edit-connection.tsx(381,11): error TS17004: Cannot use JSX unless the '--jsx' flag is provided.
src/ai-gateway/app/(dashboard)/dashboard/providers/[id]/provider-detail-modals-edit-connection.tsx(382,13): error TS17004: Cannot use JSX unless the '--jsx' flag is provided.
src/ai-gateway/app/(dashboard)/dashboard/providers/[id]/provider-detail-modals-edit-connection.tsx(383,13): error TS17004: Cannot use JSX unless the '--jsx' flag is provided.
src/ai-gateway/app/(dashboard)/dashboard/providers/[id]/provider-detail-modals-edit-connection.tsx(388,15): error TS17004: Cannot use JSX unless the '--jsx' flag is provided.
src/ai-gateway/app/(dashboard)/dashboard/providers/[id]/provider-detail-modals-edit-connection.tsx(389,15): error TS17004: Cannot use JSX unless the '--jsx' flag is provided.
src/ai-gateway/app/(dashboard)/dashboard/providers/[id]/provider-detail-modals-edit-connection.tsx(391,13): error TS17004: Cannot use JSX unless the '--jsx' flag is provided.
src/ai-gateway/app/(dashboard)/dashboard/providers/[id]/provider-detail-modals-edit-connection.tsx(398,11): error TS17004: Cannot use JSX unless the '--jsx' flag is provided.
src/ai-gateway/app/(dashboard)/dashboard/providers/[id]/provider-detail-modals-edit-connection.tsx(399,13): error TS17004: Cannot use JSX unless the '--jsx' flag is provided.
src/ai-gateway/app/(dashboard)/dashboard/providers/[id]/provider-detail-modals-edit-connection.tsx(401,15): error TS17004: Cannot use JSX unless the '--jsx' flag is provided.
src/ai-gateway/app/(dashboard)/dashboard/providers/[id]/provider-detail-modals-edit-connection.tsx(406,15): error TS17004: Cannot use JSX unless the '--jsx' flag is provided.
src/ai-gateway/app/(dashboard)/dashboard/providers/[id]/provider-detail-modals-edit-connection.tsx(408,19): error TS17004: Cannot use JSX unless the '--jsx' flag is provided.
src/ai-gateway/app/(dashboard)/dashboard/providers/[id]/provider-detail-modals-edit-connection.tsx(409,21): error TS17004: Cannot use JSX unless the '--jsx' flag is provided.
src/ai-gateway/app/(dashboard)/dashboard/providers/[id]/provider-detail-modals-edit-connection.tsx(412,21): error TS17004: Cannot use JSX unless the '--jsx' flag is provided.
src/ai-gateway/app/(dashboard)/dashboard/providers/[id]/provider-detail-modals-edit-connection.tsx(417,23): error TS17004: Cannot use JSX unless the '--jsx' flag is provided.
src/ai-gateway/app/(dashboard)/dashboard/providers/[id]/provider-detail-modals-edit-connection.tsx(423,13): error TS17004: Cannot use JSX unless the '--jsx' flag is provided.
src/ai-gateway/app/(dashboard)/dashboard/providers/[id]/provider-detail-modals-edit-connection.tsx(424,15): error TS17004: Cannot use JSX unless the '--jsx' flag is provided.
src/ai-gateway/app/(dashboard)/dashboard/providers/[id]/provider-detail-modals-edit-connection.tsx(437,15): error TS17004: Cannot use JSX unless the '--jsx' flag is provided.
src/ai-gateway/app/(dashboard)/dashboard/providers/[id]/provider-detail-modals-edit-connection.tsx(451,15): error TS17004: Cannot use JSX unless the '--jsx' flag is provided.
src/ai-gateway/app/(dashboard)/dashboard/providers/[id]/provider-detail-modals-edit-connection.tsx(459,11): error TS17004: Cannot use JSX unless the '--jsx' flag is provided.
src/ai-gateway/app/(dashboard)/dashboard/providers/[id]/provider-detail-modals-edit-connection.tsx(460,13): error TS17004: Cannot use JSX unless the '--jsx' flag is provided.
src/ai-gateway/app/(dashboard)/dashboard/providers/[id]/provider-detail-modals-edit-connection.tsx(464,15): error TS17004: Cannot use JSX unless the '--jsx' flag is provided.
src/ai-gateway/app/(dashboard)/dashboard/providers/[id]/provider-detail-modals-edit-connection.tsx(465,17): error TS17004: Cannot use JSX unless the '--jsx' flag is provided.
src/ai-gateway/app/(dashboard)/dashboard/providers/[id]/provider-detail-modals-edit-connection.tsx(465,44): error TS2339: Property 'valid' does not exist on type 'never'.
src/ai-gateway/app/(dashboard)/dashboard/providers/[id]/provider-detail-modals-edit-connection.tsx(466,31): error TS2339: Property 'valid' does not exist on type 'never'.
src/ai-gateway/app/(dashboard)/dashboard/providers/[id]/provider-detail-modals-edit-connection.tsx(469,19): error TS17004: Cannot use JSX unless the '--jsx' flag is provided.
src/ai-gateway/app/(dashboard)/dashboard/providers/[id]/provider-detail-modals-edit-connection.tsx(476,9): error TS17004: Cannot use JSX unless the '--jsx' flag is provided.
src/ai-gateway/app/(dashboard)/dashboard/providers/[id]/provider-detail-modals-edit-connection.tsx(477,11): error TS17004: Cannot use JSX unless the '--jsx' flag is provided.
src/ai-gateway/app/(dashboard)/dashboard/providers/[id]/provider-detail-modals-edit-connection.tsx(480,11): error TS17004: Cannot use JSX unless the '--jsx' flag is provided.
src/ai-gateway/app/(dashboard)/dashboard/providers/[id]/provider-detail-modals.tsx(3,32): error TS6142: Module './provider-detail-modals-add-api-key' was resolved to 'C:/TESTES DEV/1_PROJETOS_ATIVOS/Zavorth/src/ai-gateway/app/(dashboard)/dashboard/providers/[id]/provider-detail-modals-add-api-key.tsx', but '--jsx' is not set.
src/ai-gateway/app/(dashboard)/dashboard/providers/[id]/provider-detail-modals.tsx(4,37): error TS6142: Module './provider-detail-modals-edit-connection' was resolved to 'C:/TESTES DEV/1_PROJETOS_ATIVOS/Zavorth/src/ai-gateway/app/(dashboard)/dashboard/providers/[id]/provider-detail-modals-edit-connection.tsx', but '--jsx' is not set.
src/ai-gateway/app/(dashboard)/dashboard/providers/[id]/provider-detail-modals.tsx(5,41): error TS6142: Module './provider-detail-modals-edit-compatible-node' was resolved to 'C:/TESTES DEV/1_PROJETOS_ATIVOS/Zavorth/src/ai-gateway/app/(dashboard)/dashboard/providers/[id]/provider-detail-modals-edit-compatible-node.tsx', but '--jsx' is not set.
src/ai-gateway/app/(dashboard)/dashboard/providers/[id]/provider-detail-model-compat.tsx(4,30): error TS2307: Cannot find module 'react-dom' or its corresponding type declarations.
src/ai-gateway/app/(dashboard)/dashboard/providers/[id]/provider-detail-model-compat.tsx(5,31): error TS2307: Cannot find module '@/shared/components' or its corresponding type declarations.
src/ai-gateway/app/(dashboard)/dashboard/providers/[id]/provider-detail-model-compat.tsx(6,44): error TS2307: Cannot find module '@/shared/constants/modelCompat' or its corresponding type declarations.
src/ai-gateway/app/(dashboard)/dashboard/providers/[id]/provider-detail-model-compat.tsx(41,50): error TS2304: Cannot find name 'ModelCompatSavePatch'.
src/ai-gateway/app/(dashboard)/dashboard/providers/[id]/provider-detail-model-compat.tsx(59,50): error TS2304: Cannot find name 'ModelCompatSavePatch'.
src/ai-gateway/app/(dashboard)/dashboard/providers/[id]/provider-detail-model-compat.tsx(410,5): error TS17004: Cannot use JSX unless the '--jsx' flag is provided.
src/ai-gateway/app/(dashboard)/dashboard/providers/[id]/provider-detail-model-compat.tsx(411,7): error TS17004: Cannot use JSX unless the '--jsx' flag is provided.
src/ai-gateway/app/(dashboard)/dashboard/providers/[id]/provider-detail-model-compat.tsx(418,9): error TS17004: Cannot use JSX unless the '--jsx' flag is provided.
src/ai-gateway/app/(dashboard)/dashboard/providers/[id]/provider-detail-model-compat.tsx(425,11): error TS17004: Cannot use JSX unless the '--jsx' flag is provided.
src/ai-gateway/app/(dashboard)/dashboard/providers/[id]/provider-detail-model-compat.tsx(438,13): error TS17004: Cannot use JSX unless the '--jsx' flag is provided.
src/ai-gateway/app/(dashboard)/dashboard/providers/[id]/provider-detail-model-compat.tsx(439,15): error TS17004: Cannot use JSX unless the '--jsx' flag is provided.
src/ai-gateway/app/(dashboard)/dashboard/providers/[id]/provider-detail-model-compat.tsx(440,15): error TS17004: Cannot use JSX unless the '--jsx' flag is provided.
src/ai-gateway/app/(dashboard)/dashboard/providers/[id]/provider-detail-model-compat.tsx(444,13): error TS17004: Cannot use JSX unless the '--jsx' flag is provided.
src/ai-gateway/app/(dashboard)/dashboard/providers/[id]/provider-detail-model-compat.tsx(445,15): error TS17004: Cannot use JSX unless the '--jsx' flag is provided.
src/ai-gateway/app/(dashboard)/dashboard/providers/[id]/provider-detail-model-compat.tsx(448,15): error TS17004: Cannot use JSX unless the '--jsx' flag is provided.
src/ai-gateway/app/(dashboard)/dashboard/providers/[id]/provider-detail-model-compat.tsx(454,50): error TS7006: Parameter 'p' implicitly has an 'any' type.
src/ai-gateway/app/(dashboard)/dashboard/providers/[id]/provider-detail-model-compat.tsx(455,19): error TS17004: Cannot use JSX unless the '--jsx' flag is provided.
src/ai-gateway/app/(dashboard)/dashboard/providers/[id]/provider-detail-model-compat.tsx(460,15): error TS17004: Cannot use JSX unless the '--jsx' flag is provided.
src/ai-gateway/app/(dashboard)/dashboard/providers/[id]/provider-detail-model-compat.tsx(461,17): error TS17004: Cannot use JSX unless the '--jsx' flag is provided.
src/ai-gateway/app/(dashboard)/dashboard/providers/[id]/provider-detail-model-compat.tsx(466,30): error TS7006: Parameter 'v' implicitly has an 'any' type.
src/ai-gateway/app/(dashboard)/dashboard/providers/[id]/provider-detail-model-compat.tsx(470,19): error TS17004: Cannot use JSX unless the '--jsx' flag is provided.
src/ai-gateway/app/(dashboard)/dashboard/providers/[id]/provider-detail-model-compat.tsx(475,32): error TS7006: Parameter 'checked' implicitly has an 'any' type.
src/ai-gateway/app/(dashboard)/dashboard/providers/[id]/provider-detail-model-compat.tsx(483,15): error TS17004: Cannot use JSX unless the '--jsx' flag is provided.
src/ai-gateway/app/(dashboard)/dashboard/providers/[id]/provider-detail-model-compat.tsx(484,17): error TS17004: Cannot use JSX unless the '--jsx' flag is provided.
src/ai-gateway/app/(dashboard)/dashboard/providers/[id]/provider-detail-model-compat.tsx(487,17): error TS17004: Cannot use JSX unless the '--jsx' flag is provided.
src/ai-gateway/app/(dashboard)/dashboard/providers/[id]/provider-detail-model-compat.tsx(490,17): error TS17004: Cannot use JSX unless the '--jsx' flag is provided.
src/ai-gateway/app/(dashboard)/dashboard/providers/[id]/provider-detail-model-compat.tsx(491,19): error TS17004: Cannot use JSX unless the '--jsx' flag is provided.
src/ai-gateway/app/(dashboard)/dashboard/providers/[id]/provider-detail-model-compat.tsx(492,21): error TS17004: Cannot use JSX unless the '--jsx' flag is provided.
src/ai-gateway/app/(dashboard)/dashboard/providers/[id]/provider-detail-model-compat.tsx(493,21): error TS17004: Cannot use JSX unless the '--jsx' flag is provided.
src/ai-gateway/app/(dashboard)/dashboard/providers/[id]/provider-detail-model-compat.tsx(494,21): error TS17004: Cannot use JSX unless the '--jsx' flag is provided.
src/ai-gateway/app/(dashboard)/dashboard/providers/[id]/provider-detail-model-compat.tsx(497,21): error TS17004: Cannot use JSX unless the '--jsx' flag is provided.
src/ai-gateway/app/(dashboard)/dashboard/providers/[id]/provider-detail-model-compat.tsx(501,23): error TS17004: Cannot use JSX unless the '--jsx' flag is provided.
src/ai-gateway/app/(dashboard)/dashboard/providers/[id]/provider-detail-model-compat.tsx(503,36): error TS7006: Parameter 'e' implicitly has an 'any' type.
src/ai-gateway/app/(dashboard)/dashboard/providers/[id]/provider-detail-model-compat.tsx(511,23): error TS17004: Cannot use JSX unless the '--jsx' flag is provided.
src/ai-gateway/app/(dashboard)/dashboard/providers/[id]/provider-detail-model-compat.tsx(518,25): error TS17004: Cannot use JSX unless the '--jsx' flag is provided.
src/ai-gateway/app/(dashboard)/dashboard/providers/[id]/provider-detail-model-compat.tsx(525,38): error TS7006: Parameter 'e' implicitly has an 'any' type.
src/ai-gateway/app/(dashboard)/dashboard/providers/[id]/provider-detail-model-compat.tsx(539,23): error TS17004: Cannot use JSX unless the '--jsx' flag is provided.
src/ai-gateway/app/(dashboard)/dashboard/providers/[id]/provider-detail-model-compat.tsx(546,25): error TS17004: Cannot use JSX unless the '--jsx' flag is provided.
src/ai-gateway/app/(dashboard)/dashboard/providers/[id]/provider-detail-model-compat.tsx(553,17): error TS17004: Cannot use JSX unless the '--jsx' flag is provided.
src/ai-gateway/app/(dashboard)/dashboard/providers/[id]/provider-detail-model-compat.tsx(559,19): error TS17004: Cannot use JSX unless the '--jsx' flag is provided.
src/ai-gateway/app/(dashboard)/dashboard/providers/[id]/provider-detail-model-compat/modelCompatCore.ts(6,8): error TS2307: Cannot find module '@/shared/constants/modelCompat' or its corresponding type declarations.
src/ai-gateway/app/(dashboard)/dashboard/providers/[id]/provider-detail-model-sections-compatible.tsx(4,23): error TS2307: Cannot find module 'prop-types' or its corresponding type declarations.
src/ai-gateway/app/(dashboard)/dashboard/providers/[id]/provider-detail-model-sections-compatible.tsx(5,38): error TS2307: Cannot find module '@/store/notificationStore' or its corresponding type declarations.
src/ai-gateway/app/(dashboard)/dashboard/providers/[id]/provider-detail-model-sections-compatible.tsx(6,24): error TS2307: Cannot find module '@/shared/components' or its corresponding type declarations.
src/ai-gateway/app/(dashboard)/dashboard/providers/[id]/provider-detail-model-sections-compatible.tsx(7,42): error TS2307: Cannot find module '@/shared/utils/providerModelAliases' or its corresponding type declarations.
src/ai-gateway/app/(dashboard)/dashboard/providers/[id]/provider-detail-model-sections-compatible.tsx(16,8): error TS6142: Module './provider-detail-model-sections-shared' was resolved to 'C:/TESTES DEV/1_PROJETOS_ATIVOS/Zavorth/src/ai-gateway/app/(dashboard)/dashboard/providers/[id]/provider-detail-model-sections-shared.tsx', but '--jsx' is not set.
src/ai-gateway/app/(dashboard)/dashboard/providers/[id]/provider-detail-model-sections-compatible.tsx(19,8): error TS6142: Module './provider-detail-model-compat' was resolved to 'C:/TESTES DEV/1_PROJETOS_ATIVOS/Zavorth/src/ai-gateway/app/(dashboard)/dashboard/providers/[id]/provider-detail-model-compat.tsx', but '--jsx' is not set.
src/ai-gateway/app/(dashboard)/dashboard/providers/[id]/provider-detail-model-sections-compatible.tsx(134,48): error TS7006: Parameter 'conn' implicitly has an 'any' type.
src/ai-gateway/app/(dashboard)/dashboard/providers/[id]/provider-detail-model-sections-compatible.tsx(182,39): error TS7006: Parameter 'conn' implicitly has an 'any' type.
src/ai-gateway/app/(dashboard)/dashboard/providers/[id]/provider-detail-model-sections-compatible.tsx(205,5): error TS17004: Cannot use JSX unless the '--jsx' flag is provided.
src/ai-gateway/app/(dashboard)/dashboard/providers/[id]/provider-detail-model-sections-compatible.tsx(206,7): error TS17004: Cannot use JSX unless the '--jsx' flag is provided.
src/ai-gateway/app/(dashboard)/dashboard/providers/[id]/provider-detail-model-sections-compatible.tsx(208,7): error TS17004: Cannot use JSX unless the '--jsx' flag is provided.
src/ai-gateway/app/(dashboard)/dashboard/providers/[id]/provider-detail-model-sections-compatible.tsx(209,9): error TS17004: Cannot use JSX unless the '--jsx' flag is provided.
src/ai-gateway/app/(dashboard)/dashboard/providers/[id]/provider-detail-model-sections-compatible.tsx(210,11): error TS17004: Cannot use JSX unless the '--jsx' flag is provided.
src/ai-gateway/app/(dashboard)/dashboard/providers/[id]/provider-detail-model-sections-compatible.tsx(216,11): error TS17004: Cannot use JSX unless the '--jsx' flag is provided.
src/ai-gateway/app/(dashboard)/dashboard/providers/[id]/provider-detail-model-sections-compatible.tsx(226,9): error TS17004: Cannot use JSX unless the '--jsx' flag is provided.
src/ai-gateway/app/(dashboard)/dashboard/providers/[id]/provider-detail-model-sections-compatible.tsx(230,11): error TS17004: Cannot use JSX unless the '--jsx' flag is provided.
src/ai-gateway/app/(dashboard)/dashboard/providers/[id]/provider-detail-model-sections-compatible.tsx(243,9): error TS17004: Cannot use JSX unless the '--jsx' flag is provided.
src/ai-gateway/app/(dashboard)/dashboard/providers/[id]/provider-detail-model-sections-compatible.tsx(247,9): error TS17004: Cannot use JSX unless the '--jsx' flag is provided.
src/ai-gateway/app/(dashboard)/dashboard/providers/[id]/provider-detail-model-sections-compatible.tsx(248,11): error TS17004: Cannot use JSX unless the '--jsx' flag is provided.
src/ai-gateway/app/(dashboard)/dashboard/providers/[id]/provider-detail-model-sections-compatible.tsx(270,13): error TS17004: Cannot use JSX unless the '--jsx' flag is provided.
src/ai-gateway/app/(dashboard)/dashboard/providers/[id]/provider-detail-model-sections-compatible.tsx(282,42): error TS7006: Parameter 'p' implicitly has an 'any' type.
src/ai-gateway/app/(dashboard)/dashboard/providers/[id]/provider-detail-model-sections-compatible.tsx(290,13): error TS17004: Cannot use JSX unless the '--jsx' flag is provided.
src/ai-gateway/app/(dashboard)/dashboard/providers/[id]/provider-detail-model-sections-custom.tsx(4,23): error TS2307: Cannot find module 'prop-types' or its corresponding type declarations.
src/ai-gateway/app/(dashboard)/dashboard/providers/[id]/provider-detail-model-sections-custom.tsx(5,33): error TS2307: Cannot find module 'next-intl' or its corresponding type declarations.
src/ai-gateway/app/(dashboard)/dashboard/providers/[id]/provider-detail-model-sections-custom.tsx(6,38): error TS2307: Cannot find module '@/store/notificationStore' or its corresponding type declarations.
src/ai-gateway/app/(dashboard)/dashboard/providers/[id]/provider-detail-model-sections-custom.tsx(7,24): error TS2307: Cannot find module '@/shared/components' or its corresponding type declarations.
src/ai-gateway/app/(dashboard)/dashboard/providers/[id]/provider-detail-model-sections-custom.tsx(20,8): error TS6142: Module './provider-detail-model-compat' was resolved to 'C:/TESTES DEV/1_PROJETOS_ATIVOS/Zavorth/src/ai-gateway/app/(dashboard)/dashboard/providers/[id]/provider-detail-model-compat.tsx', but '--jsx' is not set.
src/ai-gateway/app/(dashboard)/dashboard/providers/[id]/provider-detail-model-sections-custom.tsx(98,31): error TS7006: Parameter 'modelId' implicitly has an 'any' type.
src/ai-gateway/app/(dashboard)/dashboard/providers/[id]/provider-detail-model-sections-custom.tsx(113,22): error TS7006: Parameter 'model' implicitly has an 'any' type.
src/ai-gateway/app/(dashboard)/dashboard/providers/[id]/provider-detail-model-sections-custom.tsx(162,27): error TS7006: Parameter 'modelId' implicitly has an 'any' type.
src/ai-gateway/app/(dashboard)/dashboard/providers/[id]/provider-detail-model-sections-custom.tsx(205,5): error TS17004: Cannot use JSX unless the '--jsx' flag is provided.
src/ai-gateway/app/(dashboard)/dashboard/providers/[id]/provider-detail-model-sections-custom.tsx(206,7): error TS17004: Cannot use JSX unless the '--jsx' flag is provided.
src/ai-gateway/app/(dashboard)/dashboard/providers/[id]/provider-detail-model-sections-custom.tsx(207,9): error TS17004: Cannot use JSX unless the '--jsx' flag is provided.
src/ai-gateway/app/(dashboard)/dashboard/providers/[id]/provider-detail-model-sections-custom.tsx(210,7): error TS17004: Cannot use JSX unless the '--jsx' flag is provided.
src/ai-gateway/app/(dashboard)/dashboard/providers/[id]/provider-detail-model-sections-custom.tsx(212,7): error TS17004: Cannot use JSX unless the '--jsx' flag is provided.
src/ai-gateway/app/(dashboard)/dashboard/providers/[id]/provider-detail-model-sections-custom.tsx(213,9): error TS17004: Cannot use JSX unless the '--jsx' flag is provided.
src/ai-gateway/app/(dashboard)/dashboard/providers/[id]/provider-detail-model-sections-custom.tsx(214,11): error TS17004: Cannot use JSX unless the '--jsx' flag is provided.
src/ai-gateway/app/(dashboard)/dashboard/providers/[id]/provider-detail-model-sections-custom.tsx(215,13): error TS17004: Cannot use JSX unless the '--jsx' flag is provided.
src/ai-gateway/app/(dashboard)/dashboard/providers/[id]/provider-detail-model-sections-custom.tsx(218,13): error TS17004: Cannot use JSX unless the '--jsx' flag is provided.
src/ai-gateway/app/(dashboard)/dashboard/providers/[id]/provider-detail-model-sections-custom.tsx(228,11): error TS17004: Cannot use JSX unless the '--jsx' flag is provided.
src/ai-gateway/app/(dashboard)/dashboard/providers/[id]/provider-detail-model-sections-custom.tsx(229,13): error TS17004: Cannot use JSX unless the '--jsx' flag is provided.
src/ai-gateway/app/(dashboard)/dashboard/providers/[id]/provider-detail-model-sections-custom.tsx(232,13): error TS17004: Cannot use JSX unless the '--jsx' flag is provided.
src/ai-gateway/app/(dashboard)/dashboard/providers/[id]/provider-detail-model-sections-custom.tsx(242,11): error TS17004: Cannot use JSX unless the '--jsx' flag is provided.
src/ai-gateway/app/(dashboard)/dashboard/providers/[id]/provider-detail-model-sections-custom.tsx(247,9): error TS17004: Cannot use JSX unless the '--jsx' flag is provided.
src/ai-gateway/app/(dashboard)/dashboard/providers/[id]/provider-detail-model-sections-custom.tsx(248,11): error TS17004: Cannot use JSX unless the '--jsx' flag is provided.
src/ai-gateway/app/(dashboard)/dashboard/providers/[id]/provider-detail-model-sections-custom.tsx(249,13): error TS17004: Cannot use JSX unless the '--jsx' flag is provided.
src/ai-gateway/app/(dashboard)/dashboard/providers/[id]/provider-detail-model-sections-custom.tsx(252,13): error TS17004: Cannot use JSX unless the '--jsx' flag is provided.
src/ai-gateway/app/(dashboard)/dashboard/providers/[id]/provider-detail-model-sections-custom.tsx(258,15): error TS17004: Cannot use JSX unless the '--jsx' flag is provided.
src/ai-gateway/app/(dashboard)/dashboard/providers/[id]/provider-detail-model-sections-custom.tsx(259,15): error TS17004: Cannot use JSX unless the '--jsx' flag is provided.
src/ai-gateway/app/(dashboard)/dashboard/providers/[id]/provider-detail-model-sections-custom.tsx(262,11): error TS17004: Cannot use JSX unless the '--jsx' flag is provided.
src/ai-gateway/app/(dashboard)/dashboard/providers/[id]/provider-detail-model-sections-custom.tsx(263,13): error TS17004: Cannot use JSX unless the '--jsx' flag is provided.
src/ai-gateway/app/(dashboard)/dashboard/providers/[id]/provider-detail-model-sections-custom.tsx(264,13): error TS17004: Cannot use JSX unless the '--jsx' flag is provided.
src/ai-gateway/app/(dashboard)/dashboard/providers/[id]/provider-detail-model-sections-custom.tsx(266,17): error TS17004: Cannot use JSX unless the '--jsx' flag is provided.
src/ai-gateway/app/(dashboard)/dashboard/providers/[id]/provider-detail-model-sections-custom.tsx(270,19): error TS17004: Cannot use JSX unless the '--jsx' flag is provided.
src/ai-gateway/app/(dashboard)/dashboard/providers/[id]/provider-detail-model-sections-custom.tsx(297,9): error TS17004: Cannot use JSX unless the '--jsx' flag is provided.
src/ai-gateway/app/(dashboard)/dashboard/providers/[id]/provider-detail-model-sections-custom.tsx(299,9): error TS17004: Cannot use JSX unless the '--jsx' flag is provided.
src/ai-gateway/app/(dashboard)/dashboard/providers/[id]/provider-detail-model-sections-custom.tsx(304,15): error TS17004: Cannot use JSX unless the '--jsx' flag is provided.
src/ai-gateway/app/(dashboard)/dashboard/providers/[id]/provider-detail-model-sections-custom.tsx(309,19): error TS17004: Cannot use JSX unless the '--jsx' flag is provided.
src/ai-gateway/app/(dashboard)/dashboard/providers/[id]/provider-detail-model-sections-custom.tsx(313,17): error TS17004: Cannot use JSX unless the '--jsx' flag is provided.
src/ai-gateway/app/(dashboard)/dashboard/providers/[id]/provider-detail-model-sections-custom.tsx(314,19): error TS17004: Cannot use JSX unless the '--jsx' flag is provided.
src/ai-gateway/app/(dashboard)/dashboard/providers/[id]/provider-detail-model-sections-custom.tsx(315,19): error TS17004: Cannot use JSX unless the '--jsx' flag is provided.
src/ai-gateway/app/(dashboard)/dashboard/providers/[id]/provider-detail-model-sections-custom.tsx(316,21): error TS17004: Cannot use JSX unless the '--jsx' flag is provided.
src/ai-gateway/app/(dashboard)/dashboard/providers/[id]/provider-detail-model-sections-custom.tsx(319,21): error TS17004: Cannot use JSX unless the '--jsx' flag is provided.
src/ai-gateway/app/(dashboard)/dashboard/providers/[id]/provider-detail-model-sections-custom.tsx(324,23): error TS17004: Cannot use JSX unless the '--jsx' flag is provided.
src/ai-gateway/app/(dashboard)/dashboard/providers/[id]/provider-detail-model-sections-custom.tsx(329,23): error TS17004: Cannot use JSX unless the '--jsx' flag is provided.
src/ai-gateway/app/(dashboard)/dashboard/providers/[id]/provider-detail-model-sections-custom.tsx(334,23): error TS17004: Cannot use JSX unless the '--jsx' flag is provided.
src/ai-gateway/app/(dashboard)/dashboard/providers/[id]/provider-detail-model-sections-custom.tsx(339,23): error TS17004: Cannot use JSX unless the '--jsx' flag is provided.
src/ai-gateway/app/(dashboard)/dashboard/providers/[id]/provider-detail-model-sections-custom.tsx(344,23): error TS17004: Cannot use JSX unless the '--jsx' flag is provided.
src/ai-gateway/app/(dashboard)/dashboard/providers/[id]/provider-detail-model-sections-custom.tsx(348,46): error TS2345: Argument of type 'string | undefined' is not assignable to parameter of type 'string'.
  Type 'undefined' is not assignable to type 'string'.
src/ai-gateway/app/(dashboard)/dashboard/providers/[id]/provider-detail-model-sections-custom.tsx(349,23): error TS17004: Cannot use JSX unless the '--jsx' flag is provided.
src/ai-gateway/app/(dashboard)/dashboard/providers/[id]/provider-detail-model-sections-custom.tsx(356,47): error TS2345: Argument of type 'string | undefined' is not assignable to parameter of type 'string'.
  Type 'undefined' is not assignable to type 'string'.
src/ai-gateway/app/(dashboard)/dashboard/providers/[id]/provider-detail-model-sections-custom.tsx(357,23): error TS17004: Cannot use JSX unless the '--jsx' flag is provided.
src/ai-gateway/app/(dashboard)/dashboard/providers/[id]/provider-detail-model-sections-custom.tsx(364,46): error TS2345: Argument of type 'string | undefined' is not assignable to parameter of type 'string'.
  Type 'undefined' is not assignable to type 'string'.
src/ai-gateway/app/(dashboard)/dashboard/providers/[id]/provider-detail-model-sections-custom.tsx(365,23): error TS17004: Cannot use JSX unless the '--jsx' flag is provided.
src/ai-gateway/app/(dashboard)/dashboard/providers/[id]/provider-detail-model-sections-custom.tsx(375,21): error TS17004: Cannot use JSX unless the '--jsx' flag is provided.
src/ai-gateway/app/(dashboard)/dashboard/providers/[id]/provider-detail-model-sections-custom.tsx(376,23): error TS17004: Cannot use JSX unless the '--jsx' flag is provided.
src/ai-gateway/app/(dashboard)/dashboard/providers/[id]/provider-detail-model-sections-custom.tsx(377,25): error TS17004: Cannot use JSX unless the '--jsx' flag is provided.
src/ai-gateway/app/(dashboard)/dashboard/providers/[id]/provider-detail-model-sections-custom.tsx(378,27): error TS17004: Cannot use JSX unless the '--jsx' flag is provided.
src/ai-gateway/app/(dashboard)/dashboard/providers/[id]/provider-detail-model-sections-custom.tsx(379,27): error TS17004: Cannot use JSX unless the '--jsx' flag is provided.
src/ai-gateway/app/(dashboard)/dashboard/providers/[id]/provider-detail-model-sections-custom.tsx(384,29): error TS17004: Cannot use JSX unless the '--jsx' flag is provided.
src/ai-gateway/app/(dashboard)/dashboard/providers/[id]/provider-detail-model-sections-custom.tsx(385,29): error TS17004: Cannot use JSX unless the '--jsx' flag is provided.
src/ai-gateway/app/(dashboard)/dashboard/providers/[id]/provider-detail-model-sections-custom.tsx(388,25): error TS17004: Cannot use JSX unless the '--jsx' flag is provided.
src/ai-gateway/app/(dashboard)/dashboard/providers/[id]/provider-detail-model-sections-custom.tsx(389,27): error TS17004: Cannot use JSX unless the '--jsx' flag is provided.
src/ai-gateway/app/(dashboard)/dashboard/providers/[id]/provider-detail-model-sections-custom.tsx(392,27): error TS17004: Cannot use JSX unless the '--jsx' flag is provided.
src/ai-gateway/app/(dashboard)/dashboard/providers/[id]/provider-detail-model-sections-custom.tsx(394,31): error TS17004: Cannot use JSX unless the '--jsx' flag is provided.
src/ai-gateway/app/(dashboard)/dashboard/providers/[id]/provider-detail-model-sections-custom.tsx(398,33): error TS17004: Cannot use JSX unless the '--jsx' flag is provided.
src/ai-gateway/app/(dashboard)/dashboard/providers/[id]/provider-detail-model-sections-custom.tsx(425,25): error TS17004: Cannot use JSX unless the '--jsx' flag is provided.
src/ai-gateway/app/(dashboard)/dashboard/providers/[id]/provider-detail-model-sections-custom.tsx(426,27): error TS17004: Cannot use JSX unless the '--jsx' flag is provided.
src/ai-gateway/app/(dashboard)/dashboard/providers/[id]/provider-detail-model-sections-custom.tsx(433,27): error TS17004: Cannot use JSX unless the '--jsx' flag is provided.
src/ai-gateway/app/(dashboard)/dashboard/providers/[id]/provider-detail-model-sections-custom.tsx(441,17): error TS17004: Cannot use JSX unless the '--jsx' flag is provided.
src/ai-gateway/app/(dashboard)/dashboard/providers/[id]/provider-detail-model-sections-custom.tsx(442,19): error TS17004: Cannot use JSX unless the '--jsx' flag is provided.
src/ai-gateway/app/(dashboard)/dashboard/providers/[id]/provider-detail-model-sections-custom.tsx(447,21): error TS17004: Cannot use JSX unless the '--jsx' flag is provided.
src/ai-gateway/app/(dashboard)/dashboard/providers/[id]/provider-detail-model-sections-custom.tsx(449,19): error TS17004: Cannot use JSX unless the '--jsx' flag is provided.
src/ai-gateway/app/(dashboard)/dashboard/providers/[id]/provider-detail-model-sections-custom.tsx(452,53): error TS2345: Argument of type 'string | undefined' is not assignable to parameter of type 'string'.
  Type 'undefined' is not assignable to type 'string'.
src/ai-gateway/app/(dashboard)/dashboard/providers/[id]/provider-detail-model-sections-custom.tsx(455,52): error TS2345: Argument of type 'string | undefined' is not assignable to parameter of type 'string'.
  Type 'undefined' is not assignable to type 'string'.
src/ai-gateway/app/(dashboard)/dashboard/providers/[id]/provider-detail-model-sections-custom.tsx(458,59): error TS2345: Argument of type 'string | undefined' is not assignable to parameter of type 'string'.
  Type 'undefined' is not assignable to type 'string'.
src/ai-gateway/app/(dashboard)/dashboard/providers/[id]/provider-detail-model-sections-custom.tsx(461,40): error TS2345: Argument of type 'string | undefined' is not assignable to parameter of type 'string'.
  Type 'undefined' is not assignable to type 'string'.
src/ai-gateway/app/(dashboard)/dashboard/providers/[id]/provider-detail-model-sections-custom.tsx(468,19): error TS17004: Cannot use JSX unless the '--jsx' flag is provided.
src/ai-gateway/app/(dashboard)/dashboard/providers/[id]/provider-detail-model-sections-custom.tsx(473,21): error TS17004: Cannot use JSX unless the '--jsx' flag is provided.
src/ai-gateway/app/(dashboard)/dashboard/providers/[id]/provider-detail-model-sections-custom.tsx(481,9): error TS17004: Cannot use JSX unless the '--jsx' flag is provided.
src/ai-gateway/app/(dashboard)/dashboard/providers/[id]/provider-detail-model-sections-passthrough.tsx(4,23): error TS2307: Cannot find module 'prop-types' or its corresponding type declarations.
src/ai-gateway/app/(dashboard)/dashboard/providers/[id]/provider-detail-model-sections-passthrough.tsx(5,24): error TS2307: Cannot find module '@/shared/components' or its corresponding type declarations.
src/ai-gateway/app/(dashboard)/dashboard/providers/[id]/provider-detail-model-sections-passthrough.tsx(15,8): error TS6142: Module './provider-detail-model-sections-shared' was resolved to 'C:/TESTES DEV/1_PROJETOS_ATIVOS/Zavorth/src/ai-gateway/app/(dashboard)/dashboard/providers/[id]/provider-detail-model-sections-shared.tsx', but '--jsx' is not set.
src/ai-gateway/app/(dashboard)/dashboard/providers/[id]/provider-detail-model-sections-passthrough.tsx(16,30): error TS6142: Module './provider-detail-model-compat' was resolved to 'C:/TESTES DEV/1_PROJETOS_ATIVOS/Zavorth/src/ai-gateway/app/(dashboard)/dashboard/providers/[id]/provider-detail-model-compat.tsx', but '--jsx' is not set.
src/ai-gateway/app/(dashboard)/dashboard/providers/[id]/provider-detail-model-sections-passthrough.tsx(74,5): error TS17004: Cannot use JSX unless the '--jsx' flag is provided.
src/ai-gateway/app/(dashboard)/dashboard/providers/[id]/provider-detail-model-sections-passthrough.tsx(75,7): error TS17004: Cannot use JSX unless the '--jsx' flag is provided.
src/ai-gateway/app/(dashboard)/dashboard/providers/[id]/provider-detail-model-sections-passthrough.tsx(77,7): error TS17004: Cannot use JSX unless the '--jsx' flag is provided.
src/ai-gateway/app/(dashboard)/dashboard/providers/[id]/provider-detail-model-sections-passthrough.tsx(78,9): error TS17004: Cannot use JSX unless the '--jsx' flag is provided.
src/ai-gateway/app/(dashboard)/dashboard/providers/[id]/provider-detail-model-sections-passthrough.tsx(79,11): error TS17004: Cannot use JSX unless the '--jsx' flag is provided.
src/ai-gateway/app/(dashboard)/dashboard/providers/[id]/provider-detail-model-sections-passthrough.tsx(82,11): error TS17004: Cannot use JSX unless the '--jsx' flag is provided.
src/ai-gateway/app/(dashboard)/dashboard/providers/[id]/provider-detail-model-sections-passthrough.tsx(92,9): error TS17004: Cannot use JSX unless the '--jsx' flag is provided.
src/ai-gateway/app/(dashboard)/dashboard/providers/[id]/provider-detail-model-sections-passthrough.tsx(98,9): error TS17004: Cannot use JSX unless the '--jsx' flag is provided.
src/ai-gateway/app/(dashboard)/dashboard/providers/[id]/provider-detail-model-sections-passthrough.tsx(99,11): error TS17004: Cannot use JSX unless the '--jsx' flag is provided.
src/ai-gateway/app/(dashboard)/dashboard/providers/[id]/provider-detail-model-sections-passthrough.tsx(121,13): error TS17004: Cannot use JSX unless the '--jsx' flag is provided.
src/ai-gateway/app/(dashboard)/dashboard/providers/[id]/provider-detail-model-sections-passthrough.tsx(133,42): error TS7006: Parameter 'p' implicitly has an 'any' type.
src/ai-gateway/app/(dashboard)/dashboard/providers/[id]/provider-detail-model-sections-passthrough.tsx(141,13): error TS17004: Cannot use JSX unless the '--jsx' flag is provided.
src/ai-gateway/app/(dashboard)/dashboard/providers/[id]/provider-detail-model-sections-shared.tsx(3,23): error TS2307: Cannot find module 'prop-types' or its corresponding type declarations.
src/ai-gateway/app/(dashboard)/dashboard/providers/[id]/provider-detail-model-sections-shared.tsx(4,50): error TS6142: Module './provider-detail-model-compat' was resolved to 'C:/TESTES DEV/1_PROJETOS_ATIVOS/Zavorth/src/ai-gateway/app/(dashboard)/dashboard/providers/[id]/provider-detail-model-compat.tsx', but '--jsx' is not set.
src/ai-gateway/app/(dashboard)/dashboard/providers/[id]/provider-detail-model-sections-shared.tsx(23,5): error TS17004: Cannot use JSX unless the '--jsx' flag is provided.
src/ai-gateway/app/(dashboard)/dashboard/providers/[id]/provider-detail-model-sections-shared.tsx(28,7): error TS17004: Cannot use JSX unless the '--jsx' flag is provided.
src/ai-gateway/app/(dashboard)/dashboard/providers/[id]/provider-detail-model-sections-shared.tsx(29,9): error TS17004: Cannot use JSX unless the '--jsx' flag is provided.
src/ai-gateway/app/(dashboard)/dashboard/providers/[id]/provider-detail-model-sections-shared.tsx(35,9): error TS17004: Cannot use JSX unless the '--jsx' flag is provided.
src/ai-gateway/app/(dashboard)/dashboard/providers/[id]/provider-detail-model-sections-shared.tsx(38,9): error TS17004: Cannot use JSX unless the '--jsx' flag is provided.
src/ai-gateway/app/(dashboard)/dashboard/providers/[id]/provider-detail-model-sections-shared.tsx(43,11): error TS17004: Cannot use JSX unless the '--jsx' flag is provided.
src/ai-gateway/app/(dashboard)/dashboard/providers/[id]/provider-detail-model-sections-shared.tsx(48,7): error TS17004: Cannot use JSX unless the '--jsx' flag is provided.
src/ai-gateway/app/(dashboard)/dashboard/providers/[id]/provider-detail-model-sections-shared.tsx(50,11): error TS17004: Cannot use JSX unless the '--jsx' flag is provided.
src/ai-gateway/app/(dashboard)/dashboard/providers/[id]/provider-detail-model-sections-shared.tsx(60,13): error TS17004: Cannot use JSX unless the '--jsx' flag is provided.
src/ai-gateway/app/(dashboard)/dashboard/providers/[id]/provider-detail-model-sections-shared.tsx(65,9): error TS17004: Cannot use JSX unless the '--jsx' flag is provided.
src/ai-gateway/app/(dashboard)/dashboard/providers/[id]/provider-detail-model-sections-shared.tsx(121,5): error TS17004: Cannot use JSX unless the '--jsx' flag is provided.
src/ai-gateway/app/(dashboard)/dashboard/providers/[id]/provider-detail-model-sections-shared.tsx(122,7): error TS17004: Cannot use JSX unless the '--jsx' flag is provided.
src/ai-gateway/app/(dashboard)/dashboard/providers/[id]/provider-detail-model-sections-shared.tsx(123,9): error TS17004: Cannot use JSX unless the '--jsx' flag is provided.
src/ai-gateway/app/(dashboard)/dashboard/providers/[id]/provider-detail-model-sections-shared.tsx(126,9): error TS17004: Cannot use JSX unless the '--jsx' flag is provided.
src/ai-gateway/app/(dashboard)/dashboard/providers/[id]/provider-detail-model-sections-shared.tsx(134,7): error TS17004: Cannot use JSX unless the '--jsx' flag is provided.
src/ai-gateway/app/(dashboard)/dashboard/providers/[id]/provider-detail-model-sections-shared.tsx(140,9): error TS17004: Cannot use JSX unless the '--jsx' flag is provided.
src/ai-gateway/app/(dashboard)/dashboard/providers/[id]/provider-detail-model-sections-shared.tsx(141,9): error TS17004: Cannot use JSX unless the '--jsx' flag is provided.
src/ai-gateway/app/(dashboard)/dashboard/providers/[id]/provider-detail-model-sections-shared.tsx(143,7): error TS17004: Cannot use JSX unless the '--jsx' flag is provided.
src/ai-gateway/app/(dashboard)/dashboard/providers/[id]/provider-detail-model-sections-shared.tsx(149,9): error TS17004: Cannot use JSX unless the '--jsx' flag is provided.
src/ai-gateway/app/(dashboard)/dashboard/providers/[id]/provider-detail-model-sections-shared.tsx(150,9): error TS17004: Cannot use JSX unless the '--jsx' flag is provided.
src/ai-gateway/app/(dashboard)/dashboard/providers/[id]/provider-detail-model-sections-shared.tsx(152,7): error TS17004: Cannot use JSX unless the '--jsx' flag is provided.
src/ai-gateway/app/(dashboard)/dashboard/providers/[id]/provider-detail-model-sections-shared.tsx(180,5): error TS17004: Cannot use JSX unless the '--jsx' flag is provided.
src/ai-gateway/app/(dashboard)/dashboard/providers/[id]/provider-detail-model-sections-shared.tsx(185,7): error TS17004: Cannot use JSX unless the '--jsx' flag is provided.
src/ai-gateway/app/(dashboard)/dashboard/providers/[id]/provider-detail-model-sections-shared.tsx(186,9): error TS17004: Cannot use JSX unless the '--jsx' flag is provided.
src/ai-gateway/app/(dashboard)/dashboard/providers/[id]/provider-detail-model-sections-shared.tsx(192,9): error TS17004: Cannot use JSX unless the '--jsx' flag is provided.
src/ai-gateway/app/(dashboard)/dashboard/providers/[id]/provider-detail-model-sections-shared.tsx(193,11): error TS17004: Cannot use JSX unless the '--jsx' flag is provided.
src/ai-gateway/app/(dashboard)/dashboard/providers/[id]/provider-detail-model-sections-shared.tsx(194,11): error TS17004: Cannot use JSX unless the '--jsx' flag is provided.
src/ai-gateway/app/(dashboard)/dashboard/providers/[id]/provider-detail-model-sections-shared.tsx(195,13): error TS17004: Cannot use JSX unless the '--jsx' flag is provided.
src/ai-gateway/app/(dashboard)/dashboard/providers/[id]/provider-detail-model-sections-shared.tsx(198,13): error TS17004: Cannot use JSX unless the '--jsx' flag is provided.
src/ai-gateway/app/(dashboard)/dashboard/providers/[id]/provider-detail-model-sections-shared.tsx(203,15): error TS17004: Cannot use JSX unless the '--jsx' flag is provided.
src/ai-gateway/app/(dashboard)/dashboard/providers/[id]/provider-detail-model-sections-shared.tsx(210,7): error TS17004: Cannot use JSX unless the '--jsx' flag is provided.
src/ai-gateway/app/(dashboard)/dashboard/providers/[id]/provider-detail-model-sections-shared.tsx(212,11): error TS17004: Cannot use JSX unless the '--jsx' flag is provided.
src/ai-gateway/app/(dashboard)/dashboard/providers/[id]/provider-detail-model-sections-shared.tsx(222,13): error TS17004: Cannot use JSX unless the '--jsx' flag is provided.
src/ai-gateway/app/(dashboard)/dashboard/providers/[id]/provider-detail-model-sections-shared.tsx(227,9): error TS17004: Cannot use JSX unless the '--jsx' flag is provided.
src/ai-gateway/app/(dashboard)/dashboard/providers/[id]/provider-detail-model-sections-shared.tsx(238,9): error TS17004: Cannot use JSX unless the '--jsx' flag is provided.
src/ai-gateway/app/(dashboard)/dashboard/providers/[id]/provider-detail-model-sections-shared.tsx(243,11): error TS17004: Cannot use JSX unless the '--jsx' flag is provided.
src/ai-gateway/app/(dashboard)/dashboard/providers/[id]/provider-detail-model-sections-utils.ts(51,7): error TS2322: Type 'null' is not assignable to type 'string'.
src/ai-gateway/app/(dashboard)/dashboard/providers/[id]/provider-detail-model-sections.tsx(3,50): error TS6142: Module './provider-detail-model-sections-shared' was resolved to 'C:/TESTES DEV/1_PROJETOS_ATIVOS/Zavorth/src/ai-gateway/app/(dashboard)/dashboard/providers/[id]/provider-detail-model-sections-shared.tsx', but '--jsx' is not set.
src/ai-gateway/app/(dashboard)/dashboard/providers/[id]/provider-detail-model-sections.tsx(4,42): error TS6142: Module './provider-detail-model-sections-passthrough' was resolved to 'C:/TESTES DEV/1_PROJETOS_ATIVOS/Zavorth/src/ai-gateway/app/(dashboard)/dashboard/providers/[id]/provider-detail-model-sections-passthrough.tsx', but '--jsx' is not set.
src/ai-gateway/app/(dashboard)/dashboard/providers/[id]/provider-detail-model-sections.tsx(5,37): error TS6142: Module './provider-detail-model-sections-custom' was resolved to 'C:/TESTES DEV/1_PROJETOS_ATIVOS/Zavorth/src/ai-gateway/app/(dashboard)/dashboard/providers/[id]/provider-detail-model-sections-custom.tsx', but '--jsx' is not set.
src/ai-gateway/app/(dashboard)/dashboard/providers/[id]/provider-detail-model-sections.tsx(6,41): error TS6142: Module './provider-detail-model-sections-compatible' was resolved to 'C:/TESTES DEV/1_PROJETOS_ATIVOS/Zavorth/src/ai-gateway/app/(dashboard)/dashboard/providers/[id]/provider-detail-model-sections-compatible.tsx', but '--jsx' is not set.
src/ai-gateway/app/(dashboard)/dashboard/providers/[id]/provider-detail-models-panel.tsx(4,38): error TS2307: Cannot find module '@/store/notificationStore' or its corresponding type declarations.
src/ai-gateway/app/(dashboard)/dashboard/providers/[id]/provider-detail-models-panel.tsx(5,24): error TS2307: Cannot find module '@/shared/components' or its corresponding type declarations.
src/ai-gateway/app/(dashboard)/dashboard/providers/[id]/provider-detail-models-panel.tsx(6,45): error TS2307: Cannot find module '@/lib/providers/managedAvailableModels' or its corresponding type declarations.
src/ai-gateway/app/(dashboard)/dashboard/providers/[id]/provider-detail-models-panel.tsx(7,44): error TS2307: Cannot find module '@/shared/constants/modelCompat' or its corresponding type declarations.
src/ai-gateway/app/(dashboard)/dashboard/providers/[id]/provider-detail-models-panel.tsx(17,8): error TS6142: Module './provider-detail-model-compat' was resolved to 'C:/TESTES DEV/1_PROJETOS_ATIVOS/Zavorth/src/ai-gateway/app/(dashboard)/dashboard/providers/[id]/provider-detail-model-compat.tsx', but '--jsx' is not set.
src/ai-gateway/app/(dashboard)/dashboard/providers/[id]/provider-detail-models-panel.tsx(24,8): error TS6142: Module './provider-detail-model-sections' was resolved to 'C:/TESTES DEV/1_PROJETOS_ATIVOS/Zavorth/src/ai-gateway/app/(dashboard)/dashboard/providers/[id]/provider-detail-model-sections.tsx', but '--jsx' is not set.
src/ai-gateway/app/(dashboard)/dashboard/providers/[id]/provider-detail-models-panel.tsx(224,7): error TS17004: Cannot use JSX unless the '--jsx' flag is provided.
src/ai-gateway/app/(dashboard)/dashboard/providers/[id]/provider-detail-models-panel.tsx(230,9): error TS17004: Cannot use JSX unless the '--jsx' flag is provided.
src/ai-gateway/app/(dashboard)/dashboard/providers/[id]/provider-detail-models-panel.tsx(236,9): error TS17004: Cannot use JSX unless the '--jsx' flag is provided.
src/ai-gateway/app/(dashboard)/dashboard/providers/[id]/provider-detail-models-panel.tsx(242,7): error TS17004: Cannot use JSX unless the '--jsx' flag is provided.
src/ai-gateway/app/(dashboard)/dashboard/providers/[id]/provider-detail-models-panel.tsx(248,9): error TS17004: Cannot use JSX unless the '--jsx' flag is provided.
src/ai-gateway/app/(dashboard)/dashboard/providers/[id]/provider-detail-models-panel.tsx(249,9): error TS17004: Cannot use JSX unless the '--jsx' flag is provided.
src/ai-gateway/app/(dashboard)/dashboard/providers/[id]/provider-detail-models-panel.tsx(273,9): error TS17004: Cannot use JSX unless the '--jsx' flag is provided.
src/ai-gateway/app/(dashboard)/dashboard/providers/[id]/provider-detail-models-panel.tsx(274,11): error TS17004: Cannot use JSX unless the '--jsx' flag is provided.
src/ai-gateway/app/(dashboard)/dashboard/providers/[id]/provider-detail-models-panel.tsx(278,11): error TS17004: Cannot use JSX unless the '--jsx' flag is provided.
src/ai-gateway/app/(dashboard)/dashboard/providers/[id]/provider-detail-models-panel.tsx(302,30): error TS7006: Parameter 'modelId' implicitly has an 'any' type.
src/ai-gateway/app/(dashboard)/dashboard/providers/[id]/provider-detail-models-panel.tsx(302,39): error TS7006: Parameter 'hidden' implicitly has an 'any' type.
src/ai-gateway/app/(dashboard)/dashboard/providers/[id]/provider-detail-models-panel.tsx(305,34): error TS7006: Parameter 'modelIds' implicitly has an 'any' type.
src/ai-gateway/app/(dashboard)/dashboard/providers/[id]/provider-detail-models-panel.tsx(305,44): error TS7006: Parameter 'hidden' implicitly has an 'any' type.
src/ai-gateway/app/(dashboard)/dashboard/providers/[id]/provider-detail-models-panel.tsx(317,9): error TS17004: Cannot use JSX unless the '--jsx' flag is provided.
src/ai-gateway/app/(dashboard)/dashboard/providers/[id]/provider-detail-models-panel.tsx(318,11): error TS17004: Cannot use JSX unless the '--jsx' flag is provided.
src/ai-gateway/app/(dashboard)/dashboard/providers/[id]/provider-detail-models-panel.tsx(319,13): error TS17004: Cannot use JSX unless the '--jsx' flag is provided.
src/ai-gateway/app/(dashboard)/dashboard/providers/[id]/provider-detail-models-panel.tsx(331,15): error TS17004: Cannot use JSX unless the '--jsx' flag is provided.
src/ai-gateway/app/(dashboard)/dashboard/providers/[id]/provider-detail-models-panel.tsx(334,11): error TS17004: Cannot use JSX unless the '--jsx' flag is provided.
src/ai-gateway/app/(dashboard)/dashboard/providers/[id]/provider-detail-models-panel.tsx(348,30): error TS7006: Parameter 'modelId' implicitly has an 'any' type.
src/ai-gateway/app/(dashboard)/dashboard/providers/[id]/provider-detail-models-panel.tsx(348,39): error TS7006: Parameter 'hidden' implicitly has an 'any' type.
src/ai-gateway/app/(dashboard)/dashboard/providers/[id]/provider-detail-models-panel.tsx(351,34): error TS7006: Parameter 'modelIds' implicitly has an 'any' type.
src/ai-gateway/app/(dashboard)/dashboard/providers/[id]/provider-detail-models-panel.tsx(351,44): error TS7006: Parameter 'hidden' implicitly has an 'any' type.
src/ai-gateway/app/(dashboard)/dashboard/providers/[id]/provider-detail-models-panel.tsx(363,9): error TS17004: Cannot use JSX unless the '--jsx' flag is provided.
src/ai-gateway/app/(dashboard)/dashboard/providers/[id]/provider-detail-models-panel.tsx(364,11): error TS17004: Cannot use JSX unless the '--jsx' flag is provided.
src/ai-gateway/app/(dashboard)/dashboard/providers/[id]/provider-detail-models-panel.tsx(375,13): error TS17004: Cannot use JSX unless the '--jsx' flag is provided.
src/ai-gateway/app/(dashboard)/dashboard/providers/[id]/provider-detail-models-panel.tsx(382,9): error TS17004: Cannot use JSX unless the '--jsx' flag is provided.
src/ai-gateway/app/(dashboard)/dashboard/providers/[id]/provider-detail-models-panel.tsx(384,11): error TS17004: Cannot use JSX unless the '--jsx' flag is provided.
src/ai-gateway/app/(dashboard)/dashboard/providers/[id]/provider-detail-models-panel.tsx(388,46): error TS7006: Parameter 'model' implicitly has an 'any' type.
src/ai-gateway/app/(dashboard)/dashboard/providers/[id]/provider-detail-models-panel.tsx(393,38): error TS7006: Parameter 'm' implicitly has an 'any' type.
src/ai-gateway/app/(dashboard)/dashboard/providers/[id]/provider-detail-models-panel.tsx(395,54): error TS7006: Parameter 'm' implicitly has an 'any' type.
src/ai-gateway/app/(dashboard)/dashboard/providers/[id]/provider-detail-models-panel.tsx(396,56): error TS7006: Parameter 'm' implicitly has an 'any' type.
src/ai-gateway/app/(dashboard)/dashboard/providers/[id]/provider-detail-models-panel.tsx(399,7): error TS17004: Cannot use JSX unless the '--jsx' flag is provided.
src/ai-gateway/app/(dashboard)/dashboard/providers/[id]/provider-detail-models-panel.tsx(402,11): error TS17004: Cannot use JSX unless the '--jsx' flag is provided.
src/ai-gateway/app/(dashboard)/dashboard/providers/[id]/provider-detail-models-panel.tsx(411,37): error TS7006: Parameter 'model' implicitly has an 'any' type.
src/ai-gateway/app/(dashboard)/dashboard/providers/[id]/provider-detail-models-panel.tsx(418,37): error TS7006: Parameter 'model' implicitly has an 'any' type.
src/ai-gateway/app/(dashboard)/dashboard/providers/[id]/provider-detail-models-panel.tsx(426,9): error TS17004: Cannot use JSX unless the '--jsx' flag is provided.
src/ai-gateway/app/(dashboard)/dashboard/providers/[id]/provider-detail-models-panel.tsx(427,32): error TS7006: Parameter 'model' implicitly has an 'any' type.
src/ai-gateway/app/(dashboard)/dashboard/providers/[id]/provider-detail-models-panel.tsx(429,15): error TS17004: Cannot use JSX unless the '--jsx' flag is provided.
src/ai-gateway/app/(dashboard)/dashboard/providers/[id]/provider-detail-models-panel.tsx(439,44): error TS7006: Parameter 'p' implicitly has an 'any' type.
src/ai-gateway/app/(dashboard)/dashboard/providers/[id]/provider-detail-models-panel.tsx(442,34): error TS7006: Parameter 'modelId' implicitly has an 'any' type.
src/ai-gateway/app/(dashboard)/dashboard/providers/[id]/provider-detail-models-panel.tsx(442,43): error TS7006: Parameter 'hidden' implicitly has an 'any' type.
src/ai-gateway/app/(dashboard)/dashboard/providers/[id]/provider-detail-models-panel.tsx(450,13): error TS17004: Cannot use JSX unless the '--jsx' flag is provided.
src/ai-gateway/app/(dashboard)/dashboard/providers/[id]/provider-detail-models-panel.tsx(461,5): error TS17004: Cannot use JSX unless the '--jsx' flag is provided.
src/ai-gateway/app/(dashboard)/dashboard/providers/[id]/provider-detail-models-panel.tsx(464,9): error TS17004: Cannot use JSX unless the '--jsx' flag is provided.
src/ai-gateway/app/(dashboard)/dashboard/providers/[id]/provider-detail-page.connection-actions.ts(3,43): error TS6142: Module './provider-detail-model-compat' was resolved to 'C:/TESTES DEV/1_PROJETOS_ATIVOS/Zavorth/src/ai-gateway/app/(dashboard)/dashboard/providers/[id]/provider-detail-model-compat.tsx', but '--jsx' is not set.
src/ai-gateway/app/(dashboard)/dashboard/providers/[id]/provider-detail-page.tsx(3,38): error TS6142: Module './provider-detail-layout' was resolved to 'C:/TESTES DEV/1_PROJETOS_ATIVOS/Zavorth/src/ai-gateway/app/(dashboard)/dashboard/providers/[id]/provider-detail-layout.tsx', but '--jsx' is not set.
src/ai-gateway/app/(dashboard)/dashboard/providers/[id]/provider-detail-page.tsx(9,10): error TS17004: Cannot use JSX unless the '--jsx' flag is provided.
src/ai-gateway/app/(dashboard)/dashboard/providers/[id]/useProviderDetailPageModel.ts(4,38): error TS2307: Cannot find module '@/store/notificationStore' or its corresponding type declarations.
src/ai-gateway/app/(dashboard)/dashboard/providers/[id]/useProviderDetailPageModel.ts(5,38): error TS2307: Cannot find module 'next/navigation' or its corresponding type declarations.
src/ai-gateway/app/(dashboard)/dashboard/providers/[id]/useProviderDetailPageModel.ts(6,33): error TS2307: Cannot find module 'next-intl' or its corresponding type declarations.
src/ai-gateway/app/(dashboard)/dashboard/providers/[id]/useProviderDetailPageModel.ts(16,8): error TS2307: Cannot find module '@/shared/constants/providers' or its corresponding type declarations.
src/ai-gateway/app/(dashboard)/dashboard/providers/[id]/useProviderDetailPageModel.ts(17,39): error TS2307: Cannot find module '@/shared/constants/models' or its corresponding type declarations.
src/ai-gateway/app/(dashboard)/dashboard/providers/[id]/useProviderDetailPageModel.ts(18,55): error TS2307: Cannot find module '@/lib/providers/managedAvailableModels' or its corresponding type declarations.
src/ai-gateway/app/(dashboard)/dashboard/providers/[id]/useProviderDetailPageModel.ts(19,36): error TS2307: Cannot find module '@/shared/hooks/useCopyToClipboard' or its corresponding type declarations.
src/ai-gateway/app/(dashboard)/dashboard/providers/[id]/useProviderDetailPageModel.ts(20,58): error TS6142: Module './provider-detail-model-compat' was resolved to 'C:/TESTES DEV/1_PROJETOS_ATIVOS/Zavorth/src/ai-gateway/app/(dashboard)/dashboard/providers/[id]/provider-detail-model-compat.tsx', but '--jsx' is not set.
src/ai-gateway/app/(dashboard)/dashboard/providers/[id]/useProviderDetailPageModel.ts(103,61): error TS2339: Property 'prefix' does not exist on type 'never'.
src/ai-gateway/app/(dashboard)/dashboard/providers/[id]/useProviderDetailPageModel.ts(116,26): error TS2339: Property 'id' does not exist on type 'never'.
src/ai-gateway/app/(dashboard)/dashboard/providers/[id]/useProviderDetailPageModel.ts(118,24): error TS2339: Property 'name' does not exist on type 'never'.
src/ai-gateway/app/(dashboard)/dashboard/providers/[id]/useProviderDetailPageModel.ts(121,28): error TS2339: Property 'type' does not exist on type 'never'.
src/ai-gateway/app/(dashboard)/dashboard/providers/[id]/useProviderDetailPageModel.ts(126,26): error TS2339: Property 'type' does not exist on type 'never'.
src/ai-gateway/app/(dashboard)/dashboard/providers/[id]/useProviderDetailPageModel.ts(131,26): error TS2339: Property 'type' does not exist on type 'never'.
src/ai-gateway/app/(dashboard)/dashboard/providers/[id]/useProviderDetailPageModel.ts(134,31): error TS2339: Property 'apiType' does not exist on type 'never'.
src/ai-gateway/app/(dashboard)/dashboard/providers/[id]/useProviderDetailPageModel.ts(135,31): error TS2339: Property 'baseUrl' does not exist on type 'never'.
src/ai-gateway/app/(dashboard)/dashboard/providers/[id]/useProviderDetailPageModel.ts(136,28): error TS2339: Property 'type' does not exist on type 'never'.
src/ai-gateway/app/(dashboard)/dashboard/providers/[id]/useProviderDetailPageModel.ts(194,12): error TS7006: Parameter 'connection' implicitly has an 'any' type.
src/ai-gateway/app/(dashboard)/dashboard/providers/[id]/useProviderDetailPageModel.ts(199,50): error TS7006: Parameter 'entry' implicitly has an 'any' type.
src/ai-gateway/app/(dashboard)/dashboard/providers/[id]/useProviderDetailPageModel.ts(206,50): error TS7006: Parameter 'entry' implicitly has an 'any' type.
src/ai-gateway/app/(dashboard)/dashboard/providers/[id]/useProviderDetailPageModel.ts(446,71): error TS2339: Property 'isActive' does not exist on type 'never'.
src/ai-gateway/app/(dashboard)/dashboard/providers/[id]/useProviderDetailPageModel.ts(448,51): error TS2339: Property 'providerSpecificData' does not exist on type 'never'.
src/ai-gateway/app/(dashboard)/dashboard/providers/components/ModelAvailabilityBadge.tsx(12,33): error TS2307: Cannot find module 'next-intl' or its corresponding type declarations.
src/ai-gateway/app/(dashboard)/dashboard/providers/components/ModelAvailabilityBadge.tsx(13,24): error TS2307: Cannot find module '@/shared/components' or its corresponding type declarations.
src/ai-gateway/app/(dashboard)/dashboard/providers/components/ModelAvailabilityBadge.tsx(14,38): error TS2307: Cannot find module '@/store/notificationStore' or its corresponding type declarations.
src/ai-gateway/app/(dashboard)/dashboard/providers/components/ModelAvailabilityBadge.tsx(103,5): error TS17004: Cannot use JSX unless the '--jsx' flag is provided.
src/ai-gateway/app/(dashboard)/dashboard/providers/components/ModelAvailabilityBadge.tsx(104,7): error TS17004: Cannot use JSX unless the '--jsx' flag is provided.
src/ai-gateway/app/(dashboard)/dashboard/providers/components/ModelAvailabilityBadge.tsx(112,9): error TS17004: Cannot use JSX unless the '--jsx' flag is provided.
src/ai-gateway/app/(dashboard)/dashboard/providers/components/ModelAvailabilityBadge.tsx(120,9): error TS17004: Cannot use JSX unless the '--jsx' flag is provided.
src/ai-gateway/app/(dashboard)/dashboard/providers/components/ModelAvailabilityBadge.tsx(121,11): error TS17004: Cannot use JSX unless the '--jsx' flag is provided.
src/ai-gateway/app/(dashboard)/dashboard/providers/components/ModelAvailabilityBadge.tsx(122,13): error TS17004: Cannot use JSX unless the '--jsx' flag is provided.
src/ai-gateway/app/(dashboard)/dashboard/providers/components/ModelAvailabilityBadge.tsx(123,15): error TS17004: Cannot use JSX unless the '--jsx' flag is provided.
src/ai-gateway/app/(dashboard)/dashboard/providers/components/ModelAvailabilityBadge.tsx(130,15): error TS17004: Cannot use JSX unless the '--jsx' flag is provided.
src/ai-gateway/app/(dashboard)/dashboard/providers/components/ModelAvailabilityBadge.tsx(132,13): error TS17004: Cannot use JSX unless the '--jsx' flag is provided.
src/ai-gateway/app/(dashboard)/dashboard/providers/components/ModelAvailabilityBadge.tsx(137,15): error TS17004: Cannot use JSX unless the '--jsx' flag is provided.
src/ai-gateway/app/(dashboard)/dashboard/providers/components/ModelAvailabilityBadge.tsx(143,11): error TS17004: Cannot use JSX unless the '--jsx' flag is provided.
src/ai-gateway/app/(dashboard)/dashboard/providers/components/ModelAvailabilityBadge.tsx(145,15): error TS17004: Cannot use JSX unless the '--jsx' flag is provided.
src/ai-gateway/app/(dashboard)/dashboard/providers/components/ModelAvailabilityBadge.tsx(147,15): error TS17004: Cannot use JSX unless the '--jsx' flag is provided.
src/ai-gateway/app/(dashboard)/dashboard/providers/components/ModelAvailabilityBadge.tsx(149,19): error TS17004: Cannot use JSX unless the '--jsx' flag is provided.
src/ai-gateway/app/(dashboard)/dashboard/providers/components/ModelAvailabilityBadge.tsx(150,21): error TS17004: Cannot use JSX unless the '--jsx' flag is provided.
src/ai-gateway/app/(dashboard)/dashboard/providers/components/ModelAvailabilityBadge.tsx(153,21): error TS17004: Cannot use JSX unless the '--jsx' flag is provided.
src/ai-gateway/app/(dashboard)/dashboard/providers/components/ModelAvailabilityBadge.tsx(160,27): error TS17004: Cannot use JSX unless the '--jsx' flag is provided.
src/ai-gateway/app/(dashboard)/dashboard/providers/components/ModelAvailabilityBadge.tsx(164,29): error TS17004: Cannot use JSX unless the '--jsx' flag is provided.
src/ai-gateway/app/(dashboard)/dashboard/providers/components/ModelAvailabilityBadge.tsx(165,31): error TS17004: Cannot use JSX unless the '--jsx' flag is provided.
src/ai-gateway/app/(dashboard)/dashboard/providers/components/ModelAvailabilityBadge.tsx(172,31): error TS17004: Cannot use JSX unless the '--jsx' flag is provided.
src/ai-gateway/app/(dashboard)/dashboard/providers/components/ModelAvailabilityBadge.tsx(177,31): error TS17004: Cannot use JSX unless the '--jsx' flag is provided.
src/ai-gateway/app/(dashboard)/dashboard/providers/components/ModelAvailabilityPanel.tsx(11,33): error TS2307: Cannot find module 'next-intl' or its corresponding type declarations.
src/ai-gateway/app/(dashboard)/dashboard/providers/components/ModelAvailabilityPanel.tsx(12,30): error TS2307: Cannot find module '@/shared/components' or its corresponding type declarations.
src/ai-gateway/app/(dashboard)/dashboard/providers/components/ModelAvailabilityPanel.tsx(13,38): error TS2307: Cannot find module '@/store/notificationStore' or its corresponding type declarations.
src/ai-gateway/app/(dashboard)/dashboard/providers/components/ModelAvailabilityPanel.tsx(74,7): error TS17004: Cannot use JSX unless the '--jsx' flag is provided.
src/ai-gateway/app/(dashboard)/dashboard/providers/components/ModelAvailabilityPanel.tsx(75,9): error TS17004: Cannot use JSX unless the '--jsx' flag is provided.
src/ai-gateway/app/(dashboard)/dashboard/providers/components/ModelAvailabilityPanel.tsx(76,11): error TS17004: Cannot use JSX unless the '--jsx' flag is provided.
src/ai-gateway/app/(dashboard)/dashboard/providers/components/ModelAvailabilityPanel.tsx(91,7): error TS17004: Cannot use JSX unless the '--jsx' flag is provided.
src/ai-gateway/app/(dashboard)/dashboard/providers/components/ModelAvailabilityPanel.tsx(92,9): error TS17004: Cannot use JSX unless the '--jsx' flag is provided.
src/ai-gateway/app/(dashboard)/dashboard/providers/components/ModelAvailabilityPanel.tsx(93,11): error TS17004: Cannot use JSX unless the '--jsx' flag is provided.
src/ai-gateway/app/(dashboard)/dashboard/providers/components/ModelAvailabilityPanel.tsx(94,13): error TS17004: Cannot use JSX unless the '--jsx' flag is provided.
src/ai-gateway/app/(dashboard)/dashboard/providers/components/ModelAvailabilityPanel.tsx(98,11): error TS17004: Cannot use JSX unless the '--jsx' flag is provided.
src/ai-gateway/app/(dashboard)/dashboard/providers/components/ModelAvailabilityPanel.tsx(99,13): error TS17004: Cannot use JSX unless the '--jsx' flag is provided.
src/ai-gateway/app/(dashboard)/dashboard/providers/components/ModelAvailabilityPanel.tsx(100,13): error TS17004: Cannot use JSX unless the '--jsx' flag is provided.
src/ai-gateway/app/(dashboard)/dashboard/providers/components/ModelAvailabilityPanel.tsx(117,5): error TS17004: Cannot use JSX unless the '--jsx' flag is provided.
src/ai-gateway/app/(dashboard)/dashboard/providers/components/ModelAvailabilityPanel.tsx(118,7): error TS17004: Cannot use JSX unless the '--jsx' flag is provided.
src/ai-gateway/app/(dashboard)/dashboard/providers/components/ModelAvailabilityPanel.tsx(119,9): error TS17004: Cannot use JSX unless the '--jsx' flag is provided.
src/ai-gateway/app/(dashboard)/dashboard/providers/components/ModelAvailabilityPanel.tsx(120,11): error TS17004: Cannot use JSX unless the '--jsx' flag is provided.
src/ai-gateway/app/(dashboard)/dashboard/providers/components/ModelAvailabilityPanel.tsx(121,13): error TS17004: Cannot use JSX unless the '--jsx' flag is provided.
src/ai-gateway/app/(dashboard)/dashboard/providers/components/ModelAvailabilityPanel.tsx(125,11): error TS17004: Cannot use JSX unless the '--jsx' flag is provided.
src/ai-gateway/app/(dashboard)/dashboard/providers/components/ModelAvailabilityPanel.tsx(126,13): error TS17004: Cannot use JSX unless the '--jsx' flag is provided.
src/ai-gateway/app/(dashboard)/dashboard/providers/components/ModelAvailabilityPanel.tsx(127,13): error TS17004: Cannot use JSX unless the '--jsx' flag is provided.
src/ai-gateway/app/(dashboard)/dashboard/providers/components/ModelAvailabilityPanel.tsx(132,9): error TS17004: Cannot use JSX unless the '--jsx' flag is provided.
src/ai-gateway/app/(dashboard)/dashboard/providers/components/ModelAvailabilityPanel.tsx(139,11): error TS17004: Cannot use JSX unless the '--jsx' flag is provided.
src/ai-gateway/app/(dashboard)/dashboard/providers/components/ModelAvailabilityPanel.tsx(145,7): error TS17004: Cannot use JSX unless the '--jsx' flag is provided.
src/ai-gateway/app/(dashboard)/dashboard/providers/components/ModelAvailabilityPanel.tsx(147,11): error TS17004: Cannot use JSX unless the '--jsx' flag is provided.
src/ai-gateway/app/(dashboard)/dashboard/providers/components/ModelAvailabilityPanel.tsx(148,13): error TS17004: Cannot use JSX unless the '--jsx' flag is provided.
src/ai-gateway/app/(dashboard)/dashboard/providers/components/ModelAvailabilityPanel.tsx(149,13): error TS17004: Cannot use JSX unless the '--jsx' flag is provided.
src/ai-gateway/app/(dashboard)/dashboard/providers/components/ModelAvailabilityPanel.tsx(155,19): error TS17004: Cannot use JSX unless the '--jsx' flag is provided.
src/ai-gateway/app/(dashboard)/dashboard/providers/components/ModelAvailabilityPanel.tsx(159,21): error TS17004: Cannot use JSX unless the '--jsx' flag is provided.
src/ai-gateway/app/(dashboard)/dashboard/providers/components/ModelAvailabilityPanel.tsx(160,23): error TS17004: Cannot use JSX unless the '--jsx' flag is provided.
src/ai-gateway/app/(dashboard)/dashboard/providers/components/ModelAvailabilityPanel.tsx(167,23): error TS17004: Cannot use JSX unless the '--jsx' flag is provided.
src/ai-gateway/app/(dashboard)/dashboard/providers/components/ModelAvailabilityPanel.tsx(168,23): error TS17004: Cannot use JSX unless the '--jsx' flag is provided.
src/ai-gateway/app/(dashboard)/dashboard/providers/components/ModelAvailabilityPanel.tsx(178,25): error TS17004: Cannot use JSX unless the '--jsx' flag is provided.
src/ai-gateway/app/(dashboard)/dashboard/providers/components/ModelAvailabilityPanel.tsx(184,23): error TS17004: Cannot use JSX unless the '--jsx' flag is provided.
src/ai-gateway/app/(dashboard)/dashboard/providers/error.tsx(11,5): error TS17004: Cannot use JSX unless the '--jsx' flag is provided.
src/ai-gateway/app/(dashboard)/dashboard/providers/error.tsx(16,7): error TS17004: Cannot use JSX unless the '--jsx' flag is provided.
src/ai-gateway/app/(dashboard)/dashboard/providers/error.tsx(17,9): error TS17004: Cannot use JSX unless the '--jsx' flag is provided.
src/ai-gateway/app/(dashboard)/dashboard/providers/error.tsx(20,9): error TS17004: Cannot use JSX unless the '--jsx' flag is provided.
src/ai-gateway/app/(dashboard)/dashboard/providers/error.tsx(24,11): error TS17004: Cannot use JSX unless the '--jsx' flag is provided.
src/ai-gateway/app/(dashboard)/dashboard/providers/error.tsx(27,11): error TS17004: Cannot use JSX unless the '--jsx' flag is provided.
src/ai-gateway/app/(dashboard)/dashboard/providers/error.tsx(29,9): error TS17004: Cannot use JSX unless the '--jsx' flag is provided.
src/ai-gateway/app/(dashboard)/dashboard/providers/loading.tsx(3,40): error TS2307: Cannot find module '@/shared/components/Loading' or its corresponding type declarations.
src/ai-gateway/app/(dashboard)/dashboard/providers/loading.tsx(7,5): error TS17004: Cannot use JSX unless the '--jsx' flag is provided.
src/ai-gateway/app/(dashboard)/dashboard/providers/loading.tsx(8,7): error TS17004: Cannot use JSX unless the '--jsx' flag is provided.
src/ai-gateway/app/(dashboard)/dashboard/providers/loading.tsx(9,7): error TS17004: Cannot use JSX unless the '--jsx' flag is provided.
src/ai-gateway/app/(dashboard)/dashboard/providers/loading.tsx(11,11): error TS17004: Cannot use JSX unless the '--jsx' flag is provided.
src/ai-gateway/app/(dashboard)/dashboard/providers/new/page.tsx(4,27): error TS2307: Cannot find module 'next/navigation' or its corresponding type declarations.
src/ai-gateway/app/(dashboard)/dashboard/providers/new/page.tsx(5,18): error TS2307: Cannot find module 'next/link' or its corresponding type declarations.
src/ai-gateway/app/(dashboard)/dashboard/providers/new/page.tsx(6,53): error TS2307: Cannot find module '@/shared/components' or its corresponding type declarations.
src/ai-gateway/app/(dashboard)/dashboard/providers/new/page.tsx(7,44): error TS2307: Cannot find module '@/shared/constants/config' or its corresponding type declarations.
src/ai-gateway/app/(dashboard)/dashboard/providers/new/page.tsx(8,33): error TS2307: Cannot find module 'next-intl' or its corresponding type declarations.
src/ai-gateway/app/(dashboard)/dashboard/providers/new/page.tsx(11,10): error TS18046: 'p' is of type 'unknown'.
src/ai-gateway/app/(dashboard)/dashboard/providers/new/page.tsx(12,10): error TS18046: 'p' is of type 'unknown'.
src/ai-gateway/app/(dashboard)/dashboard/providers/new/page.tsx(16,10): error TS18046: 'm' is of type 'unknown'.
src/ai-gateway/app/(dashboard)/dashboard/providers/new/page.tsx(17,10): error TS18046: 'm' is of type 'unknown'.
src/ai-gateway/app/(dashboard)/dashboard/providers/new/page.tsx(33,25): error TS7006: Parameter 'field' implicitly has an 'any' type.
src/ai-gateway/app/(dashboard)/dashboard/providers/new/page.tsx(33,32): error TS7006: Parameter 'value' implicitly has an 'any' type.
src/ai-gateway/app/(dashboard)/dashboard/providers/new/page.tsx(36,18): error TS7006: Parameter 'prev' implicitly has an 'any' type.
src/ai-gateway/app/(dashboard)/dashboard/providers/new/page.tsx(50,31): error TS7006: Parameter 'e' implicitly has an 'any' type.
src/ai-gateway/app/(dashboard)/dashboard/providers/new/page.tsx(78,5): error TS17004: Cannot use JSX unless the '--jsx' flag is provided.
src/ai-gateway/app/(dashboard)/dashboard/providers/new/page.tsx(80,7): error TS17004: Cannot use JSX unless the '--jsx' flag is provided.
src/ai-gateway/app/(dashboard)/dashboard/providers/new/page.tsx(81,9): error TS17004: Cannot use JSX unless the '--jsx' flag is provided.
src/ai-gateway/app/(dashboard)/dashboard/providers/new/page.tsx(85,11): error TS17004: Cannot use JSX unless the '--jsx' flag is provided.
src/ai-gateway/app/(dashboard)/dashboard/providers/new/page.tsx(88,9): error TS17004: Cannot use JSX unless the '--jsx' flag is provided.
src/ai-gateway/app/(dashboard)/dashboard/providers/new/page.tsx(91,9): error TS17004: Cannot use JSX unless the '--jsx' flag is provided.
src/ai-gateway/app/(dashboard)/dashboard/providers/new/page.tsx(95,7): error TS17004: Cannot use JSX unless the '--jsx' flag is provided.
src/ai-gateway/app/(dashboard)/dashboard/providers/new/page.tsx(96,9): error TS17004: Cannot use JSX unless the '--jsx' flag is provided.
src/ai-gateway/app/(dashboard)/dashboard/providers/new/page.tsx(98,11): error TS17004: Cannot use JSX unless the '--jsx' flag is provided.
src/ai-gateway/app/(dashboard)/dashboard/providers/new/page.tsx(102,24): error TS7006: Parameter 'e' implicitly has an 'any' type.
src/ai-gateway/app/(dashboard)/dashboard/providers/new/page.tsx(110,13): error TS17004: Cannot use JSX unless the '--jsx' flag is provided.
src/ai-gateway/app/(dashboard)/dashboard/providers/new/page.tsx(111,15): error TS17004: Cannot use JSX unless the '--jsx' flag is provided.
src/ai-gateway/app/(dashboard)/dashboard/providers/new/page.tsx(112,17): error TS17004: Cannot use JSX unless the '--jsx' flag is provided.
src/ai-gateway/app/(dashboard)/dashboard/providers/new/page.tsx(119,15): error TS17004: Cannot use JSX unless the '--jsx' flag is provided.
src/ai-gateway/app/(dashboard)/dashboard/providers/new/page.tsx(120,17): error TS17004: Cannot use JSX unless the '--jsx' flag is provided.
src/ai-gateway/app/(dashboard)/dashboard/providers/new/page.tsx(121,17): error TS17004: Cannot use JSX unless the '--jsx' flag is provided.
src/ai-gateway/app/(dashboard)/dashboard/providers/new/page.tsx(127,11): error TS17004: Cannot use JSX unless the '--jsx' flag is provided.
src/ai-gateway/app/(dashboard)/dashboard/providers/new/page.tsx(128,13): error TS17004: Cannot use JSX unless the '--jsx' flag is provided.
src/ai-gateway/app/(dashboard)/dashboard/providers/new/page.tsx(129,33): error TS17004: Cannot use JSX unless the '--jsx' flag is provided.
src/ai-gateway/app/(dashboard)/dashboard/providers/new/page.tsx(131,13): error TS17004: Cannot use JSX unless the '--jsx' flag is provided.
src/ai-gateway/app/(dashboard)/dashboard/providers/new/page.tsx(133,17): error TS17004: Cannot use JSX unless the '--jsx' flag is provided.
src/ai-gateway/app/(dashboard)/dashboard/providers/new/page.tsx(143,19): error TS17004: Cannot use JSX unless the '--jsx' flag is provided.
src/ai-gateway/app/(dashboard)/dashboard/providers/new/page.tsx(146,19): error TS17004: Cannot use JSX unless the '--jsx' flag is provided.
src/ai-gateway/app/(dashboard)/dashboard/providers/new/page.tsx(156,13): error TS17004: Cannot use JSX unless the '--jsx' flag is provided.
src/ai-gateway/app/(dashboard)/dashboard/providers/new/page.tsx(161,26): error TS7006: Parameter 'e' implicitly has an 'any' type.
src/ai-gateway/app/(dashboard)/dashboard/providers/new/page.tsx(170,13): error TS17004: Cannot use JSX unless the '--jsx' flag is provided.
src/ai-gateway/app/(dashboard)/dashboard/providers/new/page.tsx(171,15): error TS17004: Cannot use JSX unless the '--jsx' flag is provided.
src/ai-gateway/app/(dashboard)/dashboard/providers/new/page.tsx(172,15): error TS17004: Cannot use JSX unless the '--jsx' flag is provided.
src/ai-gateway/app/(dashboard)/dashboard/providers/new/page.tsx(179,11): error TS17004: Cannot use JSX unless the '--jsx' flag is provided.
src/ai-gateway/app/(dashboard)/dashboard/providers/new/page.tsx(183,24): error TS7006: Parameter 'e' implicitly has an 'any' type.
src/ai-gateway/app/(dashboard)/dashboard/providers/new/page.tsx(188,11): error TS17004: Cannot use JSX unless the '--jsx' flag is provided.
src/ai-gateway/app/(dashboard)/dashboard/providers/new/page.tsx(190,24): error TS7006: Parameter 'checked' implicitly has an 'any' type.
src/ai-gateway/app/(dashboard)/dashboard/providers/new/page.tsx(197,13): error TS17004: Cannot use JSX unless the '--jsx' flag is provided.
src/ai-gateway/app/(dashboard)/dashboard/providers/new/page.tsx(203,11): error TS17004: Cannot use JSX unless the '--jsx' flag is provided.
src/ai-gateway/app/(dashboard)/dashboard/providers/new/page.tsx(204,13): error TS17004: Cannot use JSX unless the '--jsx' flag is provided.
src/ai-gateway/app/(dashboard)/dashboard/providers/new/page.tsx(205,15): error TS17004: Cannot use JSX unless the '--jsx' flag is provided.
src/ai-gateway/app/(dashboard)/dashboard/providers/new/page.tsx(209,13): error TS17004: Cannot use JSX unless the '--jsx' flag is provided.
src/ai-gateway/app/(dashboard)/dashboard/providers/page.tsx(4,46): error TS2307: Cannot find module '@/shared/components' or its corresponding type declarations.
src/ai-gateway/app/(dashboard)/dashboard/providers/page.tsx(5,51): error TS2307: Cannot find module '@/shared/constants/config' or its corresponding type declarations.
src/ai-gateway/app/(dashboard)/dashboard/providers/page.tsx(6,64): error TS2307: Cannot find module '@/shared/constants/providers' or its corresponding type declarations.
src/ai-gateway/app/(dashboard)/dashboard/providers/page.tsx(7,47): error TS2307: Cannot find module '@/shared/utils' or its corresponding type declarations.
src/ai-gateway/app/(dashboard)/dashboard/providers/page.tsx(8,38): error TS2307: Cannot find module '@/store/notificationStore' or its corresponding type declarations.
src/ai-gateway/app/(dashboard)/dashboard/providers/page.tsx(9,36): error TS6142: Module './components/ModelAvailabilityBadge' was resolved to 'C:/TESTES DEV/1_PROJETOS_ATIVOS/Zavorth/src/ai-gateway/app/(dashboard)/dashboard/providers/components/ModelAvailabilityBadge.tsx', but '--jsx' is not set.
src/ai-gateway/app/(dashboard)/dashboard/providers/page.tsx(10,33): error TS2307: Cannot find module 'next-intl' or its corresponding type declarations.
src/ai-gateway/app/(dashboard)/dashboard/providers/page.tsx(17,50): error TS6142: Module './provider-page-cards' was resolved to 'C:/TESTES DEV/1_PROJETOS_ATIVOS/Zavorth/src/ai-gateway/app/(dashboard)/dashboard/providers/provider-page-cards.tsx', but '--jsx' is not set.
src/ai-gateway/app/(dashboard)/dashboard/providers/page.tsx(24,8): error TS6142: Module './provider-page-modals' was resolved to 'C:/TESTES DEV/1_PROJETOS_ATIVOS/Zavorth/src/ai-gateway/app/(dashboard)/dashboard/providers/provider-page-modals.tsx', but '--jsx' is not set.
src/ai-gateway/app/(dashboard)/dashboard/providers/page.tsx(25,41): error TS6142: Module './provider-page-test-results' was resolved to 'C:/TESTES DEV/1_PROJETOS_ATIVOS/Zavorth/src/ai-gateway/app/(dashboard)/dashboard/providers/provider-page-test-results.tsx', but '--jsx' is not set.
src/ai-gateway/app/(dashboard)/dashboard/providers/page.tsx(27,32): error TS7006: Parameter 'connection' implicitly has an 'any' type.
src/ai-gateway/app/(dashboard)/dashboard/providers/page.tsx(67,29): error TS7006: Parameter 'value' implicitly has an 'any' type.
src/ai-gateway/app/(dashboard)/dashboard/providers/page.tsx(71,28): error TS7006: Parameter 'modelPicker' implicitly has an 'any' type.
src/ai-gateway/app/(dashboard)/dashboard/providers/page.tsx(75,26): error TS7006: Parameter 'modelPicker' implicitly has an 'any' type.
src/ai-gateway/app/(dashboard)/dashboard/providers/page.tsx(76,50): error TS7006: Parameter 'family' implicitly has an 'any' type.
src/ai-gateway/app/(dashboard)/dashboard/providers/page.tsx(81,37): error TS7006: Parameter 'modelPicker' implicitly has an 'any' type.
src/ai-gateway/app/(dashboard)/dashboard/providers/page.tsx(81,50): error TS7006: Parameter 'providerId' implicitly has an 'any' type.
src/ai-gateway/app/(dashboard)/dashboard/providers/page.tsx(85,45): error TS7006: Parameter 'route' implicitly has an 'any' type.
src/ai-gateway/app/(dashboard)/dashboard/providers/page.tsx(92,33): error TS7006: Parameter 'modelPicker' implicitly has an 'any' type.
src/ai-gateway/app/(dashboard)/dashboard/providers/page.tsx(95,33): error TS7006: Parameter 'entry' implicitly has an 'any' type.
src/ai-gateway/app/(dashboard)/dashboard/providers/page.tsx(96,23): error TS7006: Parameter 'entry' implicitly has an 'any' type.
src/ai-gateway/app/(dashboard)/dashboard/providers/page.tsx(100,30): error TS7006: Parameter 'entry' implicitly has an 'any' type.
src/ai-gateway/app/(dashboard)/dashboard/providers/page.tsx(101,21): error TS7006: Parameter 'entry' implicitly has an 'any' type.
src/ai-gateway/app/(dashboard)/dashboard/providers/page.tsx(105,30): error TS7006: Parameter 'entry' implicitly has an 'any' type.
src/ai-gateway/app/(dashboard)/dashboard/providers/page.tsx(106,21): error TS7006: Parameter 'entry' implicitly has an 'any' type.
src/ai-gateway/app/(dashboard)/dashboard/providers/page.tsx(113,40): error TS7031: Binding element 'modelPicker' implicitly has an 'any' type.
src/ai-gateway/app/(dashboard)/dashboard/providers/page.tsx(113,53): error TS7031: Binding element 'error' implicitly has an 'any' type.
src/ai-gateway/app/(dashboard)/dashboard/providers/page.tsx(115,38): error TS7006: Parameter 'entry' implicitly has an 'any' type.
src/ai-gateway/app/(dashboard)/dashboard/providers/page.tsx(116,41): error TS7006: Parameter 'entry' implicitly has an 'any' type.
src/ai-gateway/app/(dashboard)/dashboard/providers/page.tsx(119,5): error TS17004: Cannot use JSX unless the '--jsx' flag is provided.
src/ai-gateway/app/(dashboard)/dashboard/providers/page.tsx(120,7): error TS17004: Cannot use JSX unless the '--jsx' flag is provided.
src/ai-gateway/app/(dashboard)/dashboard/providers/page.tsx(121,9): error TS17004: Cannot use JSX unless the '--jsx' flag is provided.
src/ai-gateway/app/(dashboard)/dashboard/providers/page.tsx(122,11): error TS17004: Cannot use JSX unless the '--jsx' flag is provided.
src/ai-gateway/app/(dashboard)/dashboard/providers/page.tsx(123,11): error TS17004: Cannot use JSX unless the '--jsx' flag is provided.
src/ai-gateway/app/(dashboard)/dashboard/providers/page.tsx(126,11): error TS17004: Cannot use JSX unless the '--jsx' flag is provided.
src/ai-gateway/app/(dashboard)/dashboard/providers/page.tsx(132,9): error TS17004: Cannot use JSX unless the '--jsx' flag is provided.
src/ai-gateway/app/(dashboard)/dashboard/providers/page.tsx(133,11): error TS17004: Cannot use JSX unless the '--jsx' flag is provided.
src/ai-gateway/app/(dashboard)/dashboard/providers/page.tsx(136,11): error TS17004: Cannot use JSX unless the '--jsx' flag is provided.
src/ai-gateway/app/(dashboard)/dashboard/providers/page.tsx(139,11): error TS17004: Cannot use JSX unless the '--jsx' flag is provided.
src/ai-gateway/app/(dashboard)/dashboard/providers/page.tsx(146,9): error TS17004: Cannot use JSX unless the '--jsx' flag is provided.
src/ai-gateway/app/(dashboard)/dashboard/providers/page.tsx(148,9): error TS17004: Cannot use JSX unless the '--jsx' flag is provided.
src/ai-gateway/app/(dashboard)/dashboard/providers/page.tsx(149,38): error TS7006: Parameter 'entry' implicitly has an 'any' type.
src/ai-gateway/app/(dashboard)/dashboard/providers/page.tsx(150,13): error TS17004: Cannot use JSX unless the '--jsx' flag is provided.
src/ai-gateway/app/(dashboard)/dashboard/providers/page.tsx(151,15): error TS17004: Cannot use JSX unless the '--jsx' flag is provided.
src/ai-gateway/app/(dashboard)/dashboard/providers/page.tsx(152,15): error TS17004: Cannot use JSX unless the '--jsx' flag is provided.
src/ai-gateway/app/(dashboard)/dashboard/providers/page.tsx(311,29): error TS7006: Parameter 'providerId' implicitly has an 'any' type.
src/ai-gateway/app/(dashboard)/dashboard/providers/page.tsx(311,41): error TS7006: Parameter 'authType' implicitly has an 'any' type.
src/ai-gateway/app/(dashboard)/dashboard/providers/page.tsx(319,33): error TS7006: Parameter 'conn' implicitly has an 'any' type.
src/ai-gateway/app/(dashboard)/dashboard/providers/page.tsx(388,34): error TS7006: Parameter 'mode' implicitly has an 'any' type.
src/ai-gateway/app/(dashboard)/dashboard/providers/page.tsx(504,7): error TS17004: Cannot use JSX unless the '--jsx' flag is provided.
src/ai-gateway/app/(dashboard)/dashboard/providers/page.tsx(505,9): error TS17004: Cannot use JSX unless the '--jsx' flag is provided.
src/ai-gateway/app/(dashboard)/dashboard/providers/page.tsx(506,9): error TS17004: Cannot use JSX unless the '--jsx' flag is provided.
src/ai-gateway/app/(dashboard)/dashboard/providers/page.tsx(512,5): error TS17004: Cannot use JSX unless the '--jsx' flag is provided.
src/ai-gateway/app/(dashboard)/dashboard/providers/page.tsx(516,11): error TS17004: Cannot use JSX unless the '--jsx' flag is provided.
src/ai-gateway/app/(dashboard)/dashboard/providers/page.tsx(523,13): error TS17004: Cannot use JSX unless the '--jsx' flag is provided.
src/ai-gateway/app/(dashboard)/dashboard/providers/page.tsx(530,13): error TS17004: Cannot use JSX unless the '--jsx' flag is provided.
src/ai-gateway/app/(dashboard)/dashboard/providers/page.tsx(531,15): error TS17004: Cannot use JSX unless the '--jsx' flag is provided.
src/ai-gateway/app/(dashboard)/dashboard/providers/page.tsx(538,15): error TS17004: Cannot use JSX unless the '--jsx' flag is provided.
src/ai-gateway/app/(dashboard)/dashboard/providers/page.tsx(547,7): error TS17004: Cannot use JSX unless the '--jsx' flag is provided.
src/ai-gateway/app/(dashboard)/dashboard/providers/page.tsx(550,7): error TS17004: Cannot use JSX unless the '--jsx' flag is provided.
src/ai-gateway/app/(dashboard)/dashboard/providers/page.tsx(551,9): error TS17004: Cannot use JSX unless the '--jsx' flag is provided.
src/ai-gateway/app/(dashboard)/dashboard/providers/page.tsx(552,11): error TS17004: Cannot use JSX unless the '--jsx' flag is provided.
src/ai-gateway/app/(dashboard)/dashboard/providers/page.tsx(554,13): error TS17004: Cannot use JSX unless the '--jsx' flag is provided.
src/ai-gateway/app/(dashboard)/dashboard/providers/page.tsx(556,11): error TS17004: Cannot use JSX unless the '--jsx' flag is provided.
src/ai-gateway/app/(dashboard)/dashboard/providers/page.tsx(557,13): error TS17004: Cannot use JSX unless the '--jsx' flag is provided.
src/ai-gateway/app/(dashboard)/dashboard/providers/page.tsx(558,13): error TS17004: Cannot use JSX unless the '--jsx' flag is provided.
src/ai-gateway/app/(dashboard)/dashboard/providers/page.tsx(565,13): error TS17004: Cannot use JSX unless the '--jsx' flag is provided.
src/ai-gateway/app/(dashboard)/dashboard/providers/page.tsx(571,15): error TS17004: Cannot use JSX unless the '--jsx' flag is provided.
src/ai-gateway/app/(dashboard)/dashboard/providers/page.tsx(579,15): error TS17004: Cannot use JSX unless the '--jsx' flag is provided.
src/ai-gateway/app/(dashboard)/dashboard/providers/page.tsx(590,17): error TS17004: Cannot use JSX unless the '--jsx' flag is provided.
src/ai-gateway/app/(dashboard)/dashboard/providers/page.tsx(596,13): error TS17004: Cannot use JSX unless the '--jsx' flag is provided.
src/ai-gateway/app/(dashboard)/dashboard/providers/page.tsx(607,15): error TS17004: Cannot use JSX unless the '--jsx' flag is provided.
src/ai-gateway/app/(dashboard)/dashboard/providers/page.tsx(614,9): error TS17004: Cannot use JSX unless the '--jsx' flag is provided.
src/ai-gateway/app/(dashboard)/dashboard/providers/page.tsx(617,15): error TS17004: Cannot use JSX unless the '--jsx' flag is provided.
src/ai-gateway/app/(dashboard)/dashboard/providers/page.tsx(623,28): error TS7006: Parameter 'active' implicitly has an 'any' type.
src/ai-gateway/app/(dashboard)/dashboard/providers/page.tsx(632,7): error TS17004: Cannot use JSX unless the '--jsx' flag is provided.
src/ai-gateway/app/(dashboard)/dashboard/providers/page.tsx(633,9): error TS17004: Cannot use JSX unless the '--jsx' flag is provided.
src/ai-gateway/app/(dashboard)/dashboard/providers/page.tsx(634,11): error TS17004: Cannot use JSX unless the '--jsx' flag is provided.
src/ai-gateway/app/(dashboard)/dashboard/providers/page.tsx(636,13): error TS17004: Cannot use JSX unless the '--jsx' flag is provided.
src/ai-gateway/app/(dashboard)/dashboard/providers/page.tsx(638,11): error TS17004: Cannot use JSX unless the '--jsx' flag is provided.
src/ai-gateway/app/(dashboard)/dashboard/providers/page.tsx(649,13): error TS17004: Cannot use JSX unless the '--jsx' flag is provided.
src/ai-gateway/app/(dashboard)/dashboard/providers/page.tsx(655,9): error TS17004: Cannot use JSX unless the '--jsx' flag is provided.
src/ai-gateway/app/(dashboard)/dashboard/providers/page.tsx(658,15): error TS17004: Cannot use JSX unless the '--jsx' flag is provided.
src/ai-gateway/app/(dashboard)/dashboard/providers/page.tsx(664,28): error TS7006: Parameter 'active' implicitly has an 'any' type.
src/ai-gateway/app/(dashboard)/dashboard/providers/page.tsx(673,7): error TS17004: Cannot use JSX unless the '--jsx' flag is provided.
src/ai-gateway/app/(dashboard)/dashboard/providers/page.tsx(674,9): error TS17004: Cannot use JSX unless the '--jsx' flag is provided.
src/ai-gateway/app/(dashboard)/dashboard/providers/page.tsx(675,11): error TS17004: Cannot use JSX unless the '--jsx' flag is provided.
src/ai-gateway/app/(dashboard)/dashboard/providers/page.tsx(677,13): error TS17004: Cannot use JSX unless the '--jsx' flag is provided.
src/ai-gateway/app/(dashboard)/dashboard/providers/page.tsx(679,11): error TS17004: Cannot use JSX unless the '--jsx' flag is provided.
src/ai-gateway/app/(dashboard)/dashboard/providers/page.tsx(683,15): error TS17004: Cannot use JSX unless the '--jsx' flag is provided.
src/ai-gateway/app/(dashboard)/dashboard/providers/page.tsx(693,17): error TS17004: Cannot use JSX unless the '--jsx' flag is provided.
src/ai-gateway/app/(dashboard)/dashboard/providers/page.tsx(700,15): error TS17004: Cannot use JSX unless the '--jsx' flag is provided.
src/ai-gateway/app/(dashboard)/dashboard/providers/page.tsx(704,13): error TS17004: Cannot use JSX unless the '--jsx' flag is provided.
src/ai-gateway/app/(dashboard)/dashboard/providers/page.tsx(707,13): error TS17004: Cannot use JSX unless the '--jsx' flag is provided.
src/ai-gateway/app/(dashboard)/dashboard/providers/page.tsx(715,11): error TS17004: Cannot use JSX unless the '--jsx' flag is provided.
src/ai-gateway/app/(dashboard)/dashboard/providers/page.tsx(716,13): error TS17004: Cannot use JSX unless the '--jsx' flag is provided.
src/ai-gateway/app/(dashboard)/dashboard/providers/page.tsx(719,13): error TS17004: Cannot use JSX unless the '--jsx' flag is provided.
src/ai-gateway/app/(dashboard)/dashboard/providers/page.tsx(720,13): error TS17004: Cannot use JSX unless the '--jsx' flag is provided.
src/ai-gateway/app/(dashboard)/dashboard/providers/page.tsx(723,11): error TS17004: Cannot use JSX unless the '--jsx' flag is provided.
src/ai-gateway/app/(dashboard)/dashboard/providers/page.tsx(726,17): error TS17004: Cannot use JSX unless the '--jsx' flag is provided.
src/ai-gateway/app/(dashboard)/dashboard/providers/page.tsx(732,30): error TS7006: Parameter 'active' implicitly has an 'any' type.
src/ai-gateway/app/(dashboard)/dashboard/providers/page.tsx(740,7): error TS17004: Cannot use JSX unless the '--jsx' flag is provided.
src/ai-gateway/app/(dashboard)/dashboard/providers/page.tsx(743,21): error TS7006: Parameter 'node' implicitly has an 'any' type.
src/ai-gateway/app/(dashboard)/dashboard/providers/page.tsx(748,7): error TS17004: Cannot use JSX unless the '--jsx' flag is provided.
src/ai-gateway/app/(dashboard)/dashboard/providers/page.tsx(751,21): error TS7006: Parameter 'node' implicitly has an 'any' type.
src/ai-gateway/app/(dashboard)/dashboard/providers/page.tsx(757,9): error TS17004: Cannot use JSX unless the '--jsx' flag is provided.
src/ai-gateway/app/(dashboard)/dashboard/providers/page.tsx(760,23): error TS7006: Parameter 'node' implicitly has an 'any' type.
src/ai-gateway/app/(dashboard)/dashboard/providers/page.tsx(768,9): error TS17004: Cannot use JSX unless the '--jsx' flag is provided.
src/ai-gateway/app/(dashboard)/dashboard/providers/page.tsx(772,11): error TS17004: Cannot use JSX unless the '--jsx' flag is provided.
src/ai-gateway/app/(dashboard)/dashboard/providers/page.tsx(773,11): error TS17004: Cannot use JSX unless the '--jsx' flag is provided.
src/ai-gateway/app/(dashboard)/dashboard/providers/page.tsx(777,13): error TS17004: Cannot use JSX unless the '--jsx' flag is provided.
src/ai-gateway/app/(dashboard)/dashboard/providers/page.tsx(778,15): error TS17004: Cannot use JSX unless the '--jsx' flag is provided.
src/ai-gateway/app/(dashboard)/dashboard/providers/page.tsx(779,15): error TS17004: Cannot use JSX unless the '--jsx' flag is provided.
src/ai-gateway/app/(dashboard)/dashboard/providers/page.tsx(784,17): error TS17004: Cannot use JSX unless the '--jsx' flag is provided.
src/ai-gateway/app/(dashboard)/dashboard/providers/page.tsx(787,13): error TS17004: Cannot use JSX unless the '--jsx' flag is provided.
src/ai-gateway/app/(dashboard)/dashboard/providers/page.tsx(788,15): error TS17004: Cannot use JSX unless the '--jsx' flag is provided.
src/ai-gateway/app/(dashboard)/dashboard/providers/provider-page-cards.tsx(3,19): error TS2307: Cannot find module 'next/image' or its corresponding type declarations.
src/ai-gateway/app/(dashboard)/dashboard/providers/provider-page-cards.tsx(4,18): error TS2307: Cannot find module 'next/link' or its corresponding type declarations.
src/ai-gateway/app/(dashboard)/dashboard/providers/provider-page-cards.tsx(5,23): error TS2307: Cannot find module 'prop-types' or its corresponding type declarations.
src/ai-gateway/app/(dashboard)/dashboard/providers/provider-page-cards.tsx(6,26): error TS2307: Cannot find module '@/shared/components/ProviderIcon' or its corresponding type declarations.
src/ai-gateway/app/(dashboard)/dashboard/providers/provider-page-cards.tsx(7,37): error TS2307: Cannot find module '@/shared/components' or its corresponding type declarations.
src/ai-gateway/app/(dashboard)/dashboard/providers/provider-page-cards.tsx(12,8): error TS2307: Cannot find module '@/shared/constants/providers' or its corresponding type declarations.
src/ai-gateway/app/(dashboard)/dashboard/providers/provider-page-cards.tsx(13,33): error TS2307: Cannot find module 'next-intl' or its corresponding type declarations.
src/ai-gateway/app/(dashboard)/dashboard/providers/provider-page-cards.tsx(15,27): error TS7006: Parameter 'connected' implicitly has an 'any' type.
src/ai-gateway/app/(dashboard)/dashboard/providers/provider-page-cards.tsx(15,38): error TS7006: Parameter 'error' implicitly has an 'any' type.
src/ai-gateway/app/(dashboard)/dashboard/providers/provider-page-cards.tsx(15,45): error TS7006: Parameter 'errorCode' implicitly has an 'any' type.
src/ai-gateway/app/(dashboard)/dashboard/providers/provider-page-cards.tsx(15,56): error TS7006: Parameter 't' implicitly has an 'any' type.
src/ai-gateway/app/(dashboard)/dashboard/providers/provider-page-cards.tsx(19,7): error TS17004: Cannot use JSX unless the '--jsx' flag is provided.
src/ai-gateway/app/(dashboard)/dashboard/providers/provider-page-cards.tsx(29,7): error TS17004: Cannot use JSX unless the '--jsx' flag is provided.
src/ai-gateway/app/(dashboard)/dashboard/providers/provider-page-cards.tsx(35,12): error TS17004: Cannot use JSX unless the '--jsx' flag is provided.
src/ai-gateway/app/(dashboard)/dashboard/providers/provider-page-cards.tsx(40,32): error TS7006: Parameter 'route' implicitly has an 'any' type.
src/ai-gateway/app/(dashboard)/dashboard/providers/provider-page-cards.tsx(47,29): error TS7031: Binding element 'route' implicitly has an 'any' type.
src/ai-gateway/app/(dashboard)/dashboard/providers/provider-page-cards.tsx(55,5): error TS17004: Cannot use JSX unless the '--jsx' flag is provided.
src/ai-gateway/app/(dashboard)/dashboard/providers/provider-page-cards.tsx(92,32): error TS7031: Binding element 'providerId' implicitly has an 'any' type.
src/ai-gateway/app/(dashboard)/dashboard/providers/provider-page-cards.tsx(92,44): error TS7031: Binding element 'provider' implicitly has an 'any' type.
src/ai-gateway/app/(dashboard)/dashboard/providers/provider-page-cards.tsx(92,54): error TS7031: Binding element 'stats' implicitly has an 'any' type.
src/ai-gateway/app/(dashboard)/dashboard/providers/provider-page-cards.tsx(92,61): error TS7031: Binding element 'authType' implicitly has an 'any' type.
src/ai-gateway/app/(dashboard)/dashboard/providers/provider-page-cards.tsx(92,71): error TS7031: Binding element 'onToggle' implicitly has an 'any' type.
src/ai-gateway/app/(dashboard)/dashboard/providers/provider-page-cards.tsx(92,81): error TS7031: Binding element 'pickerRoute' implicitly has an 'any' type.
src/ai-gateway/app/(dashboard)/dashboard/providers/provider-page-cards.tsx(111,5): error TS17004: Cannot use JSX unless the '--jsx' flag is provided.
src/ai-gateway/app/(dashboard)/dashboard/providers/provider-page-cards.tsx(112,7): error TS17004: Cannot use JSX unless the '--jsx' flag is provided.
src/ai-gateway/app/(dashboard)/dashboard/providers/provider-page-cards.tsx(116,9): error TS17004: Cannot use JSX unless the '--jsx' flag is provided.
src/ai-gateway/app/(dashboard)/dashboard/providers/provider-page-cards.tsx(117,11): error TS17004: Cannot use JSX unless the '--jsx' flag is provided.
src/ai-gateway/app/(dashboard)/dashboard/providers/provider-page-cards.tsx(118,13): error TS17004: Cannot use JSX unless the '--jsx' flag is provided.
src/ai-gateway/app/(dashboard)/dashboard/providers/provider-page-cards.tsx(122,15): error TS17004: Cannot use JSX unless the '--jsx' flag is provided.
src/ai-gateway/app/(dashboard)/dashboard/providers/provider-page-cards.tsx(124,13): error TS17004: Cannot use JSX unless the '--jsx' flag is provided.
src/ai-gateway/app/(dashboard)/dashboard/providers/provider-page-cards.tsx(125,15): error TS17004: Cannot use JSX unless the '--jsx' flag is provided.
src/ai-gateway/app/(dashboard)/dashboard/providers/provider-page-cards.tsx(127,17): error TS17004: Cannot use JSX unless the '--jsx' flag is provided.
src/ai-gateway/app/(dashboard)/dashboard/providers/provider-page-cards.tsx(128,53): error TS7053: Element implicitly has an 'any' type because expression of type 'any' can't be used to index type '{ free: string; oauth: string; apikey: string; compatible: string; }'.
src/ai-gateway/app/(dashboard)/dashboard/providers/provider-page-cards.tsx(129,26): error TS7053: Element implicitly has an 'any' type because expression of type 'any' can't be used to index type '{ free: any; oauth: any; apikey: any; compatible: any; }'.
src/ai-gateway/app/(dashboard)/dashboard/providers/provider-page-cards.tsx(132,15): error TS17004: Cannot use JSX unless the '--jsx' flag is provided.
src/ai-gateway/app/(dashboard)/dashboard/providers/provider-page-cards.tsx(134,19): error TS17004: Cannot use JSX unless the '--jsx' flag is provided.
src/ai-gateway/app/(dashboard)/dashboard/providers/provider-page-cards.tsx(135,21): error TS17004: Cannot use JSX unless the '--jsx' flag is provided.
src/ai-gateway/app/(dashboard)/dashboard/providers/provider-page-cards.tsx(136,23): error TS17004: Cannot use JSX unless the '--jsx' flag is provided.
src/ai-gateway/app/(dashboard)/dashboard/providers/provider-page-cards.tsx(141,19): error TS17004: Cannot use JSX unless the '--jsx' flag is provided.
src/ai-gateway/app/(dashboard)/dashboard/providers/provider-page-cards.tsx(144,23): error TS17004: Cannot use JSX unless the '--jsx' flag is provided.
src/ai-gateway/app/(dashboard)/dashboard/providers/provider-page-cards.tsx(149,23): error TS17004: Cannot use JSX unless the '--jsx' flag is provided.
src/ai-gateway/app/(dashboard)/dashboard/providers/provider-page-cards.tsx(153,21): error TS17004: Cannot use JSX unless the '--jsx' flag is provided.
src/ai-gateway/app/(dashboard)/dashboard/providers/provider-page-cards.tsx(154,35): error TS17004: Cannot use JSX unless the '--jsx' flag is provided.
src/ai-gateway/app/(dashboard)/dashboard/providers/provider-page-cards.tsx(160,11): error TS17004: Cannot use JSX unless the '--jsx' flag is provided.
src/ai-gateway/app/(dashboard)/dashboard/providers/provider-page-cards.tsx(162,15): error TS17004: Cannot use JSX unless the '--jsx' flag is provided.
src/ai-gateway/app/(dashboard)/dashboard/providers/provider-page-cards.tsx(169,17): error TS17004: Cannot use JSX unless the '--jsx' flag is provided.
src/ai-gateway/app/(dashboard)/dashboard/providers/provider-page-cards.tsx(177,13): error TS17004: Cannot use JSX unless the '--jsx' flag is provided.
src/ai-gateway/app/(dashboard)/dashboard/providers/provider-page-cards.tsx(196,38): error TS7031: Binding element 'providerId' implicitly has an 'any' type.
src/ai-gateway/app/(dashboard)/dashboard/providers/provider-page-cards.tsx(196,50): error TS7031: Binding element 'provider' implicitly has an 'any' type.
src/ai-gateway/app/(dashboard)/dashboard/providers/provider-page-cards.tsx(196,60): error TS7031: Binding element 'stats' implicitly has an 'any' type.
src/ai-gateway/app/(dashboard)/dashboard/providers/provider-page-cards.tsx(196,67): error TS7031: Binding element 'authType' implicitly has an 'any' type.
src/ai-gateway/app/(dashboard)/dashboard/providers/provider-page-cards.tsx(196,77): error TS7031: Binding element 'onToggle' implicitly has an 'any' type.
src/ai-gateway/app/(dashboard)/dashboard/providers/provider-page-cards.tsx(196,87): error TS7031: Binding element 'pickerRoute' implicitly has an 'any' type.
src/ai-gateway/app/(dashboard)/dashboard/providers/provider-page-cards.tsx(227,5): error TS17004: Cannot use JSX unless the '--jsx' flag is provided.
src/ai-gateway/app/(dashboard)/dashboard/providers/provider-page-cards.tsx(228,7): error TS17004: Cannot use JSX unless the '--jsx' flag is provided.
src/ai-gateway/app/(dashboard)/dashboard/providers/provider-page-cards.tsx(232,9): error TS17004: Cannot use JSX unless the '--jsx' flag is provided.
src/ai-gateway/app/(dashboard)/dashboard/providers/provider-page-cards.tsx(233,11): error TS17004: Cannot use JSX unless the '--jsx' flag is provided.
src/ai-gateway/app/(dashboard)/dashboard/providers/provider-page-cards.tsx(234,13): error TS17004: Cannot use JSX unless the '--jsx' flag is provided.
src/ai-gateway/app/(dashboard)/dashboard/providers/provider-page-cards.tsx(239,17): error TS17004: Cannot use JSX unless the '--jsx' flag is provided.
src/ai-gateway/app/(dashboard)/dashboard/providers/provider-page-cards.tsx(248,17): error TS17004: Cannot use JSX unless the '--jsx' flag is provided.
src/ai-gateway/app/(dashboard)/dashboard/providers/provider-page-cards.tsx(251,13): error TS17004: Cannot use JSX unless the '--jsx' flag is provided.
src/ai-gateway/app/(dashboard)/dashboard/providers/provider-page-cards.tsx(252,15): error TS17004: Cannot use JSX unless the '--jsx' flag is provided.
src/ai-gateway/app/(dashboard)/dashboard/providers/provider-page-cards.tsx(254,17): error TS17004: Cannot use JSX unless the '--jsx' flag is provided.
src/ai-gateway/app/(dashboard)/dashboard/providers/provider-page-cards.tsx(255,53): error TS7053: Element implicitly has an 'any' type because expression of type 'any' can't be used to index type '{ free: string; oauth: string; apikey: string; compatible: string; }'.
src/ai-gateway/app/(dashboard)/dashboard/providers/provider-page-cards.tsx(256,26): error TS7053: Element implicitly has an 'any' type because expression of type 'any' can't be used to index type '{ free: any; oauth: any; apikey: any; compatible: any; }'.
src/ai-gateway/app/(dashboard)/dashboard/providers/provider-page-cards.tsx(259,15): error TS17004: Cannot use JSX unless the '--jsx' flag is provided.
src/ai-gateway/app/(dashboard)/dashboard/providers/provider-page-cards.tsx(261,19): error TS17004: Cannot use JSX unless the '--jsx' flag is provided.
src/ai-gateway/app/(dashboard)/dashboard/providers/provider-page-cards.tsx(262,21): error TS17004: Cannot use JSX unless the '--jsx' flag is provided.
src/ai-gateway/app/(dashboard)/dashboard/providers/provider-page-cards.tsx(263,23): error TS17004: Cannot use JSX unless the '--jsx' flag is provided.
src/ai-gateway/app/(dashboard)/dashboard/providers/provider-page-cards.tsx(268,19): error TS17004: Cannot use JSX unless the '--jsx' flag is provided.
src/ai-gateway/app/(dashboard)/dashboard/providers/provider-page-cards.tsx(271,23): error TS17004: Cannot use JSX unless the '--jsx' flag is provided.
src/ai-gateway/app/(dashboard)/dashboard/providers/provider-page-cards.tsx(276,23): error TS17004: Cannot use JSX unless the '--jsx' flag is provided.
src/ai-gateway/app/(dashboard)/dashboard/providers/provider-page-cards.tsx(281,23): error TS17004: Cannot use JSX unless the '--jsx' flag is provided.
src/ai-gateway/app/(dashboard)/dashboard/providers/provider-page-cards.tsx(285,40): error TS17004: Cannot use JSX unless the '--jsx' flag is provided.
src/ai-gateway/app/(dashboard)/dashboard/providers/provider-page-cards.tsx(287,23): error TS17004: Cannot use JSX unless the '--jsx' flag is provided.
src/ai-gateway/app/(dashboard)/dashboard/providers/provider-page-cards.tsx(291,35): error TS17004: Cannot use JSX unless the '--jsx' flag is provided.
src/ai-gateway/app/(dashboard)/dashboard/providers/provider-page-cards.tsx(297,11): error TS17004: Cannot use JSX unless the '--jsx' flag is provided.
src/ai-gateway/app/(dashboard)/dashboard/providers/provider-page-cards.tsx(299,15): error TS17004: Cannot use JSX unless the '--jsx' flag is provided.
src/ai-gateway/app/(dashboard)/dashboard/providers/provider-page-cards.tsx(306,17): error TS17004: Cannot use JSX unless the '--jsx' flag is provided.
src/ai-gateway/app/(dashboard)/dashboard/providers/provider-page-cards.tsx(314,13): error TS17004: Cannot use JSX unless the '--jsx' flag is provided.
src/ai-gateway/app/(dashboard)/dashboard/providers/provider-page-modals.tsx(4,23): error TS2307: Cannot find module 'prop-types' or its corresponding type declarations.
src/ai-gateway/app/(dashboard)/dashboard/providers/provider-page-modals.tsx(5,53): error TS2307: Cannot find module '@/shared/components' or its corresponding type declarations.
src/ai-gateway/app/(dashboard)/dashboard/providers/provider-page-modals.tsx(6,33): error TS2307: Cannot find module 'next-intl' or its corresponding type declarations.
src/ai-gateway/app/(dashboard)/dashboard/providers/provider-page-modals.tsx(12,44): error TS7031: Binding element 'isOpen' implicitly has an 'any' type.
src/ai-gateway/app/(dashboard)/dashboard/providers/provider-page-modals.tsx(12,52): error TS7031: Binding element 'onClose' implicitly has an 'any' type.
src/ai-gateway/app/(dashboard)/dashboard/providers/provider-page-modals.tsx(12,61): error TS7031: Binding element 'onCreated' implicitly has an 'any' type.
src/ai-gateway/app/(dashboard)/dashboard/providers/provider-page-modals.tsx(102,5): error TS17004: Cannot use JSX unless the '--jsx' flag is provided.
src/ai-gateway/app/(dashboard)/dashboard/providers/provider-page-modals.tsx(103,7): error TS17004: Cannot use JSX unless the '--jsx' flag is provided.
src/ai-gateway/app/(dashboard)/dashboard/providers/provider-page-modals.tsx(104,9): error TS17004: Cannot use JSX unless the '--jsx' flag is provided.
src/ai-gateway/app/(dashboard)/dashboard/providers/provider-page-modals.tsx(107,22): error TS7006: Parameter 'event' implicitly has an 'any' type.
src/ai-gateway/app/(dashboard)/dashboard/providers/provider-page-modals.tsx(111,9): error TS17004: Cannot use JSX unless the '--jsx' flag is provided.
src/ai-gateway/app/(dashboard)/dashboard/providers/provider-page-modals.tsx(114,22): error TS7006: Parameter 'event' implicitly has an 'any' type.
src/ai-gateway/app/(dashboard)/dashboard/providers/provider-page-modals.tsx(118,9): error TS17004: Cannot use JSX unless the '--jsx' flag is provided.
src/ai-gateway/app/(dashboard)/dashboard/providers/provider-page-modals.tsx(122,22): error TS7006: Parameter 'event' implicitly has an 'any' type.
src/ai-gateway/app/(dashboard)/dashboard/providers/provider-page-modals.tsx(124,9): error TS17004: Cannot use JSX unless the '--jsx' flag is provided.
src/ai-gateway/app/(dashboard)/dashboard/providers/provider-page-modals.tsx(127,22): error TS7006: Parameter 'event' implicitly has an 'any' type.
src/ai-gateway/app/(dashboard)/dashboard/providers/provider-page-modals.tsx(131,9): error TS17004: Cannot use JSX unless the '--jsx' flag is provided.
src/ai-gateway/app/(dashboard)/dashboard/providers/provider-page-modals.tsx(138,11): error TS17004: Cannot use JSX unless the '--jsx' flag is provided.
src/ai-gateway/app/(dashboard)/dashboard/providers/provider-page-modals.tsx(147,11): error TS17004: Cannot use JSX unless the '--jsx' flag is provided.
src/ai-gateway/app/(dashboard)/dashboard/providers/provider-page-modals.tsx(148,13): error TS17004: Cannot use JSX unless the '--jsx' flag is provided.
src/ai-gateway/app/(dashboard)/dashboard/providers/provider-page-modals.tsx(151,26): error TS7006: Parameter 'event' implicitly has an 'any' type.
src/ai-gateway/app/(dashboard)/dashboard/providers/provider-page-modals.tsx(155,13): error TS17004: Cannot use JSX unless the '--jsx' flag is provided.
src/ai-gateway/app/(dashboard)/dashboard/providers/provider-page-modals.tsx(158,26): error TS7006: Parameter 'event' implicitly has an 'any' type.
src/ai-gateway/app/(dashboard)/dashboard/providers/provider-page-modals.tsx(164,9): error TS17004: Cannot use JSX unless the '--jsx' flag is provided.
src/ai-gateway/app/(dashboard)/dashboard/providers/provider-page-modals.tsx(165,11): error TS17004: Cannot use JSX unless the '--jsx' flag is provided.
src/ai-gateway/app/(dashboard)/dashboard/providers/provider-page-modals.tsx(169,24): error TS7006: Parameter 'event' implicitly has an 'any' type.
src/ai-gateway/app/(dashboard)/dashboard/providers/provider-page-modals.tsx(172,11): error TS17004: Cannot use JSX unless the '--jsx' flag is provided.
src/ai-gateway/app/(dashboard)/dashboard/providers/provider-page-modals.tsx(173,13): error TS17004: Cannot use JSX unless the '--jsx' flag is provided.
src/ai-gateway/app/(dashboard)/dashboard/providers/provider-page-modals.tsx(183,11): error TS17004: Cannot use JSX unless the '--jsx' flag is provided.
src/ai-gateway/app/(dashboard)/dashboard/providers/provider-page-modals.tsx(187,9): error TS17004: Cannot use JSX unless the '--jsx' flag is provided.
src/ai-gateway/app/(dashboard)/dashboard/providers/provider-page-modals.tsx(188,11): error TS17004: Cannot use JSX unless the '--jsx' flag is provided.
src/ai-gateway/app/(dashboard)/dashboard/providers/provider-page-modals.tsx(200,11): error TS17004: Cannot use JSX unless the '--jsx' flag is provided.
src/ai-gateway/app/(dashboard)/dashboard/providers/provider-page-modals.tsx(215,47): error TS7031: Binding element 'isOpen' implicitly has an 'any' type.
src/ai-gateway/app/(dashboard)/dashboard/providers/provider-page-modals.tsx(215,55): error TS7031: Binding element 'onClose' implicitly has an 'any' type.
src/ai-gateway/app/(dashboard)/dashboard/providers/provider-page-modals.tsx(215,64): error TS7031: Binding element 'onCreated' implicitly has an 'any' type.
src/ai-gateway/app/(dashboard)/dashboard/providers/provider-page-modals.tsx(297,5): error TS17004: Cannot use JSX unless the '--jsx' flag is provided.
src/ai-gateway/app/(dashboard)/dashboard/providers/provider-page-modals.tsx(298,7): error TS17004: Cannot use JSX unless the '--jsx' flag is provided.
src/ai-gateway/app/(dashboard)/dashboard/providers/provider-page-modals.tsx(299,9): error TS17004: Cannot use JSX unless the '--jsx' flag is provided.
src/ai-gateway/app/(dashboard)/dashboard/providers/provider-page-modals.tsx(302,22): error TS7006: Parameter 'event' implicitly has an 'any' type.
src/ai-gateway/app/(dashboard)/dashboard/providers/provider-page-modals.tsx(306,9): error TS17004: Cannot use JSX unless the '--jsx' flag is provided.
src/ai-gateway/app/(dashboard)/dashboard/providers/provider-page-modals.tsx(309,22): error TS7006: Parameter 'event' implicitly has an 'any' type.
src/ai-gateway/app/(dashboard)/dashboard/providers/provider-page-modals.tsx(313,9): error TS17004: Cannot use JSX unless the '--jsx' flag is provided.
src/ai-gateway/app/(dashboard)/dashboard/providers/provider-page-modals.tsx(316,22): error TS7006: Parameter 'event' implicitly has an 'any' type.
src/ai-gateway/app/(dashboard)/dashboard/providers/provider-page-modals.tsx(320,9): error TS17004: Cannot use JSX unless the '--jsx' flag is provided.
src/ai-gateway/app/(dashboard)/dashboard/providers/provider-page-modals.tsx(327,11): error TS17004: Cannot use JSX unless the '--jsx' flag is provided.
src/ai-gateway/app/(dashboard)/dashboard/providers/provider-page-modals.tsx(336,11): error TS17004: Cannot use JSX unless the '--jsx' flag is provided.
src/ai-gateway/app/(dashboard)/dashboard/providers/provider-page-modals.tsx(337,13): error TS17004: Cannot use JSX unless the '--jsx' flag is provided.
src/ai-gateway/app/(dashboard)/dashboard/providers/provider-page-modals.tsx(340,26): error TS7006: Parameter 'event' implicitly has an 'any' type.
src/ai-gateway/app/(dashboard)/dashboard/providers/provider-page-modals.tsx(344,13): error TS17004: Cannot use JSX unless the '--jsx' flag is provided.
src/ai-gateway/app/(dashboard)/dashboard/providers/provider-page-modals.tsx(347,26): error TS7006: Parameter 'event' implicitly has an 'any' type.
src/ai-gateway/app/(dashboard)/dashboard/providers/provider-page-modals.tsx(353,9): error TS17004: Cannot use JSX unless the '--jsx' flag is provided.
src/ai-gateway/app/(dashboard)/dashboard/providers/provider-page-modals.tsx(354,11): error TS17004: Cannot use JSX unless the '--jsx' flag is provided.
src/ai-gateway/app/(dashboard)/dashboard/providers/provider-page-modals.tsx(358,24): error TS7006: Parameter 'event' implicitly has an 'any' type.
src/ai-gateway/app/(dashboard)/dashboard/providers/provider-page-modals.tsx(361,11): error TS17004: Cannot use JSX unless the '--jsx' flag is provided.
src/ai-gateway/app/(dashboard)/dashboard/providers/provider-page-modals.tsx(362,13): error TS17004: Cannot use JSX unless the '--jsx' flag is provided.
src/ai-gateway/app/(dashboard)/dashboard/providers/provider-page-modals.tsx(372,11): error TS17004: Cannot use JSX unless the '--jsx' flag is provided.
src/ai-gateway/app/(dashboard)/dashboard/providers/provider-page-modals.tsx(376,9): error TS17004: Cannot use JSX unless the '--jsx' flag is provided.
src/ai-gateway/app/(dashboard)/dashboard/providers/provider-page-modals.tsx(377,11): error TS17004: Cannot use JSX unless the '--jsx' flag is provided.
src/ai-gateway/app/(dashboard)/dashboard/providers/provider-page-modals.tsx(389,11): error TS17004: Cannot use JSX unless the '--jsx' flag is provided.
src/ai-gateway/app/(dashboard)/dashboard/providers/provider-page-modals.tsx(404,40): error TS7031: Binding element 'isOpen' implicitly has an 'any' type.
src/ai-gateway/app/(dashboard)/dashboard/providers/provider-page-modals.tsx(404,48): error TS7031: Binding element 'onClose' implicitly has an 'any' type.
src/ai-gateway/app/(dashboard)/dashboard/providers/provider-page-modals.tsx(404,57): error TS7031: Binding element 'onCreated' implicitly has an 'any' type.
src/ai-gateway/app/(dashboard)/dashboard/providers/provider-page-modals.tsx(485,5): error TS17004: Cannot use JSX unless the '--jsx' flag is provided.
src/ai-gateway/app/(dashboard)/dashboard/providers/provider-page-modals.tsx(486,7): error TS17004: Cannot use JSX unless the '--jsx' flag is provided.
src/ai-gateway/app/(dashboard)/dashboard/providers/provider-page-modals.tsx(487,9): error TS17004: Cannot use JSX unless the '--jsx' flag is provided.
src/ai-gateway/app/(dashboard)/dashboard/providers/provider-page-modals.tsx(490,22): error TS7006: Parameter 'event' implicitly has an 'any' type.
src/ai-gateway/app/(dashboard)/dashboard/providers/provider-page-modals.tsx(494,9): error TS17004: Cannot use JSX unless the '--jsx' flag is provided.
src/ai-gateway/app/(dashboard)/dashboard/providers/provider-page-modals.tsx(497,22): error TS7006: Parameter 'event' implicitly has an 'any' type.
src/ai-gateway/app/(dashboard)/dashboard/providers/provider-page-modals.tsx(501,9): error TS17004: Cannot use JSX unless the '--jsx' flag is provided.
src/ai-gateway/app/(dashboard)/dashboard/providers/provider-page-modals.tsx(504,22): error TS7006: Parameter 'event' implicitly has an 'any' type.
src/ai-gateway/app/(dashboard)/dashboard/providers/provider-page-modals.tsx(508,9): error TS17004: Cannot use JSX unless the '--jsx' flag is provided.
src/ai-gateway/app/(dashboard)/dashboard/providers/provider-page-modals.tsx(515,11): error TS17004: Cannot use JSX unless the '--jsx' flag is provided.
src/ai-gateway/app/(dashboard)/dashboard/providers/provider-page-modals.tsx(524,11): error TS17004: Cannot use JSX unless the '--jsx' flag is provided.
src/ai-gateway/app/(dashboard)/dashboard/providers/provider-page-modals.tsx(525,13): error TS17004: Cannot use JSX unless the '--jsx' flag is provided.
src/ai-gateway/app/(dashboard)/dashboard/providers/provider-page-modals.tsx(528,26): error TS7006: Parameter 'event' implicitly has an 'any' type.
src/ai-gateway/app/(dashboard)/dashboard/providers/provider-page-modals.tsx(534,9): error TS17004: Cannot use JSX unless the '--jsx' flag is provided.
src/ai-gateway/app/(dashboard)/dashboard/providers/provider-page-modals.tsx(535,11): error TS17004: Cannot use JSX unless the '--jsx' flag is provided.
src/ai-gateway/app/(dashboard)/dashboard/providers/provider-page-modals.tsx(539,24): error TS7006: Parameter 'event' implicitly has an 'any' type.
src/ai-gateway/app/(dashboard)/dashboard/providers/provider-page-modals.tsx(542,11): error TS17004: Cannot use JSX unless the '--jsx' flag is provided.
src/ai-gateway/app/(dashboard)/dashboard/providers/provider-page-modals.tsx(543,13): error TS17004: Cannot use JSX unless the '--jsx' flag is provided.
src/ai-gateway/app/(dashboard)/dashboard/providers/provider-page-modals.tsx(553,11): error TS17004: Cannot use JSX unless the '--jsx' flag is provided.
src/ai-gateway/app/(dashboard)/dashboard/providers/provider-page-modals.tsx(557,9): error TS17004: Cannot use JSX unless the '--jsx' flag is provided.
src/ai-gateway/app/(dashboard)/dashboard/providers/provider-page-modals.tsx(558,11): error TS17004: Cannot use JSX unless the '--jsx' flag is provided.
src/ai-gateway/app/(dashboard)/dashboard/providers/provider-page-modals.tsx(570,11): error TS17004: Cannot use JSX unless the '--jsx' flag is provided.
src/ai-gateway/app/(dashboard)/dashboard/providers/provider-page-test-results.tsx(3,23): error TS2307: Cannot find module 'prop-types' or its corresponding type declarations.
src/ai-gateway/app/(dashboard)/dashboard/providers/provider-page-test-results.tsx(4,33): error TS2307: Cannot find module 'next-intl' or its corresponding type declarations.
src/ai-gateway/app/(dashboard)/dashboard/providers/provider-page-test-results.tsx(6,43): error TS7031: Binding element 'results' implicitly has an 'any' type.
src/ai-gateway/app/(dashboard)/dashboard/providers/provider-page-test-results.tsx(16,7): error TS17004: Cannot use JSX unless the '--jsx' flag is provided.
src/ai-gateway/app/(dashboard)/dashboard/providers/provider-page-test-results.tsx(17,9): error TS17004: Cannot use JSX unless the '--jsx' flag is provided.
src/ai-gateway/app/(dashboard)/dashboard/providers/provider-page-test-results.tsx(18,9): error TS17004: Cannot use JSX unless the '--jsx' flag is provided.
src/ai-gateway/app/(dashboard)/dashboard/providers/provider-page-test-results.tsx(31,5): error TS7053: Element implicitly has an 'any' type because expression of type 'any' can't be used to index type '{ oauth: any; free: any; apikey: any; compatible: any; provider: any; all: any; }'.
src/ai-gateway/app/(dashboard)/dashboard/providers/provider-page-test-results.tsx(41,5): error TS17004: Cannot use JSX unless the '--jsx' flag is provided.
src/ai-gateway/app/(dashboard)/dashboard/providers/provider-page-test-results.tsx(43,9): error TS17004: Cannot use JSX unless the '--jsx' flag is provided.
src/ai-gateway/app/(dashboard)/dashboard/providers/provider-page-test-results.tsx(44,11): error TS17004: Cannot use JSX unless the '--jsx' flag is provided.
src/ai-gateway/app/(dashboard)/dashboard/providers/provider-page-test-results.tsx(45,11): error TS17004: Cannot use JSX unless the '--jsx' flag is provided.
src/ai-gateway/app/(dashboard)/dashboard/providers/provider-page-test-results.tsx(49,13): error TS17004: Cannot use JSX unless the '--jsx' flag is provided.
src/ai-gateway/app/(dashboard)/dashboard/providers/provider-page-test-results.tsx(53,11): error TS17004: Cannot use JSX unless the '--jsx' flag is provided.
src/ai-gateway/app/(dashboard)/dashboard/providers/provider-page-test-results.tsx(59,19): error TS7006: Parameter 'result' implicitly has an 'any' type.
src/ai-gateway/app/(dashboard)/dashboard/providers/provider-page-test-results.tsx(59,27): error TS7006: Parameter 'index' implicitly has an 'any' type.
src/ai-gateway/app/(dashboard)/dashboard/providers/provider-page-test-results.tsx(60,9): error TS17004: Cannot use JSX unless the '--jsx' flag is provided.
src/ai-gateway/app/(dashboard)/dashboard/providers/provider-page-test-results.tsx(64,11): error TS17004: Cannot use JSX unless the '--jsx' flag is provided.
src/ai-gateway/app/(dashboard)/dashboard/providers/provider-page-test-results.tsx(71,11): error TS17004: Cannot use JSX unless the '--jsx' flag is provided.
src/ai-gateway/app/(dashboard)/dashboard/providers/provider-page-test-results.tsx(72,13): error TS17004: Cannot use JSX unless the '--jsx' flag is provided.
src/ai-gateway/app/(dashboard)/dashboard/providers/provider-page-test-results.tsx(73,13): error TS17004: Cannot use JSX unless the '--jsx' flag is provided.
src/ai-gateway/app/(dashboard)/dashboard/providers/provider-page-test-results.tsx(76,13): error TS17004: Cannot use JSX unless the '--jsx' flag is provided.
src/ai-gateway/app/(dashboard)/dashboard/providers/provider-page-test-results.tsx(80,11): error TS17004: Cannot use JSX unless the '--jsx' flag is provided.
src/ai-gateway/app/(dashboard)/dashboard/providers/provider-page-test-results.tsx(91,9): error TS17004: Cannot use JSX unless the '--jsx' flag is provided.
src/ai-gateway/app/(dashboard)/dashboard/routing/page.tsx(4,22): error TS2307: Cannot find module '@/shared/components' or its corresponding type declarations.
src/ai-gateway/app/(dashboard)/dashboard/routing/page.tsx(62,5): error TS17004: Cannot use JSX unless the '--jsx' flag is provided.
src/ai-gateway/app/(dashboard)/dashboard/routing/page.tsx(63,7): error TS17004: Cannot use JSX unless the '--jsx' flag is provided.
src/ai-gateway/app/(dashboard)/dashboard/routing/page.tsx(64,9): error TS17004: Cannot use JSX unless the '--jsx' flag is provided.
src/ai-gateway/app/(dashboard)/dashboard/routing/page.tsx(65,9): error TS17004: Cannot use JSX unless the '--jsx' flag is provided.
src/ai-gateway/app/(dashboard)/dashboard/routing/page.tsx(66,9): error TS17004: Cannot use JSX unless the '--jsx' flag is provided.
src/ai-gateway/app/(dashboard)/dashboard/routing/page.tsx(71,7): error TS17004: Cannot use JSX unless the '--jsx' flag is provided.
src/ai-gateway/app/(dashboard)/dashboard/routing/page.tsx(72,9): error TS17004: Cannot use JSX unless the '--jsx' flag is provided.
src/ai-gateway/app/(dashboard)/dashboard/routing/page.tsx(73,9): error TS17004: Cannot use JSX unless the '--jsx' flag is provided.
src/ai-gateway/app/(dashboard)/dashboard/routing/page.tsx(74,9): error TS17004: Cannot use JSX unless the '--jsx' flag is provided.
src/ai-gateway/app/(dashboard)/dashboard/routing/page.tsx(75,9): error TS17004: Cannot use JSX unless the '--jsx' flag is provided.
src/ai-gateway/app/(dashboard)/dashboard/routing/page.tsx(78,7): error TS17004: Cannot use JSX unless the '--jsx' flag is provided.
src/ai-gateway/app/(dashboard)/dashboard/routing/page.tsx(79,9): error TS17004: Cannot use JSX unless the '--jsx' flag is provided.
src/ai-gateway/app/(dashboard)/dashboard/routing/page.tsx(80,11): error TS17004: Cannot use JSX unless the '--jsx' flag is provided.
src/ai-gateway/app/(dashboard)/dashboard/routing/page.tsx(81,11): error TS17004: Cannot use JSX unless the '--jsx' flag is provided.
src/ai-gateway/app/(dashboard)/dashboard/routing/page.tsx(82,13): error TS17004: Cannot use JSX unless the '--jsx' flag is provided.
src/ai-gateway/app/(dashboard)/dashboard/routing/page.tsx(83,13): error TS17004: Cannot use JSX unless the '--jsx' flag is provided.
src/ai-gateway/app/(dashboard)/dashboard/routing/page.tsx(84,13): error TS17004: Cannot use JSX unless the '--jsx' flag is provided.
src/ai-gateway/app/(dashboard)/dashboard/routing/page.tsx(85,13): error TS17004: Cannot use JSX unless the '--jsx' flag is provided.
src/ai-gateway/app/(dashboard)/dashboard/routing/page.tsx(89,9): error TS17004: Cannot use JSX unless the '--jsx' flag is provided.
src/ai-gateway/app/(dashboard)/dashboard/routing/page.tsx(90,11): error TS17004: Cannot use JSX unless the '--jsx' flag is provided.
src/ai-gateway/app/(dashboard)/dashboard/routing/page.tsx(91,11): error TS17004: Cannot use JSX unless the '--jsx' flag is provided.
src/ai-gateway/app/(dashboard)/dashboard/routing/page.tsx(92,62): error TS17004: Cannot use JSX unless the '--jsx' flag is provided.
src/ai-gateway/app/(dashboard)/dashboard/routing/page.tsx(98,7): error TS17004: Cannot use JSX unless the '--jsx' flag is provided.
src/ai-gateway/app/(dashboard)/dashboard/routing/page.tsx(99,9): error TS17004: Cannot use JSX unless the '--jsx' flag is provided.
src/ai-gateway/app/(dashboard)/dashboard/routing/page.tsx(100,11): error TS17004: Cannot use JSX unless the '--jsx' flag is provided.
src/ai-gateway/app/(dashboard)/dashboard/routing/page.tsx(101,11): error TS17004: Cannot use JSX unless the '--jsx' flag is provided.
src/ai-gateway/app/(dashboard)/dashboard/routing/page.tsx(103,15): error TS17004: Cannot use JSX unless the '--jsx' flag is provided.
src/ai-gateway/app/(dashboard)/dashboard/routing/page.tsx(104,17): error TS17004: Cannot use JSX unless the '--jsx' flag is provided.
src/ai-gateway/app/(dashboard)/dashboard/routing/page.tsx(105,17): error TS17004: Cannot use JSX unless the '--jsx' flag is provided.
src/ai-gateway/app/(dashboard)/dashboard/routing/page.tsx(108,73): error TS17004: Cannot use JSX unless the '--jsx' flag is provided.
src/ai-gateway/app/(dashboard)/dashboard/routing/page.tsx(111,9): error TS17004: Cannot use JSX unless the '--jsx' flag is provided.
src/ai-gateway/app/(dashboard)/dashboard/routing/page.tsx(112,11): error TS17004: Cannot use JSX unless the '--jsx' flag is provided.
src/ai-gateway/app/(dashboard)/dashboard/routing/page.tsx(113,11): error TS17004: Cannot use JSX unless the '--jsx' flag is provided.
src/ai-gateway/app/(dashboard)/dashboard/routing/page.tsx(115,15): error TS17004: Cannot use JSX unless the '--jsx' flag is provided.
src/ai-gateway/app/(dashboard)/dashboard/routing/page.tsx(116,17): error TS17004: Cannot use JSX unless the '--jsx' flag is provided.
src/ai-gateway/app/(dashboard)/dashboard/routing/page.tsx(117,17): error TS17004: Cannot use JSX unless the '--jsx' flag is provided.
src/ai-gateway/app/(dashboard)/dashboard/routing/page.tsx(120,58): error TS17004: Cannot use JSX unless the '--jsx' flag is provided.
src/ai-gateway/app/(dashboard)/dashboard/routing/page.tsx(123,9): error TS17004: Cannot use JSX unless the '--jsx' flag is provided.
src/ai-gateway/app/(dashboard)/dashboard/routing/page.tsx(124,11): error TS17004: Cannot use JSX unless the '--jsx' flag is provided.
src/ai-gateway/app/(dashboard)/dashboard/routing/page.tsx(125,11): error TS17004: Cannot use JSX unless the '--jsx' flag is provided.
src/ai-gateway/app/(dashboard)/dashboard/routing/page.tsx(128,11): error TS17004: Cannot use JSX unless the '--jsx' flag is provided.
src/ai-gateway/app/(dashboard)/dashboard/routing/page.tsx(130,15): error TS17004: Cannot use JSX unless the '--jsx' flag is provided.
src/ai-gateway/app/(dashboard)/dashboard/routing/page.tsx(136,7): error TS17004: Cannot use JSX unless the '--jsx' flag is provided.
src/ai-gateway/app/(dashboard)/dashboard/routing/page.tsx(137,9): error TS17004: Cannot use JSX unless the '--jsx' flag is provided.
src/ai-gateway/app/(dashboard)/dashboard/routing/page.tsx(138,9): error TS17004: Cannot use JSX unless the '--jsx' flag is provided.
src/ai-gateway/app/(dashboard)/dashboard/routing/page.tsx(139,11): error TS17004: Cannot use JSX unless the '--jsx' flag is provided.
src/ai-gateway/app/(dashboard)/dashboard/routing/page.tsx(139,14): error TS17004: Cannot use JSX unless the '--jsx' flag is provided.
src/ai-gateway/app/(dashboard)/dashboard/routing/page.tsx(140,11): error TS17004: Cannot use JSX unless the '--jsx' flag is provided.
src/ai-gateway/app/(dashboard)/dashboard/routing/page.tsx(140,14): error TS17004: Cannot use JSX unless the '--jsx' flag is provided.
src/ai-gateway/app/(dashboard)/dashboard/routing/page.tsx(140,72): error TS17004: Cannot use JSX unless the '--jsx' flag is provided.
src/ai-gateway/app/(dashboard)/dashboard/routing/page.tsx(141,11): error TS17004: Cannot use JSX unless the '--jsx' flag is provided.
src/ai-gateway/app/(dashboard)/dashboard/routing/page.tsx(141,14): error TS17004: Cannot use JSX unless the '--jsx' flag is provided.
src/ai-gateway/app/(dashboard)/dashboard/routing/page.tsx(142,11): error TS17004: Cannot use JSX unless the '--jsx' flag is provided.
src/ai-gateway/app/(dashboard)/dashboard/routing/page.tsx(142,14): error TS17004: Cannot use JSX unless the '--jsx' flag is provided.
src/ai-gateway/app/(dashboard)/dashboard/routing/page.tsx(146,7): error TS17004: Cannot use JSX unless the '--jsx' flag is provided.
src/ai-gateway/app/(dashboard)/dashboard/routing/page.tsx(147,9): error TS17004: Cannot use JSX unless the '--jsx' flag is provided.
src/ai-gateway/app/(dashboard)/dashboard/routing/page.tsx(148,11): error TS17004: Cannot use JSX unless the '--jsx' flag is provided.
src/ai-gateway/app/(dashboard)/dashboard/routing/page.tsx(149,11): error TS17004: Cannot use JSX unless the '--jsx' flag is provided.
src/ai-gateway/app/(dashboard)/dashboard/routing/page.tsx(151,15): error TS17004: Cannot use JSX unless the '--jsx' flag is provided.
src/ai-gateway/app/(dashboard)/dashboard/routing/page.tsx(152,17): error TS17004: Cannot use JSX unless the '--jsx' flag is provided.
src/ai-gateway/app/(dashboard)/dashboard/routing/page.tsx(153,17): error TS17004: Cannot use JSX unless the '--jsx' flag is provided.
src/ai-gateway/app/(dashboard)/dashboard/routing/page.tsx(156,54): error TS17004: Cannot use JSX unless the '--jsx' flag is provided.
src/ai-gateway/app/(dashboard)/dashboard/routing/page.tsx(159,9): error TS17004: Cannot use JSX unless the '--jsx' flag is provided.
src/ai-gateway/app/(dashboard)/dashboard/routing/page.tsx(160,11): error TS17004: Cannot use JSX unless the '--jsx' flag is provided.
src/ai-gateway/app/(dashboard)/dashboard/routing/page.tsx(161,11): error TS17004: Cannot use JSX unless the '--jsx' flag is provided.
src/ai-gateway/app/(dashboard)/dashboard/routing/page.tsx(163,15): error TS17004: Cannot use JSX unless the '--jsx' flag is provided.
src/ai-gateway/app/(dashboard)/dashboard/routing/page.tsx(164,17): error TS17004: Cannot use JSX unless the '--jsx' flag is provided.
src/ai-gateway/app/(dashboard)/dashboard/routing/page.tsx(165,17): error TS17004: Cannot use JSX unless the '--jsx' flag is provided.
src/ai-gateway/app/(dashboard)/dashboard/routing/page.tsx(168,52): error TS17004: Cannot use JSX unless the '--jsx' flag is provided.
src/ai-gateway/app/(dashboard)/dashboard/routing/page.tsx(173,7): error TS17004: Cannot use JSX unless the '--jsx' flag is provided.
src/ai-gateway/app/(dashboard)/dashboard/routing/page.tsx(174,9): error TS17004: Cannot use JSX unless the '--jsx' flag is provided.
src/ai-gateway/app/(dashboard)/dashboard/routing/page.tsx(175,9): error TS17004: Cannot use JSX unless the '--jsx' flag is provided.
src/ai-gateway/app/(dashboard)/dashboard/routing/page.tsx(185,5): error TS17004: Cannot use JSX unless the '--jsx' flag is provided.
src/ai-gateway/app/(dashboard)/dashboard/routing/page.tsx(186,7): error TS17004: Cannot use JSX unless the '--jsx' flag is provided.
src/ai-gateway/app/(dashboard)/dashboard/routing/page.tsx(187,7): error TS17004: Cannot use JSX unless the '--jsx' flag is provided.
src/ai-gateway/app/(dashboard)/dashboard/routing/page.tsx(188,7): error TS17004: Cannot use JSX unless the '--jsx' flag is provided.
src/ai-gateway/app/(dashboard)/dashboard/routing/page.tsx(199,5): error TS17004: Cannot use JSX unless the '--jsx' flag is provided.
src/ai-gateway/app/(dashboard)/dashboard/routing/page.tsx(200,7): error TS17004: Cannot use JSX unless the '--jsx' flag is provided.
src/ai-gateway/app/(dashboard)/dashboard/routing/page.tsx(201,7): error TS17004: Cannot use JSX unless the '--jsx' flag is provided.
src/ai-gateway/app/(dashboard)/dashboard/routing/page.tsx(202,7): error TS17004: Cannot use JSX unless the '--jsx' flag is provided.
src/ai-gateway/app/(dashboard)/dashboard/search-tools/components/ProviderComparison.tsx(3,33): error TS2307: Cannot find module 'next-intl' or its corresponding type declarations.
src/ai-gateway/app/(dashboard)/dashboard/search-tools/components/ProviderComparison.tsx(70,5): error TS17004: Cannot use JSX unless the '--jsx' flag is provided.
src/ai-gateway/app/(dashboard)/dashboard/search-tools/components/ProviderComparison.tsx(71,7): error TS17004: Cannot use JSX unless the '--jsx' flag is provided.
src/ai-gateway/app/(dashboard)/dashboard/search-tools/components/ProviderComparison.tsx(72,9): error TS17004: Cannot use JSX unless the '--jsx' flag is provided.
src/ai-gateway/app/(dashboard)/dashboard/search-tools/components/ProviderComparison.tsx(75,9): error TS17004: Cannot use JSX unless the '--jsx' flag is provided.
src/ai-gateway/app/(dashboard)/dashboard/search-tools/components/ProviderComparison.tsx(79,7): error TS17004: Cannot use JSX unless the '--jsx' flag is provided.
src/ai-gateway/app/(dashboard)/dashboard/search-tools/components/ProviderComparison.tsx(81,11): error TS17004: Cannot use JSX unless the '--jsx' flag is provided.
src/ai-gateway/app/(dashboard)/dashboard/search-tools/components/ProviderComparison.tsx(82,13): error TS17004: Cannot use JSX unless the '--jsx' flag is provided.
src/ai-gateway/app/(dashboard)/dashboard/search-tools/components/ProviderComparison.tsx(85,13): error TS17004: Cannot use JSX unless the '--jsx' flag is provided.
src/ai-gateway/app/(dashboard)/dashboard/search-tools/components/ProviderComparison.tsx(88,11): error TS17004: Cannot use JSX unless the '--jsx' flag is provided.
src/ai-gateway/app/(dashboard)/dashboard/search-tools/components/ProviderComparison.tsx(89,13): error TS17004: Cannot use JSX unless the '--jsx' flag is provided.
src/ai-gateway/app/(dashboard)/dashboard/search-tools/components/ProviderComparison.tsx(90,15): error TS17004: Cannot use JSX unless the '--jsx' flag is provided.
src/ai-gateway/app/(dashboard)/dashboard/search-tools/components/ProviderComparison.tsx(91,17): error TS17004: Cannot use JSX unless the '--jsx' flag is provided.
src/ai-gateway/app/(dashboard)/dashboard/search-tools/components/ProviderComparison.tsx(93,19): error TS17004: Cannot use JSX unless the '--jsx' flag is provided.
src/ai-gateway/app/(dashboard)/dashboard/search-tools/components/ProviderComparison.tsx(105,13): error TS17004: Cannot use JSX unless the '--jsx' flag is provided.
src/ai-gateway/app/(dashboard)/dashboard/search-tools/components/ProviderComparison.tsx(106,15): error TS17004: Cannot use JSX unless the '--jsx' flag is provided.
src/ai-gateway/app/(dashboard)/dashboard/search-tools/components/ProviderComparison.tsx(107,17): error TS17004: Cannot use JSX unless the '--jsx' flag is provided.
src/ai-gateway/app/(dashboard)/dashboard/search-tools/components/ProviderComparison.tsx(109,19): error TS17004: Cannot use JSX unless the '--jsx' flag is provided.
src/ai-gateway/app/(dashboard)/dashboard/search-tools/components/ProviderComparison.tsx(117,15): error TS17004: Cannot use JSX unless the '--jsx' flag is provided.
src/ai-gateway/app/(dashboard)/dashboard/search-tools/components/ProviderComparison.tsx(118,17): error TS17004: Cannot use JSX unless the '--jsx' flag is provided.
src/ai-gateway/app/(dashboard)/dashboard/search-tools/components/ProviderComparison.tsx(120,19): error TS17004: Cannot use JSX unless the '--jsx' flag is provided.
src/ai-gateway/app/(dashboard)/dashboard/search-tools/components/ProviderComparison.tsx(128,15): error TS17004: Cannot use JSX unless the '--jsx' flag is provided.
src/ai-gateway/app/(dashboard)/dashboard/search-tools/components/ProviderComparison.tsx(129,17): error TS17004: Cannot use JSX unless the '--jsx' flag is provided.
src/ai-gateway/app/(dashboard)/dashboard/search-tools/components/ProviderComparison.tsx(131,19): error TS17004: Cannot use JSX unless the '--jsx' flag is provided.
src/ai-gateway/app/(dashboard)/dashboard/search-tools/components/ProviderComparison.tsx(139,15): error TS17004: Cannot use JSX unless the '--jsx' flag is provided.
src/ai-gateway/app/(dashboard)/dashboard/search-tools/components/ProviderComparison.tsx(140,17): error TS17004: Cannot use JSX unless the '--jsx' flag is provided.
src/ai-gateway/app/(dashboard)/dashboard/search-tools/components/ProviderComparison.tsx(142,19): error TS17004: Cannot use JSX unless the '--jsx' flag is provided.
src/ai-gateway/app/(dashboard)/dashboard/search-tools/components/ProviderComparison.tsx(150,15): error TS17004: Cannot use JSX unless the '--jsx' flag is provided.
src/ai-gateway/app/(dashboard)/dashboard/search-tools/components/ProviderComparison.tsx(151,17): error TS17004: Cannot use JSX unless the '--jsx' flag is provided.
src/ai-gateway/app/(dashboard)/dashboard/search-tools/components/ProviderComparison.tsx(153,19): error TS17004: Cannot use JSX unless the '--jsx' flag is provided.
src/ai-gateway/app/(dashboard)/dashboard/search-tools/components/RerankPanel.tsx(4,33): error TS2307: Cannot find module 'next-intl' or its corresponding type declarations.
src/ai-gateway/app/(dashboard)/dashboard/search-tools/components/RerankPanel.tsx(5,32): error TS2307: Cannot find module '@/shared/components' or its corresponding type declarations.
src/ai-gateway/app/(dashboard)/dashboard/search-tools/components/RerankPanel.tsx(85,27): error TS17004: Cannot use JSX unless the '--jsx' flag is provided.
src/ai-gateway/app/(dashboard)/dashboard/search-tools/components/RerankPanel.tsx(86,27): error TS17004: Cannot use JSX unless the '--jsx' flag is provided.
src/ai-gateway/app/(dashboard)/dashboard/search-tools/components/RerankPanel.tsx(87,12): error TS17004: Cannot use JSX unless the '--jsx' flag is provided.
src/ai-gateway/app/(dashboard)/dashboard/search-tools/components/RerankPanel.tsx(93,5): error TS17004: Cannot use JSX unless the '--jsx' flag is provided.
src/ai-gateway/app/(dashboard)/dashboard/search-tools/components/RerankPanel.tsx(94,7): error TS17004: Cannot use JSX unless the '--jsx' flag is provided.
src/ai-gateway/app/(dashboard)/dashboard/search-tools/components/RerankPanel.tsx(95,9): error TS17004: Cannot use JSX unless the '--jsx' flag is provided.
src/ai-gateway/app/(dashboard)/dashboard/search-tools/components/RerankPanel.tsx(98,9): error TS17004: Cannot use JSX unless the '--jsx' flag is provided.
src/ai-gateway/app/(dashboard)/dashboard/search-tools/components/RerankPanel.tsx(102,7): error TS17004: Cannot use JSX unless the '--jsx' flag is provided.
src/ai-gateway/app/(dashboard)/dashboard/search-tools/components/RerankPanel.tsx(104,11): error TS17004: Cannot use JSX unless the '--jsx' flag is provided.
src/ai-gateway/app/(dashboard)/dashboard/search-tools/components/RerankPanel.tsx(106,11): error TS17004: Cannot use JSX unless the '--jsx' flag is provided.
src/ai-gateway/app/(dashboard)/dashboard/search-tools/components/RerankPanel.tsx(107,13): error TS17004: Cannot use JSX unless the '--jsx' flag is provided.
src/ai-gateway/app/(dashboard)/dashboard/search-tools/components/RerankPanel.tsx(108,15): error TS17004: Cannot use JSX unless the '--jsx' flag is provided.
src/ai-gateway/app/(dashboard)/dashboard/search-tools/components/RerankPanel.tsx(109,17): error TS17004: Cannot use JSX unless the '--jsx' flag is provided.
src/ai-gateway/app/(dashboard)/dashboard/search-tools/components/RerankPanel.tsx(112,17): error TS17004: Cannot use JSX unless the '--jsx' flag is provided.
src/ai-gateway/app/(dashboard)/dashboard/search-tools/components/RerankPanel.tsx(119,15): error TS17004: Cannot use JSX unless the '--jsx' flag is provided.
src/ai-gateway/app/(dashboard)/dashboard/search-tools/components/RerankPanel.tsx(124,23): error TS17004: Cannot use JSX unless the '--jsx' flag is provided.
src/ai-gateway/app/(dashboard)/dashboard/search-tools/components/RerankPanel.tsx(127,15): error TS17004: Cannot use JSX unless the '--jsx' flag is provided.
src/ai-gateway/app/(dashboard)/dashboard/search-tools/components/RerankPanel.tsx(129,19): error TS17004: Cannot use JSX unless the '--jsx' flag is provided.
src/ai-gateway/app/(dashboard)/dashboard/search-tools/components/RerankPanel.tsx(130,21): error TS17004: Cannot use JSX unless the '--jsx' flag is provided.
src/ai-gateway/app/(dashboard)/dashboard/search-tools/components/RerankPanel.tsx(131,23): error TS17004: Cannot use JSX unless the '--jsx' flag is provided.
src/ai-gateway/app/(dashboard)/dashboard/search-tools/components/RerankPanel.tsx(132,23): error TS17004: Cannot use JSX unless the '--jsx' flag is provided.
src/ai-gateway/app/(dashboard)/dashboard/search-tools/components/RerankPanel.tsx(134,21): error TS17004: Cannot use JSX unless the '--jsx' flag is provided.
src/ai-gateway/app/(dashboard)/dashboard/search-tools/components/RerankPanel.tsx(135,23): error TS17004: Cannot use JSX unless the '--jsx' flag is provided.
src/ai-gateway/app/(dashboard)/dashboard/search-tools/components/RerankPanel.tsx(136,23): error TS17004: Cannot use JSX unless the '--jsx' flag is provided.
src/ai-gateway/app/(dashboard)/dashboard/search-tools/components/RerankPanel.tsx(140,21): error TS17004: Cannot use JSX unless the '--jsx' flag is provided.
src/ai-gateway/app/(dashboard)/dashboard/search-tools/components/ResultsPanel.tsx(4,33): error TS2307: Cannot find module 'next-intl' or its corresponding type declarations.
src/ai-gateway/app/(dashboard)/dashboard/search-tools/components/ResultsPanel.tsx(5,21): error TS2307: Cannot find module 'next/dynamic' or its corresponding type declarations.
src/ai-gateway/app/(dashboard)/dashboard/search-tools/components/ResultsPanel.tsx(6,23): error TS2307: Cannot find module '@/shared/components' or its corresponding type declarations.
src/ai-gateway/app/(dashboard)/dashboard/search-tools/components/ResultsPanel.tsx(8,37): error TS2307: Cannot find module '@monaco-editor/react' or its corresponding type declarations.
src/ai-gateway/app/(dashboard)/dashboard/search-tools/components/ResultsPanel.tsx(79,5): error TS17004: Cannot use JSX unless the '--jsx' flag is provided.
src/ai-gateway/app/(dashboard)/dashboard/search-tools/components/ResultsPanel.tsx(81,7): error TS17004: Cannot use JSX unless the '--jsx' flag is provided.
src/ai-gateway/app/(dashboard)/dashboard/search-tools/components/ResultsPanel.tsx(82,9): error TS17004: Cannot use JSX unless the '--jsx' flag is provided.
src/ai-gateway/app/(dashboard)/dashboard/search-tools/components/ResultsPanel.tsx(83,11): error TS17004: Cannot use JSX unless the '--jsx' flag is provided.
src/ai-gateway/app/(dashboard)/dashboard/search-tools/components/ResultsPanel.tsx(87,13): error TS17004: Cannot use JSX unless the '--jsx' flag is provided.
src/ai-gateway/app/(dashboard)/dashboard/search-tools/components/ResultsPanel.tsx(88,15): error TS17004: Cannot use JSX unless the '--jsx' flag is provided.
src/ai-gateway/app/(dashboard)/dashboard/search-tools/components/ResultsPanel.tsx(91,15): error TS17004: Cannot use JSX unless the '--jsx' flag is provided.
src/ai-gateway/app/(dashboard)/dashboard/search-tools/components/ResultsPanel.tsx(96,11): error TS17004: Cannot use JSX unless the '--jsx' flag is provided.
src/ai-gateway/app/(dashboard)/dashboard/search-tools/components/ResultsPanel.tsx(97,13): error TS17004: Cannot use JSX unless the '--jsx' flag is provided.
src/ai-gateway/app/(dashboard)/dashboard/search-tools/components/ResultsPanel.tsx(107,13): error TS17004: Cannot use JSX unless the '--jsx' flag is provided.
src/ai-gateway/app/(dashboard)/dashboard/search-tools/components/ResultsPanel.tsx(123,9): error TS17004: Cannot use JSX unless the '--jsx' flag is provided.
src/ai-gateway/app/(dashboard)/dashboard/search-tools/components/ResultsPanel.tsx(124,11): error TS17004: Cannot use JSX unless the '--jsx' flag is provided.
src/ai-gateway/app/(dashboard)/dashboard/search-tools/components/ResultsPanel.tsx(131,9): error TS17004: Cannot use JSX unless the '--jsx' flag is provided.
src/ai-gateway/app/(dashboard)/dashboard/search-tools/components/ResultsPanel.tsx(132,11): error TS17004: Cannot use JSX unless the '--jsx' flag is provided.
src/ai-gateway/app/(dashboard)/dashboard/search-tools/components/ResultsPanel.tsx(137,9): error TS17004: Cannot use JSX unless the '--jsx' flag is provided.
src/ai-gateway/app/(dashboard)/dashboard/search-tools/components/ResultsPanel.tsx(139,11): error TS17004: Cannot use JSX unless the '--jsx' flag is provided.
src/ai-gateway/app/(dashboard)/dashboard/search-tools/components/ResultsPanel.tsx(140,13): error TS17004: Cannot use JSX unless the '--jsx' flag is provided.
src/ai-gateway/app/(dashboard)/dashboard/search-tools/components/ResultsPanel.tsx(141,15): error TS17004: Cannot use JSX unless the '--jsx' flag is provided.
src/ai-gateway/app/(dashboard)/dashboard/search-tools/components/ResultsPanel.tsx(144,15): error TS17004: Cannot use JSX unless the '--jsx' flag is provided.
src/ai-gateway/app/(dashboard)/dashboard/search-tools/components/ResultsPanel.tsx(145,17): error TS17004: Cannot use JSX unless the '--jsx' flag is provided.
src/ai-gateway/app/(dashboard)/dashboard/search-tools/components/ResultsPanel.tsx(148,15): error TS17004: Cannot use JSX unless the '--jsx' flag is provided.
src/ai-gateway/app/(dashboard)/dashboard/search-tools/components/ResultsPanel.tsx(149,15): error TS17004: Cannot use JSX unless the '--jsx' flag is provided.
src/ai-gateway/app/(dashboard)/dashboard/search-tools/components/ResultsPanel.tsx(150,15): error TS17004: Cannot use JSX unless the '--jsx' flag is provided.
src/ai-gateway/app/(dashboard)/dashboard/search-tools/components/ResultsPanel.tsx(152,13): error TS17004: Cannot use JSX unless the '--jsx' flag is provided.
src/ai-gateway/app/(dashboard)/dashboard/search-tools/components/ResultsPanel.tsx(157,15): error TS17004: Cannot use JSX unless the '--jsx' flag is provided.
src/ai-gateway/app/(dashboard)/dashboard/search-tools/components/ResultsPanel.tsx(168,13): error TS17004: Cannot use JSX unless the '--jsx' flag is provided.
src/ai-gateway/app/(dashboard)/dashboard/search-tools/components/ResultsPanel.tsx(172,15): error TS17004: Cannot use JSX unless the '--jsx' flag is provided.
src/ai-gateway/app/(dashboard)/dashboard/search-tools/components/ResultsPanel.tsx(173,17): error TS17004: Cannot use JSX unless the '--jsx' flag is provided.
src/ai-gateway/app/(dashboard)/dashboard/search-tools/components/ResultsPanel.tsx(177,19): error TS17004: Cannot use JSX unless the '--jsx' flag is provided.
src/ai-gateway/app/(dashboard)/dashboard/search-tools/components/ResultsPanel.tsx(184,15): error TS17004: Cannot use JSX unless the '--jsx' flag is provided.
src/ai-gateway/app/(dashboard)/dashboard/search-tools/components/ResultsPanel.tsx(192,15): error TS17004: Cannot use JSX unless the '--jsx' flag is provided.
src/ai-gateway/app/(dashboard)/dashboard/search-tools/components/ResultsPanel.tsx(199,9): error TS17004: Cannot use JSX unless the '--jsx' flag is provided.
src/ai-gateway/app/(dashboard)/dashboard/search-tools/components/ResultsPanel.tsx(200,11): error TS17004: Cannot use JSX unless the '--jsx' flag is provided.
src/ai-gateway/app/(dashboard)/dashboard/search-tools/components/ResultsPanel.tsx(217,9): error TS17004: Cannot use JSX unless the '--jsx' flag is provided.
src/ai-gateway/app/(dashboard)/dashboard/search-tools/components/SearchForm.tsx(4,33): error TS2307: Cannot find module 'next-intl' or its corresponding type declarations.
src/ai-gateway/app/(dashboard)/dashboard/search-tools/components/SearchForm.tsx(5,32): error TS2307: Cannot find module '@/shared/components' or its corresponding type declarations.
src/ai-gateway/app/(dashboard)/dashboard/search-tools/components/SearchForm.tsx(87,5): error TS17004: Cannot use JSX unless the '--jsx' flag is provided.
src/ai-gateway/app/(dashboard)/dashboard/search-tools/components/SearchForm.tsx(89,7): error TS17004: Cannot use JSX unless the '--jsx' flag is provided.
src/ai-gateway/app/(dashboard)/dashboard/search-tools/components/SearchForm.tsx(90,9): error TS17004: Cannot use JSX unless the '--jsx' flag is provided.
src/ai-gateway/app/(dashboard)/dashboard/search-tools/components/SearchForm.tsx(93,9): error TS17004: Cannot use JSX unless the '--jsx' flag is provided.
src/ai-gateway/app/(dashboard)/dashboard/search-tools/components/SearchForm.tsx(108,7): error TS17004: Cannot use JSX unless the '--jsx' flag is provided.
src/ai-gateway/app/(dashboard)/dashboard/search-tools/components/SearchForm.tsx(109,9): error TS17004: Cannot use JSX unless the '--jsx' flag is provided.
src/ai-gateway/app/(dashboard)/dashboard/search-tools/components/SearchForm.tsx(110,11): error TS17004: Cannot use JSX unless the '--jsx' flag is provided.
src/ai-gateway/app/(dashboard)/dashboard/search-tools/components/SearchForm.tsx(111,13): error TS17004: Cannot use JSX unless the '--jsx' flag is provided.
src/ai-gateway/app/(dashboard)/dashboard/search-tools/components/SearchForm.tsx(114,13): error TS17004: Cannot use JSX unless the '--jsx' flag is provided.
src/ai-gateway/app/(dashboard)/dashboard/search-tools/components/SearchForm.tsx(127,11): error TS17004: Cannot use JSX unless the '--jsx' flag is provided.
src/ai-gateway/app/(dashboard)/dashboard/search-tools/components/SearchForm.tsx(128,13): error TS17004: Cannot use JSX unless the '--jsx' flag is provided.
src/ai-gateway/app/(dashboard)/dashboard/search-tools/components/SearchForm.tsx(131,13): error TS17004: Cannot use JSX unless the '--jsx' flag is provided.
src/ai-gateway/app/(dashboard)/dashboard/search-tools/components/SearchForm.tsx(142,9): error TS17004: Cannot use JSX unless the '--jsx' flag is provided.
src/ai-gateway/app/(dashboard)/dashboard/search-tools/components/SearchForm.tsx(143,11): error TS17004: Cannot use JSX unless the '--jsx' flag is provided.
src/ai-gateway/app/(dashboard)/dashboard/search-tools/components/SearchForm.tsx(146,11): error TS17004: Cannot use JSX unless the '--jsx' flag is provided.
src/ai-gateway/app/(dashboard)/dashboard/search-tools/components/SearchForm.tsx(158,7): error TS17004: Cannot use JSX unless the '--jsx' flag is provided.
src/ai-gateway/app/(dashboard)/dashboard/search-tools/components/SearchForm.tsx(159,9): error TS17004: Cannot use JSX unless the '--jsx' flag is provided.
src/ai-gateway/app/(dashboard)/dashboard/search-tools/components/SearchForm.tsx(163,11): error TS17004: Cannot use JSX unless the '--jsx' flag is provided.
src/ai-gateway/app/(dashboard)/dashboard/search-tools/components/SearchForm.tsx(166,11): error TS17004: Cannot use JSX unless the '--jsx' flag is provided.
src/ai-gateway/app/(dashboard)/dashboard/search-tools/components/SearchForm.tsx(169,11): error TS17004: Cannot use JSX unless the '--jsx' flag is provided.
src/ai-gateway/app/(dashboard)/dashboard/search-tools/components/SearchForm.tsx(170,13): error TS17004: Cannot use JSX unless the '--jsx' flag is provided.
src/ai-gateway/app/(dashboard)/dashboard/search-tools/components/SearchForm.tsx(171,15): error TS17004: Cannot use JSX unless the '--jsx' flag is provided.
src/ai-gateway/app/(dashboard)/dashboard/search-tools/components/SearchForm.tsx(172,17): error TS17004: Cannot use JSX unless the '--jsx' flag is provided.
src/ai-gateway/app/(dashboard)/dashboard/search-tools/components/SearchForm.tsx(173,17): error TS17004: Cannot use JSX unless the '--jsx' flag is provided.
src/ai-gateway/app/(dashboard)/dashboard/search-tools/components/SearchForm.tsx(180,15): error TS17004: Cannot use JSX unless the '--jsx' flag is provided.
src/ai-gateway/app/(dashboard)/dashboard/search-tools/components/SearchForm.tsx(181,17): error TS17004: Cannot use JSX unless the '--jsx' flag is provided.
src/ai-gateway/app/(dashboard)/dashboard/search-tools/components/SearchForm.tsx(182,17): error TS17004: Cannot use JSX unless the '--jsx' flag is provided.
src/ai-gateway/app/(dashboard)/dashboard/search-tools/components/SearchForm.tsx(190,13): error TS17004: Cannot use JSX unless the '--jsx' flag is provided.
src/ai-gateway/app/(dashboard)/dashboard/search-tools/components/SearchForm.tsx(191,15): error TS17004: Cannot use JSX unless the '--jsx' flag is provided.
src/ai-gateway/app/(dashboard)/dashboard/search-tools/components/SearchForm.tsx(192,15): error TS17004: Cannot use JSX unless the '--jsx' flag is provided.
src/ai-gateway/app/(dashboard)/dashboard/search-tools/components/SearchForm.tsx(205,13): error TS17004: Cannot use JSX unless the '--jsx' flag is provided.
src/ai-gateway/app/(dashboard)/dashboard/search-tools/components/SearchForm.tsx(206,15): error TS17004: Cannot use JSX unless the '--jsx' flag is provided.
src/ai-gateway/app/(dashboard)/dashboard/search-tools/components/SearchForm.tsx(209,15): error TS17004: Cannot use JSX unless the '--jsx' flag is provided.
src/ai-gateway/app/(dashboard)/dashboard/search-tools/components/SearchForm.tsx(210,17): error TS17004: Cannot use JSX unless the '--jsx' flag is provided.
src/ai-gateway/app/(dashboard)/dashboard/search-tools/components/SearchForm.tsx(217,17): error TS17004: Cannot use JSX unless the '--jsx' flag is provided.
src/ai-gateway/app/(dashboard)/dashboard/search-tools/components/SearchForm.tsx(222,17): error TS17004: Cannot use JSX unless the '--jsx' flag is provided.
src/ai-gateway/app/(dashboard)/dashboard/search-tools/components/SearchForm.tsx(224,21): error TS17004: Cannot use JSX unless the '--jsx' flag is provided.
src/ai-gateway/app/(dashboard)/dashboard/search-tools/components/SearchForm.tsx(229,23): error TS17004: Cannot use JSX unless the '--jsx' flag is provided.
src/ai-gateway/app/(dashboard)/dashboard/search-tools/components/SearchForm.tsx(240,13): error TS17004: Cannot use JSX unless the '--jsx' flag is provided.
src/ai-gateway/app/(dashboard)/dashboard/search-tools/components/SearchForm.tsx(241,15): error TS17004: Cannot use JSX unless the '--jsx' flag is provided.
src/ai-gateway/app/(dashboard)/dashboard/search-tools/components/SearchForm.tsx(244,15): error TS17004: Cannot use JSX unless the '--jsx' flag is provided.
src/ai-gateway/app/(dashboard)/dashboard/search-tools/components/SearchForm.tsx(245,17): error TS17004: Cannot use JSX unless the '--jsx' flag is provided.
src/ai-gateway/app/(dashboard)/dashboard/search-tools/components/SearchForm.tsx(252,17): error TS17004: Cannot use JSX unless the '--jsx' flag is provided.
src/ai-gateway/app/(dashboard)/dashboard/search-tools/components/SearchForm.tsx(257,17): error TS17004: Cannot use JSX unless the '--jsx' flag is provided.
src/ai-gateway/app/(dashboard)/dashboard/search-tools/components/SearchForm.tsx(259,21): error TS17004: Cannot use JSX unless the '--jsx' flag is provided.
src/ai-gateway/app/(dashboard)/dashboard/search-tools/components/SearchForm.tsx(264,23): error TS17004: Cannot use JSX unless the '--jsx' flag is provided.
src/ai-gateway/app/(dashboard)/dashboard/search-tools/components/SearchForm.tsx(272,13): error TS17004: Cannot use JSX unless the '--jsx' flag is provided.
src/ai-gateway/app/(dashboard)/dashboard/search-tools/components/SearchForm.tsx(273,15): error TS17004: Cannot use JSX unless the '--jsx' flag is provided.
src/ai-gateway/app/(dashboard)/dashboard/search-tools/components/SearchForm.tsx(274,15): error TS17004: Cannot use JSX unless the '--jsx' flag is provided.
src/ai-gateway/app/(dashboard)/dashboard/search-tools/components/SearchForm.tsx(290,7): error TS17004: Cannot use JSX unless the '--jsx' flag is provided.
src/ai-gateway/app/(dashboard)/dashboard/search-tools/components/SearchForm.tsx(292,11): error TS17004: Cannot use JSX unless the '--jsx' flag is provided.
src/ai-gateway/app/(dashboard)/dashboard/search-tools/components/SearchForm.tsx(296,11): error TS17004: Cannot use JSX unless the '--jsx' flag is provided.
src/ai-gateway/app/(dashboard)/dashboard/search-tools/components/SearchForm.tsx(305,25): error TS17004: Cannot use JSX unless the '--jsx' flag is provided.
src/ai-gateway/app/(dashboard)/dashboard/search-tools/components/SearchHistory.tsx(4,44): error TS2307: Cannot find module 'next-intl' or its corresponding type declarations.
src/ai-gateway/app/(dashboard)/dashboard/search-tools/components/SearchHistory.tsx(47,5): error TS17004: Cannot use JSX unless the '--jsx' flag is provided.
src/ai-gateway/app/(dashboard)/dashboard/search-tools/components/SearchHistory.tsx(48,7): error TS17004: Cannot use JSX unless the '--jsx' flag is provided.
src/ai-gateway/app/(dashboard)/dashboard/search-tools/components/SearchHistory.tsx(51,7): error TS17004: Cannot use JSX unless the '--jsx' flag is provided.
src/ai-gateway/app/(dashboard)/dashboard/search-tools/components/SearchHistory.tsx(53,11): error TS17004: Cannot use JSX unless the '--jsx' flag is provided.
src/ai-gateway/app/(dashboard)/dashboard/search-tools/components/SearchHistory.tsx(58,13): error TS17004: Cannot use JSX unless the '--jsx' flag is provided.
src/ai-gateway/app/(dashboard)/dashboard/search-tools/components/SearchHistory.tsx(59,13): error TS17004: Cannot use JSX unless the '--jsx' flag is provided.
src/ai-gateway/app/(dashboard)/dashboard/search-tools/components/SearchHistory.tsx(60,15): error TS17004: Cannot use JSX unless the '--jsx' flag is provided.
src/ai-gateway/app/(dashboard)/dashboard/search-tools/components/SearchHistory.tsx(61,15): error TS17004: Cannot use JSX unless the '--jsx' flag is provided.
src/ai-gateway/app/(dashboard)/dashboard/search-tools/page.tsx(1,31): error TS6142: Module './SearchToolsClient' was resolved to 'C:/TESTES DEV/1_PROJETOS_ATIVOS/Zavorth/src/ai-gateway/app/(dashboard)/dashboard/search-tools/SearchToolsClient.tsx', but '--jsx' is not set.
src/ai-gateway/app/(dashboard)/dashboard/search-tools/page.tsx(4,10): error TS17004: Cannot use JSX unless the '--jsx' flag is provided.
src/ai-gateway/app/(dashboard)/dashboard/search-tools/SearchToolsClient.tsx(4,33): error TS2307: Cannot find module 'next-intl' or its corresponding type declarations.
src/ai-gateway/app/(dashboard)/dashboard/search-tools/SearchToolsClient.tsx(5,21): error TS2307: Cannot find module 'next/dynamic' or its corresponding type declarations.
src/ai-gateway/app/(dashboard)/dashboard/search-tools/SearchToolsClient.tsx(7,41): error TS2835: Relative import paths need explicit file extensions in ECMAScript imports when '--moduleResolution' is 'node16' or 'nodenext'. Did you mean './components/SearchForm.js'?
src/ai-gateway/app/(dashboard)/dashboard/search-tools/SearchToolsClient.tsx(10,44): error TS2835: Relative import paths need explicit file extensions in ECMAScript imports when '--moduleResolution' is 'node16' or 'nodenext'. Did you mean './components/SearchHistory.js'?
src/ai-gateway/app/(dashboard)/dashboard/search-tools/SearchToolsClient.tsx(13,43): error TS2835: Relative import paths need explicit file extensions in ECMAScript imports when '--moduleResolution' is 'node16' or 'nodenext'. Did you mean './components/ResultsPanel.js'?
src/ai-gateway/app/(dashboard)/dashboard/search-tools/SearchToolsClient.tsx(16,49): error TS2835: Relative import paths need explicit file extensions in ECMAScript imports when '--moduleResolution' is 'node16' or 'nodenext'. Did you mean './components/ProviderComparison.js'?
src/ai-gateway/app/(dashboard)/dashboard/search-tools/SearchToolsClient.tsx(17,42): error TS2835: Relative import paths need explicit file extensions in ECMAScript imports when '--moduleResolution' is 'node16' or 'nodenext'. Did you mean './components/RerankPanel.js'?
src/ai-gateway/app/(dashboard)/dashboard/search-tools/SearchToolsClient.tsx(21,37): error TS6142: Module './components/SearchForm' was resolved to 'C:/TESTES DEV/1_PROJETOS_ATIVOS/Zavorth/src/ai-gateway/app/(dashboard)/dashboard/search-tools/components/SearchForm.tsx', but '--jsx' is not set.
src/ai-gateway/app/(dashboard)/dashboard/search-tools/SearchToolsClient.tsx(22,36): error TS6142: Module './components/ProviderComparison' was resolved to 'C:/TESTES DEV/1_PROJETOS_ATIVOS/Zavorth/src/ai-gateway/app/(dashboard)/dashboard/search-tools/components/ProviderComparison.tsx', but '--jsx' is not set.
src/ai-gateway/app/(dashboard)/dashboard/search-tools/SearchToolsClient.tsx(233,5): error TS17004: Cannot use JSX unless the '--jsx' flag is provided.
src/ai-gateway/app/(dashboard)/dashboard/search-tools/SearchToolsClient.tsx(234,7): error TS17004: Cannot use JSX unless the '--jsx' flag is provided.
src/ai-gateway/app/(dashboard)/dashboard/search-tools/SearchToolsClient.tsx(235,9): error TS17004: Cannot use JSX unless the '--jsx' flag is provided.
src/ai-gateway/app/(dashboard)/dashboard/search-tools/SearchToolsClient.tsx(241,9): error TS17004: Cannot use JSX unless the '--jsx' flag is provided.
src/ai-gateway/app/(dashboard)/dashboard/search-tools/SearchToolsClient.tsx(244,7): error TS17004: Cannot use JSX unless the '--jsx' flag is provided.
src/ai-gateway/app/(dashboard)/dashboard/search-tools/SearchToolsClient.tsx(245,9): error TS17004: Cannot use JSX unless the '--jsx' flag is provided.
src/ai-gateway/app/(dashboard)/dashboard/search-tools/SearchToolsClient.tsx(255,11): error TS17004: Cannot use JSX unless the '--jsx' flag is provided.
src/ai-gateway/app/(dashboard)/dashboard/search-tools/SearchToolsClient.tsx(256,13): error TS17004: Cannot use JSX unless the '--jsx' flag is provided.
src/ai-gateway/app/(dashboard)/dashboard/search-tools/SearchToolsClient.tsx(261,15): error TS17004: Cannot use JSX unless the '--jsx' flag is provided.
src/ai-gateway/app/(dashboard)/dashboard/search-tools/SearchToolsClient.tsx(262,15): error TS17004: Cannot use JSX unless the '--jsx' flag is provided.
src/ai-gateway/app/(dashboard)/dashboard/search-tools/SearchToolsClient.tsx(264,13): error TS17004: Cannot use JSX unless the '--jsx' flag is provided.
src/ai-gateway/app/(dashboard)/dashboard/search-tools/SearchToolsClient.tsx(268,15): error TS17004: Cannot use JSX unless the '--jsx' flag is provided.
src/ai-gateway/app/(dashboard)/dashboard/search-tools/SearchToolsClient.tsx(269,15): error TS17004: Cannot use JSX unless the '--jsx' flag is provided.
src/ai-gateway/app/(dashboard)/dashboard/search-tools/SearchToolsClient.tsx(275,11): error TS17004: Cannot use JSX unless the '--jsx' flag is provided.
src/ai-gateway/app/(dashboard)/dashboard/search-tools/SearchToolsClient.tsx(276,13): error TS17004: Cannot use JSX unless the '--jsx' flag is provided.
src/ai-gateway/app/(dashboard)/dashboard/search-tools/SearchToolsClient.tsx(287,11): error TS17004: Cannot use JSX unless the '--jsx' flag is provided.
src/ai-gateway/app/(dashboard)/dashboard/search-tools/SearchToolsClient.tsx(288,13): error TS17004: Cannot use JSX unless the '--jsx' flag is provided.
src/ai-gateway/app/(dashboard)/dashboard/settings/components/AppearanceTab.tsx(4,38): error TS2307: Cannot find module '@/shared/components' or its corresponding type declarations.
src/ai-gateway/app/(dashboard)/dashboard/settings/components/AppearanceTab.tsx(5,26): error TS2307: Cannot find module '@/shared/hooks/useTheme' or its corresponding type declarations.
src/ai-gateway/app/(dashboard)/dashboard/settings/components/AppearanceTab.tsx(6,45): error TS2307: Cannot find module '@/store/themeStore' or its corresponding type declarations.
src/ai-gateway/app/(dashboard)/dashboard/settings/components/AppearanceTab.tsx(7,20): error TS2307: Cannot find module '@/shared/utils/cn' or its corresponding type declarations.
src/ai-gateway/app/(dashboard)/dashboard/settings/components/AppearanceTab.tsx(8,33): error TS2307: Cannot find module 'next-intl' or its corresponding type declarations.
src/ai-gateway/app/(dashboard)/dashboard/settings/components/AppearanceTab.tsx(15,8): error TS2307: Cannot find module '@/shared/constants/sidebarVisibility' or its corresponding type declarations.
src/ai-gateway/app/(dashboard)/dashboard/settings/components/AppearanceTab.tsx(40,50): error TS7006: Parameter 'state' implicitly has an 'any' type.
src/ai-gateway/app/(dashboard)/dashboard/settings/components/AppearanceTab.tsx(112,6): error TS7006: Parameter 'section' implicitly has an 'any' type.
src/ai-gateway/app/(dashboard)/dashboard/settings/components/AppearanceTab.tsx(113,10): error TS7006: Parameter 'section' implicitly has an 'any' type.
src/ai-gateway/app/(dashboard)/dashboard/settings/components/AppearanceTab.tsx(116,31): error TS7006: Parameter 'item' implicitly has an 'any' type.
src/ai-gateway/app/(dashboard)/dashboard/settings/components/AppearanceTab.tsx(121,36): error TS7006: Parameter 'id' implicitly has an 'any' type.
src/ai-gateway/app/(dashboard)/dashboard/settings/components/AppearanceTab.tsx(128,5): error TS17004: Cannot use JSX unless the '--jsx' flag is provided.
src/ai-gateway/app/(dashboard)/dashboard/settings/components/AppearanceTab.tsx(129,7): error TS17004: Cannot use JSX unless the '--jsx' flag is provided.
src/ai-gateway/app/(dashboard)/dashboard/settings/components/AppearanceTab.tsx(130,9): error TS17004: Cannot use JSX unless the '--jsx' flag is provided.
src/ai-gateway/app/(dashboard)/dashboard/settings/components/AppearanceTab.tsx(131,11): error TS17004: Cannot use JSX unless the '--jsx' flag is provided.
src/ai-gateway/app/(dashboard)/dashboard/settings/components/AppearanceTab.tsx(135,9): error TS17004: Cannot use JSX unless the '--jsx' flag is provided.
src/ai-gateway/app/(dashboard)/dashboard/settings/components/AppearanceTab.tsx(137,7): error TS17004: Cannot use JSX unless the '--jsx' flag is provided.
src/ai-gateway/app/(dashboard)/dashboard/settings/components/AppearanceTab.tsx(138,9): error TS17004: Cannot use JSX unless the '--jsx' flag is provided.
src/ai-gateway/app/(dashboard)/dashboard/settings/components/AppearanceTab.tsx(139,11): error TS17004: Cannot use JSX unless the '--jsx' flag is provided.
src/ai-gateway/app/(dashboard)/dashboard/settings/components/AppearanceTab.tsx(140,13): error TS17004: Cannot use JSX unless the '--jsx' flag is provided.
src/ai-gateway/app/(dashboard)/dashboard/settings/components/AppearanceTab.tsx(141,13): error TS17004: Cannot use JSX unless the '--jsx' flag is provided.
src/ai-gateway/app/(dashboard)/dashboard/settings/components/AppearanceTab.tsx(143,11): error TS17004: Cannot use JSX unless the '--jsx' flag is provided.
src/ai-gateway/app/(dashboard)/dashboard/settings/components/AppearanceTab.tsx(146,9): error TS17004: Cannot use JSX unless the '--jsx' flag is provided.
src/ai-gateway/app/(dashboard)/dashboard/settings/components/AppearanceTab.tsx(147,11): error TS17004: Cannot use JSX unless the '--jsx' flag is provided.
src/ai-gateway/app/(dashboard)/dashboard/settings/components/AppearanceTab.tsx(153,15): error TS17004: Cannot use JSX unless the '--jsx' flag is provided.
src/ai-gateway/app/(dashboard)/dashboard/settings/components/AppearanceTab.tsx(165,17): error TS17004: Cannot use JSX unless the '--jsx' flag is provided.
src/ai-gateway/app/(dashboard)/dashboard/settings/components/AppearanceTab.tsx(168,17): error TS17004: Cannot use JSX unless the '--jsx' flag is provided.
src/ai-gateway/app/(dashboard)/dashboard/settings/components/AppearanceTab.tsx(174,9): error TS17004: Cannot use JSX unless the '--jsx' flag is provided.
src/ai-gateway/app/(dashboard)/dashboard/settings/components/AppearanceTab.tsx(175,11): error TS17004: Cannot use JSX unless the '--jsx' flag is provided.
src/ai-gateway/app/(dashboard)/dashboard/settings/components/AppearanceTab.tsx(176,11): error TS17004: Cannot use JSX unless the '--jsx' flag is provided.
src/ai-gateway/app/(dashboard)/dashboard/settings/components/AppearanceTab.tsx(178,11): error TS17004: Cannot use JSX unless the '--jsx' flag is provided.
src/ai-gateway/app/(dashboard)/dashboard/settings/components/AppearanceTab.tsx(182,17): error TS17004: Cannot use JSX unless the '--jsx' flag is provided.
src/ai-gateway/app/(dashboard)/dashboard/settings/components/AppearanceTab.tsx(192,19): error TS17004: Cannot use JSX unless the '--jsx' flag is provided.
src/ai-gateway/app/(dashboard)/dashboard/settings/components/AppearanceTab.tsx(193,21): error TS17004: Cannot use JSX unless the '--jsx' flag is provided.
src/ai-gateway/app/(dashboard)/dashboard/settings/components/AppearanceTab.tsx(197,21): error TS17004: Cannot use JSX unless the '--jsx' flag is provided.
src/ai-gateway/app/(dashboard)/dashboard/settings/components/AppearanceTab.tsx(204,11): error TS17004: Cannot use JSX unless the '--jsx' flag is provided.
src/ai-gateway/app/(dashboard)/dashboard/settings/components/AppearanceTab.tsx(205,13): error TS17004: Cannot use JSX unless the '--jsx' flag is provided.
src/ai-gateway/app/(dashboard)/dashboard/settings/components/AppearanceTab.tsx(212,13): error TS17004: Cannot use JSX unless the '--jsx' flag is provided.
src/ai-gateway/app/(dashboard)/dashboard/settings/components/AppearanceTab.tsx(220,13): error TS17004: Cannot use JSX unless the '--jsx' flag is provided.
src/ai-gateway/app/(dashboard)/dashboard/settings/components/AppearanceTab.tsx(226,9): error TS17004: Cannot use JSX unless the '--jsx' flag is provided.
src/ai-gateway/app/(dashboard)/dashboard/settings/components/AppearanceTab.tsx(227,11): error TS17004: Cannot use JSX unless the '--jsx' flag is provided.
src/ai-gateway/app/(dashboard)/dashboard/settings/components/AppearanceTab.tsx(228,13): error TS17004: Cannot use JSX unless the '--jsx' flag is provided.
src/ai-gateway/app/(dashboard)/dashboard/settings/components/AppearanceTab.tsx(229,13): error TS17004: Cannot use JSX unless the '--jsx' flag is provided.
src/ai-gateway/app/(dashboard)/dashboard/settings/components/AppearanceTab.tsx(237,11): error TS17004: Cannot use JSX unless the '--jsx' flag is provided.
src/ai-gateway/app/(dashboard)/dashboard/settings/components/AppearanceTab.tsx(238,35): error TS7006: Parameter 'section' implicitly has an 'any' type.
src/ai-gateway/app/(dashboard)/dashboard/settings/components/AppearanceTab.tsx(239,15): error TS17004: Cannot use JSX unless the '--jsx' flag is provided.
src/ai-gateway/app/(dashboard)/dashboard/settings/components/AppearanceTab.tsx(240,17): error TS17004: Cannot use JSX unless the '--jsx' flag is provided.
src/ai-gateway/app/(dashboard)/dashboard/settings/components/AppearanceTab.tsx(241,19): error TS17004: Cannot use JSX unless the '--jsx' flag is provided.
src/ai-gateway/app/(dashboard)/dashboard/settings/components/AppearanceTab.tsx(246,17): error TS17004: Cannot use JSX unless the '--jsx' flag is provided.
src/ai-gateway/app/(dashboard)/dashboard/settings/components/AppearanceTab.tsx(247,39): error TS7006: Parameter 'item' implicitly has an 'any' type.
src/ai-gateway/app/(dashboard)/dashboard/settings/components/AppearanceTab.tsx(248,21): error TS17004: Cannot use JSX unless the '--jsx' flag is provided.
src/ai-gateway/app/(dashboard)/dashboard/settings/components/AppearanceTab.tsx(252,23): error TS17004: Cannot use JSX unless the '--jsx' flag is provided.
src/ai-gateway/app/(dashboard)/dashboard/settings/components/AppearanceTab.tsx(253,23): error TS17004: Cannot use JSX unless the '--jsx' flag is provided.
src/ai-gateway/app/(dashboard)/dashboard/settings/components/AppearanceTab.tsx(265,11): error TS17004: Cannot use JSX unless the '--jsx' flag is provided.
src/ai-gateway/app/(dashboard)/dashboard/settings/components/AppearanceTab.tsx(273,9): error TS17004: Cannot use JSX unless the '--jsx' flag is provided.
src/ai-gateway/app/(dashboard)/dashboard/settings/components/AppearanceTab.tsx(274,11): error TS17004: Cannot use JSX unless the '--jsx' flag is provided.
src/ai-gateway/app/(dashboard)/dashboard/settings/components/AppearanceTab.tsx(275,13): error TS17004: Cannot use JSX unless the '--jsx' flag is provided.
src/ai-gateway/app/(dashboard)/dashboard/settings/components/AppearanceTab.tsx(276,15): error TS17004: Cannot use JSX unless the '--jsx' flag is provided.
src/ai-gateway/app/(dashboard)/dashboard/settings/components/AppearanceTab.tsx(277,15): error TS17004: Cannot use JSX unless the '--jsx' flag is provided.
src/ai-gateway/app/(dashboard)/dashboard/settings/components/AppearanceTab.tsx(279,13): error TS17004: Cannot use JSX unless the '--jsx' flag is provided.
src/ai-gateway/app/(dashboard)/dashboard/settings/components/AppearanceTab.tsx(287,9): error TS17004: Cannot use JSX unless the '--jsx' flag is provided.
src/ai-gateway/app/(dashboard)/dashboard/settings/components/AppearanceTab.tsx(288,11): error TS17004: Cannot use JSX unless the '--jsx' flag is provided.
src/ai-gateway/app/(dashboard)/dashboard/settings/components/AppearanceTab.tsx(289,13): error TS17004: Cannot use JSX unless the '--jsx' flag is provided.
src/ai-gateway/app/(dashboard)/dashboard/settings/components/AppearanceTab.tsx(290,15): error TS17004: Cannot use JSX unless the '--jsx' flag is provided.
src/ai-gateway/app/(dashboard)/dashboard/settings/components/AppearanceTab.tsx(294,13): error TS17004: Cannot use JSX unless the '--jsx' flag is provided.
src/ai-gateway/app/(dashboard)/dashboard/settings/components/AppearanceTab.tsx(295,15): error TS17004: Cannot use JSX unless the '--jsx' flag is provided.
src/ai-gateway/app/(dashboard)/dashboard/settings/components/AppearanceTab.tsx(296,15): error TS17004: Cannot use JSX unless the '--jsx' flag is provided.
src/ai-gateway/app/(dashboard)/dashboard/settings/components/AppearanceTab.tsx(300,11): error TS17004: Cannot use JSX unless the '--jsx' flag is provided.
src/ai-gateway/app/(dashboard)/dashboard/settings/components/AppearanceTab.tsx(301,13): error TS17004: Cannot use JSX unless the '--jsx' flag is provided.
src/ai-gateway/app/(dashboard)/dashboard/settings/components/AppearanceTab.tsx(302,15): error TS17004: Cannot use JSX unless the '--jsx' flag is provided.
src/ai-gateway/app/(dashboard)/dashboard/settings/components/AppearanceTab.tsx(303,17): error TS17004: Cannot use JSX unless the '--jsx' flag is provided.
src/ai-gateway/app/(dashboard)/dashboard/settings/components/AppearanceTab.tsx(304,17): error TS17004: Cannot use JSX unless the '--jsx' flag is provided.
src/ai-gateway/app/(dashboard)/dashboard/settings/components/AppearanceTab.tsx(306,15): error TS17004: Cannot use JSX unless the '--jsx' flag is provided.
src/ai-gateway/app/(dashboard)/dashboard/settings/components/AppearanceTab.tsx(316,13): error TS17004: Cannot use JSX unless the '--jsx' flag is provided.
src/ai-gateway/app/(dashboard)/dashboard/settings/components/AppearanceTab.tsx(317,15): error TS17004: Cannot use JSX unless the '--jsx' flag is provided.
src/ai-gateway/app/(dashboard)/dashboard/settings/components/AppearanceTab.tsx(318,17): error TS17004: Cannot use JSX unless the '--jsx' flag is provided.
src/ai-gateway/app/(dashboard)/dashboard/settings/components/AppearanceTab.tsx(319,17): error TS17004: Cannot use JSX unless the '--jsx' flag is provided.
src/ai-gateway/app/(dashboard)/dashboard/settings/components/AppearanceTab.tsx(321,15): error TS17004: Cannot use JSX unless the '--jsx' flag is provided.
src/ai-gateway/app/(dashboard)/dashboard/settings/components/AppearanceTab.tsx(322,17): error TS17004: Cannot use JSX unless the '--jsx' flag is provided.
src/ai-gateway/app/(dashboard)/dashboard/settings/components/AppearanceTab.tsx(331,19): error TS17004: Cannot use JSX unless the '--jsx' flag is provided.
src/ai-gateway/app/(dashboard)/dashboard/settings/components/AppearanceTab.tsx(343,13): error TS17004: Cannot use JSX unless the '--jsx' flag is provided.
src/ai-gateway/app/(dashboard)/dashboard/settings/components/AppearanceTab.tsx(344,15): error TS17004: Cannot use JSX unless the '--jsx' flag is provided.
src/ai-gateway/app/(dashboard)/dashboard/settings/components/AppearanceTab.tsx(345,15): error TS17004: Cannot use JSX unless the '--jsx' flag is provided.
src/ai-gateway/app/(dashboard)/dashboard/settings/components/AppearanceTab.tsx(346,17): error TS17004: Cannot use JSX unless the '--jsx' flag is provided.
src/ai-gateway/app/(dashboard)/dashboard/settings/components/AppearanceTab.tsx(347,19): error TS17004: Cannot use JSX unless the '--jsx' flag is provided.
src/ai-gateway/app/(dashboard)/dashboard/settings/components/AppearanceTab.tsx(384,19): error TS17004: Cannot use JSX unless the '--jsx' flag is provided.
src/ai-gateway/app/(dashboard)/dashboard/settings/components/AppearanceTab.tsx(385,19): error TS17004: Cannot use JSX unless the '--jsx' flag is provided.
src/ai-gateway/app/(dashboard)/dashboard/settings/components/AppearanceTab.tsx(387,17): error TS17004: Cannot use JSX unless the '--jsx' flag is provided.
src/ai-gateway/app/(dashboard)/dashboard/settings/components/AppearanceTab.tsx(397,31): error TS17004: Cannot use JSX unless the '--jsx' flag is provided.
src/ai-gateway/app/(dashboard)/dashboard/settings/components/AppearanceTab.tsx(399,17): error TS17004: Cannot use JSX unless the '--jsx' flag is provided.
src/ai-gateway/app/(dashboard)/dashboard/settings/components/AppearanceTab.tsx(400,19): error TS17004: Cannot use JSX unless the '--jsx' flag is provided.
src/ai-gateway/app/(dashboard)/dashboard/settings/components/AppearanceTab.tsx(401,19): error TS17004: Cannot use JSX unless the '--jsx' flag is provided.
src/ai-gateway/app/(dashboard)/dashboard/settings/components/AppearanceTab.tsx(410,13): error TS17004: Cannot use JSX unless the '--jsx' flag is provided.
src/ai-gateway/app/(dashboard)/dashboard/settings/components/AppearanceTab.tsx(411,15): error TS17004: Cannot use JSX unless the '--jsx' flag is provided.
src/ai-gateway/app/(dashboard)/dashboard/settings/components/AppearanceTab.tsx(412,17): error TS17004: Cannot use JSX unless the '--jsx' flag is provided.
src/ai-gateway/app/(dashboard)/dashboard/settings/components/AppearanceTab.tsx(413,17): error TS17004: Cannot use JSX unless the '--jsx' flag is provided.
src/ai-gateway/app/(dashboard)/dashboard/settings/components/AppearanceTab.tsx(415,15): error TS17004: Cannot use JSX unless the '--jsx' flag is provided.
src/ai-gateway/app/(dashboard)/dashboard/settings/components/AppearanceTab.tsx(416,17): error TS17004: Cannot use JSX unless the '--jsx' flag is provided.
src/ai-gateway/app/(dashboard)/dashboard/settings/components/AppearanceTab.tsx(425,19): error TS17004: Cannot use JSX unless the '--jsx' flag is provided.
src/ai-gateway/app/(dashboard)/dashboard/settings/components/AppearanceTab.tsx(437,13): error TS17004: Cannot use JSX unless the '--jsx' flag is provided.
src/ai-gateway/app/(dashboard)/dashboard/settings/components/AppearanceTab.tsx(438,15): error TS17004: Cannot use JSX unless the '--jsx' flag is provided.
src/ai-gateway/app/(dashboard)/dashboard/settings/components/AppearanceTab.tsx(439,15): error TS17004: Cannot use JSX unless the '--jsx' flag is provided.
src/ai-gateway/app/(dashboard)/dashboard/settings/components/AppearanceTab.tsx(440,17): error TS17004: Cannot use JSX unless the '--jsx' flag is provided.
src/ai-gateway/app/(dashboard)/dashboard/settings/components/AppearanceTab.tsx(441,19): error TS17004: Cannot use JSX unless the '--jsx' flag is provided.
src/ai-gateway/app/(dashboard)/dashboard/settings/components/AppearanceTab.tsx(478,19): error TS17004: Cannot use JSX unless the '--jsx' flag is provided.
src/ai-gateway/app/(dashboard)/dashboard/settings/components/AppearanceTab.tsx(479,19): error TS17004: Cannot use JSX unless the '--jsx' flag is provided.
src/ai-gateway/app/(dashboard)/dashboard/settings/components/AppearanceTab.tsx(481,17): error TS17004: Cannot use JSX unless the '--jsx' flag is provided.
src/ai-gateway/app/(dashboard)/dashboard/settings/components/AppearanceTab.tsx(492,17): error TS17004: Cannot use JSX unless the '--jsx' flag is provided.
src/ai-gateway/app/(dashboard)/dashboard/settings/components/AppearanceTab.tsx(495,17): error TS17004: Cannot use JSX unless the '--jsx' flag is provided.
src/ai-gateway/app/(dashboard)/dashboard/settings/components/AppearanceTab.tsx(496,19): error TS17004: Cannot use JSX unless the '--jsx' flag is provided.
src/ai-gateway/app/(dashboard)/dashboard/settings/components/AppearanceTab.tsx(497,19): error TS17004: Cannot use JSX unless the '--jsx' flag is provided.
src/ai-gateway/app/(dashboard)/dashboard/settings/components/AutoDisableCard.tsx(4,37): error TS2307: Cannot find module '@/shared/components' or its corresponding type declarations.
src/ai-gateway/app/(dashboard)/dashboard/settings/components/AutoDisableCard.tsx(5,33): error TS2307: Cannot find module 'next-intl' or its corresponding type declarations.
src/ai-gateway/app/(dashboard)/dashboard/settings/components/AutoDisableCard.tsx(6,38): error TS2307: Cannot find module '@/store/notificationStore' or its corresponding type declarations.
src/ai-gateway/app/(dashboard)/dashboard/settings/components/AutoDisableCard.tsx(52,5): error TS17004: Cannot use JSX unless the '--jsx' flag is provided.
src/ai-gateway/app/(dashboard)/dashboard/settings/components/AutoDisableCard.tsx(53,7): error TS17004: Cannot use JSX unless the '--jsx' flag is provided.
src/ai-gateway/app/(dashboard)/dashboard/settings/components/AutoDisableCard.tsx(54,9): error TS17004: Cannot use JSX unless the '--jsx' flag is provided.
src/ai-gateway/app/(dashboard)/dashboard/settings/components/AutoDisableCard.tsx(55,11): error TS17004: Cannot use JSX unless the '--jsx' flag is provided.
src/ai-gateway/app/(dashboard)/dashboard/settings/components/AutoDisableCard.tsx(56,13): error TS17004: Cannot use JSX unless the '--jsx' flag is provided.
src/ai-gateway/app/(dashboard)/dashboard/settings/components/AutoDisableCard.tsx(59,13): error TS17004: Cannot use JSX unless the '--jsx' flag is provided.
src/ai-gateway/app/(dashboard)/dashboard/settings/components/AutoDisableCard.tsx(62,13): error TS17004: Cannot use JSX unless the '--jsx' flag is provided.
src/ai-gateway/app/(dashboard)/dashboard/settings/components/AutoDisableCard.tsx(63,15): error TS17004: Cannot use JSX unless the '--jsx' flag is provided.
src/ai-gateway/app/(dashboard)/dashboard/settings/components/AutoDisableCard.tsx(73,15): error TS17004: Cannot use JSX unless the '--jsx' flag is provided.
src/ai-gateway/app/(dashboard)/dashboard/settings/components/AutoDisableCard.tsx(84,13): error TS17004: Cannot use JSX unless the '--jsx' flag is provided.
src/ai-gateway/app/(dashboard)/dashboard/settings/components/AutoDisableCard.tsx(90,9): error TS17004: Cannot use JSX unless the '--jsx' flag is provided.
src/ai-gateway/app/(dashboard)/dashboard/settings/components/AutoDisableCard.tsx(92,9): error TS17004: Cannot use JSX unless the '--jsx' flag is provided.
src/ai-gateway/app/(dashboard)/dashboard/settings/components/AutoDisableCard.tsx(93,11): error TS17004: Cannot use JSX unless the '--jsx' flag is provided.
src/ai-gateway/app/(dashboard)/dashboard/settings/components/AutoDisableCard.tsx(94,13): error TS17004: Cannot use JSX unless the '--jsx' flag is provided.
src/ai-gateway/app/(dashboard)/dashboard/settings/components/AutoDisableCard.tsx(95,15): error TS17004: Cannot use JSX unless the '--jsx' flag is provided.
src/ai-gateway/app/(dashboard)/dashboard/settings/components/AutoDisableCard.tsx(102,15): error TS17004: Cannot use JSX unless the '--jsx' flag is provided.
src/ai-gateway/app/(dashboard)/dashboard/settings/components/AutoDisableCard.tsx(106,11): error TS17004: Cannot use JSX unless the '--jsx' flag is provided.
src/ai-gateway/app/(dashboard)/dashboard/settings/components/AutoDisableCard.tsx(107,13): error TS17004: Cannot use JSX unless the '--jsx' flag is provided.
src/ai-gateway/app/(dashboard)/dashboard/settings/components/AutoDisableCard.tsx(111,15): error TS17004: Cannot use JSX unless the '--jsx' flag is provided.
src/ai-gateway/app/(dashboard)/dashboard/settings/components/AutoDisableCard.tsx(116,28): error TS7006: Parameter 'e' implicitly has an 'any' type.
src/ai-gateway/app/(dashboard)/dashboard/settings/components/AutoDisableCard.tsx(121,15): error TS17004: Cannot use JSX unless the '--jsx' flag is provided.
src/ai-gateway/app/(dashboard)/dashboard/settings/components/AutoDisableCard.tsx(125,13): error TS17004: Cannot use JSX unless the '--jsx' flag is provided.
src/ai-gateway/app/(dashboard)/dashboard/settings/components/BackgroundDegradationTab.tsx(4,22): error TS2307: Cannot find module '@/shared/components' or its corresponding type declarations.
src/ai-gateway/app/(dashboard)/dashboard/settings/components/BackgroundDegradationTab.tsx(5,33): error TS2307: Cannot find module 'next-intl' or its corresponding type declarations.
src/ai-gateway/app/(dashboard)/dashboard/settings/components/BackgroundDegradationTab.tsx(32,23): error TS7006: Parameter 'updates' implicitly has an 'any' type.
src/ai-gateway/app/(dashboard)/dashboard/settings/components/BackgroundDegradationTab.tsx(67,26): error TS7006: Parameter 'key' implicitly has an 'any' type.
src/ai-gateway/app/(dashboard)/dashboard/settings/components/BackgroundDegradationTab.tsx(69,12): error TS7053: Element implicitly has an 'any' type because expression of type 'any' can't be used to index type '{}'.
src/ai-gateway/app/(dashboard)/dashboard/settings/components/BackgroundDegradationTab.tsx(80,26): error TS7006: Parameter 'idx' implicitly has an 'any' type.
src/ai-gateway/app/(dashboard)/dashboard/settings/components/BackgroundDegradationTab.tsx(88,5): error TS17004: Cannot use JSX unless the '--jsx' flag is provided.
src/ai-gateway/app/(dashboard)/dashboard/settings/components/BackgroundDegradationTab.tsx(89,7): error TS17004: Cannot use JSX unless the '--jsx' flag is provided.
src/ai-gateway/app/(dashboard)/dashboard/settings/components/BackgroundDegradationTab.tsx(90,9): error TS17004: Cannot use JSX unless the '--jsx' flag is provided.
src/ai-gateway/app/(dashboard)/dashboard/settings/components/BackgroundDegradationTab.tsx(91,11): error TS17004: Cannot use JSX unless the '--jsx' flag is provided.
src/ai-gateway/app/(dashboard)/dashboard/settings/components/BackgroundDegradationTab.tsx(95,9): error TS17004: Cannot use JSX unless the '--jsx' flag is provided.
src/ai-gateway/app/(dashboard)/dashboard/settings/components/BackgroundDegradationTab.tsx(96,11): error TS17004: Cannot use JSX unless the '--jsx' flag is provided.
src/ai-gateway/app/(dashboard)/dashboard/settings/components/BackgroundDegradationTab.tsx(99,11): error TS17004: Cannot use JSX unless the '--jsx' flag is provided.
src/ai-gateway/app/(dashboard)/dashboard/settings/components/BackgroundDegradationTab.tsx(105,11): error TS17004: Cannot use JSX unless the '--jsx' flag is provided.
src/ai-gateway/app/(dashboard)/dashboard/settings/components/BackgroundDegradationTab.tsx(106,13): error TS17004: Cannot use JSX unless the '--jsx' flag is provided.
src/ai-gateway/app/(dashboard)/dashboard/settings/components/BackgroundDegradationTab.tsx(113,7): error TS17004: Cannot use JSX unless the '--jsx' flag is provided.
src/ai-gateway/app/(dashboard)/dashboard/settings/components/BackgroundDegradationTab.tsx(114,9): error TS17004: Cannot use JSX unless the '--jsx' flag is provided.
src/ai-gateway/app/(dashboard)/dashboard/settings/components/BackgroundDegradationTab.tsx(115,11): error TS17004: Cannot use JSX unless the '--jsx' flag is provided.
src/ai-gateway/app/(dashboard)/dashboard/settings/components/BackgroundDegradationTab.tsx(118,11): error TS17004: Cannot use JSX unless the '--jsx' flag is provided.
src/ai-gateway/app/(dashboard)/dashboard/settings/components/BackgroundDegradationTab.tsx(123,9): error TS17004: Cannot use JSX unless the '--jsx' flag is provided.
src/ai-gateway/app/(dashboard)/dashboard/settings/components/BackgroundDegradationTab.tsx(130,11): error TS17004: Cannot use JSX unless the '--jsx' flag is provided.
src/ai-gateway/app/(dashboard)/dashboard/settings/components/BackgroundDegradationTab.tsx(140,9): error TS17004: Cannot use JSX unless the '--jsx' flag is provided.
src/ai-gateway/app/(dashboard)/dashboard/settings/components/BackgroundDegradationTab.tsx(141,11): error TS17004: Cannot use JSX unless the '--jsx' flag is provided.
src/ai-gateway/app/(dashboard)/dashboard/settings/components/BackgroundDegradationTab.tsx(142,13): error TS17004: Cannot use JSX unless the '--jsx' flag is provided.
src/ai-gateway/app/(dashboard)/dashboard/settings/components/BackgroundDegradationTab.tsx(143,13): error TS17004: Cannot use JSX unless the '--jsx' flag is provided.
src/ai-gateway/app/(dashboard)/dashboard/settings/components/BackgroundDegradationTab.tsx(146,13): error TS17004: Cannot use JSX unless the '--jsx' flag is provided.
src/ai-gateway/app/(dashboard)/dashboard/settings/components/BackgroundDegradationTab.tsx(154,9): error TS17004: Cannot use JSX unless the '--jsx' flag is provided.
src/ai-gateway/app/(dashboard)/dashboard/settings/components/BackgroundDegradationTab.tsx(156,11): error TS17004: Cannot use JSX unless the '--jsx' flag is provided.
src/ai-gateway/app/(dashboard)/dashboard/settings/components/BackgroundDegradationTab.tsx(157,13): error TS17004: Cannot use JSX unless the '--jsx' flag is provided.
src/ai-gateway/app/(dashboard)/dashboard/settings/components/BackgroundDegradationTab.tsx(162,13): error TS17004: Cannot use JSX unless the '--jsx' flag is provided.
src/ai-gateway/app/(dashboard)/dashboard/settings/components/BackgroundDegradationTab.tsx(163,15): error TS17004: Cannot use JSX unless the '--jsx' flag is provided.
src/ai-gateway/app/(dashboard)/dashboard/settings/components/BackgroundDegradationTab.tsx(170,15): error TS17004: Cannot use JSX unless the '--jsx' flag is provided.
src/ai-gateway/app/(dashboard)/dashboard/settings/components/BackgroundDegradationTab.tsx(171,15): error TS17004: Cannot use JSX unless the '--jsx' flag is provided.
src/ai-gateway/app/(dashboard)/dashboard/settings/components/BackgroundDegradationTab.tsx(178,15): error TS17004: Cannot use JSX unless the '--jsx' flag is provided.
src/ai-gateway/app/(dashboard)/dashboard/settings/components/BackgroundDegradationTab.tsx(189,15): error TS17004: Cannot use JSX unless the '--jsx' flag is provided.
src/ai-gateway/app/(dashboard)/dashboard/settings/components/BackgroundDegradationTab.tsx(191,19): error TS17004: Cannot use JSX unless the '--jsx' flag is provided.
src/ai-gateway/app/(dashboard)/dashboard/settings/components/BackgroundDegradationTab.tsx(192,21): error TS17004: Cannot use JSX unless the '--jsx' flag is provided.
src/ai-gateway/app/(dashboard)/dashboard/settings/components/BackgroundDegradationTab.tsx(193,21): error TS17004: Cannot use JSX unless the '--jsx' flag is provided.
src/ai-gateway/app/(dashboard)/dashboard/settings/components/BackgroundDegradationTab.tsx(196,21): error TS17004: Cannot use JSX unless the '--jsx' flag is provided.
src/ai-gateway/app/(dashboard)/dashboard/settings/components/BackgroundDegradationTab.tsx(197,21): error TS17004: Cannot use JSX unless the '--jsx' flag is provided.
src/ai-gateway/app/(dashboard)/dashboard/settings/components/BackgroundDegradationTab.tsx(202,23): error TS17004: Cannot use JSX unless the '--jsx' flag is provided.
src/ai-gateway/app/(dashboard)/dashboard/settings/components/BackgroundDegradationTab.tsx(211,11): error TS17004: Cannot use JSX unless the '--jsx' flag is provided.
src/ai-gateway/app/(dashboard)/dashboard/settings/components/BackgroundDegradationTab.tsx(212,13): error TS17004: Cannot use JSX unless the '--jsx' flag is provided.
src/ai-gateway/app/(dashboard)/dashboard/settings/components/BackgroundDegradationTab.tsx(213,15): error TS17004: Cannot use JSX unless the '--jsx' flag is provided.
src/ai-gateway/app/(dashboard)/dashboard/settings/components/BackgroundDegradationTab.tsx(221,13): error TS17004: Cannot use JSX unless the '--jsx' flag is provided.
src/ai-gateway/app/(dashboard)/dashboard/settings/components/BackgroundDegradationTab.tsx(222,15): error TS17004: Cannot use JSX unless the '--jsx' flag is provided.
src/ai-gateway/app/(dashboard)/dashboard/settings/components/BackgroundDegradationTab.tsx(229,15): error TS17004: Cannot use JSX unless the '--jsx' flag is provided.
src/ai-gateway/app/(dashboard)/dashboard/settings/components/BackgroundDegradationTab.tsx(239,13): error TS17004: Cannot use JSX unless the '--jsx' flag is provided.
src/ai-gateway/app/(dashboard)/dashboard/settings/components/BackgroundDegradationTab.tsx(241,17): error TS17004: Cannot use JSX unless the '--jsx' flag is provided.
src/ai-gateway/app/(dashboard)/dashboard/settings/components/BackgroundDegradationTab.tsx(246,19): error TS17004: Cannot use JSX unless the '--jsx' flag is provided.
src/ai-gateway/app/(dashboard)/dashboard/settings/components/BackgroundDegradationTab.tsx(251,21): error TS17004: Cannot use JSX unless the '--jsx' flag is provided.
src/ai-gateway/app/(dashboard)/dashboard/settings/components/CacheSettingsTab.tsx(4,30): error TS2307: Cannot find module '@/shared/components' or its corresponding type declarations.
src/ai-gateway/app/(dashboard)/dashboard/settings/components/CacheSettingsTab.tsx(5,33): error TS2307: Cannot find module 'next-intl' or its corresponding type declarations.
src/ai-gateway/app/(dashboard)/dashboard/settings/components/CacheSettingsTab.tsx(54,7): error TS17004: Cannot use JSX unless the '--jsx' flag is provided.
src/ai-gateway/app/(dashboard)/dashboard/settings/components/CacheSettingsTab.tsx(55,9): error TS17004: Cannot use JSX unless the '--jsx' flag is provided.
src/ai-gateway/app/(dashboard)/dashboard/settings/components/CacheSettingsTab.tsx(61,5): error TS17004: Cannot use JSX unless the '--jsx' flag is provided.
src/ai-gateway/app/(dashboard)/dashboard/settings/components/CacheSettingsTab.tsx(62,7): error TS17004: Cannot use JSX unless the '--jsx' flag is provided.
src/ai-gateway/app/(dashboard)/dashboard/settings/components/CacheSettingsTab.tsx(63,9): error TS17004: Cannot use JSX unless the '--jsx' flag is provided.
src/ai-gateway/app/(dashboard)/dashboard/settings/components/CacheSettingsTab.tsx(67,7): error TS17004: Cannot use JSX unless the '--jsx' flag is provided.
src/ai-gateway/app/(dashboard)/dashboard/settings/components/CacheSettingsTab.tsx(69,9): error TS17004: Cannot use JSX unless the '--jsx' flag is provided.
src/ai-gateway/app/(dashboard)/dashboard/settings/components/CacheSettingsTab.tsx(70,11): error TS17004: Cannot use JSX unless the '--jsx' flag is provided.
src/ai-gateway/app/(dashboard)/dashboard/settings/components/CacheSettingsTab.tsx(72,11): error TS17004: Cannot use JSX unless the '--jsx' flag is provided.
src/ai-gateway/app/(dashboard)/dashboard/settings/components/CacheSettingsTab.tsx(73,13): error TS17004: Cannot use JSX unless the '--jsx' flag is provided.
src/ai-gateway/app/(dashboard)/dashboard/settings/components/CacheSettingsTab.tsx(74,13): error TS17004: Cannot use JSX unless the '--jsx' flag is provided.
src/ai-gateway/app/(dashboard)/dashboard/settings/components/CacheSettingsTab.tsx(82,15): error TS17004: Cannot use JSX unless the '--jsx' flag is provided.
src/ai-gateway/app/(dashboard)/dashboard/settings/components/CacheSettingsTab.tsx(90,11): error TS17004: Cannot use JSX unless the '--jsx' flag is provided.
src/ai-gateway/app/(dashboard)/dashboard/settings/components/CacheSettingsTab.tsx(91,13): error TS17004: Cannot use JSX unless the '--jsx' flag is provided.
src/ai-gateway/app/(dashboard)/dashboard/settings/components/CacheSettingsTab.tsx(92,13): error TS17004: Cannot use JSX unless the '--jsx' flag is provided.
src/ai-gateway/app/(dashboard)/dashboard/settings/components/CacheSettingsTab.tsx(104,11): error TS17004: Cannot use JSX unless the '--jsx' flag is provided.
src/ai-gateway/app/(dashboard)/dashboard/settings/components/CacheSettingsTab.tsx(105,13): error TS17004: Cannot use JSX unless the '--jsx' flag is provided.
src/ai-gateway/app/(dashboard)/dashboard/settings/components/CacheSettingsTab.tsx(106,13): error TS17004: Cannot use JSX unless the '--jsx' flag is provided.
src/ai-gateway/app/(dashboard)/dashboard/settings/components/CacheSettingsTab.tsx(123,9): error TS17004: Cannot use JSX unless the '--jsx' flag is provided.
src/ai-gateway/app/(dashboard)/dashboard/settings/components/CacheSettingsTab.tsx(124,11): error TS17004: Cannot use JSX unless the '--jsx' flag is provided.
src/ai-gateway/app/(dashboard)/dashboard/settings/components/CacheSettingsTab.tsx(126,11): error TS17004: Cannot use JSX unless the '--jsx' flag is provided.
src/ai-gateway/app/(dashboard)/dashboard/settings/components/CacheSettingsTab.tsx(127,13): error TS17004: Cannot use JSX unless the '--jsx' flag is provided.
src/ai-gateway/app/(dashboard)/dashboard/settings/components/CacheSettingsTab.tsx(128,13): error TS17004: Cannot use JSX unless the '--jsx' flag is provided.
src/ai-gateway/app/(dashboard)/dashboard/settings/components/CacheSettingsTab.tsx(136,15): error TS17004: Cannot use JSX unless the '--jsx' flag is provided.
src/ai-gateway/app/(dashboard)/dashboard/settings/components/CacheSettingsTab.tsx(144,11): error TS17004: Cannot use JSX unless the '--jsx' flag is provided.
src/ai-gateway/app/(dashboard)/dashboard/settings/components/CacheSettingsTab.tsx(145,13): error TS17004: Cannot use JSX unless the '--jsx' flag is provided.
src/ai-gateway/app/(dashboard)/dashboard/settings/components/CacheSettingsTab.tsx(146,13): error TS17004: Cannot use JSX unless the '--jsx' flag is provided.
src/ai-gateway/app/(dashboard)/dashboard/settings/components/CacheSettingsTab.tsx(156,15): error TS17004: Cannot use JSX unless the '--jsx' flag is provided.
src/ai-gateway/app/(dashboard)/dashboard/settings/components/CacheSettingsTab.tsx(157,15): error TS17004: Cannot use JSX unless the '--jsx' flag is provided.
src/ai-gateway/app/(dashboard)/dashboard/settings/components/CacheSettingsTab.tsx(158,15): error TS17004: Cannot use JSX unless the '--jsx' flag is provided.
src/ai-gateway/app/(dashboard)/dashboard/settings/components/CacheSettingsTab.tsx(162,11): error TS17004: Cannot use JSX unless the '--jsx' flag is provided.
src/ai-gateway/app/(dashboard)/dashboard/settings/components/CacheSettingsTab.tsx(163,13): error TS17004: Cannot use JSX unless the '--jsx' flag is provided.
src/ai-gateway/app/(dashboard)/dashboard/settings/components/CacheSettingsTab.tsx(164,13): error TS17004: Cannot use JSX unless the '--jsx' flag is provided.
src/ai-gateway/app/(dashboard)/dashboard/settings/components/CacheSettingsTab.tsx(175,15): error TS17004: Cannot use JSX unless the '--jsx' flag is provided.
src/ai-gateway/app/(dashboard)/dashboard/settings/components/CacheSettingsTab.tsx(176,15): error TS17004: Cannot use JSX unless the '--jsx' flag is provided.
src/ai-gateway/app/(dashboard)/dashboard/settings/components/CacheSettingsTab.tsx(177,15): error TS17004: Cannot use JSX unless the '--jsx' flag is provided.
src/ai-gateway/app/(dashboard)/dashboard/settings/components/CacheSettingsTab.tsx(183,9): error TS17004: Cannot use JSX unless the '--jsx' flag is provided.
src/ai-gateway/app/(dashboard)/dashboard/settings/components/CacheSettingsTab.tsx(184,11): error TS17004: Cannot use JSX unless the '--jsx' flag is provided.
src/ai-gateway/app/(dashboard)/dashboard/settings/components/CacheStatsCard.tsx(4,22): error TS2307: Cannot find module '@/shared/components' or its corresponding type declarations.
src/ai-gateway/app/(dashboard)/dashboard/settings/components/CacheStatsCard.tsx(5,33): error TS2307: Cannot find module 'next-intl' or its corresponding type declarations.
src/ai-gateway/app/(dashboard)/dashboard/settings/components/CacheStatsCard.tsx(73,5): error TS17004: Cannot use JSX unless the '--jsx' flag is provided.
src/ai-gateway/app/(dashboard)/dashboard/settings/components/CacheStatsCard.tsx(74,7): error TS17004: Cannot use JSX unless the '--jsx' flag is provided.
src/ai-gateway/app/(dashboard)/dashboard/settings/components/CacheStatsCard.tsx(75,9): error TS17004: Cannot use JSX unless the '--jsx' flag is provided.
src/ai-gateway/app/(dashboard)/dashboard/settings/components/CacheStatsCard.tsx(76,11): error TS17004: Cannot use JSX unless the '--jsx' flag is provided.
src/ai-gateway/app/(dashboard)/dashboard/settings/components/CacheStatsCard.tsx(77,13): error TS17004: Cannot use JSX unless the '--jsx' flag is provided.
src/ai-gateway/app/(dashboard)/dashboard/settings/components/CacheStatsCard.tsx(83,13): error TS17004: Cannot use JSX unless the '--jsx' flag is provided.
src/ai-gateway/app/(dashboard)/dashboard/settings/components/CacheStatsCard.tsx(85,11): error TS17004: Cannot use JSX unless the '--jsx' flag is provided.
src/ai-gateway/app/(dashboard)/dashboard/settings/components/CacheStatsCard.tsx(86,13): error TS17004: Cannot use JSX unless the '--jsx' flag is provided.
src/ai-gateway/app/(dashboard)/dashboard/settings/components/CacheStatsCard.tsx(89,13): error TS17004: Cannot use JSX unless the '--jsx' flag is provided.
src/ai-gateway/app/(dashboard)/dashboard/settings/components/CacheStatsCard.tsx(100,11): error TS17004: Cannot use JSX unless the '--jsx' flag is provided.
src/ai-gateway/app/(dashboard)/dashboard/settings/components/CacheStatsCard.tsx(102,13): error TS17004: Cannot use JSX unless the '--jsx' flag is provided.
src/ai-gateway/app/(dashboard)/dashboard/settings/components/CacheStatsCard.tsx(103,15): error TS17004: Cannot use JSX unless the '--jsx' flag is provided.
src/ai-gateway/app/(dashboard)/dashboard/settings/components/CacheStatsCard.tsx(104,17): error TS17004: Cannot use JSX unless the '--jsx' flag is provided.
src/ai-gateway/app/(dashboard)/dashboard/settings/components/CacheStatsCard.tsx(105,17): error TS17004: Cannot use JSX unless the '--jsx' flag is provided.
src/ai-gateway/app/(dashboard)/dashboard/settings/components/CacheStatsCard.tsx(107,15): error TS17004: Cannot use JSX unless the '--jsx' flag is provided.
src/ai-gateway/app/(dashboard)/dashboard/settings/components/CacheStatsCard.tsx(108,17): error TS17004: Cannot use JSX unless the '--jsx' flag is provided.
src/ai-gateway/app/(dashboard)/dashboard/settings/components/CacheStatsCard.tsx(109,17): error TS17004: Cannot use JSX unless the '--jsx' flag is provided.
src/ai-gateway/app/(dashboard)/dashboard/settings/components/CacheStatsCard.tsx(116,13): error TS17004: Cannot use JSX unless the '--jsx' flag is provided.
src/ai-gateway/app/(dashboard)/dashboard/settings/components/CacheStatsCard.tsx(117,15): error TS17004: Cannot use JSX unless the '--jsx' flag is provided.
src/ai-gateway/app/(dashboard)/dashboard/settings/components/CacheStatsCard.tsx(118,17): error TS17004: Cannot use JSX unless the '--jsx' flag is provided.
src/ai-gateway/app/(dashboard)/dashboard/settings/components/CacheStatsCard.tsx(119,17): error TS17004: Cannot use JSX unless the '--jsx' flag is provided.
src/ai-gateway/app/(dashboard)/dashboard/settings/components/CacheStatsCard.tsx(123,15): error TS17004: Cannot use JSX unless the '--jsx' flag is provided.
src/ai-gateway/app/(dashboard)/dashboard/settings/components/CacheStatsCard.tsx(124,17): error TS17004: Cannot use JSX unless the '--jsx' flag is provided.
src/ai-gateway/app/(dashboard)/dashboard/settings/components/CacheStatsCard.tsx(125,17): error TS17004: Cannot use JSX unless the '--jsx' flag is provided.
src/ai-gateway/app/(dashboard)/dashboard/settings/components/CacheStatsCard.tsx(129,15): error TS17004: Cannot use JSX unless the '--jsx' flag is provided.
src/ai-gateway/app/(dashboard)/dashboard/settings/components/CacheStatsCard.tsx(130,17): error TS17004: Cannot use JSX unless the '--jsx' flag is provided.
src/ai-gateway/app/(dashboard)/dashboard/settings/components/CacheStatsCard.tsx(131,17): error TS17004: Cannot use JSX unless the '--jsx' flag is provided.
src/ai-gateway/app/(dashboard)/dashboard/settings/components/CacheStatsCard.tsx(138,13): error TS17004: Cannot use JSX unless the '--jsx' flag is provided.
src/ai-gateway/app/(dashboard)/dashboard/settings/components/CacheStatsCard.tsx(139,15): error TS17004: Cannot use JSX unless the '--jsx' flag is provided.
src/ai-gateway/app/(dashboard)/dashboard/settings/components/CacheStatsCard.tsx(140,17): error TS17004: Cannot use JSX unless the '--jsx' flag is provided.
src/ai-gateway/app/(dashboard)/dashboard/settings/components/CacheStatsCard.tsx(141,19): error TS17004: Cannot use JSX unless the '--jsx' flag is provided.
src/ai-gateway/app/(dashboard)/dashboard/settings/components/CacheStatsCard.tsx(142,19): error TS17004: Cannot use JSX unless the '--jsx' flag is provided.
src/ai-gateway/app/(dashboard)/dashboard/settings/components/CacheStatsCard.tsx(144,17): error TS17004: Cannot use JSX unless the '--jsx' flag is provided.
src/ai-gateway/app/(dashboard)/dashboard/settings/components/CacheStatsCard.tsx(147,15): error TS17004: Cannot use JSX unless the '--jsx' flag is provided.
src/ai-gateway/app/(dashboard)/dashboard/settings/components/CacheStatsCard.tsx(148,17): error TS17004: Cannot use JSX unless the '--jsx' flag is provided.
src/ai-gateway/app/(dashboard)/dashboard/settings/components/CacheStatsCard.tsx(156,13): error TS17004: Cannot use JSX unless the '--jsx' flag is provided.
src/ai-gateway/app/(dashboard)/dashboard/settings/components/CacheStatsCard.tsx(157,15): error TS17004: Cannot use JSX unless the '--jsx' flag is provided.
src/ai-gateway/app/(dashboard)/dashboard/settings/components/CacheStatsCard.tsx(158,17): error TS17004: Cannot use JSX unless the '--jsx' flag is provided.
src/ai-gateway/app/(dashboard)/dashboard/settings/components/CacheStatsCard.tsx(159,17): error TS17004: Cannot use JSX unless the '--jsx' flag is provided.
src/ai-gateway/app/(dashboard)/dashboard/settings/components/CacheStatsCard.tsx(163,15): error TS17004: Cannot use JSX unless the '--jsx' flag is provided.
src/ai-gateway/app/(dashboard)/dashboard/settings/components/CacheStatsCard.tsx(164,17): error TS17004: Cannot use JSX unless the '--jsx' flag is provided.
src/ai-gateway/app/(dashboard)/dashboard/settings/components/CacheStatsCard.tsx(165,17): error TS17004: Cannot use JSX unless the '--jsx' flag is provided.
src/ai-gateway/app/(dashboard)/dashboard/settings/components/CacheStatsCard.tsx(173,15): error TS17004: Cannot use JSX unless the '--jsx' flag is provided.
src/ai-gateway/app/(dashboard)/dashboard/settings/components/CacheStatsCard.tsx(174,17): error TS17004: Cannot use JSX unless the '--jsx' flag is provided.
src/ai-gateway/app/(dashboard)/dashboard/settings/components/CacheStatsCard.tsx(175,17): error TS17004: Cannot use JSX unless the '--jsx' flag is provided.
src/ai-gateway/app/(dashboard)/dashboard/settings/components/CacheStatsCard.tsx(180,23): error TS17004: Cannot use JSX unless the '--jsx' flag is provided.
src/ai-gateway/app/(dashboard)/dashboard/settings/components/CacheStatsCard.tsx(184,25): error TS17004: Cannot use JSX unless the '--jsx' flag is provided.
src/ai-gateway/app/(dashboard)/dashboard/settings/components/CacheStatsCard.tsx(185,27): error TS17004: Cannot use JSX unless the '--jsx' flag is provided.
src/ai-gateway/app/(dashboard)/dashboard/settings/components/CacheStatsCard.tsx(186,27): error TS17004: Cannot use JSX unless the '--jsx' flag is provided.
src/ai-gateway/app/(dashboard)/dashboard/settings/components/CacheStatsCard.tsx(190,25): error TS17004: Cannot use JSX unless the '--jsx' flag is provided.
src/ai-gateway/app/(dashboard)/dashboard/settings/components/CacheStatsCard.tsx(191,27): error TS17004: Cannot use JSX unless the '--jsx' flag is provided.
src/ai-gateway/app/(dashboard)/dashboard/settings/components/CacheStatsCard.tsx(194,27): error TS17004: Cannot use JSX unless the '--jsx' flag is provided.
src/ai-gateway/app/(dashboard)/dashboard/settings/components/CacheStatsCard.tsx(197,27): error TS17004: Cannot use JSX unless the '--jsx' flag is provided.
src/ai-gateway/app/(dashboard)/dashboard/settings/components/CacheStatsCard.tsx(200,27): error TS17004: Cannot use JSX unless the '--jsx' flag is provided.
src/ai-gateway/app/(dashboard)/dashboard/settings/components/CacheStatsCard.tsx(212,11): error TS17004: Cannot use JSX unless the '--jsx' flag is provided.
src/ai-gateway/app/(dashboard)/dashboard/settings/components/CliproxyapiSettingsTab.tsx(4,45): error TS2307: Cannot find module '@/shared/components' or its corresponding type declarations.
src/ai-gateway/app/(dashboard)/dashboard/settings/components/CliproxyapiSettingsTab.tsx(120,5): error TS17004: Cannot use JSX unless the '--jsx' flag is provided.
src/ai-gateway/app/(dashboard)/dashboard/settings/components/CliproxyapiSettingsTab.tsx(122,9): error TS17004: Cannot use JSX unless the '--jsx' flag is provided.
src/ai-gateway/app/(dashboard)/dashboard/settings/components/CliproxyapiSettingsTab.tsx(129,11): error TS17004: Cannot use JSX unless the '--jsx' flag is provided.
src/ai-gateway/app/(dashboard)/dashboard/settings/components/CliproxyapiSettingsTab.tsx(136,7): error TS17004: Cannot use JSX unless the '--jsx' flag is provided.
src/ai-gateway/app/(dashboard)/dashboard/settings/components/CliproxyapiSettingsTab.tsx(137,9): error TS17004: Cannot use JSX unless the '--jsx' flag is provided.
src/ai-gateway/app/(dashboard)/dashboard/settings/components/CliproxyapiSettingsTab.tsx(138,11): error TS17004: Cannot use JSX unless the '--jsx' flag is provided.
src/ai-gateway/app/(dashboard)/dashboard/settings/components/CliproxyapiSettingsTab.tsx(139,13): error TS17004: Cannot use JSX unless the '--jsx' flag is provided.
src/ai-gateway/app/(dashboard)/dashboard/settings/components/CliproxyapiSettingsTab.tsx(141,11): error TS17004: Cannot use JSX unless the '--jsx' flag is provided.
src/ai-gateway/app/(dashboard)/dashboard/settings/components/CliproxyapiSettingsTab.tsx(142,13): error TS17004: Cannot use JSX unless the '--jsx' flag is provided.
src/ai-gateway/app/(dashboard)/dashboard/settings/components/CliproxyapiSettingsTab.tsx(143,13): error TS17004: Cannot use JSX unless the '--jsx' flag is provided.
src/ai-gateway/app/(dashboard)/dashboard/settings/components/CliproxyapiSettingsTab.tsx(149,9): error TS17004: Cannot use JSX unless the '--jsx' flag is provided.
src/ai-gateway/app/(dashboard)/dashboard/settings/components/CliproxyapiSettingsTab.tsx(150,11): error TS17004: Cannot use JSX unless the '--jsx' flag is provided.
src/ai-gateway/app/(dashboard)/dashboard/settings/components/CliproxyapiSettingsTab.tsx(151,13): error TS17004: Cannot use JSX unless the '--jsx' flag is provided.
src/ai-gateway/app/(dashboard)/dashboard/settings/components/CliproxyapiSettingsTab.tsx(152,13): error TS17004: Cannot use JSX unless the '--jsx' flag is provided.
src/ai-gateway/app/(dashboard)/dashboard/settings/components/CliproxyapiSettingsTab.tsx(154,26): error TS7006: Parameter 'checked' implicitly has an 'any' type.
src/ai-gateway/app/(dashboard)/dashboard/settings/components/CliproxyapiSettingsTab.tsx(159,13): error TS17004: Cannot use JSX unless the '--jsx' flag is provided.
src/ai-gateway/app/(dashboard)/dashboard/settings/components/CliproxyapiSettingsTab.tsx(160,15): error TS17004: Cannot use JSX unless the '--jsx' flag is provided.
src/ai-gateway/app/(dashboard)/dashboard/settings/components/CliproxyapiSettingsTab.tsx(161,17): error TS17004: Cannot use JSX unless the '--jsx' flag is provided.
src/ai-gateway/app/(dashboard)/dashboard/settings/components/CliproxyapiSettingsTab.tsx(162,17): error TS17004: Cannot use JSX unless the '--jsx' flag is provided.
src/ai-gateway/app/(dashboard)/dashboard/settings/components/CliproxyapiSettingsTab.tsx(164,30): error TS7006: Parameter 'e' implicitly has an 'any' type.
src/ai-gateway/app/(dashboard)/dashboard/settings/components/CliproxyapiSettingsTab.tsx(170,15): error TS17004: Cannot use JSX unless the '--jsx' flag is provided.
src/ai-gateway/app/(dashboard)/dashboard/settings/components/CliproxyapiSettingsTab.tsx(171,17): error TS17004: Cannot use JSX unless the '--jsx' flag is provided.
src/ai-gateway/app/(dashboard)/dashboard/settings/components/CliproxyapiSettingsTab.tsx(174,17): error TS17004: Cannot use JSX unless the '--jsx' flag is provided.
src/ai-gateway/app/(dashboard)/dashboard/settings/components/CliproxyapiSettingsTab.tsx(176,30): error TS7006: Parameter 'e' implicitly has an 'any' type.
src/ai-gateway/app/(dashboard)/dashboard/settings/components/CliproxyapiSettingsTab.tsx(186,7): error TS17004: Cannot use JSX unless the '--jsx' flag is provided.
src/ai-gateway/app/(dashboard)/dashboard/settings/components/CliproxyapiSettingsTab.tsx(187,9): error TS17004: Cannot use JSX unless the '--jsx' flag is provided.
src/ai-gateway/app/(dashboard)/dashboard/settings/components/CliproxyapiSettingsTab.tsx(189,11): error TS17004: Cannot use JSX unless the '--jsx' flag is provided.
src/ai-gateway/app/(dashboard)/dashboard/settings/components/CliproxyapiSettingsTab.tsx(190,13): error TS17004: Cannot use JSX unless the '--jsx' flag is provided.
src/ai-gateway/app/(dashboard)/dashboard/settings/components/CliproxyapiSettingsTab.tsx(196,11): error TS17004: Cannot use JSX unless the '--jsx' flag is provided.
src/ai-gateway/app/(dashboard)/dashboard/settings/components/CliproxyapiSettingsTab.tsx(198,11): error TS17004: Cannot use JSX unless the '--jsx' flag is provided.
src/ai-gateway/app/(dashboard)/dashboard/settings/components/CliproxyapiSettingsTab.tsx(199,13): error TS17004: Cannot use JSX unless the '--jsx' flag is provided.
src/ai-gateway/app/(dashboard)/dashboard/settings/components/CliproxyapiSettingsTab.tsx(200,15): error TS17004: Cannot use JSX unless the '--jsx' flag is provided.
src/ai-gateway/app/(dashboard)/dashboard/settings/components/CliproxyapiSettingsTab.tsx(201,15): error TS17004: Cannot use JSX unless the '--jsx' flag is provided.
src/ai-gateway/app/(dashboard)/dashboard/settings/components/CliproxyapiSettingsTab.tsx(202,17): error TS17004: Cannot use JSX unless the '--jsx' flag is provided.
src/ai-gateway/app/(dashboard)/dashboard/settings/components/CliproxyapiSettingsTab.tsx(205,17): error TS17004: Cannot use JSX unless the '--jsx' flag is provided.
src/ai-gateway/app/(dashboard)/dashboard/settings/components/CliproxyapiSettingsTab.tsx(210,13): error TS17004: Cannot use JSX unless the '--jsx' flag is provided.
src/ai-gateway/app/(dashboard)/dashboard/settings/components/CliproxyapiSettingsTab.tsx(211,15): error TS17004: Cannot use JSX unless the '--jsx' flag is provided.
src/ai-gateway/app/(dashboard)/dashboard/settings/components/CliproxyapiSettingsTab.tsx(212,15): error TS17004: Cannot use JSX unless the '--jsx' flag is provided.
src/ai-gateway/app/(dashboard)/dashboard/settings/components/CliproxyapiSettingsTab.tsx(216,13): error TS17004: Cannot use JSX unless the '--jsx' flag is provided.
src/ai-gateway/app/(dashboard)/dashboard/settings/components/CliproxyapiSettingsTab.tsx(217,15): error TS17004: Cannot use JSX unless the '--jsx' flag is provided.
src/ai-gateway/app/(dashboard)/dashboard/settings/components/CliproxyapiSettingsTab.tsx(218,15): error TS17004: Cannot use JSX unless the '--jsx' flag is provided.
src/ai-gateway/app/(dashboard)/dashboard/settings/components/CliproxyapiSettingsTab.tsx(234,13): error TS17004: Cannot use JSX unless the '--jsx' flag is provided.
src/ai-gateway/app/(dashboard)/dashboard/settings/components/CliproxyapiSettingsTab.tsx(235,15): error TS17004: Cannot use JSX unless the '--jsx' flag is provided.
src/ai-gateway/app/(dashboard)/dashboard/settings/components/CliproxyapiSettingsTab.tsx(236,15): error TS17004: Cannot use JSX unless the '--jsx' flag is provided.
src/ai-gateway/app/(dashboard)/dashboard/settings/components/CliproxyapiSettingsTab.tsx(240,11): error TS17004: Cannot use JSX unless the '--jsx' flag is provided.
src/ai-gateway/app/(dashboard)/dashboard/settings/components/CodexServiceTierTab.tsx(4,22): error TS2307: Cannot find module '@/shared/components' or its corresponding type declarations.
src/ai-gateway/app/(dashboard)/dashboard/settings/components/CodexServiceTierTab.tsx(50,5): error TS17004: Cannot use JSX unless the '--jsx' flag is provided.
src/ai-gateway/app/(dashboard)/dashboard/settings/components/CodexServiceTierTab.tsx(51,7): error TS17004: Cannot use JSX unless the '--jsx' flag is provided.
src/ai-gateway/app/(dashboard)/dashboard/settings/components/CodexServiceTierTab.tsx(52,9): error TS17004: Cannot use JSX unless the '--jsx' flag is provided.
src/ai-gateway/app/(dashboard)/dashboard/settings/components/CodexServiceTierTab.tsx(53,11): error TS17004: Cannot use JSX unless the '--jsx' flag is provided.
src/ai-gateway/app/(dashboard)/dashboard/settings/components/CodexServiceTierTab.tsx(57,9): error TS17004: Cannot use JSX unless the '--jsx' flag is provided.
src/ai-gateway/app/(dashboard)/dashboard/settings/components/CodexServiceTierTab.tsx(58,11): error TS17004: Cannot use JSX unless the '--jsx' flag is provided.
src/ai-gateway/app/(dashboard)/dashboard/settings/components/CodexServiceTierTab.tsx(59,11): error TS17004: Cannot use JSX unless the '--jsx' flag is provided.
src/ai-gateway/app/(dashboard)/dashboard/settings/components/CodexServiceTierTab.tsx(64,11): error TS17004: Cannot use JSX unless the '--jsx' flag is provided.
src/ai-gateway/app/(dashboard)/dashboard/settings/components/CodexServiceTierTab.tsx(65,13): error TS17004: Cannot use JSX unless the '--jsx' flag is provided.
src/ai-gateway/app/(dashboard)/dashboard/settings/components/CodexServiceTierTab.tsx(70,11): error TS17004: Cannot use JSX unless the '--jsx' flag is provided.
src/ai-gateway/app/(dashboard)/dashboard/settings/components/CodexServiceTierTab.tsx(71,13): error TS17004: Cannot use JSX unless the '--jsx' flag is provided.
src/ai-gateway/app/(dashboard)/dashboard/settings/components/CodexServiceTierTab.tsx(77,7): error TS17004: Cannot use JSX unless the '--jsx' flag is provided.
src/ai-gateway/app/(dashboard)/dashboard/settings/components/CodexServiceTierTab.tsx(78,9): error TS17004: Cannot use JSX unless the '--jsx' flag is provided.
src/ai-gateway/app/(dashboard)/dashboard/settings/components/CodexServiceTierTab.tsx(79,11): error TS17004: Cannot use JSX unless the '--jsx' flag is provided.
src/ai-gateway/app/(dashboard)/dashboard/settings/components/CodexServiceTierTab.tsx(80,11): error TS17004: Cannot use JSX unless the '--jsx' flag is provided.
src/ai-gateway/app/(dashboard)/dashboard/settings/components/CodexServiceTierTab.tsx(85,9): error TS17004: Cannot use JSX unless the '--jsx' flag is provided.
src/ai-gateway/app/(dashboard)/dashboard/settings/components/CodexServiceTierTab.tsx(94,11): error TS17004: Cannot use JSX unless the '--jsx' flag is provided.
src/ai-gateway/app/(dashboard)/dashboard/settings/components/ComboDefaultsTab.tsx(4,45): error TS2307: Cannot find module '@/shared/components' or its corresponding type declarations.
src/ai-gateway/app/(dashboard)/dashboard/settings/components/ComboDefaultsTab.tsx(5,20): error TS2307: Cannot find module '@/shared/utils/cn' or its corresponding type declarations.
src/ai-gateway/app/(dashboard)/dashboard/settings/components/ComboDefaultsTab.tsx(6,36): error TS2307: Cannot find module '@/shared/constants/routingStrategies' or its corresponding type declarations.
src/ai-gateway/app/(dashboard)/dashboard/settings/components/ComboDefaultsTab.tsx(7,33): error TS2307: Cannot find module 'next-intl' or its corresponding type declarations.
src/ai-gateway/app/(dashboard)/dashboard/settings/components/ComboDefaultsTab.tsx(40,51): error TS7006: Parameter 'strategy' implicitly has an 'any' type.
src/ai-gateway/app/(dashboard)/dashboard/settings/components/ComboDefaultsTab.tsx(61,29): error TS7006: Parameter 'prev' implicitly has an 'any' type.
src/ai-gateway/app/(dashboard)/dashboard/settings/components/ComboDefaultsTab.tsx(86,27): error TS7006: Parameter 'prev' implicitly has an 'any' type.
src/ai-gateway/app/(dashboard)/dashboard/settings/components/ComboDefaultsTab.tsx(90,35): error TS7006: Parameter 'provider' implicitly has an 'any' type.
src/ai-gateway/app/(dashboard)/dashboard/settings/components/ComboDefaultsTab.tsx(91,27): error TS7006: Parameter 'prev' implicitly has an 'any' type.
src/ai-gateway/app/(dashboard)/dashboard/settings/components/ComboDefaultsTab.tsx(99,5): error TS17004: Cannot use JSX unless the '--jsx' flag is provided.
src/ai-gateway/app/(dashboard)/dashboard/settings/components/ComboDefaultsTab.tsx(100,7): error TS17004: Cannot use JSX unless the '--jsx' flag is provided.
src/ai-gateway/app/(dashboard)/dashboard/settings/components/ComboDefaultsTab.tsx(101,9): error TS17004: Cannot use JSX unless the '--jsx' flag is provided.
src/ai-gateway/app/(dashboard)/dashboard/settings/components/ComboDefaultsTab.tsx(102,11): error TS17004: Cannot use JSX unless the '--jsx' flag is provided.
src/ai-gateway/app/(dashboard)/dashboard/settings/components/ComboDefaultsTab.tsx(106,9): error TS17004: Cannot use JSX unless the '--jsx' flag is provided.
src/ai-gateway/app/(dashboard)/dashboard/settings/components/ComboDefaultsTab.tsx(107,9): error TS17004: Cannot use JSX unless the '--jsx' flag is provided.
src/ai-gateway/app/(dashboard)/dashboard/settings/components/ComboDefaultsTab.tsx(109,7): error TS17004: Cannot use JSX unless the '--jsx' flag is provided.
src/ai-gateway/app/(dashboard)/dashboard/settings/components/ComboDefaultsTab.tsx(110,9): error TS17004: Cannot use JSX unless the '--jsx' flag is provided.
src/ai-gateway/app/(dashboard)/dashboard/settings/components/ComboDefaultsTab.tsx(113,9): error TS17004: Cannot use JSX unless the '--jsx' flag is provided.
src/ai-gateway/app/(dashboard)/dashboard/settings/components/ComboDefaultsTab.tsx(114,9): error TS17004: Cannot use JSX unless the '--jsx' flag is provided.
src/ai-gateway/app/(dashboard)/dashboard/settings/components/ComboDefaultsTab.tsx(116,7): error TS17004: Cannot use JSX unless the '--jsx' flag is provided.
src/ai-gateway/app/(dashboard)/dashboard/settings/components/ComboDefaultsTab.tsx(118,9): error TS17004: Cannot use JSX unless the '--jsx' flag is provided.
src/ai-gateway/app/(dashboard)/dashboard/settings/components/ComboDefaultsTab.tsx(119,11): error TS17004: Cannot use JSX unless the '--jsx' flag is provided.
src/ai-gateway/app/(dashboard)/dashboard/settings/components/ComboDefaultsTab.tsx(120,13): error TS17004: Cannot use JSX unless the '--jsx' flag is provided.
src/ai-gateway/app/(dashboard)/dashboard/settings/components/ComboDefaultsTab.tsx(121,13): error TS17004: Cannot use JSX unless the '--jsx' flag is provided.
src/ai-gateway/app/(dashboard)/dashboard/settings/components/ComboDefaultsTab.tsx(123,11): error TS17004: Cannot use JSX unless the '--jsx' flag is provided.
src/ai-gateway/app/(dashboard)/dashboard/settings/components/ComboDefaultsTab.tsx(128,35): error TS7006: Parameter 's' implicitly has an 'any' type.
src/ai-gateway/app/(dashboard)/dashboard/settings/components/ComboDefaultsTab.tsx(129,15): error TS17004: Cannot use JSX unless the '--jsx' flag is provided.
src/ai-gateway/app/(dashboard)/dashboard/settings/components/ComboDefaultsTab.tsx(133,50): error TS7006: Parameter 'prev' implicitly has an 'any' type.
src/ai-gateway/app/(dashboard)/dashboard/settings/components/ComboDefaultsTab.tsx(141,17): error TS17004: Cannot use JSX unless the '--jsx' flag is provided.
src/ai-gateway/app/(dashboard)/dashboard/settings/components/ComboDefaultsTab.tsx(149,9): error TS17004: Cannot use JSX unless the '--jsx' flag is provided.
src/ai-gateway/app/(dashboard)/dashboard/settings/components/ComboDefaultsTab.tsx(151,13): error TS17004: Cannot use JSX unless the '--jsx' flag is provided.
src/ai-gateway/app/(dashboard)/dashboard/settings/components/ComboDefaultsTab.tsx(159,26): error TS7006: Parameter 'e' implicitly has an 'any' type.
src/ai-gateway/app/(dashboard)/dashboard/settings/components/ComboDefaultsTab.tsx(160,35): error TS7006: Parameter 'prev' implicitly has an 'any' type.
src/ai-gateway/app/(dashboard)/dashboard/settings/components/ComboDefaultsTab.tsx(169,11): error TS17004: Cannot use JSX unless the '--jsx' flag is provided.
src/ai-gateway/app/(dashboard)/dashboard/settings/components/ComboDefaultsTab.tsx(170,13): error TS17004: Cannot use JSX unless the '--jsx' flag is provided.
src/ai-gateway/app/(dashboard)/dashboard/settings/components/ComboDefaultsTab.tsx(177,26): error TS7006: Parameter 'e' implicitly has an 'any' type.
src/ai-gateway/app/(dashboard)/dashboard/settings/components/ComboDefaultsTab.tsx(178,35): error TS7006: Parameter 'prev' implicitly has an 'any' type.
src/ai-gateway/app/(dashboard)/dashboard/settings/components/ComboDefaultsTab.tsx(185,13): error TS17004: Cannot use JSX unless the '--jsx' flag is provided.
src/ai-gateway/app/(dashboard)/dashboard/settings/components/ComboDefaultsTab.tsx(193,26): error TS7006: Parameter 'e' implicitly has an 'any' type.
src/ai-gateway/app/(dashboard)/dashboard/settings/components/ComboDefaultsTab.tsx(194,35): error TS7006: Parameter 'prev' implicitly has an 'any' type.
src/ai-gateway/app/(dashboard)/dashboard/settings/components/ComboDefaultsTab.tsx(205,11): error TS17004: Cannot use JSX unless the '--jsx' flag is provided.
src/ai-gateway/app/(dashboard)/dashboard/settings/components/ComboDefaultsTab.tsx(206,13): error TS17004: Cannot use JSX unless the '--jsx' flag is provided.
src/ai-gateway/app/(dashboard)/dashboard/settings/components/ComboDefaultsTab.tsx(214,26): error TS7006: Parameter 'e' implicitly has an 'any' type.
src/ai-gateway/app/(dashboard)/dashboard/settings/components/ComboDefaultsTab.tsx(215,35): error TS7006: Parameter 'prev' implicitly has an 'any' type.
src/ai-gateway/app/(dashboard)/dashboard/settings/components/ComboDefaultsTab.tsx(222,13): error TS17004: Cannot use JSX unless the '--jsx' flag is provided.
src/ai-gateway/app/(dashboard)/dashboard/settings/components/ComboDefaultsTab.tsx(229,26): error TS7006: Parameter 'e' implicitly has an 'any' type.
src/ai-gateway/app/(dashboard)/dashboard/settings/components/ComboDefaultsTab.tsx(230,35): error TS7006: Parameter 'prev' implicitly has an 'any' type.
src/ai-gateway/app/(dashboard)/dashboard/settings/components/ComboDefaultsTab.tsx(237,13): error TS17004: Cannot use JSX unless the '--jsx' flag is provided.
src/ai-gateway/app/(dashboard)/dashboard/settings/components/ComboDefaultsTab.tsx(242,26): error TS7006: Parameter 'e' implicitly has an 'any' type.
src/ai-gateway/app/(dashboard)/dashboard/settings/components/ComboDefaultsTab.tsx(243,35): error TS7006: Parameter 'prev' implicitly has an 'any' type.
src/ai-gateway/app/(dashboard)/dashboard/settings/components/ComboDefaultsTab.tsx(250,13): error TS17004: Cannot use JSX unless the '--jsx' flag is provided.
src/ai-gateway/app/(dashboard)/dashboard/settings/components/ComboDefaultsTab.tsx(251,15): error TS17004: Cannot use JSX unless the '--jsx' flag is provided.
src/ai-gateway/app/(dashboard)/dashboard/settings/components/ComboDefaultsTab.tsx(263,9): error TS17004: Cannot use JSX unless the '--jsx' flag is provided.
src/ai-gateway/app/(dashboard)/dashboard/settings/components/ComboDefaultsTab.tsx(264,11): error TS17004: Cannot use JSX unless the '--jsx' flag is provided.
src/ai-gateway/app/(dashboard)/dashboard/settings/components/ComboDefaultsTab.tsx(265,13): error TS17004: Cannot use JSX unless the '--jsx' flag is provided.
src/ai-gateway/app/(dashboard)/dashboard/settings/components/ComboDefaultsTab.tsx(266,15): error TS17004: Cannot use JSX unless the '--jsx' flag is provided.
src/ai-gateway/app/(dashboard)/dashboard/settings/components/ComboDefaultsTab.tsx(267,15): error TS17004: Cannot use JSX unless the '--jsx' flag is provided.
src/ai-gateway/app/(dashboard)/dashboard/settings/components/ComboDefaultsTab.tsx(269,13): error TS17004: Cannot use JSX unless the '--jsx' flag is provided.
src/ai-gateway/app/(dashboard)/dashboard/settings/components/ComboDefaultsTab.tsx(272,35): error TS7006: Parameter 'prev' implicitly has an 'any' type.
src/ai-gateway/app/(dashboard)/dashboard/settings/components/ComboDefaultsTab.tsx(279,11): error TS17004: Cannot use JSX unless the '--jsx' flag is provided.
src/ai-gateway/app/(dashboard)/dashboard/settings/components/ComboDefaultsTab.tsx(280,13): error TS17004: Cannot use JSX unless the '--jsx' flag is provided.
src/ai-gateway/app/(dashboard)/dashboard/settings/components/ComboDefaultsTab.tsx(281,15): error TS17004: Cannot use JSX unless the '--jsx' flag is provided.
src/ai-gateway/app/(dashboard)/dashboard/settings/components/ComboDefaultsTab.tsx(282,15): error TS17004: Cannot use JSX unless the '--jsx' flag is provided.
src/ai-gateway/app/(dashboard)/dashboard/settings/components/ComboDefaultsTab.tsx(284,13): error TS17004: Cannot use JSX unless the '--jsx' flag is provided.
src/ai-gateway/app/(dashboard)/dashboard/settings/components/ComboDefaultsTab.tsx(287,35): error TS7006: Parameter 'prev' implicitly has an 'any' type.
src/ai-gateway/app/(dashboard)/dashboard/settings/components/ComboDefaultsTab.tsx(294,9): error TS17004: Cannot use JSX unless the '--jsx' flag is provided.
src/ai-gateway/app/(dashboard)/dashboard/settings/components/ComboDefaultsTab.tsx(295,11): error TS17004: Cannot use JSX unless the '--jsx' flag is provided.
src/ai-gateway/app/(dashboard)/dashboard/settings/components/ComboDefaultsTab.tsx(296,11): error TS17004: Cannot use JSX unless the '--jsx' flag is provided.
src/ai-gateway/app/(dashboard)/dashboard/settings/components/ComboDefaultsTab.tsx(299,13): error TS17004: Cannot use JSX unless the '--jsx' flag is provided.
src/ai-gateway/app/(dashboard)/dashboard/settings/components/ComboDefaultsTab.tsx(303,15): error TS17004: Cannot use JSX unless the '--jsx' flag is provided.
src/ai-gateway/app/(dashboard)/dashboard/settings/components/ComboDefaultsTab.tsx(304,15): error TS17004: Cannot use JSX unless the '--jsx' flag is provided.
src/ai-gateway/app/(dashboard)/dashboard/settings/components/ComboDefaultsTab.tsx(309,28): error TS7006: Parameter 'e' implicitly has an 'any' type.
src/ai-gateway/app/(dashboard)/dashboard/settings/components/ComboDefaultsTab.tsx(310,41): error TS7006: Parameter 'prev' implicitly has an 'any' type.
src/ai-gateway/app/(dashboard)/dashboard/settings/components/ComboDefaultsTab.tsx(318,15): error TS17004: Cannot use JSX unless the '--jsx' flag is provided.
src/ai-gateway/app/(dashboard)/dashboard/settings/components/ComboDefaultsTab.tsx(319,15): error TS17004: Cannot use JSX unless the '--jsx' flag is provided.
src/ai-gateway/app/(dashboard)/dashboard/settings/components/ComboDefaultsTab.tsx(325,28): error TS7006: Parameter 'e' implicitly has an 'any' type.
src/ai-gateway/app/(dashboard)/dashboard/settings/components/ComboDefaultsTab.tsx(326,41): error TS7006: Parameter 'prev' implicitly has an 'any' type.
src/ai-gateway/app/(dashboard)/dashboard/settings/components/ComboDefaultsTab.tsx(337,15): error TS17004: Cannot use JSX unless the '--jsx' flag is provided.
src/ai-gateway/app/(dashboard)/dashboard/settings/components/ComboDefaultsTab.tsx(338,15): error TS17004: Cannot use JSX unless the '--jsx' flag is provided.
src/ai-gateway/app/(dashboard)/dashboard/settings/components/ComboDefaultsTab.tsx(343,17): error TS17004: Cannot use JSX unless the '--jsx' flag is provided.
src/ai-gateway/app/(dashboard)/dashboard/settings/components/ComboDefaultsTab.tsx(350,11): error TS17004: Cannot use JSX unless the '--jsx' flag is provided.
src/ai-gateway/app/(dashboard)/dashboard/settings/components/ComboDefaultsTab.tsx(351,13): error TS17004: Cannot use JSX unless the '--jsx' flag is provided.
src/ai-gateway/app/(dashboard)/dashboard/settings/components/ComboDefaultsTab.tsx(355,26): error TS7006: Parameter 'e' implicitly has an 'any' type.
src/ai-gateway/app/(dashboard)/dashboard/settings/components/ComboDefaultsTab.tsx(356,27): error TS7006: Parameter 'e' implicitly has an 'any' type.
src/ai-gateway/app/(dashboard)/dashboard/settings/components/ComboDefaultsTab.tsx(360,13): error TS17004: Cannot use JSX unless the '--jsx' flag is provided.
src/ai-gateway/app/(dashboard)/dashboard/settings/components/ComboDefaultsTab.tsx(372,9): error TS17004: Cannot use JSX unless the '--jsx' flag is provided.
src/ai-gateway/app/(dashboard)/dashboard/settings/components/ComboDefaultsTab.tsx(373,11): error TS17004: Cannot use JSX unless the '--jsx' flag is provided.
src/ai-gateway/app/(dashboard)/dashboard/settings/components/ComplianceTab.tsx(4,58): error TS2307: Cannot find module '@/shared/components' or its corresponding type declarations.
src/ai-gateway/app/(dashboard)/dashboard/settings/components/ComplianceTab.tsx(5,38): error TS2307: Cannot find module '@/store/notificationStore' or its corresponding type declarations.
src/ai-gateway/app/(dashboard)/dashboard/settings/components/ComplianceTab.tsx(6,33): error TS2307: Cannot find module 'next-intl' or its corresponding type declarations.
src/ai-gateway/app/(dashboard)/dashboard/settings/components/ComplianceTab.tsx(41,55): error TS2339: Property 'action' does not exist on type 'never'.
src/ai-gateway/app/(dashboard)/dashboard/settings/components/ComplianceTab.tsx(42,54): error TS2339: Property 'actor' does not exist on type 'never'.
src/ai-gateway/app/(dashboard)/dashboard/settings/components/ComplianceTab.tsx(48,11): error TS2339: Property 'action' does not exist on type 'never'.
src/ai-gateway/app/(dashboard)/dashboard/settings/components/ComplianceTab.tsx(49,11): error TS2339: Property 'actor' does not exist on type 'never'.
src/ai-gateway/app/(dashboard)/dashboard/settings/components/ComplianceTab.tsx(50,12): error TS2339: Property 'details' does not exist on type 'never'.
src/ai-gateway/app/(dashboard)/dashboard/settings/components/ComplianceTab.tsx(50,40): error TS2339: Property 'details' does not exist on type 'never'.
src/ai-gateway/app/(dashboard)/dashboard/settings/components/ComplianceTab.tsx(53,29): error TS2339: Property 'action' does not exist on type 'never'.
src/ai-gateway/app/(dashboard)/dashboard/settings/components/ComplianceTab.tsx(54,28): error TS2339: Property 'actor' does not exist on type 'never'.
src/ai-gateway/app/(dashboard)/dashboard/settings/components/ComplianceTab.tsx(58,44): error TS7053: Element implicitly has an 'any' type because expression of type 'string' can't be used to index type '{ timestamp: boolean; action: boolean; actor: boolean; details: boolean; }'.
  No index signature with a parameter of type 'string' was found on type '{ timestamp: boolean; action: boolean; actor: boolean; details: boolean; }'.
src/ai-gateway/app/(dashboard)/dashboard/settings/components/ComplianceTab.tsx(60,40): error TS7006: Parameter 'key' implicitly has an 'any' type.
src/ai-gateway/app/(dashboard)/dashboard/settings/components/ComplianceTab.tsx(61,50): error TS7053: Element implicitly has an 'any' type because expression of type 'any' can't be used to index type '{ timestamp: boolean; action: boolean; actor: boolean; details: boolean; }'.
src/ai-gateway/app/(dashboard)/dashboard/settings/components/ComplianceTab.tsx(65,6): error TS7006: Parameter 'row' implicitly has an 'any' type.
src/ai-gateway/app/(dashboard)/dashboard/settings/components/ComplianceTab.tsx(65,11): error TS7006: Parameter 'col' implicitly has an 'any' type.
src/ai-gateway/app/(dashboard)/dashboard/settings/components/ComplianceTab.tsx(69,13): error TS17004: Cannot use JSX unless the '--jsx' flag is provided.
src/ai-gateway/app/(dashboard)/dashboard/settings/components/ComplianceTab.tsx(75,13): error TS17004: Cannot use JSX unless the '--jsx' flag is provided.
src/ai-gateway/app/(dashboard)/dashboard/settings/components/ComplianceTab.tsx(80,18): error TS17004: Cannot use JSX unless the '--jsx' flag is provided.
src/ai-gateway/app/(dashboard)/dashboard/settings/components/ComplianceTab.tsx(83,13): error TS17004: Cannot use JSX unless the '--jsx' flag is provided.
src/ai-gateway/app/(dashboard)/dashboard/settings/components/ComplianceTab.tsx(95,5): error TS17004: Cannot use JSX unless the '--jsx' flag is provided.
src/ai-gateway/app/(dashboard)/dashboard/settings/components/ComplianceTab.tsx(96,7): error TS17004: Cannot use JSX unless the '--jsx' flag is provided.
src/ai-gateway/app/(dashboard)/dashboard/settings/components/ComplianceTab.tsx(97,9): error TS17004: Cannot use JSX unless the '--jsx' flag is provided.
src/ai-gateway/app/(dashboard)/dashboard/settings/components/ComplianceTab.tsx(98,11): error TS17004: Cannot use JSX unless the '--jsx' flag is provided.
src/ai-gateway/app/(dashboard)/dashboard/settings/components/ComplianceTab.tsx(101,9): error TS17004: Cannot use JSX unless the '--jsx' flag is provided.
src/ai-gateway/app/(dashboard)/dashboard/settings/components/ComplianceTab.tsx(104,7): error TS17004: Cannot use JSX unless the '--jsx' flag is provided.
src/ai-gateway/app/(dashboard)/dashboard/settings/components/ComplianceTab.tsx(113,26): error TS7006: Parameter 'key' implicitly has an 'any' type.
src/ai-gateway/app/(dashboard)/dashboard/settings/components/ComplianceTab.tsx(113,31): error TS7006: Parameter 'val' implicitly has an 'any' type.
src/ai-gateway/app/(dashboard)/dashboard/settings/components/ComplianceTab.tsx(113,51): error TS7006: Parameter 'prev' implicitly has an 'any' type.
src/ai-gateway/app/(dashboard)/dashboard/settings/components/ComplianceTab.tsx(118,7): error TS17004: Cannot use JSX unless the '--jsx' flag is provided.
src/ai-gateway/app/(dashboard)/dashboard/settings/components/FallbackChainsEditor.tsx(12,49): error TS2307: Cannot find module '@/shared/components' or its corresponding type declarations.
src/ai-gateway/app/(dashboard)/dashboard/settings/components/FallbackChainsEditor.tsx(13,38): error TS2307: Cannot find module '@/store/notificationStore' or its corresponding type declarations.
src/ai-gateway/app/(dashboard)/dashboard/settings/components/FallbackChainsEditor.tsx(14,33): error TS2307: Cannot find module 'next-intl' or its corresponding type declarations.
src/ai-gateway/app/(dashboard)/dashboard/settings/components/FallbackChainsEditor.tsx(96,31): error TS7006: Parameter 'model' implicitly has an 'any' type.
src/ai-gateway/app/(dashboard)/dashboard/settings/components/FallbackChainsEditor.tsx(117,7): error TS17004: Cannot use JSX unless the '--jsx' flag is provided.
src/ai-gateway/app/(dashboard)/dashboard/settings/components/FallbackChainsEditor.tsx(118,9): error TS17004: Cannot use JSX unless the '--jsx' flag is provided.
src/ai-gateway/app/(dashboard)/dashboard/settings/components/FallbackChainsEditor.tsx(119,11): error TS17004: Cannot use JSX unless the '--jsx' flag is provided.
src/ai-gateway/app/(dashboard)/dashboard/settings/components/FallbackChainsEditor.tsx(129,5): error TS17004: Cannot use JSX unless the '--jsx' flag is provided.
src/ai-gateway/app/(dashboard)/dashboard/settings/components/FallbackChainsEditor.tsx(130,7): error TS17004: Cannot use JSX unless the '--jsx' flag is provided.
src/ai-gateway/app/(dashboard)/dashboard/settings/components/FallbackChainsEditor.tsx(131,9): error TS17004: Cannot use JSX unless the '--jsx' flag is provided.
src/ai-gateway/app/(dashboard)/dashboard/settings/components/FallbackChainsEditor.tsx(132,11): error TS17004: Cannot use JSX unless the '--jsx' flag is provided.
src/ai-gateway/app/(dashboard)/dashboard/settings/components/FallbackChainsEditor.tsx(134,9): error TS17004: Cannot use JSX unless the '--jsx' flag is provided.
src/ai-gateway/app/(dashboard)/dashboard/settings/components/FallbackChainsEditor.tsx(135,11): error TS17004: Cannot use JSX unless the '--jsx' flag is provided.
src/ai-gateway/app/(dashboard)/dashboard/settings/components/FallbackChainsEditor.tsx(136,11): error TS17004: Cannot use JSX unless the '--jsx' flag is provided.
src/ai-gateway/app/(dashboard)/dashboard/settings/components/FallbackChainsEditor.tsx(138,9): error TS17004: Cannot use JSX unless the '--jsx' flag is provided.
src/ai-gateway/app/(dashboard)/dashboard/settings/components/FallbackChainsEditor.tsx(145,9): error TS17004: Cannot use JSX unless the '--jsx' flag is provided.
src/ai-gateway/app/(dashboard)/dashboard/settings/components/FallbackChainsEditor.tsx(146,11): error TS17004: Cannot use JSX unless the '--jsx' flag is provided.
src/ai-gateway/app/(dashboard)/dashboard/settings/components/FallbackChainsEditor.tsx(147,13): error TS17004: Cannot use JSX unless the '--jsx' flag is provided.
src/ai-gateway/app/(dashboard)/dashboard/settings/components/FallbackChainsEditor.tsx(151,26): error TS7006: Parameter 'e' implicitly has an 'any' type.
src/ai-gateway/app/(dashboard)/dashboard/settings/components/FallbackChainsEditor.tsx(153,13): error TS17004: Cannot use JSX unless the '--jsx' flag is provided.
src/ai-gateway/app/(dashboard)/dashboard/settings/components/FallbackChainsEditor.tsx(157,26): error TS7006: Parameter 'e' implicitly has an 'any' type.
src/ai-gateway/app/(dashboard)/dashboard/settings/components/FallbackChainsEditor.tsx(160,11): error TS17004: Cannot use JSX unless the '--jsx' flag is provided.
src/ai-gateway/app/(dashboard)/dashboard/settings/components/FallbackChainsEditor.tsx(167,7): error TS17004: Cannot use JSX unless the '--jsx' flag is provided.
src/ai-gateway/app/(dashboard)/dashboard/settings/components/FallbackChainsEditor.tsx(169,11): error TS17004: Cannot use JSX unless the '--jsx' flag is provided.
src/ai-gateway/app/(dashboard)/dashboard/settings/components/FallbackChainsEditor.tsx(175,11): error TS17004: Cannot use JSX unless the '--jsx' flag is provided.
src/ai-gateway/app/(dashboard)/dashboard/settings/components/FallbackChainsEditor.tsx(177,15): error TS17004: Cannot use JSX unless the '--jsx' flag is provided.
src/ai-gateway/app/(dashboard)/dashboard/settings/components/FallbackChainsEditor.tsx(181,17): error TS17004: Cannot use JSX unless the '--jsx' flag is provided.
src/ai-gateway/app/(dashboard)/dashboard/settings/components/FallbackChainsEditor.tsx(182,19): error TS17004: Cannot use JSX unless the '--jsx' flag is provided.
src/ai-gateway/app/(dashboard)/dashboard/settings/components/FallbackChainsEditor.tsx(185,19): error TS17004: Cannot use JSX unless the '--jsx' flag is provided.
src/ai-gateway/app/(dashboard)/dashboard/settings/components/FallbackChainsEditor.tsx(188,19): error TS17004: Cannot use JSX unless the '--jsx' flag is provided.
src/ai-gateway/app/(dashboard)/dashboard/settings/components/FallbackChainsEditor.tsx(190,23): error TS17004: Cannot use JSX unless the '--jsx' flag is provided.
src/ai-gateway/app/(dashboard)/dashboard/settings/components/FallbackChainsEditor.tsx(204,17): error TS17004: Cannot use JSX unless the '--jsx' flag is provided.
src/ai-gateway/app/(dashboard)/dashboard/settings/components/FallbackChainsEditor.tsx(209,19): error TS17004: Cannot use JSX unless the '--jsx' flag is provided.
src/ai-gateway/app/(dashboard)/dashboard/settings/components/IPFilterSection.tsx(4,37): error TS2307: Cannot find module '@/shared/components' or its corresponding type declarations.
src/ai-gateway/app/(dashboard)/dashboard/settings/components/IPFilterSection.tsx(5,33): error TS2307: Cannot find module 'next-intl' or its corresponding type declarations.
src/ai-gateway/app/(dashboard)/dashboard/settings/components/IPFilterSection.tsx(41,31): error TS7006: Parameter 'updates' implicitly has an 'any' type.
src/ai-gateway/app/(dashboard)/dashboard/settings/components/IPFilterSection.tsx(52,20): error TS7006: Parameter 'mode' implicitly has an 'any' type.
src/ai-gateway/app/(dashboard)/dashboard/settings/components/IPFilterSection.tsx(67,21): error TS7006: Parameter 'ip' implicitly has an 'any' type.
src/ai-gateway/app/(dashboard)/dashboard/settings/components/IPFilterSection.tsx(67,25): error TS7006: Parameter 'list' implicitly has an 'any' type.
src/ai-gateway/app/(dashboard)/dashboard/settings/components/IPFilterSection.tsx(72,22): error TS7006: Parameter 'ip' implicitly has an 'any' type.
src/ai-gateway/app/(dashboard)/dashboard/settings/components/IPFilterSection.tsx(77,5): error TS17004: Cannot use JSX unless the '--jsx' flag is provided.
src/ai-gateway/app/(dashboard)/dashboard/settings/components/IPFilterSection.tsx(78,7): error TS17004: Cannot use JSX unless the '--jsx' flag is provided.
src/ai-gateway/app/(dashboard)/dashboard/settings/components/IPFilterSection.tsx(79,9): error TS17004: Cannot use JSX unless the '--jsx' flag is provided.
src/ai-gateway/app/(dashboard)/dashboard/settings/components/IPFilterSection.tsx(80,11): error TS17004: Cannot use JSX unless the '--jsx' flag is provided.
src/ai-gateway/app/(dashboard)/dashboard/settings/components/IPFilterSection.tsx(84,9): error TS17004: Cannot use JSX unless the '--jsx' flag is provided.
src/ai-gateway/app/(dashboard)/dashboard/settings/components/IPFilterSection.tsx(85,11): error TS17004: Cannot use JSX unless the '--jsx' flag is provided.
src/ai-gateway/app/(dashboard)/dashboard/settings/components/IPFilterSection.tsx(86,11): error TS17004: Cannot use JSX unless the '--jsx' flag is provided.
src/ai-gateway/app/(dashboard)/dashboard/settings/components/IPFilterSection.tsx(91,7): error TS17004: Cannot use JSX unless the '--jsx' flag is provided.
src/ai-gateway/app/(dashboard)/dashboard/settings/components/IPFilterSection.tsx(93,11): error TS17004: Cannot use JSX unless the '--jsx' flag is provided.
src/ai-gateway/app/(dashboard)/dashboard/settings/components/IPFilterSection.tsx(103,13): error TS17004: Cannot use JSX unless the '--jsx' flag is provided.
src/ai-gateway/app/(dashboard)/dashboard/settings/components/IPFilterSection.tsx(110,13): error TS17004: Cannot use JSX unless the '--jsx' flag is provided.
src/ai-gateway/app/(dashboard)/dashboard/settings/components/IPFilterSection.tsx(120,9): error TS17004: Cannot use JSX unless the '--jsx' flag is provided.
src/ai-gateway/app/(dashboard)/dashboard/settings/components/IPFilterSection.tsx(122,11): error TS17004: Cannot use JSX unless the '--jsx' flag is provided.
src/ai-gateway/app/(dashboard)/dashboard/settings/components/IPFilterSection.tsx(123,13): error TS17004: Cannot use JSX unless the '--jsx' flag is provided.
src/ai-gateway/app/(dashboard)/dashboard/settings/components/IPFilterSection.tsx(124,15): error TS17004: Cannot use JSX unless the '--jsx' flag is provided.
src/ai-gateway/app/(dashboard)/dashboard/settings/components/IPFilterSection.tsx(128,28): error TS7006: Parameter 'e' implicitly has an 'any' type.
src/ai-gateway/app/(dashboard)/dashboard/settings/components/IPFilterSection.tsx(129,29): error TS7006: Parameter 'e' implicitly has an 'any' type.
src/ai-gateway/app/(dashboard)/dashboard/settings/components/IPFilterSection.tsx(132,13): error TS17004: Cannot use JSX unless the '--jsx' flag is provided.
src/ai-gateway/app/(dashboard)/dashboard/settings/components/IPFilterSection.tsx(133,15): error TS17004: Cannot use JSX unless the '--jsx' flag is provided.
src/ai-gateway/app/(dashboard)/dashboard/settings/components/IPFilterSection.tsx(143,15): error TS17004: Cannot use JSX unless the '--jsx' flag is provided.
src/ai-gateway/app/(dashboard)/dashboard/settings/components/IPFilterSection.tsx(158,13): error TS17004: Cannot use JSX unless the '--jsx' flag is provided.
src/ai-gateway/app/(dashboard)/dashboard/settings/components/IPFilterSection.tsx(159,15): error TS17004: Cannot use JSX unless the '--jsx' flag is provided.
src/ai-gateway/app/(dashboard)/dashboard/settings/components/IPFilterSection.tsx(162,15): error TS17004: Cannot use JSX unless the '--jsx' flag is provided.
src/ai-gateway/app/(dashboard)/dashboard/settings/components/IPFilterSection.tsx(164,19): error TS17004: Cannot use JSX unless the '--jsx' flag is provided.
src/ai-gateway/app/(dashboard)/dashboard/settings/components/IPFilterSection.tsx(170,21): error TS17004: Cannot use JSX unless the '--jsx' flag is provided.
src/ai-gateway/app/(dashboard)/dashboard/settings/components/IPFilterSection.tsx(174,23): error TS17004: Cannot use JSX unless the '--jsx' flag is provided.
src/ai-gateway/app/(dashboard)/dashboard/settings/components/IPFilterSection.tsx(184,13): error TS17004: Cannot use JSX unless the '--jsx' flag is provided.
src/ai-gateway/app/(dashboard)/dashboard/settings/components/IPFilterSection.tsx(185,15): error TS17004: Cannot use JSX unless the '--jsx' flag is provided.
src/ai-gateway/app/(dashboard)/dashboard/settings/components/IPFilterSection.tsx(188,15): error TS17004: Cannot use JSX unless the '--jsx' flag is provided.
src/ai-gateway/app/(dashboard)/dashboard/settings/components/IPFilterSection.tsx(190,19): error TS17004: Cannot use JSX unless the '--jsx' flag is provided.
src/ai-gateway/app/(dashboard)/dashboard/settings/components/IPFilterSection.tsx(196,21): error TS17004: Cannot use JSX unless the '--jsx' flag is provided.
src/ai-gateway/app/(dashboard)/dashboard/settings/components/IPFilterSection.tsx(200,23): error TS17004: Cannot use JSX unless the '--jsx' flag is provided.
src/ai-gateway/app/(dashboard)/dashboard/settings/components/IPFilterSection.tsx(210,13): error TS17004: Cannot use JSX unless the '--jsx' flag is provided.
src/ai-gateway/app/(dashboard)/dashboard/settings/components/IPFilterSection.tsx(211,15): error TS17004: Cannot use JSX unless the '--jsx' flag is provided.
src/ai-gateway/app/(dashboard)/dashboard/settings/components/IPFilterSection.tsx(214,15): error TS17004: Cannot use JSX unless the '--jsx' flag is provided.
src/ai-gateway/app/(dashboard)/dashboard/settings/components/IPFilterSection.tsx(216,19): error TS17004: Cannot use JSX unless the '--jsx' flag is provided.
src/ai-gateway/app/(dashboard)/dashboard/settings/components/IPFilterSection.tsx(217,30): error TS2339: Property 'ip' does not exist on type 'never'.
src/ai-gateway/app/(dashboard)/dashboard/settings/components/IPFilterSection.tsx(221,21): error TS17004: Cannot use JSX unless the '--jsx' flag is provided.
src/ai-gateway/app/(dashboard)/dashboard/settings/components/IPFilterSection.tsx(222,23): error TS17004: Cannot use JSX unless the '--jsx' flag is provided.
src/ai-gateway/app/(dashboard)/dashboard/settings/components/IPFilterSection.tsx(222,89): error TS2339: Property 'ip' does not exist on type 'never'.
src/ai-gateway/app/(dashboard)/dashboard/settings/components/IPFilterSection.tsx(223,23): error TS17004: Cannot use JSX unless the '--jsx' flag is provided.
src/ai-gateway/app/(dashboard)/dashboard/settings/components/IPFilterSection.tsx(223,81): error TS2339: Property 'reason' does not exist on type 'never'.
src/ai-gateway/app/(dashboard)/dashboard/settings/components/IPFilterSection.tsx(225,21): error TS17004: Cannot use JSX unless the '--jsx' flag is provided.
src/ai-gateway/app/(dashboard)/dashboard/settings/components/IPFilterSection.tsx(226,23): error TS17004: Cannot use JSX unless the '--jsx' flag is provided.
src/ai-gateway/app/(dashboard)/dashboard/settings/components/IPFilterSection.tsx(227,60): error TS2339: Property 'remainingMs' does not exist on type 'never'.
src/ai-gateway/app/(dashboard)/dashboard/settings/components/IPFilterSection.tsx(229,23): error TS17004: Cannot use JSX unless the '--jsx' flag is provided.
src/ai-gateway/app/(dashboard)/dashboard/settings/components/IPFilterSection.tsx(230,54): error TS2339: Property 'ip' does not exist on type 'never'.
src/ai-gateway/app/(dashboard)/dashboard/settings/components/IPFilterSection.tsx(233,25): error TS17004: Cannot use JSX unless the '--jsx' flag is provided.
src/ai-gateway/app/(dashboard)/dashboard/settings/components/MemorySkillsTab.tsx(4,22): error TS2307: Cannot find module '@/shared/components' or its corresponding type declarations.
src/ai-gateway/app/(dashboard)/dashboard/settings/components/MemorySkillsTab.tsx(5,33): error TS2307: Cannot find module 'next-intl' or its corresponding type declarations.
src/ai-gateway/app/(dashboard)/dashboard/settings/components/MemorySkillsTab.tsx(105,7): error TS17004: Cannot use JSX unless the '--jsx' flag is provided.
src/ai-gateway/app/(dashboard)/dashboard/settings/components/MemorySkillsTab.tsx(106,9): error TS17004: Cannot use JSX unless the '--jsx' flag is provided.
src/ai-gateway/app/(dashboard)/dashboard/settings/components/MemorySkillsTab.tsx(107,11): error TS17004: Cannot use JSX unless the '--jsx' flag is provided.
src/ai-gateway/app/(dashboard)/dashboard/settings/components/MemorySkillsTab.tsx(108,13): error TS17004: Cannot use JSX unless the '--jsx' flag is provided.
src/ai-gateway/app/(dashboard)/dashboard/settings/components/MemorySkillsTab.tsx(112,11): error TS17004: Cannot use JSX unless the '--jsx' flag is provided.
src/ai-gateway/app/(dashboard)/dashboard/settings/components/MemorySkillsTab.tsx(113,13): error TS17004: Cannot use JSX unless the '--jsx' flag is provided.
src/ai-gateway/app/(dashboard)/dashboard/settings/components/MemorySkillsTab.tsx(114,13): error TS17004: Cannot use JSX unless the '--jsx' flag is provided.
src/ai-gateway/app/(dashboard)/dashboard/settings/components/MemorySkillsTab.tsx(117,9): error TS17004: Cannot use JSX unless the '--jsx' flag is provided.
src/ai-gateway/app/(dashboard)/dashboard/settings/components/MemorySkillsTab.tsx(123,5): error TS17004: Cannot use JSX unless the '--jsx' flag is provided.
src/ai-gateway/app/(dashboard)/dashboard/settings/components/MemorySkillsTab.tsx(125,7): error TS17004: Cannot use JSX unless the '--jsx' flag is provided.
src/ai-gateway/app/(dashboard)/dashboard/settings/components/MemorySkillsTab.tsx(126,9): error TS17004: Cannot use JSX unless the '--jsx' flag is provided.
src/ai-gateway/app/(dashboard)/dashboard/settings/components/MemorySkillsTab.tsx(127,11): error TS17004: Cannot use JSX unless the '--jsx' flag is provided.
src/ai-gateway/app/(dashboard)/dashboard/settings/components/MemorySkillsTab.tsx(128,13): error TS17004: Cannot use JSX unless the '--jsx' flag is provided.
src/ai-gateway/app/(dashboard)/dashboard/settings/components/MemorySkillsTab.tsx(132,11): error TS17004: Cannot use JSX unless the '--jsx' flag is provided.
src/ai-gateway/app/(dashboard)/dashboard/settings/components/MemorySkillsTab.tsx(133,13): error TS17004: Cannot use JSX unless the '--jsx' flag is provided.
src/ai-gateway/app/(dashboard)/dashboard/settings/components/MemorySkillsTab.tsx(134,13): error TS17004: Cannot use JSX unless the '--jsx' flag is provided.
src/ai-gateway/app/(dashboard)/dashboard/settings/components/MemorySkillsTab.tsx(137,13): error TS17004: Cannot use JSX unless the '--jsx' flag is provided.
src/ai-gateway/app/(dashboard)/dashboard/settings/components/MemorySkillsTab.tsx(138,15): error TS17004: Cannot use JSX unless the '--jsx' flag is provided.
src/ai-gateway/app/(dashboard)/dashboard/settings/components/MemorySkillsTab.tsx(145,9): error TS17004: Cannot use JSX unless the '--jsx' flag is provided.
src/ai-gateway/app/(dashboard)/dashboard/settings/components/MemorySkillsTab.tsx(146,11): error TS17004: Cannot use JSX unless the '--jsx' flag is provided.
src/ai-gateway/app/(dashboard)/dashboard/settings/components/MemorySkillsTab.tsx(147,13): error TS17004: Cannot use JSX unless the '--jsx' flag is provided.
src/ai-gateway/app/(dashboard)/dashboard/settings/components/MemorySkillsTab.tsx(148,13): error TS17004: Cannot use JSX unless the '--jsx' flag is provided.
src/ai-gateway/app/(dashboard)/dashboard/settings/components/MemorySkillsTab.tsx(150,11): error TS17004: Cannot use JSX unless the '--jsx' flag is provided.
src/ai-gateway/app/(dashboard)/dashboard/settings/components/MemorySkillsTab.tsx(160,13): error TS17004: Cannot use JSX unless the '--jsx' flag is provided.
src/ai-gateway/app/(dashboard)/dashboard/settings/components/MemorySkillsTab.tsx(170,11): error TS17004: Cannot use JSX unless the '--jsx' flag is provided.
src/ai-gateway/app/(dashboard)/dashboard/settings/components/MemorySkillsTab.tsx(172,13): error TS17004: Cannot use JSX unless the '--jsx' flag is provided.
src/ai-gateway/app/(dashboard)/dashboard/settings/components/MemorySkillsTab.tsx(173,15): error TS17004: Cannot use JSX unless the '--jsx' flag is provided.
src/ai-gateway/app/(dashboard)/dashboard/settings/components/MemorySkillsTab.tsx(174,17): error TS17004: Cannot use JSX unless the '--jsx' flag is provided.
src/ai-gateway/app/(dashboard)/dashboard/settings/components/MemorySkillsTab.tsx(175,17): error TS17004: Cannot use JSX unless the '--jsx' flag is provided.
src/ai-gateway/app/(dashboard)/dashboard/settings/components/MemorySkillsTab.tsx(179,15): error TS17004: Cannot use JSX unless the '--jsx' flag is provided.
src/ai-gateway/app/(dashboard)/dashboard/settings/components/MemorySkillsTab.tsx(189,15): error TS17004: Cannot use JSX unless the '--jsx' flag is provided.
src/ai-gateway/app/(dashboard)/dashboard/settings/components/MemorySkillsTab.tsx(190,17): error TS17004: Cannot use JSX unless the '--jsx' flag is provided.
src/ai-gateway/app/(dashboard)/dashboard/settings/components/MemorySkillsTab.tsx(191,17): error TS17004: Cannot use JSX unless the '--jsx' flag is provided.
src/ai-gateway/app/(dashboard)/dashboard/settings/components/MemorySkillsTab.tsx(192,17): error TS17004: Cannot use JSX unless the '--jsx' flag is provided.
src/ai-gateway/app/(dashboard)/dashboard/settings/components/MemorySkillsTab.tsx(193,17): error TS17004: Cannot use JSX unless the '--jsx' flag is provided.
src/ai-gateway/app/(dashboard)/dashboard/settings/components/MemorySkillsTab.tsx(198,13): error TS17004: Cannot use JSX unless the '--jsx' flag is provided.
src/ai-gateway/app/(dashboard)/dashboard/settings/components/MemorySkillsTab.tsx(199,15): error TS17004: Cannot use JSX unless the '--jsx' flag is provided.
src/ai-gateway/app/(dashboard)/dashboard/settings/components/MemorySkillsTab.tsx(200,17): error TS17004: Cannot use JSX unless the '--jsx' flag is provided.
src/ai-gateway/app/(dashboard)/dashboard/settings/components/MemorySkillsTab.tsx(201,17): error TS17004: Cannot use JSX unless the '--jsx' flag is provided.
src/ai-gateway/app/(dashboard)/dashboard/settings/components/MemorySkillsTab.tsx(205,15): error TS17004: Cannot use JSX unless the '--jsx' flag is provided.
src/ai-gateway/app/(dashboard)/dashboard/settings/components/MemorySkillsTab.tsx(215,15): error TS17004: Cannot use JSX unless the '--jsx' flag is provided.
src/ai-gateway/app/(dashboard)/dashboard/settings/components/MemorySkillsTab.tsx(216,17): error TS17004: Cannot use JSX unless the '--jsx' flag is provided.
src/ai-gateway/app/(dashboard)/dashboard/settings/components/MemorySkillsTab.tsx(217,17): error TS17004: Cannot use JSX unless the '--jsx' flag is provided.
src/ai-gateway/app/(dashboard)/dashboard/settings/components/MemorySkillsTab.tsx(218,17): error TS17004: Cannot use JSX unless the '--jsx' flag is provided.
src/ai-gateway/app/(dashboard)/dashboard/settings/components/MemorySkillsTab.tsx(219,17): error TS17004: Cannot use JSX unless the '--jsx' flag is provided.
src/ai-gateway/app/(dashboard)/dashboard/settings/components/MemorySkillsTab.tsx(224,13): error TS17004: Cannot use JSX unless the '--jsx' flag is provided.
src/ai-gateway/app/(dashboard)/dashboard/settings/components/MemorySkillsTab.tsx(226,17): error TS17004: Cannot use JSX unless the '--jsx' flag is provided.
src/ai-gateway/app/(dashboard)/dashboard/settings/components/MemorySkillsTab.tsx(237,19): error TS17004: Cannot use JSX unless the '--jsx' flag is provided.
src/ai-gateway/app/(dashboard)/dashboard/settings/components/MemorySkillsTab.tsx(242,19): error TS17004: Cannot use JSX unless the '--jsx' flag is provided.
src/ai-gateway/app/(dashboard)/dashboard/settings/components/MemorySkillsTab.tsx(251,7): error TS17004: Cannot use JSX unless the '--jsx' flag is provided.
src/ai-gateway/app/(dashboard)/dashboard/settings/components/MemorySkillsTab.tsx(252,9): error TS17004: Cannot use JSX unless the '--jsx' flag is provided.
src/ai-gateway/app/(dashboard)/dashboard/settings/components/MemorySkillsTab.tsx(253,11): error TS17004: Cannot use JSX unless the '--jsx' flag is provided.
src/ai-gateway/app/(dashboard)/dashboard/settings/components/MemorySkillsTab.tsx(254,13): error TS17004: Cannot use JSX unless the '--jsx' flag is provided.
src/ai-gateway/app/(dashboard)/dashboard/settings/components/MemorySkillsTab.tsx(258,11): error TS17004: Cannot use JSX unless the '--jsx' flag is provided.
src/ai-gateway/app/(dashboard)/dashboard/settings/components/MemorySkillsTab.tsx(259,13): error TS17004: Cannot use JSX unless the '--jsx' flag is provided.
src/ai-gateway/app/(dashboard)/dashboard/settings/components/MemorySkillsTab.tsx(260,13): error TS17004: Cannot use JSX unless the '--jsx' flag is provided.
src/ai-gateway/app/(dashboard)/dashboard/settings/components/MemorySkillsTab.tsx(264,9): error TS17004: Cannot use JSX unless the '--jsx' flag is provided.
src/ai-gateway/app/(dashboard)/dashboard/settings/components/MemorySkillsTab.tsx(265,11): error TS17004: Cannot use JSX unless the '--jsx' flag is provided.
src/ai-gateway/app/(dashboard)/dashboard/settings/components/MemorySkillsTab.tsx(266,13): error TS17004: Cannot use JSX unless the '--jsx' flag is provided.
src/ai-gateway/app/(dashboard)/dashboard/settings/components/MemorySkillsTab.tsx(267,13): error TS17004: Cannot use JSX unless the '--jsx' flag is provided.
src/ai-gateway/app/(dashboard)/dashboard/settings/components/MemorySkillsTab.tsx(269,11): error TS17004: Cannot use JSX unless the '--jsx' flag is provided.
src/ai-gateway/app/(dashboard)/dashboard/settings/components/MemorySkillsTab.tsx(279,13): error TS17004: Cannot use JSX unless the '--jsx' flag is provided.
src/ai-gateway/app/(dashboard)/dashboard/settings/components/MemorySkillsTab.tsx(289,7): error TS17004: Cannot use JSX unless the '--jsx' flag is provided.
src/ai-gateway/app/(dashboard)/dashboard/settings/components/MemorySkillsTab.tsx(290,9): error TS17004: Cannot use JSX unless the '--jsx' flag is provided.
src/ai-gateway/app/(dashboard)/dashboard/settings/components/MemorySkillsTab.tsx(291,11): error TS17004: Cannot use JSX unless the '--jsx' flag is provided.
src/ai-gateway/app/(dashboard)/dashboard/settings/components/MemorySkillsTab.tsx(292,13): error TS17004: Cannot use JSX unless the '--jsx' flag is provided.
src/ai-gateway/app/(dashboard)/dashboard/settings/components/MemorySkillsTab.tsx(296,11): error TS17004: Cannot use JSX unless the '--jsx' flag is provided.
src/ai-gateway/app/(dashboard)/dashboard/settings/components/MemorySkillsTab.tsx(297,13): error TS17004: Cannot use JSX unless the '--jsx' flag is provided.
src/ai-gateway/app/(dashboard)/dashboard/settings/components/MemorySkillsTab.tsx(298,13): error TS17004: Cannot use JSX unless the '--jsx' flag is provided.
src/ai-gateway/app/(dashboard)/dashboard/settings/components/MemorySkillsTab.tsx(303,13): error TS17004: Cannot use JSX unless the '--jsx' flag is provided.
src/ai-gateway/app/(dashboard)/dashboard/settings/components/MemorySkillsTab.tsx(304,15): error TS17004: Cannot use JSX unless the '--jsx' flag is provided.
src/ai-gateway/app/(dashboard)/dashboard/settings/components/MemorySkillsTab.tsx(309,13): error TS17004: Cannot use JSX unless the '--jsx' flag is provided.
src/ai-gateway/app/(dashboard)/dashboard/settings/components/MemorySkillsTab.tsx(313,9): error TS17004: Cannot use JSX unless the '--jsx' flag is provided.
src/ai-gateway/app/(dashboard)/dashboard/settings/components/MemorySkillsTab.tsx(314,11): error TS17004: Cannot use JSX unless the '--jsx' flag is provided.
src/ai-gateway/app/(dashboard)/dashboard/settings/components/MemorySkillsTab.tsx(315,11): error TS17004: Cannot use JSX unless the '--jsx' flag is provided.
src/ai-gateway/app/(dashboard)/dashboard/settings/components/MemorySkillsTab.tsx(316,13): error TS17004: Cannot use JSX unless the '--jsx' flag is provided.
src/ai-gateway/app/(dashboard)/dashboard/settings/components/MemorySkillsTab.tsx(323,13): error TS17004: Cannot use JSX unless the '--jsx' flag is provided.
src/ai-gateway/app/(dashboard)/dashboard/settings/components/MemorySkillsTab.tsx(331,11): error TS17004: Cannot use JSX unless the '--jsx' flag is provided.
src/ai-gateway/app/(dashboard)/dashboard/settings/components/MemorySkillsTab.tsx(332,35): error TS17004: Cannot use JSX unless the '--jsx' flag is provided.
src/ai-gateway/app/(dashboard)/dashboard/settings/components/ModelAliasesTab.tsx(4,22): error TS2307: Cannot find module '@/shared/components' or its corresponding type declarations.
src/ai-gateway/app/(dashboard)/dashboard/settings/components/ModelAliasesTab.tsx(5,33): error TS2307: Cannot find module 'next-intl' or its corresponding type declarations.
src/ai-gateway/app/(dashboard)/dashboard/settings/components/ModelAliasesTab.tsx(77,5): error TS17004: Cannot use JSX unless the '--jsx' flag is provided.
src/ai-gateway/app/(dashboard)/dashboard/settings/components/ModelAliasesTab.tsx(78,7): error TS17004: Cannot use JSX unless the '--jsx' flag is provided.
src/ai-gateway/app/(dashboard)/dashboard/settings/components/ModelAliasesTab.tsx(79,9): error TS17004: Cannot use JSX unless the '--jsx' flag is provided.
src/ai-gateway/app/(dashboard)/dashboard/settings/components/ModelAliasesTab.tsx(80,11): error TS17004: Cannot use JSX unless the '--jsx' flag is provided.
src/ai-gateway/app/(dashboard)/dashboard/settings/components/ModelAliasesTab.tsx(84,9): error TS17004: Cannot use JSX unless the '--jsx' flag is provided.
src/ai-gateway/app/(dashboard)/dashboard/settings/components/ModelAliasesTab.tsx(85,11): error TS17004: Cannot use JSX unless the '--jsx' flag is provided.
src/ai-gateway/app/(dashboard)/dashboard/settings/components/ModelAliasesTab.tsx(86,11): error TS17004: Cannot use JSX unless the '--jsx' flag is provided.
src/ai-gateway/app/(dashboard)/dashboard/settings/components/ModelAliasesTab.tsx(91,11): error TS17004: Cannot use JSX unless the '--jsx' flag is provided.
src/ai-gateway/app/(dashboard)/dashboard/settings/components/ModelAliasesTab.tsx(92,13): error TS17004: Cannot use JSX unless the '--jsx' flag is provided.
src/ai-gateway/app/(dashboard)/dashboard/settings/components/ModelAliasesTab.tsx(99,7): error TS17004: Cannot use JSX unless the '--jsx' flag is provided.
src/ai-gateway/app/(dashboard)/dashboard/settings/components/ModelAliasesTab.tsx(100,9): error TS17004: Cannot use JSX unless the '--jsx' flag is provided.
src/ai-gateway/app/(dashboard)/dashboard/settings/components/ModelAliasesTab.tsx(101,9): error TS17004: Cannot use JSX unless the '--jsx' flag is provided.
src/ai-gateway/app/(dashboard)/dashboard/settings/components/ModelAliasesTab.tsx(102,11): error TS17004: Cannot use JSX unless the '--jsx' flag is provided.
src/ai-gateway/app/(dashboard)/dashboard/settings/components/ModelAliasesTab.tsx(109,11): error TS17004: Cannot use JSX unless the '--jsx' flag is provided.
src/ai-gateway/app/(dashboard)/dashboard/settings/components/ModelAliasesTab.tsx(110,11): error TS17004: Cannot use JSX unless the '--jsx' flag is provided.
src/ai-gateway/app/(dashboard)/dashboard/settings/components/ModelAliasesTab.tsx(117,11): error TS17004: Cannot use JSX unless the '--jsx' flag is provided.
src/ai-gateway/app/(dashboard)/dashboard/settings/components/ModelAliasesTab.tsx(129,9): error TS17004: Cannot use JSX unless the '--jsx' flag is provided.
src/ai-gateway/app/(dashboard)/dashboard/settings/components/ModelAliasesTab.tsx(130,11): error TS17004: Cannot use JSX unless the '--jsx' flag is provided.
src/ai-gateway/app/(dashboard)/dashboard/settings/components/ModelAliasesTab.tsx(133,11): error TS17004: Cannot use JSX unless the '--jsx' flag is provided.
src/ai-gateway/app/(dashboard)/dashboard/settings/components/ModelAliasesTab.tsx(135,15): error TS17004: Cannot use JSX unless the '--jsx' flag is provided.
src/ai-gateway/app/(dashboard)/dashboard/settings/components/ModelAliasesTab.tsx(136,17): error TS17004: Cannot use JSX unless the '--jsx' flag is provided.
src/ai-gateway/app/(dashboard)/dashboard/settings/components/ModelAliasesTab.tsx(137,17): error TS17004: Cannot use JSX unless the '--jsx' flag is provided.
src/ai-gateway/app/(dashboard)/dashboard/settings/components/ModelAliasesTab.tsx(140,17): error TS17004: Cannot use JSX unless the '--jsx' flag is provided.
src/ai-gateway/app/(dashboard)/dashboard/settings/components/ModelAliasesTab.tsx(141,17): error TS17004: Cannot use JSX unless the '--jsx' flag is provided.
src/ai-gateway/app/(dashboard)/dashboard/settings/components/ModelAliasesTab.tsx(146,19): error TS17004: Cannot use JSX unless the '--jsx' flag is provided.
src/ai-gateway/app/(dashboard)/dashboard/settings/components/ModelAliasesTab.tsx(155,7): error TS17004: Cannot use JSX unless the '--jsx' flag is provided.
src/ai-gateway/app/(dashboard)/dashboard/settings/components/ModelAliasesTab.tsx(156,9): error TS17004: Cannot use JSX unless the '--jsx' flag is provided.
src/ai-gateway/app/(dashboard)/dashboard/settings/components/ModelAliasesTab.tsx(157,11): error TS17004: Cannot use JSX unless the '--jsx' flag is provided.
src/ai-gateway/app/(dashboard)/dashboard/settings/components/ModelAliasesTab.tsx(162,9): error TS17004: Cannot use JSX unless the '--jsx' flag is provided.
src/ai-gateway/app/(dashboard)/dashboard/settings/components/ModelAliasesTab.tsx(164,13): error TS17004: Cannot use JSX unless the '--jsx' flag is provided.
src/ai-gateway/app/(dashboard)/dashboard/settings/components/ModelAliasesTab.tsx(165,15): error TS17004: Cannot use JSX unless the '--jsx' flag is provided.
src/ai-gateway/app/(dashboard)/dashboard/settings/components/ModelAliasesTab.tsx(166,15): error TS17004: Cannot use JSX unless the '--jsx' flag is provided.
src/ai-gateway/app/(dashboard)/dashboard/settings/components/ModelAliasesTab.tsx(169,15): error TS17004: Cannot use JSX unless the '--jsx' flag is provided.
src/ai-gateway/app/(dashboard)/dashboard/settings/components/ModelAliasesTab.tsx(170,15): error TS17004: Cannot use JSX unless the '--jsx' flag is provided.
src/ai-gateway/app/(dashboard)/dashboard/settings/components/ModelsDevSyncTab.tsx(4,22): error TS2307: Cannot find module '@/shared/components' or its corresponding type declarations.
src/ai-gateway/app/(dashboard)/dashboard/settings/components/ModelsDevSyncTab.tsx(5,33): error TS2307: Cannot find module 'next-intl' or its corresponding type declarations.
src/ai-gateway/app/(dashboard)/dashboard/settings/components/ModelsDevSyncTab.tsx(148,7): error TS17004: Cannot use JSX unless the '--jsx' flag is provided.
src/ai-gateway/app/(dashboard)/dashboard/settings/components/ModelsDevSyncTab.tsx(149,9): error TS17004: Cannot use JSX unless the '--jsx' flag is provided.
src/ai-gateway/app/(dashboard)/dashboard/settings/components/ModelsDevSyncTab.tsx(150,11): error TS17004: Cannot use JSX unless the '--jsx' flag is provided.
src/ai-gateway/app/(dashboard)/dashboard/settings/components/ModelsDevSyncTab.tsx(151,13): error TS17004: Cannot use JSX unless the '--jsx' flag is provided.
src/ai-gateway/app/(dashboard)/dashboard/settings/components/ModelsDevSyncTab.tsx(155,11): error TS17004: Cannot use JSX unless the '--jsx' flag is provided.
src/ai-gateway/app/(dashboard)/dashboard/settings/components/ModelsDevSyncTab.tsx(156,13): error TS17004: Cannot use JSX unless the '--jsx' flag is provided.
src/ai-gateway/app/(dashboard)/dashboard/settings/components/ModelsDevSyncTab.tsx(157,13): error TS17004: Cannot use JSX unless the '--jsx' flag is provided.
src/ai-gateway/app/(dashboard)/dashboard/settings/components/ModelsDevSyncTab.tsx(160,9): error TS17004: Cannot use JSX unless the '--jsx' flag is provided.
src/ai-gateway/app/(dashboard)/dashboard/settings/components/ModelsDevSyncTab.tsx(179,5): error TS17004: Cannot use JSX unless the '--jsx' flag is provided.
src/ai-gateway/app/(dashboard)/dashboard/settings/components/ModelsDevSyncTab.tsx(181,7): error TS17004: Cannot use JSX unless the '--jsx' flag is provided.
src/ai-gateway/app/(dashboard)/dashboard/settings/components/ModelsDevSyncTab.tsx(182,9): error TS17004: Cannot use JSX unless the '--jsx' flag is provided.
src/ai-gateway/app/(dashboard)/dashboard/settings/components/ModelsDevSyncTab.tsx(183,11): error TS17004: Cannot use JSX unless the '--jsx' flag is provided.
src/ai-gateway/app/(dashboard)/dashboard/settings/components/ModelsDevSyncTab.tsx(184,13): error TS17004: Cannot use JSX unless the '--jsx' flag is provided.
src/ai-gateway/app/(dashboard)/dashboard/settings/components/ModelsDevSyncTab.tsx(188,11): error TS17004: Cannot use JSX unless the '--jsx' flag is provided.
src/ai-gateway/app/(dashboard)/dashboard/settings/components/ModelsDevSyncTab.tsx(189,13): error TS17004: Cannot use JSX unless the '--jsx' flag is provided.
src/ai-gateway/app/(dashboard)/dashboard/settings/components/ModelsDevSyncTab.tsx(190,13): error TS17004: Cannot use JSX unless the '--jsx' flag is provided.
src/ai-gateway/app/(dashboard)/dashboard/settings/components/ModelsDevSyncTab.tsx(193,13): error TS17004: Cannot use JSX unless the '--jsx' flag is provided.
src/ai-gateway/app/(dashboard)/dashboard/settings/components/ModelsDevSyncTab.tsx(198,15): error TS17004: Cannot use JSX unless the '--jsx' flag is provided.
src/ai-gateway/app/(dashboard)/dashboard/settings/components/ModelsDevSyncTab.tsx(207,9): error TS17004: Cannot use JSX unless the '--jsx' flag is provided.
src/ai-gateway/app/(dashboard)/dashboard/settings/components/ModelsDevSyncTab.tsx(208,11): error TS17004: Cannot use JSX unless the '--jsx' flag is provided.
src/ai-gateway/app/(dashboard)/dashboard/settings/components/ModelsDevSyncTab.tsx(209,13): error TS17004: Cannot use JSX unless the '--jsx' flag is provided.
src/ai-gateway/app/(dashboard)/dashboard/settings/components/ModelsDevSyncTab.tsx(210,13): error TS17004: Cannot use JSX unless the '--jsx' flag is provided.
src/ai-gateway/app/(dashboard)/dashboard/settings/components/ModelsDevSyncTab.tsx(212,11): error TS17004: Cannot use JSX unless the '--jsx' flag is provided.
src/ai-gateway/app/(dashboard)/dashboard/settings/components/ModelsDevSyncTab.tsx(221,13): error TS17004: Cannot use JSX unless the '--jsx' flag is provided.
src/ai-gateway/app/(dashboard)/dashboard/settings/components/ModelsDevSyncTab.tsx(231,11): error TS17004: Cannot use JSX unless the '--jsx' flag is provided.
src/ai-gateway/app/(dashboard)/dashboard/settings/components/ModelsDevSyncTab.tsx(232,13): error TS17004: Cannot use JSX unless the '--jsx' flag is provided.
src/ai-gateway/app/(dashboard)/dashboard/settings/components/ModelsDevSyncTab.tsx(233,15): error TS17004: Cannot use JSX unless the '--jsx' flag is provided.
src/ai-gateway/app/(dashboard)/dashboard/settings/components/ModelsDevSyncTab.tsx(234,15): error TS17004: Cannot use JSX unless the '--jsx' flag is provided.
src/ai-gateway/app/(dashboard)/dashboard/settings/components/ModelsDevSyncTab.tsx(236,13): error TS17004: Cannot use JSX unless the '--jsx' flag is provided.
src/ai-gateway/app/(dashboard)/dashboard/settings/components/ModelsDevSyncTab.tsx(245,13): error TS17004: Cannot use JSX unless the '--jsx' flag is provided.
src/ai-gateway/app/(dashboard)/dashboard/settings/components/ModelsDevSyncTab.tsx(246,15): error TS17004: Cannot use JSX unless the '--jsx' flag is provided.
src/ai-gateway/app/(dashboard)/dashboard/settings/components/ModelsDevSyncTab.tsx(247,15): error TS17004: Cannot use JSX unless the '--jsx' flag is provided.
src/ai-gateway/app/(dashboard)/dashboard/settings/components/ModelsDevSyncTab.tsx(248,15): error TS17004: Cannot use JSX unless the '--jsx' flag is provided.
src/ai-gateway/app/(dashboard)/dashboard/settings/components/ModelsDevSyncTab.tsx(249,15): error TS17004: Cannot use JSX unless the '--jsx' flag is provided.
src/ai-gateway/app/(dashboard)/dashboard/settings/components/ModelsDevSyncTab.tsx(255,9): error TS17004: Cannot use JSX unless the '--jsx' flag is provided.
src/ai-gateway/app/(dashboard)/dashboard/settings/components/ModelsDevSyncTab.tsx(256,11): error TS17004: Cannot use JSX unless the '--jsx' flag is provided.
src/ai-gateway/app/(dashboard)/dashboard/settings/components/ModelsDevSyncTab.tsx(261,13): error TS17004: Cannot use JSX unless the '--jsx' flag is provided.
src/ai-gateway/app/(dashboard)/dashboard/settings/components/ModelsDevSyncTab.tsx(269,13): error TS17004: Cannot use JSX unless the '--jsx' flag is provided.
src/ai-gateway/app/(dashboard)/dashboard/settings/components/ModelsDevSyncTab.tsx(278,9): error TS17004: Cannot use JSX unless the '--jsx' flag is provided.
src/ai-gateway/app/(dashboard)/dashboard/settings/components/ModelsDevSyncTab.tsx(279,11): error TS17004: Cannot use JSX unless the '--jsx' flag is provided.
src/ai-gateway/app/(dashboard)/dashboard/settings/components/ModelsDevSyncTab.tsx(280,13): error TS17004: Cannot use JSX unless the '--jsx' flag is provided.
src/ai-gateway/app/(dashboard)/dashboard/settings/components/ModelsDevSyncTab.tsx(281,15): error TS17004: Cannot use JSX unless the '--jsx' flag is provided.
src/ai-gateway/app/(dashboard)/dashboard/settings/components/ModelsDevSyncTab.tsx(285,13): error TS17004: Cannot use JSX unless the '--jsx' flag is provided.
src/ai-gateway/app/(dashboard)/dashboard/settings/components/ModelsDevSyncTab.tsx(286,15): error TS17004: Cannot use JSX unless the '--jsx' flag is provided.
src/ai-gateway/app/(dashboard)/dashboard/settings/components/ModelsDevSyncTab.tsx(287,15): error TS17004: Cannot use JSX unless the '--jsx' flag is provided.
src/ai-gateway/app/(dashboard)/dashboard/settings/components/ModelsDevSyncTab.tsx(291,11): error TS17004: Cannot use JSX unless the '--jsx' flag is provided.
src/ai-gateway/app/(dashboard)/dashboard/settings/components/ModelsDevSyncTab.tsx(292,13): error TS17004: Cannot use JSX unless the '--jsx' flag is provided.
src/ai-gateway/app/(dashboard)/dashboard/settings/components/ModelsDevSyncTab.tsx(293,15): error TS17004: Cannot use JSX unless the '--jsx' flag is provided.
src/ai-gateway/app/(dashboard)/dashboard/settings/components/ModelsDevSyncTab.tsx(296,15): error TS17004: Cannot use JSX unless the '--jsx' flag is provided.
src/ai-gateway/app/(dashboard)/dashboard/settings/components/ModelsDevSyncTab.tsx(298,13): error TS17004: Cannot use JSX unless the '--jsx' flag is provided.
src/ai-gateway/app/(dashboard)/dashboard/settings/components/ModelsDevSyncTab.tsx(299,15): error TS17004: Cannot use JSX unless the '--jsx' flag is provided.
src/ai-gateway/app/(dashboard)/dashboard/settings/components/ModelsDevSyncTab.tsx(302,15): error TS17004: Cannot use JSX unless the '--jsx' flag is provided.
src/ai-gateway/app/(dashboard)/dashboard/settings/components/ModelsDevSyncTab.tsx(304,13): error TS17004: Cannot use JSX unless the '--jsx' flag is provided.
src/ai-gateway/app/(dashboard)/dashboard/settings/components/ModelsDevSyncTab.tsx(305,15): error TS17004: Cannot use JSX unless the '--jsx' flag is provided.
src/ai-gateway/app/(dashboard)/dashboard/settings/components/ModelsDevSyncTab.tsx(308,15): error TS17004: Cannot use JSX unless the '--jsx' flag is provided.
src/ai-gateway/app/(dashboard)/dashboard/settings/components/ModelsDevSyncTab.tsx(310,13): error TS17004: Cannot use JSX unless the '--jsx' flag is provided.
src/ai-gateway/app/(dashboard)/dashboard/settings/components/ModelsDevSyncTab.tsx(311,15): error TS17004: Cannot use JSX unless the '--jsx' flag is provided.
src/ai-gateway/app/(dashboard)/dashboard/settings/components/ModelsDevSyncTab.tsx(314,15): error TS17004: Cannot use JSX unless the '--jsx' flag is provided.
src/ai-gateway/app/(dashboard)/dashboard/settings/components/ModelsDevSyncTab.tsx(319,13): error TS17004: Cannot use JSX unless the '--jsx' flag is provided.
src/ai-gateway/app/(dashboard)/dashboard/settings/components/ModelsDevSyncTab.tsx(327,7): error TS17004: Cannot use JSX unless the '--jsx' flag is provided.
src/ai-gateway/app/(dashboard)/dashboard/settings/components/ModelsDevSyncTab.tsx(328,9): error TS17004: Cannot use JSX unless the '--jsx' flag is provided.
src/ai-gateway/app/(dashboard)/dashboard/settings/components/ModelsDevSyncTab.tsx(329,11): error TS17004: Cannot use JSX unless the '--jsx' flag is provided.
src/ai-gateway/app/(dashboard)/dashboard/settings/components/ModelsDevSyncTab.tsx(330,13): error TS17004: Cannot use JSX unless the '--jsx' flag is provided.
src/ai-gateway/app/(dashboard)/dashboard/settings/components/ModelsDevSyncTab.tsx(334,11): error TS17004: Cannot use JSX unless the '--jsx' flag is provided.
src/ai-gateway/app/(dashboard)/dashboard/settings/components/ModelsDevSyncTab.tsx(335,13): error TS17004: Cannot use JSX unless the '--jsx' flag is provided.
src/ai-gateway/app/(dashboard)/dashboard/settings/components/ModelsDevSyncTab.tsx(338,9): error TS17004: Cannot use JSX unless the '--jsx' flag is provided.
src/ai-gateway/app/(dashboard)/dashboard/settings/components/ModelsDevSyncTab.tsx(339,11): error TS17004: Cannot use JSX unless the '--jsx' flag is provided.
src/ai-gateway/app/(dashboard)/dashboard/settings/components/ModelsDevSyncTab.tsx(340,11): error TS17004: Cannot use JSX unless the '--jsx' flag is provided.
src/ai-gateway/app/(dashboard)/dashboard/settings/components/ModelsDevSyncTab.tsx(341,11): error TS17004: Cannot use JSX unless the '--jsx' flag is provided.
src/ai-gateway/app/(dashboard)/dashboard/settings/components/PoliciesPanel.tsx(12,42): error TS2307: Cannot find module '@/shared/components' or its corresponding type declarations.
src/ai-gateway/app/(dashboard)/dashboard/settings/components/PoliciesPanel.tsx(13,38): error TS2307: Cannot find module '@/store/notificationStore' or its corresponding type declarations.
src/ai-gateway/app/(dashboard)/dashboard/settings/components/PoliciesPanel.tsx(14,33): error TS2307: Cannot find module 'next-intl' or its corresponding type declarations.
src/ai-gateway/app/(dashboard)/dashboard/settings/components/PoliciesPanel.tsx(49,31): error TS7006: Parameter 'identifier' implicitly has an 'any' type.
src/ai-gateway/app/(dashboard)/dashboard/settings/components/PoliciesPanel.tsx(72,7): error TS17004: Cannot use JSX unless the '--jsx' flag is provided.
src/ai-gateway/app/(dashboard)/dashboard/settings/components/PoliciesPanel.tsx(73,9): error TS17004: Cannot use JSX unless the '--jsx' flag is provided.
src/ai-gateway/app/(dashboard)/dashboard/settings/components/PoliciesPanel.tsx(74,11): error TS17004: Cannot use JSX unless the '--jsx' flag is provided.
src/ai-gateway/app/(dashboard)/dashboard/settings/components/PoliciesPanel.tsx(81,33): error TS2339: Property 'circuitBreakers' does not exist on type 'never'.
src/ai-gateway/app/(dashboard)/dashboard/settings/components/PoliciesPanel.tsx(82,27): error TS2339: Property 'lockedIdentifiers' does not exist on type 'never'.
src/ai-gateway/app/(dashboard)/dashboard/settings/components/PoliciesPanel.tsx(83,43): error TS7006: Parameter 'cb' implicitly has an 'any' type.
src/ai-gateway/app/(dashboard)/dashboard/settings/components/PoliciesPanel.tsx(87,7): error TS17004: Cannot use JSX unless the '--jsx' flag is provided.
src/ai-gateway/app/(dashboard)/dashboard/settings/components/PoliciesPanel.tsx(88,9): error TS17004: Cannot use JSX unless the '--jsx' flag is provided.
src/ai-gateway/app/(dashboard)/dashboard/settings/components/PoliciesPanel.tsx(89,11): error TS17004: Cannot use JSX unless the '--jsx' flag is provided.
src/ai-gateway/app/(dashboard)/dashboard/settings/components/PoliciesPanel.tsx(90,13): error TS17004: Cannot use JSX unless the '--jsx' flag is provided.
src/ai-gateway/app/(dashboard)/dashboard/settings/components/PoliciesPanel.tsx(92,11): error TS17004: Cannot use JSX unless the '--jsx' flag is provided.
src/ai-gateway/app/(dashboard)/dashboard/settings/components/PoliciesPanel.tsx(93,13): error TS17004: Cannot use JSX unless the '--jsx' flag is provided.
src/ai-gateway/app/(dashboard)/dashboard/settings/components/PoliciesPanel.tsx(94,13): error TS17004: Cannot use JSX unless the '--jsx' flag is provided.
src/ai-gateway/app/(dashboard)/dashboard/settings/components/PoliciesPanel.tsx(102,5): error TS17004: Cannot use JSX unless the '--jsx' flag is provided.
src/ai-gateway/app/(dashboard)/dashboard/settings/components/PoliciesPanel.tsx(103,7): error TS17004: Cannot use JSX unless the '--jsx' flag is provided.
src/ai-gateway/app/(dashboard)/dashboard/settings/components/PoliciesPanel.tsx(104,9): error TS17004: Cannot use JSX unless the '--jsx' flag is provided.
src/ai-gateway/app/(dashboard)/dashboard/settings/components/PoliciesPanel.tsx(105,11): error TS17004: Cannot use JSX unless the '--jsx' flag is provided.
src/ai-gateway/app/(dashboard)/dashboard/settings/components/PoliciesPanel.tsx(106,13): error TS17004: Cannot use JSX unless the '--jsx' flag is provided.
src/ai-gateway/app/(dashboard)/dashboard/settings/components/PoliciesPanel.tsx(108,11): error TS17004: Cannot use JSX unless the '--jsx' flag is provided.
src/ai-gateway/app/(dashboard)/dashboard/settings/components/PoliciesPanel.tsx(109,13): error TS17004: Cannot use JSX unless the '--jsx' flag is provided.
src/ai-gateway/app/(dashboard)/dashboard/settings/components/PoliciesPanel.tsx(110,13): error TS17004: Cannot use JSX unless the '--jsx' flag is provided.
src/ai-gateway/app/(dashboard)/dashboard/settings/components/PoliciesPanel.tsx(113,9): error TS17004: Cannot use JSX unless the '--jsx' flag is provided.
src/ai-gateway/app/(dashboard)/dashboard/settings/components/PoliciesPanel.tsx(114,11): error TS17004: Cannot use JSX unless the '--jsx' flag is provided.
src/ai-gateway/app/(dashboard)/dashboard/settings/components/PoliciesPanel.tsx(119,32): error TS7006: Parameter 'cb' implicitly has an 'any' type.
src/ai-gateway/app/(dashboard)/dashboard/settings/components/PoliciesPanel.tsx(120,9): error TS17004: Cannot use JSX unless the '--jsx' flag is provided.
src/ai-gateway/app/(dashboard)/dashboard/settings/components/PoliciesPanel.tsx(121,11): error TS17004: Cannot use JSX unless the '--jsx' flag is provided.
src/ai-gateway/app/(dashboard)/dashboard/settings/components/PoliciesPanel.tsx(122,11): error TS17004: Cannot use JSX unless the '--jsx' flag is provided.
src/ai-gateway/app/(dashboard)/dashboard/settings/components/PoliciesPanel.tsx(124,24): error TS7006: Parameter 'cb' implicitly has an 'any' type.
src/ai-gateway/app/(dashboard)/dashboard/settings/components/PoliciesPanel.tsx(125,21): error TS7006: Parameter 'cb' implicitly has an 'any' type.
src/ai-gateway/app/(dashboard)/dashboard/settings/components/PoliciesPanel.tsx(125,25): error TS7006: Parameter 'i' implicitly has an 'any' type.
src/ai-gateway/app/(dashboard)/dashboard/settings/components/PoliciesPanel.tsx(126,32): error TS7053: Element implicitly has an 'any' type because expression of type 'any' can't be used to index type '{ closed: { icon: string; color: string; label: string; }; "half-open": { icon: string; color: string; label: string; }; open: { icon: string; color: string; label: string; }; }'.
src/ai-gateway/app/(dashboard)/dashboard/settings/components/PoliciesPanel.tsx(128,19): error TS17004: Cannot use JSX unless the '--jsx' flag is provided.
src/ai-gateway/app/(dashboard)/dashboard/settings/components/PoliciesPanel.tsx(132,21): error TS17004: Cannot use JSX unless the '--jsx' flag is provided.
src/ai-gateway/app/(dashboard)/dashboard/settings/components/PoliciesPanel.tsx(133,23): error TS17004: Cannot use JSX unless the '--jsx' flag is provided.
src/ai-gateway/app/(dashboard)/dashboard/settings/components/PoliciesPanel.tsx(139,23): error TS17004: Cannot use JSX unless the '--jsx' flag is provided.
src/ai-gateway/app/(dashboard)/dashboard/settings/components/PoliciesPanel.tsx(142,23): error TS17004: Cannot use JSX unless the '--jsx' flag is provided.
src/ai-gateway/app/(dashboard)/dashboard/settings/components/PoliciesPanel.tsx(152,25): error TS17004: Cannot use JSX unless the '--jsx' flag is provided.
src/ai-gateway/app/(dashboard)/dashboard/settings/components/PoliciesPanel.tsx(164,9): error TS17004: Cannot use JSX unless the '--jsx' flag is provided.
src/ai-gateway/app/(dashboard)/dashboard/settings/components/PoliciesPanel.tsx(165,11): error TS17004: Cannot use JSX unless the '--jsx' flag is provided.
src/ai-gateway/app/(dashboard)/dashboard/settings/components/PoliciesPanel.tsx(166,11): error TS17004: Cannot use JSX unless the '--jsx' flag is provided.
src/ai-gateway/app/(dashboard)/dashboard/settings/components/PoliciesPanel.tsx(167,29): error TS7006: Parameter 'id' implicitly has an 'any' type.
src/ai-gateway/app/(dashboard)/dashboard/settings/components/PoliciesPanel.tsx(167,33): error TS7006: Parameter 'i' implicitly has an 'any' type.
src/ai-gateway/app/(dashboard)/dashboard/settings/components/PoliciesPanel.tsx(170,17): error TS17004: Cannot use JSX unless the '--jsx' flag is provided.
src/ai-gateway/app/(dashboard)/dashboard/settings/components/PoliciesPanel.tsx(174,19): error TS17004: Cannot use JSX unless the '--jsx' flag is provided.
src/ai-gateway/app/(dashboard)/dashboard/settings/components/PoliciesPanel.tsx(175,21): error TS17004: Cannot use JSX unless the '--jsx' flag is provided.
src/ai-gateway/app/(dashboard)/dashboard/settings/components/PoliciesPanel.tsx(176,21): error TS17004: Cannot use JSX unless the '--jsx' flag is provided.
src/ai-gateway/app/(dashboard)/dashboard/settings/components/PoliciesPanel.tsx(178,23): error TS17004: Cannot use JSX unless the '--jsx' flag is provided.
src/ai-gateway/app/(dashboard)/dashboard/settings/components/PoliciesPanel.tsx(183,19): error TS17004: Cannot use JSX unless the '--jsx' flag is provided.
src/ai-gateway/app/(dashboard)/dashboard/settings/components/PricingTab.tsx(4,22): error TS2307: Cannot find module '@/shared/components' or its corresponding type declarations.
src/ai-gateway/app/(dashboard)/dashboard/settings/components/PricingTab.tsx(5,33): error TS2307: Cannot find module 'next-intl' or its corresponding type declarations.
src/ai-gateway/app/(dashboard)/dashboard/settings/components/PricingTab.tsx(55,23): error TS7053: Element implicitly has an 'any' type because expression of type 'string' can't be used to index type '{}'.
  No index signature with a parameter of type 'string' was found on type '{}'.
src/ai-gateway/app/(dashboard)/dashboard/settings/components/PricingTab.tsx(55,56): error TS7053: Element implicitly has an 'any' type because expression of type 'string' can't be used to index type '{}'.
  No index signature with a parameter of type 'string' was found on type '{}'.
src/ai-gateway/app/(dashboard)/dashboard/settings/components/PricingTab.tsx(69,24): error TS7006: Parameter 'm' implicitly has an 'any' type.
src/ai-gateway/app/(dashboard)/dashboard/settings/components/PricingTab.tsx(87,39): error TS7006: Parameter 'alias' implicitly has an 'any' type.
src/ai-gateway/app/(dashboard)/dashboard/settings/components/PricingTab.tsx(96,44): error TS7006: Parameter 'provider' implicitly has an 'any' type.
src/ai-gateway/app/(dashboard)/dashboard/settings/components/PricingTab.tsx(96,54): error TS7006: Parameter 'model' implicitly has an 'any' type.
src/ai-gateway/app/(dashboard)/dashboard/settings/components/PricingTab.tsx(96,61): error TS7006: Parameter 'field' implicitly has an 'any' type.
src/ai-gateway/app/(dashboard)/dashboard/settings/components/PricingTab.tsx(96,68): error TS7006: Parameter 'value' implicitly has an 'any' type.
src/ai-gateway/app/(dashboard)/dashboard/settings/components/PricingTab.tsx(102,12): error TS7053: Element implicitly has an 'any' type because expression of type 'any' can't be used to index type '{}'.
src/ai-gateway/app/(dashboard)/dashboard/settings/components/PricingTab.tsx(102,28): error TS7053: Element implicitly has an 'any' type because expression of type 'any' can't be used to index type '{}'.
src/ai-gateway/app/(dashboard)/dashboard/settings/components/PricingTab.tsx(103,12): error TS7053: Element implicitly has an 'any' type because expression of type 'any' can't be used to index type '{}'.
src/ai-gateway/app/(dashboard)/dashboard/settings/components/PricingTab.tsx(104,9): error TS7053: Element implicitly has an 'any' type because expression of type 'any' can't be used to index type '{}'.
src/ai-gateway/app/(dashboard)/dashboard/settings/components/PricingTab.tsx(105,7): error TS7053: Element implicitly has an 'any' type because expression of type 'any' can't be used to index type '{}'.
src/ai-gateway/app/(dashboard)/dashboard/settings/components/PricingTab.tsx(105,36): error TS7053: Element implicitly has an 'any' type because expression of type 'any' can't be used to index type '{}'.
src/ai-gateway/app/(dashboard)/dashboard/settings/components/PricingTab.tsx(112,12): error TS7006: Parameter 'providerAlias' implicitly has an 'any' type.
src/ai-gateway/app/(dashboard)/dashboard/settings/components/PricingTab.tsx(116,33): error TS7053: Element implicitly has an 'any' type because expression of type 'any' can't be used to index type '{}'.
src/ai-gateway/app/(dashboard)/dashboard/settings/components/PricingTab.tsx(136,48): error TS18046: 'error' is of type 'unknown'.
src/ai-gateway/app/(dashboard)/dashboard/settings/components/PricingTab.tsx(145,12): error TS7006: Parameter 'providerAlias' implicitly has an 'any' type.
src/ai-gateway/app/(dashboard)/dashboard/settings/components/PricingTab.tsx(163,49): error TS18046: 'error' is of type 'unknown'.
src/ai-gateway/app/(dashboard)/dashboard/settings/components/PricingTab.tsx(169,45): error TS7006: Parameter 'alias' implicitly has an 'any' type.
src/ai-gateway/app/(dashboard)/dashboard/settings/components/PricingTab.tsx(183,7): error TS17004: Cannot use JSX unless the '--jsx' flag is provided.
src/ai-gateway/app/(dashboard)/dashboard/settings/components/PricingTab.tsx(184,9): error TS17004: Cannot use JSX unless the '--jsx' flag is provided.
src/ai-gateway/app/(dashboard)/dashboard/settings/components/PricingTab.tsx(190,5): error TS17004: Cannot use JSX unless the '--jsx' flag is provided.
src/ai-gateway/app/(dashboard)/dashboard/settings/components/PricingTab.tsx(192,7): error TS17004: Cannot use JSX unless the '--jsx' flag is provided.
src/ai-gateway/app/(dashboard)/dashboard/settings/components/PricingTab.tsx(193,9): error TS17004: Cannot use JSX unless the '--jsx' flag is provided.
src/ai-gateway/app/(dashboard)/dashboard/settings/components/PricingTab.tsx(194,11): error TS17004: Cannot use JSX unless the '--jsx' flag is provided.
src/ai-gateway/app/(dashboard)/dashboard/settings/components/PricingTab.tsx(195,11): error TS17004: Cannot use JSX unless the '--jsx' flag is provided.
src/ai-gateway/app/(dashboard)/dashboard/settings/components/PricingTab.tsx(197,9): error TS17004: Cannot use JSX unless the '--jsx' flag is provided.
src/ai-gateway/app/(dashboard)/dashboard/settings/components/PricingTab.tsx(198,11): error TS17004: Cannot use JSX unless the '--jsx' flag is provided.
src/ai-gateway/app/(dashboard)/dashboard/settings/components/PricingTab.tsx(199,13): error TS17004: Cannot use JSX unless the '--jsx' flag is provided.
src/ai-gateway/app/(dashboard)/dashboard/settings/components/PricingTab.tsx(200,13): error TS17004: Cannot use JSX unless the '--jsx' flag is provided.
src/ai-gateway/app/(dashboard)/dashboard/settings/components/PricingTab.tsx(202,11): error TS17004: Cannot use JSX unless the '--jsx' flag is provided.
src/ai-gateway/app/(dashboard)/dashboard/settings/components/PricingTab.tsx(203,13): error TS17004: Cannot use JSX unless the '--jsx' flag is provided.
src/ai-gateway/app/(dashboard)/dashboard/settings/components/PricingTab.tsx(204,13): error TS17004: Cannot use JSX unless the '--jsx' flag is provided.
src/ai-gateway/app/(dashboard)/dashboard/settings/components/PricingTab.tsx(206,11): error TS17004: Cannot use JSX unless the '--jsx' flag is provided.
src/ai-gateway/app/(dashboard)/dashboard/settings/components/PricingTab.tsx(207,13): error TS17004: Cannot use JSX unless the '--jsx' flag is provided.
src/ai-gateway/app/(dashboard)/dashboard/settings/components/PricingTab.tsx(208,13): error TS17004: Cannot use JSX unless the '--jsx' flag is provided.
src/ai-gateway/app/(dashboard)/dashboard/settings/components/PricingTab.tsx(215,9): error TS17004: Cannot use JSX unless the '--jsx' flag is provided.
src/ai-gateway/app/(dashboard)/dashboard/settings/components/PricingTab.tsx(221,7): error TS17004: Cannot use JSX unless the '--jsx' flag is provided.
src/ai-gateway/app/(dashboard)/dashboard/settings/components/PricingTab.tsx(222,9): error TS17004: Cannot use JSX unless the '--jsx' flag is provided.
src/ai-gateway/app/(dashboard)/dashboard/settings/components/PricingTab.tsx(223,11): error TS17004: Cannot use JSX unless the '--jsx' flag is provided.
src/ai-gateway/app/(dashboard)/dashboard/settings/components/PricingTab.tsx(226,11): error TS17004: Cannot use JSX unless the '--jsx' flag is provided.
src/ai-gateway/app/(dashboard)/dashboard/settings/components/PricingTab.tsx(235,11): error TS17004: Cannot use JSX unless the '--jsx' flag is provided.
src/ai-gateway/app/(dashboard)/dashboard/settings/components/PricingTab.tsx(239,13): error TS17004: Cannot use JSX unless the '--jsx' flag is provided.
src/ai-gateway/app/(dashboard)/dashboard/settings/components/PricingTab.tsx(240,31): error TS2339: Property 'toUpperCase' does not exist on type 'never'.
src/ai-gateway/app/(dashboard)/dashboard/settings/components/PricingTab.tsx(246,7): error TS17004: Cannot use JSX unless the '--jsx' flag is provided.
src/ai-gateway/app/(dashboard)/dashboard/settings/components/PricingTab.tsx(248,11): error TS17004: Cannot use JSX unless the '--jsx' flag is provided.
src/ai-gateway/app/(dashboard)/dashboard/settings/components/PricingTab.tsx(259,37): error TS17004: Cannot use JSX unless the '--jsx' flag is provided.
src/ai-gateway/app/(dashboard)/dashboard/settings/components/PricingTab.tsx(265,7): error TS17004: Cannot use JSX unless the '--jsx' flag is provided.
src/ai-gateway/app/(dashboard)/dashboard/settings/components/PricingTab.tsx(267,11): error TS17004: Cannot use JSX unless the '--jsx' flag is provided.
src/ai-gateway/app/(dashboard)/dashboard/settings/components/PricingTab.tsx(270,26): error TS7053: Element implicitly has an 'any' type because expression of type 'any' can't be used to index type '{}'.
src/ai-gateway/app/(dashboard)/dashboard/settings/components/PricingTab.tsx(274,31): error TS7006: Parameter 'model' implicitly has an 'any' type.
src/ai-gateway/app/(dashboard)/dashboard/settings/components/PricingTab.tsx(274,38): error TS7006: Parameter 'field' implicitly has an 'any' type.
src/ai-gateway/app/(dashboard)/dashboard/settings/components/PricingTab.tsx(274,45): error TS7006: Parameter 'value' implicitly has an 'any' type.
src/ai-gateway/app/(dashboard)/dashboard/settings/components/PricingTab.tsx(284,11): error TS17004: Cannot use JSX unless the '--jsx' flag is provided.
src/ai-gateway/app/(dashboard)/dashboard/settings/components/PricingTab.tsx(289,7): error TS17004: Cannot use JSX unless the '--jsx' flag is provided.
src/ai-gateway/app/(dashboard)/dashboard/settings/components/PricingTab.tsx(290,9): error TS17004: Cannot use JSX unless the '--jsx' flag is provided.
src/ai-gateway/app/(dashboard)/dashboard/settings/components/PricingTab.tsx(291,11): error TS17004: Cannot use JSX unless the '--jsx' flag is provided.
src/ai-gateway/app/(dashboard)/dashboard/settings/components/PricingTab.tsx(294,9): error TS17004: Cannot use JSX unless the '--jsx' flag is provided.
src/ai-gateway/app/(dashboard)/dashboard/settings/components/PricingTab.tsx(295,11): error TS17004: Cannot use JSX unless the '--jsx' flag is provided.
src/ai-gateway/app/(dashboard)/dashboard/settings/components/PricingTab.tsx(299,11): error TS17004: Cannot use JSX unless the '--jsx' flag is provided.
src/ai-gateway/app/(dashboard)/dashboard/settings/components/PricingTab.tsx(309,3): error TS7031: Binding element 'provider' implicitly has an 'any' type.
src/ai-gateway/app/(dashboard)/dashboard/settings/components/PricingTab.tsx(310,3): error TS7031: Binding element 'pricingData' implicitly has an 'any' type.
src/ai-gateway/app/(dashboard)/dashboard/settings/components/PricingTab.tsx(311,3): error TS7031: Binding element 'isExpanded' implicitly has an 'any' type.
src/ai-gateway/app/(dashboard)/dashboard/settings/components/PricingTab.tsx(312,3): error TS7031: Binding element 'isEdited' implicitly has an 'any' type.
src/ai-gateway/app/(dashboard)/dashboard/settings/components/PricingTab.tsx(313,3): error TS7031: Binding element 'onToggle' implicitly has an 'any' type.
src/ai-gateway/app/(dashboard)/dashboard/settings/components/PricingTab.tsx(314,3): error TS7031: Binding element 'onPricingChange' implicitly has an 'any' type.
src/ai-gateway/app/(dashboard)/dashboard/settings/components/PricingTab.tsx(315,3): error TS7031: Binding element 'onSave' implicitly has an 'any' type.
src/ai-gateway/app/(dashboard)/dashboard/settings/components/PricingTab.tsx(316,3): error TS7031: Binding element 'onReset' implicitly has an 'any' type.
src/ai-gateway/app/(dashboard)/dashboard/settings/components/PricingTab.tsx(317,3): error TS7031: Binding element 'saving' implicitly has an 'any' type.
src/ai-gateway/app/(dashboard)/dashboard/settings/components/PricingTab.tsx(330,5): error TS17004: Cannot use JSX unless the '--jsx' flag is provided.
src/ai-gateway/app/(dashboard)/dashboard/settings/components/PricingTab.tsx(336,7): error TS17004: Cannot use JSX unless the '--jsx' flag is provided.
src/ai-gateway/app/(dashboard)/dashboard/settings/components/PricingTab.tsx(340,9): error TS17004: Cannot use JSX unless the '--jsx' flag is provided.
src/ai-gateway/app/(dashboard)/dashboard/settings/components/PricingTab.tsx(341,11): error TS17004: Cannot use JSX unless the '--jsx' flag is provided.
src/ai-gateway/app/(dashboard)/dashboard/settings/components/PricingTab.tsx(348,11): error TS17004: Cannot use JSX unless the '--jsx' flag is provided.
src/ai-gateway/app/(dashboard)/dashboard/settings/components/PricingTab.tsx(349,13): error TS17004: Cannot use JSX unless the '--jsx' flag is provided.
src/ai-gateway/app/(dashboard)/dashboard/settings/components/PricingTab.tsx(352,13): error TS17004: Cannot use JSX unless the '--jsx' flag is provided.
src/ai-gateway/app/(dashboard)/dashboard/settings/components/PricingTab.tsx(354,11): error TS17004: Cannot use JSX unless the '--jsx' flag is provided.
src/ai-gateway/app/(dashboard)/dashboard/settings/components/PricingTab.tsx(357,11): error TS17004: Cannot use JSX unless the '--jsx' flag is provided.
src/ai-gateway/app/(dashboard)/dashboard/settings/components/PricingTab.tsx(361,9): error TS17004: Cannot use JSX unless the '--jsx' flag is provided.
src/ai-gateway/app/(dashboard)/dashboard/settings/components/PricingTab.tsx(362,24): error TS17004: Cannot use JSX unless the '--jsx' flag is provided.
src/ai-gateway/app/(dashboard)/dashboard/settings/components/PricingTab.tsx(363,11): error TS17004: Cannot use JSX unless the '--jsx' flag is provided.
src/ai-gateway/app/(dashboard)/dashboard/settings/components/PricingTab.tsx(366,11): error TS17004: Cannot use JSX unless the '--jsx' flag is provided.
src/ai-gateway/app/(dashboard)/dashboard/settings/components/PricingTab.tsx(367,13): error TS17004: Cannot use JSX unless the '--jsx' flag is provided.
src/ai-gateway/app/(dashboard)/dashboard/settings/components/PricingTab.tsx(383,9): error TS17004: Cannot use JSX unless the '--jsx' flag is provided.
src/ai-gateway/app/(dashboard)/dashboard/settings/components/PricingTab.tsx(385,11): error TS17004: Cannot use JSX unless the '--jsx' flag is provided.
src/ai-gateway/app/(dashboard)/dashboard/settings/components/PricingTab.tsx(386,13): error TS17004: Cannot use JSX unless the '--jsx' flag is provided.
src/ai-gateway/app/(dashboard)/dashboard/settings/components/PricingTab.tsx(389,13): error TS17004: Cannot use JSX unless the '--jsx' flag is provided.
src/ai-gateway/app/(dashboard)/dashboard/settings/components/PricingTab.tsx(390,15): error TS17004: Cannot use JSX unless the '--jsx' flag is provided.
src/ai-gateway/app/(dashboard)/dashboard/settings/components/PricingTab.tsx(399,15): error TS17004: Cannot use JSX unless the '--jsx' flag is provided.
src/ai-gateway/app/(dashboard)/dashboard/settings/components/PricingTab.tsx(413,11): error TS17004: Cannot use JSX unless the '--jsx' flag is provided.
src/ai-gateway/app/(dashboard)/dashboard/settings/components/PricingTab.tsx(414,13): error TS17004: Cannot use JSX unless the '--jsx' flag is provided.
src/ai-gateway/app/(dashboard)/dashboard/settings/components/PricingTab.tsx(415,15): error TS17004: Cannot use JSX unless the '--jsx' flag is provided.
src/ai-gateway/app/(dashboard)/dashboard/settings/components/PricingTab.tsx(416,17): error TS17004: Cannot use JSX unless the '--jsx' flag is provided.
src/ai-gateway/app/(dashboard)/dashboard/settings/components/PricingTab.tsx(417,19): error TS17004: Cannot use JSX unless the '--jsx' flag is provided.
src/ai-gateway/app/(dashboard)/dashboard/settings/components/PricingTab.tsx(419,21): error TS17004: Cannot use JSX unless the '--jsx' flag is provided.
src/ai-gateway/app/(dashboard)/dashboard/settings/components/PricingTab.tsx(425,15): error TS17004: Cannot use JSX unless the '--jsx' flag is provided.
src/ai-gateway/app/(dashboard)/dashboard/settings/components/PricingTab.tsx(426,39): error TS7006: Parameter 'model' implicitly has an 'any' type.
src/ai-gateway/app/(dashboard)/dashboard/settings/components/PricingTab.tsx(427,19): error TS17004: Cannot use JSX unless the '--jsx' flag is provided.
src/ai-gateway/app/(dashboard)/dashboard/settings/components/PricingTab.tsx(431,39): error TS7006: Parameter 'field' implicitly has an 'any' type.
src/ai-gateway/app/(dashboard)/dashboard/settings/components/PricingTab.tsx(431,46): error TS7006: Parameter 'value' implicitly has an 'any' type.
src/ai-gateway/app/(dashboard)/dashboard/settings/components/PricingTab.tsx(445,21): error TS7031: Binding element 'model' implicitly has an 'any' type.
src/ai-gateway/app/(dashboard)/dashboard/settings/components/PricingTab.tsx(445,28): error TS7031: Binding element 'pricing' implicitly has an 'any' type.
src/ai-gateway/app/(dashboard)/dashboard/settings/components/PricingTab.tsx(445,37): error TS7031: Binding element 'onPricingChange' implicitly has an 'any' type.
src/ai-gateway/app/(dashboard)/dashboard/settings/components/PricingTab.tsx(450,5): error TS17004: Cannot use JSX unless the '--jsx' flag is provided.
src/ai-gateway/app/(dashboard)/dashboard/settings/components/PricingTab.tsx(451,7): error TS17004: Cannot use JSX unless the '--jsx' flag is provided.
src/ai-gateway/app/(dashboard)/dashboard/settings/components/PricingTab.tsx(452,9): error TS17004: Cannot use JSX unless the '--jsx' flag is provided.
src/ai-gateway/app/(dashboard)/dashboard/settings/components/PricingTab.tsx(453,11): error TS17004: Cannot use JSX unless the '--jsx' flag is provided.
src/ai-gateway/app/(dashboard)/dashboard/settings/components/PricingTab.tsx(456,11): error TS17004: Cannot use JSX unless the '--jsx' flag is provided.
src/ai-gateway/app/(dashboard)/dashboard/settings/components/PricingTab.tsx(458,13): error TS17004: Cannot use JSX unless the '--jsx' flag is provided.
src/ai-gateway/app/(dashboard)/dashboard/settings/components/PricingTab.tsx(462,11): error TS17004: Cannot use JSX unless the '--jsx' flag is provided.
src/ai-gateway/app/(dashboard)/dashboard/settings/components/PricingTab.tsx(468,9): error TS17004: Cannot use JSX unless the '--jsx' flag is provided.
src/ai-gateway/app/(dashboard)/dashboard/settings/components/PricingTab.tsx(469,11): error TS17004: Cannot use JSX unless the '--jsx' flag is provided.
src/ai-gateway/app/(dashboard)/dashboard/settings/components/ProxyRegistryManager.tsx(4,37): error TS2307: Cannot find module '@/shared/components' or its corresponding type declarations.
src/ai-gateway/app/(dashboard)/dashboard/settings/components/ProxyRegistryManager.tsx(386,5): error TS17004: Cannot use JSX unless the '--jsx' flag is provided.
src/ai-gateway/app/(dashboard)/dashboard/settings/components/ProxyRegistryManager.tsx(387,7): error TS17004: Cannot use JSX unless the '--jsx' flag is provided.
src/ai-gateway/app/(dashboard)/dashboard/settings/components/ProxyRegistryManager.tsx(388,9): error TS17004: Cannot use JSX unless the '--jsx' flag is provided.
src/ai-gateway/app/(dashboard)/dashboard/settings/components/ProxyRegistryManager.tsx(389,11): error TS17004: Cannot use JSX unless the '--jsx' flag is provided.
src/ai-gateway/app/(dashboard)/dashboard/settings/components/ProxyRegistryManager.tsx(390,13): error TS17004: Cannot use JSX unless the '--jsx' flag is provided.
src/ai-gateway/app/(dashboard)/dashboard/settings/components/ProxyRegistryManager.tsx(391,13): error TS17004: Cannot use JSX unless the '--jsx' flag is provided.
src/ai-gateway/app/(dashboard)/dashboard/settings/components/ProxyRegistryManager.tsx(393,11): error TS17004: Cannot use JSX unless the '--jsx' flag is provided.
src/ai-gateway/app/(dashboard)/dashboard/settings/components/ProxyRegistryManager.tsx(394,13): error TS17004: Cannot use JSX unless the '--jsx' flag is provided.
src/ai-gateway/app/(dashboard)/dashboard/settings/components/ProxyRegistryManager.tsx(404,13): error TS17004: Cannot use JSX unless the '--jsx' flag is provided.
src/ai-gateway/app/(dashboard)/dashboard/settings/components/ProxyRegistryManager.tsx(413,13): error TS17004: Cannot use JSX unless the '--jsx' flag is provided.
src/ai-gateway/app/(dashboard)/dashboard/settings/components/ProxyRegistryManager.tsx(425,11): error TS17004: Cannot use JSX unless the '--jsx' flag is provided.
src/ai-gateway/app/(dashboard)/dashboard/settings/components/ProxyRegistryManager.tsx(431,11): error TS17004: Cannot use JSX unless the '--jsx' flag is provided.
src/ai-gateway/app/(dashboard)/dashboard/settings/components/ProxyRegistryManager.tsx(433,11): error TS17004: Cannot use JSX unless the '--jsx' flag is provided.
src/ai-gateway/app/(dashboard)/dashboard/settings/components/ProxyRegistryManager.tsx(435,11): error TS17004: Cannot use JSX unless the '--jsx' flag is provided.
src/ai-gateway/app/(dashboard)/dashboard/settings/components/ProxyRegistryManager.tsx(436,13): error TS17004: Cannot use JSX unless the '--jsx' flag is provided.
src/ai-gateway/app/(dashboard)/dashboard/settings/components/ProxyRegistryManager.tsx(437,15): error TS17004: Cannot use JSX unless the '--jsx' flag is provided.
src/ai-gateway/app/(dashboard)/dashboard/settings/components/ProxyRegistryManager.tsx(438,17): error TS17004: Cannot use JSX unless the '--jsx' flag is provided.
src/ai-gateway/app/(dashboard)/dashboard/settings/components/ProxyRegistryManager.tsx(439,19): error TS17004: Cannot use JSX unless the '--jsx' flag is provided.
src/ai-gateway/app/(dashboard)/dashboard/settings/components/ProxyRegistryManager.tsx(440,19): error TS17004: Cannot use JSX unless the '--jsx' flag is provided.
src/ai-gateway/app/(dashboard)/dashboard/settings/components/ProxyRegistryManager.tsx(441,19): error TS17004: Cannot use JSX unless the '--jsx' flag is provided.
src/ai-gateway/app/(dashboard)/dashboard/settings/components/ProxyRegistryManager.tsx(442,19): error TS17004: Cannot use JSX unless the '--jsx' flag is provided.
src/ai-gateway/app/(dashboard)/dashboard/settings/components/ProxyRegistryManager.tsx(443,19): error TS17004: Cannot use JSX unless the '--jsx' flag is provided.
src/ai-gateway/app/(dashboard)/dashboard/settings/components/ProxyRegistryManager.tsx(444,19): error TS17004: Cannot use JSX unless the '--jsx' flag is provided.
src/ai-gateway/app/(dashboard)/dashboard/settings/components/ProxyRegistryManager.tsx(447,15): error TS17004: Cannot use JSX unless the '--jsx' flag is provided.
src/ai-gateway/app/(dashboard)/dashboard/settings/components/ProxyRegistryManager.tsx(452,21): error TS17004: Cannot use JSX unless the '--jsx' flag is provided.
src/ai-gateway/app/(dashboard)/dashboard/settings/components/ProxyRegistryManager.tsx(453,23): error TS17004: Cannot use JSX unless the '--jsx' flag is provided.
src/ai-gateway/app/(dashboard)/dashboard/settings/components/ProxyRegistryManager.tsx(454,25): error TS17004: Cannot use JSX unless the '--jsx' flag is provided.
src/ai-gateway/app/(dashboard)/dashboard/settings/components/ProxyRegistryManager.tsx(456,27): error TS17004: Cannot use JSX unless the '--jsx' flag is provided.
src/ai-gateway/app/(dashboard)/dashboard/settings/components/ProxyRegistryManager.tsx(459,23): error TS17004: Cannot use JSX unless the '--jsx' flag is provided.
src/ai-gateway/app/(dashboard)/dashboard/settings/components/ProxyRegistryManager.tsx(462,23): error TS17004: Cannot use JSX unless the '--jsx' flag is provided.
src/ai-gateway/app/(dashboard)/dashboard/settings/components/ProxyRegistryManager.tsx(463,25): error TS17004: Cannot use JSX unless the '--jsx' flag is provided.
src/ai-gateway/app/(dashboard)/dashboard/settings/components/ProxyRegistryManager.tsx(467,23): error TS17004: Cannot use JSX unless the '--jsx' flag is provided.
src/ai-gateway/app/(dashboard)/dashboard/settings/components/ProxyRegistryManager.tsx(468,25): error TS17004: Cannot use JSX unless the '--jsx' flag is provided.
src/ai-gateway/app/(dashboard)/dashboard/settings/components/ProxyRegistryManager.tsx(471,31): error TS17004: Cannot use JSX unless the '--jsx' flag is provided.
src/ai-gateway/app/(dashboard)/dashboard/settings/components/ProxyRegistryManager.tsx(472,33): error TS17004: Cannot use JSX unless the '--jsx' flag is provided.
src/ai-gateway/app/(dashboard)/dashboard/settings/components/ProxyRegistryManager.tsx(476,35): error TS17004: Cannot use JSX unless the '--jsx' flag is provided.
src/ai-gateway/app/(dashboard)/dashboard/settings/components/ProxyRegistryManager.tsx(480,31): error TS17004: Cannot use JSX unless the '--jsx' flag is provided.
src/ai-gateway/app/(dashboard)/dashboard/settings/components/ProxyRegistryManager.tsx(485,29): error TS17004: Cannot use JSX unless the '--jsx' flag is provided.
src/ai-gateway/app/(dashboard)/dashboard/settings/components/ProxyRegistryManager.tsx(486,31): error TS17004: Cannot use JSX unless the '--jsx' flag is provided.
src/ai-gateway/app/(dashboard)/dashboard/settings/components/ProxyRegistryManager.tsx(487,31): error TS17004: Cannot use JSX unless the '--jsx' flag is provided.
src/ai-gateway/app/(dashboard)/dashboard/settings/components/ProxyRegistryManager.tsx(490,29): error TS17004: Cannot use JSX unless the '--jsx' flag is provided.
src/ai-gateway/app/(dashboard)/dashboard/settings/components/ProxyRegistryManager.tsx(494,23): error TS17004: Cannot use JSX unless the '--jsx' flag is provided.
src/ai-gateway/app/(dashboard)/dashboard/settings/components/ProxyRegistryManager.tsx(499,23): error TS17004: Cannot use JSX unless the '--jsx' flag is provided.
src/ai-gateway/app/(dashboard)/dashboard/settings/components/ProxyRegistryManager.tsx(500,25): error TS17004: Cannot use JSX unless the '--jsx' flag is provided.
src/ai-gateway/app/(dashboard)/dashboard/settings/components/ProxyRegistryManager.tsx(501,27): error TS17004: Cannot use JSX unless the '--jsx' flag is provided.
src/ai-gateway/app/(dashboard)/dashboard/settings/components/ProxyRegistryManager.tsx(510,27): error TS17004: Cannot use JSX unless the '--jsx' flag is provided.
src/ai-gateway/app/(dashboard)/dashboard/settings/components/ProxyRegistryManager.tsx(518,27): error TS17004: Cannot use JSX unless the '--jsx' flag is provided.
src/ai-gateway/app/(dashboard)/dashboard/settings/components/ProxyRegistryManager.tsx(538,7): error TS17004: Cannot use JSX unless the '--jsx' flag is provided.
src/ai-gateway/app/(dashboard)/dashboard/settings/components/ProxyRegistryManager.tsx(546,9): error TS17004: Cannot use JSX unless the '--jsx' flag is provided.
src/ai-gateway/app/(dashboard)/dashboard/settings/components/ProxyRegistryManager.tsx(547,11): error TS17004: Cannot use JSX unless the '--jsx' flag is provided.
src/ai-gateway/app/(dashboard)/dashboard/settings/components/ProxyRegistryManager.tsx(548,13): error TS17004: Cannot use JSX unless the '--jsx' flag is provided.
src/ai-gateway/app/(dashboard)/dashboard/settings/components/ProxyRegistryManager.tsx(549,15): error TS17004: Cannot use JSX unless the '--jsx' flag is provided.
src/ai-gateway/app/(dashboard)/dashboard/settings/components/ProxyRegistryManager.tsx(550,15): error TS17004: Cannot use JSX unless the '--jsx' flag is provided.
src/ai-gateway/app/(dashboard)/dashboard/settings/components/ProxyRegistryManager.tsx(557,13): error TS17004: Cannot use JSX unless the '--jsx' flag is provided.
src/ai-gateway/app/(dashboard)/dashboard/settings/components/ProxyRegistryManager.tsx(558,15): error TS17004: Cannot use JSX unless the '--jsx' flag is provided.
src/ai-gateway/app/(dashboard)/dashboard/settings/components/ProxyRegistryManager.tsx(559,15): error TS17004: Cannot use JSX unless the '--jsx' flag is provided.
src/ai-gateway/app/(dashboard)/dashboard/settings/components/ProxyRegistryManager.tsx(564,17): error TS17004: Cannot use JSX unless the '--jsx' flag is provided.
src/ai-gateway/app/(dashboard)/dashboard/settings/components/ProxyRegistryManager.tsx(565,17): error TS17004: Cannot use JSX unless the '--jsx' flag is provided.
src/ai-gateway/app/(dashboard)/dashboard/settings/components/ProxyRegistryManager.tsx(566,17): error TS17004: Cannot use JSX unless the '--jsx' flag is provided.
src/ai-gateway/app/(dashboard)/dashboard/settings/components/ProxyRegistryManager.tsx(569,13): error TS17004: Cannot use JSX unless the '--jsx' flag is provided.
src/ai-gateway/app/(dashboard)/dashboard/settings/components/ProxyRegistryManager.tsx(570,15): error TS17004: Cannot use JSX unless the '--jsx' flag is provided.
src/ai-gateway/app/(dashboard)/dashboard/settings/components/ProxyRegistryManager.tsx(571,15): error TS17004: Cannot use JSX unless the '--jsx' flag is provided.
src/ai-gateway/app/(dashboard)/dashboard/settings/components/ProxyRegistryManager.tsx(578,13): error TS17004: Cannot use JSX unless the '--jsx' flag is provided.
src/ai-gateway/app/(dashboard)/dashboard/settings/components/ProxyRegistryManager.tsx(579,15): error TS17004: Cannot use JSX unless the '--jsx' flag is provided.
src/ai-gateway/app/(dashboard)/dashboard/settings/components/ProxyRegistryManager.tsx(580,15): error TS17004: Cannot use JSX unless the '--jsx' flag is provided.
src/ai-gateway/app/(dashboard)/dashboard/settings/components/ProxyRegistryManager.tsx(586,13): error TS17004: Cannot use JSX unless the '--jsx' flag is provided.
src/ai-gateway/app/(dashboard)/dashboard/settings/components/ProxyRegistryManager.tsx(587,15): error TS17004: Cannot use JSX unless the '--jsx' flag is provided.
src/ai-gateway/app/(dashboard)/dashboard/settings/components/ProxyRegistryManager.tsx(588,15): error TS17004: Cannot use JSX unless the '--jsx' flag is provided.
src/ai-gateway/app/(dashboard)/dashboard/settings/components/ProxyRegistryManager.tsx(595,13): error TS17004: Cannot use JSX unless the '--jsx' flag is provided.
src/ai-gateway/app/(dashboard)/dashboard/settings/components/ProxyRegistryManager.tsx(596,15): error TS17004: Cannot use JSX unless the '--jsx' flag is provided.
src/ai-gateway/app/(dashboard)/dashboard/settings/components/ProxyRegistryManager.tsx(597,15): error TS17004: Cannot use JSX unless the '--jsx' flag is provided.
src/ai-gateway/app/(dashboard)/dashboard/settings/components/ProxyRegistryManager.tsx(605,13): error TS17004: Cannot use JSX unless the '--jsx' flag is provided.
src/ai-gateway/app/(dashboard)/dashboard/settings/components/ProxyRegistryManager.tsx(606,15): error TS17004: Cannot use JSX unless the '--jsx' flag is provided.
src/ai-gateway/app/(dashboard)/dashboard/settings/components/ProxyRegistryManager.tsx(607,15): error TS17004: Cannot use JSX unless the '--jsx' flag is provided.
src/ai-gateway/app/(dashboard)/dashboard/settings/components/ProxyRegistryManager.tsx(613,13): error TS17004: Cannot use JSX unless the '--jsx' flag is provided.
src/ai-gateway/app/(dashboard)/dashboard/settings/components/ProxyRegistryManager.tsx(614,15): error TS17004: Cannot use JSX unless the '--jsx' flag is provided.
src/ai-gateway/app/(dashboard)/dashboard/settings/components/ProxyRegistryManager.tsx(615,15): error TS17004: Cannot use JSX unless the '--jsx' flag is provided.
src/ai-gateway/app/(dashboard)/dashboard/settings/components/ProxyRegistryManager.tsx(620,17): error TS17004: Cannot use JSX unless the '--jsx' flag is provided.
src/ai-gateway/app/(dashboard)/dashboard/settings/components/ProxyRegistryManager.tsx(621,17): error TS17004: Cannot use JSX unless the '--jsx' flag is provided.
src/ai-gateway/app/(dashboard)/dashboard/settings/components/ProxyRegistryManager.tsx(626,11): error TS17004: Cannot use JSX unless the '--jsx' flag is provided.
src/ai-gateway/app/(dashboard)/dashboard/settings/components/ProxyRegistryManager.tsx(627,13): error TS17004: Cannot use JSX unless the '--jsx' flag is provided.
src/ai-gateway/app/(dashboard)/dashboard/settings/components/ProxyRegistryManager.tsx(628,13): error TS17004: Cannot use JSX unless the '--jsx' flag is provided.
src/ai-gateway/app/(dashboard)/dashboard/settings/components/ProxyRegistryManager.tsx(636,11): error TS17004: Cannot use JSX unless the '--jsx' flag is provided.
src/ai-gateway/app/(dashboard)/dashboard/settings/components/ProxyRegistryManager.tsx(637,13): error TS17004: Cannot use JSX unless the '--jsx' flag is provided.
src/ai-gateway/app/(dashboard)/dashboard/settings/components/ProxyRegistryManager.tsx(640,13): error TS17004: Cannot use JSX unless the '--jsx' flag is provided.
src/ai-gateway/app/(dashboard)/dashboard/settings/components/ProxyRegistryManager.tsx(647,7): error TS17004: Cannot use JSX unless the '--jsx' flag is provided.
src/ai-gateway/app/(dashboard)/dashboard/settings/components/ProxyRegistryManager.tsx(655,9): error TS17004: Cannot use JSX unless the '--jsx' flag is provided.
src/ai-gateway/app/(dashboard)/dashboard/settings/components/ProxyRegistryManager.tsx(656,11): error TS17004: Cannot use JSX unless the '--jsx' flag is provided.
src/ai-gateway/app/(dashboard)/dashboard/settings/components/ProxyRegistryManager.tsx(657,13): error TS17004: Cannot use JSX unless the '--jsx' flag is provided.
src/ai-gateway/app/(dashboard)/dashboard/settings/components/ProxyRegistryManager.tsx(658,15): error TS17004: Cannot use JSX unless the '--jsx' flag is provided.
src/ai-gateway/app/(dashboard)/dashboard/settings/components/ProxyRegistryManager.tsx(659,15): error TS17004: Cannot use JSX unless the '--jsx' flag is provided.
src/ai-gateway/app/(dashboard)/dashboard/settings/components/ProxyRegistryManager.tsx(664,17): error TS17004: Cannot use JSX unless the '--jsx' flag is provided.
src/ai-gateway/app/(dashboard)/dashboard/settings/components/ProxyRegistryManager.tsx(665,17): error TS17004: Cannot use JSX unless the '--jsx' flag is provided.
src/ai-gateway/app/(dashboard)/dashboard/settings/components/ProxyRegistryManager.tsx(666,17): error TS17004: Cannot use JSX unless the '--jsx' flag is provided.
src/ai-gateway/app/(dashboard)/dashboard/settings/components/ProxyRegistryManager.tsx(667,17): error TS17004: Cannot use JSX unless the '--jsx' flag is provided.
src/ai-gateway/app/(dashboard)/dashboard/settings/components/ProxyRegistryManager.tsx(670,13): error TS17004: Cannot use JSX unless the '--jsx' flag is provided.
src/ai-gateway/app/(dashboard)/dashboard/settings/components/ProxyRegistryManager.tsx(671,15): error TS17004: Cannot use JSX unless the '--jsx' flag is provided.
src/ai-gateway/app/(dashboard)/dashboard/settings/components/ProxyRegistryManager.tsx(672,15): error TS17004: Cannot use JSX unless the '--jsx' flag is provided.
src/ai-gateway/app/(dashboard)/dashboard/settings/components/ProxyRegistryManager.tsx(677,17): error TS17004: Cannot use JSX unless the '--jsx' flag is provided.
src/ai-gateway/app/(dashboard)/dashboard/settings/components/ProxyRegistryManager.tsx(679,19): error TS17004: Cannot use JSX unless the '--jsx' flag is provided.
src/ai-gateway/app/(dashboard)/dashboard/settings/components/ProxyRegistryManager.tsx(688,13): error TS17004: Cannot use JSX unless the '--jsx' flag is provided.
src/ai-gateway/app/(dashboard)/dashboard/settings/components/ProxyRegistryManager.tsx(689,15): error TS17004: Cannot use JSX unless the '--jsx' flag is provided.
src/ai-gateway/app/(dashboard)/dashboard/settings/components/ProxyRegistryManager.tsx(692,15): error TS17004: Cannot use JSX unless the '--jsx' flag is provided.
src/ai-gateway/app/(dashboard)/dashboard/settings/components/ProxyRegistryManager.tsx(703,11): error TS17004: Cannot use JSX unless the '--jsx' flag is provided.
src/ai-gateway/app/(dashboard)/dashboard/settings/components/ProxyRegistryManager.tsx(704,13): error TS17004: Cannot use JSX unless the '--jsx' flag is provided.
src/ai-gateway/app/(dashboard)/dashboard/settings/components/ProxyRegistryManager.tsx(707,13): error TS17004: Cannot use JSX unless the '--jsx' flag is provided.
src/ai-gateway/app/(dashboard)/dashboard/settings/components/ProxyTab.tsx(4,56): error TS2307: Cannot find module '@/shared/components' or its corresponding type declarations.
src/ai-gateway/app/(dashboard)/dashboard/settings/components/ProxyTab.tsx(5,33): error TS2307: Cannot find module 'next-intl' or its corresponding type declarations.
src/ai-gateway/app/(dashboard)/dashboard/settings/components/ProxyTab.tsx(6,34): error TS6142: Module './ProxyRegistryManager' was resolved to 'C:/TESTES DEV/1_PROJETOS_ATIVOS/Zavorth/src/ai-gateway/app/(dashboard)/dashboard/settings/components/ProxyRegistryManager.tsx', but '--jsx' is not set.
src/ai-gateway/app/(dashboard)/dashboard/settings/components/ProxyTab.tsx(100,5): error TS17004: Cannot use JSX unless the '--jsx' flag is provided.
src/ai-gateway/app/(dashboard)/dashboard/settings/components/ProxyTab.tsx(101,7): error TS17004: Cannot use JSX unless the '--jsx' flag is provided.
src/ai-gateway/app/(dashboard)/dashboard/settings/components/ProxyTab.tsx(102,9): error TS17004: Cannot use JSX unless the '--jsx' flag is provided.
src/ai-gateway/app/(dashboard)/dashboard/settings/components/ProxyTab.tsx(103,11): error TS17004: Cannot use JSX unless the '--jsx' flag is provided.
src/ai-gateway/app/(dashboard)/dashboard/settings/components/ProxyTab.tsx(104,13): error TS17004: Cannot use JSX unless the '--jsx' flag is provided.
src/ai-gateway/app/(dashboard)/dashboard/settings/components/ProxyTab.tsx(105,15): error TS17004: Cannot use JSX unless the '--jsx' flag is provided.
src/ai-gateway/app/(dashboard)/dashboard/settings/components/ProxyTab.tsx(108,15): error TS17004: Cannot use JSX unless the '--jsx' flag is provided.
src/ai-gateway/app/(dashboard)/dashboard/settings/components/ProxyTab.tsx(110,13): error TS17004: Cannot use JSX unless the '--jsx' flag is provided.
src/ai-gateway/app/(dashboard)/dashboard/settings/components/ProxyTab.tsx(111,13): error TS17004: Cannot use JSX unless the '--jsx' flag is provided.
src/ai-gateway/app/(dashboard)/dashboard/settings/components/ProxyTab.tsx(113,17): error TS17004: Cannot use JSX unless the '--jsx' flag is provided.
src/ai-gateway/app/(dashboard)/dashboard/settings/components/ProxyTab.tsx(114,19): error TS17004: Cannot use JSX unless the '--jsx' flag is provided.
src/ai-gateway/app/(dashboard)/dashboard/settings/components/ProxyTab.tsx(115,34): error TS2339: Property 'type' does not exist on type 'never'.
src/ai-gateway/app/(dashboard)/dashboard/settings/components/ProxyTab.tsx(115,55): error TS2339: Property 'host' does not exist on type 'never'.
src/ai-gateway/app/(dashboard)/dashboard/settings/components/ProxyTab.tsx(115,74): error TS2339: Property 'port' does not exist on type 'never'.
src/ai-gateway/app/(dashboard)/dashboard/settings/components/ProxyTab.tsx(119,17): error TS17004: Cannot use JSX unless the '--jsx' flag is provided.
src/ai-gateway/app/(dashboard)/dashboard/settings/components/ProxyTab.tsx(121,15): error TS17004: Cannot use JSX unless the '--jsx' flag is provided.
src/ai-gateway/app/(dashboard)/dashboard/settings/components/ProxyTab.tsx(136,9): error TS17004: Cannot use JSX unless the '--jsx' flag is provided.
src/ai-gateway/app/(dashboard)/dashboard/settings/components/ProxyTab.tsx(137,9): error TS17004: Cannot use JSX unless the '--jsx' flag is provided.
src/ai-gateway/app/(dashboard)/dashboard/settings/components/ProxyTab.tsx(138,11): error TS17004: Cannot use JSX unless the '--jsx' flag is provided.
src/ai-gateway/app/(dashboard)/dashboard/settings/components/ProxyTab.tsx(139,13): error TS17004: Cannot use JSX unless the '--jsx' flag is provided.
src/ai-gateway/app/(dashboard)/dashboard/settings/components/ProxyTab.tsx(140,15): error TS17004: Cannot use JSX unless the '--jsx' flag is provided.
src/ai-gateway/app/(dashboard)/dashboard/settings/components/ProxyTab.tsx(142,13): error TS17004: Cannot use JSX unless the '--jsx' flag is provided.
src/ai-gateway/app/(dashboard)/dashboard/settings/components/ProxyTab.tsx(149,9): error TS17004: Cannot use JSX unless the '--jsx' flag is provided.
src/ai-gateway/app/(dashboard)/dashboard/settings/components/ProxyTab.tsx(150,11): error TS17004: Cannot use JSX unless the '--jsx' flag is provided.
src/ai-gateway/app/(dashboard)/dashboard/settings/components/ProxyTab.tsx(151,13): error TS17004: Cannot use JSX unless the '--jsx' flag is provided.
src/ai-gateway/app/(dashboard)/dashboard/settings/components/ProxyTab.tsx(152,15): error TS17004: Cannot use JSX unless the '--jsx' flag is provided.
src/ai-gateway/app/(dashboard)/dashboard/settings/components/ProxyTab.tsx(153,15): error TS17004: Cannot use JSX unless the '--jsx' flag is provided.
src/ai-gateway/app/(dashboard)/dashboard/settings/components/ProxyTab.tsx(159,13): error TS17004: Cannot use JSX unless the '--jsx' flag is provided.
src/ai-gateway/app/(dashboard)/dashboard/settings/components/ProxyTab.tsx(160,15): error TS17004: Cannot use JSX unless the '--jsx' flag is provided.
src/ai-gateway/app/(dashboard)/dashboard/settings/components/ProxyTab.tsx(172,15): error TS17004: Cannot use JSX unless the '--jsx' flag is provided.
src/ai-gateway/app/(dashboard)/dashboard/settings/components/ProxyTab.tsx(185,17): error TS17004: Cannot use JSX unless the '--jsx' flag is provided.
src/ai-gateway/app/(dashboard)/dashboard/settings/components/ProxyTab.tsx(194,7): error TS17004: Cannot use JSX unless the '--jsx' flag is provided.
src/ai-gateway/app/(dashboard)/dashboard/settings/components/ResilienceTab.tsx(4,30): error TS2307: Cannot find module '@/shared/components' or its corresponding type declarations.
src/ai-gateway/app/(dashboard)/dashboard/settings/components/ResilienceTab.tsx(5,38): error TS2307: Cannot find module '@/store/notificationStore' or its corresponding type declarations.
src/ai-gateway/app/(dashboard)/dashboard/settings/components/ResilienceTab.tsx(6,44): error TS2307: Cannot find module 'next-intl' or its corresponding type declarations.
src/ai-gateway/app/(dashboard)/dashboard/settings/components/ResilienceTab.tsx(7,29): error TS6142: Module './AutoDisableCard' was resolved to 'C:/TESTES DEV/1_PROJETOS_ATIVOS/Zavorth/src/ai-gateway/app/(dashboard)/dashboard/settings/components/AutoDisableCard.tsx', but '--jsx' is not set.
src/ai-gateway/app/(dashboard)/dashboard/settings/components/ResilienceTab.tsx(37,31): error TS7006: Parameter 'state' implicitly has an 'any' type.
src/ai-gateway/app/(dashboard)/dashboard/settings/components/ResilienceTab.tsx(37,38): error TS7006: Parameter 't' implicitly has an 'any' type.
src/ai-gateway/app/(dashboard)/dashboard/settings/components/ResilienceTab.tsx(46,19): error TS7006: Parameter 'ms' implicitly has an 'any' type.
src/ai-gateway/app/(dashboard)/dashboard/settings/components/ResilienceTab.tsx(53,26): error TS7006: Parameter 'err' implicitly has an 'any' type.
src/ai-gateway/app/(dashboard)/dashboard/settings/components/ResilienceTab.tsx(53,31): error TS7006: Parameter 'fallback' implicitly has an 'any' type.
src/ai-gateway/app/(dashboard)/dashboard/settings/components/ResilienceTab.tsx(58,33): error TS7031: Binding element 'profiles' implicitly has an 'any' type.
src/ai-gateway/app/(dashboard)/dashboard/settings/components/ResilienceTab.tsx(58,43): error TS7031: Binding element 'onSave' implicitly has an 'any' type.
src/ai-gateway/app/(dashboard)/dashboard/settings/components/ResilienceTab.tsx(58,51): error TS7031: Binding element 'saving' implicitly has an 'any' type.
src/ai-gateway/app/(dashboard)/dashboard/settings/components/ResilienceTab.tsx(68,24): error TS7006: Parameter 'value' implicitly has an 'any' type.
src/ai-gateway/app/(dashboard)/dashboard/settings/components/ResilienceTab.tsx(76,16): error TS7006: Parameter 'value' implicitly has an 'any' type.
src/ai-gateway/app/(dashboard)/dashboard/settings/components/ResilienceTab.tsx(89,5): error TS17004: Cannot use JSX unless the '--jsx' flag is provided.
src/ai-gateway/app/(dashboard)/dashboard/settings/components/ResilienceTab.tsx(90,7): error TS17004: Cannot use JSX unless the '--jsx' flag is provided.
src/ai-gateway/app/(dashboard)/dashboard/settings/components/ResilienceTab.tsx(91,9): error TS17004: Cannot use JSX unless the '--jsx' flag is provided.
src/ai-gateway/app/(dashboard)/dashboard/settings/components/ResilienceTab.tsx(92,11): error TS17004: Cannot use JSX unless the '--jsx' flag is provided.
src/ai-gateway/app/(dashboard)/dashboard/settings/components/ResilienceTab.tsx(93,13): error TS17004: Cannot use JSX unless the '--jsx' flag is provided.
src/ai-gateway/app/(dashboard)/dashboard/settings/components/ResilienceTab.tsx(96,13): error TS17004: Cannot use JSX unless the '--jsx' flag is provided.
src/ai-gateway/app/(dashboard)/dashboard/settings/components/ResilienceTab.tsx(99,13): error TS17004: Cannot use JSX unless the '--jsx' flag is provided.
src/ai-gateway/app/(dashboard)/dashboard/settings/components/ResilienceTab.tsx(100,15): error TS17004: Cannot use JSX unless the '--jsx' flag is provided.
src/ai-gateway/app/(dashboard)/dashboard/settings/components/ResilienceTab.tsx(103,15): error TS17004: Cannot use JSX unless the '--jsx' flag is provided.
src/ai-gateway/app/(dashboard)/dashboard/settings/components/ResilienceTab.tsx(114,13): error TS17004: Cannot use JSX unless the '--jsx' flag is provided.
src/ai-gateway/app/(dashboard)/dashboard/settings/components/ResilienceTab.tsx(120,9): error TS17004: Cannot use JSX unless the '--jsx' flag is provided.
src/ai-gateway/app/(dashboard)/dashboard/settings/components/ResilienceTab.tsx(122,9): error TS17004: Cannot use JSX unless the '--jsx' flag is provided.
src/ai-gateway/app/(dashboard)/dashboard/settings/components/ResilienceTab.tsx(124,13): error TS17004: Cannot use JSX unless the '--jsx' flag is provided.
src/ai-gateway/app/(dashboard)/dashboard/settings/components/ResilienceTab.tsx(125,15): error TS17004: Cannot use JSX unless the '--jsx' flag is provided.
src/ai-gateway/app/(dashboard)/dashboard/settings/components/ResilienceTab.tsx(126,17): error TS17004: Cannot use JSX unless the '--jsx' flag is provided.
src/ai-gateway/app/(dashboard)/dashboard/settings/components/ResilienceTab.tsx(131,15): error TS17004: Cannot use JSX unless the '--jsx' flag is provided.
src/ai-gateway/app/(dashboard)/dashboard/settings/components/ResilienceTab.tsx(133,19): error TS17004: Cannot use JSX unless the '--jsx' flag is provided.
src/ai-gateway/app/(dashboard)/dashboard/settings/components/ResilienceTab.tsx(134,21): error TS17004: Cannot use JSX unless the '--jsx' flag is provided.
src/ai-gateway/app/(dashboard)/dashboard/settings/components/ResilienceTab.tsx(136,23): error TS17004: Cannot use JSX unless the '--jsx' flag is provided.
src/ai-gateway/app/(dashboard)/dashboard/settings/components/ResilienceTab.tsx(149,23): error TS17004: Cannot use JSX unless the '--jsx' flag is provided.
src/ai-gateway/app/(dashboard)/dashboard/settings/components/ResilienceTab.tsx(167,26): error TS7031: Binding element 'rateLimitStatus' implicitly has an 'any' type.
src/ai-gateway/app/(dashboard)/dashboard/settings/components/ResilienceTab.tsx(167,43): error TS7031: Binding element 'defaults' implicitly has an 'any' type.
src/ai-gateway/app/(dashboard)/dashboard/settings/components/ResilienceTab.tsx(167,53): error TS7031: Binding element 'onSaveDefaults' implicitly has an 'any' type.
src/ai-gateway/app/(dashboard)/dashboard/settings/components/ResilienceTab.tsx(167,69): error TS7031: Binding element 'saving' implicitly has an 'any' type.
src/ai-gateway/app/(dashboard)/dashboard/settings/components/ResilienceTab.tsx(186,5): error TS17004: Cannot use JSX unless the '--jsx' flag is provided.
src/ai-gateway/app/(dashboard)/dashboard/settings/components/ResilienceTab.tsx(187,7): error TS17004: Cannot use JSX unless the '--jsx' flag is provided.
src/ai-gateway/app/(dashboard)/dashboard/settings/components/ResilienceTab.tsx(188,9): error TS17004: Cannot use JSX unless the '--jsx' flag is provided.
src/ai-gateway/app/(dashboard)/dashboard/settings/components/ResilienceTab.tsx(189,11): error TS17004: Cannot use JSX unless the '--jsx' flag is provided.
src/ai-gateway/app/(dashboard)/dashboard/settings/components/ResilienceTab.tsx(190,13): error TS17004: Cannot use JSX unless the '--jsx' flag is provided.
src/ai-gateway/app/(dashboard)/dashboard/settings/components/ResilienceTab.tsx(193,13): error TS17004: Cannot use JSX unless the '--jsx' flag is provided.
src/ai-gateway/app/(dashboard)/dashboard/settings/components/ResilienceTab.tsx(196,13): error TS17004: Cannot use JSX unless the '--jsx' flag is provided.
src/ai-gateway/app/(dashboard)/dashboard/settings/components/ResilienceTab.tsx(197,15): error TS17004: Cannot use JSX unless the '--jsx' flag is provided.
src/ai-gateway/app/(dashboard)/dashboard/settings/components/ResilienceTab.tsx(200,15): error TS17004: Cannot use JSX unless the '--jsx' flag is provided.
src/ai-gateway/app/(dashboard)/dashboard/settings/components/ResilienceTab.tsx(211,13): error TS17004: Cannot use JSX unless the '--jsx' flag is provided.
src/ai-gateway/app/(dashboard)/dashboard/settings/components/ResilienceTab.tsx(217,9): error TS17004: Cannot use JSX unless the '--jsx' flag is provided.
src/ai-gateway/app/(dashboard)/dashboard/settings/components/ResilienceTab.tsx(219,9): error TS17004: Cannot use JSX unless the '--jsx' flag is provided.
src/ai-gateway/app/(dashboard)/dashboard/settings/components/ResilienceTab.tsx(220,11): error TS17004: Cannot use JSX unless the '--jsx' flag is provided.
src/ai-gateway/app/(dashboard)/dashboard/settings/components/ResilienceTab.tsx(223,11): error TS17004: Cannot use JSX unless the '--jsx' flag is provided.
src/ai-gateway/app/(dashboard)/dashboard/settings/components/ResilienceTab.tsx(229,15): error TS17004: Cannot use JSX unless the '--jsx' flag is provided.
src/ai-gateway/app/(dashboard)/dashboard/settings/components/ResilienceTab.tsx(231,19): error TS17004: Cannot use JSX unless the '--jsx' flag is provided.
src/ai-gateway/app/(dashboard)/dashboard/settings/components/ResilienceTab.tsx(236,33): error TS7006: Parameter 'prev' implicitly has an 'any' type.
src/ai-gateway/app/(dashboard)/dashboard/settings/components/ResilienceTab.tsx(241,19): error TS17004: Cannot use JSX unless the '--jsx' flag is provided.
src/ai-gateway/app/(dashboard)/dashboard/settings/components/ResilienceTab.tsx(245,17): error TS17004: Cannot use JSX unless the '--jsx' flag is provided.
src/ai-gateway/app/(dashboard)/dashboard/settings/components/ResilienceTab.tsx(252,11): error TS17004: Cannot use JSX unless the '--jsx' flag is provided.
src/ai-gateway/app/(dashboard)/dashboard/settings/components/ResilienceTab.tsx(253,13): error TS17004: Cannot use JSX unless the '--jsx' flag is provided.
src/ai-gateway/app/(dashboard)/dashboard/settings/components/ResilienceTab.tsx(256,35): error TS7006: Parameter 'rl' implicitly has an 'any' type.
src/ai-gateway/app/(dashboard)/dashboard/settings/components/ResilienceTab.tsx(256,39): error TS7006: Parameter 'i' implicitly has an 'any' type.
src/ai-gateway/app/(dashboard)/dashboard/settings/components/ResilienceTab.tsx(257,15): error TS17004: Cannot use JSX unless the '--jsx' flag is provided.
src/ai-gateway/app/(dashboard)/dashboard/settings/components/ResilienceTab.tsx(261,17): error TS17004: Cannot use JSX unless the '--jsx' flag is provided.
src/ai-gateway/app/(dashboard)/dashboard/settings/components/ResilienceTab.tsx(262,17): error TS17004: Cannot use JSX unless the '--jsx' flag is provided.
src/ai-gateway/app/(dashboard)/dashboard/settings/components/ResilienceTab.tsx(264,21): error TS17004: Cannot use JSX unless the '--jsx' flag is provided.
src/ai-gateway/app/(dashboard)/dashboard/settings/components/ResilienceTab.tsx(269,21): error TS17004: Cannot use JSX unless the '--jsx' flag is provided.
src/ai-gateway/app/(dashboard)/dashboard/settings/components/ResilienceTab.tsx(274,21): error TS17004: Cannot use JSX unless the '--jsx' flag is provided.
src/ai-gateway/app/(dashboard)/dashboard/settings/components/ResilienceTab.tsx(283,11): error TS17004: Cannot use JSX unless the '--jsx' flag is provided.
src/ai-gateway/app/(dashboard)/dashboard/settings/components/ResilienceTab.tsx(291,31): error TS7031: Binding element 'breakers' implicitly has an 'any' type.
src/ai-gateway/app/(dashboard)/dashboard/settings/components/ResilienceTab.tsx(291,41): error TS7031: Binding element 'onReset' implicitly has an 'any' type.
src/ai-gateway/app/(dashboard)/dashboard/settings/components/ResilienceTab.tsx(291,50): error TS7031: Binding element 'loading' implicitly has an 'any' type.
src/ai-gateway/app/(dashboard)/dashboard/settings/components/ResilienceTab.tsx(292,43): error TS7006: Parameter 'b' implicitly has an 'any' type.
src/ai-gateway/app/(dashboard)/dashboard/settings/components/ResilienceTab.tsx(297,5): error TS17004: Cannot use JSX unless the '--jsx' flag is provided.
src/ai-gateway/app/(dashboard)/dashboard/settings/components/ResilienceTab.tsx(298,7): error TS17004: Cannot use JSX unless the '--jsx' flag is provided.
src/ai-gateway/app/(dashboard)/dashboard/settings/components/ResilienceTab.tsx(299,9): error TS17004: Cannot use JSX unless the '--jsx' flag is provided.
src/ai-gateway/app/(dashboard)/dashboard/settings/components/ResilienceTab.tsx(300,11): error TS17004: Cannot use JSX unless the '--jsx' flag is provided.
src/ai-gateway/app/(dashboard)/dashboard/settings/components/ResilienceTab.tsx(301,13): error TS17004: Cannot use JSX unless the '--jsx' flag is provided.
src/ai-gateway/app/(dashboard)/dashboard/settings/components/ResilienceTab.tsx(304,13): error TS17004: Cannot use JSX unless the '--jsx' flag is provided.
src/ai-gateway/app/(dashboard)/dashboard/settings/components/ResilienceTab.tsx(306,11): error TS17004: Cannot use JSX unless the '--jsx' flag is provided.
src/ai-gateway/app/(dashboard)/dashboard/settings/components/ResilienceTab.tsx(307,13): error TS17004: Cannot use JSX unless the '--jsx' flag is provided.
src/ai-gateway/app/(dashboard)/dashboard/settings/components/ResilienceTab.tsx(313,15): error TS17004: Cannot use JSX unless the '--jsx' flag is provided.
src/ai-gateway/app/(dashboard)/dashboard/settings/components/ResilienceTab.tsx(327,11): error TS17004: Cannot use JSX unless the '--jsx' flag is provided.
src/ai-gateway/app/(dashboard)/dashboard/settings/components/ResilienceTab.tsx(329,11): error TS17004: Cannot use JSX unless the '--jsx' flag is provided.
src/ai-gateway/app/(dashboard)/dashboard/settings/components/ResilienceTab.tsx(330,28): error TS7006: Parameter 'b' implicitly has an 'any' type.
src/ai-gateway/app/(dashboard)/dashboard/settings/components/ResilienceTab.tsx(331,29): error TS7053: Element implicitly has an 'any' type because expression of type 'any' can't be used to index type '{ CLOSED: { bg: string; text: string; border: string; icon: string; }; OPEN: { bg: string; text: string; border: string; icon: string; }; HALF_OPEN: { bg: string; text: string; border: string; icon: string; }; }'.
src/ai-gateway/app/(dashboard)/dashboard/settings/components/ResilienceTab.tsx(333,17): error TS17004: Cannot use JSX unless the '--jsx' flag is provided.
src/ai-gateway/app/(dashboard)/dashboard/settings/components/ResilienceTab.tsx(337,19): error TS17004: Cannot use JSX unless the '--jsx' flag is provided.
src/ai-gateway/app/(dashboard)/dashboard/settings/components/ResilienceTab.tsx(338,21): error TS17004: Cannot use JSX unless the '--jsx' flag is provided.
src/ai-gateway/app/(dashboard)/dashboard/settings/components/ResilienceTab.tsx(344,21): error TS17004: Cannot use JSX unless the '--jsx' flag is provided.
src/ai-gateway/app/(dashboard)/dashboard/settings/components/ResilienceTab.tsx(346,19): error TS17004: Cannot use JSX unless the '--jsx' flag is provided.
src/ai-gateway/app/(dashboard)/dashboard/settings/components/ResilienceTab.tsx(348,23): error TS17004: Cannot use JSX unless the '--jsx' flag is provided.
src/ai-gateway/app/(dashboard)/dashboard/settings/components/ResilienceTab.tsx(352,21): error TS17004: Cannot use JSX unless the '--jsx' flag is provided.
src/ai-gateway/app/(dashboard)/dashboard/settings/components/ResilienceTab.tsx(397,31): error TS7006: Parameter 'identifier' implicitly has an 'any' type.
src/ai-gateway/app/(dashboard)/dashboard/settings/components/ResilienceTab.tsx(418,33): error TS2339: Property 'circuitBreakers' does not exist on type 'never'.
src/ai-gateway/app/(dashboard)/dashboard/settings/components/ResilienceTab.tsx(419,27): error TS2339: Property 'lockedIdentifiers' does not exist on type 'never'.
src/ai-gateway/app/(dashboard)/dashboard/settings/components/ResilienceTab.tsx(420,43): error TS7006: Parameter 'cb' implicitly has an 'any' type.
src/ai-gateway/app/(dashboard)/dashboard/settings/components/ResilienceTab.tsx(424,7): error TS17004: Cannot use JSX unless the '--jsx' flag is provided.
src/ai-gateway/app/(dashboard)/dashboard/settings/components/ResilienceTab.tsx(425,9): error TS17004: Cannot use JSX unless the '--jsx' flag is provided.
src/ai-gateway/app/(dashboard)/dashboard/settings/components/ResilienceTab.tsx(426,11): error TS17004: Cannot use JSX unless the '--jsx' flag is provided.
src/ai-gateway/app/(dashboard)/dashboard/settings/components/ResilienceTab.tsx(434,5): error TS17004: Cannot use JSX unless the '--jsx' flag is provided.
src/ai-gateway/app/(dashboard)/dashboard/settings/components/ResilienceTab.tsx(435,7): error TS17004: Cannot use JSX unless the '--jsx' flag is provided.
src/ai-gateway/app/(dashboard)/dashboard/settings/components/ResilienceTab.tsx(436,9): error TS17004: Cannot use JSX unless the '--jsx' flag is provided.
src/ai-gateway/app/(dashboard)/dashboard/settings/components/ResilienceTab.tsx(437,11): error TS17004: Cannot use JSX unless the '--jsx' flag is provided.
src/ai-gateway/app/(dashboard)/dashboard/settings/components/ResilienceTab.tsx(438,13): error TS17004: Cannot use JSX unless the '--jsx' flag is provided.
src/ai-gateway/app/(dashboard)/dashboard/settings/components/ResilienceTab.tsx(441,13): error TS17004: Cannot use JSX unless the '--jsx' flag is provided.
src/ai-gateway/app/(dashboard)/dashboard/settings/components/ResilienceTab.tsx(444,13): error TS17004: Cannot use JSX unless the '--jsx' flag is provided.
src/ai-gateway/app/(dashboard)/dashboard/settings/components/ResilienceTab.tsx(445,15): error TS17004: Cannot use JSX unless the '--jsx' flag is provided.
src/ai-gateway/app/(dashboard)/dashboard/settings/components/ResilienceTab.tsx(451,11): error TS17004: Cannot use JSX unless the '--jsx' flag is provided.
src/ai-gateway/app/(dashboard)/dashboard/settings/components/ResilienceTab.tsx(452,13): error TS17004: Cannot use JSX unless the '--jsx' flag is provided.
src/ai-gateway/app/(dashboard)/dashboard/settings/components/ResilienceTab.tsx(453,15): error TS17004: Cannot use JSX unless the '--jsx' flag is provided.
src/ai-gateway/app/(dashboard)/dashboard/settings/components/ResilienceTab.tsx(455,13): error TS17004: Cannot use JSX unless the '--jsx' flag is provided.
src/ai-gateway/app/(dashboard)/dashboard/settings/components/ResilienceTab.tsx(456,15): error TS17004: Cannot use JSX unless the '--jsx' flag is provided.
src/ai-gateway/app/(dashboard)/dashboard/settings/components/ResilienceTab.tsx(460,11): error TS17004: Cannot use JSX unless the '--jsx' flag is provided.
src/ai-gateway/app/(dashboard)/dashboard/settings/components/ResilienceTab.tsx(462,38): error TS7006: Parameter 'cb' implicitly has an 'any' type.
src/ai-gateway/app/(dashboard)/dashboard/settings/components/ResilienceTab.tsx(463,15): error TS17004: Cannot use JSX unless the '--jsx' flag is provided.
src/ai-gateway/app/(dashboard)/dashboard/settings/components/ResilienceTab.tsx(464,17): error TS17004: Cannot use JSX unless the '--jsx' flag is provided.
src/ai-gateway/app/(dashboard)/dashboard/settings/components/ResilienceTab.tsx(465,17): error TS17004: Cannot use JSX unless the '--jsx' flag is provided.
src/ai-gateway/app/(dashboard)/dashboard/settings/components/ResilienceTab.tsx(467,30): error TS7006: Parameter 'cb' implicitly has an 'any' type.
src/ai-gateway/app/(dashboard)/dashboard/settings/components/ResilienceTab.tsx(468,27): error TS7006: Parameter 'cb' implicitly has an 'any' type.
src/ai-gateway/app/(dashboard)/dashboard/settings/components/ResilienceTab.tsx(468,31): error TS7006: Parameter 'i' implicitly has an 'any' type.
src/ai-gateway/app/(dashboard)/dashboard/settings/components/ResilienceTab.tsx(469,38): error TS7053: Element implicitly has an 'any' type because expression of type 'any' can't be used to index type '{ closed: { icon: string; color: string; }; "half-open": { icon: string; color: string; }; open: { icon: string; color: string; }; }'.
src/ai-gateway/app/(dashboard)/dashboard/settings/components/ResilienceTab.tsx(471,25): error TS17004: Cannot use JSX unless the '--jsx' flag is provided.
src/ai-gateway/app/(dashboard)/dashboard/settings/components/ResilienceTab.tsx(475,27): error TS17004: Cannot use JSX unless the '--jsx' flag is provided.
src/ai-gateway/app/(dashboard)/dashboard/settings/components/ResilienceTab.tsx(476,29): error TS17004: Cannot use JSX unless the '--jsx' flag is provided.
src/ai-gateway/app/(dashboard)/dashboard/settings/components/ResilienceTab.tsx(482,29): error TS17004: Cannot use JSX unless the '--jsx' flag is provided.
src/ai-gateway/app/(dashboard)/dashboard/settings/components/ResilienceTab.tsx(485,29): error TS17004: Cannot use JSX unless the '--jsx' flag is provided.
src/ai-gateway/app/(dashboard)/dashboard/settings/components/ResilienceTab.tsx(495,31): error TS17004: Cannot use JSX unless the '--jsx' flag is provided.
src/ai-gateway/app/(dashboard)/dashboard/settings/components/ResilienceTab.tsx(509,15): error TS17004: Cannot use JSX unless the '--jsx' flag is provided.
src/ai-gateway/app/(dashboard)/dashboard/settings/components/ResilienceTab.tsx(510,17): error TS17004: Cannot use JSX unless the '--jsx' flag is provided.
src/ai-gateway/app/(dashboard)/dashboard/settings/components/ResilienceTab.tsx(511,17): error TS17004: Cannot use JSX unless the '--jsx' flag is provided.
src/ai-gateway/app/(dashboard)/dashboard/settings/components/ResilienceTab.tsx(512,35): error TS7006: Parameter 'id' implicitly has an 'any' type.
src/ai-gateway/app/(dashboard)/dashboard/settings/components/ResilienceTab.tsx(512,39): error TS7006: Parameter 'i' implicitly has an 'any' type.
src/ai-gateway/app/(dashboard)/dashboard/settings/components/ResilienceTab.tsx(515,23): error TS17004: Cannot use JSX unless the '--jsx' flag is provided.
src/ai-gateway/app/(dashboard)/dashboard/settings/components/ResilienceTab.tsx(519,25): error TS17004: Cannot use JSX unless the '--jsx' flag is provided.
src/ai-gateway/app/(dashboard)/dashboard/settings/components/ResilienceTab.tsx(520,27): error TS17004: Cannot use JSX unless the '--jsx' flag is provided.
src/ai-gateway/app/(dashboard)/dashboard/settings/components/ResilienceTab.tsx(523,27): error TS17004: Cannot use JSX unless the '--jsx' flag is provided.
src/ai-gateway/app/(dashboard)/dashboard/settings/components/ResilienceTab.tsx(525,29): error TS17004: Cannot use JSX unless the '--jsx' flag is provided.
src/ai-gateway/app/(dashboard)/dashboard/settings/components/ResilienceTab.tsx(532,25): error TS17004: Cannot use JSX unless the '--jsx' flag is provided.
src/ai-gateway/app/(dashboard)/dashboard/settings/components/ResilienceTab.tsx(597,37): error TS7006: Parameter 'profiles' implicitly has an 'any' type.
src/ai-gateway/app/(dashboard)/dashboard/settings/components/ResilienceTab.tsx(614,37): error TS7006: Parameter 'defaults' implicitly has an 'any' type.
src/ai-gateway/app/(dashboard)/dashboard/settings/components/ResilienceTab.tsx(633,7): error TS17004: Cannot use JSX unless the '--jsx' flag is provided.
src/ai-gateway/app/(dashboard)/dashboard/settings/components/ResilienceTab.tsx(634,9): error TS17004: Cannot use JSX unless the '--jsx' flag is provided.
src/ai-gateway/app/(dashboard)/dashboard/settings/components/ResilienceTab.tsx(642,7): error TS17004: Cannot use JSX unless the '--jsx' flag is provided.
src/ai-gateway/app/(dashboard)/dashboard/settings/components/ResilienceTab.tsx(643,9): error TS17004: Cannot use JSX unless the '--jsx' flag is provided.
src/ai-gateway/app/(dashboard)/dashboard/settings/components/ResilienceTab.tsx(644,11): error TS17004: Cannot use JSX unless the '--jsx' flag is provided.
src/ai-gateway/app/(dashboard)/dashboard/settings/components/ResilienceTab.tsx(645,11): error TS17004: Cannot use JSX unless the '--jsx' flag is provided.
src/ai-gateway/app/(dashboard)/dashboard/settings/components/ResilienceTab.tsx(647,9): error TS17004: Cannot use JSX unless the '--jsx' flag is provided.
src/ai-gateway/app/(dashboard)/dashboard/settings/components/ResilienceTab.tsx(655,5): error TS17004: Cannot use JSX unless the '--jsx' flag is provided.
src/ai-gateway/app/(dashboard)/dashboard/settings/components/ResilienceTab.tsx(657,7): error TS17004: Cannot use JSX unless the '--jsx' flag is provided.
src/ai-gateway/app/(dashboard)/dashboard/settings/components/ResilienceTab.tsx(658,25): error TS2339: Property 'profiles' does not exist on type 'never'.
src/ai-gateway/app/(dashboard)/dashboard/settings/components/ResilienceTab.tsx(663,7): error TS17004: Cannot use JSX unless the '--jsx' flag is provided.
src/ai-gateway/app/(dashboard)/dashboard/settings/components/ResilienceTab.tsx(665,7): error TS17004: Cannot use JSX unless the '--jsx' flag is provided.
src/ai-gateway/app/(dashboard)/dashboard/settings/components/ResilienceTab.tsx(666,32): error TS2339: Property 'rateLimitStatus' does not exist on type 'never'.
src/ai-gateway/app/(dashboard)/dashboard/settings/components/ResilienceTab.tsx(667,25): error TS2339: Property 'defaults' does not exist on type 'never'.
src/ai-gateway/app/(dashboard)/dashboard/settings/components/ResilienceTab.tsx(672,7): error TS17004: Cannot use JSX unless the '--jsx' flag is provided.
src/ai-gateway/app/(dashboard)/dashboard/settings/components/ResilienceTab.tsx(673,25): error TS2339: Property 'circuitBreakers' does not exist on type 'never'.
src/ai-gateway/app/(dashboard)/dashboard/settings/components/ResilienceTab.tsx(678,7): error TS17004: Cannot use JSX unless the '--jsx' flag is provided.
src/ai-gateway/app/(dashboard)/dashboard/settings/components/RoutingTab.tsx(4,37): error TS2307: Cannot find module '@/shared/components' or its corresponding type declarations.
src/ai-gateway/app/(dashboard)/dashboard/settings/components/RoutingTab.tsx(5,34): error TS6142: Module './FallbackChainsEditor' was resolved to 'C:/TESTES DEV/1_PROJETOS_ATIVOS/Zavorth/src/ai-gateway/app/(dashboard)/dashboard/settings/components/FallbackChainsEditor.tsx', but '--jsx' is not set.
src/ai-gateway/app/(dashboard)/dashboard/settings/components/RoutingTab.tsx(9,8): error TS2307: Cannot find module '@/shared/constants/routingStrategies' or its corresponding type declarations.
src/ai-gateway/app/(dashboard)/dashboard/settings/components/RoutingTab.tsx(10,33): error TS2307: Cannot find module 'next-intl' or its corresponding type declarations.
src/ai-gateway/app/(dashboard)/dashboard/settings/components/RoutingTab.tsx(12,47): error TS7006: Parameter 'strategy' implicitly has an 'any' type.
src/ai-gateway/app/(dashboard)/dashboard/settings/components/RoutingTab.tsx(14,8): error TS7006: Parameter 'strategy' implicitly has an 'any' type.
src/ai-gateway/app/(dashboard)/dashboard/settings/components/RoutingTab.tsx(33,77): error TS7006: Parameter 'acc' implicitly has an 'any' type.
src/ai-gateway/app/(dashboard)/dashboard/settings/components/RoutingTab.tsx(33,82): error TS7006: Parameter 'strategy' implicitly has an 'any' type.
src/ai-gateway/app/(dashboard)/dashboard/settings/components/RoutingTab.tsx(49,32): error TS7006: Parameter 'patch' implicitly has an 'any' type.
src/ai-gateway/app/(dashboard)/dashboard/settings/components/RoutingTab.tsx(57,22): error TS7006: Parameter 'prev' implicitly has an 'any' type.
src/ai-gateway/app/(dashboard)/dashboard/settings/components/RoutingTab.tsx(68,16): error TS2345: Argument of type '{ pattern: string; target: string; }[]' is not assignable to parameter of type 'SetStateAction<never[]>'.
  Type '{ pattern: string; target: string; }[]' is not assignable to type 'never[]'.
    Type '{ pattern: string; target: string; }' is not assignable to type 'never'.
src/ai-gateway/app/(dashboard)/dashboard/settings/components/RoutingTab.tsx(73,30): error TS7006: Parameter 'idx' implicitly has an 'any' type.
src/ai-gateway/app/(dashboard)/dashboard/settings/components/RoutingTab.tsx(80,5): error TS17004: Cannot use JSX unless the '--jsx' flag is provided.
src/ai-gateway/app/(dashboard)/dashboard/settings/components/RoutingTab.tsx(82,7): error TS17004: Cannot use JSX unless the '--jsx' flag is provided.
src/ai-gateway/app/(dashboard)/dashboard/settings/components/RoutingTab.tsx(83,9): error TS17004: Cannot use JSX unless the '--jsx' flag is provided.
src/ai-gateway/app/(dashboard)/dashboard/settings/components/RoutingTab.tsx(84,11): error TS17004: Cannot use JSX unless the '--jsx' flag is provided.
src/ai-gateway/app/(dashboard)/dashboard/settings/components/RoutingTab.tsx(85,13): error TS17004: Cannot use JSX unless the '--jsx' flag is provided.
src/ai-gateway/app/(dashboard)/dashboard/settings/components/RoutingTab.tsx(89,11): error TS17004: Cannot use JSX unless the '--jsx' flag is provided.
src/ai-gateway/app/(dashboard)/dashboard/settings/components/RoutingTab.tsx(92,9): error TS17004: Cannot use JSX unless the '--jsx' flag is provided.
src/ai-gateway/app/(dashboard)/dashboard/settings/components/RoutingTab.tsx(93,11): error TS17004: Cannot use JSX unless the '--jsx' flag is provided.
src/ai-gateway/app/(dashboard)/dashboard/settings/components/RoutingTab.tsx(96,11): error TS17004: Cannot use JSX unless the '--jsx' flag is provided.
src/ai-gateway/app/(dashboard)/dashboard/settings/components/RoutingTab.tsx(97,11): error TS17004: Cannot use JSX unless the '--jsx' flag is provided.
src/ai-gateway/app/(dashboard)/dashboard/settings/components/RoutingTab.tsx(100,9): error TS17004: Cannot use JSX unless the '--jsx' flag is provided.
src/ai-gateway/app/(dashboard)/dashboard/settings/components/RoutingTab.tsx(104,28): error TS7006: Parameter 's' implicitly has an 'any' type.
src/ai-gateway/app/(dashboard)/dashboard/settings/components/RoutingTab.tsx(105,13): error TS17004: Cannot use JSX unless the '--jsx' flag is provided.
src/ai-gateway/app/(dashboard)/dashboard/settings/components/RoutingTab.tsx(115,15): error TS17004: Cannot use JSX unless the '--jsx' flag is provided.
src/ai-gateway/app/(dashboard)/dashboard/settings/components/RoutingTab.tsx(122,15): error TS17004: Cannot use JSX unless the '--jsx' flag is provided.
src/ai-gateway/app/(dashboard)/dashboard/settings/components/RoutingTab.tsx(123,17): error TS17004: Cannot use JSX unless the '--jsx' flag is provided.
src/ai-gateway/app/(dashboard)/dashboard/settings/components/RoutingTab.tsx(128,17): error TS17004: Cannot use JSX unless the '--jsx' flag is provided.
src/ai-gateway/app/(dashboard)/dashboard/settings/components/RoutingTab.tsx(135,11): error TS17004: Cannot use JSX unless the '--jsx' flag is provided.
src/ai-gateway/app/(dashboard)/dashboard/settings/components/RoutingTab.tsx(136,13): error TS17004: Cannot use JSX unless the '--jsx' flag is provided.
src/ai-gateway/app/(dashboard)/dashboard/settings/components/RoutingTab.tsx(137,15): error TS17004: Cannot use JSX unless the '--jsx' flag is provided.
src/ai-gateway/app/(dashboard)/dashboard/settings/components/RoutingTab.tsx(138,15): error TS17004: Cannot use JSX unless the '--jsx' flag is provided.
src/ai-gateway/app/(dashboard)/dashboard/settings/components/RoutingTab.tsx(140,13): error TS17004: Cannot use JSX unless the '--jsx' flag is provided.
src/ai-gateway/app/(dashboard)/dashboard/settings/components/RoutingTab.tsx(145,26): error TS7006: Parameter 'e' implicitly has an 'any' type.
src/ai-gateway/app/(dashboard)/dashboard/settings/components/RoutingTab.tsx(152,9): error TS17004: Cannot use JSX unless the '--jsx' flag is provided.
src/ai-gateway/app/(dashboard)/dashboard/settings/components/RoutingTab.tsx(158,7): error TS17004: Cannot use JSX unless the '--jsx' flag is provided.
src/ai-gateway/app/(dashboard)/dashboard/settings/components/RoutingTab.tsx(159,9): error TS17004: Cannot use JSX unless the '--jsx' flag is provided.
src/ai-gateway/app/(dashboard)/dashboard/settings/components/RoutingTab.tsx(160,11): error TS17004: Cannot use JSX unless the '--jsx' flag is provided.
src/ai-gateway/app/(dashboard)/dashboard/settings/components/RoutingTab.tsx(161,13): error TS17004: Cannot use JSX unless the '--jsx' flag is provided.
src/ai-gateway/app/(dashboard)/dashboard/settings/components/RoutingTab.tsx(162,15): error TS17004: Cannot use JSX unless the '--jsx' flag is provided.
src/ai-gateway/app/(dashboard)/dashboard/settings/components/RoutingTab.tsx(166,13): error TS17004: Cannot use JSX unless the '--jsx' flag is provided.
src/ai-gateway/app/(dashboard)/dashboard/settings/components/RoutingTab.tsx(167,15): error TS17004: Cannot use JSX unless the '--jsx' flag is provided.
src/ai-gateway/app/(dashboard)/dashboard/settings/components/RoutingTab.tsx(170,15): error TS17004: Cannot use JSX unless the '--jsx' flag is provided.
src/ai-gateway/app/(dashboard)/dashboard/settings/components/RoutingTab.tsx(176,11): error TS17004: Cannot use JSX unless the '--jsx' flag is provided.
src/ai-gateway/app/(dashboard)/dashboard/settings/components/RoutingTab.tsx(177,13): error TS17004: Cannot use JSX unless the '--jsx' flag is provided.
src/ai-gateway/app/(dashboard)/dashboard/settings/components/RoutingTab.tsx(178,15): error TS17004: Cannot use JSX unless the '--jsx' flag is provided.
src/ai-gateway/app/(dashboard)/dashboard/settings/components/RoutingTab.tsx(185,15): error TS17004: Cannot use JSX unless the '--jsx' flag is provided.
src/ai-gateway/app/(dashboard)/dashboard/settings/components/RoutingTab.tsx(192,7): error TS17004: Cannot use JSX unless the '--jsx' flag is provided.
src/ai-gateway/app/(dashboard)/dashboard/settings/components/RoutingTab.tsx(193,9): error TS17004: Cannot use JSX unless the '--jsx' flag is provided.
src/ai-gateway/app/(dashboard)/dashboard/settings/components/RoutingTab.tsx(194,11): error TS17004: Cannot use JSX unless the '--jsx' flag is provided.
src/ai-gateway/app/(dashboard)/dashboard/settings/components/RoutingTab.tsx(195,13): error TS17004: Cannot use JSX unless the '--jsx' flag is provided.
src/ai-gateway/app/(dashboard)/dashboard/settings/components/RoutingTab.tsx(196,15): error TS17004: Cannot use JSX unless the '--jsx' flag is provided.
src/ai-gateway/app/(dashboard)/dashboard/settings/components/RoutingTab.tsx(200,13): error TS17004: Cannot use JSX unless the '--jsx' flag is provided.
src/ai-gateway/app/(dashboard)/dashboard/settings/components/RoutingTab.tsx(201,15): error TS17004: Cannot use JSX unless the '--jsx' flag is provided.
src/ai-gateway/app/(dashboard)/dashboard/settings/components/RoutingTab.tsx(204,15): error TS17004: Cannot use JSX unless the '--jsx' flag is provided.
src/ai-gateway/app/(dashboard)/dashboard/settings/components/RoutingTab.tsx(210,11): error TS17004: Cannot use JSX unless the '--jsx' flag is provided.
src/ai-gateway/app/(dashboard)/dashboard/settings/components/RoutingTab.tsx(211,13): error TS17004: Cannot use JSX unless the '--jsx' flag is provided.
src/ai-gateway/app/(dashboard)/dashboard/settings/components/RoutingTab.tsx(212,15): error TS17004: Cannot use JSX unless the '--jsx' flag is provided.
src/ai-gateway/app/(dashboard)/dashboard/settings/components/RoutingTab.tsx(219,15): error TS17004: Cannot use JSX unless the '--jsx' flag is provided.
src/ai-gateway/app/(dashboard)/dashboard/settings/components/RoutingTab.tsx(223,9): error TS17004: Cannot use JSX unless the '--jsx' flag is provided.
src/ai-gateway/app/(dashboard)/dashboard/settings/components/RoutingTab.tsx(224,11): error TS17004: Cannot use JSX unless the '--jsx' flag is provided.
src/ai-gateway/app/(dashboard)/dashboard/settings/components/RoutingTab.tsx(256,13): error TS17004: Cannot use JSX unless the '--jsx' flag is provided.
src/ai-gateway/app/(dashboard)/dashboard/settings/components/RoutingTab.tsx(262,13): error TS17004: Cannot use JSX unless the '--jsx' flag is provided.
src/ai-gateway/app/(dashboard)/dashboard/settings/components/RoutingTab.tsx(272,7): error TS17004: Cannot use JSX unless the '--jsx' flag is provided.
src/ai-gateway/app/(dashboard)/dashboard/settings/components/RoutingTab.tsx(273,9): error TS17004: Cannot use JSX unless the '--jsx' flag is provided.
src/ai-gateway/app/(dashboard)/dashboard/settings/components/RoutingTab.tsx(274,11): error TS17004: Cannot use JSX unless the '--jsx' flag is provided.
src/ai-gateway/app/(dashboard)/dashboard/settings/components/RoutingTab.tsx(275,13): error TS17004: Cannot use JSX unless the '--jsx' flag is provided.
src/ai-gateway/app/(dashboard)/dashboard/settings/components/RoutingTab.tsx(279,11): error TS17004: Cannot use JSX unless the '--jsx' flag is provided.
src/ai-gateway/app/(dashboard)/dashboard/settings/components/RoutingTab.tsx(280,13): error TS17004: Cannot use JSX unless the '--jsx' flag is provided.
src/ai-gateway/app/(dashboard)/dashboard/settings/components/RoutingTab.tsx(281,13): error TS17004: Cannot use JSX unless the '--jsx' flag is provided.
src/ai-gateway/app/(dashboard)/dashboard/settings/components/RoutingTab.tsx(286,11): error TS17004: Cannot use JSX unless the '--jsx' flag is provided.
src/ai-gateway/app/(dashboard)/dashboard/settings/components/RoutingTab.tsx(288,15): error TS17004: Cannot use JSX unless the '--jsx' flag is provided.
src/ai-gateway/app/(dashboard)/dashboard/settings/components/RoutingTab.tsx(292,17): error TS17004: Cannot use JSX unless the '--jsx' flag is provided.
src/ai-gateway/app/(dashboard)/dashboard/settings/components/RoutingTab.tsx(293,19): error TS17004: Cannot use JSX unless the '--jsx' flag is provided.
src/ai-gateway/app/(dashboard)/dashboard/settings/components/RoutingTab.tsx(293,76): error TS2339: Property 'pattern' does not exist on type 'never'.
src/ai-gateway/app/(dashboard)/dashboard/settings/components/RoutingTab.tsx(294,19): error TS17004: Cannot use JSX unless the '--jsx' flag is provided.
src/ai-gateway/app/(dashboard)/dashboard/settings/components/RoutingTab.tsx(297,19): error TS17004: Cannot use JSX unless the '--jsx' flag is provided.
src/ai-gateway/app/(dashboard)/dashboard/settings/components/RoutingTab.tsx(297,75): error TS2339: Property 'target' does not exist on type 'never'.
src/ai-gateway/app/(dashboard)/dashboard/settings/components/RoutingTab.tsx(299,17): error TS17004: Cannot use JSX unless the '--jsx' flag is provided.
src/ai-gateway/app/(dashboard)/dashboard/settings/components/RoutingTab.tsx(303,19): error TS17004: Cannot use JSX unless the '--jsx' flag is provided.
src/ai-gateway/app/(dashboard)/dashboard/settings/components/RoutingTab.tsx(310,9): error TS17004: Cannot use JSX unless the '--jsx' flag is provided.
src/ai-gateway/app/(dashboard)/dashboard/settings/components/RoutingTab.tsx(311,11): error TS17004: Cannot use JSX unless the '--jsx' flag is provided.
src/ai-gateway/app/(dashboard)/dashboard/settings/components/RoutingTab.tsx(312,13): error TS17004: Cannot use JSX unless the '--jsx' flag is provided.
src/ai-gateway/app/(dashboard)/dashboard/settings/components/RoutingTab.tsx(316,26): error TS7006: Parameter 'e' implicitly has an 'any' type.
src/ai-gateway/app/(dashboard)/dashboard/settings/components/RoutingTab.tsx(319,11): error TS17004: Cannot use JSX unless the '--jsx' flag is provided.
src/ai-gateway/app/(dashboard)/dashboard/settings/components/RoutingTab.tsx(320,13): error TS17004: Cannot use JSX unless the '--jsx' flag is provided.
src/ai-gateway/app/(dashboard)/dashboard/settings/components/RoutingTab.tsx(324,26): error TS7006: Parameter 'e' implicitly has an 'any' type.
src/ai-gateway/app/(dashboard)/dashboard/settings/components/RoutingTab.tsx(327,11): error TS17004: Cannot use JSX unless the '--jsx' flag is provided.
src/ai-gateway/app/(dashboard)/dashboard/settings/components/RoutingTab.tsx(339,7): error TS17004: Cannot use JSX unless the '--jsx' flag is provided.
src/ai-gateway/app/(dashboard)/dashboard/settings/components/RoutingTab.tsx(342,7): error TS17004: Cannot use JSX unless the '--jsx' flag is provided.
src/ai-gateway/app/(dashboard)/dashboard/settings/components/RoutingTab.tsx(343,9): error TS17004: Cannot use JSX unless the '--jsx' flag is provided.
src/ai-gateway/app/(dashboard)/dashboard/settings/components/RoutingTab.tsx(344,11): error TS17004: Cannot use JSX unless the '--jsx' flag is provided.
src/ai-gateway/app/(dashboard)/dashboard/settings/components/RoutingTab.tsx(345,13): error TS17004: Cannot use JSX unless the '--jsx' flag is provided.
src/ai-gateway/app/(dashboard)/dashboard/settings/components/RoutingTab.tsx(349,11): error TS17004: Cannot use JSX unless the '--jsx' flag is provided.
src/ai-gateway/app/(dashboard)/dashboard/settings/components/RoutingTab.tsx(350,13): error TS17004: Cannot use JSX unless the '--jsx' flag is provided.
src/ai-gateway/app/(dashboard)/dashboard/settings/components/RoutingTab.tsx(351,13): error TS17004: Cannot use JSX unless the '--jsx' flag is provided.
src/ai-gateway/app/(dashboard)/dashboard/settings/components/RoutingTab.tsx(357,9): error TS17004: Cannot use JSX unless the '--jsx' flag is provided.
src/ai-gateway/app/(dashboard)/dashboard/settings/components/RoutingTab.tsx(375,13): error TS17004: Cannot use JSX unless the '--jsx' flag is provided.
src/ai-gateway/app/(dashboard)/dashboard/settings/components/RoutingTab.tsx(385,15): error TS17004: Cannot use JSX unless the '--jsx' flag is provided.
src/ai-gateway/app/(dashboard)/dashboard/settings/components/RoutingTab.tsx(386,17): error TS17004: Cannot use JSX unless the '--jsx' flag is provided.
src/ai-gateway/app/(dashboard)/dashboard/settings/components/RoutingTab.tsx(397,17): error TS17004: Cannot use JSX unless the '--jsx' flag is provided.
src/ai-gateway/app/(dashboard)/dashboard/settings/components/RoutingTab.tsx(403,15): error TS17004: Cannot use JSX unless the '--jsx' flag is provided.
src/ai-gateway/app/(dashboard)/dashboard/settings/components/SecurityTab.tsx(4,45): error TS2307: Cannot find module '@/shared/components' or its corresponding type declarations.
src/ai-gateway/app/(dashboard)/dashboard/settings/components/SecurityTab.tsx(5,30): error TS2307: Cannot find module '@/shared/constants/providers' or its corresponding type declarations.
src/ai-gateway/app/(dashboard)/dashboard/settings/components/SecurityTab.tsx(6,29): error TS6142: Module './IPFilterSection' was resolved to 'C:/TESTES DEV/1_PROJETOS_ATIVOS/Zavorth/src/ai-gateway/app/(dashboard)/dashboard/settings/components/IPFilterSection.tsx', but '--jsx' is not set.
src/ai-gateway/app/(dashboard)/dashboard/settings/components/SecurityTab.tsx(7,29): error TS6142: Module './SessionInfoCard' was resolved to 'C:/TESTES DEV/1_PROJETOS_ATIVOS/Zavorth/src/ai-gateway/app/(dashboard)/dashboard/settings/components/SessionInfoCard.tsx', but '--jsx' is not set.
src/ai-gateway/app/(dashboard)/dashboard/settings/components/SecurityTab.tsx(8,33): error TS2307: Cannot find module 'next-intl' or its corresponding type declarations.
src/ai-gateway/app/(dashboard)/dashboard/settings/components/SecurityTab.tsx(28,37): error TS7006: Parameter 'requireLogin' implicitly has an 'any' type.
src/ai-gateway/app/(dashboard)/dashboard/settings/components/SecurityTab.tsx(36,22): error TS7006: Parameter 'prev' implicitly has an 'any' type.
src/ai-gateway/app/(dashboard)/dashboard/settings/components/SecurityTab.tsx(51,22): error TS7006: Parameter 'prev' implicitly has an 'any' type.
src/ai-gateway/app/(dashboard)/dashboard/settings/components/SecurityTab.tsx(66,39): error TS7006: Parameter 'e' implicitly has an 'any' type.
src/ai-gateway/app/(dashboard)/dashboard/settings/components/SecurityTab.tsx(102,5): error TS17004: Cannot use JSX unless the '--jsx' flag is provided.
src/ai-gateway/app/(dashboard)/dashboard/settings/components/SecurityTab.tsx(103,7): error TS17004: Cannot use JSX unless the '--jsx' flag is provided.
src/ai-gateway/app/(dashboard)/dashboard/settings/components/SecurityTab.tsx(104,9): error TS17004: Cannot use JSX unless the '--jsx' flag is provided.
src/ai-gateway/app/(dashboard)/dashboard/settings/components/SecurityTab.tsx(105,11): error TS17004: Cannot use JSX unless the '--jsx' flag is provided.
src/ai-gateway/app/(dashboard)/dashboard/settings/components/SecurityTab.tsx(106,13): error TS17004: Cannot use JSX unless the '--jsx' flag is provided.
src/ai-gateway/app/(dashboard)/dashboard/settings/components/SecurityTab.tsx(110,11): error TS17004: Cannot use JSX unless the '--jsx' flag is provided.
src/ai-gateway/app/(dashboard)/dashboard/settings/components/SecurityTab.tsx(112,9): error TS17004: Cannot use JSX unless the '--jsx' flag is provided.
src/ai-gateway/app/(dashboard)/dashboard/settings/components/SecurityTab.tsx(113,11): error TS17004: Cannot use JSX unless the '--jsx' flag is provided.
src/ai-gateway/app/(dashboard)/dashboard/settings/components/SecurityTab.tsx(114,13): error TS17004: Cannot use JSX unless the '--jsx' flag is provided.
src/ai-gateway/app/(dashboard)/dashboard/settings/components/SecurityTab.tsx(115,15): error TS17004: Cannot use JSX unless the '--jsx' flag is provided.
src/ai-gateway/app/(dashboard)/dashboard/settings/components/SecurityTab.tsx(116,15): error TS17004: Cannot use JSX unless the '--jsx' flag is provided.
src/ai-gateway/app/(dashboard)/dashboard/settings/components/SecurityTab.tsx(118,13): error TS17004: Cannot use JSX unless the '--jsx' flag is provided.
src/ai-gateway/app/(dashboard)/dashboard/settings/components/SecurityTab.tsx(125,13): error TS17004: Cannot use JSX unless the '--jsx' flag is provided.
src/ai-gateway/app/(dashboard)/dashboard/settings/components/SecurityTab.tsx(130,17): error TS17004: Cannot use JSX unless the '--jsx' flag is provided.
src/ai-gateway/app/(dashboard)/dashboard/settings/components/SecurityTab.tsx(135,30): error TS7006: Parameter 'e' implicitly has an 'any' type.
src/ai-gateway/app/(dashboard)/dashboard/settings/components/SecurityTab.tsx(139,15): error TS17004: Cannot use JSX unless the '--jsx' flag is provided.
src/ai-gateway/app/(dashboard)/dashboard/settings/components/SecurityTab.tsx(140,17): error TS17004: Cannot use JSX unless the '--jsx' flag is provided.
src/ai-gateway/app/(dashboard)/dashboard/settings/components/SecurityTab.tsx(145,30): error TS7006: Parameter 'e' implicitly has an 'any' type.
src/ai-gateway/app/(dashboard)/dashboard/settings/components/SecurityTab.tsx(148,17): error TS17004: Cannot use JSX unless the '--jsx' flag is provided.
src/ai-gateway/app/(dashboard)/dashboard/settings/components/SecurityTab.tsx(153,30): error TS7006: Parameter 'e' implicitly has an 'any' type.
src/ai-gateway/app/(dashboard)/dashboard/settings/components/SecurityTab.tsx(159,17): error TS17004: Cannot use JSX unless the '--jsx' flag is provided.
src/ai-gateway/app/(dashboard)/dashboard/settings/components/SecurityTab.tsx(166,15): error TS17004: Cannot use JSX unless the '--jsx' flag is provided.
src/ai-gateway/app/(dashboard)/dashboard/settings/components/SecurityTab.tsx(167,17): error TS17004: Cannot use JSX unless the '--jsx' flag is provided.
src/ai-gateway/app/(dashboard)/dashboard/settings/components/SecurityTab.tsx(177,7): error TS17004: Cannot use JSX unless the '--jsx' flag is provided.
src/ai-gateway/app/(dashboard)/dashboard/settings/components/SecurityTab.tsx(178,9): error TS17004: Cannot use JSX unless the '--jsx' flag is provided.
src/ai-gateway/app/(dashboard)/dashboard/settings/components/SecurityTab.tsx(179,11): error TS17004: Cannot use JSX unless the '--jsx' flag is provided.
src/ai-gateway/app/(dashboard)/dashboard/settings/components/SecurityTab.tsx(180,13): error TS17004: Cannot use JSX unless the '--jsx' flag is provided.
src/ai-gateway/app/(dashboard)/dashboard/settings/components/SecurityTab.tsx(184,11): error TS17004: Cannot use JSX unless the '--jsx' flag is provided.
src/ai-gateway/app/(dashboard)/dashboard/settings/components/SecurityTab.tsx(186,9): error TS17004: Cannot use JSX unless the '--jsx' flag is provided.
src/ai-gateway/app/(dashboard)/dashboard/settings/components/SecurityTab.tsx(188,11): error TS17004: Cannot use JSX unless the '--jsx' flag is provided.
src/ai-gateway/app/(dashboard)/dashboard/settings/components/SecurityTab.tsx(189,13): error TS17004: Cannot use JSX unless the '--jsx' flag is provided.
src/ai-gateway/app/(dashboard)/dashboard/settings/components/SecurityTab.tsx(190,15): error TS17004: Cannot use JSX unless the '--jsx' flag is provided.
src/ai-gateway/app/(dashboard)/dashboard/settings/components/SecurityTab.tsx(191,15): error TS17004: Cannot use JSX unless the '--jsx' flag is provided.
src/ai-gateway/app/(dashboard)/dashboard/settings/components/SecurityTab.tsx(193,13): error TS17004: Cannot use JSX unless the '--jsx' flag is provided.
src/ai-gateway/app/(dashboard)/dashboard/settings/components/SecurityTab.tsx(201,11): error TS17004: Cannot use JSX unless the '--jsx' flag is provided.
src/ai-gateway/app/(dashboard)/dashboard/settings/components/SecurityTab.tsx(202,13): error TS17004: Cannot use JSX unless the '--jsx' flag is provided.
src/ai-gateway/app/(dashboard)/dashboard/settings/components/SecurityTab.tsx(203,15): error TS17004: Cannot use JSX unless the '--jsx' flag is provided.
src/ai-gateway/app/(dashboard)/dashboard/settings/components/SecurityTab.tsx(204,15): error TS17004: Cannot use JSX unless the '--jsx' flag is provided.
src/ai-gateway/app/(dashboard)/dashboard/settings/components/SecurityTab.tsx(206,13): error TS17004: Cannot use JSX unless the '--jsx' flag is provided.
src/ai-gateway/app/(dashboard)/dashboard/settings/components/SecurityTab.tsx(210,19): error TS17004: Cannot use JSX unless the '--jsx' flag is provided.
src/ai-gateway/app/(dashboard)/dashboard/settings/components/SecurityTab.tsx(225,21): error TS17004: Cannot use JSX unless the '--jsx' flag is provided.
src/ai-gateway/app/(dashboard)/dashboard/settings/components/SecurityTab.tsx(233,23): error TS17004: Cannot use JSX unless the '--jsx' flag is provided.
src/ai-gateway/app/(dashboard)/dashboard/settings/components/SecurityTab.tsx(242,15): error TS17004: Cannot use JSX unless the '--jsx' flag is provided.
src/ai-gateway/app/(dashboard)/dashboard/settings/components/SecurityTab.tsx(243,17): error TS17004: Cannot use JSX unless the '--jsx' flag is provided.
src/ai-gateway/app/(dashboard)/dashboard/settings/components/SecurityTab.tsx(251,7): error TS17004: Cannot use JSX unless the '--jsx' flag is provided.
src/ai-gateway/app/(dashboard)/dashboard/settings/components/SecurityTab.tsx(252,7): error TS17004: Cannot use JSX unless the '--jsx' flag is provided.
src/ai-gateway/app/(dashboard)/dashboard/settings/components/SessionInfoCard.tsx(11,30): error TS2307: Cannot find module '@/shared/components' or its corresponding type declarations.
src/ai-gateway/app/(dashboard)/dashboard/settings/components/SessionInfoCard.tsx(12,33): error TS2307: Cannot find module 'next-intl' or its corresponding type declarations.
src/ai-gateway/app/(dashboard)/dashboard/settings/components/SessionInfoCard.tsx(95,7): error TS17004: Cannot use JSX unless the '--jsx' flag is provided.
src/ai-gateway/app/(dashboard)/dashboard/settings/components/SessionInfoCard.tsx(96,9): error TS17004: Cannot use JSX unless the '--jsx' flag is provided.
src/ai-gateway/app/(dashboard)/dashboard/settings/components/SessionInfoCard.tsx(102,5): error TS17004: Cannot use JSX unless the '--jsx' flag is provided.
src/ai-gateway/app/(dashboard)/dashboard/settings/components/SessionInfoCard.tsx(103,7): error TS17004: Cannot use JSX unless the '--jsx' flag is provided.
src/ai-gateway/app/(dashboard)/dashboard/settings/components/SessionInfoCard.tsx(104,9): error TS17004: Cannot use JSX unless the '--jsx' flag is provided.
src/ai-gateway/app/(dashboard)/dashboard/settings/components/SessionInfoCard.tsx(105,11): error TS17004: Cannot use JSX unless the '--jsx' flag is provided.
src/ai-gateway/app/(dashboard)/dashboard/settings/components/SessionInfoCard.tsx(109,9): error TS17004: Cannot use JSX unless the '--jsx' flag is provided.
src/ai-gateway/app/(dashboard)/dashboard/settings/components/SessionInfoCard.tsx(112,7): error TS17004: Cannot use JSX unless the '--jsx' flag is provided.
src/ai-gateway/app/(dashboard)/dashboard/settings/components/SessionInfoCard.tsx(113,9): error TS17004: Cannot use JSX unless the '--jsx' flag is provided.
src/ai-gateway/app/(dashboard)/dashboard/settings/components/SessionInfoCard.tsx(114,11): error TS17004: Cannot use JSX unless the '--jsx' flag is provided.
src/ai-gateway/app/(dashboard)/dashboard/settings/components/SessionInfoCard.tsx(115,11): error TS17004: Cannot use JSX unless the '--jsx' flag is provided.
src/ai-gateway/app/(dashboard)/dashboard/settings/components/SessionInfoCard.tsx(116,13): error TS17004: Cannot use JSX unless the '--jsx' flag is provided.
src/ai-gateway/app/(dashboard)/dashboard/settings/components/SessionInfoCard.tsx(125,11): error TS17004: Cannot use JSX unless the '--jsx' flag is provided.
src/ai-gateway/app/(dashboard)/dashboard/settings/components/SessionInfoCard.tsx(126,13): error TS17004: Cannot use JSX unless the '--jsx' flag is provided.
src/ai-gateway/app/(dashboard)/dashboard/settings/components/SessionInfoCard.tsx(127,13): error TS17004: Cannot use JSX unless the '--jsx' flag is provided.
src/ai-gateway/app/(dashboard)/dashboard/settings/components/SessionInfoCard.tsx(131,9): error TS17004: Cannot use JSX unless the '--jsx' flag is provided.
src/ai-gateway/app/(dashboard)/dashboard/settings/components/SessionInfoCard.tsx(132,11): error TS17004: Cannot use JSX unless the '--jsx' flag is provided.
src/ai-gateway/app/(dashboard)/dashboard/settings/components/SessionInfoCard.tsx(133,11): error TS17004: Cannot use JSX unless the '--jsx' flag is provided.
src/ai-gateway/app/(dashboard)/dashboard/settings/components/SessionInfoCard.tsx(136,9): error TS17004: Cannot use JSX unless the '--jsx' flag is provided.
src/ai-gateway/app/(dashboard)/dashboard/settings/components/SessionInfoCard.tsx(137,11): error TS17004: Cannot use JSX unless the '--jsx' flag is provided.
src/ai-gateway/app/(dashboard)/dashboard/settings/components/SessionInfoCard.tsx(138,11): error TS17004: Cannot use JSX unless the '--jsx' flag is provided.
src/ai-gateway/app/(dashboard)/dashboard/settings/components/SessionInfoCard.tsx(142,7): error TS17004: Cannot use JSX unless the '--jsx' flag is provided.
src/ai-gateway/app/(dashboard)/dashboard/settings/components/SessionInfoCard.tsx(143,9): error TS17004: Cannot use JSX unless the '--jsx' flag is provided.
src/ai-gateway/app/(dashboard)/dashboard/settings/components/SessionInfoCard.tsx(147,11): error TS17004: Cannot use JSX unless the '--jsx' flag is provided.
src/ai-gateway/app/(dashboard)/dashboard/settings/components/SystemPromptTab.tsx(4,30): error TS2307: Cannot find module '@/shared/components' or its corresponding type declarations.
src/ai-gateway/app/(dashboard)/dashboard/settings/components/SystemPromptTab.tsx(5,33): error TS2307: Cannot find module 'next-intl' or its corresponding type declarations.
src/ai-gateway/app/(dashboard)/dashboard/settings/components/SystemPromptTab.tsx(24,23): error TS7006: Parameter 'updates' implicitly has an 'any' type.
src/ai-gateway/app/(dashboard)/dashboard/settings/components/SystemPromptTab.tsx(43,31): error TS7006: Parameter 'text' implicitly has an 'any' type.
src/ai-gateway/app/(dashboard)/dashboard/settings/components/SystemPromptTab.tsx(47,7): error TS2345: Argument of type 'Timeout' is not assignable to parameter of type 'SetStateAction<null>'.
  Type 'Timeout' provides no match for the signature '(prevState: null): null'.
src/ai-gateway/app/(dashboard)/dashboard/settings/components/SystemPromptTab.tsx(54,5): error TS17004: Cannot use JSX unless the '--jsx' flag is provided.
src/ai-gateway/app/(dashboard)/dashboard/settings/components/SystemPromptTab.tsx(55,7): error TS17004: Cannot use JSX unless the '--jsx' flag is provided.
src/ai-gateway/app/(dashboard)/dashboard/settings/components/SystemPromptTab.tsx(56,9): error TS17004: Cannot use JSX unless the '--jsx' flag is provided.
src/ai-gateway/app/(dashboard)/dashboard/settings/components/SystemPromptTab.tsx(57,11): error TS17004: Cannot use JSX unless the '--jsx' flag is provided.
src/ai-gateway/app/(dashboard)/dashboard/settings/components/SystemPromptTab.tsx(61,9): error TS17004: Cannot use JSX unless the '--jsx' flag is provided.
src/ai-gateway/app/(dashboard)/dashboard/settings/components/SystemPromptTab.tsx(62,11): error TS17004: Cannot use JSX unless the '--jsx' flag is provided.
src/ai-gateway/app/(dashboard)/dashboard/settings/components/SystemPromptTab.tsx(63,11): error TS17004: Cannot use JSX unless the '--jsx' flag is provided.
src/ai-gateway/app/(dashboard)/dashboard/settings/components/SystemPromptTab.tsx(65,9): error TS17004: Cannot use JSX unless the '--jsx' flag is provided.
src/ai-gateway/app/(dashboard)/dashboard/settings/components/SystemPromptTab.tsx(67,13): error TS17004: Cannot use JSX unless the '--jsx' flag is provided.
src/ai-gateway/app/(dashboard)/dashboard/settings/components/SystemPromptTab.tsx(68,15): error TS17004: Cannot use JSX unless the '--jsx' flag is provided.
src/ai-gateway/app/(dashboard)/dashboard/settings/components/SystemPromptTab.tsx(72,11): error TS17004: Cannot use JSX unless the '--jsx' flag is provided.
src/ai-gateway/app/(dashboard)/dashboard/settings/components/SystemPromptTab.tsx(81,9): error TS17004: Cannot use JSX unless the '--jsx' flag is provided.
src/ai-gateway/app/(dashboard)/dashboard/settings/components/SystemPromptTab.tsx(82,11): error TS17004: Cannot use JSX unless the '--jsx' flag is provided.
src/ai-gateway/app/(dashboard)/dashboard/settings/components/SystemPromptTab.tsx(83,13): error TS17004: Cannot use JSX unless the '--jsx' flag is provided.
src/ai-gateway/app/(dashboard)/dashboard/settings/components/SystemPromptTab.tsx(94,13): error TS17004: Cannot use JSX unless the '--jsx' flag is provided.
src/ai-gateway/app/(dashboard)/dashboard/settings/components/SystemPromptTab.tsx(98,11): error TS17004: Cannot use JSX unless the '--jsx' flag is provided.
src/ai-gateway/app/(dashboard)/dashboard/settings/components/SystemPromptTab.tsx(99,13): error TS17004: Cannot use JSX unless the '--jsx' flag is provided.
src/ai-gateway/app/(dashboard)/dashboard/settings/components/SystemStorageTab.tsx(3,37): error TS2307: Cannot find module '@/shared/components' or its corresponding type declarations.
src/ai-gateway/app/(dashboard)/dashboard/settings/components/SystemStorageTab.tsx(4,44): error TS2307: Cannot find module 'next-intl' or its corresponding type declarations.
src/ai-gateway/app/(dashboard)/dashboard/settings/components/SystemStorageTab.tsx(54,5): error TS17004: Cannot use JSX unless the '--jsx' flag is provided.
src/ai-gateway/app/(dashboard)/dashboard/settings/components/SystemStorageTab.tsx(55,7): error TS17004: Cannot use JSX unless the '--jsx' flag is provided.
src/ai-gateway/app/(dashboard)/dashboard/settings/components/SystemStorageTab.tsx(56,9): error TS17004: Cannot use JSX unless the '--jsx' flag is provided.
src/ai-gateway/app/(dashboard)/dashboard/settings/components/SystemStorageTab.tsx(57,11): error TS17004: Cannot use JSX unless the '--jsx' flag is provided.
src/ai-gateway/app/(dashboard)/dashboard/settings/components/SystemStorageTab.tsx(61,9): error TS17004: Cannot use JSX unless the '--jsx' flag is provided.
src/ai-gateway/app/(dashboard)/dashboard/settings/components/SystemStorageTab.tsx(62,11): error TS17004: Cannot use JSX unless the '--jsx' flag is provided.
src/ai-gateway/app/(dashboard)/dashboard/settings/components/SystemStorageTab.tsx(63,11): error TS17004: Cannot use JSX unless the '--jsx' flag is provided.
src/ai-gateway/app/(dashboard)/dashboard/settings/components/SystemStorageTab.tsx(65,9): error TS17004: Cannot use JSX unless the '--jsx' flag is provided.
src/ai-gateway/app/(dashboard)/dashboard/settings/components/SystemStorageTab.tsx(71,7): error TS17004: Cannot use JSX unless the '--jsx' flag is provided.
src/ai-gateway/app/(dashboard)/dashboard/settings/components/SystemStorageTab.tsx(72,9): error TS17004: Cannot use JSX unless the '--jsx' flag is provided.
src/ai-gateway/app/(dashboard)/dashboard/settings/components/SystemStorageTab.tsx(73,11): error TS17004: Cannot use JSX unless the '--jsx' flag is provided.
src/ai-gateway/app/(dashboard)/dashboard/settings/components/SystemStorageTab.tsx(76,11): error TS17004: Cannot use JSX unless the '--jsx' flag is provided.
src/ai-gateway/app/(dashboard)/dashboard/settings/components/SystemStorageTab.tsx(80,9): error TS17004: Cannot use JSX unless the '--jsx' flag is provided.
src/ai-gateway/app/(dashboard)/dashboard/settings/components/SystemStorageTab.tsx(81,11): error TS17004: Cannot use JSX unless the '--jsx' flag is provided.
src/ai-gateway/app/(dashboard)/dashboard/settings/components/SystemStorageTab.tsx(84,11): error TS17004: Cannot use JSX unless the '--jsx' flag is provided.
src/ai-gateway/app/(dashboard)/dashboard/settings/components/SystemStorageTab.tsx(88,7): error TS17004: Cannot use JSX unless the '--jsx' flag is provided.
src/ai-gateway/app/(dashboard)/dashboard/settings/components/SystemStorageTab.tsx(89,9): error TS17004: Cannot use JSX unless the '--jsx' flag is provided.
src/ai-gateway/app/(dashboard)/dashboard/settings/components/SystemStorageTab.tsx(90,11): error TS17004: Cannot use JSX unless the '--jsx' flag is provided.
src/ai-gateway/app/(dashboard)/dashboard/settings/components/SystemStorageTab.tsx(91,13): error TS17004: Cannot use JSX unless the '--jsx' flag is provided.
src/ai-gateway/app/(dashboard)/dashboard/settings/components/SystemStorageTab.tsx(92,13): error TS17004: Cannot use JSX unless the '--jsx' flag is provided.
src/ai-gateway/app/(dashboard)/dashboard/settings/components/SystemStorageTab.tsx(93,41): error TS17004: Cannot use JSX unless the '--jsx' flag is provided.
src/ai-gateway/app/(dashboard)/dashboard/settings/components/SystemStorageTab.tsx(94,49): error TS17004: Cannot use JSX unless the '--jsx' flag is provided.
src/ai-gateway/app/(dashboard)/dashboard/settings/components/SystemStorageTab.tsx(98,11): error TS17004: Cannot use JSX unless the '--jsx' flag is provided.
src/ai-gateway/app/(dashboard)/dashboard/settings/components/SystemStorageTab.tsx(99,13): error TS17004: Cannot use JSX unless the '--jsx' flag is provided.
src/ai-gateway/app/(dashboard)/dashboard/settings/components/SystemStorageTab.tsx(102,13): error TS17004: Cannot use JSX unless the '--jsx' flag is provided.
src/ai-gateway/app/(dashboard)/dashboard/settings/components/SystemStorageTab.tsx(105,13): error TS17004: Cannot use JSX unless the '--jsx' flag is provided.
src/ai-gateway/app/(dashboard)/dashboard/settings/components/SystemStorageTab.tsx(113,7): error TS17004: Cannot use JSX unless the '--jsx' flag is provided.
src/ai-gateway/app/(dashboard)/dashboard/settings/components/SystemStorageTab.tsx(114,9): error TS17004: Cannot use JSX unless the '--jsx' flag is provided.
src/ai-gateway/app/(dashboard)/dashboard/settings/components/SystemStorageTab.tsx(115,11): error TS17004: Cannot use JSX unless the '--jsx' flag is provided.
src/ai-gateway/app/(dashboard)/dashboard/settings/components/SystemStorageTab.tsx(120,9): error TS17004: Cannot use JSX unless the '--jsx' flag is provided.
src/ai-gateway/app/(dashboard)/dashboard/settings/components/SystemStorageTab.tsx(126,11): error TS17004: Cannot use JSX unless the '--jsx' flag is provided.
src/ai-gateway/app/(dashboard)/dashboard/settings/components/SystemStorageTab.tsx(131,9): error TS17004: Cannot use JSX unless the '--jsx' flag is provided.
src/ai-gateway/app/(dashboard)/dashboard/settings/components/SystemStorageTab.tsx(132,11): error TS17004: Cannot use JSX unless the '--jsx' flag is provided.
src/ai-gateway/app/(dashboard)/dashboard/settings/components/SystemStorageTab.tsx(137,9): error TS17004: Cannot use JSX unless the '--jsx' flag is provided.
src/ai-gateway/app/(dashboard)/dashboard/settings/components/SystemStorageTab.tsx(144,9): error TS17004: Cannot use JSX unless the '--jsx' flag is provided.
src/ai-gateway/app/(dashboard)/dashboard/settings/components/SystemStorageTab.tsx(145,11): error TS17004: Cannot use JSX unless the '--jsx' flag is provided.
src/ai-gateway/app/(dashboard)/dashboard/settings/components/SystemStorageTab.tsx(150,9): error TS17004: Cannot use JSX unless the '--jsx' flag is provided.
src/ai-gateway/app/(dashboard)/dashboard/settings/components/SystemStorageTab.tsx(151,11): error TS17004: Cannot use JSX unless the '--jsx' flag is provided.
src/ai-gateway/app/(dashboard)/dashboard/settings/components/SystemStorageTab.tsx(156,9): error TS17004: Cannot use JSX unless the '--jsx' flag is provided.
src/ai-gateway/app/(dashboard)/dashboard/settings/components/SystemStorageTab.tsx(167,9): error TS17004: Cannot use JSX unless the '--jsx' flag is provided.
src/ai-gateway/app/(dashboard)/dashboard/settings/components/SystemStorageTab.tsx(168,11): error TS17004: Cannot use JSX unless the '--jsx' flag is provided.
src/ai-gateway/app/(dashboard)/dashboard/settings/components/SystemStorageTab.tsx(169,13): error TS17004: Cannot use JSX unless the '--jsx' flag is provided.
src/ai-gateway/app/(dashboard)/dashboard/settings/components/SystemStorageTab.tsx(175,13): error TS17004: Cannot use JSX unless the '--jsx' flag is provided.
src/ai-gateway/app/(dashboard)/dashboard/settings/components/SystemStorageTab.tsx(176,15): error TS17004: Cannot use JSX unless the '--jsx' flag is provided.
src/ai-gateway/app/(dashboard)/dashboard/settings/components/SystemStorageTab.tsx(177,15): error TS17004: Cannot use JSX unless the '--jsx' flag is provided.
src/ai-gateway/app/(dashboard)/dashboard/settings/components/SystemStorageTab.tsx(180,15): error TS17004: Cannot use JSX unless the '--jsx' flag is provided.
src/ai-gateway/app/(dashboard)/dashboard/settings/components/SystemStorageTab.tsx(181,17): error TS17004: Cannot use JSX unless the '--jsx' flag is provided.
src/ai-gateway/app/(dashboard)/dashboard/settings/components/SystemStorageTab.tsx(189,17): error TS17004: Cannot use JSX unless the '--jsx' flag is provided.
src/ai-gateway/app/(dashboard)/dashboard/settings/components/SystemStorageTab.tsx(200,9): error TS17004: Cannot use JSX unless the '--jsx' flag is provided.
src/ai-gateway/app/(dashboard)/dashboard/settings/components/SystemStorageTab.tsx(208,11): error TS17004: Cannot use JSX unless the '--jsx' flag is provided.
src/ai-gateway/app/(dashboard)/dashboard/settings/components/SystemStorageTab.tsx(209,13): error TS17004: Cannot use JSX unless the '--jsx' flag is provided.
src/ai-gateway/app/(dashboard)/dashboard/settings/components/SystemStorageTab.tsx(216,7): error TS17004: Cannot use JSX unless the '--jsx' flag is provided.
src/ai-gateway/app/(dashboard)/dashboard/settings/components/SystemStorageTab.tsx(217,9): error TS17004: Cannot use JSX unless the '--jsx' flag is provided.
src/ai-gateway/app/(dashboard)/dashboard/settings/components/SystemStorageTab.tsx(218,11): error TS17004: Cannot use JSX unless the '--jsx' flag is provided.
src/ai-gateway/app/(dashboard)/dashboard/settings/components/SystemStorageTab.tsx(221,11): error TS17004: Cannot use JSX unless the '--jsx' flag is provided.
src/ai-gateway/app/(dashboard)/dashboard/settings/components/SystemStorageTab.tsx(222,13): error TS17004: Cannot use JSX unless the '--jsx' flag is provided.
src/ai-gateway/app/(dashboard)/dashboard/settings/components/SystemStorageTab.tsx(223,13): error TS17004: Cannot use JSX unless the '--jsx' flag is provided.
src/ai-gateway/app/(dashboard)/dashboard/settings/components/SystemStorageTab.tsx(230,9): error TS17004: Cannot use JSX unless the '--jsx' flag is provided.
src/ai-gateway/app/(dashboard)/dashboard/settings/components/SystemStorageTab.tsx(236,11): error TS17004: Cannot use JSX unless the '--jsx' flag is provided.
src/ai-gateway/app/(dashboard)/dashboard/settings/components/SystemStorageTab.tsx(244,9): error TS17004: Cannot use JSX unless the '--jsx' flag is provided.
src/ai-gateway/app/(dashboard)/dashboard/settings/components/SystemStorageTab.tsx(254,11): error TS17004: Cannot use JSX unless the '--jsx' flag is provided.
src/ai-gateway/app/(dashboard)/dashboard/settings/components/SystemStorageTab.tsx(255,13): error TS17004: Cannot use JSX unless the '--jsx' flag is provided.
src/ai-gateway/app/(dashboard)/dashboard/settings/components/SystemStorageTab.tsx(268,7): error TS17004: Cannot use JSX unless the '--jsx' flag is provided.
src/ai-gateway/app/(dashboard)/dashboard/settings/components/SystemStorageTab.tsx(269,9): error TS17004: Cannot use JSX unless the '--jsx' flag is provided.
src/ai-gateway/app/(dashboard)/dashboard/settings/components/SystemStorageTab.tsx(270,11): error TS17004: Cannot use JSX unless the '--jsx' flag is provided.
src/ai-gateway/app/(dashboard)/dashboard/settings/components/SystemStorageTab.tsx(273,11): error TS17004: Cannot use JSX unless the '--jsx' flag is provided.
src/ai-gateway/app/(dashboard)/dashboard/settings/components/SystemStorageTab.tsx(275,9): error TS17004: Cannot use JSX unless the '--jsx' flag is provided.
src/ai-gateway/app/(dashboard)/dashboard/settings/components/SystemStorageTab.tsx(276,11): error TS17004: Cannot use JSX unless the '--jsx' flag is provided.
src/ai-gateway/app/(dashboard)/dashboard/settings/components/SystemStorageTab.tsx(282,13): error TS17004: Cannot use JSX unless the '--jsx' flag is provided.
src/ai-gateway/app/(dashboard)/dashboard/settings/components/SystemStorageTab.tsx(287,11): error TS17004: Cannot use JSX unless the '--jsx' flag is provided.
src/ai-gateway/app/(dashboard)/dashboard/settings/components/SystemStorageTab.tsx(293,13): error TS17004: Cannot use JSX unless the '--jsx' flag is provided.
src/ai-gateway/app/(dashboard)/dashboard/settings/components/SystemStorageTab.tsx(300,11): error TS17004: Cannot use JSX unless the '--jsx' flag is provided.
src/ai-gateway/app/(dashboard)/dashboard/settings/components/SystemStorageTab.tsx(302,15): error TS17004: Cannot use JSX unless the '--jsx' flag is provided.
src/ai-gateway/app/(dashboard)/dashboard/settings/components/SystemStorageTab.tsx(310,17): error TS17004: Cannot use JSX unless the '--jsx' flag is provided.
src/ai-gateway/app/(dashboard)/dashboard/settings/components/SystemStorageTab.tsx(311,19): error TS17004: Cannot use JSX unless the '--jsx' flag is provided.
src/ai-gateway/app/(dashboard)/dashboard/settings/components/SystemStorageTab.tsx(319,15): error TS17004: Cannot use JSX unless the '--jsx' flag is provided.
src/ai-gateway/app/(dashboard)/dashboard/settings/components/SystemStorageTab.tsx(327,17): error TS17004: Cannot use JSX unless the '--jsx' flag is provided.
src/ai-gateway/app/(dashboard)/dashboard/settings/components/SystemStorageTab.tsx(328,19): error TS17004: Cannot use JSX unless the '--jsx' flag is provided.
src/ai-gateway/app/(dashboard)/dashboard/settings/components/SystemStorageTab.tsx(340,7): error TS17004: Cannot use JSX unless the '--jsx' flag is provided.
src/ai-gateway/app/(dashboard)/dashboard/settings/components/SystemStorageTab.tsx(341,9): error TS17004: Cannot use JSX unless the '--jsx' flag is provided.
src/ai-gateway/app/(dashboard)/dashboard/settings/components/SystemStorageTab.tsx(342,11): error TS17004: Cannot use JSX unless the '--jsx' flag is provided.
src/ai-gateway/app/(dashboard)/dashboard/settings/components/SystemStorageTab.tsx(343,13): error TS17004: Cannot use JSX unless the '--jsx' flag is provided.
src/ai-gateway/app/(dashboard)/dashboard/settings/components/SystemStorageTab.tsx(349,13): error TS17004: Cannot use JSX unless the '--jsx' flag is provided.
src/ai-gateway/app/(dashboard)/dashboard/settings/components/SystemStorageTab.tsx(351,11): error TS17004: Cannot use JSX unless the '--jsx' flag is provided.
src/ai-gateway/app/(dashboard)/dashboard/settings/components/SystemStorageTab.tsx(359,9): error TS17004: Cannot use JSX unless the '--jsx' flag is provided.
src/ai-gateway/app/(dashboard)/dashboard/settings/components/SystemStorageTab.tsx(362,11): error TS17004: Cannot use JSX unless the '--jsx' flag is provided.
src/ai-gateway/app/(dashboard)/dashboard/settings/components/SystemStorageTab.tsx(370,13): error TS17004: Cannot use JSX unless the '--jsx' flag is provided.
src/ai-gateway/app/(dashboard)/dashboard/settings/components/SystemStorageTab.tsx(371,15): error TS17004: Cannot use JSX unless the '--jsx' flag is provided.
src/ai-gateway/app/(dashboard)/dashboard/settings/components/SystemStorageTab.tsx(380,11): error TS17004: Cannot use JSX unless the '--jsx' flag is provided.
src/ai-gateway/app/(dashboard)/dashboard/settings/components/SystemStorageTab.tsx(382,15): error TS17004: Cannot use JSX unless the '--jsx' flag is provided.
src/ai-gateway/app/(dashboard)/dashboard/settings/components/SystemStorageTab.tsx(383,17): error TS17004: Cannot use JSX unless the '--jsx' flag is provided.
src/ai-gateway/app/(dashboard)/dashboard/settings/components/SystemStorageTab.tsx(392,15): error TS17004: Cannot use JSX unless the '--jsx' flag is provided.
src/ai-gateway/app/(dashboard)/dashboard/settings/components/SystemStorageTab.tsx(393,17): error TS17004: Cannot use JSX unless the '--jsx' flag is provided.
src/ai-gateway/app/(dashboard)/dashboard/settings/components/SystemStorageTab.tsx(402,15): error TS17004: Cannot use JSX unless the '--jsx' flag is provided.
src/ai-gateway/app/(dashboard)/dashboard/settings/components/SystemStorageTab.tsx(403,17): error TS17004: Cannot use JSX unless the '--jsx' flag is provided.
src/ai-gateway/app/(dashboard)/dashboard/settings/components/SystemStorageTab.tsx(404,19): error TS17004: Cannot use JSX unless the '--jsx' flag is provided.
src/ai-gateway/app/(dashboard)/dashboard/settings/components/SystemStorageTab.tsx(407,19): error TS17004: Cannot use JSX unless the '--jsx' flag is provided.
src/ai-gateway/app/(dashboard)/dashboard/settings/components/SystemStorageTab.tsx(411,21): error TS17004: Cannot use JSX unless the '--jsx' flag is provided.
src/ai-gateway/app/(dashboard)/dashboard/settings/components/SystemStorageTab.tsx(418,19): error TS17004: Cannot use JSX unless the '--jsx' flag is provided.
src/ai-gateway/app/(dashboard)/dashboard/settings/components/SystemStorageTab.tsx(422,21): error TS17004: Cannot use JSX unless the '--jsx' flag is provided.
src/ai-gateway/app/(dashboard)/dashboard/settings/components/SystemStorageTab.tsx(423,23): error TS17004: Cannot use JSX unless the '--jsx' flag is provided.
src/ai-gateway/app/(dashboard)/dashboard/settings/components/SystemStorageTab.tsx(424,25): error TS17004: Cannot use JSX unless the '--jsx' flag is provided.
src/ai-gateway/app/(dashboard)/dashboard/settings/components/SystemStorageTab.tsx(430,25): error TS17004: Cannot use JSX unless the '--jsx' flag is provided.
src/ai-gateway/app/(dashboard)/dashboard/settings/components/SystemStorageTab.tsx(433,25): error TS17004: Cannot use JSX unless the '--jsx' flag is provided.
src/ai-gateway/app/(dashboard)/dashboard/settings/components/SystemStorageTab.tsx(446,23): error TS17004: Cannot use JSX unless the '--jsx' flag is provided.
src/ai-gateway/app/(dashboard)/dashboard/settings/components/SystemStorageTab.tsx(447,25): error TS17004: Cannot use JSX unless the '--jsx' flag is provided.
src/ai-gateway/app/(dashboard)/dashboard/settings/components/SystemStorageTab.tsx(448,25): error TS17004: Cannot use JSX unless the '--jsx' flag is provided.
src/ai-gateway/app/(dashboard)/dashboard/settings/components/SystemStorageTab.tsx(449,25): error TS17004: Cannot use JSX unless the '--jsx' flag is provided.
src/ai-gateway/app/(dashboard)/dashboard/settings/components/SystemStorageTab.tsx(452,21): error TS17004: Cannot use JSX unless the '--jsx' flag is provided.
src/ai-gateway/app/(dashboard)/dashboard/settings/components/SystemStorageTab.tsx(454,25): error TS17004: Cannot use JSX unless the '--jsx' flag is provided.
src/ai-gateway/app/(dashboard)/dashboard/settings/components/SystemStorageTab.tsx(455,27): error TS17004: Cannot use JSX unless the '--jsx' flag is provided.
src/ai-gateway/app/(dashboard)/dashboard/settings/components/SystemStorageTab.tsx(456,27): error TS17004: Cannot use JSX unless the '--jsx' flag is provided.
src/ai-gateway/app/(dashboard)/dashboard/settings/components/SystemStorageTab.tsx(465,27): error TS17004: Cannot use JSX unless the '--jsx' flag is provided.
src/ai-gateway/app/(dashboard)/dashboard/settings/components/SystemStorageTab.tsx(474,25): error TS17004: Cannot use JSX unless the '--jsx' flag is provided.
src/ai-gateway/app/(dashboard)/dashboard/settings/components/SystemStorageTab.tsx(479,27): error TS17004: Cannot use JSX unless the '--jsx' flag is provided.
src/ai-gateway/app/(dashboard)/dashboard/settings/components/ThinkingBudgetTab.tsx(4,22): error TS2307: Cannot find module '@/shared/components' or its corresponding type declarations.
src/ai-gateway/app/(dashboard)/dashboard/settings/components/ThinkingBudgetTab.tsx(5,33): error TS2307: Cannot find module 'next-intl' or its corresponding type declarations.
src/ai-gateway/app/(dashboard)/dashboard/settings/components/ThinkingBudgetTab.tsx(62,23): error TS7006: Parameter 'updates' implicitly has an 'any' type.
src/ai-gateway/app/(dashboard)/dashboard/settings/components/ThinkingBudgetTab.tsx(87,5): error TS17004: Cannot use JSX unless the '--jsx' flag is provided.
src/ai-gateway/app/(dashboard)/dashboard/settings/components/ThinkingBudgetTab.tsx(88,7): error TS17004: Cannot use JSX unless the '--jsx' flag is provided.
src/ai-gateway/app/(dashboard)/dashboard/settings/components/ThinkingBudgetTab.tsx(89,9): error TS17004: Cannot use JSX unless the '--jsx' flag is provided.
src/ai-gateway/app/(dashboard)/dashboard/settings/components/ThinkingBudgetTab.tsx(90,11): error TS17004: Cannot use JSX unless the '--jsx' flag is provided.
src/ai-gateway/app/(dashboard)/dashboard/settings/components/ThinkingBudgetTab.tsx(94,9): error TS17004: Cannot use JSX unless the '--jsx' flag is provided.
src/ai-gateway/app/(dashboard)/dashboard/settings/components/ThinkingBudgetTab.tsx(95,11): error TS17004: Cannot use JSX unless the '--jsx' flag is provided.
src/ai-gateway/app/(dashboard)/dashboard/settings/components/ThinkingBudgetTab.tsx(96,11): error TS17004: Cannot use JSX unless the '--jsx' flag is provided.
src/ai-gateway/app/(dashboard)/dashboard/settings/components/ThinkingBudgetTab.tsx(99,11): error TS17004: Cannot use JSX unless the '--jsx' flag is provided.
src/ai-gateway/app/(dashboard)/dashboard/settings/components/ThinkingBudgetTab.tsx(100,13): error TS17004: Cannot use JSX unless the '--jsx' flag is provided.
src/ai-gateway/app/(dashboard)/dashboard/settings/components/ThinkingBudgetTab.tsx(106,7): error TS17004: Cannot use JSX unless the '--jsx' flag is provided.
src/ai-gateway/app/(dashboard)/dashboard/settings/components/ThinkingBudgetTab.tsx(108,11): error TS17004: Cannot use JSX unless the '--jsx' flag is provided.
src/ai-gateway/app/(dashboard)/dashboard/settings/components/ThinkingBudgetTab.tsx(118,13): error TS17004: Cannot use JSX unless the '--jsx' flag is provided.
src/ai-gateway/app/(dashboard)/dashboard/settings/components/ThinkingBudgetTab.tsx(125,13): error TS17004: Cannot use JSX unless the '--jsx' flag is provided.
src/ai-gateway/app/(dashboard)/dashboard/settings/components/ThinkingBudgetTab.tsx(126,15): error TS17004: Cannot use JSX unless the '--jsx' flag is provided.
src/ai-gateway/app/(dashboard)/dashboard/settings/components/ThinkingBudgetTab.tsx(131,15): error TS17004: Cannot use JSX unless the '--jsx' flag is provided.
src/ai-gateway/app/(dashboard)/dashboard/settings/components/ThinkingBudgetTab.tsx(139,9): error TS17004: Cannot use JSX unless the '--jsx' flag is provided.
src/ai-gateway/app/(dashboard)/dashboard/settings/components/ThinkingBudgetTab.tsx(140,11): error TS17004: Cannot use JSX unless the '--jsx' flag is provided.
src/ai-gateway/app/(dashboard)/dashboard/settings/components/ThinkingBudgetTab.tsx(141,13): error TS17004: Cannot use JSX unless the '--jsx' flag is provided.
src/ai-gateway/app/(dashboard)/dashboard/settings/components/ThinkingBudgetTab.tsx(142,13): error TS17004: Cannot use JSX unless the '--jsx' flag is provided.
src/ai-gateway/app/(dashboard)/dashboard/settings/components/ThinkingBudgetTab.tsx(146,11): error TS17004: Cannot use JSX unless the '--jsx' flag is provided.
src/ai-gateway/app/(dashboard)/dashboard/settings/components/ThinkingBudgetTab.tsx(155,11): error TS17004: Cannot use JSX unless the '--jsx' flag is provided.
src/ai-gateway/app/(dashboard)/dashboard/settings/components/ThinkingBudgetTab.tsx(156,13): error TS17004: Cannot use JSX unless the '--jsx' flag is provided.
src/ai-gateway/app/(dashboard)/dashboard/settings/components/ThinkingBudgetTab.tsx(157,13): error TS17004: Cannot use JSX unless the '--jsx' flag is provided.
src/ai-gateway/app/(dashboard)/dashboard/settings/components/ThinkingBudgetTab.tsx(158,13): error TS17004: Cannot use JSX unless the '--jsx' flag is provided.
src/ai-gateway/app/(dashboard)/dashboard/settings/components/ThinkingBudgetTab.tsx(159,13): error TS17004: Cannot use JSX unless the '--jsx' flag is provided.
src/ai-gateway/app/(dashboard)/dashboard/settings/components/ThinkingBudgetTab.tsx(160,13): error TS17004: Cannot use JSX unless the '--jsx' flag is provided.
src/ai-gateway/app/(dashboard)/dashboard/settings/components/ThinkingBudgetTab.tsx(167,9): error TS17004: Cannot use JSX unless the '--jsx' flag is provided.
src/ai-gateway/app/(dashboard)/dashboard/settings/components/ThinkingBudgetTab.tsx(168,11): error TS17004: Cannot use JSX unless the '--jsx' flag is provided.
src/ai-gateway/app/(dashboard)/dashboard/settings/components/ThinkingBudgetTab.tsx(169,11): error TS17004: Cannot use JSX unless the '--jsx' flag is provided.
src/ai-gateway/app/(dashboard)/dashboard/settings/components/ThinkingBudgetTab.tsx(170,11): error TS17004: Cannot use JSX unless the '--jsx' flag is provided.
src/ai-gateway/app/(dashboard)/dashboard/settings/components/ThinkingBudgetTab.tsx(172,15): error TS17004: Cannot use JSX unless the '--jsx' flag is provided.
src/ai-gateway/app/(dashboard)/dashboard/settings/error.tsx(11,5): error TS17004: Cannot use JSX unless the '--jsx' flag is provided.
src/ai-gateway/app/(dashboard)/dashboard/settings/error.tsx(16,7): error TS17004: Cannot use JSX unless the '--jsx' flag is provided.
src/ai-gateway/app/(dashboard)/dashboard/settings/error.tsx(17,9): error TS17004: Cannot use JSX unless the '--jsx' flag is provided.
src/ai-gateway/app/(dashboard)/dashboard/settings/error.tsx(20,9): error TS17004: Cannot use JSX unless the '--jsx' flag is provided.
src/ai-gateway/app/(dashboard)/dashboard/settings/error.tsx(24,11): error TS17004: Cannot use JSX unless the '--jsx' flag is provided.
src/ai-gateway/app/(dashboard)/dashboard/settings/error.tsx(27,11): error TS17004: Cannot use JSX unless the '--jsx' flag is provided.
src/ai-gateway/app/(dashboard)/dashboard/settings/error.tsx(29,9): error TS17004: Cannot use JSX unless the '--jsx' flag is provided.
src/ai-gateway/app/(dashboard)/dashboard/settings/loading.tsx(3,26): error TS2307: Cannot find module '@/shared/components/Loading' or its corresponding type declarations.
src/ai-gateway/app/(dashboard)/dashboard/settings/loading.tsx(7,5): error TS17004: Cannot use JSX unless the '--jsx' flag is provided.
src/ai-gateway/app/(dashboard)/dashboard/settings/loading.tsx(8,7): error TS17004: Cannot use JSX unless the '--jsx' flag is provided.
src/ai-gateway/app/(dashboard)/dashboard/settings/loading.tsx(9,7): error TS17004: Cannot use JSX unless the '--jsx' flag is provided.
src/ai-gateway/app/(dashboard)/dashboard/settings/loading.tsx(11,11): error TS17004: Cannot use JSX unless the '--jsx' flag is provided.
src/ai-gateway/app/(dashboard)/dashboard/settings/loading.tsx(12,13): error TS17004: Cannot use JSX unless the '--jsx' flag is provided.
src/ai-gateway/app/(dashboard)/dashboard/settings/loading.tsx(13,13): error TS17004: Cannot use JSX unless the '--jsx' flag is provided.
src/ai-gateway/app/(dashboard)/dashboard/settings/page.tsx(4,33): error TS2307: Cannot find module 'next/navigation' or its corresponding type declarations.
src/ai-gateway/app/(dashboard)/dashboard/settings/page.tsx(5,20): error TS2307: Cannot find module '@/shared/utils/cn' or its corresponding type declarations.
src/ai-gateway/app/(dashboard)/dashboard/settings/page.tsx(6,28): error TS2307: Cannot find module '@/shared/constants/config' or its corresponding type declarations.
src/ai-gateway/app/(dashboard)/dashboard/settings/page.tsx(7,33): error TS2307: Cannot find module 'next-intl' or its corresponding type declarations.
src/ai-gateway/app/(dashboard)/dashboard/settings/page.tsx(8,30): error TS6142: Module './components/SystemStorageTab' was resolved to 'C:/TESTES DEV/1_PROJETOS_ATIVOS/Zavorth/src/ai-gateway/app/(dashboard)/dashboard/settings/components/SystemStorageTab.tsx', but '--jsx' is not set.
src/ai-gateway/app/(dashboard)/dashboard/settings/page.tsx(9,25): error TS6142: Module './components/SecurityTab' was resolved to 'C:/TESTES DEV/1_PROJETOS_ATIVOS/Zavorth/src/ai-gateway/app/(dashboard)/dashboard/settings/components/SecurityTab.tsx', but '--jsx' is not set.
src/ai-gateway/app/(dashboard)/dashboard/settings/page.tsx(10,24): error TS6142: Module './components/RoutingTab' was resolved to 'C:/TESTES DEV/1_PROJETOS_ATIVOS/Zavorth/src/ai-gateway/app/(dashboard)/dashboard/settings/components/RoutingTab.tsx', but '--jsx' is not set.
src/ai-gateway/app/(dashboard)/dashboard/settings/page.tsx(11,30): error TS6142: Module './components/ComboDefaultsTab' was resolved to 'C:/TESTES DEV/1_PROJETOS_ATIVOS/Zavorth/src/ai-gateway/app/(dashboard)/dashboard/settings/components/ComboDefaultsTab.tsx', but '--jsx' is not set.
src/ai-gateway/app/(dashboard)/dashboard/settings/page.tsx(12,22): error TS6142: Module './components/ProxyTab' was resolved to 'C:/TESTES DEV/1_PROJETOS_ATIVOS/Zavorth/src/ai-gateway/app/(dashboard)/dashboard/settings/components/ProxyTab.tsx', but '--jsx' is not set.
src/ai-gateway/app/(dashboard)/dashboard/settings/page.tsx(13,27): error TS6142: Module './components/AppearanceTab' was resolved to 'C:/TESTES DEV/1_PROJETOS_ATIVOS/Zavorth/src/ai-gateway/app/(dashboard)/dashboard/settings/components/AppearanceTab.tsx', but '--jsx' is not set.
src/ai-gateway/app/(dashboard)/dashboard/settings/page.tsx(14,31): error TS6142: Module './components/ThinkingBudgetTab' was resolved to 'C:/TESTES DEV/1_PROJETOS_ATIVOS/Zavorth/src/ai-gateway/app/(dashboard)/dashboard/settings/components/ThinkingBudgetTab.tsx', but '--jsx' is not set.
src/ai-gateway/app/(dashboard)/dashboard/settings/page.tsx(15,33): error TS6142: Module './components/CodexServiceTierTab' was resolved to 'C:/TESTES DEV/1_PROJETOS_ATIVOS/Zavorth/src/ai-gateway/app/(dashboard)/dashboard/settings/components/CodexServiceTierTab.tsx', but '--jsx' is not set.
src/ai-gateway/app/(dashboard)/dashboard/settings/page.tsx(16,29): error TS6142: Module './components/SystemPromptTab' was resolved to 'C:/TESTES DEV/1_PROJETOS_ATIVOS/Zavorth/src/ai-gateway/app/(dashboard)/dashboard/settings/components/SystemPromptTab.tsx', but '--jsx' is not set.
src/ai-gateway/app/(dashboard)/dashboard/settings/page.tsx(17,29): error TS6142: Module './components/ModelAliasesTab' was resolved to 'C:/TESTES DEV/1_PROJETOS_ATIVOS/Zavorth/src/ai-gateway/app/(dashboard)/dashboard/settings/components/ModelAliasesTab.tsx', but '--jsx' is not set.
src/ai-gateway/app/(dashboard)/dashboard/settings/page.tsx(18,38): error TS6142: Module './components/BackgroundDegradationTab' was resolved to 'C:/TESTES DEV/1_PROJETOS_ATIVOS/Zavorth/src/ai-gateway/app/(dashboard)/dashboard/settings/components/BackgroundDegradationTab.tsx', but '--jsx' is not set.
src/ai-gateway/app/(dashboard)/dashboard/settings/page.tsx(19,30): error TS6142: Module './components/CacheSettingsTab' was resolved to 'C:/TESTES DEV/1_PROJETOS_ATIVOS/Zavorth/src/ai-gateway/app/(dashboard)/dashboard/settings/components/CacheSettingsTab.tsx', but '--jsx' is not set.
src/ai-gateway/app/(dashboard)/dashboard/settings/page.tsx(20,29): error TS6142: Module './components/MemorySkillsTab' was resolved to 'C:/TESTES DEV/1_PROJETOS_ATIVOS/Zavorth/src/ai-gateway/app/(dashboard)/dashboard/settings/components/MemorySkillsTab.tsx', but '--jsx' is not set.
src/ai-gateway/app/(dashboard)/dashboard/settings/page.tsx(21,30): error TS6142: Module './components/ModelsDevSyncTab' was resolved to 'C:/TESTES DEV/1_PROJETOS_ATIVOS/Zavorth/src/ai-gateway/app/(dashboard)/dashboard/settings/components/ModelsDevSyncTab.tsx', but '--jsx' is not set.
src/ai-gateway/app/(dashboard)/dashboard/settings/page.tsx(22,27): error TS6142: Module './components/ResilienceTab' was resolved to 'C:/TESTES DEV/1_PROJETOS_ATIVOS/Zavorth/src/ai-gateway/app/(dashboard)/dashboard/settings/components/ResilienceTab.tsx', but '--jsx' is not set.
src/ai-gateway/app/(dashboard)/dashboard/settings/page.tsx(23,36): error TS6142: Module './components/CliproxyapiSettingsTab' was resolved to 'C:/TESTES DEV/1_PROJETOS_ATIVOS/Zavorth/src/ai-gateway/app/(dashboard)/dashboard/settings/components/CliproxyapiSettingsTab.tsx', but '--jsx' is not set.
src/ai-gateway/app/(dashboard)/dashboard/settings/page.tsx(43,5): error TS17004: Cannot use JSX unless the '--jsx' flag is provided.
src/ai-gateway/app/(dashboard)/dashboard/settings/page.tsx(44,7): error TS17004: Cannot use JSX unless the '--jsx' flag is provided.
src/ai-gateway/app/(dashboard)/dashboard/settings/page.tsx(46,9): error TS17004: Cannot use JSX unless the '--jsx' flag is provided.
src/ai-gateway/app/(dashboard)/dashboard/settings/page.tsx(47,11): error TS17004: Cannot use JSX unless the '--jsx' flag is provided.
src/ai-gateway/app/(dashboard)/dashboard/settings/page.tsx(53,15): error TS17004: Cannot use JSX unless the '--jsx' flag is provided.
src/ai-gateway/app/(dashboard)/dashboard/settings/page.tsx(58,51): error TS2345: Argument of type 'string' is not assignable to parameter of type 'SetStateAction<null>'.
src/ai-gateway/app/(dashboard)/dashboard/settings/page.tsx(66,17): error TS17004: Cannot use JSX unless the '--jsx' flag is provided.
src/ai-gateway/app/(dashboard)/dashboard/settings/page.tsx(69,17): error TS17004: Cannot use JSX unless the '--jsx' flag is provided.
src/ai-gateway/app/(dashboard)/dashboard/settings/page.tsx(76,9): error TS17004: Cannot use JSX unless the '--jsx' flag is provided.
src/ai-gateway/app/(dashboard)/dashboard/settings/page.tsx(81,13): error TS17004: Cannot use JSX unless the '--jsx' flag is provided.
src/ai-gateway/app/(dashboard)/dashboard/settings/page.tsx(82,15): error TS17004: Cannot use JSX unless the '--jsx' flag is provided.
src/ai-gateway/app/(dashboard)/dashboard/settings/page.tsx(87,13): error TS17004: Cannot use JSX unless the '--jsx' flag is provided.
src/ai-gateway/app/(dashboard)/dashboard/settings/page.tsx(88,15): error TS17004: Cannot use JSX unless the '--jsx' flag is provided.
src/ai-gateway/app/(dashboard)/dashboard/settings/page.tsx(93,13): error TS17004: Cannot use JSX unless the '--jsx' flag is provided.
src/ai-gateway/app/(dashboard)/dashboard/settings/page.tsx(94,15): error TS17004: Cannot use JSX unless the '--jsx' flag is provided.
src/ai-gateway/app/(dashboard)/dashboard/settings/page.tsx(95,15): error TS17004: Cannot use JSX unless the '--jsx' flag is provided.
src/ai-gateway/app/(dashboard)/dashboard/settings/page.tsx(96,15): error TS17004: Cannot use JSX unless the '--jsx' flag is provided.
src/ai-gateway/app/(dashboard)/dashboard/settings/page.tsx(97,15): error TS17004: Cannot use JSX unless the '--jsx' flag is provided.
src/ai-gateway/app/(dashboard)/dashboard/settings/page.tsx(98,15): error TS17004: Cannot use JSX unless the '--jsx' flag is provided.
src/ai-gateway/app/(dashboard)/dashboard/settings/page.tsx(99,15): error TS17004: Cannot use JSX unless the '--jsx' flag is provided.
src/ai-gateway/app/(dashboard)/dashboard/settings/page.tsx(103,40): error TS17004: Cannot use JSX unless the '--jsx' flag is provided.
src/ai-gateway/app/(dashboard)/dashboard/settings/page.tsx(106,13): error TS17004: Cannot use JSX unless the '--jsx' flag is provided.
src/ai-gateway/app/(dashboard)/dashboard/settings/page.tsx(107,15): error TS17004: Cannot use JSX unless the '--jsx' flag is provided.
src/ai-gateway/app/(dashboard)/dashboard/settings/page.tsx(108,15): error TS17004: Cannot use JSX unless the '--jsx' flag is provided.
src/ai-gateway/app/(dashboard)/dashboard/settings/page.tsx(109,15): error TS17004: Cannot use JSX unless the '--jsx' flag is provided.
src/ai-gateway/app/(dashboard)/dashboard/settings/page.tsx(110,15): error TS17004: Cannot use JSX unless the '--jsx' flag is provided.
src/ai-gateway/app/(dashboard)/dashboard/settings/page.tsx(114,42): error TS17004: Cannot use JSX unless the '--jsx' flag is provided.
src/ai-gateway/app/(dashboard)/dashboard/settings/page.tsx(117,13): error TS17004: Cannot use JSX unless the '--jsx' flag is provided.
src/ai-gateway/app/(dashboard)/dashboard/settings/page.tsx(118,15): error TS17004: Cannot use JSX unless the '--jsx' flag is provided.
src/ai-gateway/app/(dashboard)/dashboard/settings/page.tsx(119,15): error TS17004: Cannot use JSX unless the '--jsx' flag is provided.
src/ai-gateway/app/(dashboard)/dashboard/settings/page.tsx(125,9): error TS17004: Cannot use JSX unless the '--jsx' flag is provided.
src/ai-gateway/app/(dashboard)/dashboard/settings/page.tsx(126,11): error TS17004: Cannot use JSX unless the '--jsx' flag is provided.
src/ai-gateway/app/(dashboard)/dashboard/settings/page.tsx(129,11): error TS17004: Cannot use JSX unless the '--jsx' flag is provided.
src/ai-gateway/app/(dashboard)/dashboard/settings/pricing/page.tsx(4,27): error TS2307: Cannot find module 'next/navigation' or its corresponding type declarations.
src/ai-gateway/app/(dashboard)/dashboard/settings/pricing/page.tsx(5,18): error TS2307: Cannot find module '@/shared/components/Card' or its corresponding type declarations.
src/ai-gateway/app/(dashboard)/dashboard/settings/pricing/page.tsx(6,26): error TS2307: Cannot find module '@/shared/components/PricingModal' or its corresponding type declarations.
src/ai-gateway/app/(dashboard)/dashboard/settings/pricing/page.tsx(7,33): error TS2307: Cannot find module 'next-intl' or its corresponding type declarations.
src/ai-gateway/app/(dashboard)/dashboard/settings/pricing/page.tsx(43,28): error TS2407: The right-hand side of a 'for...in' statement must be of type 'any', an object type or a type parameter, but here has type 'never'.
src/ai-gateway/app/(dashboard)/dashboard/settings/pricing/page.tsx(56,5): error TS17004: Cannot use JSX unless the '--jsx' flag is provided.
src/ai-gateway/app/(dashboard)/dashboard/settings/pricing/page.tsx(58,7): error TS17004: Cannot use JSX unless the '--jsx' flag is provided.
src/ai-gateway/app/(dashboard)/dashboard/settings/pricing/page.tsx(59,9): error TS17004: Cannot use JSX unless the '--jsx' flag is provided.
src/ai-gateway/app/(dashboard)/dashboard/settings/pricing/page.tsx(60,11): error TS17004: Cannot use JSX unless the '--jsx' flag is provided.
src/ai-gateway/app/(dashboard)/dashboard/settings/pricing/page.tsx(61,11): error TS17004: Cannot use JSX unless the '--jsx' flag is provided.
src/ai-gateway/app/(dashboard)/dashboard/settings/pricing/page.tsx(63,9): error TS17004: Cannot use JSX unless the '--jsx' flag is provided.
src/ai-gateway/app/(dashboard)/dashboard/settings/pricing/page.tsx(72,7): error TS17004: Cannot use JSX unless the '--jsx' flag is provided.
src/ai-gateway/app/(dashboard)/dashboard/settings/pricing/page.tsx(73,9): error TS17004: Cannot use JSX unless the '--jsx' flag is provided.
src/ai-gateway/app/(dashboard)/dashboard/settings/pricing/page.tsx(74,11): error TS17004: Cannot use JSX unless the '--jsx' flag is provided.
src/ai-gateway/app/(dashboard)/dashboard/settings/pricing/page.tsx(75,11): error TS17004: Cannot use JSX unless the '--jsx' flag is provided.
src/ai-gateway/app/(dashboard)/dashboard/settings/pricing/page.tsx(77,9): error TS17004: Cannot use JSX unless the '--jsx' flag is provided.
src/ai-gateway/app/(dashboard)/dashboard/settings/pricing/page.tsx(78,11): error TS17004: Cannot use JSX unless the '--jsx' flag is provided.
src/ai-gateway/app/(dashboard)/dashboard/settings/pricing/page.tsx(79,11): error TS17004: Cannot use JSX unless the '--jsx' flag is provided.
src/ai-gateway/app/(dashboard)/dashboard/settings/pricing/page.tsx(81,9): error TS17004: Cannot use JSX unless the '--jsx' flag is provided.
src/ai-gateway/app/(dashboard)/dashboard/settings/pricing/page.tsx(82,11): error TS17004: Cannot use JSX unless the '--jsx' flag is provided.
src/ai-gateway/app/(dashboard)/dashboard/settings/pricing/page.tsx(83,11): error TS17004: Cannot use JSX unless the '--jsx' flag is provided.
src/ai-gateway/app/(dashboard)/dashboard/settings/pricing/page.tsx(90,7): error TS17004: Cannot use JSX unless the '--jsx' flag is provided.
src/ai-gateway/app/(dashboard)/dashboard/settings/pricing/page.tsx(91,9): error TS17004: Cannot use JSX unless the '--jsx' flag is provided.
src/ai-gateway/app/(dashboard)/dashboard/settings/pricing/page.tsx(92,9): error TS17004: Cannot use JSX unless the '--jsx' flag is provided.
src/ai-gateway/app/(dashboard)/dashboard/settings/pricing/page.tsx(93,11): error TS17004: Cannot use JSX unless the '--jsx' flag is provided.
src/ai-gateway/app/(dashboard)/dashboard/settings/pricing/page.tsx(94,13): error TS17004: Cannot use JSX unless the '--jsx' flag is provided.
src/ai-gateway/app/(dashboard)/dashboard/settings/pricing/page.tsx(96,11): error TS17004: Cannot use JSX unless the '--jsx' flag is provided.
src/ai-gateway/app/(dashboard)/dashboard/settings/pricing/page.tsx(97,13): error TS17004: Cannot use JSX unless the '--jsx' flag is provided.
src/ai-gateway/app/(dashboard)/dashboard/settings/pricing/page.tsx(99,11): error TS17004: Cannot use JSX unless the '--jsx' flag is provided.
src/ai-gateway/app/(dashboard)/dashboard/settings/pricing/page.tsx(100,13): error TS17004: Cannot use JSX unless the '--jsx' flag is provided.
src/ai-gateway/app/(dashboard)/dashboard/settings/pricing/page.tsx(102,11): error TS17004: Cannot use JSX unless the '--jsx' flag is provided.
src/ai-gateway/app/(dashboard)/dashboard/settings/pricing/page.tsx(103,13): error TS17004: Cannot use JSX unless the '--jsx' flag is provided.
src/ai-gateway/app/(dashboard)/dashboard/settings/pricing/page.tsx(104,15): error TS17004: Cannot use JSX unless the '--jsx' flag is provided.
src/ai-gateway/app/(dashboard)/dashboard/settings/pricing/page.tsx(106,13): error TS17004: Cannot use JSX unless the '--jsx' flag is provided.
src/ai-gateway/app/(dashboard)/dashboard/settings/pricing/page.tsx(107,15): error TS17004: Cannot use JSX unless the '--jsx' flag is provided.
src/ai-gateway/app/(dashboard)/dashboard/settings/pricing/page.tsx(109,13): error TS17004: Cannot use JSX unless the '--jsx' flag is provided.
src/ai-gateway/app/(dashboard)/dashboard/settings/pricing/page.tsx(110,15): error TS17004: Cannot use JSX unless the '--jsx' flag is provided.
src/ai-gateway/app/(dashboard)/dashboard/settings/pricing/page.tsx(112,13): error TS17004: Cannot use JSX unless the '--jsx' flag is provided.
src/ai-gateway/app/(dashboard)/dashboard/settings/pricing/page.tsx(113,15): error TS17004: Cannot use JSX unless the '--jsx' flag is provided.
src/ai-gateway/app/(dashboard)/dashboard/settings/pricing/page.tsx(115,13): error TS17004: Cannot use JSX unless the '--jsx' flag is provided.
src/ai-gateway/app/(dashboard)/dashboard/settings/pricing/page.tsx(116,15): error TS17004: Cannot use JSX unless the '--jsx' flag is provided.
src/ai-gateway/app/(dashboard)/dashboard/settings/pricing/page.tsx(119,11): error TS17004: Cannot use JSX unless the '--jsx' flag is provided.
src/ai-gateway/app/(dashboard)/dashboard/settings/pricing/page.tsx(124,7): error TS17004: Cannot use JSX unless the '--jsx' flag is provided.
src/ai-gateway/app/(dashboard)/dashboard/settings/pricing/page.tsx(125,9): error TS17004: Cannot use JSX unless the '--jsx' flag is provided.
src/ai-gateway/app/(dashboard)/dashboard/settings/pricing/page.tsx(126,11): error TS17004: Cannot use JSX unless the '--jsx' flag is provided.
src/ai-gateway/app/(dashboard)/dashboard/settings/pricing/page.tsx(127,11): error TS17004: Cannot use JSX unless the '--jsx' flag is provided.
src/ai-gateway/app/(dashboard)/dashboard/settings/pricing/page.tsx(136,11): error TS17004: Cannot use JSX unless the '--jsx' flag is provided.
src/ai-gateway/app/(dashboard)/dashboard/settings/pricing/page.tsx(138,11): error TS17004: Cannot use JSX unless the '--jsx' flag is provided.
src/ai-gateway/app/(dashboard)/dashboard/settings/pricing/page.tsx(142,17): error TS17004: Cannot use JSX unless the '--jsx' flag is provided.
src/ai-gateway/app/(dashboard)/dashboard/settings/pricing/page.tsx(143,19): error TS17004: Cannot use JSX unless the '--jsx' flag is provided.
src/ai-gateway/app/(dashboard)/dashboard/settings/pricing/page.tsx(144,19): error TS17004: Cannot use JSX unless the '--jsx' flag is provided.
src/ai-gateway/app/(dashboard)/dashboard/settings/pricing/page.tsx(150,15): error TS17004: Cannot use JSX unless the '--jsx' flag is provided.
src/ai-gateway/app/(dashboard)/dashboard/settings/pricing/page.tsx(156,11): error TS17004: Cannot use JSX unless the '--jsx' flag is provided.
src/ai-gateway/app/(dashboard)/dashboard/settings/pricing/page.tsx(162,9): error TS17004: Cannot use JSX unless the '--jsx' flag is provided.
src/ai-gateway/app/(dashboard)/dashboard/skills/page.tsx(4,22): error TS2307: Cannot find module '@/shared/components' or its corresponding type declarations.
src/ai-gateway/app/(dashboard)/dashboard/skills/page.tsx(5,33): error TS2307: Cannot find module 'next-intl' or its corresponding type declarations.
src/ai-gateway/app/(dashboard)/dashboard/skills/page.tsx(185,7): error TS17004: Cannot use JSX unless the '--jsx' flag is provided.
src/ai-gateway/app/(dashboard)/dashboard/skills/page.tsx(186,9): error TS17004: Cannot use JSX unless the '--jsx' flag is provided.
src/ai-gateway/app/(dashboard)/dashboard/skills/page.tsx(192,5): error TS17004: Cannot use JSX unless the '--jsx' flag is provided.
src/ai-gateway/app/(dashboard)/dashboard/skills/page.tsx(193,7): error TS17004: Cannot use JSX unless the '--jsx' flag is provided.
src/ai-gateway/app/(dashboard)/dashboard/skills/page.tsx(194,9): error TS17004: Cannot use JSX unless the '--jsx' flag is provided.
src/ai-gateway/app/(dashboard)/dashboard/skills/page.tsx(195,11): error TS17004: Cannot use JSX unless the '--jsx' flag is provided.
src/ai-gateway/app/(dashboard)/dashboard/skills/page.tsx(196,11): error TS17004: Cannot use JSX unless the '--jsx' flag is provided.
src/ai-gateway/app/(dashboard)/dashboard/skills/page.tsx(198,9): error TS17004: Cannot use JSX unless the '--jsx' flag is provided.
src/ai-gateway/app/(dashboard)/dashboard/skills/page.tsx(206,7): error TS17004: Cannot use JSX unless the '--jsx' flag is provided.
src/ai-gateway/app/(dashboard)/dashboard/skills/page.tsx(207,9): error TS17004: Cannot use JSX unless the '--jsx' flag is provided.
src/ai-gateway/app/(dashboard)/dashboard/skills/page.tsx(217,9): error TS17004: Cannot use JSX unless the '--jsx' flag is provided.
src/ai-gateway/app/(dashboard)/dashboard/skills/page.tsx(227,9): error TS17004: Cannot use JSX unless the '--jsx' flag is provided.
src/ai-gateway/app/(dashboard)/dashboard/skills/page.tsx(237,9): error TS17004: Cannot use JSX unless the '--jsx' flag is provided.
src/ai-gateway/app/(dashboard)/dashboard/skills/page.tsx(250,9): error TS17004: Cannot use JSX unless the '--jsx' flag is provided.
src/ai-gateway/app/(dashboard)/dashboard/skills/page.tsx(252,13): error TS17004: Cannot use JSX unless the '--jsx' flag is provided.
src/ai-gateway/app/(dashboard)/dashboard/skills/page.tsx(253,15): error TS17004: Cannot use JSX unless the '--jsx' flag is provided.
src/ai-gateway/app/(dashboard)/dashboard/skills/page.tsx(257,15): error TS17004: Cannot use JSX unless the '--jsx' flag is provided.
src/ai-gateway/app/(dashboard)/dashboard/skills/page.tsx(258,17): error TS17004: Cannot use JSX unless the '--jsx' flag is provided.
src/ai-gateway/app/(dashboard)/dashboard/skills/page.tsx(259,19): error TS17004: Cannot use JSX unless the '--jsx' flag is provided.
src/ai-gateway/app/(dashboard)/dashboard/skills/page.tsx(260,21): error TS17004: Cannot use JSX unless the '--jsx' flag is provided.
src/ai-gateway/app/(dashboard)/dashboard/skills/page.tsx(261,23): error TS17004: Cannot use JSX unless the '--jsx' flag is provided.
src/ai-gateway/app/(dashboard)/dashboard/skills/page.tsx(262,23): error TS17004: Cannot use JSX unless the '--jsx' flag is provided.
src/ai-gateway/app/(dashboard)/dashboard/skills/page.tsx(266,21): error TS17004: Cannot use JSX unless the '--jsx' flag is provided.
src/ai-gateway/app/(dashboard)/dashboard/skills/page.tsx(268,19): error TS17004: Cannot use JSX unless the '--jsx' flag is provided.
src/ai-gateway/app/(dashboard)/dashboard/skills/page.tsx(269,21): error TS17004: Cannot use JSX unless the '--jsx' flag is provided.
src/ai-gateway/app/(dashboard)/dashboard/skills/page.tsx(275,21): error TS17004: Cannot use JSX unless the '--jsx' flag is provided.
src/ai-gateway/app/(dashboard)/dashboard/skills/page.tsx(283,23): error TS17004: Cannot use JSX unless the '--jsx' flag is provided.
src/ai-gateway/app/(dashboard)/dashboard/skills/page.tsx(298,9): error TS17004: Cannot use JSX unless the '--jsx' flag is provided.
src/ai-gateway/app/(dashboard)/dashboard/skills/page.tsx(299,11): error TS17004: Cannot use JSX unless the '--jsx' flag is provided.
src/ai-gateway/app/(dashboard)/dashboard/skills/page.tsx(300,13): error TS17004: Cannot use JSX unless the '--jsx' flag is provided.
src/ai-gateway/app/(dashboard)/dashboard/skills/page.tsx(301,15): error TS17004: Cannot use JSX unless the '--jsx' flag is provided.
src/ai-gateway/app/(dashboard)/dashboard/skills/page.tsx(302,17): error TS17004: Cannot use JSX unless the '--jsx' flag is provided.
src/ai-gateway/app/(dashboard)/dashboard/skills/page.tsx(303,19): error TS17004: Cannot use JSX unless the '--jsx' flag is provided.
src/ai-gateway/app/(dashboard)/dashboard/skills/page.tsx(304,19): error TS17004: Cannot use JSX unless the '--jsx' flag is provided.
src/ai-gateway/app/(dashboard)/dashboard/skills/page.tsx(305,19): error TS17004: Cannot use JSX unless the '--jsx' flag is provided.
src/ai-gateway/app/(dashboard)/dashboard/skills/page.tsx(306,19): error TS17004: Cannot use JSX unless the '--jsx' flag is provided.
src/ai-gateway/app/(dashboard)/dashboard/skills/page.tsx(309,15): error TS17004: Cannot use JSX unless the '--jsx' flag is provided.
src/ai-gateway/app/(dashboard)/dashboard/skills/page.tsx(311,19): error TS17004: Cannot use JSX unless the '--jsx' flag is provided.
src/ai-gateway/app/(dashboard)/dashboard/skills/page.tsx(312,21): error TS17004: Cannot use JSX unless the '--jsx' flag is provided.
src/ai-gateway/app/(dashboard)/dashboard/skills/page.tsx(318,21): error TS17004: Cannot use JSX unless the '--jsx' flag is provided.
src/ai-gateway/app/(dashboard)/dashboard/skills/page.tsx(319,23): error TS17004: Cannot use JSX unless the '--jsx' flag is provided.
src/ai-gateway/app/(dashboard)/dashboard/skills/page.tsx(320,23): error TS17004: Cannot use JSX unless the '--jsx' flag is provided.
src/ai-gateway/app/(dashboard)/dashboard/skills/page.tsx(321,25): error TS17004: Cannot use JSX unless the '--jsx' flag is provided.
src/ai-gateway/app/(dashboard)/dashboard/skills/page.tsx(333,23): error TS17004: Cannot use JSX unless the '--jsx' flag is provided.
src/ai-gateway/app/(dashboard)/dashboard/skills/page.tsx(334,23): error TS17004: Cannot use JSX unless the '--jsx' flag is provided.
src/ai-gateway/app/(dashboard)/dashboard/skills/page.tsx(347,9): error TS17004: Cannot use JSX unless the '--jsx' flag is provided.
src/ai-gateway/app/(dashboard)/dashboard/skills/page.tsx(348,11): error TS17004: Cannot use JSX unless the '--jsx' flag is provided.
src/ai-gateway/app/(dashboard)/dashboard/skills/page.tsx(349,13): error TS17004: Cannot use JSX unless the '--jsx' flag is provided.
src/ai-gateway/app/(dashboard)/dashboard/skills/page.tsx(350,13): error TS17004: Cannot use JSX unless the '--jsx' flag is provided.
src/ai-gateway/app/(dashboard)/dashboard/skills/page.tsx(351,15): error TS17004: Cannot use JSX unless the '--jsx' flag is provided.
src/ai-gateway/app/(dashboard)/dashboard/skills/page.tsx(352,17): error TS17004: Cannot use JSX unless the '--jsx' flag is provided.
src/ai-gateway/app/(dashboard)/dashboard/skills/page.tsx(353,19): error TS17004: Cannot use JSX unless the '--jsx' flag is provided.
src/ai-gateway/app/(dashboard)/dashboard/skills/page.tsx(354,19): error TS17004: Cannot use JSX unless the '--jsx' flag is provided.
src/ai-gateway/app/(dashboard)/dashboard/skills/page.tsx(356,17): error TS17004: Cannot use JSX unless the '--jsx' flag is provided.
src/ai-gateway/app/(dashboard)/dashboard/skills/page.tsx(358,15): error TS17004: Cannot use JSX unless the '--jsx' flag is provided.
src/ai-gateway/app/(dashboard)/dashboard/skills/page.tsx(359,17): error TS17004: Cannot use JSX unless the '--jsx' flag is provided.
src/ai-gateway/app/(dashboard)/dashboard/skills/page.tsx(360,19): error TS17004: Cannot use JSX unless the '--jsx' flag is provided.
src/ai-gateway/app/(dashboard)/dashboard/skills/page.tsx(361,19): error TS17004: Cannot use JSX unless the '--jsx' flag is provided.
src/ai-gateway/app/(dashboard)/dashboard/skills/page.tsx(363,17): error TS17004: Cannot use JSX unless the '--jsx' flag is provided.
src/ai-gateway/app/(dashboard)/dashboard/skills/page.tsx(365,15): error TS17004: Cannot use JSX unless the '--jsx' flag is provided.
src/ai-gateway/app/(dashboard)/dashboard/skills/page.tsx(366,17): error TS17004: Cannot use JSX unless the '--jsx' flag is provided.
src/ai-gateway/app/(dashboard)/dashboard/skills/page.tsx(367,19): error TS17004: Cannot use JSX unless the '--jsx' flag is provided.
src/ai-gateway/app/(dashboard)/dashboard/skills/page.tsx(368,19): error TS17004: Cannot use JSX unless the '--jsx' flag is provided.
src/ai-gateway/app/(dashboard)/dashboard/skills/page.tsx(370,17): error TS17004: Cannot use JSX unless the '--jsx' flag is provided.
src/ai-gateway/app/(dashboard)/dashboard/skills/page.tsx(372,15): error TS17004: Cannot use JSX unless the '--jsx' flag is provided.
src/ai-gateway/app/(dashboard)/dashboard/skills/page.tsx(373,17): error TS17004: Cannot use JSX unless the '--jsx' flag is provided.
src/ai-gateway/app/(dashboard)/dashboard/skills/page.tsx(374,19): error TS17004: Cannot use JSX unless the '--jsx' flag is provided.
src/ai-gateway/app/(dashboard)/dashboard/skills/page.tsx(375,19): error TS17004: Cannot use JSX unless the '--jsx' flag is provided.
src/ai-gateway/app/(dashboard)/dashboard/skills/page.tsx(377,17): error TS17004: Cannot use JSX unless the '--jsx' flag is provided.
src/ai-gateway/app/(dashboard)/dashboard/skills/page.tsx(385,9): error TS17004: Cannot use JSX unless the '--jsx' flag is provided.
src/ai-gateway/app/(dashboard)/dashboard/skills/page.tsx(386,11): error TS17004: Cannot use JSX unless the '--jsx' flag is provided.
src/ai-gateway/app/(dashboard)/dashboard/skills/page.tsx(387,13): error TS17004: Cannot use JSX unless the '--jsx' flag is provided.
src/ai-gateway/app/(dashboard)/dashboard/skills/page.tsx(388,13): error TS17004: Cannot use JSX unless the '--jsx' flag is provided.
src/ai-gateway/app/(dashboard)/dashboard/skills/page.tsx(389,15): error TS17004: Cannot use JSX unless the '--jsx' flag is provided.
src/ai-gateway/app/(dashboard)/dashboard/skills/page.tsx(397,15): error TS17004: Cannot use JSX unless the '--jsx' flag is provided.
src/ai-gateway/app/(dashboard)/dashboard/skills/page.tsx(406,15): error TS17004: Cannot use JSX unless the '--jsx' flag is provided.
src/ai-gateway/app/(dashboard)/dashboard/skills/page.tsx(412,13): error TS17004: Cannot use JSX unless the '--jsx' flag is provided.
src/ai-gateway/app/(dashboard)/dashboard/skills/page.tsx(414,17): error TS17004: Cannot use JSX unless the '--jsx' flag is provided.
src/ai-gateway/app/(dashboard)/dashboard/skills/page.tsx(415,19): error TS17004: Cannot use JSX unless the '--jsx' flag is provided.
src/ai-gateway/app/(dashboard)/dashboard/skills/page.tsx(416,21): error TS17004: Cannot use JSX unless the '--jsx' flag is provided.
src/ai-gateway/app/(dashboard)/dashboard/skills/page.tsx(417,23): error TS17004: Cannot use JSX unless the '--jsx' flag is provided.
src/ai-gateway/app/(dashboard)/dashboard/skills/page.tsx(418,23): error TS17004: Cannot use JSX unless the '--jsx' flag is provided.
src/ai-gateway/app/(dashboard)/dashboard/skills/page.tsx(420,21): error TS17004: Cannot use JSX unless the '--jsx' flag is provided.
src/ai-gateway/app/(dashboard)/dashboard/skills/page.tsx(433,13): error TS17004: Cannot use JSX unless the '--jsx' flag is provided.
src/ai-gateway/app/(dashboard)/dashboard/skills/page.tsx(434,15): error TS17004: Cannot use JSX unless the '--jsx' flag is provided.
src/ai-gateway/app/(dashboard)/dashboard/skills/page.tsx(443,9): error TS17004: Cannot use JSX unless the '--jsx' flag is provided.
src/ai-gateway/app/(dashboard)/dashboard/skills/page.tsx(444,11): error TS17004: Cannot use JSX unless the '--jsx' flag is provided.
src/ai-gateway/app/(dashboard)/dashboard/skills/page.tsx(445,13): error TS17004: Cannot use JSX unless the '--jsx' flag is provided.
src/ai-gateway/app/(dashboard)/dashboard/skills/page.tsx(446,15): error TS17004: Cannot use JSX unless the '--jsx' flag is provided.
src/ai-gateway/app/(dashboard)/dashboard/skills/page.tsx(447,15): error TS17004: Cannot use JSX unless the '--jsx' flag is provided.
src/ai-gateway/app/(dashboard)/dashboard/skills/page.tsx(458,13): error TS17004: Cannot use JSX unless the '--jsx' flag is provided.
src/ai-gateway/app/(dashboard)/dashboard/skills/page.tsx(461,13): error TS17004: Cannot use JSX unless the '--jsx' flag is provided.
src/ai-gateway/app/(dashboard)/dashboard/skills/page.tsx(467,13): error TS17004: Cannot use JSX unless the '--jsx' flag is provided.
src/ai-gateway/app/(dashboard)/dashboard/skills/page.tsx(468,15): error TS17004: Cannot use JSX unless the '--jsx' flag is provided.
src/ai-gateway/app/(dashboard)/dashboard/skills/page.tsx(475,15): error TS17004: Cannot use JSX unless the '--jsx' flag is provided.
src/ai-gateway/app/(dashboard)/dashboard/skills/page.tsx(481,15): error TS17004: Cannot use JSX unless the '--jsx' flag is provided.
src/ai-gateway/app/(dashboard)/dashboard/skills/page.tsx(482,15): error TS17004: Cannot use JSX unless the '--jsx' flag is provided.
src/ai-gateway/app/(dashboard)/dashboard/skills/page.tsx(492,15): error TS17004: Cannot use JSX unless the '--jsx' flag is provided.
src/ai-gateway/app/(dashboard)/dashboard/skills/page.tsx(501,15): error TS17004: Cannot use JSX unless the '--jsx' flag is provided.
src/ai-gateway/app/(dashboard)/dashboard/translator/components/ChatTesterMode.tsx(3,33): error TS2307: Cannot find module 'next-intl' or its corresponding type declarations.
src/ai-gateway/app/(dashboard)/dashboard/translator/components/ChatTesterMode.tsx(6,45): error TS2307: Cannot find module '@/shared/components' or its corresponding type declarations.
src/ai-gateway/app/(dashboard)/dashboard/translator/components/ChatTesterMode.tsx(7,45): error TS6142: Module '../exampleTemplates' was resolved to 'C:/TESTES DEV/1_PROJETOS_ATIVOS/Zavorth/src/ai-gateway/app/(dashboard)/dashboard/translator/exampleTemplates.tsx', but '--jsx' is not set.
src/ai-gateway/app/(dashboard)/dashboard/translator/components/ChatTesterMode.tsx(8,36): error TS6142: Module '../hooks/useProviderOptions' was resolved to 'C:/TESTES DEV/1_PROJETOS_ATIVOS/Zavorth/src/ai-gateway/app/(dashboard)/dashboard/translator/hooks/useProviderOptions.tsx', but '--jsx' is not set.
src/ai-gateway/app/(dashboard)/dashboard/translator/components/ChatTesterMode.tsx(9,36): error TS6142: Module '../hooks/useAvailableModels' was resolved to 'C:/TESTES DEV/1_PROJETOS_ATIVOS/Zavorth/src/ai-gateway/app/(dashboard)/dashboard/translator/hooks/useAvailableModels.tsx', but '--jsx' is not set.
src/ai-gateway/app/(dashboard)/dashboard/translator/components/ChatTesterMode.tsx(10,21): error TS2307: Cannot find module 'next/dynamic' or its corresponding type declarations.
src/ai-gateway/app/(dashboard)/dashboard/translator/components/ChatTesterMode.tsx(12,37): error TS2307: Cannot find module '@monaco-editor/react' or its corresponding type declarations.
src/ai-gateway/app/(dashboard)/dashboard/translator/components/ChatTesterMode.tsx(45,29): error TS2339: Property 'scrollIntoView' does not exist on type 'never'.
src/ai-gateway/app/(dashboard)/dashboard/translator/components/ChatTesterMode.tsx(54,20): error TS2345: Argument of type '(prev: never[]) => { role: string; content: string; }[]' is not assignable to parameter of type 'SetStateAction<never[]>'.
  Type '(prev: never[]) => { role: string; content: string; }[]' is not assignable to type '(prevState: never[]) => never[]'.
    Type '{ role: string; content: string; }[]' is not assignable to type 'never[]'.
      Type '{ role: string; content: string; }' is not assignable to type 'never'.
src/ai-gateway/app/(dashboard)/dashboard/translator/components/ChatTesterMode.tsx(61,46): error TS2339: Property 'role' does not exist on type 'never'.
src/ai-gateway/app/(dashboard)/dashboard/translator/components/ChatTesterMode.tsx(61,63): error TS2339: Property 'content' does not exist on type 'never'.
src/ai-gateway/app/(dashboard)/dashboard/translator/components/ChatTesterMode.tsx(193,24): error TS2345: Argument of type '(prev: never[]) => { role: string; content: any; }[]' is not assignable to parameter of type 'SetStateAction<never[]>'.
  Type '(prev: never[]) => { role: string; content: any; }[]' is not assignable to type '(prevState: never[]) => never[]'.
    Type '{ role: string; content: any; }[]' is not assignable to type 'never[]'.
      Type '{ role: string; content: any; }' is not assignable to type 'never'.
src/ai-gateway/app/(dashboard)/dashboard/translator/components/ChatTesterMode.tsx(202,24): error TS18047: 'sendRes.body' is possibly 'null'.
src/ai-gateway/app/(dashboard)/dashboard/translator/components/ChatTesterMode.tsx(224,24): error TS2345: Argument of type '(prev: never[]) => { role: string; content: any; }[]' is not assignable to parameter of type 'SetStateAction<never[]>'.
  Type '(prev: never[]) => { role: string; content: any; }[]' is not assignable to type '(prevState: never[]) => never[]'.
    Type '{ role: string; content: any; }[]' is not assignable to type 'never[]'.
      Type '{ role: string; content: any; }' is not assignable to type 'never'.
src/ai-gateway/app/(dashboard)/dashboard/translator/components/ChatTesterMode.tsx(235,42): error TS18046: 'err' is of type 'unknown'.
src/ai-gateway/app/(dashboard)/dashboard/translator/components/ChatTesterMode.tsx(238,22): error TS2345: Argument of type '(prev: never[]) => { role: string; content: any; }[]' is not assignable to parameter of type 'SetStateAction<never[]>'.
  Type '(prev: never[]) => { role: string; content: any; }[]' is not assignable to type '(prevState: never[]) => never[]'.
    Type '{ role: string; content: any; }[]' is not assignable to type 'never[]'.
      Type '{ role: string; content: any; }' is not assignable to type 'never'.
src/ai-gateway/app/(dashboard)/dashboard/translator/components/ChatTesterMode.tsx(240,68): error TS18046: 'err' is of type 'unknown'.
src/ai-gateway/app/(dashboard)/dashboard/translator/components/ChatTesterMode.tsx(244,17): error TS2345: Argument of type '{ id: number; name: any; description: any; format: any; content: string; status: string; }[]' is not assignable to parameter of type 'SetStateAction<null>'.
  Type '{ id: number; name: any; description: any; format: any; content: string; status: string; }[]' provides no match for the signature '(prevState: null): null'.
src/ai-gateway/app/(dashboard)/dashboard/translator/components/ChatTesterMode.tsx(245,21): error TS2345: Argument of type 'number | null' is not assignable to parameter of type 'SetStateAction<null>'.
  Type 'number' is not assignable to type 'SetStateAction<null>'.
src/ai-gateway/app/(dashboard)/dashboard/translator/components/ChatTesterMode.tsx(251,5): error TS17004: Cannot use JSX unless the '--jsx' flag is provided.
src/ai-gateway/app/(dashboard)/dashboard/translator/components/ChatTesterMode.tsx(253,7): error TS17004: Cannot use JSX unless the '--jsx' flag is provided.
src/ai-gateway/app/(dashboard)/dashboard/translator/components/ChatTesterMode.tsx(254,9): error TS17004: Cannot use JSX unless the '--jsx' flag is provided.
src/ai-gateway/app/(dashboard)/dashboard/translator/components/ChatTesterMode.tsx(257,9): error TS17004: Cannot use JSX unless the '--jsx' flag is provided.
src/ai-gateway/app/(dashboard)/dashboard/translator/components/ChatTesterMode.tsx(258,11): error TS17004: Cannot use JSX unless the '--jsx' flag is provided.
src/ai-gateway/app/(dashboard)/dashboard/translator/components/ChatTesterMode.tsx(259,11): error TS17004: Cannot use JSX unless the '--jsx' flag is provided.
src/ai-gateway/app/(dashboard)/dashboard/translator/components/ChatTesterMode.tsx(260,11): error TS17004: Cannot use JSX unless the '--jsx' flag is provided.
src/ai-gateway/app/(dashboard)/dashboard/translator/components/ChatTesterMode.tsx(261,13): error TS17004: Cannot use JSX unless the '--jsx' flag is provided.
src/ai-gateway/app/(dashboard)/dashboard/translator/components/ChatTesterMode.tsx(267,7): error TS17004: Cannot use JSX unless the '--jsx' flag is provided.
src/ai-gateway/app/(dashboard)/dashboard/translator/components/ChatTesterMode.tsx(269,9): error TS17004: Cannot use JSX unless the '--jsx' flag is provided.
src/ai-gateway/app/(dashboard)/dashboard/translator/components/ChatTesterMode.tsx(271,11): error TS17004: Cannot use JSX unless the '--jsx' flag is provided.
src/ai-gateway/app/(dashboard)/dashboard/translator/components/ChatTesterMode.tsx(272,13): error TS17004: Cannot use JSX unless the '--jsx' flag is provided.
src/ai-gateway/app/(dashboard)/dashboard/translator/components/ChatTesterMode.tsx(273,15): error TS17004: Cannot use JSX unless the '--jsx' flag is provided.
src/ai-gateway/app/(dashboard)/dashboard/translator/components/ChatTesterMode.tsx(274,17): error TS17004: Cannot use JSX unless the '--jsx' flag is provided.
src/ai-gateway/app/(dashboard)/dashboard/translator/components/ChatTesterMode.tsx(275,19): error TS17004: Cannot use JSX unless the '--jsx' flag is provided.
src/ai-gateway/app/(dashboard)/dashboard/translator/components/ChatTesterMode.tsx(278,19): error TS17004: Cannot use JSX unless the '--jsx' flag is provided.
src/ai-gateway/app/(dashboard)/dashboard/translator/components/ChatTesterMode.tsx(280,32): error TS7006: Parameter 'e' implicitly has an 'any' type.
src/ai-gateway/app/(dashboard)/dashboard/translator/components/ChatTesterMode.tsx(286,17): error TS17004: Cannot use JSX unless the '--jsx' flag is provided.
src/ai-gateway/app/(dashboard)/dashboard/translator/components/ChatTesterMode.tsx(287,19): error TS17004: Cannot use JSX unless the '--jsx' flag is provided.
src/ai-gateway/app/(dashboard)/dashboard/translator/components/ChatTesterMode.tsx(290,19): error TS17004: Cannot use JSX unless the '--jsx' flag is provided.
src/ai-gateway/app/(dashboard)/dashboard/translator/components/ChatTesterMode.tsx(292,32): error TS7006: Parameter 'e' implicitly has an 'any' type.
src/ai-gateway/app/(dashboard)/dashboard/translator/components/ChatTesterMode.tsx(297,15): error TS17004: Cannot use JSX unless the '--jsx' flag is provided.
src/ai-gateway/app/(dashboard)/dashboard/translator/components/ChatTesterMode.tsx(298,17): error TS17004: Cannot use JSX unless the '--jsx' flag is provided.
src/ai-gateway/app/(dashboard)/dashboard/translator/components/ChatTesterMode.tsx(301,17): error TS17004: Cannot use JSX unless the '--jsx' flag is provided.
src/ai-gateway/app/(dashboard)/dashboard/translator/components/ChatTesterMode.tsx(302,19): error TS17004: Cannot use JSX unless the '--jsx' flag is provided.
src/ai-gateway/app/(dashboard)/dashboard/translator/components/ChatTesterMode.tsx(310,19): error TS17004: Cannot use JSX unless the '--jsx' flag is provided.
src/ai-gateway/app/(dashboard)/dashboard/translator/components/ChatTesterMode.tsx(312,23): error TS17004: Cannot use JSX unless the '--jsx' flag is provided.
src/ai-gateway/app/(dashboard)/dashboard/translator/components/ChatTesterMode.tsx(321,11): error TS17004: Cannot use JSX unless the '--jsx' flag is provided.
src/ai-gateway/app/(dashboard)/dashboard/translator/components/ChatTesterMode.tsx(322,13): error TS17004: Cannot use JSX unless the '--jsx' flag is provided.
src/ai-gateway/app/(dashboard)/dashboard/translator/components/ChatTesterMode.tsx(324,17): error TS17004: Cannot use JSX unless the '--jsx' flag is provided.
src/ai-gateway/app/(dashboard)/dashboard/translator/components/ChatTesterMode.tsx(325,19): error TS17004: Cannot use JSX unless the '--jsx' flag is provided.
src/ai-gateway/app/(dashboard)/dashboard/translator/components/ChatTesterMode.tsx(328,19): error TS17004: Cannot use JSX unless the '--jsx' flag is provided.
src/ai-gateway/app/(dashboard)/dashboard/translator/components/ChatTesterMode.tsx(329,19): error TS17004: Cannot use JSX unless the '--jsx' flag is provided.
src/ai-gateway/app/(dashboard)/dashboard/translator/components/ChatTesterMode.tsx(330,50): error TS17004: Cannot use JSX unless the '--jsx' flag is provided.
src/ai-gateway/app/(dashboard)/dashboard/translator/components/ChatTesterMode.tsx(330,59): error TS7053: Element implicitly has an 'any' type because expression of type 'string' can't be used to index type '{ openai: { label: string; color: string; icon: string; }; "openai-responses": { label: string; color: string; icon: string; }; claude: { label: string; color: string; icon: string; }; gemini: { label: string; color: string; icon: string; }; zavorthBridge: { ...; }; kiro: { ...; }; cursor: { ...; }; codex: { ...; }; }'.
  No index signature with a parameter of type 'string' was found on type '{ openai: { label: string; color: string; icon: string; }; "openai-responses": { label: string; color: string; icon: string; }; claude: { label: string; color: string; icon: string; }; gemini: { label: string; color: string; icon: string; }; zavorthBridge: { ...; }; kiro: { ...; }; cursor: { ...; }; codex: { ...; }; }'.
src/ai-gateway/app/(dashboard)/dashboard/translator/components/ChatTesterMode.tsx(336,17): error TS17004: Cannot use JSX unless the '--jsx' flag is provided.
src/ai-gateway/app/(dashboard)/dashboard/translator/components/ChatTesterMode.tsx(338,42): error TS2339: Property 'role' does not exist on type 'never'.
src/ai-gateway/app/(dashboard)/dashboard/translator/components/ChatTesterMode.tsx(340,19): error TS17004: Cannot use JSX unless the '--jsx' flag is provided.
src/ai-gateway/app/(dashboard)/dashboard/translator/components/ChatTesterMode.tsx(342,27): error TS2339: Property 'role' does not exist on type 'never'.
src/ai-gateway/app/(dashboard)/dashboard/translator/components/ChatTesterMode.tsx(347,21): error TS17004: Cannot use JSX unless the '--jsx' flag is provided.
src/ai-gateway/app/(dashboard)/dashboard/translator/components/ChatTesterMode.tsx(348,28): error TS2339: Property 'role' does not exist on type 'never'.
src/ai-gateway/app/(dashboard)/dashboard/translator/components/ChatTesterMode.tsx(349,56): error TS7053: Element implicitly has an 'any' type because expression of type 'string' can't be used to index type '{ openai: { label: string; color: string; icon: string; }; "openai-responses": { label: string; color: string; icon: string; }; claude: { label: string; color: string; icon: string; }; gemini: { label: string; color: string; icon: string; }; zavorthBridge: { ...; }; kiro: { ...; }; cursor: { ...; }; codex: { ...; }; }'.
  No index signature with a parameter of type 'string' was found on type '{ openai: { label: string; color: string; icon: string; }; "openai-responses": { label: string; color: string; icon: string; }; claude: { label: string; color: string; icon: string; }; gemini: { label: string; color: string; icon: string; }; zavorthBridge: { ...; }; kiro: { ...; }; cursor: { ...; }; codex: { ...; }; }'.
src/ai-gateway/app/(dashboard)/dashboard/translator/components/ChatTesterMode.tsx(352,21): error TS17004: Cannot use JSX unless the '--jsx' flag is provided.
src/ai-gateway/app/(dashboard)/dashboard/translator/components/ChatTesterMode.tsx(352,73): error TS2339: Property 'content' does not exist on type 'never'.
src/ai-gateway/app/(dashboard)/dashboard/translator/components/ChatTesterMode.tsx(356,15): error TS17004: Cannot use JSX unless the '--jsx' flag is provided.
src/ai-gateway/app/(dashboard)/dashboard/translator/components/ChatTesterMode.tsx(360,13): error TS17004: Cannot use JSX unless the '--jsx' flag is provided.
src/ai-gateway/app/(dashboard)/dashboard/translator/components/ChatTesterMode.tsx(361,15): error TS17004: Cannot use JSX unless the '--jsx' flag is provided.
src/ai-gateway/app/(dashboard)/dashboard/translator/components/ChatTesterMode.tsx(362,17): error TS17004: Cannot use JSX unless the '--jsx' flag is provided.
src/ai-gateway/app/(dashboard)/dashboard/translator/components/ChatTesterMode.tsx(371,17): error TS17004: Cannot use JSX unless the '--jsx' flag is provided.
src/ai-gateway/app/(dashboard)/dashboard/translator/components/ChatTesterMode.tsx(385,9): error TS17004: Cannot use JSX unless the '--jsx' flag is provided.
src/ai-gateway/app/(dashboard)/dashboard/translator/components/ChatTesterMode.tsx(386,11): error TS17004: Cannot use JSX unless the '--jsx' flag is provided.
src/ai-gateway/app/(dashboard)/dashboard/translator/components/ChatTesterMode.tsx(387,13): error TS17004: Cannot use JSX unless the '--jsx' flag is provided.
src/ai-gateway/app/(dashboard)/dashboard/translator/components/ChatTesterMode.tsx(388,15): error TS17004: Cannot use JSX unless the '--jsx' flag is provided.
src/ai-gateway/app/(dashboard)/dashboard/translator/components/ChatTesterMode.tsx(389,17): error TS17004: Cannot use JSX unless the '--jsx' flag is provided.
src/ai-gateway/app/(dashboard)/dashboard/translator/components/ChatTesterMode.tsx(392,17): error TS17004: Cannot use JSX unless the '--jsx' flag is provided.
src/ai-gateway/app/(dashboard)/dashboard/translator/components/ChatTesterMode.tsx(394,15): error TS17004: Cannot use JSX unless the '--jsx' flag is provided.
src/ai-gateway/app/(dashboard)/dashboard/translator/components/ChatTesterMode.tsx(399,13): error TS17004: Cannot use JSX unless the '--jsx' flag is provided.
src/ai-gateway/app/(dashboard)/dashboard/translator/components/ChatTesterMode.tsx(400,15): error TS17004: Cannot use JSX unless the '--jsx' flag is provided.
src/ai-gateway/app/(dashboard)/dashboard/translator/components/ChatTesterMode.tsx(401,17): error TS17004: Cannot use JSX unless the '--jsx' flag is provided.
src/ai-gateway/app/(dashboard)/dashboard/translator/components/ChatTesterMode.tsx(404,17): error TS17004: Cannot use JSX unless the '--jsx' flag is provided.
src/ai-gateway/app/(dashboard)/dashboard/translator/components/ChatTesterMode.tsx(405,17): error TS17004: Cannot use JSX unless the '--jsx' flag is provided.
src/ai-gateway/app/(dashboard)/dashboard/translator/components/ChatTesterMode.tsx(409,13): error TS17004: Cannot use JSX unless the '--jsx' flag is provided.
src/ai-gateway/app/(dashboard)/dashboard/translator/components/ChatTesterMode.tsx(410,25): error TS2339: Property 'map' does not exist on type 'never'.
src/ai-gateway/app/(dashboard)/dashboard/translator/components/ChatTesterMode.tsx(410,30): error TS7006: Parameter 'step' implicitly has an 'any' type.
src/ai-gateway/app/(dashboard)/dashboard/translator/components/ChatTesterMode.tsx(410,36): error TS7006: Parameter 'i' implicitly has an 'any' type.
src/ai-gateway/app/(dashboard)/dashboard/translator/components/ChatTesterMode.tsx(411,30): error TS7053: Element implicitly has an 'any' type because expression of type 'any' can't be used to index type '{ openai: { label: string; color: string; icon: string; }; "openai-responses": { label: string; color: string; icon: string; }; claude: { label: string; color: string; icon: string; }; gemini: { label: string; color: string; icon: string; }; zavorthBridge: { ...; }; kiro: { ...; }; cursor: { ...; }; codex: { ...; }; }'.
src/ai-gateway/app/(dashboard)/dashboard/translator/components/ChatTesterMode.tsx(419,19): error TS17004: Cannot use JSX unless the '--jsx' flag is provided.
src/ai-gateway/app/(dashboard)/dashboard/translator/components/ChatTesterMode.tsx(422,23): error TS17004: Cannot use JSX unless the '--jsx' flag is provided.
src/ai-gateway/app/(dashboard)/dashboard/translator/components/ChatTesterMode.tsx(423,25): error TS17004: Cannot use JSX unless the '--jsx' flag is provided.
src/ai-gateway/app/(dashboard)/dashboard/translator/components/ChatTesterMode.tsx(427,21): error TS17004: Cannot use JSX unless the '--jsx' flag is provided.
src/ai-gateway/app/(dashboard)/dashboard/translator/components/ChatTesterMode.tsx(436,23): error TS17004: Cannot use JSX unless the '--jsx' flag is provided.
src/ai-gateway/app/(dashboard)/dashboard/translator/components/ChatTesterMode.tsx(441,25): error TS17004: Cannot use JSX unless the '--jsx' flag is provided.
src/ai-gateway/app/(dashboard)/dashboard/translator/components/ChatTesterMode.tsx(454,25): error TS17004: Cannot use JSX unless the '--jsx' flag is provided.
src/ai-gateway/app/(dashboard)/dashboard/translator/components/ChatTesterMode.tsx(455,27): error TS17004: Cannot use JSX unless the '--jsx' flag is provided.
src/ai-gateway/app/(dashboard)/dashboard/translator/components/ChatTesterMode.tsx(457,29): error TS17004: Cannot use JSX unless the '--jsx' flag is provided.
src/ai-gateway/app/(dashboard)/dashboard/translator/components/ChatTesterMode.tsx(464,25): error TS17004: Cannot use JSX unless the '--jsx' flag is provided.
src/ai-gateway/app/(dashboard)/dashboard/translator/components/ChatTesterMode.tsx(469,25): error TS17004: Cannot use JSX unless the '--jsx' flag is provided.
src/ai-gateway/app/(dashboard)/dashboard/translator/components/ChatTesterMode.tsx(476,25): error TS17004: Cannot use JSX unless the '--jsx' flag is provided.
src/ai-gateway/app/(dashboard)/dashboard/translator/components/ChatTesterMode.tsx(477,27): error TS17004: Cannot use JSX unless the '--jsx' flag is provided.
src/ai-gateway/app/(dashboard)/dashboard/translator/components/ChatTesterMode.tsx(478,29): error TS17004: Cannot use JSX unless the '--jsx' flag is provided.
src/ai-gateway/app/(dashboard)/dashboard/translator/components/ChatTesterMode.tsx(509,31): error TS7006: Parameter 'sseText' implicitly has an 'any' type.
src/ai-gateway/app/(dashboard)/dashboard/translator/components/LiveMonitorMode.tsx(3,33): error TS2307: Cannot find module 'next-intl' or its corresponding type declarations.
src/ai-gateway/app/(dashboard)/dashboard/translator/components/LiveMonitorMode.tsx(6,29): error TS2307: Cannot find module '@/shared/components' or its corresponding type declarations.
src/ai-gateway/app/(dashboard)/dashboard/translator/components/LiveMonitorMode.tsx(7,29): error TS6142: Module '../exampleTemplates' was resolved to 'C:/TESTES DEV/1_PROJETOS_ATIVOS/Zavorth/src/ai-gateway/app/(dashboard)/dashboard/translator/exampleTemplates.tsx', but '--jsx' is not set.
src/ai-gateway/app/(dashboard)/dashboard/translator/components/LiveMonitorMode.tsx(22,26): error TS7006: Parameter 'value' implicitly has an 'any' type.
src/ai-gateway/app/(dashboard)/dashboard/translator/components/LiveMonitorMode.tsx(41,7): error TS2322: Type 'Timeout' is not assignable to type 'null'.
src/ai-gateway/app/(dashboard)/dashboard/translator/components/LiveMonitorMode.tsx(49,47): error TS2339: Property 'status' does not exist on type 'never'.
src/ai-gateway/app/(dashboard)/dashboard/translator/components/LiveMonitorMode.tsx(50,45): error TS2339: Property 'status' does not exist on type 'never'.
src/ai-gateway/app/(dashboard)/dashboard/translator/components/LiveMonitorMode.tsx(53,55): error TS2339: Property 'latency' does not exist on type 'never'.
src/ai-gateway/app/(dashboard)/dashboard/translator/components/LiveMonitorMode.tsx(57,5): error TS17004: Cannot use JSX unless the '--jsx' flag is provided.
src/ai-gateway/app/(dashboard)/dashboard/translator/components/LiveMonitorMode.tsx(59,7): error TS17004: Cannot use JSX unless the '--jsx' flag is provided.
src/ai-gateway/app/(dashboard)/dashboard/translator/components/LiveMonitorMode.tsx(60,9): error TS17004: Cannot use JSX unless the '--jsx' flag is provided.
src/ai-gateway/app/(dashboard)/dashboard/translator/components/LiveMonitorMode.tsx(66,9): error TS17004: Cannot use JSX unless the '--jsx' flag is provided.
src/ai-gateway/app/(dashboard)/dashboard/translator/components/LiveMonitorMode.tsx(67,11): error TS17004: Cannot use JSX unless the '--jsx' flag is provided.
src/ai-gateway/app/(dashboard)/dashboard/translator/components/LiveMonitorMode.tsx(68,11): error TS17004: Cannot use JSX unless the '--jsx' flag is provided.
src/ai-gateway/app/(dashboard)/dashboard/translator/components/LiveMonitorMode.tsx(70,13): error TS17004: Cannot use JSX unless the '--jsx' flag is provided.
src/ai-gateway/app/(dashboard)/dashboard/translator/components/LiveMonitorMode.tsx(71,13): error TS17004: Cannot use JSX unless the '--jsx' flag is provided.
src/ai-gateway/app/(dashboard)/dashboard/translator/components/LiveMonitorMode.tsx(78,7): error TS17004: Cannot use JSX unless the '--jsx' flag is provided.
src/ai-gateway/app/(dashboard)/dashboard/translator/components/LiveMonitorMode.tsx(79,9): error TS17004: Cannot use JSX unless the '--jsx' flag is provided.
src/ai-gateway/app/(dashboard)/dashboard/translator/components/LiveMonitorMode.tsx(85,9): error TS17004: Cannot use JSX unless the '--jsx' flag is provided.
src/ai-gateway/app/(dashboard)/dashboard/translator/components/LiveMonitorMode.tsx(86,9): error TS17004: Cannot use JSX unless the '--jsx' flag is provided.
src/ai-gateway/app/(dashboard)/dashboard/translator/components/LiveMonitorMode.tsx(87,9): error TS17004: Cannot use JSX unless the '--jsx' flag is provided.
src/ai-gateway/app/(dashboard)/dashboard/translator/components/LiveMonitorMode.tsx(96,7): error TS17004: Cannot use JSX unless the '--jsx' flag is provided.
src/ai-gateway/app/(dashboard)/dashboard/translator/components/LiveMonitorMode.tsx(97,9): error TS17004: Cannot use JSX unless the '--jsx' flag is provided.
src/ai-gateway/app/(dashboard)/dashboard/translator/components/LiveMonitorMode.tsx(98,11): error TS17004: Cannot use JSX unless the '--jsx' flag is provided.
src/ai-gateway/app/(dashboard)/dashboard/translator/components/LiveMonitorMode.tsx(99,13): error TS17004: Cannot use JSX unless the '--jsx' flag is provided.
src/ai-gateway/app/(dashboard)/dashboard/translator/components/LiveMonitorMode.tsx(105,13): error TS17004: Cannot use JSX unless the '--jsx' flag is provided.
src/ai-gateway/app/(dashboard)/dashboard/translator/components/LiveMonitorMode.tsx(112,11): error TS17004: Cannot use JSX unless the '--jsx' flag is provided.
src/ai-gateway/app/(dashboard)/dashboard/translator/components/LiveMonitorMode.tsx(116,13): error TS17004: Cannot use JSX unless the '--jsx' flag is provided.
src/ai-gateway/app/(dashboard)/dashboard/translator/components/LiveMonitorMode.tsx(125,7): error TS17004: Cannot use JSX unless the '--jsx' flag is provided.
src/ai-gateway/app/(dashboard)/dashboard/translator/components/LiveMonitorMode.tsx(126,9): error TS17004: Cannot use JSX unless the '--jsx' flag is provided.
src/ai-gateway/app/(dashboard)/dashboard/translator/components/LiveMonitorMode.tsx(127,11): error TS17004: Cannot use JSX unless the '--jsx' flag is provided.
src/ai-gateway/app/(dashboard)/dashboard/translator/components/LiveMonitorMode.tsx(130,13): error TS17004: Cannot use JSX unless the '--jsx' flag is provided.
src/ai-gateway/app/(dashboard)/dashboard/translator/components/LiveMonitorMode.tsx(131,15): error TS17004: Cannot use JSX unless the '--jsx' flag is provided.
src/ai-gateway/app/(dashboard)/dashboard/translator/components/LiveMonitorMode.tsx(137,13): error TS17004: Cannot use JSX unless the '--jsx' flag is provided.
src/ai-gateway/app/(dashboard)/dashboard/translator/components/LiveMonitorMode.tsx(138,15): error TS17004: Cannot use JSX unless the '--jsx' flag is provided.
src/ai-gateway/app/(dashboard)/dashboard/translator/components/LiveMonitorMode.tsx(144,15): error TS17004: Cannot use JSX unless the '--jsx' flag is provided.
src/ai-gateway/app/(dashboard)/dashboard/translator/components/LiveMonitorMode.tsx(145,15): error TS17004: Cannot use JSX unless the '--jsx' flag is provided.
src/ai-gateway/app/(dashboard)/dashboard/translator/components/LiveMonitorMode.tsx(146,15): error TS17004: Cannot use JSX unless the '--jsx' flag is provided.
src/ai-gateway/app/(dashboard)/dashboard/translator/components/LiveMonitorMode.tsx(147,17): error TS17004: Cannot use JSX unless the '--jsx' flag is provided.
src/ai-gateway/app/(dashboard)/dashboard/translator/components/LiveMonitorMode.tsx(150,17): error TS17004: Cannot use JSX unless the '--jsx' flag is provided.
src/ai-gateway/app/(dashboard)/dashboard/translator/components/LiveMonitorMode.tsx(153,17): error TS17004: Cannot use JSX unless the '--jsx' flag is provided.
src/ai-gateway/app/(dashboard)/dashboard/translator/components/LiveMonitorMode.tsx(156,17): error TS17004: Cannot use JSX unless the '--jsx' flag is provided.
src/ai-gateway/app/(dashboard)/dashboard/translator/components/LiveMonitorMode.tsx(160,15): error TS17004: Cannot use JSX unless the '--jsx' flag is provided.
src/ai-gateway/app/(dashboard)/dashboard/translator/components/LiveMonitorMode.tsx(163,13): error TS17004: Cannot use JSX unless the '--jsx' flag is provided.
src/ai-gateway/app/(dashboard)/dashboard/translator/components/LiveMonitorMode.tsx(164,15): error TS17004: Cannot use JSX unless the '--jsx' flag is provided.
src/ai-gateway/app/(dashboard)/dashboard/translator/components/LiveMonitorMode.tsx(165,17): error TS17004: Cannot use JSX unless the '--jsx' flag is provided.
src/ai-gateway/app/(dashboard)/dashboard/translator/components/LiveMonitorMode.tsx(166,19): error TS17004: Cannot use JSX unless the '--jsx' flag is provided.
src/ai-gateway/app/(dashboard)/dashboard/translator/components/LiveMonitorMode.tsx(167,21): error TS17004: Cannot use JSX unless the '--jsx' flag is provided.
src/ai-gateway/app/(dashboard)/dashboard/translator/components/LiveMonitorMode.tsx(168,21): error TS17004: Cannot use JSX unless the '--jsx' flag is provided.
src/ai-gateway/app/(dashboard)/dashboard/translator/components/LiveMonitorMode.tsx(169,21): error TS17004: Cannot use JSX unless the '--jsx' flag is provided.
src/ai-gateway/app/(dashboard)/dashboard/translator/components/LiveMonitorMode.tsx(170,21): error TS17004: Cannot use JSX unless the '--jsx' flag is provided.
src/ai-gateway/app/(dashboard)/dashboard/translator/components/LiveMonitorMode.tsx(171,21): error TS17004: Cannot use JSX unless the '--jsx' flag is provided.
src/ai-gateway/app/(dashboard)/dashboard/translator/components/LiveMonitorMode.tsx(172,21): error TS17004: Cannot use JSX unless the '--jsx' flag is provided.
src/ai-gateway/app/(dashboard)/dashboard/translator/components/LiveMonitorMode.tsx(173,21): error TS17004: Cannot use JSX unless the '--jsx' flag is provided.
src/ai-gateway/app/(dashboard)/dashboard/translator/components/LiveMonitorMode.tsx(176,17): error TS17004: Cannot use JSX unless the '--jsx' flag is provided.
src/ai-gateway/app/(dashboard)/dashboard/translator/components/LiveMonitorMode.tsx(178,37): error TS7053: Element implicitly has an 'any' type because expression of type 'any' can't be used to index type '{ openai: { label: string; color: string; icon: string; }; "openai-responses": { label: string; color: string; icon: string; }; claude: { label: string; color: string; icon: string; }; gemini: { label: string; color: string; icon: string; }; zavorthBridge: { ...; }; kiro: { ...; }; cursor: { ...; }; codex: { ...; }; }'.
src/ai-gateway/app/(dashboard)/dashboard/translator/components/LiveMonitorMode.tsx(178,55): error TS2339: Property 'sourceFormat' does not exist on type 'never'.
src/ai-gateway/app/(dashboard)/dashboard/translator/components/LiveMonitorMode.tsx(179,36): error TS2339: Property 'sourceFormat' does not exist on type 'never'.
src/ai-gateway/app/(dashboard)/dashboard/translator/components/LiveMonitorMode.tsx(182,37): error TS7053: Element implicitly has an 'any' type because expression of type 'any' can't be used to index type '{ openai: { label: string; color: string; icon: string; }; "openai-responses": { label: string; color: string; icon: string; }; claude: { label: string; color: string; icon: string; }; gemini: { label: string; color: string; icon: string; }; zavorthBridge: { ...; }; kiro: { ...; }; cursor: { ...; }; codex: { ...; }; }'.
src/ai-gateway/app/(dashboard)/dashboard/translator/components/LiveMonitorMode.tsx(182,55): error TS2339: Property 'targetFormat' does not exist on type 'never'.
src/ai-gateway/app/(dashboard)/dashboard/translator/components/LiveMonitorMode.tsx(183,36): error TS2339: Property 'targetFormat' does not exist on type 'never'.
src/ai-gateway/app/(dashboard)/dashboard/translator/components/LiveMonitorMode.tsx(188,23): error TS17004: Cannot use JSX unless the '--jsx' flag is provided.
src/ai-gateway/app/(dashboard)/dashboard/translator/components/LiveMonitorMode.tsx(189,36): error TS2339: Property 'id' does not exist on type 'never'.
src/ai-gateway/app/(dashboard)/dashboard/translator/components/LiveMonitorMode.tsx(192,25): error TS17004: Cannot use JSX unless the '--jsx' flag is provided.
src/ai-gateway/app/(dashboard)/dashboard/translator/components/LiveMonitorMode.tsx(193,34): error TS2339: Property 'timestamp' does not exist on type 'never'.
src/ai-gateway/app/(dashboard)/dashboard/translator/components/LiveMonitorMode.tsx(194,46): error TS2339: Property 'timestamp' does not exist on type 'never'.
src/ai-gateway/app/(dashboard)/dashboard/translator/components/LiveMonitorMode.tsx(197,25): error TS17004: Cannot use JSX unless the '--jsx' flag is provided.
src/ai-gateway/app/(dashboard)/dashboard/translator/components/LiveMonitorMode.tsx(198,27): error TS17004: Cannot use JSX unless the '--jsx' flag is provided.
src/ai-gateway/app/(dashboard)/dashboard/translator/components/LiveMonitorMode.tsx(202,25): error TS17004: Cannot use JSX unless the '--jsx' flag is provided.
src/ai-gateway/app/(dashboard)/dashboard/translator/components/LiveMonitorMode.tsx(203,27): error TS17004: Cannot use JSX unless the '--jsx' flag is provided.
src/ai-gateway/app/(dashboard)/dashboard/translator/components/LiveMonitorMode.tsx(210,25): error TS17004: Cannot use JSX unless the '--jsx' flag is provided.
src/ai-gateway/app/(dashboard)/dashboard/translator/components/LiveMonitorMode.tsx(211,27): error TS17004: Cannot use JSX unless the '--jsx' flag is provided.
src/ai-gateway/app/(dashboard)/dashboard/translator/components/LiveMonitorMode.tsx(215,25): error TS17004: Cannot use JSX unless the '--jsx' flag is provided.
src/ai-gateway/app/(dashboard)/dashboard/translator/components/LiveMonitorMode.tsx(216,34): error TS2339: Property 'model' does not exist on type 'never'.
src/ai-gateway/app/(dashboard)/dashboard/translator/components/LiveMonitorMode.tsx(218,25): error TS17004: Cannot use JSX unless the '--jsx' flag is provided.
src/ai-gateway/app/(dashboard)/dashboard/translator/components/LiveMonitorMode.tsx(219,34): error TS2339: Property 'status' does not exist on type 'never'.
src/ai-gateway/app/(dashboard)/dashboard/translator/components/LiveMonitorMode.tsx(220,29): error TS17004: Cannot use JSX unless the '--jsx' flag is provided.
src/ai-gateway/app/(dashboard)/dashboard/translator/components/LiveMonitorMode.tsx(224,29): error TS17004: Cannot use JSX unless the '--jsx' flag is provided.
src/ai-gateway/app/(dashboard)/dashboard/translator/components/LiveMonitorMode.tsx(225,38): error TS2339: Property 'statusCode' does not exist on type 'never'.
src/ai-gateway/app/(dashboard)/dashboard/translator/components/LiveMonitorMode.tsx(229,25): error TS17004: Cannot use JSX unless the '--jsx' flag is provided.
src/ai-gateway/app/(dashboard)/dashboard/translator/components/LiveMonitorMode.tsx(230,34): error TS2339: Property 'latency' does not exist on type 'never'.
src/ai-gateway/app/(dashboard)/dashboard/translator/components/LiveMonitorMode.tsx(230,64): error TS2339: Property 'latency' does not exist on type 'never'.
src/ai-gateway/app/(dashboard)/dashboard/translator/components/LiveMonitorMode.tsx(245,21): error TS7031: Binding element 'icon' implicitly has an 'any' type.
src/ai-gateway/app/(dashboard)/dashboard/translator/components/LiveMonitorMode.tsx(245,27): error TS7031: Binding element 'label' implicitly has an 'any' type.
src/ai-gateway/app/(dashboard)/dashboard/translator/components/LiveMonitorMode.tsx(245,34): error TS7031: Binding element 'value' implicitly has an 'any' type.
src/ai-gateway/app/(dashboard)/dashboard/translator/components/LiveMonitorMode.tsx(245,41): error TS7031: Binding element 'color' implicitly has an 'any' type.
src/ai-gateway/app/(dashboard)/dashboard/translator/components/LiveMonitorMode.tsx(247,5): error TS17004: Cannot use JSX unless the '--jsx' flag is provided.
src/ai-gateway/app/(dashboard)/dashboard/translator/components/LiveMonitorMode.tsx(248,7): error TS17004: Cannot use JSX unless the '--jsx' flag is provided.
src/ai-gateway/app/(dashboard)/dashboard/translator/components/LiveMonitorMode.tsx(249,9): error TS17004: Cannot use JSX unless the '--jsx' flag is provided.
src/ai-gateway/app/(dashboard)/dashboard/translator/components/LiveMonitorMode.tsx(250,11): error TS17004: Cannot use JSX unless the '--jsx' flag is provided.
src/ai-gateway/app/(dashboard)/dashboard/translator/components/LiveMonitorMode.tsx(257,9): error TS17004: Cannot use JSX unless the '--jsx' flag is provided.
src/ai-gateway/app/(dashboard)/dashboard/translator/components/LiveMonitorMode.tsx(258,11): error TS17004: Cannot use JSX unless the '--jsx' flag is provided.
src/ai-gateway/app/(dashboard)/dashboard/translator/components/LiveMonitorMode.tsx(259,11): error TS17004: Cannot use JSX unless the '--jsx' flag is provided.
src/ai-gateway/app/(dashboard)/dashboard/translator/components/PlaygroundMode.tsx(3,33): error TS2307: Cannot find module 'next-intl' or its corresponding type declarations.
src/ai-gateway/app/(dashboard)/dashboard/translator/components/PlaygroundMode.tsx(6,45): error TS2307: Cannot find module '@/shared/components' or its corresponding type declarations.
src/ai-gateway/app/(dashboard)/dashboard/translator/components/PlaygroundMode.tsx(7,66): error TS6142: Module '../exampleTemplates' was resolved to 'C:/TESTES DEV/1_PROJETOS_ATIVOS/Zavorth/src/ai-gateway/app/(dashboard)/dashboard/translator/exampleTemplates.tsx', but '--jsx' is not set.
src/ai-gateway/app/(dashboard)/dashboard/translator/components/PlaygroundMode.tsx(8,21): error TS2307: Cannot find module 'next/dynamic' or its corresponding type declarations.
src/ai-gateway/app/(dashboard)/dashboard/translator/components/PlaygroundMode.tsx(10,37): error TS2307: Cannot find module '@monaco-editor/react' or its corresponding type declarations.
src/ai-gateway/app/(dashboard)/dashboard/translator/components/PlaygroundMode.tsx(26,52): error TS7006: Parameter 'content' implicitly has an 'any' type.
src/ai-gateway/app/(dashboard)/dashboard/translator/components/PlaygroundMode.tsx(83,48): error TS18046: 'err' is of type 'unknown'.
src/ai-gateway/app/(dashboard)/dashboard/translator/components/PlaygroundMode.tsx(88,25): error TS7006: Parameter 'template' implicitly has an 'any' type.
src/ai-gateway/app/(dashboard)/dashboard/translator/components/PlaygroundMode.tsx(95,29): error TS7006: Parameter 'text' implicitly has an 'any' type.
src/ai-gateway/app/(dashboard)/dashboard/translator/components/PlaygroundMode.tsx(111,19): error TS7053: Element implicitly has an 'any' type because expression of type 'string' can't be used to index type '{ openai: { label: string; color: string; icon: string; }; "openai-responses": { label: string; color: string; icon: string; }; claude: { label: string; color: string; icon: string; }; gemini: { label: string; color: string; icon: string; }; zavorthBridge: { ...; }; kiro: { ...; }; cursor: { ...; }; codex: { ...; }; }'.
  No index signature with a parameter of type 'string' was found on type '{ openai: { label: string; color: string; icon: string; }; "openai-responses": { label: string; color: string; icon: string; }; claude: { label: string; color: string; icon: string; }; gemini: { label: string; color: string; icon: string; }; zavorthBridge: { ...; }; kiro: { ...; }; cursor: { ...; }; codex: { ...; }; }'.
src/ai-gateway/app/(dashboard)/dashboard/translator/components/PlaygroundMode.tsx(112,19): error TS7053: Element implicitly has an 'any' type because expression of type 'string' can't be used to index type '{ openai: { label: string; color: string; icon: string; }; "openai-responses": { label: string; color: string; icon: string; }; claude: { label: string; color: string; icon: string; }; gemini: { label: string; color: string; icon: string; }; zavorthBridge: { ...; }; kiro: { ...; }; cursor: { ...; }; codex: { ...; }; }'.
  No index signature with a parameter of type 'string' was found on type '{ openai: { label: string; color: string; icon: string; }; "openai-responses": { label: string; color: string; icon: string; }; claude: { label: string; color: string; icon: string; }; gemini: { label: string; color: string; icon: string; }; zavorthBridge: { ...; }; kiro: { ...; }; cursor: { ...; }; codex: { ...; }; }'.
src/ai-gateway/app/(dashboard)/dashboard/translator/components/PlaygroundMode.tsx(115,5): error TS17004: Cannot use JSX unless the '--jsx' flag is provided.
src/ai-gateway/app/(dashboard)/dashboard/translator/components/PlaygroundMode.tsx(117,7): error TS17004: Cannot use JSX unless the '--jsx' flag is provided.
src/ai-gateway/app/(dashboard)/dashboard/translator/components/PlaygroundMode.tsx(118,9): error TS17004: Cannot use JSX unless the '--jsx' flag is provided.
src/ai-gateway/app/(dashboard)/dashboard/translator/components/PlaygroundMode.tsx(121,9): error TS17004: Cannot use JSX unless the '--jsx' flag is provided.
src/ai-gateway/app/(dashboard)/dashboard/translator/components/PlaygroundMode.tsx(122,11): error TS17004: Cannot use JSX unless the '--jsx' flag is provided.
src/ai-gateway/app/(dashboard)/dashboard/translator/components/PlaygroundMode.tsx(123,11): error TS17004: Cannot use JSX unless the '--jsx' flag is provided.
src/ai-gateway/app/(dashboard)/dashboard/translator/components/PlaygroundMode.tsx(127,7): error TS17004: Cannot use JSX unless the '--jsx' flag is provided.
src/ai-gateway/app/(dashboard)/dashboard/translator/components/PlaygroundMode.tsx(128,9): error TS17004: Cannot use JSX unless the '--jsx' flag is provided.
src/ai-gateway/app/(dashboard)/dashboard/translator/components/PlaygroundMode.tsx(130,11): error TS17004: Cannot use JSX unless the '--jsx' flag is provided.
src/ai-gateway/app/(dashboard)/dashboard/translator/components/PlaygroundMode.tsx(131,13): error TS17004: Cannot use JSX unless the '--jsx' flag is provided.
src/ai-gateway/app/(dashboard)/dashboard/translator/components/PlaygroundMode.tsx(134,13): error TS17004: Cannot use JSX unless the '--jsx' flag is provided.
src/ai-gateway/app/(dashboard)/dashboard/translator/components/PlaygroundMode.tsx(135,15): error TS17004: Cannot use JSX unless the '--jsx' flag is provided.
src/ai-gateway/app/(dashboard)/dashboard/translator/components/PlaygroundMode.tsx(138,15): error TS17004: Cannot use JSX unless the '--jsx' flag is provided.
src/ai-gateway/app/(dashboard)/dashboard/translator/components/PlaygroundMode.tsx(140,28): error TS7006: Parameter 'e' implicitly has an 'any' type.
src/ai-gateway/app/(dashboard)/dashboard/translator/components/PlaygroundMode.tsx(148,17): error TS17004: Cannot use JSX unless the '--jsx' flag is provided.
src/ai-gateway/app/(dashboard)/dashboard/translator/components/PlaygroundMode.tsx(156,11): error TS17004: Cannot use JSX unless the '--jsx' flag is provided.
src/ai-gateway/app/(dashboard)/dashboard/translator/components/PlaygroundMode.tsx(161,13): error TS17004: Cannot use JSX unless the '--jsx' flag is provided.
src/ai-gateway/app/(dashboard)/dashboard/translator/components/PlaygroundMode.tsx(165,11): error TS17004: Cannot use JSX unless the '--jsx' flag is provided.
src/ai-gateway/app/(dashboard)/dashboard/translator/components/PlaygroundMode.tsx(166,13): error TS17004: Cannot use JSX unless the '--jsx' flag is provided.
src/ai-gateway/app/(dashboard)/dashboard/translator/components/PlaygroundMode.tsx(169,13): error TS17004: Cannot use JSX unless the '--jsx' flag is provided.
src/ai-gateway/app/(dashboard)/dashboard/translator/components/PlaygroundMode.tsx(170,15): error TS17004: Cannot use JSX unless the '--jsx' flag is provided.
src/ai-gateway/app/(dashboard)/dashboard/translator/components/PlaygroundMode.tsx(173,15): error TS17004: Cannot use JSX unless the '--jsx' flag is provided.
src/ai-gateway/app/(dashboard)/dashboard/translator/components/PlaygroundMode.tsx(175,28): error TS7006: Parameter 'e' implicitly has an 'any' type.
src/ai-gateway/app/(dashboard)/dashboard/translator/components/PlaygroundMode.tsx(183,11): error TS17004: Cannot use JSX unless the '--jsx' flag is provided.
src/ai-gateway/app/(dashboard)/dashboard/translator/components/PlaygroundMode.tsx(184,13): error TS17004: Cannot use JSX unless the '--jsx' flag is provided.
src/ai-gateway/app/(dashboard)/dashboard/translator/components/PlaygroundMode.tsx(198,7): error TS17004: Cannot use JSX unless the '--jsx' flag is provided.
src/ai-gateway/app/(dashboard)/dashboard/translator/components/PlaygroundMode.tsx(200,9): error TS17004: Cannot use JSX unless the '--jsx' flag is provided.
src/ai-gateway/app/(dashboard)/dashboard/translator/components/PlaygroundMode.tsx(201,11): error TS17004: Cannot use JSX unless the '--jsx' flag is provided.
src/ai-gateway/app/(dashboard)/dashboard/translator/components/PlaygroundMode.tsx(202,13): error TS17004: Cannot use JSX unless the '--jsx' flag is provided.
src/ai-gateway/app/(dashboard)/dashboard/translator/components/PlaygroundMode.tsx(203,15): error TS17004: Cannot use JSX unless the '--jsx' flag is provided.
src/ai-gateway/app/(dashboard)/dashboard/translator/components/PlaygroundMode.tsx(204,17): error TS17004: Cannot use JSX unless the '--jsx' flag is provided.
src/ai-gateway/app/(dashboard)/dashboard/translator/components/PlaygroundMode.tsx(205,17): error TS17004: Cannot use JSX unless the '--jsx' flag is provided.
src/ai-gateway/app/(dashboard)/dashboard/translator/components/PlaygroundMode.tsx(207,19): error TS17004: Cannot use JSX unless the '--jsx' flag is provided.
src/ai-gateway/app/(dashboard)/dashboard/translator/components/PlaygroundMode.tsx(208,51): error TS2339: Property 'label' does not exist on type 'never'.
src/ai-gateway/app/(dashboard)/dashboard/translator/components/PlaygroundMode.tsx(212,19): error TS17004: Cannot use JSX unless the '--jsx' flag is provided.
src/ai-gateway/app/(dashboard)/dashboard/translator/components/PlaygroundMode.tsx(217,15): error TS17004: Cannot use JSX unless the '--jsx' flag is provided.
src/ai-gateway/app/(dashboard)/dashboard/translator/components/PlaygroundMode.tsx(218,17): error TS17004: Cannot use JSX unless the '--jsx' flag is provided.
src/ai-gateway/app/(dashboard)/dashboard/translator/components/PlaygroundMode.tsx(223,19): error TS17004: Cannot use JSX unless the '--jsx' flag is provided.
src/ai-gateway/app/(dashboard)/dashboard/translator/components/PlaygroundMode.tsx(225,17): error TS17004: Cannot use JSX unless the '--jsx' flag is provided.
src/ai-gateway/app/(dashboard)/dashboard/translator/components/PlaygroundMode.tsx(235,19): error TS17004: Cannot use JSX unless the '--jsx' flag is provided.
src/ai-gateway/app/(dashboard)/dashboard/translator/components/PlaygroundMode.tsx(239,13): error TS17004: Cannot use JSX unless the '--jsx' flag is provided.
src/ai-gateway/app/(dashboard)/dashboard/translator/components/PlaygroundMode.tsx(240,15): error TS17004: Cannot use JSX unless the '--jsx' flag is provided.
src/ai-gateway/app/(dashboard)/dashboard/translator/components/PlaygroundMode.tsx(244,28): error TS7006: Parameter 'value' implicitly has an 'any' type.
src/ai-gateway/app/(dashboard)/dashboard/translator/components/PlaygroundMode.tsx(262,9): error TS17004: Cannot use JSX unless the '--jsx' flag is provided.
src/ai-gateway/app/(dashboard)/dashboard/translator/components/PlaygroundMode.tsx(263,11): error TS17004: Cannot use JSX unless the '--jsx' flag is provided.
src/ai-gateway/app/(dashboard)/dashboard/translator/components/PlaygroundMode.tsx(264,13): error TS17004: Cannot use JSX unless the '--jsx' flag is provided.
src/ai-gateway/app/(dashboard)/dashboard/translator/components/PlaygroundMode.tsx(265,15): error TS17004: Cannot use JSX unless the '--jsx' flag is provided.
src/ai-gateway/app/(dashboard)/dashboard/translator/components/PlaygroundMode.tsx(266,17): error TS17004: Cannot use JSX unless the '--jsx' flag is provided.
src/ai-gateway/app/(dashboard)/dashboard/translator/components/PlaygroundMode.tsx(269,17): error TS17004: Cannot use JSX unless the '--jsx' flag is provided.
src/ai-gateway/app/(dashboard)/dashboard/translator/components/PlaygroundMode.tsx(271,19): error TS17004: Cannot use JSX unless the '--jsx' flag is provided.
src/ai-gateway/app/(dashboard)/dashboard/translator/components/PlaygroundMode.tsx(272,22): error TS7053: Element implicitly has an 'any' type because expression of type 'string' can't be used to index type '{ openai: { label: string; color: string; icon: string; }; "openai-responses": { label: string; color: string; icon: string; }; claude: { label: string; color: string; icon: string; }; gemini: { label: string; color: string; icon: string; }; zavorthBridge: { ...; }; kiro: { ...; }; cursor: { ...; }; codex: { ...; }; }'.
  No index signature with a parameter of type 'string' was found on type '{ openai: { label: string; color: string; icon: string; }; "openai-responses": { label: string; color: string; icon: string; }; claude: { label: string; color: string; icon: string; }; gemini: { label: string; color: string; icon: string; }; zavorthBridge: { ...; }; kiro: { ...; }; cursor: { ...; }; codex: { ...; }; }'.
src/ai-gateway/app/(dashboard)/dashboard/translator/components/PlaygroundMode.tsx(276,15): error TS17004: Cannot use JSX unless the '--jsx' flag is provided.
src/ai-gateway/app/(dashboard)/dashboard/translator/components/PlaygroundMode.tsx(277,17): error TS17004: Cannot use JSX unless the '--jsx' flag is provided.
src/ai-gateway/app/(dashboard)/dashboard/translator/components/PlaygroundMode.tsx(282,19): error TS17004: Cannot use JSX unless the '--jsx' flag is provided.
src/ai-gateway/app/(dashboard)/dashboard/translator/components/PlaygroundMode.tsx(286,13): error TS17004: Cannot use JSX unless the '--jsx' flag is provided.
src/ai-gateway/app/(dashboard)/dashboard/translator/components/PlaygroundMode.tsx(287,15): error TS17004: Cannot use JSX unless the '--jsx' flag is provided.
src/ai-gateway/app/(dashboard)/dashboard/translator/components/PlaygroundMode.tsx(308,7): error TS17004: Cannot use JSX unless the '--jsx' flag is provided.
src/ai-gateway/app/(dashboard)/dashboard/translator/components/PlaygroundMode.tsx(309,9): error TS17004: Cannot use JSX unless the '--jsx' flag is provided.
src/ai-gateway/app/(dashboard)/dashboard/translator/components/PlaygroundMode.tsx(310,11): error TS17004: Cannot use JSX unless the '--jsx' flag is provided.
src/ai-gateway/app/(dashboard)/dashboard/translator/components/PlaygroundMode.tsx(311,13): error TS17004: Cannot use JSX unless the '--jsx' flag is provided.
src/ai-gateway/app/(dashboard)/dashboard/translator/components/PlaygroundMode.tsx(314,13): error TS17004: Cannot use JSX unless the '--jsx' flag is provided.
src/ai-gateway/app/(dashboard)/dashboard/translator/components/PlaygroundMode.tsx(315,13): error TS17004: Cannot use JSX unless the '--jsx' flag is provided.
src/ai-gateway/app/(dashboard)/dashboard/translator/components/PlaygroundMode.tsx(317,11): error TS17004: Cannot use JSX unless the '--jsx' flag is provided.
src/ai-gateway/app/(dashboard)/dashboard/translator/components/PlaygroundMode.tsx(319,15): error TS17004: Cannot use JSX unless the '--jsx' flag is provided.
src/ai-gateway/app/(dashboard)/dashboard/translator/components/PlaygroundMode.tsx(331,17): error TS17004: Cannot use JSX unless the '--jsx' flag is provided.
src/ai-gateway/app/(dashboard)/dashboard/translator/components/PlaygroundMode.tsx(336,17): error TS17004: Cannot use JSX unless the '--jsx' flag is provided.
src/ai-gateway/app/(dashboard)/dashboard/translator/components/PlaygroundMode.tsx(341,13): error TS17004: Cannot use JSX unless the '--jsx' flag is provided.
src/ai-gateway/app/(dashboard)/dashboard/translator/components/PlaygroundMode.tsx(342,15): error TS17004: Cannot use JSX unless the '--jsx' flag is provided.
src/ai-gateway/app/(dashboard)/dashboard/translator/components/PlaygroundMode.tsx(344,25): error TS7053: Element implicitly has an 'any' type because expression of type 'string' can't be used to index type '{ openai: { label: string; color: string; icon: string; }; "openai-responses": { label: string; color: string; icon: string; }; claude: { label: string; color: string; icon: string; }; gemini: { label: string; color: string; icon: string; }; zavorthBridge: { ...; }; kiro: { ...; }; cursor: { ...; }; codex: { ...; }; }'.
  No index signature with a parameter of type 'string' was found on type '{ openai: { label: string; color: string; icon: string; }; "openai-responses": { label: string; color: string; icon: string; }; claude: { label: string; color: string; icon: string; }; gemini: { label: string; color: string; icon: string; }; zavorthBridge: { ...; }; kiro: { ...; }; cursor: { ...; }; codex: { ...; }; }'.
src/ai-gateway/app/(dashboard)/dashboard/translator/components/TestBenchMode.tsx(3,33): error TS2307: Cannot find module 'next-intl' or its corresponding type declarations.
src/ai-gateway/app/(dashboard)/dashboard/translator/components/TestBenchMode.tsx(6,45): error TS2307: Cannot find module '@/shared/components' or its corresponding type declarations.
src/ai-gateway/app/(dashboard)/dashboard/translator/components/TestBenchMode.tsx(7,66): error TS6142: Module '../exampleTemplates' was resolved to 'C:/TESTES DEV/1_PROJETOS_ATIVOS/Zavorth/src/ai-gateway/app/(dashboard)/dashboard/translator/exampleTemplates.tsx', but '--jsx' is not set.
src/ai-gateway/app/(dashboard)/dashboard/translator/components/TestBenchMode.tsx(8,36): error TS6142: Module '../hooks/useProviderOptions' was resolved to 'C:/TESTES DEV/1_PROJETOS_ATIVOS/Zavorth/src/ai-gateway/app/(dashboard)/dashboard/translator/hooks/useProviderOptions.tsx', but '--jsx' is not set.
src/ai-gateway/app/(dashboard)/dashboard/translator/components/TestBenchMode.tsx(9,36): error TS6142: Module '../hooks/useAvailableModels' was resolved to 'C:/TESTES DEV/1_PROJETOS_ATIVOS/Zavorth/src/ai-gateway/app/(dashboard)/dashboard/translator/hooks/useAvailableModels.tsx', but '--jsx' is not set.
src/ai-gateway/app/(dashboard)/dashboard/translator/components/TestBenchMode.tsx(53,30): error TS7006: Parameter 'scenario' implicitly has an 'any' type.
src/ai-gateway/app/(dashboard)/dashboard/translator/components/TestBenchMode.tsx(60,20): error TS7053: Element implicitly has an 'any' type because expression of type 'string' can't be used to index type '{ openai: { model: string; messages: { role: string; content: string; }[]; stream: boolean; tools?: undefined; temperature?: undefined; stream_options?: undefined; }; claude: { model: string; system: string; ... 5 more ...; temperature?: undefined; }; gemini: { ...; }; "openai-responses": { ...; }; } | ... 4 more .....'.
  No index signature with a parameter of type 'string' was found on type '{ openai: { model: string; messages: { role: string; content: string; }[]; stream: boolean; tools?: undefined; temperature?: undefined; stream_options?: undefined; }; claude: { model: string; system: string; ... 5 more ...; temperature?: undefined; }; gemini: { ...; }; "openai-responses": { ...; }; } | ... 4 more .....'.
src/ai-gateway/app/(dashboard)/dashboard/translator/components/TestBenchMode.tsx(119,22): error TS18047: 'sendRes.body' is possibly 'null'.
src/ai-gateway/app/(dashboard)/dashboard/translator/components/TestBenchMode.tsx(134,50): error TS18046: 'err' is of type 'unknown'.
src/ai-gateway/app/(dashboard)/dashboard/translator/components/TestBenchMode.tsx(152,19): error TS7053: Element implicitly has an 'any' type because expression of type 'string' can't be used to index type '{ openai: { label: string; color: string; icon: string; }; "openai-responses": { label: string; color: string; icon: string; }; claude: { label: string; color: string; icon: string; }; gemini: { label: string; color: string; icon: string; }; zavorthBridge: { ...; }; kiro: { ...; }; cursor: { ...; }; codex: { ...; }; }'.
  No index signature with a parameter of type 'string' was found on type '{ openai: { label: string; color: string; icon: string; }; "openai-responses": { label: string; color: string; icon: string; }; claude: { label: string; color: string; icon: string; }; gemini: { label: string; color: string; icon: string; }; zavorthBridge: { ...; }; kiro: { ...; }; cursor: { ...; }; codex: { ...; }; }'.
src/ai-gateway/app/(dashboard)/dashboard/translator/components/TestBenchMode.tsx(155,5): error TS17004: Cannot use JSX unless the '--jsx' flag is provided.
src/ai-gateway/app/(dashboard)/dashboard/translator/components/TestBenchMode.tsx(157,7): error TS17004: Cannot use JSX unless the '--jsx' flag is provided.
src/ai-gateway/app/(dashboard)/dashboard/translator/components/TestBenchMode.tsx(158,9): error TS17004: Cannot use JSX unless the '--jsx' flag is provided.
src/ai-gateway/app/(dashboard)/dashboard/translator/components/TestBenchMode.tsx(161,9): error TS17004: Cannot use JSX unless the '--jsx' flag is provided.
src/ai-gateway/app/(dashboard)/dashboard/translator/components/TestBenchMode.tsx(162,11): error TS17004: Cannot use JSX unless the '--jsx' flag is provided.
src/ai-gateway/app/(dashboard)/dashboard/translator/components/TestBenchMode.tsx(163,11): error TS17004: Cannot use JSX unless the '--jsx' flag is provided.
src/ai-gateway/app/(dashboard)/dashboard/translator/components/TestBenchMode.tsx(168,7): error TS17004: Cannot use JSX unless the '--jsx' flag is provided.
src/ai-gateway/app/(dashboard)/dashboard/translator/components/TestBenchMode.tsx(169,9): error TS17004: Cannot use JSX unless the '--jsx' flag is provided.
src/ai-gateway/app/(dashboard)/dashboard/translator/components/TestBenchMode.tsx(170,11): error TS17004: Cannot use JSX unless the '--jsx' flag is provided.
src/ai-gateway/app/(dashboard)/dashboard/translator/components/TestBenchMode.tsx(171,13): error TS17004: Cannot use JSX unless the '--jsx' flag is provided.
src/ai-gateway/app/(dashboard)/dashboard/translator/components/TestBenchMode.tsx(172,15): error TS17004: Cannot use JSX unless the '--jsx' flag is provided.
src/ai-gateway/app/(dashboard)/dashboard/translator/components/TestBenchMode.tsx(175,15): error TS17004: Cannot use JSX unless the '--jsx' flag is provided.
src/ai-gateway/app/(dashboard)/dashboard/translator/components/TestBenchMode.tsx(177,28): error TS7006: Parameter 'e' implicitly has an 'any' type.
src/ai-gateway/app/(dashboard)/dashboard/translator/components/TestBenchMode.tsx(186,13): error TS17004: Cannot use JSX unless the '--jsx' flag is provided.
src/ai-gateway/app/(dashboard)/dashboard/translator/components/TestBenchMode.tsx(187,15): error TS17004: Cannot use JSX unless the '--jsx' flag is provided.
src/ai-gateway/app/(dashboard)/dashboard/translator/components/TestBenchMode.tsx(191,13): error TS17004: Cannot use JSX unless the '--jsx' flag is provided.
src/ai-gateway/app/(dashboard)/dashboard/translator/components/TestBenchMode.tsx(192,15): error TS17004: Cannot use JSX unless the '--jsx' flag is provided.
src/ai-gateway/app/(dashboard)/dashboard/translator/components/TestBenchMode.tsx(195,15): error TS17004: Cannot use JSX unless the '--jsx' flag is provided.
src/ai-gateway/app/(dashboard)/dashboard/translator/components/TestBenchMode.tsx(197,28): error TS7006: Parameter 'e' implicitly has an 'any' type.
src/ai-gateway/app/(dashboard)/dashboard/translator/components/TestBenchMode.tsx(204,13): error TS17004: Cannot use JSX unless the '--jsx' flag is provided.
src/ai-gateway/app/(dashboard)/dashboard/translator/components/TestBenchMode.tsx(214,11): error TS17004: Cannot use JSX unless the '--jsx' flag is provided.
src/ai-gateway/app/(dashboard)/dashboard/translator/components/TestBenchMode.tsx(215,13): error TS17004: Cannot use JSX unless the '--jsx' flag is provided.
src/ai-gateway/app/(dashboard)/dashboard/translator/components/TestBenchMode.tsx(218,13): error TS17004: Cannot use JSX unless the '--jsx' flag is provided.
src/ai-gateway/app/(dashboard)/dashboard/translator/components/TestBenchMode.tsx(219,15): error TS17004: Cannot use JSX unless the '--jsx' flag is provided.
src/ai-gateway/app/(dashboard)/dashboard/translator/components/TestBenchMode.tsx(227,15): error TS17004: Cannot use JSX unless the '--jsx' flag is provided.
src/ai-gateway/app/(dashboard)/dashboard/translator/components/TestBenchMode.tsx(229,19): error TS17004: Cannot use JSX unless the '--jsx' flag is provided.
src/ai-gateway/app/(dashboard)/dashboard/translator/components/TestBenchMode.tsx(239,9): error TS17004: Cannot use JSX unless the '--jsx' flag is provided.
src/ai-gateway/app/(dashboard)/dashboard/translator/components/TestBenchMode.tsx(240,11): error TS17004: Cannot use JSX unless the '--jsx' flag is provided.
src/ai-gateway/app/(dashboard)/dashboard/translator/components/TestBenchMode.tsx(241,13): error TS17004: Cannot use JSX unless the '--jsx' flag is provided.
src/ai-gateway/app/(dashboard)/dashboard/translator/components/TestBenchMode.tsx(242,15): error TS17004: Cannot use JSX unless the '--jsx' flag is provided.
src/ai-gateway/app/(dashboard)/dashboard/translator/components/TestBenchMode.tsx(243,17): error TS17004: Cannot use JSX unless the '--jsx' flag is provided.
src/ai-gateway/app/(dashboard)/dashboard/translator/components/TestBenchMode.tsx(244,17): error TS17004: Cannot use JSX unless the '--jsx' flag is provided.
src/ai-gateway/app/(dashboard)/dashboard/translator/components/TestBenchMode.tsx(253,15): error TS17004: Cannot use JSX unless the '--jsx' flag is provided.
src/ai-gateway/app/(dashboard)/dashboard/translator/components/TestBenchMode.tsx(254,17): error TS17004: Cannot use JSX unless the '--jsx' flag is provided.
src/ai-gateway/app/(dashboard)/dashboard/translator/components/TestBenchMode.tsx(255,19): error TS17004: Cannot use JSX unless the '--jsx' flag is provided.
src/ai-gateway/app/(dashboard)/dashboard/translator/components/TestBenchMode.tsx(257,17): error TS17004: Cannot use JSX unless the '--jsx' flag is provided.
src/ai-gateway/app/(dashboard)/dashboard/translator/components/TestBenchMode.tsx(258,19): error TS17004: Cannot use JSX unless the '--jsx' flag is provided.
src/ai-gateway/app/(dashboard)/dashboard/translator/components/TestBenchMode.tsx(263,13): error TS17004: Cannot use JSX unless the '--jsx' flag is provided.
src/ai-gateway/app/(dashboard)/dashboard/translator/components/TestBenchMode.tsx(264,15): error TS17004: Cannot use JSX unless the '--jsx' flag is provided.
src/ai-gateway/app/(dashboard)/dashboard/translator/components/TestBenchMode.tsx(274,7): error TS17004: Cannot use JSX unless the '--jsx' flag is provided.
src/ai-gateway/app/(dashboard)/dashboard/translator/components/TestBenchMode.tsx(276,26): error TS7053: Element implicitly has an 'any' type because expression of type 'string' can't be used to index type '{}'.
  No index signature with a parameter of type 'string' was found on type '{}'.
src/ai-gateway/app/(dashboard)/dashboard/translator/components/TestBenchMode.tsx(280,13): error TS17004: Cannot use JSX unless the '--jsx' flag is provided.
src/ai-gateway/app/(dashboard)/dashboard/translator/components/TestBenchMode.tsx(284,15): error TS17004: Cannot use JSX unless the '--jsx' flag is provided.
src/ai-gateway/app/(dashboard)/dashboard/translator/components/TestBenchMode.tsx(285,17): error TS17004: Cannot use JSX unless the '--jsx' flag is provided.
src/ai-gateway/app/(dashboard)/dashboard/translator/components/TestBenchMode.tsx(286,19): error TS17004: Cannot use JSX unless the '--jsx' flag is provided.
src/ai-gateway/app/(dashboard)/dashboard/translator/components/TestBenchMode.tsx(287,21): error TS17004: Cannot use JSX unless the '--jsx' flag is provided.
src/ai-gateway/app/(dashboard)/dashboard/translator/components/TestBenchMode.tsx(296,23): error TS17004: Cannot use JSX unless the '--jsx' flag is provided.
src/ai-gateway/app/(dashboard)/dashboard/translator/components/TestBenchMode.tsx(306,21): error TS17004: Cannot use JSX unless the '--jsx' flag is provided.
src/ai-gateway/app/(dashboard)/dashboard/translator/components/TestBenchMode.tsx(307,23): error TS17004: Cannot use JSX unless the '--jsx' flag is provided.
src/ai-gateway/app/(dashboard)/dashboard/translator/components/TestBenchMode.tsx(310,23): error TS17004: Cannot use JSX unless the '--jsx' flag is provided.
src/ai-gateway/app/(dashboard)/dashboard/translator/components/TestBenchMode.tsx(312,56): error TS2339: Property 'value' does not exist on type 'never'.
src/ai-gateway/app/(dashboard)/dashboard/translator/components/TestBenchMode.tsx(312,77): error TS2339: Property 'label' does not exist on type 'never'.
src/ai-gateway/app/(dashboard)/dashboard/translator/components/TestBenchMode.tsx(320,19): error TS17004: Cannot use JSX unless the '--jsx' flag is provided.
src/ai-gateway/app/(dashboard)/dashboard/translator/components/TestBenchMode.tsx(324,23): error TS17004: Cannot use JSX unless the '--jsx' flag is provided.
src/ai-gateway/app/(dashboard)/dashboard/translator/components/TestBenchMode.tsx(325,25): error TS17004: Cannot use JSX unless the '--jsx' flag is provided.
src/ai-gateway/app/(dashboard)/dashboard/translator/components/TestBenchMode.tsx(326,25): error TS17004: Cannot use JSX unless the '--jsx' flag is provided.
src/ai-gateway/app/(dashboard)/dashboard/translator/components/TestBenchMode.tsx(331,23): error TS17004: Cannot use JSX unless the '--jsx' flag is provided.
src/ai-gateway/app/(dashboard)/dashboard/translator/components/TestBenchMode.tsx(332,25): error TS17004: Cannot use JSX unless the '--jsx' flag is provided.
src/ai-gateway/app/(dashboard)/dashboard/translator/components/TestBenchMode.tsx(333,25): error TS17004: Cannot use JSX unless the '--jsx' flag is provided.
src/ai-gateway/app/(dashboard)/dashboard/translator/components/TestBenchMode.tsx(339,17): error TS17004: Cannot use JSX unless the '--jsx' flag is provided.
src/ai-gateway/app/(dashboard)/dashboard/translator/hooks/useAvailableModels.tsx(37,47): error TS7006: Parameter 'm' implicitly has an 'any' type.
src/ai-gateway/app/(dashboard)/dashboard/translator/hooks/useAvailableModels.tsx(37,65): error TS7006: Parameter 'a' implicitly has an 'any' type.
src/ai-gateway/app/(dashboard)/dashboard/translator/hooks/useAvailableModels.tsx(37,68): error TS7006: Parameter 'b' implicitly has an 'any' type.
src/ai-gateway/app/(dashboard)/dashboard/translator/hooks/useAvailableModels.tsx(53,6): error TS7006: Parameter 'format' implicitly has an 'any' type.
src/ai-gateway/app/(dashboard)/dashboard/translator/hooks/useAvailableModels.tsx(55,24): error TS7053: Element implicitly has an 'any' type because expression of type 'any' can't be used to index type '{ openai: string[]; "openai-responses": string[]; claude: string[]; gemini: string[]; }'.
src/ai-gateway/app/(dashboard)/dashboard/translator/hooks/useAvailableModels.tsx(57,53): error TS2339: Property 'startsWith' does not exist on type 'never'.
src/ai-gateway/app/(dashboard)/dashboard/translator/hooks/useProviderOptions.tsx(4,33): error TS2307: Cannot find module 'next-intl' or its corresponding type declarations.
src/ai-gateway/app/(dashboard)/dashboard/translator/hooks/useProviderOptions.tsx(10,8): error TS2307: Cannot find module '@/shared/constants/providers' or its corresponding type declarations.
src/ai-gateway/app/(dashboard)/dashboard/translator/hooks/useProviderOptions.tsx(34,62): error TS7006: Parameter 'n' implicitly has an 'any' type.
src/ai-gateway/app/(dashboard)/dashboard/translator/hooks/useProviderOptions.tsx(36,48): error TS7006: Parameter 'c' implicitly has an 'any' type.
src/ai-gateway/app/(dashboard)/dashboard/translator/hooks/useProviderOptions.tsx(36,81): error TS7006: Parameter 'c' implicitly has an 'any' type.
src/ai-gateway/app/(dashboard)/dashboard/translator/hooks/useProviderOptions.tsx(60,28): error TS2345: Argument of type '{ value: unknown; label: any; }[]' is not assignable to parameter of type 'SetStateAction<never[]>'.
  Type '{ value: unknown; label: any; }[]' is not assignable to type 'never[]'.
    Type '{ value: unknown; label: any; }' is not assignable to type 'never'.
src/ai-gateway/app/(dashboard)/dashboard/translator/hooks/useProviderOptions.tsx(71,18): error TS18046: 'info' is of type 'unknown'.
src/ai-gateway/app/(dashboard)/dashboard/translator/hooks/useProviderOptions.tsx(73,28): error TS2345: Argument of type '{ value: string; label: any; }[]' is not assignable to parameter of type 'SetStateAction<never[]>'.
  Type '{ value: string; label: any; }[]' is not assignable to type 'never[]'.
    Type '{ value: string; label: any; }' is not assignable to type 'never'.
src/ai-gateway/app/(dashboard)/dashboard/translator/page.tsx(1,34): error TS6142: Module './TranslatorPageClient' was resolved to 'C:/TESTES DEV/1_PROJETOS_ATIVOS/Zavorth/src/ai-gateway/app/(dashboard)/dashboard/translator/TranslatorPageClient.tsx', but '--jsx' is not set.
src/ai-gateway/app/(dashboard)/dashboard/translator/page.tsx(2,33): error TS2307: Cannot find module 'next-intl/server' or its corresponding type declarations.
src/ai-gateway/app/(dashboard)/dashboard/translator/page.tsx(13,10): error TS17004: Cannot use JSX unless the '--jsx' flag is provided.
src/ai-gateway/app/(dashboard)/dashboard/translator/TranslatorPageClient.tsx(3,33): error TS2307: Cannot find module 'next-intl' or its corresponding type declarations.
src/ai-gateway/app/(dashboard)/dashboard/translator/TranslatorPageClient.tsx(6,34): error TS2307: Cannot find module '@/shared/components' or its corresponding type declarations.
src/ai-gateway/app/(dashboard)/dashboard/translator/TranslatorPageClient.tsx(7,28): error TS6142: Module './components/PlaygroundMode' was resolved to 'C:/TESTES DEV/1_PROJETOS_ATIVOS/Zavorth/src/ai-gateway/app/(dashboard)/dashboard/translator/components/PlaygroundMode.tsx', but '--jsx' is not set.
src/ai-gateway/app/(dashboard)/dashboard/translator/TranslatorPageClient.tsx(8,28): error TS6142: Module './components/ChatTesterMode' was resolved to 'C:/TESTES DEV/1_PROJETOS_ATIVOS/Zavorth/src/ai-gateway/app/(dashboard)/dashboard/translator/components/ChatTesterMode.tsx', but '--jsx' is not set.
src/ai-gateway/app/(dashboard)/dashboard/translator/TranslatorPageClient.tsx(9,27): error TS6142: Module './components/TestBenchMode' was resolved to 'C:/TESTES DEV/1_PROJETOS_ATIVOS/Zavorth/src/ai-gateway/app/(dashboard)/dashboard/translator/components/TestBenchMode.tsx', but '--jsx' is not set.
src/ai-gateway/app/(dashboard)/dashboard/translator/TranslatorPageClient.tsx(10,29): error TS6142: Module './components/LiveMonitorMode' was resolved to 'C:/TESTES DEV/1_PROJETOS_ATIVOS/Zavorth/src/ai-gateway/app/(dashboard)/dashboard/translator/components/LiveMonitorMode.tsx', but '--jsx' is not set.
src/ai-gateway/app/(dashboard)/dashboard/translator/TranslatorPageClient.tsx(29,5): error TS17004: Cannot use JSX unless the '--jsx' flag is provided.
src/ai-gateway/app/(dashboard)/dashboard/translator/TranslatorPageClient.tsx(31,7): error TS17004: Cannot use JSX unless the '--jsx' flag is provided.
src/ai-gateway/app/(dashboard)/dashboard/translator/TranslatorPageClient.tsx(32,9): error TS17004: Cannot use JSX unless the '--jsx' flag is provided.
src/ai-gateway/app/(dashboard)/dashboard/translator/TranslatorPageClient.tsx(33,11): error TS17004: Cannot use JSX unless the '--jsx' flag is provided.
src/ai-gateway/app/(dashboard)/dashboard/translator/TranslatorPageClient.tsx(34,13): error TS17004: Cannot use JSX unless the '--jsx' flag is provided.
src/ai-gateway/app/(dashboard)/dashboard/translator/TranslatorPageClient.tsx(37,11): error TS17004: Cannot use JSX unless the '--jsx' flag is provided.
src/ai-gateway/app/(dashboard)/dashboard/translator/TranslatorPageClient.tsx(41,9): error TS17004: Cannot use JSX unless the '--jsx' flag is provided.
src/ai-gateway/app/(dashboard)/dashboard/translator/TranslatorPageClient.tsx(42,11): error TS17004: Cannot use JSX unless the '--jsx' flag is provided.
src/ai-gateway/app/(dashboard)/dashboard/translator/TranslatorPageClient.tsx(53,33): error TS17004: Cannot use JSX unless the '--jsx' flag is provided.
src/ai-gateway/app/(dashboard)/dashboard/translator/TranslatorPageClient.tsx(54,34): error TS17004: Cannot use JSX unless the '--jsx' flag is provided.
src/ai-gateway/app/(dashboard)/dashboard/translator/TranslatorPageClient.tsx(55,33): error TS17004: Cannot use JSX unless the '--jsx' flag is provided.
src/ai-gateway/app/(dashboard)/dashboard/translator/TranslatorPageClient.tsx(56,35): error TS17004: Cannot use JSX unless the '--jsx' flag is provided.
src/ai-gateway/app/(dashboard)/dashboard/usage/components/BudgetTab.tsx(3,44): error TS2307: Cannot find module 'next-intl' or its corresponding type declarations.
src/ai-gateway/app/(dashboard)/dashboard/usage/components/BudgetTab.tsx(14,49): error TS2307: Cannot find module '@/shared/components' or its corresponding type declarations.
src/ai-gateway/app/(dashboard)/dashboard/usage/components/BudgetTab.tsx(15,38): error TS2307: Cannot find module '@/store/notificationStore' or its corresponding type declarations.
src/ai-gateway/app/(dashboard)/dashboard/usage/components/BudgetTab.tsx(17,24): error TS7031: Binding element 'value' implicitly has an 'any' type.
src/ai-gateway/app/(dashboard)/dashboard/usage/components/BudgetTab.tsx(17,31): error TS7031: Binding element 'max' implicitly has an 'any' type.
src/ai-gateway/app/(dashboard)/dashboard/usage/components/BudgetTab.tsx(17,53): error TS7031: Binding element 'formatCurrency' implicitly has an 'any' type.
src/ai-gateway/app/(dashboard)/dashboard/usage/components/BudgetTab.tsx(23,5): error TS17004: Cannot use JSX unless the '--jsx' flag is provided.
src/ai-gateway/app/(dashboard)/dashboard/usage/components/BudgetTab.tsx(24,7): error TS17004: Cannot use JSX unless the '--jsx' flag is provided.
src/ai-gateway/app/(dashboard)/dashboard/usage/components/BudgetTab.tsx(25,9): error TS17004: Cannot use JSX unless the '--jsx' flag is provided.
src/ai-gateway/app/(dashboard)/dashboard/usage/components/BudgetTab.tsx(26,9): error TS17004: Cannot use JSX unless the '--jsx' flag is provided.
src/ai-gateway/app/(dashboard)/dashboard/usage/components/BudgetTab.tsx(28,7): error TS17004: Cannot use JSX unless the '--jsx' flag is provided.
src/ai-gateway/app/(dashboard)/dashboard/usage/components/BudgetTab.tsx(29,9): error TS17004: Cannot use JSX unless the '--jsx' flag is provided.
src/ai-gateway/app/(dashboard)/dashboard/usage/components/BudgetTab.tsx(52,27): error TS7006: Parameter 'value' implicitly has an 'any' type.
src/ai-gateway/app/(dashboard)/dashboard/usage/components/BudgetTab.tsx(130,7): error TS17004: Cannot use JSX unless the '--jsx' flag is provided.
src/ai-gateway/app/(dashboard)/dashboard/usage/components/BudgetTab.tsx(131,9): error TS17004: Cannot use JSX unless the '--jsx' flag is provided.
src/ai-gateway/app/(dashboard)/dashboard/usage/components/BudgetTab.tsx(141,7): error TS17004: Cannot use JSX unless the '--jsx' flag is provided.
src/ai-gateway/app/(dashboard)/dashboard/usage/components/BudgetTab.tsx(149,30): error TS2339: Property 'dailyLimitUsd' does not exist on type 'never'.
src/ai-gateway/app/(dashboard)/dashboard/usage/components/BudgetTab.tsx(150,32): error TS2339: Property 'monthlyLimitUsd' does not exist on type 'never'.
src/ai-gateway/app/(dashboard)/dashboard/usage/components/BudgetTab.tsx(151,29): error TS2339: Property 'totalCostToday' does not exist on type 'never'.
src/ai-gateway/app/(dashboard)/dashboard/usage/components/BudgetTab.tsx(152,31): error TS2339: Property 'totalCostMonth' does not exist on type 'never'.
src/ai-gateway/app/(dashboard)/dashboard/usage/components/BudgetTab.tsx(156,5): error TS17004: Cannot use JSX unless the '--jsx' flag is provided.
src/ai-gateway/app/(dashboard)/dashboard/usage/components/BudgetTab.tsx(158,7): error TS17004: Cannot use JSX unless the '--jsx' flag is provided.
src/ai-gateway/app/(dashboard)/dashboard/usage/components/BudgetTab.tsx(159,9): error TS17004: Cannot use JSX unless the '--jsx' flag is provided.
src/ai-gateway/app/(dashboard)/dashboard/usage/components/BudgetTab.tsx(160,11): error TS17004: Cannot use JSX unless the '--jsx' flag is provided.
src/ai-gateway/app/(dashboard)/dashboard/usage/components/BudgetTab.tsx(161,13): error TS17004: Cannot use JSX unless the '--jsx' flag is provided.
src/ai-gateway/app/(dashboard)/dashboard/usage/components/BudgetTab.tsx(165,11): error TS17004: Cannot use JSX unless the '--jsx' flag is provided.
src/ai-gateway/app/(dashboard)/dashboard/usage/components/BudgetTab.tsx(168,9): error TS17004: Cannot use JSX unless the '--jsx' flag is provided.
src/ai-gateway/app/(dashboard)/dashboard/usage/components/BudgetTab.tsx(169,11): error TS17004: Cannot use JSX unless the '--jsx' flag is provided.
src/ai-gateway/app/(dashboard)/dashboard/usage/components/BudgetTab.tsx(170,11): error TS17004: Cannot use JSX unless the '--jsx' flag is provided.
src/ai-gateway/app/(dashboard)/dashboard/usage/components/BudgetTab.tsx(172,45): error TS2345: Argument of type 'string' is not assignable to parameter of type 'SetStateAction<null>'.
src/ai-gateway/app/(dashboard)/dashboard/usage/components/BudgetTab.tsx(176,15): error TS17004: Cannot use JSX unless the '--jsx' flag is provided.
src/ai-gateway/app/(dashboard)/dashboard/usage/components/BudgetTab.tsx(176,30): error TS2339: Property 'id' does not exist on type 'never'.
src/ai-gateway/app/(dashboard)/dashboard/usage/components/BudgetTab.tsx(176,43): error TS2339: Property 'id' does not exist on type 'never'.
src/ai-gateway/app/(dashboard)/dashboard/usage/components/BudgetTab.tsx(177,20): error TS2339: Property 'name' does not exist on type 'never'.
src/ai-gateway/app/(dashboard)/dashboard/usage/components/BudgetTab.tsx(177,30): error TS2339: Property 'id' does not exist on type 'never'.
src/ai-gateway/app/(dashboard)/dashboard/usage/components/BudgetTab.tsx(177,37): error TS2339: Property 'provider' does not exist on type 'never'.
src/ai-gateway/app/(dashboard)/dashboard/usage/components/BudgetTab.tsx(177,54): error TS2339: Property 'provider' does not exist on type 'never'.
src/ai-gateway/app/(dashboard)/dashboard/usage/components/BudgetTab.tsx(184,9): error TS17004: Cannot use JSX unless the '--jsx' flag is provided.
src/ai-gateway/app/(dashboard)/dashboard/usage/components/BudgetTab.tsx(185,11): error TS17004: Cannot use JSX unless the '--jsx' flag is provided.
src/ai-gateway/app/(dashboard)/dashboard/usage/components/BudgetTab.tsx(186,13): error TS17004: Cannot use JSX unless the '--jsx' flag is provided.
src/ai-gateway/app/(dashboard)/dashboard/usage/components/BudgetTab.tsx(187,13): error TS17004: Cannot use JSX unless the '--jsx' flag is provided.
src/ai-gateway/app/(dashboard)/dashboard/usage/components/BudgetTab.tsx(189,15): error TS17004: Cannot use JSX unless the '--jsx' flag is provided.
src/ai-gateway/app/(dashboard)/dashboard/usage/components/BudgetTab.tsx(197,11): error TS17004: Cannot use JSX unless the '--jsx' flag is provided.
src/ai-gateway/app/(dashboard)/dashboard/usage/components/BudgetTab.tsx(198,13): error TS17004: Cannot use JSX unless the '--jsx' flag is provided.
src/ai-gateway/app/(dashboard)/dashboard/usage/components/BudgetTab.tsx(199,13): error TS17004: Cannot use JSX unless the '--jsx' flag is provided.
src/ai-gateway/app/(dashboard)/dashboard/usage/components/BudgetTab.tsx(201,15): error TS17004: Cannot use JSX unless the '--jsx' flag is provided.
src/ai-gateway/app/(dashboard)/dashboard/usage/components/BudgetTab.tsx(212,9): error TS17004: Cannot use JSX unless the '--jsx' flag is provided.
src/ai-gateway/app/(dashboard)/dashboard/usage/components/BudgetTab.tsx(213,11): error TS17004: Cannot use JSX unless the '--jsx' flag is provided.
src/ai-gateway/app/(dashboard)/dashboard/usage/components/BudgetTab.tsx(214,11): error TS17004: Cannot use JSX unless the '--jsx' flag is provided.
src/ai-gateway/app/(dashboard)/dashboard/usage/components/BudgetTab.tsx(215,13): error TS17004: Cannot use JSX unless the '--jsx' flag is provided.
src/ai-gateway/app/(dashboard)/dashboard/usage/components/BudgetTab.tsx(222,26): error TS7006: Parameter 'e' implicitly has an 'any' type.
src/ai-gateway/app/(dashboard)/dashboard/usage/components/BudgetTab.tsx(224,13): error TS17004: Cannot use JSX unless the '--jsx' flag is provided.
src/ai-gateway/app/(dashboard)/dashboard/usage/components/BudgetTab.tsx(231,26): error TS7006: Parameter 'e' implicitly has an 'any' type.
src/ai-gateway/app/(dashboard)/dashboard/usage/components/BudgetTab.tsx(233,13): error TS17004: Cannot use JSX unless the '--jsx' flag is provided.
src/ai-gateway/app/(dashboard)/dashboard/usage/components/BudgetTab.tsx(240,26): error TS7006: Parameter 'e' implicitly has an 'any' type.
src/ai-gateway/app/(dashboard)/dashboard/usage/components/BudgetTab.tsx(243,11): error TS17004: Cannot use JSX unless the '--jsx' flag is provided.
src/ai-gateway/app/(dashboard)/dashboard/usage/components/BudgetTab.tsx(250,16): error TS2339: Property 'budgetCheck' does not exist on type 'never'.
src/ai-gateway/app/(dashboard)/dashboard/usage/components/BudgetTab.tsx(251,9): error TS17004: Cannot use JSX unless the '--jsx' flag is provided.
src/ai-gateway/app/(dashboard)/dashboard/usage/components/BudgetTab.tsx(252,11): error TS17004: Cannot use JSX unless the '--jsx' flag is provided.
src/ai-gateway/app/(dashboard)/dashboard/usage/components/BudgetTab.tsx(253,13): error TS17004: Cannot use JSX unless the '--jsx' flag is provided.
src/ai-gateway/app/(dashboard)/dashboard/usage/components/BudgetTab.tsx(256,38): error TS2339: Property 'budgetCheck' does not exist on type 'never'.
src/ai-gateway/app/(dashboard)/dashboard/usage/components/BudgetTab.tsx(258,23): error TS2339: Property 'budgetCheck' does not exist on type 'never'.
src/ai-gateway/app/(dashboard)/dashboard/usage/components/BudgetTab.tsx(260,13): error TS17004: Cannot use JSX unless the '--jsx' flag is provided.
src/ai-gateway/app/(dashboard)/dashboard/usage/components/BudgetTab.tsx(261,23): error TS2339: Property 'budgetCheck' does not exist on type 'never'.
src/ai-gateway/app/(dashboard)/dashboard/usage/components/BudgetTab.tsx(262,68): error TS2339: Property 'budgetCheck' does not exist on type 'never'.
src/ai-gateway/app/(dashboard)/dashboard/usage/components/BudgetTelemetryCards.tsx(3,33): error TS2307: Cannot find module 'next-intl' or its corresponding type declarations.
src/ai-gateway/app/(dashboard)/dashboard/usage/components/BudgetTelemetryCards.tsx(6,22): error TS2307: Cannot find module '@/shared/components' or its corresponding type declarations.
src/ai-gateway/app/(dashboard)/dashboard/usage/components/BudgetTelemetryCards.tsx(26,16): error TS7006: Parameter 'ms' implicitly has an 'any' type.
src/ai-gateway/app/(dashboard)/dashboard/usage/components/BudgetTelemetryCards.tsx(29,5): error TS17004: Cannot use JSX unless the '--jsx' flag is provided.
src/ai-gateway/app/(dashboard)/dashboard/usage/components/BudgetTelemetryCards.tsx(31,7): error TS17004: Cannot use JSX unless the '--jsx' flag is provided.
src/ai-gateway/app/(dashboard)/dashboard/usage/components/BudgetTelemetryCards.tsx(32,9): error TS17004: Cannot use JSX unless the '--jsx' flag is provided.
src/ai-gateway/app/(dashboard)/dashboard/usage/components/BudgetTelemetryCards.tsx(33,11): error TS17004: Cannot use JSX unless the '--jsx' flag is provided.
src/ai-gateway/app/(dashboard)/dashboard/usage/components/BudgetTelemetryCards.tsx(37,11): error TS17004: Cannot use JSX unless the '--jsx' flag is provided.
src/ai-gateway/app/(dashboard)/dashboard/usage/components/BudgetTelemetryCards.tsx(38,13): error TS17004: Cannot use JSX unless the '--jsx' flag is provided.
src/ai-gateway/app/(dashboard)/dashboard/usage/components/BudgetTelemetryCards.tsx(39,15): error TS17004: Cannot use JSX unless the '--jsx' flag is provided.
src/ai-gateway/app/(dashboard)/dashboard/usage/components/BudgetTelemetryCards.tsx(40,15): error TS17004: Cannot use JSX unless the '--jsx' flag is provided.
src/ai-gateway/app/(dashboard)/dashboard/usage/components/BudgetTelemetryCards.tsx(40,58): error TS2339: Property 'p50' does not exist on type 'never'.
src/ai-gateway/app/(dashboard)/dashboard/usage/components/BudgetTelemetryCards.tsx(42,13): error TS17004: Cannot use JSX unless the '--jsx' flag is provided.
src/ai-gateway/app/(dashboard)/dashboard/usage/components/BudgetTelemetryCards.tsx(43,15): error TS17004: Cannot use JSX unless the '--jsx' flag is provided.
src/ai-gateway/app/(dashboard)/dashboard/usage/components/BudgetTelemetryCards.tsx(44,15): error TS17004: Cannot use JSX unless the '--jsx' flag is provided.
src/ai-gateway/app/(dashboard)/dashboard/usage/components/BudgetTelemetryCards.tsx(44,58): error TS2339: Property 'p95' does not exist on type 'never'.
src/ai-gateway/app/(dashboard)/dashboard/usage/components/BudgetTelemetryCards.tsx(46,13): error TS17004: Cannot use JSX unless the '--jsx' flag is provided.
src/ai-gateway/app/(dashboard)/dashboard/usage/components/BudgetTelemetryCards.tsx(47,15): error TS17004: Cannot use JSX unless the '--jsx' flag is provided.
src/ai-gateway/app/(dashboard)/dashboard/usage/components/BudgetTelemetryCards.tsx(48,15): error TS17004: Cannot use JSX unless the '--jsx' flag is provided.
src/ai-gateway/app/(dashboard)/dashboard/usage/components/BudgetTelemetryCards.tsx(48,58): error TS2339: Property 'p99' does not exist on type 'never'.
src/ai-gateway/app/(dashboard)/dashboard/usage/components/BudgetTelemetryCards.tsx(50,13): error TS17004: Cannot use JSX unless the '--jsx' flag is provided.
src/ai-gateway/app/(dashboard)/dashboard/usage/components/BudgetTelemetryCards.tsx(51,15): error TS17004: Cannot use JSX unless the '--jsx' flag is provided.
src/ai-gateway/app/(dashboard)/dashboard/usage/components/BudgetTelemetryCards.tsx(52,15): error TS17004: Cannot use JSX unless the '--jsx' flag is provided.
src/ai-gateway/app/(dashboard)/dashboard/usage/components/BudgetTelemetryCards.tsx(52,54): error TS2339: Property 'totalRequests' does not exist on type 'never'.
src/ai-gateway/app/(dashboard)/dashboard/usage/components/BudgetTelemetryCards.tsx(56,11): error TS17004: Cannot use JSX unless the '--jsx' flag is provided.
src/ai-gateway/app/(dashboard)/dashboard/usage/components/BudgetTelemetryCards.tsx(61,7): error TS17004: Cannot use JSX unless the '--jsx' flag is provided.
src/ai-gateway/app/(dashboard)/dashboard/usage/components/BudgetTelemetryCards.tsx(62,9): error TS17004: Cannot use JSX unless the '--jsx' flag is provided.
src/ai-gateway/app/(dashboard)/dashboard/usage/components/BudgetTelemetryCards.tsx(63,11): error TS17004: Cannot use JSX unless the '--jsx' flag is provided.
src/ai-gateway/app/(dashboard)/dashboard/usage/components/BudgetTelemetryCards.tsx(67,11): error TS17004: Cannot use JSX unless the '--jsx' flag is provided.
src/ai-gateway/app/(dashboard)/dashboard/usage/components/BudgetTelemetryCards.tsx(68,13): error TS17004: Cannot use JSX unless the '--jsx' flag is provided.
src/ai-gateway/app/(dashboard)/dashboard/usage/components/BudgetTelemetryCards.tsx(69,15): error TS17004: Cannot use JSX unless the '--jsx' flag is provided.
src/ai-gateway/app/(dashboard)/dashboard/usage/components/BudgetTelemetryCards.tsx(70,15): error TS17004: Cannot use JSX unless the '--jsx' flag is provided.
src/ai-gateway/app/(dashboard)/dashboard/usage/components/BudgetTelemetryCards.tsx(71,24): error TS2339: Property 'size' does not exist on type 'never'.
src/ai-gateway/app/(dashboard)/dashboard/usage/components/BudgetTelemetryCards.tsx(71,37): error TS2339: Property 'maxSize' does not exist on type 'never'.
src/ai-gateway/app/(dashboard)/dashboard/usage/components/BudgetTelemetryCards.tsx(74,13): error TS17004: Cannot use JSX unless the '--jsx' flag is provided.
src/ai-gateway/app/(dashboard)/dashboard/usage/components/BudgetTelemetryCards.tsx(75,15): error TS17004: Cannot use JSX unless the '--jsx' flag is provided.
src/ai-gateway/app/(dashboard)/dashboard/usage/components/BudgetTelemetryCards.tsx(76,15): error TS17004: Cannot use JSX unless the '--jsx' flag is provided.
src/ai-gateway/app/(dashboard)/dashboard/usage/components/BudgetTelemetryCards.tsx(76,50): error TS2339: Property 'hitRate' does not exist on type 'never'.
src/ai-gateway/app/(dashboard)/dashboard/usage/components/BudgetTelemetryCards.tsx(78,13): error TS17004: Cannot use JSX unless the '--jsx' flag is provided.
src/ai-gateway/app/(dashboard)/dashboard/usage/components/BudgetTelemetryCards.tsx(79,15): error TS17004: Cannot use JSX unless the '--jsx' flag is provided.
src/ai-gateway/app/(dashboard)/dashboard/usage/components/BudgetTelemetryCards.tsx(80,15): error TS17004: Cannot use JSX unless the '--jsx' flag is provided.
src/ai-gateway/app/(dashboard)/dashboard/usage/components/BudgetTelemetryCards.tsx(81,24): error TS2339: Property 'hits' does not exist on type 'never'.
src/ai-gateway/app/(dashboard)/dashboard/usage/components/BudgetTelemetryCards.tsx(81,44): error TS2339: Property 'misses' does not exist on type 'never'.
src/ai-gateway/app/(dashboard)/dashboard/usage/components/BudgetTelemetryCards.tsx(86,11): error TS17004: Cannot use JSX unless the '--jsx' flag is provided.
src/ai-gateway/app/(dashboard)/dashboard/usage/components/BudgetTelemetryCards.tsx(91,7): error TS17004: Cannot use JSX unless the '--jsx' flag is provided.
src/ai-gateway/app/(dashboard)/dashboard/usage/components/BudgetTelemetryCards.tsx(92,9): error TS17004: Cannot use JSX unless the '--jsx' flag is provided.
src/ai-gateway/app/(dashboard)/dashboard/usage/components/BudgetTelemetryCards.tsx(93,11): error TS17004: Cannot use JSX unless the '--jsx' flag is provided.
src/ai-gateway/app/(dashboard)/dashboard/usage/components/BudgetTelemetryCards.tsx(97,11): error TS17004: Cannot use JSX unless the '--jsx' flag is provided.
src/ai-gateway/app/(dashboard)/dashboard/usage/components/BudgetTelemetryCards.tsx(98,13): error TS17004: Cannot use JSX unless the '--jsx' flag is provided.
src/ai-gateway/app/(dashboard)/dashboard/usage/components/BudgetTelemetryCards.tsx(99,15): error TS17004: Cannot use JSX unless the '--jsx' flag is provided.
src/ai-gateway/app/(dashboard)/dashboard/usage/components/BudgetTelemetryCards.tsx(100,15): error TS17004: Cannot use JSX unless the '--jsx' flag is provided.
src/ai-gateway/app/(dashboard)/dashboard/usage/components/BudgetTelemetryCards.tsx(101,53): error TS2339: Property 'circuitBreakers' does not exist on type 'never'.
src/ai-gateway/app/(dashboard)/dashboard/usage/components/BudgetTelemetryCards.tsx(104,13): error TS17004: Cannot use JSX unless the '--jsx' flag is provided.
src/ai-gateway/app/(dashboard)/dashboard/usage/components/BudgetTelemetryCards.tsx(105,15): error TS17004: Cannot use JSX unless the '--jsx' flag is provided.
src/ai-gateway/app/(dashboard)/dashboard/usage/components/BudgetTelemetryCards.tsx(106,15): error TS17004: Cannot use JSX unless the '--jsx' flag is provided.
src/ai-gateway/app/(dashboard)/dashboard/usage/components/BudgetTelemetryCards.tsx(106,53): error TS2339: Property 'lockedIdentifiers' does not exist on type 'never'.
src/ai-gateway/app/(dashboard)/dashboard/usage/components/BudgetTelemetryCards.tsx(108,23): error TS2339: Property 'circuitBreakers' does not exist on type 'never'.
src/ai-gateway/app/(dashboard)/dashboard/usage/components/BudgetTelemetryCards.tsx(108,46): error TS7006: Parameter 'cb' implicitly has an 'any' type.
src/ai-gateway/app/(dashboard)/dashboard/usage/components/BudgetTelemetryCards.tsx(109,15): error TS17004: Cannot use JSX unless the '--jsx' flag is provided.
src/ai-gateway/app/(dashboard)/dashboard/usage/components/BudgetTelemetryCards.tsx(115,11): error TS17004: Cannot use JSX unless the '--jsx' flag is provided.
src/ai-gateway/app/(dashboard)/dashboard/usage/components/EvalsTab.tsx(3,33): error TS2307: Cannot find module 'next-intl' or its corresponding type declarations.
src/ai-gateway/app/(dashboard)/dashboard/usage/components/EvalsTab.tsx(14,64): error TS2307: Cannot find module '@/shared/components' or its corresponding type declarations.
src/ai-gateway/app/(dashboard)/dashboard/usage/components/EvalsTab.tsx(15,38): error TS2307: Cannot find module '@/store/notificationStore' or its corresponding type declarations.
src/ai-gateway/app/(dashboard)/dashboard/usage/components/EvalsTab.tsx(101,26): error TS7006: Parameter 'evalCase' implicitly has an 'any' type.
src/ai-gateway/app/(dashboard)/dashboard/usage/components/EvalsTab.tsx(122,25): error TS18046: 'err' is of type 'unknown'.
src/ai-gateway/app/(dashboard)/dashboard/usage/components/EvalsTab.tsx(129,32): error TS7006: Parameter 'suite' implicitly has an 'any' type.
src/ai-gateway/app/(dashboard)/dashboard/usage/components/EvalsTab.tsx(145,9): error TS7053: Element implicitly has an 'any' type because expression of type 'any' can't be used to index type '{}'.
src/ai-gateway/app/(dashboard)/dashboard/usage/components/EvalsTab.tsx(189,9): error TS2339: Property 'name' does not exist on type 'never'.
src/ai-gateway/app/(dashboard)/dashboard/usage/components/EvalsTab.tsx(190,9): error TS2339: Property 'id' does not exist on type 'never'.
src/ai-gateway/app/(dashboard)/dashboard/usage/components/EvalsTab.tsx(195,57): error TS2339: Property 'cases' does not exist on type 'never'.
src/ai-gateway/app/(dashboard)/dashboard/usage/components/EvalsTab.tsx(195,76): error TS2339: Property 'caseCount' does not exist on type 'never'.
src/ai-gateway/app/(dashboard)/dashboard/usage/components/EvalsTab.tsx(204,7): error TS17004: Cannot use JSX unless the '--jsx' flag is provided.
src/ai-gateway/app/(dashboard)/dashboard/usage/components/EvalsTab.tsx(205,9): error TS17004: Cannot use JSX unless the '--jsx' flag is provided.
src/ai-gateway/app/(dashboard)/dashboard/usage/components/EvalsTab.tsx(213,7): error TS17004: Cannot use JSX unless the '--jsx' flag is provided.
src/ai-gateway/app/(dashboard)/dashboard/usage/components/EvalsTab.tsx(215,9): error TS17004: Cannot use JSX unless the '--jsx' flag is provided.
src/ai-gateway/app/(dashboard)/dashboard/usage/components/EvalsTab.tsx(216,9): error TS17004: Cannot use JSX unless the '--jsx' flag is provided.
src/ai-gateway/app/(dashboard)/dashboard/usage/components/EvalsTab.tsx(233,5): error TS17004: Cannot use JSX unless the '--jsx' flag is provided.
src/ai-gateway/app/(dashboard)/dashboard/usage/components/EvalsTab.tsx(235,7): error TS17004: Cannot use JSX unless the '--jsx' flag is provided.
src/ai-gateway/app/(dashboard)/dashboard/usage/components/EvalsTab.tsx(238,7): error TS17004: Cannot use JSX unless the '--jsx' flag is provided.
src/ai-gateway/app/(dashboard)/dashboard/usage/components/EvalsTab.tsx(239,9): error TS17004: Cannot use JSX unless the '--jsx' flag is provided.
src/ai-gateway/app/(dashboard)/dashboard/usage/components/EvalsTab.tsx(240,11): error TS17004: Cannot use JSX unless the '--jsx' flag is provided.
src/ai-gateway/app/(dashboard)/dashboard/usage/components/EvalsTab.tsx(243,11): error TS17004: Cannot use JSX unless the '--jsx' flag is provided.
src/ai-gateway/app/(dashboard)/dashboard/usage/components/EvalsTab.tsx(245,9): error TS17004: Cannot use JSX unless the '--jsx' flag is provided.
src/ai-gateway/app/(dashboard)/dashboard/usage/components/EvalsTab.tsx(246,11): error TS17004: Cannot use JSX unless the '--jsx' flag is provided.
src/ai-gateway/app/(dashboard)/dashboard/usage/components/EvalsTab.tsx(249,11): error TS17004: Cannot use JSX unless the '--jsx' flag is provided.
src/ai-gateway/app/(dashboard)/dashboard/usage/components/EvalsTab.tsx(251,9): error TS17004: Cannot use JSX unless the '--jsx' flag is provided.
src/ai-gateway/app/(dashboard)/dashboard/usage/components/EvalsTab.tsx(252,11): error TS17004: Cannot use JSX unless the '--jsx' flag is provided.
src/ai-gateway/app/(dashboard)/dashboard/usage/components/EvalsTab.tsx(255,11): error TS17004: Cannot use JSX unless the '--jsx' flag is provided.
src/ai-gateway/app/(dashboard)/dashboard/usage/components/EvalsTab.tsx(257,9): error TS17004: Cannot use JSX unless the '--jsx' flag is provided.
src/ai-gateway/app/(dashboard)/dashboard/usage/components/EvalsTab.tsx(258,11): error TS17004: Cannot use JSX unless the '--jsx' flag is provided.
src/ai-gateway/app/(dashboard)/dashboard/usage/components/EvalsTab.tsx(261,11): error TS17004: Cannot use JSX unless the '--jsx' flag is provided.
src/ai-gateway/app/(dashboard)/dashboard/usage/components/EvalsTab.tsx(268,7): error TS17004: Cannot use JSX unless the '--jsx' flag is provided.
src/ai-gateway/app/(dashboard)/dashboard/usage/components/EvalsTab.tsx(269,9): error TS17004: Cannot use JSX unless the '--jsx' flag is provided.
src/ai-gateway/app/(dashboard)/dashboard/usage/components/EvalsTab.tsx(273,11): error TS17004: Cannot use JSX unless the '--jsx' flag is provided.
src/ai-gateway/app/(dashboard)/dashboard/usage/components/EvalsTab.tsx(274,13): error TS17004: Cannot use JSX unless the '--jsx' flag is provided.
src/ai-gateway/app/(dashboard)/dashboard/usage/components/EvalsTab.tsx(275,15): error TS17004: Cannot use JSX unless the '--jsx' flag is provided.
src/ai-gateway/app/(dashboard)/dashboard/usage/components/EvalsTab.tsx(277,13): error TS17004: Cannot use JSX unless the '--jsx' flag is provided.
src/ai-gateway/app/(dashboard)/dashboard/usage/components/EvalsTab.tsx(278,15): error TS17004: Cannot use JSX unless the '--jsx' flag is provided.
src/ai-gateway/app/(dashboard)/dashboard/usage/components/EvalsTab.tsx(279,15): error TS17004: Cannot use JSX unless the '--jsx' flag is provided.
src/ai-gateway/app/(dashboard)/dashboard/usage/components/EvalsTab.tsx(282,11): error TS17004: Cannot use JSX unless the '--jsx' flag is provided.
src/ai-gateway/app/(dashboard)/dashboard/usage/components/EvalsTab.tsx(292,11): error TS17004: Cannot use JSX unless the '--jsx' flag is provided.
src/ai-gateway/app/(dashboard)/dashboard/usage/components/EvalsTab.tsx(294,13): error TS17004: Cannot use JSX unless the '--jsx' flag is provided.
src/ai-gateway/app/(dashboard)/dashboard/usage/components/EvalsTab.tsx(295,15): error TS17004: Cannot use JSX unless the '--jsx' flag is provided.
src/ai-gateway/app/(dashboard)/dashboard/usage/components/EvalsTab.tsx(296,17): error TS17004: Cannot use JSX unless the '--jsx' flag is provided.
src/ai-gateway/app/(dashboard)/dashboard/usage/components/EvalsTab.tsx(297,19): error TS17004: Cannot use JSX unless the '--jsx' flag is provided.
src/ai-gateway/app/(dashboard)/dashboard/usage/components/EvalsTab.tsx(299,17): error TS17004: Cannot use JSX unless the '--jsx' flag is provided.
src/ai-gateway/app/(dashboard)/dashboard/usage/components/EvalsTab.tsx(300,17): error TS17004: Cannot use JSX unless the '--jsx' flag is provided.
src/ai-gateway/app/(dashboard)/dashboard/usage/components/EvalsTab.tsx(302,15): error TS17004: Cannot use JSX unless the '--jsx' flag is provided.
src/ai-gateway/app/(dashboard)/dashboard/usage/components/EvalsTab.tsx(303,17): error TS17004: Cannot use JSX unless the '--jsx' flag is provided.
src/ai-gateway/app/(dashboard)/dashboard/usage/components/EvalsTab.tsx(304,19): error TS17004: Cannot use JSX unless the '--jsx' flag is provided.
src/ai-gateway/app/(dashboard)/dashboard/usage/components/EvalsTab.tsx(306,17): error TS17004: Cannot use JSX unless the '--jsx' flag is provided.
src/ai-gateway/app/(dashboard)/dashboard/usage/components/EvalsTab.tsx(307,17): error TS17004: Cannot use JSX unless the '--jsx' flag is provided.
src/ai-gateway/app/(dashboard)/dashboard/usage/components/EvalsTab.tsx(309,15): error TS17004: Cannot use JSX unless the '--jsx' flag is provided.
src/ai-gateway/app/(dashboard)/dashboard/usage/components/EvalsTab.tsx(310,17): error TS17004: Cannot use JSX unless the '--jsx' flag is provided.
src/ai-gateway/app/(dashboard)/dashboard/usage/components/EvalsTab.tsx(311,19): error TS17004: Cannot use JSX unless the '--jsx' flag is provided.
src/ai-gateway/app/(dashboard)/dashboard/usage/components/EvalsTab.tsx(313,17): error TS17004: Cannot use JSX unless the '--jsx' flag is provided.
src/ai-gateway/app/(dashboard)/dashboard/usage/components/EvalsTab.tsx(314,17): error TS17004: Cannot use JSX unless the '--jsx' flag is provided.
src/ai-gateway/app/(dashboard)/dashboard/usage/components/EvalsTab.tsx(319,13): error TS17004: Cannot use JSX unless the '--jsx' flag is provided.
src/ai-gateway/app/(dashboard)/dashboard/usage/components/EvalsTab.tsx(320,15): error TS17004: Cannot use JSX unless the '--jsx' flag is provided.
src/ai-gateway/app/(dashboard)/dashboard/usage/components/EvalsTab.tsx(323,15): error TS17004: Cannot use JSX unless the '--jsx' flag is provided.
src/ai-gateway/app/(dashboard)/dashboard/usage/components/EvalsTab.tsx(325,19): error TS17004: Cannot use JSX unless the '--jsx' flag is provided.
src/ai-gateway/app/(dashboard)/dashboard/usage/components/EvalsTab.tsx(329,21): error TS17004: Cannot use JSX unless the '--jsx' flag is provided.
src/ai-gateway/app/(dashboard)/dashboard/usage/components/EvalsTab.tsx(332,21): error TS17004: Cannot use JSX unless the '--jsx' flag is provided.
src/ai-gateway/app/(dashboard)/dashboard/usage/components/EvalsTab.tsx(333,23): error TS17004: Cannot use JSX unless the '--jsx' flag is provided.
src/ai-gateway/app/(dashboard)/dashboard/usage/components/EvalsTab.tsx(336,23): error TS17004: Cannot use JSX unless the '--jsx' flag is provided.
src/ai-gateway/app/(dashboard)/dashboard/usage/components/EvalsTab.tsx(345,15): error TS17004: Cannot use JSX unless the '--jsx' flag is provided.
src/ai-gateway/app/(dashboard)/dashboard/usage/components/EvalsTab.tsx(346,17): error TS17004: Cannot use JSX unless the '--jsx' flag is provided.
src/ai-gateway/app/(dashboard)/dashboard/usage/components/EvalsTab.tsx(349,17): error TS17004: Cannot use JSX unless the '--jsx' flag is provided.
src/ai-gateway/app/(dashboard)/dashboard/usage/components/EvalsTab.tsx(351,21): error TS17004: Cannot use JSX unless the '--jsx' flag is provided.
src/ai-gateway/app/(dashboard)/dashboard/usage/components/EvalsTab.tsx(366,7): error TS17004: Cannot use JSX unless the '--jsx' flag is provided.
src/ai-gateway/app/(dashboard)/dashboard/usage/components/EvalsTab.tsx(367,9): error TS17004: Cannot use JSX unless the '--jsx' flag is provided.
src/ai-gateway/app/(dashboard)/dashboard/usage/components/EvalsTab.tsx(368,11): error TS17004: Cannot use JSX unless the '--jsx' flag is provided.
src/ai-gateway/app/(dashboard)/dashboard/usage/components/EvalsTab.tsx(369,13): error TS17004: Cannot use JSX unless the '--jsx' flag is provided.
src/ai-gateway/app/(dashboard)/dashboard/usage/components/EvalsTab.tsx(371,11): error TS17004: Cannot use JSX unless the '--jsx' flag is provided.
src/ai-gateway/app/(dashboard)/dashboard/usage/components/EvalsTab.tsx(372,13): error TS17004: Cannot use JSX unless the '--jsx' flag is provided.
src/ai-gateway/app/(dashboard)/dashboard/usage/components/EvalsTab.tsx(373,13): error TS17004: Cannot use JSX unless the '--jsx' flag is provided.
src/ai-gateway/app/(dashboard)/dashboard/usage/components/EvalsTab.tsx(377,9): error TS17004: Cannot use JSX unless the '--jsx' flag is provided.
src/ai-gateway/app/(dashboard)/dashboard/usage/components/EvalsTab.tsx(388,9): error TS17004: Cannot use JSX unless the '--jsx' flag is provided.
src/ai-gateway/app/(dashboard)/dashboard/usage/components/EvalsTab.tsx(390,33): error TS7053: Element implicitly has an 'any' type because expression of type 'any' can't be used to index type '{}'.
src/ai-gateway/app/(dashboard)/dashboard/usage/components/EvalsTab.tsx(390,47): error TS2339: Property 'id' does not exist on type 'never'.
src/ai-gateway/app/(dashboard)/dashboard/usage/components/EvalsTab.tsx(391,49): error TS2339: Property 'id' does not exist on type 'never'.
src/ai-gateway/app/(dashboard)/dashboard/usage/components/EvalsTab.tsx(392,51): error TS2339: Property 'id' does not exist on type 'never'.
src/ai-gateway/app/(dashboard)/dashboard/usage/components/EvalsTab.tsx(393,37): error TS2339: Property 'cases' does not exist on type 'never'.
src/ai-gateway/app/(dashboard)/dashboard/usage/components/EvalsTab.tsx(393,60): error TS2339: Property 'caseCount' does not exist on type 'never'.
src/ai-gateway/app/(dashboard)/dashboard/usage/components/EvalsTab.tsx(397,41): error TS2339: Property 'cases' does not exist on type 'never'.
src/ai-gateway/app/(dashboard)/dashboard/usage/components/EvalsTab.tsx(401,15): error TS17004: Cannot use JSX unless the '--jsx' flag is provided.
src/ai-gateway/app/(dashboard)/dashboard/usage/components/EvalsTab.tsx(401,31): error TS2339: Property 'id' does not exist on type 'never'.
src/ai-gateway/app/(dashboard)/dashboard/usage/components/EvalsTab.tsx(402,17): error TS17004: Cannot use JSX unless the '--jsx' flag is provided.
src/ai-gateway/app/(dashboard)/dashboard/usage/components/EvalsTab.tsx(404,72): error TS2339: Property 'id' does not exist on type 'never'.
src/ai-gateway/app/(dashboard)/dashboard/usage/components/EvalsTab.tsx(406,19): error TS17004: Cannot use JSX unless the '--jsx' flag is provided.
src/ai-gateway/app/(dashboard)/dashboard/usage/components/EvalsTab.tsx(407,21): error TS17004: Cannot use JSX unless the '--jsx' flag is provided.
src/ai-gateway/app/(dashboard)/dashboard/usage/components/EvalsTab.tsx(410,21): error TS17004: Cannot use JSX unless the '--jsx' flag is provided.
src/ai-gateway/app/(dashboard)/dashboard/usage/components/EvalsTab.tsx(411,23): error TS17004: Cannot use JSX unless the '--jsx' flag is provided.
src/ai-gateway/app/(dashboard)/dashboard/usage/components/EvalsTab.tsx(412,25): error TS17004: Cannot use JSX unless the '--jsx' flag is provided.
src/ai-gateway/app/(dashboard)/dashboard/usage/components/EvalsTab.tsx(413,34): error TS2339: Property 'name' does not exist on type 'never'.
src/ai-gateway/app/(dashboard)/dashboard/usage/components/EvalsTab.tsx(413,48): error TS2339: Property 'id' does not exist on type 'never'.
src/ai-gateway/app/(dashboard)/dashboard/usage/components/EvalsTab.tsx(416,27): error TS17004: Cannot use JSX unless the '--jsx' flag is provided.
src/ai-gateway/app/(dashboard)/dashboard/usage/components/EvalsTab.tsx(429,23): error TS17004: Cannot use JSX unless the '--jsx' flag is provided.
src/ai-gateway/app/(dashboard)/dashboard/usage/components/EvalsTab.tsx(431,32): error TS2339: Property 'description' does not exist on type 'never'.
src/ai-gateway/app/(dashboard)/dashboard/usage/components/EvalsTab.tsx(431,47): error TS17004: Cannot use JSX unless the '--jsx' flag is provided.
src/ai-gateway/app/(dashboard)/dashboard/usage/components/EvalsTab.tsx(431,79): error TS2339: Property 'description' does not exist on type 'never'.
src/ai-gateway/app/(dashboard)/dashboard/usage/components/EvalsTab.tsx(434,25): error TS17004: Cannot use JSX unless the '--jsx' flag is provided.
src/ai-gateway/app/(dashboard)/dashboard/usage/components/EvalsTab.tsx(436,29): error TS17004: Cannot use JSX unless the '--jsx' flag is provided.
src/ai-gateway/app/(dashboard)/dashboard/usage/components/EvalsTab.tsx(447,19): error TS17004: Cannot use JSX unless the '--jsx' flag is provided.
src/ai-gateway/app/(dashboard)/dashboard/usage/components/EvalsTab.tsx(449,23): error TS17004: Cannot use JSX unless the '--jsx' flag is provided.
src/ai-gateway/app/(dashboard)/dashboard/usage/components/EvalsTab.tsx(450,25): error TS17004: Cannot use JSX unless the '--jsx' flag is provided.
src/ai-gateway/app/(dashboard)/dashboard/usage/components/EvalsTab.tsx(451,27): error TS17004: Cannot use JSX unless the '--jsx' flag is provided.
src/ai-gateway/app/(dashboard)/dashboard/usage/components/EvalsTab.tsx(458,25): error TS17004: Cannot use JSX unless the '--jsx' flag is provided.
src/ai-gateway/app/(dashboard)/dashboard/usage/components/EvalsTab.tsx(463,21): error TS17004: Cannot use JSX unless the '--jsx' flag is provided.
src/ai-gateway/app/(dashboard)/dashboard/usage/components/EvalsTab.tsx(466,33): error TS7006: Parameter 'e' implicitly has an 'any' type.
src/ai-gateway/app/(dashboard)/dashboard/usage/components/EvalsTab.tsx(481,19): error TS17004: Cannot use JSX unless the '--jsx' flag is provided.
src/ai-gateway/app/(dashboard)/dashboard/usage/components/EvalsTab.tsx(483,23): error TS17004: Cannot use JSX unless the '--jsx' flag is provided.
src/ai-gateway/app/(dashboard)/dashboard/usage/components/EvalsTab.tsx(486,27): error TS17004: Cannot use JSX unless the '--jsx' flag is provided.
src/ai-gateway/app/(dashboard)/dashboard/usage/components/EvalsTab.tsx(487,29): error TS17004: Cannot use JSX unless the '--jsx' flag is provided.
src/ai-gateway/app/(dashboard)/dashboard/usage/components/EvalsTab.tsx(488,31): error TS17004: Cannot use JSX unless the '--jsx' flag is provided.
src/ai-gateway/app/(dashboard)/dashboard/usage/components/EvalsTab.tsx(499,31): error TS17004: Cannot use JSX unless the '--jsx' flag is provided.
src/ai-gateway/app/(dashboard)/dashboard/usage/components/EvalsTab.tsx(501,29): error TS17004: Cannot use JSX unless the '--jsx' flag is provided.
src/ai-gateway/app/(dashboard)/dashboard/usage/components/EvalsTab.tsx(509,29): error TS17004: Cannot use JSX unless the '--jsx' flag is provided.
src/ai-gateway/app/(dashboard)/dashboard/usage/components/EvalsTab.tsx(510,31): error TS17004: Cannot use JSX unless the '--jsx' flag is provided.
src/ai-gateway/app/(dashboard)/dashboard/usage/components/EvalsTab.tsx(525,25): error TS17004: Cannot use JSX unless the '--jsx' flag is provided.
src/ai-gateway/app/(dashboard)/dashboard/usage/components/EvalsTab.tsx(527,58): error TS7006: Parameter 'r' implicitly has an 'any' type.
src/ai-gateway/app/(dashboard)/dashboard/usage/components/EvalsTab.tsx(527,61): error TS7006: Parameter 'i' implicitly has an 'any' type.
src/ai-gateway/app/(dashboard)/dashboard/usage/components/EvalsTab.tsx(531,40): error TS7006: Parameter 'row' implicitly has an 'any' type.
src/ai-gateway/app/(dashboard)/dashboard/usage/components/EvalsTab.tsx(531,45): error TS7006: Parameter 'col' implicitly has an 'any' type.
src/ai-gateway/app/(dashboard)/dashboard/usage/components/EvalsTab.tsx(534,33): error TS17004: Cannot use JSX unless the '--jsx' flag is provided.
src/ai-gateway/app/(dashboard)/dashboard/usage/components/EvalsTab.tsx(536,33): error TS17004: Cannot use JSX unless the '--jsx' flag is provided.
src/ai-gateway/app/(dashboard)/dashboard/usage/components/EvalsTab.tsx(541,33): error TS17004: Cannot use JSX unless the '--jsx' flag is provided.
src/ai-gateway/app/(dashboard)/dashboard/usage/components/EvalsTab.tsx(549,33): error TS17004: Cannot use JSX unless the '--jsx' flag is provided.
src/ai-gateway/app/(dashboard)/dashboard/usage/components/EvalsTab.tsx(565,31): error TS17004: Cannot use JSX unless the '--jsx' flag is provided.
src/ai-gateway/app/(dashboard)/dashboard/usage/components/EvalsTab.tsx(576,23): error TS17004: Cannot use JSX unless the '--jsx' flag is provided.
src/ai-gateway/app/(dashboard)/dashboard/usage/components/EvalsTab.tsx(577,25): error TS17004: Cannot use JSX unless the '--jsx' flag is provided.
src/ai-gateway/app/(dashboard)/dashboard/usage/components/EvalsTab.tsx(578,27): error TS17004: Cannot use JSX unless the '--jsx' flag is provided.
src/ai-gateway/app/(dashboard)/dashboard/usage/components/EvalsTab.tsx(581,27): error TS17004: Cannot use JSX unless the '--jsx' flag is provided.
src/ai-gateway/app/(dashboard)/dashboard/usage/components/EvalsTab.tsx(582,66): error TS2339: Property 'cases' does not exist on type 'never'.
src/ai-gateway/app/(dashboard)/dashboard/usage/components/EvalsTab.tsx(585,25): error TS17004: Cannot use JSX unless the '--jsx' flag is provided.
src/ai-gateway/app/(dashboard)/dashboard/usage/components/EvalsTab.tsx(592,40): error TS2339: Property 'cases' does not exist on type 'never'.
src/ai-gateway/app/(dashboard)/dashboard/usage/components/EvalsTab.tsx(592,58): error TS7006: Parameter 'c' implicitly has an 'any' type.
src/ai-gateway/app/(dashboard)/dashboard/usage/components/EvalsTab.tsx(592,61): error TS7006: Parameter 'i' implicitly has an 'any' type.
src/ai-gateway/app/(dashboard)/dashboard/usage/components/EvalsTab.tsx(601,40): error TS7006: Parameter 'row' implicitly has an 'any' type.
src/ai-gateway/app/(dashboard)/dashboard/usage/components/EvalsTab.tsx(601,45): error TS7006: Parameter 'col' implicitly has an 'any' type.
src/ai-gateway/app/(dashboard)/dashboard/usage/components/EvalsTab.tsx(607,33): error TS17004: Cannot use JSX unless the '--jsx' flag is provided.
src/ai-gateway/app/(dashboard)/dashboard/usage/components/EvalsTab.tsx(616,33): error TS17004: Cannot use JSX unless the '--jsx' flag is provided.
src/ai-gateway/app/(dashboard)/dashboard/usage/components/EvalsTab.tsx(623,33): error TS17004: Cannot use JSX unless the '--jsx' flag is provided.
src/ai-gateway/app/(dashboard)/dashboard/usage/components/EvalsTab.tsx(629,31): error TS17004: Cannot use JSX unless the '--jsx' flag is provided.
src/ai-gateway/app/(dashboard)/dashboard/usage/components/EvalsTab.tsx(637,25): error TS17004: Cannot use JSX unless the '--jsx' flag is provided.
src/ai-gateway/app/(dashboard)/dashboard/usage/components/EvalsTab.tsx(638,27): error TS17004: Cannot use JSX unless the '--jsx' flag is provided.
src/ai-gateway/app/(dashboard)/dashboard/usage/components/EvalsTab.tsx(657,5): error TS17004: Cannot use JSX unless the '--jsx' flag is provided.
src/ai-gateway/app/(dashboard)/dashboard/usage/components/EvalsTab.tsx(658,7): error TS17004: Cannot use JSX unless the '--jsx' flag is provided.
src/ai-gateway/app/(dashboard)/dashboard/usage/components/EvalsTab.tsx(665,9): error TS17004: Cannot use JSX unless the '--jsx' flag is provided.
src/ai-gateway/app/(dashboard)/dashboard/usage/components/EvalsTab.tsx(666,11): error TS17004: Cannot use JSX unless the '--jsx' flag is provided.
src/ai-gateway/app/(dashboard)/dashboard/usage/components/EvalsTab.tsx(667,13): error TS17004: Cannot use JSX unless the '--jsx' flag is provided.
src/ai-gateway/app/(dashboard)/dashboard/usage/components/EvalsTab.tsx(669,11): error TS17004: Cannot use JSX unless the '--jsx' flag is provided.
src/ai-gateway/app/(dashboard)/dashboard/usage/components/EvalsTab.tsx(670,13): error TS17004: Cannot use JSX unless the '--jsx' flag is provided.
src/ai-gateway/app/(dashboard)/dashboard/usage/components/EvalsTab.tsx(671,13): error TS17004: Cannot use JSX unless the '--jsx' flag is provided.
src/ai-gateway/app/(dashboard)/dashboard/usage/components/EvalsTab.tsx(674,13): error TS17004: Cannot use JSX unless the '--jsx' flag is provided.
src/ai-gateway/app/(dashboard)/dashboard/usage/components/EvalsTab.tsx(675,15): error TS17004: Cannot use JSX unless the '--jsx' flag is provided.
src/ai-gateway/app/(dashboard)/dashboard/usage/components/EvalsTab.tsx(676,17): error TS17004: Cannot use JSX unless the '--jsx' flag is provided.
src/ai-gateway/app/(dashboard)/dashboard/usage/components/EvalsTab.tsx(681,15): error TS17004: Cannot use JSX unless the '--jsx' flag is provided.
src/ai-gateway/app/(dashboard)/dashboard/usage/components/EvalsTab.tsx(682,17): error TS17004: Cannot use JSX unless the '--jsx' flag is provided.
src/ai-gateway/app/(dashboard)/dashboard/usage/components/EvalsTab.tsx(685,15): error TS17004: Cannot use JSX unless the '--jsx' flag is provided.
src/ai-gateway/app/(dashboard)/dashboard/usage/components/EvalsTab.tsx(686,17): error TS17004: Cannot use JSX unless the '--jsx' flag is provided.
src/ai-gateway/app/(dashboard)/dashboard/usage/components/EvalsTab.tsx(691,15): error TS17004: Cannot use JSX unless the '--jsx' flag is provided.
src/ai-gateway/app/(dashboard)/dashboard/usage/components/EvalsTab.tsx(692,17): error TS17004: Cannot use JSX unless the '--jsx' flag is provided.
src/ai-gateway/app/(dashboard)/dashboard/usage/components/ProviderLimits/index.tsx(3,18): error TS2307: Cannot find module '@/shared/components/Card' or its corresponding type declarations.
src/ai-gateway/app/(dashboard)/dashboard/usage/components/ProviderLimits/index.tsx(4,30): error TS2307: Cannot find module '@/shared/components/Loading' or its corresponding type declarations.
src/ai-gateway/app/(dashboard)/dashboard/usage/components/ProviderLimits/index.tsx(5,38): error TS6142: Module './provider-limits/ProviderLimitsHeader' was resolved to 'C:/TESTES DEV/1_PROJETOS_ATIVOS/Zavorth/src/ai-gateway/app/(dashboard)/dashboard/usage/components/ProviderLimits/provider-limits/ProviderLimitsHeader.tsx', but '--jsx' is not set.
src/ai-gateway/app/(dashboard)/dashboard/usage/components/ProviderLimits/index.tsx(6,37): error TS6142: Module './provider-limits/ProviderLimitsTable' was resolved to 'C:/TESTES DEV/1_PROJETOS_ATIVOS/Zavorth/src/ai-gateway/app/(dashboard)/dashboard/usage/components/ProviderLimits/provider-limits/ProviderLimitsTable.tsx', but '--jsx' is not set.
src/ai-gateway/app/(dashboard)/dashboard/usage/components/ProviderLimits/index.tsx(7,43): error TS6142: Module './provider-limits/ProviderLimitsTierFilters' was resolved to 'C:/TESTES DEV/1_PROJETOS_ATIVOS/Zavorth/src/ai-gateway/app/(dashboard)/dashboard/usage/components/ProviderLimits/provider-limits/ProviderLimitsTierFilters.tsx', but '--jsx' is not set.
src/ai-gateway/app/(dashboard)/dashboard/usage/components/ProviderLimits/index.tsx(38,7): error TS17004: Cannot use JSX unless the '--jsx' flag is provided.
src/ai-gateway/app/(dashboard)/dashboard/usage/components/ProviderLimits/index.tsx(39,9): error TS17004: Cannot use JSX unless the '--jsx' flag is provided.
src/ai-gateway/app/(dashboard)/dashboard/usage/components/ProviderLimits/index.tsx(40,9): error TS17004: Cannot use JSX unless the '--jsx' flag is provided.
src/ai-gateway/app/(dashboard)/dashboard/usage/components/ProviderLimits/index.tsx(47,7): error TS17004: Cannot use JSX unless the '--jsx' flag is provided.
src/ai-gateway/app/(dashboard)/dashboard/usage/components/ProviderLimits/index.tsx(48,9): error TS17004: Cannot use JSX unless the '--jsx' flag is provided.
src/ai-gateway/app/(dashboard)/dashboard/usage/components/ProviderLimits/index.tsx(49,11): error TS17004: Cannot use JSX unless the '--jsx' flag is provided.
src/ai-gateway/app/(dashboard)/dashboard/usage/components/ProviderLimits/index.tsx(52,11): error TS17004: Cannot use JSX unless the '--jsx' flag is provided.
src/ai-gateway/app/(dashboard)/dashboard/usage/components/ProviderLimits/index.tsx(55,11): error TS17004: Cannot use JSX unless the '--jsx' flag is provided.
src/ai-gateway/app/(dashboard)/dashboard/usage/components/ProviderLimits/index.tsx(64,5): error TS17004: Cannot use JSX unless the '--jsx' flag is provided.
src/ai-gateway/app/(dashboard)/dashboard/usage/components/ProviderLimits/index.tsx(65,7): error TS17004: Cannot use JSX unless the '--jsx' flag is provided.
src/ai-gateway/app/(dashboard)/dashboard/usage/components/ProviderLimits/index.tsx(74,7): error TS17004: Cannot use JSX unless the '--jsx' flag is provided.
src/ai-gateway/app/(dashboard)/dashboard/usage/components/ProviderLimits/index.tsx(80,7): error TS17004: Cannot use JSX unless the '--jsx' flag is provided.
src/ai-gateway/app/(dashboard)/dashboard/usage/components/ProviderLimits/provider-limits/ProviderLimitRow.tsx(3,19): error TS2307: Cannot find module 'next/image' or its corresponding type declarations.
src/ai-gateway/app/(dashboard)/dashboard/usage/components/ProviderLimits/provider-limits/ProviderLimitRow.tsx(4,19): error TS2307: Cannot find module '@/shared/components/Badge' or its corresponding type declarations.
src/ai-gateway/app/(dashboard)/dashboard/usage/components/ProviderLimits/provider-limits/ProviderLimitRow.tsx(5,40): error TS2307: Cannot find module '@/shared/utils/maskEmail' or its corresponding type declarations.
src/ai-gateway/app/(dashboard)/dashboard/usage/components/ProviderLimits/provider-limits/ProviderLimitRow.tsx(10,8): error TS6142: Module '../utils' was resolved to 'C:/TESTES DEV/1_PROJETOS_ATIVOS/Zavorth/src/ai-gateway/app/(dashboard)/dashboard/usage/components/ProviderLimits/utils.tsx', but '--jsx' is not set.
src/ai-gateway/app/(dashboard)/dashboard/usage/components/ProviderLimits/provider-limits/ProviderLimitRow.tsx(18,3): error TS7031: Binding element 't' implicitly has an 'any' type.
src/ai-gateway/app/(dashboard)/dashboard/usage/components/ProviderLimits/provider-limits/ProviderLimitRow.tsx(19,3): error TS7031: Binding element 'conn' implicitly has an 'any' type.
src/ai-gateway/app/(dashboard)/dashboard/usage/components/ProviderLimits/provider-limits/ProviderLimitRow.tsx(20,3): error TS7031: Binding element 'isLast' implicitly has an 'any' type.
src/ai-gateway/app/(dashboard)/dashboard/usage/components/ProviderLimits/provider-limits/ProviderLimitRow.tsx(21,3): error TS7031: Binding element 'quota' implicitly has an 'any' type.
src/ai-gateway/app/(dashboard)/dashboard/usage/components/ProviderLimits/provider-limits/ProviderLimitRow.tsx(22,3): error TS7031: Binding element 'isLoading' implicitly has an 'any' type.
src/ai-gateway/app/(dashboard)/dashboard/usage/components/ProviderLimits/provider-limits/ProviderLimitRow.tsx(23,3): error TS7031: Binding element 'error' implicitly has an 'any' type.
src/ai-gateway/app/(dashboard)/dashboard/usage/components/ProviderLimits/provider-limits/ProviderLimitRow.tsx(24,3): error TS7031: Binding element 'tierMeta' implicitly has an 'any' type.
src/ai-gateway/app/(dashboard)/dashboard/usage/components/ProviderLimits/provider-limits/ProviderLimitRow.tsx(25,3): error TS7031: Binding element 'resolvedPlan' implicitly has an 'any' type.
src/ai-gateway/app/(dashboard)/dashboard/usage/components/ProviderLimits/provider-limits/ProviderLimitRow.tsx(26,3): error TS7031: Binding element 'refreshedAt' implicitly has an 'any' type.
src/ai-gateway/app/(dashboard)/dashboard/usage/components/ProviderLimits/provider-limits/ProviderLimitRow.tsx(27,3): error TS7031: Binding element 'onRefreshProvider' implicitly has an 'any' type.
src/ai-gateway/app/(dashboard)/dashboard/usage/components/ProviderLimits/provider-limits/ProviderLimitRow.tsx(29,18): error TS7053: Element implicitly has an 'any' type because expression of type 'any' can't be used to index type '{ zavorthBridge: { label: string; color: string; }; "gemini-cli": { label: string; color: string; }; github: { label: string; color: string; }; kiro: { label: string; color: string; }; codex: { label: string; color: string; }; claude: { ...; }; glm: { ...; }; "kimi-coding": { ...; }; }'.
src/ai-gateway/app/(dashboard)/dashboard/usage/components/ProviderLimits/provider-limits/ProviderLimitRow.tsx(36,5): error TS17004: Cannot use JSX unless the '--jsx' flag is provided.
src/ai-gateway/app/(dashboard)/dashboard/usage/components/ProviderLimits/provider-limits/ProviderLimitRow.tsx(45,7): error TS17004: Cannot use JSX unless the '--jsx' flag is provided.
src/ai-gateway/app/(dashboard)/dashboard/usage/components/ProviderLimits/provider-limits/ProviderLimitRow.tsx(46,9): error TS17004: Cannot use JSX unless the '--jsx' flag is provided.
src/ai-gateway/app/(dashboard)/dashboard/usage/components/ProviderLimits/provider-limits/ProviderLimitRow.tsx(47,11): error TS17004: Cannot use JSX unless the '--jsx' flag is provided.
src/ai-gateway/app/(dashboard)/dashboard/usage/components/ProviderLimits/provider-limits/ProviderLimitRow.tsx(56,9): error TS17004: Cannot use JSX unless the '--jsx' flag is provided.
src/ai-gateway/app/(dashboard)/dashboard/usage/components/ProviderLimits/provider-limits/ProviderLimitRow.tsx(57,11): error TS17004: Cannot use JSX unless the '--jsx' flag is provided.
src/ai-gateway/app/(dashboard)/dashboard/usage/components/ProviderLimits/provider-limits/ProviderLimitRow.tsx(63,11): error TS17004: Cannot use JSX unless the '--jsx' flag is provided.
src/ai-gateway/app/(dashboard)/dashboard/usage/components/ProviderLimits/provider-limits/ProviderLimitRow.tsx(64,13): error TS17004: Cannot use JSX unless the '--jsx' flag is provided.
src/ai-gateway/app/(dashboard)/dashboard/usage/components/ProviderLimits/provider-limits/ProviderLimitRow.tsx(72,15): error TS17004: Cannot use JSX unless the '--jsx' flag is provided.
src/ai-gateway/app/(dashboard)/dashboard/usage/components/ProviderLimits/provider-limits/ProviderLimitRow.tsx(81,13): error TS17004: Cannot use JSX unless the '--jsx' flag is provided.
src/ai-gateway/app/(dashboard)/dashboard/usage/components/ProviderLimits/provider-limits/ProviderLimitRow.tsx(88,7): error TS17004: Cannot use JSX unless the '--jsx' flag is provided.
src/ai-gateway/app/(dashboard)/dashboard/usage/components/ProviderLimits/provider-limits/ProviderLimitRow.tsx(90,11): error TS17004: Cannot use JSX unless the '--jsx' flag is provided.
src/ai-gateway/app/(dashboard)/dashboard/usage/components/ProviderLimits/provider-limits/ProviderLimitRow.tsx(91,13): error TS17004: Cannot use JSX unless the '--jsx' flag is provided.
src/ai-gateway/app/(dashboard)/dashboard/usage/components/ProviderLimits/provider-limits/ProviderLimitRow.tsx(97,11): error TS17004: Cannot use JSX unless the '--jsx' flag is provided.
src/ai-gateway/app/(dashboard)/dashboard/usage/components/ProviderLimits/provider-limits/ProviderLimitRow.tsx(98,13): error TS17004: Cannot use JSX unless the '--jsx' flag is provided.
src/ai-gateway/app/(dashboard)/dashboard/usage/components/ProviderLimits/provider-limits/ProviderLimitRow.tsx(99,13): error TS17004: Cannot use JSX unless the '--jsx' flag is provided.
src/ai-gateway/app/(dashboard)/dashboard/usage/components/ProviderLimits/provider-limits/ProviderLimitRow.tsx(104,11): error TS17004: Cannot use JSX unless the '--jsx' flag is provided.
src/ai-gateway/app/(dashboard)/dashboard/usage/components/ProviderLimits/provider-limits/ProviderLimitRow.tsx(106,29): error TS7006: Parameter 'q' implicitly has an 'any' type.
src/ai-gateway/app/(dashboard)/dashboard/usage/components/ProviderLimits/provider-limits/ProviderLimitRow.tsx(106,32): error TS7006: Parameter 'i' implicitly has an 'any' type.
src/ai-gateway/app/(dashboard)/dashboard/usage/components/ProviderLimits/provider-limits/ProviderLimitRow.tsx(116,15): error TS17004: Cannot use JSX unless the '--jsx' flag is provided.
src/ai-gateway/app/(dashboard)/dashboard/usage/components/ProviderLimits/provider-limits/ProviderLimitRow.tsx(122,17): error TS17004: Cannot use JSX unless the '--jsx' flag is provided.
src/ai-gateway/app/(dashboard)/dashboard/usage/components/ProviderLimits/provider-limits/ProviderLimitRow.tsx(131,19): error TS17004: Cannot use JSX unless the '--jsx' flag is provided.
src/ai-gateway/app/(dashboard)/dashboard/usage/components/ProviderLimits/provider-limits/ProviderLimitRow.tsx(135,19): error TS17004: Cannot use JSX unless the '--jsx' flag is provided.
src/ai-gateway/app/(dashboard)/dashboard/usage/components/ProviderLimits/provider-limits/ProviderLimitRow.tsx(140,17): error TS17004: Cannot use JSX unless the '--jsx' flag is provided.
src/ai-gateway/app/(dashboard)/dashboard/usage/components/ProviderLimits/provider-limits/ProviderLimitRow.tsx(141,19): error TS17004: Cannot use JSX unless the '--jsx' flag is provided.
src/ai-gateway/app/(dashboard)/dashboard/usage/components/ProviderLimits/provider-limits/ProviderLimitRow.tsx(150,17): error TS17004: Cannot use JSX unless the '--jsx' flag is provided.
src/ai-gateway/app/(dashboard)/dashboard/usage/components/ProviderLimits/provider-limits/ProviderLimitRow.tsx(160,11): error TS17004: Cannot use JSX unless the '--jsx' flag is provided.
src/ai-gateway/app/(dashboard)/dashboard/usage/components/ProviderLimits/provider-limits/ProviderLimitRow.tsx(166,7): error TS17004: Cannot use JSX unless the '--jsx' flag is provided.
src/ai-gateway/app/(dashboard)/dashboard/usage/components/ProviderLimits/provider-limits/ProviderLimitRow.tsx(168,11): error TS17004: Cannot use JSX unless the '--jsx' flag is provided.
src/ai-gateway/app/(dashboard)/dashboard/usage/components/ProviderLimits/provider-limits/ProviderLimitRow.tsx(181,7): error TS17004: Cannot use JSX unless the '--jsx' flag is provided.
src/ai-gateway/app/(dashboard)/dashboard/usage/components/ProviderLimits/provider-limits/ProviderLimitRow.tsx(182,9): error TS17004: Cannot use JSX unless the '--jsx' flag is provided.
src/ai-gateway/app/(dashboard)/dashboard/usage/components/ProviderLimits/provider-limits/ProviderLimitRow.tsx(188,11): error TS17004: Cannot use JSX unless the '--jsx' flag is provided.
src/ai-gateway/app/(dashboard)/dashboard/usage/components/ProviderLimits/provider-limits/providerLimitsConfig.ts(33,29): error TS7006: Parameter 'remainingPercentage' implicitly has an 'any' type.
src/ai-gateway/app/(dashboard)/dashboard/usage/components/ProviderLimits/provider-limits/providerLimitsConfig.ts(43,33): error TS7006: Parameter 'resetAt' implicitly has an 'any' type.
src/ai-gateway/app/(dashboard)/dashboard/usage/components/ProviderLimits/provider-limits/ProviderLimitsHeader.tsx(4,3): error TS7031: Binding element 't' implicitly has an 'any' type.
src/ai-gateway/app/(dashboard)/dashboard/usage/components/ProviderLimits/provider-limits/ProviderLimitsHeader.tsx(5,3): error TS7031: Binding element 'visibleCount' implicitly has an 'any' type.
src/ai-gateway/app/(dashboard)/dashboard/usage/components/ProviderLimits/provider-limits/ProviderLimitsHeader.tsx(6,3): error TS7031: Binding element 'totalCount' implicitly has an 'any' type.
src/ai-gateway/app/(dashboard)/dashboard/usage/components/ProviderLimits/provider-limits/ProviderLimitsHeader.tsx(7,3): error TS7031: Binding element 'groupBy' implicitly has an 'any' type.
src/ai-gateway/app/(dashboard)/dashboard/usage/components/ProviderLimits/provider-limits/ProviderLimitsHeader.tsx(8,3): error TS7031: Binding element 'onSetGroupBy' implicitly has an 'any' type.
src/ai-gateway/app/(dashboard)/dashboard/usage/components/ProviderLimits/provider-limits/ProviderLimitsHeader.tsx(9,3): error TS7031: Binding element 'onRefreshAll' implicitly has an 'any' type.
src/ai-gateway/app/(dashboard)/dashboard/usage/components/ProviderLimits/provider-limits/ProviderLimitsHeader.tsx(10,3): error TS7031: Binding element 'refreshingAll' implicitly has an 'any' type.
src/ai-gateway/app/(dashboard)/dashboard/usage/components/ProviderLimits/provider-limits/ProviderLimitsHeader.tsx(13,5): error TS17004: Cannot use JSX unless the '--jsx' flag is provided.
src/ai-gateway/app/(dashboard)/dashboard/usage/components/ProviderLimits/provider-limits/ProviderLimitsHeader.tsx(14,7): error TS17004: Cannot use JSX unless the '--jsx' flag is provided.
src/ai-gateway/app/(dashboard)/dashboard/usage/components/ProviderLimits/provider-limits/ProviderLimitsHeader.tsx(15,9): error TS17004: Cannot use JSX unless the '--jsx' flag is provided.
src/ai-gateway/app/(dashboard)/dashboard/usage/components/ProviderLimits/provider-limits/ProviderLimitsHeader.tsx(18,9): error TS17004: Cannot use JSX unless the '--jsx' flag is provided.
src/ai-gateway/app/(dashboard)/dashboard/usage/components/ProviderLimits/provider-limits/ProviderLimitsHeader.tsx(25,7): error TS17004: Cannot use JSX unless the '--jsx' flag is provided.
src/ai-gateway/app/(dashboard)/dashboard/usage/components/ProviderLimits/provider-limits/ProviderLimitsHeader.tsx(26,9): error TS17004: Cannot use JSX unless the '--jsx' flag is provided.
src/ai-gateway/app/(dashboard)/dashboard/usage/components/ProviderLimits/provider-limits/ProviderLimitsHeader.tsx(27,11): error TS17004: Cannot use JSX unless the '--jsx' flag is provided.
src/ai-gateway/app/(dashboard)/dashboard/usage/components/ProviderLimits/provider-limits/ProviderLimitsHeader.tsx(41,11): error TS17004: Cannot use JSX unless the '--jsx' flag is provided.
src/ai-gateway/app/(dashboard)/dashboard/usage/components/ProviderLimits/provider-limits/ProviderLimitsHeader.tsx(60,9): error TS17004: Cannot use JSX unless the '--jsx' flag is provided.
src/ai-gateway/app/(dashboard)/dashboard/usage/components/ProviderLimits/provider-limits/ProviderLimitsHeader.tsx(65,11): error TS17004: Cannot use JSX unless the '--jsx' flag is provided.
src/ai-gateway/app/(dashboard)/dashboard/usage/components/ProviderLimits/provider-limits/ProviderLimitsTable.tsx(4,34): error TS6142: Module './ProviderLimitRow' was resolved to 'C:/TESTES DEV/1_PROJETOS_ATIVOS/Zavorth/src/ai-gateway/app/(dashboard)/dashboard/usage/components/ProviderLimits/provider-limits/ProviderLimitRow.tsx', but '--jsx' is not set.
src/ai-gateway/app/(dashboard)/dashboard/usage/components/ProviderLimits/provider-limits/ProviderLimitsTable.tsx(7,3): error TS7031: Binding element 't' implicitly has an 'any' type.
src/ai-gateway/app/(dashboard)/dashboard/usage/components/ProviderLimits/provider-limits/ProviderLimitsTable.tsx(8,3): error TS7031: Binding element 'visibleConnections' implicitly has an 'any' type.
src/ai-gateway/app/(dashboard)/dashboard/usage/components/ProviderLimits/provider-limits/ProviderLimitsTable.tsx(9,3): error TS7031: Binding element 'groupedConnections' implicitly has an 'any' type.
src/ai-gateway/app/(dashboard)/dashboard/usage/components/ProviderLimits/provider-limits/ProviderLimitsTable.tsx(10,3): error TS7031: Binding element 'expandedGroups' implicitly has an 'any' type.
src/ai-gateway/app/(dashboard)/dashboard/usage/components/ProviderLimits/provider-limits/ProviderLimitsTable.tsx(11,3): error TS7031: Binding element 'onToggleGroup' implicitly has an 'any' type.
src/ai-gateway/app/(dashboard)/dashboard/usage/components/ProviderLimits/provider-limits/ProviderLimitsTable.tsx(12,3): error TS7031: Binding element 'quotaData' implicitly has an 'any' type.
src/ai-gateway/app/(dashboard)/dashboard/usage/components/ProviderLimits/provider-limits/ProviderLimitsTable.tsx(13,3): error TS7031: Binding element 'loading' implicitly has an 'any' type.
src/ai-gateway/app/(dashboard)/dashboard/usage/components/ProviderLimits/provider-limits/ProviderLimitsTable.tsx(14,3): error TS7031: Binding element 'errors' implicitly has an 'any' type.
src/ai-gateway/app/(dashboard)/dashboard/usage/components/ProviderLimits/provider-limits/ProviderLimitsTable.tsx(15,3): error TS7031: Binding element 'lastRefreshedAt' implicitly has an 'any' type.
src/ai-gateway/app/(dashboard)/dashboard/usage/components/ProviderLimits/provider-limits/ProviderLimitsTable.tsx(16,3): error TS7031: Binding element 'tierByConnection' implicitly has an 'any' type.
src/ai-gateway/app/(dashboard)/dashboard/usage/components/ProviderLimits/provider-limits/ProviderLimitsTable.tsx(17,3): error TS7031: Binding element 'resolvedPlanByConnection' implicitly has an 'any' type.
src/ai-gateway/app/(dashboard)/dashboard/usage/components/ProviderLimits/provider-limits/ProviderLimitsTable.tsx(18,3): error TS7031: Binding element 'onRefreshProvider' implicitly has an 'any' type.
src/ai-gateway/app/(dashboard)/dashboard/usage/components/ProviderLimits/provider-limits/ProviderLimitsTable.tsx(19,3): error TS7031: Binding element 'tierFilter' implicitly has an 'any' type.
src/ai-gateway/app/(dashboard)/dashboard/usage/components/ProviderLimits/provider-limits/ProviderLimitsTable.tsx(21,22): error TS7006: Parameter 'conn' implicitly has an 'any' type.
src/ai-gateway/app/(dashboard)/dashboard/usage/components/ProviderLimits/provider-limits/ProviderLimitsTable.tsx(21,28): error TS7006: Parameter 'isLast' implicitly has an 'any' type.
src/ai-gateway/app/(dashboard)/dashboard/usage/components/ProviderLimits/provider-limits/ProviderLimitsTable.tsx(22,5): error TS17004: Cannot use JSX unless the '--jsx' flag is provided.
src/ai-gateway/app/(dashboard)/dashboard/usage/components/ProviderLimits/provider-limits/ProviderLimitsTable.tsx(38,5): error TS17004: Cannot use JSX unless the '--jsx' flag is provided.
src/ai-gateway/app/(dashboard)/dashboard/usage/components/ProviderLimits/provider-limits/ProviderLimitsTable.tsx(39,7): error TS17004: Cannot use JSX unless the '--jsx' flag is provided.
src/ai-gateway/app/(dashboard)/dashboard/usage/components/ProviderLimits/provider-limits/ProviderLimitsTable.tsx(43,9): error TS17004: Cannot use JSX unless the '--jsx' flag is provided.
src/ai-gateway/app/(dashboard)/dashboard/usage/components/ProviderLimits/provider-limits/ProviderLimitsTable.tsx(44,9): error TS17004: Cannot use JSX unless the '--jsx' flag is provided.
src/ai-gateway/app/(dashboard)/dashboard/usage/components/ProviderLimits/provider-limits/ProviderLimitsTable.tsx(45,9): error TS17004: Cannot use JSX unless the '--jsx' flag is provided.
src/ai-gateway/app/(dashboard)/dashboard/usage/components/ProviderLimits/provider-limits/ProviderLimitsTable.tsx(46,9): error TS17004: Cannot use JSX unless the '--jsx' flag is provided.
src/ai-gateway/app/(dashboard)/dashboard/usage/components/ProviderLimits/provider-limits/ProviderLimitsTable.tsx(51,13): error TS17004: Cannot use JSX unless the '--jsx' flag is provided.
src/ai-gateway/app/(dashboard)/dashboard/usage/components/ProviderLimits/provider-limits/ProviderLimitsTable.tsx(55,15): error TS17004: Cannot use JSX unless the '--jsx' flag is provided.
src/ai-gateway/app/(dashboard)/dashboard/usage/components/ProviderLimits/provider-limits/ProviderLimitsTable.tsx(59,17): error TS17004: Cannot use JSX unless the '--jsx' flag is provided.
src/ai-gateway/app/(dashboard)/dashboard/usage/components/ProviderLimits/provider-limits/ProviderLimitsTable.tsx(64,17): error TS17004: Cannot use JSX unless the '--jsx' flag is provided.
src/ai-gateway/app/(dashboard)/dashboard/usage/components/ProviderLimits/provider-limits/ProviderLimitsTable.tsx(67,17): error TS17004: Cannot use JSX unless the '--jsx' flag is provided.
src/ai-gateway/app/(dashboard)/dashboard/usage/components/ProviderLimits/provider-limits/ProviderLimitsTable.tsx(70,17): error TS17004: Cannot use JSX unless the '--jsx' flag is provided.
src/ai-gateway/app/(dashboard)/dashboard/usage/components/ProviderLimits/provider-limits/ProviderLimitsTable.tsx(75,17): error TS17004: Cannot use JSX unless the '--jsx' flag is provided.
src/ai-gateway/app/(dashboard)/dashboard/usage/components/ProviderLimits/provider-limits/ProviderLimitsTable.tsx(76,31): error TS7006: Parameter 'conn' implicitly has an 'any' type.
src/ai-gateway/app/(dashboard)/dashboard/usage/components/ProviderLimits/provider-limits/ProviderLimitsTable.tsx(76,37): error TS7006: Parameter 'idx' implicitly has an 'any' type.
src/ai-gateway/app/(dashboard)/dashboard/usage/components/ProviderLimits/provider-limits/ProviderLimitsTable.tsx(83,35): error TS7006: Parameter 'conn' implicitly has an 'any' type.
src/ai-gateway/app/(dashboard)/dashboard/usage/components/ProviderLimits/provider-limits/ProviderLimitsTable.tsx(83,41): error TS7006: Parameter 'idx' implicitly has an 'any' type.
src/ai-gateway/app/(dashboard)/dashboard/usage/components/ProviderLimits/provider-limits/ProviderLimitsTable.tsx(88,9): error TS17004: Cannot use JSX unless the '--jsx' flag is provided.
src/ai-gateway/app/(dashboard)/dashboard/usage/components/ProviderLimits/provider-limits/ProviderLimitsTable.tsx(90,11): error TS17004: Cannot use JSX unless the '--jsx' flag is provided.
src/ai-gateway/app/(dashboard)/dashboard/usage/components/ProviderLimits/provider-limits/ProviderLimitsTierFilters.tsx(6,3): error TS7031: Binding element 't' implicitly has an 'any' type.
src/ai-gateway/app/(dashboard)/dashboard/usage/components/ProviderLimits/provider-limits/ProviderLimitsTierFilters.tsx(7,3): error TS7031: Binding element 'tierCounts' implicitly has an 'any' type.
src/ai-gateway/app/(dashboard)/dashboard/usage/components/ProviderLimits/provider-limits/ProviderLimitsTierFilters.tsx(8,3): error TS7031: Binding element 'tierFilter' implicitly has an 'any' type.
src/ai-gateway/app/(dashboard)/dashboard/usage/components/ProviderLimits/provider-limits/ProviderLimitsTierFilters.tsx(9,3): error TS7031: Binding element 'onSetTierFilter' implicitly has an 'any' type.
src/ai-gateway/app/(dashboard)/dashboard/usage/components/ProviderLimits/provider-limits/ProviderLimitsTierFilters.tsx(12,5): error TS17004: Cannot use JSX unless the '--jsx' flag is provided.
src/ai-gateway/app/(dashboard)/dashboard/usage/components/ProviderLimits/provider-limits/ProviderLimitsTierFilters.tsx(17,11): error TS17004: Cannot use JSX unless the '--jsx' flag is provided.
src/ai-gateway/app/(dashboard)/dashboard/usage/components/ProviderLimits/provider-limits/ProviderLimitsTierFilters.tsx(31,13): error TS17004: Cannot use JSX unless the '--jsx' flag is provided.
src/ai-gateway/app/(dashboard)/dashboard/usage/components/ProviderLimits/provider-limits/ProviderLimitsTierFilters.tsx(32,13): error TS17004: Cannot use JSX unless the '--jsx' flag is provided.
src/ai-gateway/app/(dashboard)/dashboard/usage/components/ProviderLimits/provider-limits/useProviderLimits.ts(4,33): error TS2307: Cannot find module 'next-intl' or its corresponding type declarations.
src/ai-gateway/app/(dashboard)/dashboard/usage/components/ProviderLimits/provider-limits/useProviderLimits.ts(5,43): error TS2307: Cannot find module '@/shared/constants/providers' or its corresponding type declarations.
src/ai-gateway/app/(dashboard)/dashboard/usage/components/ProviderLimits/provider-limits/useProviderLimits.ts(6,69): error TS6142: Module '../utils' was resolved to 'C:/TESTES DEV/1_PROJETOS_ATIVOS/Zavorth/src/ai-gateway/app/(dashboard)/dashboard/usage/components/ProviderLimits/utils.tsx', but '--jsx' is not set.
src/ai-gateway/app/(dashboard)/dashboard/usage/components/ProviderLimits/provider-limits/useProviderLimits.ts(58,46): error TS7006: Parameter 'connectionList' implicitly has an 'any' type.
src/ai-gateway/app/(dashboard)/dashboard/usage/components/ProviderLimits/provider-limits/useProviderLimits.ts(58,62): error TS7006: Parameter 'caches' implicitly has an 'any' type.
src/ai-gateway/app/(dashboard)/dashboard/usage/components/ProviderLimits/provider-limits/useProviderLimits.ts(66,7): error TS7053: Element implicitly has an 'any' type because expression of type 'any' can't be used to index type '{}'.
src/ai-gateway/app/(dashboard)/dashboard/usage/components/ProviderLimits/provider-limits/useProviderLimits.ts(74,9): error TS7053: Element implicitly has an 'any' type because expression of type 'any' can't be used to index type '{}'.
src/ai-gateway/app/(dashboard)/dashboard/usage/components/ProviderLimits/provider-limits/useProviderLimits.ts(94,12): error TS7006: Parameter 'connectionId' implicitly has an 'any' type.
src/ai-gateway/app/(dashboard)/dashboard/usage/components/ProviderLimits/provider-limits/useProviderLimits.ts(94,26): error TS7006: Parameter 'provider' implicitly has an 'any' type.
src/ai-gateway/app/(dashboard)/dashboard/usage/components/ProviderLimits/provider-limits/useProviderLimits.ts(97,25): error TS7053: Element implicitly has an 'any' type because expression of type 'any' can't be used to index type '{}'.
src/ai-gateway/app/(dashboard)/dashboard/usage/components/ProviderLimits/provider-limits/useProviderLimits.ts(101,7): error TS7053: Element implicitly has an 'any' type because expression of type 'any' can't be used to index type '{}'.
src/ai-gateway/app/(dashboard)/dashboard/usage/components/ProviderLimits/provider-limits/useProviderLimits.ts(124,21): error TS2339: Property 'staleAfterReset' does not exist on type '{ name: string; used: number; total: number; resetAt: null; message: any; }'.
src/ai-gateway/app/(dashboard)/dashboard/usage/components/ProviderLimits/provider-limits/useProviderLimits.ts(127,31): error TS7053: Element implicitly has an 'any' type because expression of type 'any' can't be used to index type '{}'.
src/ai-gateway/app/(dashboard)/dashboard/usage/components/ProviderLimits/provider-limits/useProviderLimits.ts(129,13): error TS7053: Element implicitly has an 'any' type because expression of type 'any' can't be used to index type '{}'.
src/ai-gateway/app/(dashboard)/dashboard/usage/components/ProviderLimits/provider-limits/useProviderLimits.ts(154,27): error TS18046: 'error' is of type 'unknown'.
src/ai-gateway/app/(dashboard)/dashboard/usage/components/ProviderLimits/provider-limits/useProviderLimits.ts(164,12): error TS7006: Parameter 'connectionId' implicitly has an 'any' type.
src/ai-gateway/app/(dashboard)/dashboard/usage/components/ProviderLimits/provider-limits/useProviderLimits.ts(164,26): error TS7006: Parameter 'provider' implicitly has an 'any' type.
src/ai-gateway/app/(dashboard)/dashboard/usage/components/ProviderLimits/provider-limits/useProviderLimits.ts(213,51): error TS2339: Property 'provider' does not exist on type 'never'.
src/ai-gateway/app/(dashboard)/dashboard/usage/components/ProviderLimits/provider-limits/useProviderLimits.ts(214,17): error TS2339: Property 'authType' does not exist on type 'never'.
src/ai-gateway/app/(dashboard)/dashboard/usage/components/ProviderLimits/provider-limits/useProviderLimits.ts(214,46): error TS2339: Property 'authType' does not exist on type 'never'.
src/ai-gateway/app/(dashboard)/dashboard/usage/components/ProviderLimits/provider-limits/useProviderLimits.ts(231,18): error TS7053: Element implicitly has an 'any' type because expression of type 'any' can't be used to index type '{ zavorthBridge: number; "gemini-cli": number; github: number; codex: number; claude: number; kiro: number; glm: number; "kimi-coding": number; }'.
src/ai-gateway/app/(dashboard)/dashboard/usage/components/ProviderLimits/provider-limits/useProviderLimits.ts(231,29): error TS2339: Property 'provider' does not exist on type 'never'.
src/ai-gateway/app/(dashboard)/dashboard/usage/components/ProviderLimits/provider-limits/useProviderLimits.ts(231,48): error TS7053: Element implicitly has an 'any' type because expression of type 'any' can't be used to index type '{ zavorthBridge: number; "gemini-cli": number; github: number; codex: number; claude: number; kiro: number; glm: number; "kimi-coding": number; }'.
src/ai-gateway/app/(dashboard)/dashboard/usage/components/ProviderLimits/provider-limits/useProviderLimits.ts(231,59): error TS2339: Property 'provider' does not exist on type 'never'.
src/ai-gateway/app/(dashboard)/dashboard/usage/components/ProviderLimits/provider-limits/useProviderLimits.ts(238,7): error TS7053: Element implicitly has an 'any' type because expression of type 'any' can't be used to index type '{}'.
src/ai-gateway/app/(dashboard)/dashboard/usage/components/ProviderLimits/provider-limits/useProviderLimits.ts(238,16): error TS2339: Property 'id' does not exist on type 'never'.
src/ai-gateway/app/(dashboard)/dashboard/usage/components/ProviderLimits/provider-limits/useProviderLimits.ts(239,9): error TS7053: Element implicitly has an 'any' type because expression of type 'any' can't be used to index type '{}'.
src/ai-gateway/app/(dashboard)/dashboard/usage/components/ProviderLimits/provider-limits/useProviderLimits.ts(239,24): error TS2339: Property 'id' does not exist on type 'never'.
src/ai-gateway/app/(dashboard)/dashboard/usage/components/ProviderLimits/provider-limits/useProviderLimits.ts(240,14): error TS2339: Property 'providerSpecificData' does not exist on type 'never'.
src/ai-gateway/app/(dashboard)/dashboard/usage/components/ProviderLimits/provider-limits/useProviderLimits.ts(249,7): error TS7053: Element implicitly has an 'any' type because expression of type 'any' can't be used to index type '{}'.
src/ai-gateway/app/(dashboard)/dashboard/usage/components/ProviderLimits/provider-limits/useProviderLimits.ts(249,16): error TS2339: Property 'id' does not exist on type 'never'.
src/ai-gateway/app/(dashboard)/dashboard/usage/components/ProviderLimits/provider-limits/useProviderLimits.ts(249,40): error TS7053: Element implicitly has an 'any' type because expression of type 'any' can't be used to index type '{}'.
src/ai-gateway/app/(dashboard)/dashboard/usage/components/ProviderLimits/provider-limits/useProviderLimits.ts(249,70): error TS2339: Property 'id' does not exist on type 'never'.
src/ai-gateway/app/(dashboard)/dashboard/usage/components/ProviderLimits/provider-limits/useProviderLimits.ts(267,23): error TS7053: Element implicitly has an 'any' type because expression of type 'any' can't be used to index type '{}'.
src/ai-gateway/app/(dashboard)/dashboard/usage/components/ProviderLimits/provider-limits/useProviderLimits.ts(267,45): error TS2339: Property 'id' does not exist on type 'never'.
src/ai-gateway/app/(dashboard)/dashboard/usage/components/ProviderLimits/provider-limits/useProviderLimits.ts(268,7): error TS7053: Element implicitly has an 'any' type because expression of type 'any' can't be used to index type '{ all: number; enterprise: number; team: number; business: number; ultra: number; pro: number; plus: number; free: number; unknown: number; }'.
src/ai-gateway/app/(dashboard)/dashboard/usage/components/ProviderLimits/provider-limits/useProviderLimits.ts(268,26): error TS7053: Element implicitly has an 'any' type because expression of type 'any' can't be used to index type '{ all: number; enterprise: number; team: number; business: number; ultra: number; pro: number; plus: number; free: number; unknown: number; }'.
src/ai-gateway/app/(dashboard)/dashboard/usage/components/ProviderLimits/provider-limits/useProviderLimits.ts(276,18): error TS7053: Element implicitly has an 'any' type because expression of type 'any' can't be used to index type '{}'.
src/ai-gateway/app/(dashboard)/dashboard/usage/components/ProviderLimits/provider-limits/useProviderLimits.ts(276,40): error TS2339: Property 'id' does not exist on type 'never'.
src/ai-gateway/app/(dashboard)/dashboard/usage/components/ProviderLimits/provider-limits/useProviderLimits.ts(285,15): error TS2339: Property 'providerSpecificData' does not exist on type 'never'.
src/ai-gateway/app/(dashboard)/dashboard/usage/components/ProviderLimits/provider-limits/useProviderLimits.ts(320,12): error TS2339: Property 'providerSpecificData' does not exist on type 'never'.
src/ai-gateway/app/(dashboard)/dashboard/usage/components/ProviderLimits/ProviderLimitCard.tsx(4,19): error TS2307: Cannot find module 'next/image' or its corresponding type declarations.
src/ai-gateway/app/(dashboard)/dashboard/usage/components/ProviderLimits/ProviderLimitCard.tsx(5,33): error TS2307: Cannot find module 'next-intl' or its corresponding type declarations.
src/ai-gateway/app/(dashboard)/dashboard/usage/components/ProviderLimits/ProviderLimitCard.tsx(6,18): error TS2307: Cannot find module '@/shared/components/Card' or its corresponding type declarations.
src/ai-gateway/app/(dashboard)/dashboard/usage/components/ProviderLimits/ProviderLimitCard.tsx(7,19): error TS2307: Cannot find module '@/shared/components/Badge' or its corresponding type declarations.
src/ai-gateway/app/(dashboard)/dashboard/usage/components/ProviderLimits/ProviderLimitCard.tsx(8,30): error TS6142: Module './QuotaProgressBar' was resolved to 'C:/TESTES DEV/1_PROJETOS_ATIVOS/Zavorth/src/ai-gateway/app/(dashboard)/dashboard/usage/components/ProviderLimits/QuotaProgressBar.tsx', but '--jsx' is not set.
src/ai-gateway/app/(dashboard)/dashboard/usage/components/ProviderLimits/ProviderLimitCard.tsx(9,37): error TS6142: Module './utils' was resolved to 'C:/TESTES DEV/1_PROJETOS_ATIVOS/Zavorth/src/ai-gateway/app/(dashboard)/dashboard/usage/components/ProviderLimits/utils.tsx', but '--jsx' is not set.
src/ai-gateway/app/(dashboard)/dashboard/usage/components/ProviderLimits/ProviderLimitCard.tsx(10,26): error TS2307: Cannot find module '@/shared/components/ProviderIcon' or its corresponding type declarations.
src/ai-gateway/app/(dashboard)/dashboard/usage/components/ProviderLimits/ProviderLimitCard.tsx(20,3): error TS7031: Binding element 'provider' implicitly has an 'any' type.
src/ai-gateway/app/(dashboard)/dashboard/usage/components/ProviderLimits/ProviderLimitCard.tsx(21,3): error TS7031: Binding element 'name' implicitly has an 'any' type.
src/ai-gateway/app/(dashboard)/dashboard/usage/components/ProviderLimits/ProviderLimitCard.tsx(22,3): error TS7031: Binding element 'plan' implicitly has an 'any' type.
src/ai-gateway/app/(dashboard)/dashboard/usage/components/ProviderLimits/ProviderLimitCard.tsx(27,3): error TS7031: Binding element 'onRefresh' implicitly has an 'any' type.
src/ai-gateway/app/(dashboard)/dashboard/usage/components/ProviderLimits/ProviderLimitCard.tsx(53,12): error TS7053: Element implicitly has an 'any' type because expression of type 'any' can't be used to index type '{ github: string; zavorthBridge: string; codex: string; kiro: string; claude: string; }'.
src/ai-gateway/app/(dashboard)/dashboard/usage/components/ProviderLimits/ProviderLimitCard.tsx(57,23): error TS7053: Element implicitly has an 'any' type because expression of type 'any' can't be used to index type '{ free: string; pro: string; ultra: string; enterprise: string; }'.
src/ai-gateway/app/(dashboard)/dashboard/usage/components/ProviderLimits/ProviderLimitCard.tsx(60,5): error TS17004: Cannot use JSX unless the '--jsx' flag is provided.
src/ai-gateway/app/(dashboard)/dashboard/usage/components/ProviderLimits/ProviderLimitCard.tsx(62,7): error TS17004: Cannot use JSX unless the '--jsx' flag is provided.
src/ai-gateway/app/(dashboard)/dashboard/usage/components/ProviderLimits/ProviderLimitCard.tsx(63,9): error TS17004: Cannot use JSX unless the '--jsx' flag is provided.
src/ai-gateway/app/(dashboard)/dashboard/usage/components/ProviderLimits/ProviderLimitCard.tsx(65,11): error TS17004: Cannot use JSX unless the '--jsx' flag is provided.
src/ai-gateway/app/(dashboard)/dashboard/usage/components/ProviderLimits/ProviderLimitCard.tsx(70,15): error TS17004: Cannot use JSX unless the '--jsx' flag is provided.
src/ai-gateway/app/(dashboard)/dashboard/usage/components/ProviderLimits/ProviderLimitCard.tsx(74,15): error TS17004: Cannot use JSX unless the '--jsx' flag is provided.
src/ai-gateway/app/(dashboard)/dashboard/usage/components/ProviderLimits/ProviderLimitCard.tsx(78,11): error TS17004: Cannot use JSX unless the '--jsx' flag is provided.
src/ai-gateway/app/(dashboard)/dashboard/usage/components/ProviderLimits/ProviderLimitCard.tsx(79,13): error TS17004: Cannot use JSX unless the '--jsx' flag is provided.
src/ai-gateway/app/(dashboard)/dashboard/usage/components/ProviderLimits/ProviderLimitCard.tsx(81,15): error TS17004: Cannot use JSX unless the '--jsx' flag is provided.
src/ai-gateway/app/(dashboard)/dashboard/usage/components/ProviderLimits/ProviderLimitCard.tsx(92,9): error TS17004: Cannot use JSX unless the '--jsx' flag is provided.
src/ai-gateway/app/(dashboard)/dashboard/usage/components/ProviderLimits/ProviderLimitCard.tsx(98,11): error TS17004: Cannot use JSX unless the '--jsx' flag is provided.
src/ai-gateway/app/(dashboard)/dashboard/usage/components/ProviderLimits/ProviderLimitCard.tsx(110,9): error TS17004: Cannot use JSX unless the '--jsx' flag is provided.
src/ai-gateway/app/(dashboard)/dashboard/usage/components/ProviderLimits/ProviderLimitCard.tsx(111,11): error TS17004: Cannot use JSX unless the '--jsx' flag is provided.
src/ai-gateway/app/(dashboard)/dashboard/usage/components/ProviderLimits/ProviderLimitCard.tsx(112,13): error TS17004: Cannot use JSX unless the '--jsx' flag is provided.
src/ai-gateway/app/(dashboard)/dashboard/usage/components/ProviderLimits/ProviderLimitCard.tsx(113,13): error TS17004: Cannot use JSX unless the '--jsx' flag is provided.
src/ai-gateway/app/(dashboard)/dashboard/usage/components/ProviderLimits/ProviderLimitCard.tsx(115,11): error TS17004: Cannot use JSX unless the '--jsx' flag is provided.
src/ai-gateway/app/(dashboard)/dashboard/usage/components/ProviderLimits/ProviderLimitCard.tsx(116,13): error TS17004: Cannot use JSX unless the '--jsx' flag is provided.
src/ai-gateway/app/(dashboard)/dashboard/usage/components/ProviderLimits/ProviderLimitCard.tsx(117,13): error TS17004: Cannot use JSX unless the '--jsx' flag is provided.
src/ai-gateway/app/(dashboard)/dashboard/usage/components/ProviderLimits/ProviderLimitCard.tsx(124,9): error TS17004: Cannot use JSX unless the '--jsx' flag is provided.
src/ai-gateway/app/(dashboard)/dashboard/usage/components/ProviderLimits/ProviderLimitCard.tsx(125,11): error TS17004: Cannot use JSX unless the '--jsx' flag is provided.
src/ai-gateway/app/(dashboard)/dashboard/usage/components/ProviderLimits/ProviderLimitCard.tsx(126,13): error TS17004: Cannot use JSX unless the '--jsx' flag is provided.
src/ai-gateway/app/(dashboard)/dashboard/usage/components/ProviderLimits/ProviderLimitCard.tsx(127,13): error TS17004: Cannot use JSX unless the '--jsx' flag is provided.
src/ai-gateway/app/(dashboard)/dashboard/usage/components/ProviderLimits/ProviderLimitCard.tsx(134,9): error TS17004: Cannot use JSX unless the '--jsx' flag is provided.
src/ai-gateway/app/(dashboard)/dashboard/usage/components/ProviderLimits/ProviderLimitCard.tsx(135,11): error TS17004: Cannot use JSX unless the '--jsx' flag is provided.
src/ai-gateway/app/(dashboard)/dashboard/usage/components/ProviderLimits/ProviderLimitCard.tsx(136,13): error TS17004: Cannot use JSX unless the '--jsx' flag is provided.
src/ai-gateway/app/(dashboard)/dashboard/usage/components/ProviderLimits/ProviderLimitCard.tsx(137,13): error TS17004: Cannot use JSX unless the '--jsx' flag is provided.
src/ai-gateway/app/(dashboard)/dashboard/usage/components/ProviderLimits/ProviderLimitCard.tsx(144,9): error TS17004: Cannot use JSX unless the '--jsx' flag is provided.
src/ai-gateway/app/(dashboard)/dashboard/usage/components/ProviderLimits/ProviderLimitCard.tsx(147,21): error TS2339: Property 'remainingPercentage' does not exist on type 'never'.
src/ai-gateway/app/(dashboard)/dashboard/usage/components/ProviderLimits/ProviderLimitCard.tsx(148,36): error TS2339: Property 'remainingPercentage' does not exist on type 'never'.
src/ai-gateway/app/(dashboard)/dashboard/usage/components/ProviderLimits/ProviderLimitCard.tsx(149,45): error TS2339: Property 'used' does not exist on type 'never'.
src/ai-gateway/app/(dashboard)/dashboard/usage/components/ProviderLimits/ProviderLimitCard.tsx(149,57): error TS2339: Property 'total' does not exist on type 'never'.
src/ai-gateway/app/(dashboard)/dashboard/usage/components/ProviderLimits/ProviderLimitCard.tsx(150,37): error TS2339: Property 'total' does not exist on type 'never'.
src/ai-gateway/app/(dashboard)/dashboard/usage/components/ProviderLimits/ProviderLimitCard.tsx(150,58): error TS2339: Property 'total' does not exist on type 'never'.
src/ai-gateway/app/(dashboard)/dashboard/usage/components/ProviderLimits/ProviderLimitCard.tsx(153,15): error TS17004: Cannot use JSX unless the '--jsx' flag is provided.
src/ai-gateway/app/(dashboard)/dashboard/usage/components/ProviderLimits/ProviderLimitCard.tsx(154,31): error TS2339: Property 'name' does not exist on type 'never'.
src/ai-gateway/app/(dashboard)/dashboard/usage/components/ProviderLimits/ProviderLimitCard.tsx(155,30): error TS2339: Property 'name' does not exist on type 'never'.
src/ai-gateway/app/(dashboard)/dashboard/usage/components/ProviderLimits/ProviderLimitCard.tsx(156,29): error TS2339: Property 'used' does not exist on type 'never'.
src/ai-gateway/app/(dashboard)/dashboard/usage/components/ProviderLimits/ProviderLimitCard.tsx(157,30): error TS2339: Property 'total' does not exist on type 'never'.
src/ai-gateway/app/(dashboard)/dashboard/usage/components/ProviderLimits/ProviderLimitCard.tsx(160,34): error TS2339: Property 'resetAt' does not exist on type 'never'.
src/ai-gateway/app/(dashboard)/dashboard/usage/components/ProviderLimits/ProviderLimitCard.tsx(161,40): error TS2339: Property 'staleAfterReset' does not exist on type 'never'.
src/ai-gateway/app/(dashboard)/dashboard/usage/components/ProviderLimits/ProviderLimitCard.tsx(170,9): error TS17004: Cannot use JSX unless the '--jsx' flag is provided.
src/ai-gateway/app/(dashboard)/dashboard/usage/components/ProviderLimits/ProviderLimitCard.tsx(171,11): error TS17004: Cannot use JSX unless the '--jsx' flag is provided.
src/ai-gateway/app/(dashboard)/dashboard/usage/components/ProviderLimits/ProviderLimitCard.tsx(172,11): error TS17004: Cannot use JSX unless the '--jsx' flag is provided.
src/ai-gateway/app/(dashboard)/dashboard/usage/components/ProviderLimits/QuotaProgressBar.tsx(3,20): error TS2307: Cannot find module '@/shared/utils/cn' or its corresponding type declarations.
src/ai-gateway/app/(dashboard)/dashboard/usage/components/ProviderLimits/QuotaProgressBar.tsx(4,33): error TS6142: Module './utils' was resolved to 'C:/TESTES DEV/1_PROJETOS_ATIVOS/Zavorth/src/ai-gateway/app/(dashboard)/dashboard/usage/components/ProviderLimits/utils.tsx', but '--jsx' is not set.
src/ai-gateway/app/(dashboard)/dashboard/usage/components/ProviderLimits/QuotaProgressBar.tsx(7,26): error TS7006: Parameter 'remainingPercentage' implicitly has an 'any' type.
src/ai-gateway/app/(dashboard)/dashboard/usage/components/ProviderLimits/QuotaProgressBar.tsx(36,33): error TS7006: Parameter 'resetTime' implicitly has an 'any' type.
src/ai-gateway/app/(dashboard)/dashboard/usage/components/ProviderLimits/QuotaProgressBar.tsx(84,5): error TS17004: Cannot use JSX unless the '--jsx' flag is provided.
src/ai-gateway/app/(dashboard)/dashboard/usage/components/ProviderLimits/QuotaProgressBar.tsx(86,7): error TS17004: Cannot use JSX unless the '--jsx' flag is provided.
src/ai-gateway/app/(dashboard)/dashboard/usage/components/ProviderLimits/QuotaProgressBar.tsx(87,9): error TS17004: Cannot use JSX unless the '--jsx' flag is provided.
src/ai-gateway/app/(dashboard)/dashboard/usage/components/ProviderLimits/QuotaProgressBar.tsx(88,9): error TS17004: Cannot use JSX unless the '--jsx' flag is provided.
src/ai-gateway/app/(dashboard)/dashboard/usage/components/ProviderLimits/QuotaProgressBar.tsx(89,11): error TS17004: Cannot use JSX unless the '--jsx' flag is provided.
src/ai-gateway/app/(dashboard)/dashboard/usage/components/ProviderLimits/QuotaProgressBar.tsx(90,11): error TS17004: Cannot use JSX unless the '--jsx' flag is provided.
src/ai-gateway/app/(dashboard)/dashboard/usage/components/ProviderLimits/QuotaProgressBar.tsx(96,9): error TS17004: Cannot use JSX unless the '--jsx' flag is provided.
src/ai-gateway/app/(dashboard)/dashboard/usage/components/ProviderLimits/QuotaProgressBar.tsx(97,11): error TS17004: Cannot use JSX unless the '--jsx' flag is provided.
src/ai-gateway/app/(dashboard)/dashboard/usage/components/ProviderLimits/QuotaProgressBar.tsx(105,7): error TS17004: Cannot use JSX unless the '--jsx' flag is provided.
src/ai-gateway/app/(dashboard)/dashboard/usage/components/ProviderLimits/QuotaProgressBar.tsx(106,9): error TS17004: Cannot use JSX unless the '--jsx' flag is provided.
src/ai-gateway/app/(dashboard)/dashboard/usage/components/ProviderLimits/QuotaProgressBar.tsx(110,11): error TS17004: Cannot use JSX unless the '--jsx' flag is provided.
src/ai-gateway/app/(dashboard)/dashboard/usage/components/ProviderLimits/QuotaProgressBar.tsx(111,13): error TS17004: Cannot use JSX unless the '--jsx' flag is provided.
src/ai-gateway/app/(dashboard)/dashboard/usage/components/ProviderLimits/QuotaProgressBar.tsx(112,13): error TS17004: Cannot use JSX unless the '--jsx' flag is provided.
src/ai-gateway/app/(dashboard)/dashboard/usage/components/ProviderLimits/QuotaProgressBar.tsx(115,11): error TS17004: Cannot use JSX unless the '--jsx' flag is provided.
src/ai-gateway/app/(dashboard)/dashboard/usage/components/ProviderLimits/QuotaProgressBar.tsx(116,13): error TS17004: Cannot use JSX unless the '--jsx' flag is provided.
src/ai-gateway/app/(dashboard)/dashboard/usage/components/ProviderLimits/QuotaProgressBar.tsx(117,13): error TS17004: Cannot use JSX unless the '--jsx' flag is provided.
src/ai-gateway/app/(dashboard)/dashboard/usage/components/ProviderLimits/QuotaProgressBar.tsx(123,24): error TS17004: Cannot use JSX unless the '--jsx' flag is provided.
src/ai-gateway/app/(dashboard)/dashboard/usage/components/ProviderLimits/QuotaTable.tsx(3,54): error TS6142: Module './utils' was resolved to 'C:/TESTES DEV/1_PROJETOS_ATIVOS/Zavorth/src/ai-gateway/app/(dashboard)/dashboard/usage/components/ProviderLimits/utils.tsx', but '--jsx' is not set.
src/ai-gateway/app/(dashboard)/dashboard/usage/components/ProviderLimits/QuotaTable.tsx(4,44): error TS2307: Cannot find module 'next-intl' or its corresponding type declarations.
src/ai-gateway/app/(dashboard)/dashboard/usage/components/ProviderLimits/QuotaTable.tsx(9,33): error TS7006: Parameter 'resetTime' implicitly has an 'any' type.
src/ai-gateway/app/(dashboard)/dashboard/usage/components/ProviderLimits/QuotaTable.tsx(9,44): error TS7006: Parameter 'locale' implicitly has an 'any' type.
src/ai-gateway/app/(dashboard)/dashboard/usage/components/ProviderLimits/QuotaTable.tsx(9,52): error TS7006: Parameter 't' implicitly has an 'any' type.
src/ai-gateway/app/(dashboard)/dashboard/usage/components/ProviderLimits/QuotaTable.tsx(42,26): error TS7006: Parameter 'remainingPercentage' implicitly has an 'any' type.
src/ai-gateway/app/(dashboard)/dashboard/usage/components/ProviderLimits/QuotaTable.tsx(82,5): error TS17004: Cannot use JSX unless the '--jsx' flag is provided.
src/ai-gateway/app/(dashboard)/dashboard/usage/components/ProviderLimits/QuotaTable.tsx(83,7): error TS17004: Cannot use JSX unless the '--jsx' flag is provided.
src/ai-gateway/app/(dashboard)/dashboard/usage/components/ProviderLimits/QuotaTable.tsx(84,9): error TS17004: Cannot use JSX unless the '--jsx' flag is provided.
src/ai-gateway/app/(dashboard)/dashboard/usage/components/ProviderLimits/QuotaTable.tsx(85,11): error TS17004: Cannot use JSX unless the '--jsx' flag is provided.
src/ai-gateway/app/(dashboard)/dashboard/usage/components/ProviderLimits/QuotaTable.tsx(86,11): error TS17004: Cannot use JSX unless the '--jsx' flag is provided.
src/ai-gateway/app/(dashboard)/dashboard/usage/components/ProviderLimits/QuotaTable.tsx(87,11): error TS17004: Cannot use JSX unless the '--jsx' flag is provided.
src/ai-gateway/app/(dashboard)/dashboard/usage/components/ProviderLimits/QuotaTable.tsx(89,9): error TS17004: Cannot use JSX unless the '--jsx' flag is provided.
src/ai-gateway/app/(dashboard)/dashboard/usage/components/ProviderLimits/QuotaTable.tsx(92,21): error TS2339: Property 'remainingPercentage' does not exist on type 'never'.
src/ai-gateway/app/(dashboard)/dashboard/usage/components/ProviderLimits/QuotaTable.tsx(93,36): error TS2339: Property 'remainingPercentage' does not exist on type 'never'.
src/ai-gateway/app/(dashboard)/dashboard/usage/components/ProviderLimits/QuotaTable.tsx(94,45): error TS2339: Property 'used' does not exist on type 'never'.
src/ai-gateway/app/(dashboard)/dashboard/usage/components/ProviderLimits/QuotaTable.tsx(94,57): error TS2339: Property 'total' does not exist on type 'never'.
src/ai-gateway/app/(dashboard)/dashboard/usage/components/ProviderLimits/QuotaTable.tsx(95,43): error TS2339: Property 'staleAfterReset' does not exist on type 'never'.
src/ai-gateway/app/(dashboard)/dashboard/usage/components/ProviderLimits/QuotaTable.tsx(98,53): error TS2339: Property 'resetAt' does not exist on type 'never'.
src/ai-gateway/app/(dashboard)/dashboard/usage/components/ProviderLimits/QuotaTable.tsx(99,63): error TS2339: Property 'resetAt' does not exist on type 'never'.
src/ai-gateway/app/(dashboard)/dashboard/usage/components/ProviderLimits/QuotaTable.tsx(102,15): error TS17004: Cannot use JSX unless the '--jsx' flag is provided.
src/ai-gateway/app/(dashboard)/dashboard/usage/components/ProviderLimits/QuotaTable.tsx(107,17): error TS17004: Cannot use JSX unless the '--jsx' flag is provided.
src/ai-gateway/app/(dashboard)/dashboard/usage/components/ProviderLimits/QuotaTable.tsx(108,19): error TS17004: Cannot use JSX unless the '--jsx' flag is provided.
src/ai-gateway/app/(dashboard)/dashboard/usage/components/ProviderLimits/QuotaTable.tsx(109,21): error TS17004: Cannot use JSX unless the '--jsx' flag is provided.
src/ai-gateway/app/(dashboard)/dashboard/usage/components/ProviderLimits/QuotaTable.tsx(110,21): error TS17004: Cannot use JSX unless the '--jsx' flag is provided.
src/ai-gateway/app/(dashboard)/dashboard/usage/components/ProviderLimits/QuotaTable.tsx(110,84): error TS2339: Property 'name' does not exist on type 'never'.
src/ai-gateway/app/(dashboard)/dashboard/usage/components/ProviderLimits/QuotaTable.tsx(115,17): error TS17004: Cannot use JSX unless the '--jsx' flag is provided.
src/ai-gateway/app/(dashboard)/dashboard/usage/components/ProviderLimits/QuotaTable.tsx(116,19): error TS17004: Cannot use JSX unless the '--jsx' flag is provided.
src/ai-gateway/app/(dashboard)/dashboard/usage/components/ProviderLimits/QuotaTable.tsx(118,21): error TS17004: Cannot use JSX unless the '--jsx' flag is provided.
src/ai-gateway/app/(dashboard)/dashboard/usage/components/ProviderLimits/QuotaTable.tsx(125,23): error TS17004: Cannot use JSX unless the '--jsx' flag is provided.
src/ai-gateway/app/(dashboard)/dashboard/usage/components/ProviderLimits/QuotaTable.tsx(132,21): error TS17004: Cannot use JSX unless the '--jsx' flag is provided.
src/ai-gateway/app/(dashboard)/dashboard/usage/components/ProviderLimits/QuotaTable.tsx(133,23): error TS17004: Cannot use JSX unless the '--jsx' flag is provided.
src/ai-gateway/app/(dashboard)/dashboard/usage/components/ProviderLimits/QuotaTable.tsx(134,32): error TS2339: Property 'used' does not exist on type 'never'.
src/ai-gateway/app/(dashboard)/dashboard/usage/components/ProviderLimits/QuotaTable.tsx(135,32): error TS2339: Property 'total' does not exist on type 'never'.
src/ai-gateway/app/(dashboard)/dashboard/usage/components/ProviderLimits/QuotaTable.tsx(135,50): error TS2339: Property 'total' does not exist on type 'never'.
src/ai-gateway/app/(dashboard)/dashboard/usage/components/ProviderLimits/QuotaTable.tsx(137,23): error TS17004: Cannot use JSX unless the '--jsx' flag is provided.
src/ai-gateway/app/(dashboard)/dashboard/usage/components/ProviderLimits/QuotaTable.tsx(143,17): error TS17004: Cannot use JSX unless the '--jsx' flag is provided.
src/ai-gateway/app/(dashboard)/dashboard/usage/components/ProviderLimits/QuotaTable.tsx(145,21): error TS17004: Cannot use JSX unless the '--jsx' flag is provided.
src/ai-gateway/app/(dashboard)/dashboard/usage/components/ProviderLimits/QuotaTable.tsx(147,21): error TS17004: Cannot use JSX unless the '--jsx' flag is provided.
src/ai-gateway/app/(dashboard)/dashboard/usage/components/ProviderLimits/QuotaTable.tsx(149,25): error TS17004: Cannot use JSX unless the '--jsx' flag is provided.
src/ai-gateway/app/(dashboard)/dashboard/usage/components/ProviderLimits/QuotaTable.tsx(154,25): error TS17004: Cannot use JSX unless the '--jsx' flag is provided.
src/ai-gateway/app/(dashboard)/dashboard/usage/components/ProviderLimits/QuotaTable.tsx(158,21): error TS17004: Cannot use JSX unless the '--jsx' flag is provided.
src/ai-gateway/app/(dashboard)/dashboard/usage/components/ProviderLimits/utils.tsx(1,39): error TS2307: Cannot find module '@ZavorthGateway/open-sse/config/providerModels.ts' or its corresponding type declarations.
src/ai-gateway/app/(dashboard)/dashboard/usage/components/ProviderLimits/utils.tsx(2,32): error TS2307: Cannot find module '@/shared/utils/formatting' or its corresponding type declarations.
src/ai-gateway/app/(dashboard)/dashboard/usage/components/ProviderLimits/utils.tsx(75,33): error TS7006: Parameter 'date' implicitly has an 'any' type.
src/ai-gateway/app/(dashboard)/dashboard/usage/components/ProviderLimits/utils.tsx(114,32): error TS7006: Parameter 'percentage' implicitly has an 'any' type.
src/ai-gateway/app/(dashboard)/dashboard/usage/components/ProviderLimits/utils.tsx(125,32): error TS7006: Parameter 'percentage' implicitly has an 'any' type.
src/ai-gateway/app/(dashboard)/dashboard/usage/components/ProviderLimits/utils.tsx(137,37): error TS7006: Parameter 'used' implicitly has an 'any' type.
src/ai-gateway/app/(dashboard)/dashboard/usage/components/ProviderLimits/utils.tsx(137,43): error TS7006: Parameter 'total' implicitly has an 'any' type.
src/ai-gateway/app/(dashboard)/dashboard/usage/components/ProviderLimits/utils.tsx(145,28): error TS7006: Parameter 'resetAt' implicitly has an 'any' type.
src/ai-gateway/app/(dashboard)/dashboard/usage/components/ProviderLimits/utils.tsx(185,32): error TS7006: Parameter 'provider' implicitly has an 'any' type.
src/ai-gateway/app/(dashboard)/dashboard/usage/components/ProviderLimits/utils.tsx(185,42): error TS7006: Parameter 'data' implicitly has an 'any' type.
src/ai-gateway/app/(dashboard)/dashboard/usage/components/ProviderLimits/utils.tsx(275,46): error TS7006: Parameter 'm' implicitly has an 'any' type.
src/ai-gateway/app/(dashboard)/dashboard/usage/components/ProviderLimits/utils.tsx(275,49): error TS7006: Parameter 'i' implicitly has an 'any' type.
src/ai-gateway/app/(dashboard)/dashboard/usage/components/ProviderLimits/utils.tsx(279,22): error TS2339: Property 'modelKey' does not exist on type '{ name: string; used: number; total: number; resetAt: null; message: any; }'.
src/ai-gateway/app/(dashboard)/dashboard/usage/components/ProviderLimits/utils.tsx(280,22): error TS2339: Property 'modelKey' does not exist on type '{ name: string; used: number; total: number; resetAt: null; message: any; }'.
src/ai-gateway/app/(dashboard)/dashboard/usage/components/ProviderLimits/utils.tsx(294,34): error TS7006: Parameter 'plan' implicitly has an 'any' type.
src/ai-gateway/app/(dashboard)/dashboard/usage/components/ProviderLimits/utils.tsx(294,40): error TS7006: Parameter 'providerSpecificData' implicitly has an 'any' type.
src/ai-gateway/app/(dashboard)/dashboard/usage/components/ProviderLimits/utils.tsx(317,35): error TS7006: Parameter 'plan' implicitly has an 'any' type.
src/ai-gateway/app/(dashboard)/dashboard/usage/components/RateLimitStatus.tsx(3,33): error TS2307: Cannot find module 'next-intl' or its corresponding type declarations.
src/ai-gateway/app/(dashboard)/dashboard/usage/components/RateLimitStatus.tsx(6,22): error TS2307: Cannot find module '@/shared/components' or its corresponding type declarations.
src/ai-gateway/app/(dashboard)/dashboard/usage/components/RateLimitStatus.tsx(30,21): error TS7006: Parameter 'ms' implicitly has an 'any' type.
src/ai-gateway/app/(dashboard)/dashboard/usage/components/RateLimitStatus.tsx(37,5): error TS17004: Cannot use JSX unless the '--jsx' flag is provided.
src/ai-gateway/app/(dashboard)/dashboard/usage/components/RateLimitStatus.tsx(39,7): error TS17004: Cannot use JSX unless the '--jsx' flag is provided.
src/ai-gateway/app/(dashboard)/dashboard/usage/components/RateLimitStatus.tsx(40,9): error TS17004: Cannot use JSX unless the '--jsx' flag is provided.
src/ai-gateway/app/(dashboard)/dashboard/usage/components/RateLimitStatus.tsx(41,11): error TS17004: Cannot use JSX unless the '--jsx' flag is provided.
src/ai-gateway/app/(dashboard)/dashboard/usage/components/RateLimitStatus.tsx(42,13): error TS17004: Cannot use JSX unless the '--jsx' flag is provided.
src/ai-gateway/app/(dashboard)/dashboard/usage/components/RateLimitStatus.tsx(46,11): error TS17004: Cannot use JSX unless the '--jsx' flag is provided.
src/ai-gateway/app/(dashboard)/dashboard/usage/components/RateLimitStatus.tsx(47,13): error TS17004: Cannot use JSX unless the '--jsx' flag is provided.
src/ai-gateway/app/(dashboard)/dashboard/usage/components/RateLimitStatus.tsx(48,13): error TS17004: Cannot use JSX unless the '--jsx' flag is provided.
src/ai-gateway/app/(dashboard)/dashboard/usage/components/RateLimitStatus.tsx(51,13): error TS17004: Cannot use JSX unless the '--jsx' flag is provided.
src/ai-gateway/app/(dashboard)/dashboard/usage/components/RateLimitStatus.tsx(58,11): error TS17004: Cannot use JSX unless the '--jsx' flag is provided.
src/ai-gateway/app/(dashboard)/dashboard/usage/components/RateLimitStatus.tsx(59,13): error TS17004: Cannot use JSX unless the '--jsx' flag is provided.
src/ai-gateway/app/(dashboard)/dashboard/usage/components/RateLimitStatus.tsx(65,13): error TS17004: Cannot use JSX unless the '--jsx' flag is provided.
src/ai-gateway/app/(dashboard)/dashboard/usage/components/RateLimitStatus.tsx(68,11): error TS17004: Cannot use JSX unless the '--jsx' flag is provided.
src/ai-gateway/app/(dashboard)/dashboard/usage/components/RateLimitStatus.tsx(70,15): error TS17004: Cannot use JSX unless the '--jsx' flag is provided.
src/ai-gateway/app/(dashboard)/dashboard/usage/components/RateLimitStatus.tsx(75,17): error TS17004: Cannot use JSX unless the '--jsx' flag is provided.
src/ai-gateway/app/(dashboard)/dashboard/usage/components/RateLimitStatus.tsx(76,19): error TS17004: Cannot use JSX unless the '--jsx' flag is provided.
src/ai-gateway/app/(dashboard)/dashboard/usage/components/RateLimitStatus.tsx(82,19): error TS17004: Cannot use JSX unless the '--jsx' flag is provided.
src/ai-gateway/app/(dashboard)/dashboard/usage/components/RateLimitStatus.tsx(83,21): error TS17004: Cannot use JSX unless the '--jsx' flag is provided.
src/ai-gateway/app/(dashboard)/dashboard/usage/components/RateLimitStatus.tsx(83,62): error TS2339: Property 'model' does not exist on type 'never'.
src/ai-gateway/app/(dashboard)/dashboard/usage/components/RateLimitStatus.tsx(84,21): error TS17004: Cannot use JSX unless the '--jsx' flag is provided.
src/ai-gateway/app/(dashboard)/dashboard/usage/components/RateLimitStatus.tsx(86,23): error TS17004: Cannot use JSX unless the '--jsx' flag is provided.
src/ai-gateway/app/(dashboard)/dashboard/usage/components/RateLimitStatus.tsx(87,31): error TS2339: Property 'accountId' does not exist on type 'never'.
src/ai-gateway/app/(dashboard)/dashboard/usage/components/RateLimitStatus.tsx(89,29): error TS2339: Property 'reason' does not exist on type 'never'.
src/ai-gateway/app/(dashboard)/dashboard/usage/components/RateLimitStatus.tsx(90,25): error TS17004: Cannot use JSX unless the '--jsx' flag is provided.
src/ai-gateway/app/(dashboard)/dashboard/usage/components/RateLimitStatus.tsx(92,33): error TS2339: Property 'reason' does not exist on type 'never'.
src/ai-gateway/app/(dashboard)/dashboard/usage/components/RateLimitStatus.tsx(98,17): error TS17004: Cannot use JSX unless the '--jsx' flag is provided.
src/ai-gateway/app/(dashboard)/dashboard/usage/components/RateLimitStatus.tsx(99,56): error TS2339: Property 'remainingMs' does not exist on type 'never'.
src/ai-gateway/app/(dashboard)/dashboard/usage/components/SessionsTab.tsx(3,33): error TS2307: Cannot find module 'next-intl' or its corresponding type declarations.
src/ai-gateway/app/(dashboard)/dashboard/usage/components/SessionsTab.tsx(6,22): error TS2307: Cannot find module '@/shared/components' or its corresponding type declarations.
src/ai-gateway/app/(dashboard)/dashboard/usage/components/SessionsTab.tsx(29,22): error TS7006: Parameter 'ms' implicitly has an 'any' type.
src/ai-gateway/app/(dashboard)/dashboard/usage/components/SessionsTab.tsx(36,5): error TS17004: Cannot use JSX unless the '--jsx' flag is provided.
src/ai-gateway/app/(dashboard)/dashboard/usage/components/SessionsTab.tsx(37,7): error TS17004: Cannot use JSX unless the '--jsx' flag is provided.
src/ai-gateway/app/(dashboard)/dashboard/usage/components/SessionsTab.tsx(38,9): error TS17004: Cannot use JSX unless the '--jsx' flag is provided.
src/ai-gateway/app/(dashboard)/dashboard/usage/components/SessionsTab.tsx(39,11): error TS17004: Cannot use JSX unless the '--jsx' flag is provided.
src/ai-gateway/app/(dashboard)/dashboard/usage/components/SessionsTab.tsx(43,9): error TS17004: Cannot use JSX unless the '--jsx' flag is provided.
src/ai-gateway/app/(dashboard)/dashboard/usage/components/SessionsTab.tsx(44,11): error TS17004: Cannot use JSX unless the '--jsx' flag is provided.
src/ai-gateway/app/(dashboard)/dashboard/usage/components/SessionsTab.tsx(45,11): error TS17004: Cannot use JSX unless the '--jsx' flag is provided.
src/ai-gateway/app/(dashboard)/dashboard/usage/components/SessionsTab.tsx(47,9): error TS17004: Cannot use JSX unless the '--jsx' flag is provided.
src/ai-gateway/app/(dashboard)/dashboard/usage/components/SessionsTab.tsx(48,11): error TS17004: Cannot use JSX unless the '--jsx' flag is provided.
src/ai-gateway/app/(dashboard)/dashboard/usage/components/SessionsTab.tsx(49,13): error TS17004: Cannot use JSX unless the '--jsx' flag is provided.
src/ai-gateway/app/(dashboard)/dashboard/usage/components/SessionsTab.tsx(50,13): error TS17004: Cannot use JSX unless the '--jsx' flag is provided.
src/ai-gateway/app/(dashboard)/dashboard/usage/components/SessionsTab.tsx(56,9): error TS17004: Cannot use JSX unless the '--jsx' flag is provided.
src/ai-gateway/app/(dashboard)/dashboard/usage/components/SessionsTab.tsx(57,11): error TS17004: Cannot use JSX unless the '--jsx' flag is provided.
src/ai-gateway/app/(dashboard)/dashboard/usage/components/SessionsTab.tsx(63,11): error TS17004: Cannot use JSX unless the '--jsx' flag is provided.
src/ai-gateway/app/(dashboard)/dashboard/usage/components/SessionsTab.tsx(64,11): error TS17004: Cannot use JSX unless the '--jsx' flag is provided.
src/ai-gateway/app/(dashboard)/dashboard/usage/components/SessionsTab.tsx(67,9): error TS17004: Cannot use JSX unless the '--jsx' flag is provided.
src/ai-gateway/app/(dashboard)/dashboard/usage/components/SessionsTab.tsx(68,11): error TS17004: Cannot use JSX unless the '--jsx' flag is provided.
src/ai-gateway/app/(dashboard)/dashboard/usage/components/SessionsTab.tsx(69,13): error TS17004: Cannot use JSX unless the '--jsx' flag is provided.
src/ai-gateway/app/(dashboard)/dashboard/usage/components/SessionsTab.tsx(70,15): error TS17004: Cannot use JSX unless the '--jsx' flag is provided.
src/ai-gateway/app/(dashboard)/dashboard/usage/components/SessionsTab.tsx(71,17): error TS17004: Cannot use JSX unless the '--jsx' flag is provided.
src/ai-gateway/app/(dashboard)/dashboard/usage/components/SessionsTab.tsx(74,17): error TS17004: Cannot use JSX unless the '--jsx' flag is provided.
src/ai-gateway/app/(dashboard)/dashboard/usage/components/SessionsTab.tsx(77,17): error TS17004: Cannot use JSX unless the '--jsx' flag is provided.
src/ai-gateway/app/(dashboard)/dashboard/usage/components/SessionsTab.tsx(80,17): error TS17004: Cannot use JSX unless the '--jsx' flag is provided.
src/ai-gateway/app/(dashboard)/dashboard/usage/components/SessionsTab.tsx(85,13): error TS17004: Cannot use JSX unless the '--jsx' flag is provided.
src/ai-gateway/app/(dashboard)/dashboard/usage/components/SessionsTab.tsx(87,17): error TS17004: Cannot use JSX unless the '--jsx' flag is provided.
src/ai-gateway/app/(dashboard)/dashboard/usage/components/SessionsTab.tsx(88,26): error TS2339: Property 'sessionId' does not exist on type 'never'.
src/ai-gateway/app/(dashboard)/dashboard/usage/components/SessionsTab.tsx(91,19): error TS17004: Cannot use JSX unless the '--jsx' flag is provided.
src/ai-gateway/app/(dashboard)/dashboard/usage/components/SessionsTab.tsx(92,21): error TS17004: Cannot use JSX unless the '--jsx' flag is provided.
src/ai-gateway/app/(dashboard)/dashboard/usage/components/SessionsTab.tsx(93,26): error TS2339: Property 'sessionId' does not exist on type 'never'.
src/ai-gateway/app/(dashboard)/dashboard/usage/components/SessionsTab.tsx(96,19): error TS17004: Cannot use JSX unless the '--jsx' flag is provided.
src/ai-gateway/app/(dashboard)/dashboard/usage/components/SessionsTab.tsx(96,89): error TS2339: Property 'ageMs' does not exist on type 'never'.
src/ai-gateway/app/(dashboard)/dashboard/usage/components/SessionsTab.tsx(97,19): error TS17004: Cannot use JSX unless the '--jsx' flag is provided.
src/ai-gateway/app/(dashboard)/dashboard/usage/components/SessionsTab.tsx(98,21): error TS17004: Cannot use JSX unless the '--jsx' flag is provided.
src/ai-gateway/app/(dashboard)/dashboard/usage/components/SessionsTab.tsx(98,69): error TS2339: Property 'requestCount' does not exist on type 'never'.
src/ai-gateway/app/(dashboard)/dashboard/usage/components/SessionsTab.tsx(100,19): error TS17004: Cannot use JSX unless the '--jsx' flag is provided.
src/ai-gateway/app/(dashboard)/dashboard/usage/components/SessionsTab.tsx(101,24): error TS2339: Property 'connectionId' does not exist on type 'never'.
src/ai-gateway/app/(dashboard)/dashboard/usage/components/SessionsTab.tsx(102,23): error TS17004: Cannot use JSX unless the '--jsx' flag is provided.
src/ai-gateway/app/(dashboard)/dashboard/usage/components/SessionsTab.tsx(103,28): error TS2339: Property 'connectionId' does not exist on type 'never'.
src/ai-gateway/app/(dashboard)/dashboard/usage/components/SessionsTab.tsx(106,23): error TS17004: Cannot use JSX unless the '--jsx' flag is provided.
src/ai-gateway/app/(dashboard)/layout.tsx(1,47): error TS7031: Binding element 'children' implicitly has an 'any' type.
src/ai-gateway/app/(zavorthControl)/control/ControlPageAssets.tsx(2,20): error TS2307: Cannot find module 'next/script' or its corresponding type declarations.
src/ai-gateway/app/(zavorthControl)/control/ControlPageAssets.tsx(35,5): error TS17004: Cannot use JSX unless the '--jsx' flag is provided.
src/ai-gateway/app/(zavorthControl)/control/ControlPageAssets.tsx(36,7): error TS17004: Cannot use JSX unless the '--jsx' flag is provided.
src/ai-gateway/app/(zavorthControl)/control/ControlPageAssets.tsx(37,7): error TS17004: Cannot use JSX unless the '--jsx' flag is provided.
src/ai-gateway/app/(zavorthControl)/control/ControlPageAssets.tsx(39,7): error TS17004: Cannot use JSX unless the '--jsx' flag is provided.
src/ai-gateway/app/(zavorthControl)/control/ControlPageAssets.tsx(43,7): error TS17004: Cannot use JSX unless the '--jsx' flag is provided.
src/ai-gateway/app/(zavorthControl)/control/ControlPageAssets.tsx(44,7): error TS17004: Cannot use JSX unless the '--jsx' flag is provided.
src/ai-gateway/app/(zavorthControl)/control/ControlPageAssets.tsx(45,7): error TS17004: Cannot use JSX unless the '--jsx' flag is provided.
src/ai-gateway/app/(zavorthControl)/control/ControlPageAssets.tsx(46,7): error TS17004: Cannot use JSX unless the '--jsx' flag is provided.
src/ai-gateway/app/(zavorthControl)/control/ControlPageAssets.tsx(47,7): error TS17004: Cannot use JSX unless the '--jsx' flag is provided.
src/ai-gateway/app/(zavorthControl)/control/ControlPageAssets.tsx(48,7): error TS17004: Cannot use JSX unless the '--jsx' flag is provided.
src/ai-gateway/app/(zavorthControl)/control/ControlPageAssets.tsx(49,7): error TS17004: Cannot use JSX unless the '--jsx' flag is provided.
src/ai-gateway/app/(zavorthControl)/control/ControlPageAssets.tsx(53,7): error TS17004: Cannot use JSX unless the '--jsx' flag is provided.
src/ai-gateway/app/(zavorthControl)/control/ControlPageAssets.tsx(54,7): error TS17004: Cannot use JSX unless the '--jsx' flag is provided.
src/ai-gateway/app/(zavorthControl)/control/ControlPageAssets.tsx(59,7): error TS17004: Cannot use JSX unless the '--jsx' flag is provided.
src/ai-gateway/app/(zavorthControl)/control/ControlPageAssets.tsx(60,7): error TS17004: Cannot use JSX unless the '--jsx' flag is provided.
src/ai-gateway/app/(zavorthControl)/control/ControlPageAssets.tsx(61,7): error TS17004: Cannot use JSX unless the '--jsx' flag is provided.
src/ai-gateway/app/(zavorthControl)/control/ControlPageAssets.tsx(62,7): error TS17004: Cannot use JSX unless the '--jsx' flag is provided.
src/ai-gateway/app/(zavorthControl)/control/ControlPageAssets.tsx(63,7): error TS17004: Cannot use JSX unless the '--jsx' flag is provided.
src/ai-gateway/app/(zavorthControl)/control/ControlPageAssets.tsx(64,7): error TS17004: Cannot use JSX unless the '--jsx' flag is provided.
src/ai-gateway/app/(zavorthControl)/control/ControlPageAssets.tsx(65,7): error TS17004: Cannot use JSX unless the '--jsx' flag is provided.
src/ai-gateway/app/(zavorthControl)/control/controlPageClient.view.tsx(2,44): error TS6142: Module './zavorth-control/components/ZavorthControlControlShell' was resolved to 'C:/TESTES DEV/1_PROJETOS_ATIVOS/Zavorth/src/ai-gateway/app/(zavorthControl)/control/zavorth-control/components/ZavorthControlControlShell.tsx', but '--jsx' is not set.
src/ai-gateway/app/(zavorthControl)/control/controlPageClient.view.tsx(5,10): error TS17004: Cannot use JSX unless the '--jsx' flag is provided.
src/ai-gateway/app/(zavorthControl)/control/LegacyDashboardShell.tsx(2,37): error TS6142: Module './TerminalInboxSector' was resolved to 'C:/TESTES DEV/1_PROJETOS_ATIVOS/Zavorth/src/ai-gateway/app/(zavorthControl)/control/TerminalInboxSector.tsx', but '--jsx' is not set.
src/ai-gateway/app/(zavorthControl)/control/LegacyDashboardShell.tsx(3,38): error TS6142: Module './ZavorthControlBridge' was resolved to 'C:/TESTES DEV/1_PROJETOS_ATIVOS/Zavorth/src/ai-gateway/app/(zavorthControl)/control/ZavorthControlBridge.tsx', but '--jsx' is not set.
src/ai-gateway/app/(zavorthControl)/control/LegacyDashboardShell.tsx(4,36): error TS6142: Module './ZavorthControlDock' was resolved to 'C:/TESTES DEV/1_PROJETOS_ATIVOS/Zavorth/src/ai-gateway/app/(zavorthControl)/control/ZavorthControlDock.tsx', but '--jsx' is not set.
src/ai-gateway/app/(zavorthControl)/control/LegacyDashboardShell.tsx(12,8): error TS6142: Module './ZavorthControlOverlays' was resolved to 'C:/TESTES DEV/1_PROJETOS_ATIVOS/Zavorth/src/ai-gateway/app/(zavorthControl)/control/ZavorthControlOverlays.tsx', but '--jsx' is not set.
src/ai-gateway/app/(zavorthControl)/control/LegacyDashboardShell.tsx(21,8): error TS6142: Module './ZavorthControlSurfaces' was resolved to 'C:/TESTES DEV/1_PROJETOS_ATIVOS/Zavorth/src/ai-gateway/app/(zavorthControl)/control/ZavorthControlSurfaces.tsx', but '--jsx' is not set.
src/ai-gateway/app/(zavorthControl)/control/LegacyDashboardShell.tsx(24,10): error TS17004: Cannot use JSX unless the '--jsx' flag is provided.
src/ai-gateway/app/(zavorthControl)/control/LegacyDashboardShell.tsx(33,5): error TS17004: Cannot use JSX unless the '--jsx' flag is provided.
src/ai-gateway/app/(zavorthControl)/control/LegacyDashboardShell.tsx(34,7): error TS17004: Cannot use JSX unless the '--jsx' flag is provided.
src/ai-gateway/app/(zavorthControl)/control/LegacyDashboardShell.tsx(35,7): error TS17004: Cannot use JSX unless the '--jsx' flag is provided.
src/ai-gateway/app/(zavorthControl)/control/LegacyDashboardShell.tsx(36,7): error TS17004: Cannot use JSX unless the '--jsx' flag is provided.
src/ai-gateway/app/(zavorthControl)/control/LegacyDashboardShell.tsx(37,7): error TS17004: Cannot use JSX unless the '--jsx' flag is provided.
src/ai-gateway/app/(zavorthControl)/control/LegacyDashboardShell.tsx(38,7): error TS17004: Cannot use JSX unless the '--jsx' flag is provided.
src/ai-gateway/app/(zavorthControl)/control/LegacyDashboardShell.tsx(39,7): error TS17004: Cannot use JSX unless the '--jsx' flag is provided.
src/ai-gateway/app/(zavorthControl)/control/LegacyDashboardShell.tsx(40,7): error TS17004: Cannot use JSX unless the '--jsx' flag is provided.
src/ai-gateway/app/(zavorthControl)/control/LegacyDashboardShell.tsx(41,7): error TS17004: Cannot use JSX unless the '--jsx' flag is provided.
src/ai-gateway/app/(zavorthControl)/control/LegacyDashboardShell.tsx(42,7): error TS17004: Cannot use JSX unless the '--jsx' flag is provided.
src/ai-gateway/app/(zavorthControl)/control/LegacyDashboardShell.tsx(43,7): error TS17004: Cannot use JSX unless the '--jsx' flag is provided.
src/ai-gateway/app/(zavorthControl)/control/LegacyDashboardShell.tsx(44,7): error TS17004: Cannot use JSX unless the '--jsx' flag is provided.
src/ai-gateway/app/(zavorthControl)/control/LegacyDashboardShell.tsx(45,7): error TS17004: Cannot use JSX unless the '--jsx' flag is provided.
src/ai-gateway/app/(zavorthControl)/control/LegacyDashboardShell.tsx(46,7): error TS17004: Cannot use JSX unless the '--jsx' flag is provided.
src/ai-gateway/app/(zavorthControl)/control/LegacyDashboardShell.tsx(47,7): error TS17004: Cannot use JSX unless the '--jsx' flag is provided.
src/ai-gateway/app/(zavorthControl)/control/LegacyDashboardShell.tsx(58,5): error TS17004: Cannot use JSX unless the '--jsx' flag is provided.
src/ai-gateway/app/(zavorthControl)/control/LegacyDashboardShell.tsx(59,7): error TS17004: Cannot use JSX unless the '--jsx' flag is provided.
src/ai-gateway/app/(zavorthControl)/control/LegacyDashboardShell.tsx(60,7): error TS17004: Cannot use JSX unless the '--jsx' flag is provided.
src/ai-gateway/app/(zavorthControl)/control/LegacyDashboardShell.tsx(61,7): error TS17004: Cannot use JSX unless the '--jsx' flag is provided.
src/ai-gateway/app/(zavorthControl)/control/LegacyDashboardShell.tsx(62,7): error TS17004: Cannot use JSX unless the '--jsx' flag is provided.
src/ai-gateway/app/(zavorthControl)/control/LegacyDashboardShell.tsx(63,7): error TS17004: Cannot use JSX unless the '--jsx' flag is provided.
src/ai-gateway/app/(zavorthControl)/control/LegacyDashboardShell.tsx(64,7): error TS17004: Cannot use JSX unless the '--jsx' flag is provided.
src/ai-gateway/app/(zavorthControl)/control/LegacyDashboardShell.tsx(65,7): error TS17004: Cannot use JSX unless the '--jsx' flag is provided.
src/ai-gateway/app/(zavorthControl)/control/LegacyDashboardShell.tsx(66,7): error TS17004: Cannot use JSX unless the '--jsx' flag is provided.
src/ai-gateway/app/(zavorthControl)/control/LegacyDashboardShell.tsx(75,5): error TS17004: Cannot use JSX unless the '--jsx' flag is provided.
src/ai-gateway/app/(zavorthControl)/control/LegacyDashboardShell.tsx(76,7): error TS17004: Cannot use JSX unless the '--jsx' flag is provided.
src/ai-gateway/app/(zavorthControl)/control/LegacyDashboardShell.tsx(77,9): error TS17004: Cannot use JSX unless the '--jsx' flag is provided.
src/ai-gateway/app/(zavorthControl)/control/LegacyDashboardShell.tsx(78,9): error TS17004: Cannot use JSX unless the '--jsx' flag is provided.
src/ai-gateway/app/(zavorthControl)/control/LegacyDashboardShell.tsx(79,11): error TS17004: Cannot use JSX unless the '--jsx' flag is provided.
src/ai-gateway/app/(zavorthControl)/control/LegacyDashboardShell.tsx(80,11): error TS17004: Cannot use JSX unless the '--jsx' flag is provided.
src/ai-gateway/app/(zavorthControl)/control/LegacyDashboardShell.tsx(82,9): error TS17004: Cannot use JSX unless the '--jsx' flag is provided.
src/ai-gateway/app/(zavorthControl)/control/LegacyDashboardShell.tsx(84,7): error TS17004: Cannot use JSX unless the '--jsx' flag is provided.
src/ai-gateway/app/(zavorthControl)/control/onboarding/page.tsx(6,5): error TS17004: Cannot use JSX unless the '--jsx' flag is provided.
src/ai-gateway/app/(zavorthControl)/control/onboarding/page.tsx(7,7): error TS17004: Cannot use JSX unless the '--jsx' flag is provided.
src/ai-gateway/app/(zavorthControl)/control/onboarding/page.tsx(8,7): error TS17004: Cannot use JSX unless the '--jsx' flag is provided.
src/ai-gateway/app/(zavorthControl)/control/page.tsx(1,55): error TS6142: Module './ControlPageAssets' was resolved to 'C:/TESTES DEV/1_PROJETOS_ATIVOS/Zavorth/src/ai-gateway/app/(zavorthControl)/control/ControlPageAssets.tsx', but '--jsx' is not set.
src/ai-gateway/app/(zavorthControl)/control/page.tsx(2,38): error TS6142: Module './LegacyDashboardShell' was resolved to 'C:/TESTES DEV/1_PROJETOS_ATIVOS/Zavorth/src/ai-gateway/app/(zavorthControl)/control/LegacyDashboardShell.tsx', but '--jsx' is not set.
src/ai-gateway/app/(zavorthControl)/control/page.tsx(12,5): error TS17004: Cannot use JSX unless the '--jsx' flag is provided.
src/ai-gateway/app/(zavorthControl)/control/page.tsx(13,7): error TS17004: Cannot use JSX unless the '--jsx' flag is provided.
src/ai-gateway/app/(zavorthControl)/control/page.tsx(14,7): error TS17004: Cannot use JSX unless the '--jsx' flag is provided.
src/ai-gateway/app/(zavorthControl)/control/page.tsx(15,7): error TS17004: Cannot use JSX unless the '--jsx' flag is provided.
src/ai-gateway/app/(zavorthControl)/control/providers/page.tsx(7,5): error TS17004: Cannot use JSX unless the '--jsx' flag is provided.
src/ai-gateway/app/(zavorthControl)/control/providers/page.tsx(8,7): error TS17004: Cannot use JSX unless the '--jsx' flag is provided.
src/ai-gateway/app/(zavorthControl)/control/providers/page.tsx(9,7): error TS17004: Cannot use JSX unless the '--jsx' flag is provided.
src/ai-gateway/app/(zavorthControl)/control/providers/page.tsx(10,7): error TS17004: Cannot use JSX unless the '--jsx' flag is provided.
src/ai-gateway/app/(zavorthControl)/control/TerminalInboxSector.tsx(5,5): error TS17004: Cannot use JSX unless the '--jsx' flag is provided.
src/ai-gateway/app/(zavorthControl)/control/TerminalInboxSector.tsx(6,7): error TS17004: Cannot use JSX unless the '--jsx' flag is provided.
src/ai-gateway/app/(zavorthControl)/control/TerminalInboxSector.tsx(7,7): error TS17004: Cannot use JSX unless the '--jsx' flag is provided.
src/ai-gateway/app/(zavorthControl)/control/TerminalInboxSector.tsx(14,5): error TS17004: Cannot use JSX unless the '--jsx' flag is provided.
src/ai-gateway/app/(zavorthControl)/control/TerminalInboxSector.tsx(15,7): error TS17004: Cannot use JSX unless the '--jsx' flag is provided.
src/ai-gateway/app/(zavorthControl)/control/TerminalInboxSector.tsx(16,7): error TS17004: Cannot use JSX unless the '--jsx' flag is provided.
src/ai-gateway/app/(zavorthControl)/control/TerminalInboxSector.tsx(23,5): error TS17004: Cannot use JSX unless the '--jsx' flag is provided.
src/ai-gateway/app/(zavorthControl)/control/TerminalInboxSector.tsx(24,7): error TS17004: Cannot use JSX unless the '--jsx' flag is provided.
src/ai-gateway/app/(zavorthControl)/control/TerminalInboxSector.tsx(25,7): error TS17004: Cannot use JSX unless the '--jsx' flag is provided.
src/ai-gateway/app/(zavorthControl)/control/TerminalInboxSector.tsx(26,7): error TS17004: Cannot use JSX unless the '--jsx' flag is provided.
src/ai-gateway/app/(zavorthControl)/control/TerminalInboxSector.tsx(33,5): error TS17004: Cannot use JSX unless the '--jsx' flag is provided.
src/ai-gateway/app/(zavorthControl)/control/TerminalInboxSector.tsx(34,7): error TS17004: Cannot use JSX unless the '--jsx' flag is provided.
src/ai-gateway/app/(zavorthControl)/control/TerminalInboxSector.tsx(35,7): error TS17004: Cannot use JSX unless the '--jsx' flag is provided.
src/ai-gateway/app/(zavorthControl)/control/TerminalInboxSector.tsx(36,7): error TS17004: Cannot use JSX unless the '--jsx' flag is provided.
src/ai-gateway/app/(zavorthControl)/control/TerminalInboxSector.tsx(37,7): error TS17004: Cannot use JSX unless the '--jsx' flag is provided.
src/ai-gateway/app/(zavorthControl)/control/TerminalInboxSector.tsx(44,5): error TS17004: Cannot use JSX unless the '--jsx' flag is provided.
src/ai-gateway/app/(zavorthControl)/control/TerminalInboxSector.tsx(45,7): error TS17004: Cannot use JSX unless the '--jsx' flag is provided.
src/ai-gateway/app/(zavorthControl)/control/TerminalInboxSector.tsx(46,7): error TS17004: Cannot use JSX unless the '--jsx' flag is provided.
src/ai-gateway/app/(zavorthControl)/control/TerminalInboxSector.tsx(53,5): error TS17004: Cannot use JSX unless the '--jsx' flag is provided.
src/ai-gateway/app/(zavorthControl)/control/TerminalInboxSector.tsx(54,7): error TS17004: Cannot use JSX unless the '--jsx' flag is provided.
src/ai-gateway/app/(zavorthControl)/control/TerminalInboxSector.tsx(55,7): error TS17004: Cannot use JSX unless the '--jsx' flag is provided.
src/ai-gateway/app/(zavorthControl)/control/TerminalInboxSector.tsx(56,7): error TS17004: Cannot use JSX unless the '--jsx' flag is provided.
src/ai-gateway/app/(zavorthControl)/control/TerminalInboxSector.tsx(57,7): error TS17004: Cannot use JSX unless the '--jsx' flag is provided.
src/ai-gateway/app/(zavorthControl)/control/TerminalInboxSector.tsx(64,5): error TS17004: Cannot use JSX unless the '--jsx' flag is provided.
src/ai-gateway/app/(zavorthControl)/control/TerminalInboxSector.tsx(65,7): error TS17004: Cannot use JSX unless the '--jsx' flag is provided.
src/ai-gateway/app/(zavorthControl)/control/TerminalInboxSector.tsx(66,7): error TS17004: Cannot use JSX unless the '--jsx' flag is provided.
src/ai-gateway/app/(zavorthControl)/control/TerminalInboxSector.tsx(73,5): error TS17004: Cannot use JSX unless the '--jsx' flag is provided.
src/ai-gateway/app/(zavorthControl)/control/TerminalInboxSector.tsx(74,7): error TS17004: Cannot use JSX unless the '--jsx' flag is provided.
src/ai-gateway/app/(zavorthControl)/control/TerminalInboxSector.tsx(75,7): error TS17004: Cannot use JSX unless the '--jsx' flag is provided.
src/ai-gateway/app/(zavorthControl)/control/TerminalInboxSector.tsx(76,7): error TS17004: Cannot use JSX unless the '--jsx' flag is provided.
src/ai-gateway/app/(zavorthControl)/control/TerminalInboxSector.tsx(83,5): error TS17004: Cannot use JSX unless the '--jsx' flag is provided.
src/ai-gateway/app/(zavorthControl)/control/TerminalInboxSector.tsx(84,7): error TS17004: Cannot use JSX unless the '--jsx' flag is provided.
src/ai-gateway/app/(zavorthControl)/control/TerminalInboxSector.tsx(85,7): error TS17004: Cannot use JSX unless the '--jsx' flag is provided.
src/ai-gateway/app/(zavorthControl)/control/TerminalInboxSector.tsx(92,5): error TS17004: Cannot use JSX unless the '--jsx' flag is provided.
src/ai-gateway/app/(zavorthControl)/control/TerminalInboxSector.tsx(93,7): error TS17004: Cannot use JSX unless the '--jsx' flag is provided.
src/ai-gateway/app/(zavorthControl)/control/TerminalInboxSector.tsx(94,7): error TS17004: Cannot use JSX unless the '--jsx' flag is provided.
src/ai-gateway/app/(zavorthControl)/control/TerminalInboxSector.tsx(95,7): error TS17004: Cannot use JSX unless the '--jsx' flag is provided.
src/ai-gateway/app/(zavorthControl)/control/TerminalInboxSector.tsx(102,5): error TS17004: Cannot use JSX unless the '--jsx' flag is provided.
src/ai-gateway/app/(zavorthControl)/control/TerminalInboxSector.tsx(103,7): error TS17004: Cannot use JSX unless the '--jsx' flag is provided.
src/ai-gateway/app/(zavorthControl)/control/TerminalInboxSector.tsx(110,5): error TS17004: Cannot use JSX unless the '--jsx' flag is provided.
src/ai-gateway/app/(zavorthControl)/control/TerminalInboxSector.tsx(111,7): error TS17004: Cannot use JSX unless the '--jsx' flag is provided.
src/ai-gateway/app/(zavorthControl)/control/TerminalInboxSector.tsx(112,7): error TS17004: Cannot use JSX unless the '--jsx' flag is provided.
src/ai-gateway/app/(zavorthControl)/control/TerminalInboxSector.tsx(119,5): error TS17004: Cannot use JSX unless the '--jsx' flag is provided.
src/ai-gateway/app/(zavorthControl)/control/TerminalInboxSector.tsx(120,7): error TS17004: Cannot use JSX unless the '--jsx' flag is provided.
src/ai-gateway/app/(zavorthControl)/control/TerminalInboxSector.tsx(121,7): error TS17004: Cannot use JSX unless the '--jsx' flag is provided.
src/ai-gateway/app/(zavorthControl)/control/TerminalInboxSector.tsx(122,7): error TS17004: Cannot use JSX unless the '--jsx' flag is provided.
src/ai-gateway/app/(zavorthControl)/control/TerminalInboxSector.tsx(129,5): error TS17004: Cannot use JSX unless the '--jsx' flag is provided.
src/ai-gateway/app/(zavorthControl)/control/TerminalInboxSector.tsx(130,7): error TS17004: Cannot use JSX unless the '--jsx' flag is provided.
src/ai-gateway/app/(zavorthControl)/control/TerminalInboxSector.tsx(131,7): error TS17004: Cannot use JSX unless the '--jsx' flag is provided.
src/ai-gateway/app/(zavorthControl)/control/TerminalInboxSector.tsx(132,7): error TS17004: Cannot use JSX unless the '--jsx' flag is provided.
src/ai-gateway/app/(zavorthControl)/control/TerminalInboxSector.tsx(133,7): error TS17004: Cannot use JSX unless the '--jsx' flag is provided.
src/ai-gateway/app/(zavorthControl)/control/TerminalInboxSector.tsx(134,7): error TS17004: Cannot use JSX unless the '--jsx' flag is provided.
src/ai-gateway/app/(zavorthControl)/control/TerminalInboxSector.tsx(135,7): error TS17004: Cannot use JSX unless the '--jsx' flag is provided.
src/ai-gateway/app/(zavorthControl)/control/TerminalInboxSector.tsx(142,5): error TS17004: Cannot use JSX unless the '--jsx' flag is provided.
src/ai-gateway/app/(zavorthControl)/control/TerminalInboxSector.tsx(143,7): error TS17004: Cannot use JSX unless the '--jsx' flag is provided.
src/ai-gateway/app/(zavorthControl)/control/TerminalInboxSector.tsx(144,7): error TS17004: Cannot use JSX unless the '--jsx' flag is provided.
src/ai-gateway/app/(zavorthControl)/control/TerminalInboxSector.tsx(151,5): error TS17004: Cannot use JSX unless the '--jsx' flag is provided.
src/ai-gateway/app/(zavorthControl)/control/TerminalInboxSector.tsx(152,7): error TS17004: Cannot use JSX unless the '--jsx' flag is provided.
src/ai-gateway/app/(zavorthControl)/control/TerminalInboxSector.tsx(153,7): error TS17004: Cannot use JSX unless the '--jsx' flag is provided.
src/ai-gateway/app/(zavorthControl)/control/TerminalInboxSector.tsx(166,5): error TS17004: Cannot use JSX unless the '--jsx' flag is provided.
src/ai-gateway/app/(zavorthControl)/control/TerminalInboxSector.tsx(167,7): error TS17004: Cannot use JSX unless the '--jsx' flag is provided.
src/ai-gateway/app/(zavorthControl)/control/TerminalInboxSector.tsx(168,7): error TS17004: Cannot use JSX unless the '--jsx' flag is provided.
src/ai-gateway/app/(zavorthControl)/control/TerminalInboxSector.tsx(182,5): error TS17004: Cannot use JSX unless the '--jsx' flag is provided.
src/ai-gateway/app/(zavorthControl)/control/TerminalInboxSector.tsx(293,5): error TS17004: Cannot use JSX unless the '--jsx' flag is provided.
src/ai-gateway/app/(zavorthControl)/control/TerminalInboxSector.tsx(300,7): error TS17004: Cannot use JSX unless the '--jsx' flag is provided.
src/ai-gateway/app/(zavorthControl)/control/TerminalInboxSector.tsx(301,9): error TS17004: Cannot use JSX unless the '--jsx' flag is provided.
src/ai-gateway/app/(zavorthControl)/control/TerminalInboxSector.tsx(303,7): error TS17004: Cannot use JSX unless the '--jsx' flag is provided.
src/ai-gateway/app/(zavorthControl)/control/TerminalInboxSector.tsx(304,9): error TS17004: Cannot use JSX unless the '--jsx' flag is provided.
src/ai-gateway/app/(zavorthControl)/control/TerminalInboxSector.tsx(305,9): error TS17004: Cannot use JSX unless the '--jsx' flag is provided.
src/ai-gateway/app/(zavorthControl)/control/TerminalInboxSector.tsx(338,5): error TS17004: Cannot use JSX unless the '--jsx' flag is provided.
src/ai-gateway/app/(zavorthControl)/control/TerminalInboxSector.tsx(345,7): error TS17004: Cannot use JSX unless the '--jsx' flag is provided.
src/ai-gateway/app/(zavorthControl)/control/TerminalInboxSector.tsx(346,9): error TS17004: Cannot use JSX unless the '--jsx' flag is provided.
src/ai-gateway/app/(zavorthControl)/control/TerminalInboxSector.tsx(348,7): error TS17004: Cannot use JSX unless the '--jsx' flag is provided.
src/ai-gateway/app/(zavorthControl)/control/TerminalInboxSector.tsx(349,9): error TS17004: Cannot use JSX unless the '--jsx' flag is provided.
src/ai-gateway/app/(zavorthControl)/control/TerminalInboxSector.tsx(350,9): error TS17004: Cannot use JSX unless the '--jsx' flag is provided.
src/ai-gateway/app/(zavorthControl)/control/TerminalInboxSector.tsx(463,5): error TS17004: Cannot use JSX unless the '--jsx' flag is provided.
src/ai-gateway/app/(zavorthControl)/control/TerminalInboxSector.tsx(470,7): error TS17004: Cannot use JSX unless the '--jsx' flag is provided.
src/ai-gateway/app/(zavorthControl)/control/TerminalInboxSector.tsx(471,9): error TS17004: Cannot use JSX unless the '--jsx' flag is provided.
src/ai-gateway/app/(zavorthControl)/control/TerminalInboxSector.tsx(473,7): error TS17004: Cannot use JSX unless the '--jsx' flag is provided.
src/ai-gateway/app/(zavorthControl)/control/TerminalInboxSector.tsx(474,9): error TS17004: Cannot use JSX unless the '--jsx' flag is provided.
src/ai-gateway/app/(zavorthControl)/control/TerminalInboxSector.tsx(475,9): error TS17004: Cannot use JSX unless the '--jsx' flag is provided.
src/ai-gateway/app/(zavorthControl)/control/TerminalInboxSector.tsx(476,9): error TS17004: Cannot use JSX unless the '--jsx' flag is provided.
src/ai-gateway/app/(zavorthControl)/control/TerminalInboxSector.tsx(478,7): error TS17004: Cannot use JSX unless the '--jsx' flag is provided.
src/ai-gateway/app/(zavorthControl)/control/TerminalInboxSector.tsx(485,5): error TS17004: Cannot use JSX unless the '--jsx' flag is provided.
src/ai-gateway/app/(zavorthControl)/control/TerminalInboxSector.tsx(486,7): error TS17004: Cannot use JSX unless the '--jsx' flag is provided.
src/ai-gateway/app/(zavorthControl)/control/TerminalInboxSector.tsx(487,9): error TS17004: Cannot use JSX unless the '--jsx' flag is provided.
src/ai-gateway/app/(zavorthControl)/control/TerminalInboxSector.tsx(488,11): error TS17004: Cannot use JSX unless the '--jsx' flag is provided.
src/ai-gateway/app/(zavorthControl)/control/TerminalInboxSector.tsx(489,11): error TS17004: Cannot use JSX unless the '--jsx' flag is provided.
src/ai-gateway/app/(zavorthControl)/control/TerminalInboxSector.tsx(491,9): error TS17004: Cannot use JSX unless the '--jsx' flag is provided.
src/ai-gateway/app/(zavorthControl)/control/TerminalInboxSector.tsx(494,7): error TS17004: Cannot use JSX unless the '--jsx' flag is provided.
src/ai-gateway/app/(zavorthControl)/control/TerminalInboxSector.tsx(496,11): error TS17004: Cannot use JSX unless the '--jsx' flag is provided.
src/ai-gateway/app/(zavorthControl)/control/TerminalInboxSector.tsx(500,7): error TS17004: Cannot use JSX unless the '--jsx' flag is provided.
src/ai-gateway/app/(zavorthControl)/control/TerminalInboxSector.tsx(502,11): error TS17004: Cannot use JSX unless the '--jsx' flag is provided.
src/ai-gateway/app/(zavorthControl)/control/TerminalInboxSector.tsx(509,13): error TS17004: Cannot use JSX unless the '--jsx' flag is provided.
src/ai-gateway/app/(zavorthControl)/control/TerminalInboxSector.tsx(510,13): error TS17004: Cannot use JSX unless the '--jsx' flag is provided.
src/ai-gateway/app/(zavorthControl)/control/TerminalInboxSector.tsx(515,7): error TS17004: Cannot use JSX unless the '--jsx' flag is provided.
src/ai-gateway/app/(zavorthControl)/control/TerminalInboxSector.tsx(516,9): error TS17004: Cannot use JSX unless the '--jsx' flag is provided.
src/ai-gateway/app/(zavorthControl)/control/TerminalInboxSector.tsx(517,11): error TS17004: Cannot use JSX unless the '--jsx' flag is provided.
src/ai-gateway/app/(zavorthControl)/control/TerminalInboxSector.tsx(518,11): error TS17004: Cannot use JSX unless the '--jsx' flag is provided.
src/ai-gateway/app/(zavorthControl)/control/TerminalInboxSector.tsx(520,9): error TS17004: Cannot use JSX unless the '--jsx' flag is provided.
src/ai-gateway/app/(zavorthControl)/control/TerminalInboxSector.tsx(522,13): error TS17004: Cannot use JSX unless the '--jsx' flag is provided.
src/ai-gateway/app/(zavorthControl)/control/TerminalInboxSector.tsx(528,15): error TS17004: Cannot use JSX unless the '--jsx' flag is provided.
src/ai-gateway/app/(zavorthControl)/control/TerminalInboxSector.tsx(529,15): error TS17004: Cannot use JSX unless the '--jsx' flag is provided.
src/ai-gateway/app/(zavorthControl)/control/TerminalInboxSector.tsx(530,15): error TS17004: Cannot use JSX unless the '--jsx' flag is provided.
src/ai-gateway/app/(zavorthControl)/control/TerminalInboxSector.tsx(536,7): error TS17004: Cannot use JSX unless the '--jsx' flag is provided.
src/ai-gateway/app/(zavorthControl)/control/TerminalInboxSector.tsx(538,11): error TS17004: Cannot use JSX unless the '--jsx' flag is provided.
src/ai-gateway/app/(zavorthControl)/control/TerminalInboxSector.tsx(539,13): error TS17004: Cannot use JSX unless the '--jsx' flag is provided.
src/ai-gateway/app/(zavorthControl)/control/TerminalInboxSector.tsx(540,13): error TS17004: Cannot use JSX unless the '--jsx' flag is provided.
src/ai-gateway/app/(zavorthControl)/control/TerminalInboxSector.tsx(541,13): error TS17004: Cannot use JSX unless the '--jsx' flag is provided.
src/ai-gateway/app/(zavorthControl)/control/TerminalInboxSector.tsx(542,13): error TS17004: Cannot use JSX unless the '--jsx' flag is provided.
src/ai-gateway/app/(zavorthControl)/control/TerminalInboxSector.tsx(544,17): error TS17004: Cannot use JSX unless the '--jsx' flag is provided.
src/ai-gateway/app/(zavorthControl)/control/TerminalInboxSector.tsx(557,7): error TS17004: Cannot use JSX unless the '--jsx' flag is provided.
src/ai-gateway/app/(zavorthControl)/control/TerminalInboxSector.tsx(559,11): error TS17004: Cannot use JSX unless the '--jsx' flag is provided.
src/ai-gateway/app/(zavorthControl)/control/TerminalInboxSector.tsx(565,13): error TS17004: Cannot use JSX unless the '--jsx' flag is provided.
src/ai-gateway/app/(zavorthControl)/control/TerminalInboxSector.tsx(566,13): error TS17004: Cannot use JSX unless the '--jsx' flag is provided.
src/ai-gateway/app/(zavorthControl)/control/TerminalInboxSector.tsx(567,13): error TS17004: Cannot use JSX unless the '--jsx' flag is provided.
src/ai-gateway/app/(zavorthControl)/control/TerminalInboxSector.tsx(577,5): error TS17004: Cannot use JSX unless the '--jsx' flag is provided.
src/ai-gateway/app/(zavorthControl)/control/TerminalInboxSector.tsx(578,7): error TS17004: Cannot use JSX unless the '--jsx' flag is provided.
src/ai-gateway/app/(zavorthControl)/control/TerminalInboxSector.tsx(579,9): error TS17004: Cannot use JSX unless the '--jsx' flag is provided.
src/ai-gateway/app/(zavorthControl)/control/TerminalInboxSector.tsx(580,11): error TS17004: Cannot use JSX unless the '--jsx' flag is provided.
src/ai-gateway/app/(zavorthControl)/control/TerminalInboxSector.tsx(581,13): error TS17004: Cannot use JSX unless the '--jsx' flag is provided.
src/ai-gateway/app/(zavorthControl)/control/TerminalInboxSector.tsx(582,13): error TS17004: Cannot use JSX unless the '--jsx' flag is provided.
src/ai-gateway/app/(zavorthControl)/control/TerminalInboxSector.tsx(583,15): error TS17004: Cannot use JSX unless the '--jsx' flag is provided.
src/ai-gateway/app/(zavorthControl)/control/TerminalInboxSector.tsx(584,17): error TS17004: Cannot use JSX unless the '--jsx' flag is provided.
src/ai-gateway/app/(zavorthControl)/control/TerminalInboxSector.tsx(585,17): error TS17004: Cannot use JSX unless the '--jsx' flag is provided.
src/ai-gateway/app/(zavorthControl)/control/TerminalInboxSector.tsx(586,17): error TS17004: Cannot use JSX unless the '--jsx' flag is provided.
src/ai-gateway/app/(zavorthControl)/control/TerminalInboxSector.tsx(588,15): error TS17004: Cannot use JSX unless the '--jsx' flag is provided.
src/ai-gateway/app/(zavorthControl)/control/TerminalInboxSector.tsx(589,17): error TS17004: Cannot use JSX unless the '--jsx' flag is provided.
src/ai-gateway/app/(zavorthControl)/control/TerminalInboxSector.tsx(595,19): error TS17004: Cannot use JSX unless the '--jsx' flag is provided.
src/ai-gateway/app/(zavorthControl)/control/TerminalInboxSector.tsx(597,17): error TS17004: Cannot use JSX unless the '--jsx' flag is provided.
src/ai-gateway/app/(zavorthControl)/control/TerminalInboxSector.tsx(603,19): error TS17004: Cannot use JSX unless the '--jsx' flag is provided.
src/ai-gateway/app/(zavorthControl)/control/TerminalInboxSector.tsx(605,17): error TS17004: Cannot use JSX unless the '--jsx' flag is provided.
src/ai-gateway/app/(zavorthControl)/control/TerminalInboxSector.tsx(611,19): error TS17004: Cannot use JSX unless the '--jsx' flag is provided.
src/ai-gateway/app/(zavorthControl)/control/TerminalInboxSector.tsx(616,17): error TS17004: Cannot use JSX unless the '--jsx' flag is provided.
src/ai-gateway/app/(zavorthControl)/control/TerminalInboxSector.tsx(617,19): error TS17004: Cannot use JSX unless the '--jsx' flag is provided.
src/ai-gateway/app/(zavorthControl)/control/TerminalInboxSector.tsx(618,21): error TS17004: Cannot use JSX unless the '--jsx' flag is provided.
src/ai-gateway/app/(zavorthControl)/control/TerminalInboxSector.tsx(619,21): error TS17004: Cannot use JSX unless the '--jsx' flag is provided.
src/ai-gateway/app/(zavorthControl)/control/TerminalInboxSector.tsx(620,21): error TS17004: Cannot use JSX unless the '--jsx' flag is provided.
src/ai-gateway/app/(zavorthControl)/control/TerminalInboxSector.tsx(622,19): error TS17004: Cannot use JSX unless the '--jsx' flag is provided.
src/ai-gateway/app/(zavorthControl)/control/TerminalInboxSector.tsx(623,21): error TS17004: Cannot use JSX unless the '--jsx' flag is provided.
src/ai-gateway/app/(zavorthControl)/control/TerminalInboxSector.tsx(624,21): error TS17004: Cannot use JSX unless the '--jsx' flag is provided.
src/ai-gateway/app/(zavorthControl)/control/TerminalInboxSector.tsx(626,19): error TS17004: Cannot use JSX unless the '--jsx' flag is provided.
src/ai-gateway/app/(zavorthControl)/control/TerminalInboxSector.tsx(628,23): error TS17004: Cannot use JSX unless the '--jsx' flag is provided.
src/ai-gateway/app/(zavorthControl)/control/TerminalInboxSector.tsx(631,19): error TS17004: Cannot use JSX unless the '--jsx' flag is provided.
src/ai-gateway/app/(zavorthControl)/control/TerminalInboxSector.tsx(632,21): error TS17004: Cannot use JSX unless the '--jsx' flag is provided.
src/ai-gateway/app/(zavorthControl)/control/TerminalInboxSector.tsx(633,21): error TS17004: Cannot use JSX unless the '--jsx' flag is provided.
src/ai-gateway/app/(zavorthControl)/control/TerminalInboxSector.tsx(634,22): error TS17004: Cannot use JSX unless the '--jsx' flag is provided.
src/ai-gateway/app/(zavorthControl)/control/TerminalInboxSector.tsx(638,20): error TS17004: Cannot use JSX unless the '--jsx' flag is provided.
src/ai-gateway/app/(zavorthControl)/control/TerminalInboxSector.tsx(640,24): error TS17004: Cannot use JSX unless the '--jsx' flag is provided.
src/ai-gateway/app/(zavorthControl)/control/TerminalInboxSector.tsx(643,21): error TS17004: Cannot use JSX unless the '--jsx' flag is provided.
src/ai-gateway/app/(zavorthControl)/control/TerminalInboxSector.tsx(646,13): error TS17004: Cannot use JSX unless the '--jsx' flag is provided.
src/ai-gateway/app/(zavorthControl)/control/TerminalInboxSector.tsx(647,15): error TS17004: Cannot use JSX unless the '--jsx' flag is provided.
src/ai-gateway/app/(zavorthControl)/control/TerminalInboxSector.tsx(648,17): error TS17004: Cannot use JSX unless the '--jsx' flag is provided.
src/ai-gateway/app/(zavorthControl)/control/TerminalInboxSector.tsx(649,17): error TS17004: Cannot use JSX unless the '--jsx' flag is provided.
src/ai-gateway/app/(zavorthControl)/control/TerminalInboxSector.tsx(650,17): error TS17004: Cannot use JSX unless the '--jsx' flag is provided.
src/ai-gateway/app/(zavorthControl)/control/TerminalInboxSector.tsx(652,15): error TS17004: Cannot use JSX unless the '--jsx' flag is provided.
src/ai-gateway/app/(zavorthControl)/control/TerminalInboxSector.tsx(655,13): error TS17004: Cannot use JSX unless the '--jsx' flag is provided.
src/ai-gateway/app/(zavorthControl)/control/TerminalInboxSector.tsx(656,15): error TS17004: Cannot use JSX unless the '--jsx' flag is provided.
src/ai-gateway/app/(zavorthControl)/control/TerminalInboxSector.tsx(658,13): error TS17004: Cannot use JSX unless the '--jsx' flag is provided.
src/ai-gateway/app/(zavorthControl)/control/TerminalInboxSector.tsx(659,15): error TS17004: Cannot use JSX unless the '--jsx' flag is provided.
src/ai-gateway/app/(zavorthControl)/control/TerminalInboxSector.tsx(660,17): error TS17004: Cannot use JSX unless the '--jsx' flag is provided.
src/ai-gateway/app/(zavorthControl)/control/TerminalInboxSector.tsx(665,19): error TS17004: Cannot use JSX unless the '--jsx' flag is provided.
src/ai-gateway/app/(zavorthControl)/control/TerminalInboxSector.tsx(666,19): error TS17004: Cannot use JSX unless the '--jsx' flag is provided.
src/ai-gateway/app/(zavorthControl)/control/TerminalInboxSector.tsx(668,17): error TS17004: Cannot use JSX unless the '--jsx' flag is provided.
src/ai-gateway/app/(zavorthControl)/control/TerminalInboxSector.tsx(673,19): error TS17004: Cannot use JSX unless the '--jsx' flag is provided.
src/ai-gateway/app/(zavorthControl)/control/TerminalInboxSector.tsx(674,19): error TS17004: Cannot use JSX unless the '--jsx' flag is provided.
src/ai-gateway/app/(zavorthControl)/control/TerminalInboxSector.tsx(676,17): error TS17004: Cannot use JSX unless the '--jsx' flag is provided.
src/ai-gateway/app/(zavorthControl)/control/TerminalInboxSector.tsx(677,19): error TS17004: Cannot use JSX unless the '--jsx' flag is provided.
src/ai-gateway/app/(zavorthControl)/control/TerminalInboxSector.tsx(678,19): error TS17004: Cannot use JSX unless the '--jsx' flag is provided.
src/ai-gateway/app/(zavorthControl)/control/TerminalInboxSector.tsx(680,17): error TS17004: Cannot use JSX unless the '--jsx' flag is provided.
src/ai-gateway/app/(zavorthControl)/control/TerminalInboxSector.tsx(681,19): error TS17004: Cannot use JSX unless the '--jsx' flag is provided.
src/ai-gateway/app/(zavorthControl)/control/TerminalInboxSector.tsx(682,19): error TS17004: Cannot use JSX unless the '--jsx' flag is provided.
src/ai-gateway/app/(zavorthControl)/control/TerminalInboxSector.tsx(685,15): error TS17004: Cannot use JSX unless the '--jsx' flag is provided.
src/ai-gateway/app/(zavorthControl)/control/TerminalInboxSector.tsx(686,17): error TS17004: Cannot use JSX unless the '--jsx' flag is provided.
src/ai-gateway/app/(zavorthControl)/control/TerminalInboxSector.tsx(687,19): error TS17004: Cannot use JSX unless the '--jsx' flag is provided.
src/ai-gateway/app/(zavorthControl)/control/TerminalInboxSector.tsx(688,21): error TS17004: Cannot use JSX unless the '--jsx' flag is provided.
src/ai-gateway/app/(zavorthControl)/control/TerminalInboxSector.tsx(689,21): error TS17004: Cannot use JSX unless the '--jsx' flag is provided.
src/ai-gateway/app/(zavorthControl)/control/TerminalInboxSector.tsx(690,23): error TS17004: Cannot use JSX unless the '--jsx' flag is provided.
src/ai-gateway/app/(zavorthControl)/control/TerminalInboxSector.tsx(691,23): error TS17004: Cannot use JSX unless the '--jsx' flag is provided.
src/ai-gateway/app/(zavorthControl)/control/TerminalInboxSector.tsx(692,23): error TS17004: Cannot use JSX unless the '--jsx' flag is provided.
src/ai-gateway/app/(zavorthControl)/control/TerminalInboxSector.tsx(695,19): error TS17004: Cannot use JSX unless the '--jsx' flag is provided.
src/ai-gateway/app/(zavorthControl)/control/TerminalInboxSector.tsx(696,21): error TS17004: Cannot use JSX unless the '--jsx' flag is provided.
src/ai-gateway/app/(zavorthControl)/control/TerminalInboxSector.tsx(697,21): error TS17004: Cannot use JSX unless the '--jsx' flag is provided.
src/ai-gateway/app/(zavorthControl)/control/TerminalInboxSector.tsx(698,23): error TS17004: Cannot use JSX unless the '--jsx' flag is provided.
src/ai-gateway/app/(zavorthControl)/control/TerminalInboxSector.tsx(699,23): error TS17004: Cannot use JSX unless the '--jsx' flag is provided.
src/ai-gateway/app/(zavorthControl)/control/TerminalInboxSector.tsx(700,23): error TS17004: Cannot use JSX unless the '--jsx' flag is provided.
src/ai-gateway/app/(zavorthControl)/control/TerminalInboxSector.tsx(703,19): error TS17004: Cannot use JSX unless the '--jsx' flag is provided.
src/ai-gateway/app/(zavorthControl)/control/TerminalInboxSector.tsx(704,21): error TS17004: Cannot use JSX unless the '--jsx' flag is provided.
src/ai-gateway/app/(zavorthControl)/control/TerminalInboxSector.tsx(705,21): error TS17004: Cannot use JSX unless the '--jsx' flag is provided.
src/ai-gateway/app/(zavorthControl)/control/TerminalInboxSector.tsx(706,23): error TS17004: Cannot use JSX unless the '--jsx' flag is provided.
src/ai-gateway/app/(zavorthControl)/control/TerminalInboxSector.tsx(707,23): error TS17004: Cannot use JSX unless the '--jsx' flag is provided.
src/ai-gateway/app/(zavorthControl)/control/TerminalInboxSector.tsx(708,23): error TS17004: Cannot use JSX unless the '--jsx' flag is provided.
src/ai-gateway/app/(zavorthControl)/control/TerminalInboxSector.tsx(711,19): error TS17004: Cannot use JSX unless the '--jsx' flag is provided.
src/ai-gateway/app/(zavorthControl)/control/TerminalInboxSector.tsx(712,21): error TS17004: Cannot use JSX unless the '--jsx' flag is provided.
src/ai-gateway/app/(zavorthControl)/control/TerminalInboxSector.tsx(713,21): error TS17004: Cannot use JSX unless the '--jsx' flag is provided.
src/ai-gateway/app/(zavorthControl)/control/TerminalInboxSector.tsx(714,23): error TS17004: Cannot use JSX unless the '--jsx' flag is provided.
src/ai-gateway/app/(zavorthControl)/control/TerminalInboxSector.tsx(717,23): error TS17004: Cannot use JSX unless the '--jsx' flag is provided.
src/ai-gateway/app/(zavorthControl)/control/TerminalInboxSector.tsx(720,23): error TS17004: Cannot use JSX unless the '--jsx' flag is provided.
src/ai-gateway/app/(zavorthControl)/control/TerminalInboxSector.tsx(726,17): error TS17004: Cannot use JSX unless the '--jsx' flag is provided.
src/ai-gateway/app/(zavorthControl)/control/TerminalInboxSector.tsx(727,17): error TS17004: Cannot use JSX unless the '--jsx' flag is provided.
src/ai-gateway/app/(zavorthControl)/control/TerminalInboxSector.tsx(728,19): error TS17004: Cannot use JSX unless the '--jsx' flag is provided.
src/ai-gateway/app/(zavorthControl)/control/TerminalInboxSector.tsx(729,21): error TS17004: Cannot use JSX unless the '--jsx' flag is provided.
src/ai-gateway/app/(zavorthControl)/control/TerminalInboxSector.tsx(736,23): error TS17004: Cannot use JSX unless the '--jsx' flag is provided.
src/ai-gateway/app/(zavorthControl)/control/TerminalInboxSector.tsx(737,23): error TS17004: Cannot use JSX unless the '--jsx' flag is provided.
src/ai-gateway/app/(zavorthControl)/control/TerminalInboxSector.tsx(738,23): error TS17004: Cannot use JSX unless the '--jsx' flag is provided.
src/ai-gateway/app/(zavorthControl)/control/TerminalInboxSector.tsx(742,21): error TS17004: Cannot use JSX unless the '--jsx' flag is provided.
src/ai-gateway/app/(zavorthControl)/control/TerminalInboxSector.tsx(749,23): error TS17004: Cannot use JSX unless the '--jsx' flag is provided.
src/ai-gateway/app/(zavorthControl)/control/TerminalInboxSector.tsx(750,23): error TS17004: Cannot use JSX unless the '--jsx' flag is provided.
src/ai-gateway/app/(zavorthControl)/control/TerminalInboxSector.tsx(751,23): error TS17004: Cannot use JSX unless the '--jsx' flag is provided.
src/ai-gateway/app/(zavorthControl)/control/TerminalInboxSector.tsx(755,21): error TS17004: Cannot use JSX unless the '--jsx' flag is provided.
src/ai-gateway/app/(zavorthControl)/control/TerminalInboxSector.tsx(764,23): error TS17004: Cannot use JSX unless the '--jsx' flag is provided.
src/ai-gateway/app/(zavorthControl)/control/TerminalInboxSector.tsx(765,23): error TS17004: Cannot use JSX unless the '--jsx' flag is provided.
src/ai-gateway/app/(zavorthControl)/control/TerminalInboxSector.tsx(769,21): error TS17004: Cannot use JSX unless the '--jsx' flag is provided.
src/ai-gateway/app/(zavorthControl)/control/TerminalInboxSector.tsx(778,23): error TS17004: Cannot use JSX unless the '--jsx' flag is provided.
src/ai-gateway/app/(zavorthControl)/control/TerminalInboxSector.tsx(779,23): error TS17004: Cannot use JSX unless the '--jsx' flag is provided.
src/ai-gateway/app/(zavorthControl)/control/TerminalInboxSector.tsx(783,21): error TS17004: Cannot use JSX unless the '--jsx' flag is provided.
src/ai-gateway/app/(zavorthControl)/control/TerminalInboxSector.tsx(792,23): error TS17004: Cannot use JSX unless the '--jsx' flag is provided.
src/ai-gateway/app/(zavorthControl)/control/TerminalInboxSector.tsx(795,21): error TS17004: Cannot use JSX unless the '--jsx' flag is provided.
src/ai-gateway/app/(zavorthControl)/control/TerminalInboxSector.tsx(796,23): error TS17004: Cannot use JSX unless the '--jsx' flag is provided.
src/ai-gateway/app/(zavorthControl)/control/TerminalInboxSector.tsx(799,23): error TS17004: Cannot use JSX unless the '--jsx' flag is provided.
src/ai-gateway/app/(zavorthControl)/control/TerminalInboxSector.tsx(802,23): error TS17004: Cannot use JSX unless the '--jsx' flag is provided.
src/ai-gateway/app/(zavorthControl)/control/TerminalInboxSector.tsx(809,23): error TS17004: Cannot use JSX unless the '--jsx' flag is provided.
src/ai-gateway/app/(zavorthControl)/control/TerminalInboxSector.tsx(810,23): error TS17004: Cannot use JSX unless the '--jsx' flag is provided.
src/ai-gateway/app/(zavorthControl)/control/TerminalInboxSector.tsx(812,21): error TS17004: Cannot use JSX unless the '--jsx' flag is provided.
src/ai-gateway/app/(zavorthControl)/control/TerminalInboxSector.tsx(819,23): error TS17004: Cannot use JSX unless the '--jsx' flag is provided.
src/ai-gateway/app/(zavorthControl)/control/TerminalInboxSector.tsx(820,23): error TS17004: Cannot use JSX unless the '--jsx' flag is provided.
src/ai-gateway/app/(zavorthControl)/control/TerminalInboxSector.tsx(822,23): error TS17004: Cannot use JSX unless the '--jsx' flag is provided.
src/ai-gateway/app/(zavorthControl)/control/TerminalInboxSector.tsx(829,25): error TS17004: Cannot use JSX unless the '--jsx' flag is provided.
src/ai-gateway/app/(zavorthControl)/control/TerminalInboxSector.tsx(830,25): error TS17004: Cannot use JSX unless the '--jsx' flag is provided.
src/ai-gateway/app/(zavorthControl)/control/TerminalInboxSector.tsx(832,23): error TS17004: Cannot use JSX unless the '--jsx' flag is provided.
src/ai-gateway/app/(zavorthControl)/control/TerminalInboxSector.tsx(840,25): error TS17004: Cannot use JSX unless the '--jsx' flag is provided.
src/ai-gateway/app/(zavorthControl)/control/TerminalInboxSector.tsx(841,25): error TS17004: Cannot use JSX unless the '--jsx' flag is provided.
src/ai-gateway/app/(zavorthControl)/control/TerminalInboxSector.tsx(850,9): error TS17004: Cannot use JSX unless the '--jsx' flag is provided.
src/ai-gateway/app/(zavorthControl)/control/TerminalInboxSector.tsx(851,11): error TS17004: Cannot use JSX unless the '--jsx' flag is provided.
src/ai-gateway/app/(zavorthControl)/control/TerminalInboxSector.tsx(852,13): error TS17004: Cannot use JSX unless the '--jsx' flag is provided.
src/ai-gateway/app/(zavorthControl)/control/TerminalInboxSector.tsx(855,13): error TS17004: Cannot use JSX unless the '--jsx' flag is provided.
src/ai-gateway/app/(zavorthControl)/control/TerminalInboxSector.tsx(856,15): error TS17004: Cannot use JSX unless the '--jsx' flag is provided.
src/ai-gateway/app/(zavorthControl)/control/TerminalInboxSector.tsx(859,11): error TS17004: Cannot use JSX unless the '--jsx' flag is provided.
src/ai-gateway/app/(zavorthControl)/control/zavorth-control/adapters/zavorthControlZavorthControlAdapter.ts(416,5): error TS2322: Type '{ id: string; kind: string; source: string; detail: string; status: string; }[]' is not assignable to type '{ id: string; kind: string; source: string; detail: string; status: "missing" | "ready" | "needs-approval"; }[]'.
  Type '{ id: string; kind: string; source: string; detail: string; status: string; }' is not assignable to type '{ id: string; kind: string; source: string; detail: string; status: "missing" | "ready" | "needs-approval"; }'.
    Types of property 'status' are incompatible.
      Type 'string' is not assignable to type '"missing" | "ready" | "needs-approval"'.
src/ai-gateway/app/(zavorthControl)/control/zavorth-control/adapters/zavorthControlZavorthControlAdapter.ts(698,70): error TS2339: Property 'kind' does not exist on type '{ chipLabel: any; capability: any; }'.
src/ai-gateway/app/(zavorthControl)/control/zavorth-control/adapters/zavorthControlZavorthControlAdapter.ts(699,69): error TS2339: Property 'kind' does not exist on type '{ chipLabel: any; capability: any; }'.
src/ai-gateway/app/(zavorthControl)/control/zavorth-control/adapters/zavorthControlZavorthControlAdapter.ts(700,72): error TS2339: Property 'kind' does not exist on type '{ chipLabel: any; capability: any; }'.
src/ai-gateway/app/(zavorthControl)/control/zavorth-control/adapters/zavorthControlZavorthControlAdapter.ts(701,66): error TS2339: Property 'status' does not exist on type '{ chipLabel: any; capability: any; }'.
src/ai-gateway/app/(zavorthControl)/control/zavorth-control/adapters/zavorthControlZavorthControlAdapter.ts(701,103): error TS2339: Property 'kind' does not exist on type '{ chipLabel: any; capability: any; }'.
src/ai-gateway/app/(zavorthControl)/control/zavorth-control/adapters/zavorthControlZavorthControlRunObservatory.ts(93,5): error TS2739: Type 'AnyRecord' is missing the following properties from type '{ [key: string]: unknown; runIds: string[]; traceIds: string[]; sessionIds: string[]; statuses: ZavorthControlRunObservatoryStatusIndex[]; }': runIds, traceIds, sessionIds, statuses
src/ai-gateway/app/(zavorthControl)/control/zavorth-control/components/ZavorthControlAdvancedInteractionPanel.tsx(8,10): error TS17004: Cannot use JSX unless the '--jsx' flag is provided.
src/ai-gateway/app/(zavorthControl)/control/zavorth-control/components/ZavorthControlAdvancedInteractionPanel.tsx(12,10): error TS17004: Cannot use JSX unless the '--jsx' flag is provided.
src/ai-gateway/app/(zavorthControl)/control/zavorth-control/components/ZavorthControlAdvancedInteractionPanel.tsx(16,10): error TS17004: Cannot use JSX unless the '--jsx' flag is provided.
src/ai-gateway/app/(zavorthControl)/control/zavorth-control/components/ZavorthControlAdvancedInteractionPanel.tsx(20,10): error TS17004: Cannot use JSX unless the '--jsx' flag is provided.
src/ai-gateway/app/(zavorthControl)/control/zavorth-control/components/ZavorthControlAdvancedInteractionPanel.tsx(24,10): error TS17004: Cannot use JSX unless the '--jsx' flag is provided.
src/ai-gateway/app/(zavorthControl)/control/zavorth-control/components/ZavorthControlAdvancedInteractionPanel.tsx(29,5): error TS17004: Cannot use JSX unless the '--jsx' flag is provided.
src/ai-gateway/app/(zavorthControl)/control/zavorth-control/components/ZavorthControlAdvancedInteractionPanel.tsx(30,7): error TS17004: Cannot use JSX unless the '--jsx' flag is provided.
src/ai-gateway/app/(zavorthControl)/control/zavorth-control/components/ZavorthControlAdvancedInteractionPanel.tsx(31,7): error TS17004: Cannot use JSX unless the '--jsx' flag is provided.
src/ai-gateway/app/(zavorthControl)/control/zavorth-control/components/ZavorthControlAdvancedInteractionPanel.tsx(32,7): error TS17004: Cannot use JSX unless the '--jsx' flag is provided.
src/ai-gateway/app/(zavorthControl)/control/zavorth-control/components/ZavorthControlAdvancedInteractionPanel.tsx(33,7): error TS17004: Cannot use JSX unless the '--jsx' flag is provided.
src/ai-gateway/app/(zavorthControl)/control/zavorth-control/components/ZavorthControlAdvancedInteractionPanel.tsx(34,7): error TS17004: Cannot use JSX unless the '--jsx' flag is provided.
src/ai-gateway/app/(zavorthControl)/control/zavorth-control/components/ZavorthControlChatSurface.tsx(2,56): error TS6142: Module './ZavorthControlAdvancedInteractionPanel' was resolved to 'C:/TESTES DEV/1_PROJETOS_ATIVOS/Zavorth/src/ai-gateway/app/(zavorthControl)/control/zavorth-control/components/ZavorthControlAdvancedInteractionPanel.tsx', but '--jsx' is not set.
src/ai-gateway/app/(zavorthControl)/control/zavorth-control/components/ZavorthControlChatSurface.tsx(10,5): error TS17004: Cannot use JSX unless the '--jsx' flag is provided.
src/ai-gateway/app/(zavorthControl)/control/zavorth-control/components/ZavorthControlChatSurface.tsx(11,7): error TS17004: Cannot use JSX unless the '--jsx' flag is provided.
src/ai-gateway/app/(zavorthControl)/control/zavorth-control/components/ZavorthControlChatSurface.tsx(12,7): error TS17004: Cannot use JSX unless the '--jsx' flag is provided.
src/ai-gateway/app/(zavorthControl)/control/zavorth-control/components/ZavorthControlChatSurface.tsx(13,7): error TS17004: Cannot use JSX unless the '--jsx' flag is provided.
src/ai-gateway/app/(zavorthControl)/control/zavorth-control/components/ZavorthControlChatSurface.tsx(14,28): error TS17004: Cannot use JSX unless the '--jsx' flag is provided.
src/ai-gateway/app/(zavorthControl)/control/zavorth-control/components/ZavorthControlChatSurface.tsx(14,93): error TS17004: Cannot use JSX unless the '--jsx' flag is provided.
src/ai-gateway/app/(zavorthControl)/control/zavorth-control/components/ZavorthControlChatSurface.tsx(24,5): error TS17004: Cannot use JSX unless the '--jsx' flag is provided.
src/ai-gateway/app/(zavorthControl)/control/zavorth-control/components/ZavorthControlChatSurface.tsx(25,7): error TS17004: Cannot use JSX unless the '--jsx' flag is provided.
src/ai-gateway/app/(zavorthControl)/control/zavorth-control/components/ZavorthControlChatSurface.tsx(26,7): error TS17004: Cannot use JSX unless the '--jsx' flag is provided.
src/ai-gateway/app/(zavorthControl)/control/zavorth-control/components/ZavorthControlChatSurface.tsx(27,9): error TS17004: Cannot use JSX unless the '--jsx' flag is provided.
src/ai-gateway/app/(zavorthControl)/control/zavorth-control/components/ZavorthControlChatSurface.tsx(28,9): error TS17004: Cannot use JSX unless the '--jsx' flag is provided.
src/ai-gateway/app/(zavorthControl)/control/zavorth-control/components/ZavorthControlChatSurface.tsx(45,5): error TS17004: Cannot use JSX unless the '--jsx' flag is provided.
src/ai-gateway/app/(zavorthControl)/control/zavorth-control/components/ZavorthControlChatSurface.tsx(46,7): error TS17004: Cannot use JSX unless the '--jsx' flag is provided.
src/ai-gateway/app/(zavorthControl)/control/zavorth-control/components/ZavorthControlChatSurface.tsx(47,7): error TS17004: Cannot use JSX unless the '--jsx' flag is provided.
src/ai-gateway/app/(zavorthControl)/control/zavorth-control/components/ZavorthControlChatSurface.tsx(48,7): error TS17004: Cannot use JSX unless the '--jsx' flag is provided.
src/ai-gateway/app/(zavorthControl)/control/zavorth-control/components/ZavorthControlChatSurface.tsx(49,7): error TS17004: Cannot use JSX unless the '--jsx' flag is provided.
src/ai-gateway/app/(zavorthControl)/control/zavorth-control/components/ZavorthControlChatSurface.tsx(72,5): error TS17004: Cannot use JSX unless the '--jsx' flag is provided.
src/ai-gateway/app/(zavorthControl)/control/zavorth-control/components/ZavorthControlChatSurface.tsx(73,7): error TS17004: Cannot use JSX unless the '--jsx' flag is provided.
src/ai-gateway/app/(zavorthControl)/control/zavorth-control/components/ZavorthControlChatSurface.tsx(74,7): error TS17004: Cannot use JSX unless the '--jsx' flag is provided.
src/ai-gateway/app/(zavorthControl)/control/zavorth-control/components/ZavorthControlChatSurface.tsx(75,7): error TS17004: Cannot use JSX unless the '--jsx' flag is provided.
src/ai-gateway/app/(zavorthControl)/control/zavorth-control/components/ZavorthControlChatSurface.tsx(76,25): error TS17004: Cannot use JSX unless the '--jsx' flag is provided.
src/ai-gateway/app/(zavorthControl)/control/zavorth-control/components/ZavorthControlChatSurface.tsx(80,13): error TS17004: Cannot use JSX unless the '--jsx' flag is provided.
src/ai-gateway/app/(zavorthControl)/control/zavorth-control/components/ZavorthControlChatSurface.tsx(81,15): error TS17004: Cannot use JSX unless the '--jsx' flag is provided.
src/ai-gateway/app/(zavorthControl)/control/zavorth-control/components/ZavorthControlChatSurface.tsx(87,7): error TS17004: Cannot use JSX unless the '--jsx' flag is provided.
src/ai-gateway/app/(zavorthControl)/control/zavorth-control/components/ZavorthControlChatSurface.tsx(88,7): error TS17004: Cannot use JSX unless the '--jsx' flag is provided.
src/ai-gateway/app/(zavorthControl)/control/zavorth-control/components/ZavorthControlChatSurface.tsx(89,9): error TS17004: Cannot use JSX unless the '--jsx' flag is provided.
src/ai-gateway/app/(zavorthControl)/control/zavorth-control/components/ZavorthControlChatSurface.tsx(90,11): error TS17004: Cannot use JSX unless the '--jsx' flag is provided.
src/ai-gateway/app/(zavorthControl)/control/zavorth-control/components/ZavorthControlChatSurface.tsx(96,9): error TS17004: Cannot use JSX unless the '--jsx' flag is provided.
src/ai-gateway/app/(zavorthControl)/control/zavorth-control/components/ZavorthControlChatSurface.tsx(97,9): error TS17004: Cannot use JSX unless the '--jsx' flag is provided.
src/ai-gateway/app/(zavorthControl)/control/zavorth-control/components/ZavorthControlChatSurface.tsx(98,9): error TS17004: Cannot use JSX unless the '--jsx' flag is provided.
src/ai-gateway/app/(zavorthControl)/control/zavorth-control/components/ZavorthControlChatSurface.tsx(100,7): error TS17004: Cannot use JSX unless the '--jsx' flag is provided.
src/ai-gateway/app/(zavorthControl)/control/zavorth-control/components/ZavorthControlChatSurface.tsx(107,7): error TS17004: Cannot use JSX unless the '--jsx' flag is provided.
src/ai-gateway/app/(zavorthControl)/control/zavorth-control/components/ZavorthControlChatSurface.tsx(108,7): error TS17004: Cannot use JSX unless the '--jsx' flag is provided.
src/ai-gateway/app/(zavorthControl)/control/zavorth-control/components/ZavorthControlCommandPalette.tsx(6,5): error TS17004: Cannot use JSX unless the '--jsx' flag is provided.
src/ai-gateway/app/(zavorthControl)/control/zavorth-control/components/ZavorthControlCommandPalette.tsx(7,7): error TS17004: Cannot use JSX unless the '--jsx' flag is provided.
src/ai-gateway/app/(zavorthControl)/control/zavorth-control/components/ZavorthControlCommandPalette.tsx(8,7): error TS17004: Cannot use JSX unless the '--jsx' flag is provided.
src/ai-gateway/app/(zavorthControl)/control/zavorth-control/components/ZavorthControlCommandPalette.tsx(9,7): error TS17004: Cannot use JSX unless the '--jsx' flag is provided.
src/ai-gateway/app/(zavorthControl)/control/zavorth-control/components/ZavorthControlContextRail.tsx(4,8): error TS6142: Module './ZavorthControlOverviewSector' was resolved to 'C:/TESTES DEV/1_PROJETOS_ATIVOS/Zavorth/src/ai-gateway/app/(zavorthControl)/control/zavorth-control/components/ZavorthControlOverviewSector.tsx', but '--jsx' is not set.
src/ai-gateway/app/(zavorthControl)/control/zavorth-control/components/ZavorthControlContextRail.tsx(44,5): error TS17004: Cannot use JSX unless the '--jsx' flag is provided.
src/ai-gateway/app/(zavorthControl)/control/zavorth-control/components/ZavorthControlContextRail.tsx(76,5): error TS17004: Cannot use JSX unless the '--jsx' flag is provided.
src/ai-gateway/app/(zavorthControl)/control/zavorth-control/components/ZavorthControlContextRail.tsx(77,7): error TS17004: Cannot use JSX unless the '--jsx' flag is provided.
src/ai-gateway/app/(zavorthControl)/control/zavorth-control/components/ZavorthControlContextRail.tsx(78,9): error TS17004: Cannot use JSX unless the '--jsx' flag is provided.
src/ai-gateway/app/(zavorthControl)/control/zavorth-control/components/ZavorthControlContextRail.tsx(79,9): error TS17004: Cannot use JSX unless the '--jsx' flag is provided.
src/ai-gateway/app/(zavorthControl)/control/zavorth-control/components/ZavorthControlContextRail.tsx(81,7): error TS17004: Cannot use JSX unless the '--jsx' flag is provided.
src/ai-gateway/app/(zavorthControl)/control/zavorth-control/components/ZavorthControlContextRail.tsx(83,11): error TS17004: Cannot use JSX unless the '--jsx' flag is provided.
src/ai-gateway/app/(zavorthControl)/control/zavorth-control/components/ZavorthControlContextRail.tsx(84,13): error TS17004: Cannot use JSX unless the '--jsx' flag is provided.
src/ai-gateway/app/(zavorthControl)/control/zavorth-control/components/ZavorthControlContextRail.tsx(85,13): error TS17004: Cannot use JSX unless the '--jsx' flag is provided.
src/ai-gateway/app/(zavorthControl)/control/zavorth-control/components/ZavorthControlContextRail.tsx(89,7): error TS17004: Cannot use JSX unless the '--jsx' flag is provided.
src/ai-gateway/app/(zavorthControl)/control/zavorth-control/components/ZavorthControlContextRail.tsx(117,5): error TS17004: Cannot use JSX unless the '--jsx' flag is provided.
src/ai-gateway/app/(zavorthControl)/control/zavorth-control/components/ZavorthControlContextRail.tsx(118,7): error TS17004: Cannot use JSX unless the '--jsx' flag is provided.
src/ai-gateway/app/(zavorthControl)/control/zavorth-control/components/ZavorthControlContextRail.tsx(119,9): error TS17004: Cannot use JSX unless the '--jsx' flag is provided.
src/ai-gateway/app/(zavorthControl)/control/zavorth-control/components/ZavorthControlContextRail.tsx(120,9): error TS17004: Cannot use JSX unless the '--jsx' flag is provided.
src/ai-gateway/app/(zavorthControl)/control/zavorth-control/components/ZavorthControlContextRail.tsx(122,7): error TS17004: Cannot use JSX unless the '--jsx' flag is provided.
src/ai-gateway/app/(zavorthControl)/control/zavorth-control/components/ZavorthControlContextRail.tsx(124,11): error TS17004: Cannot use JSX unless the '--jsx' flag is provided.
src/ai-gateway/app/(zavorthControl)/control/zavorth-control/components/ZavorthControlContextRail.tsx(125,13): error TS17004: Cannot use JSX unless the '--jsx' flag is provided.
src/ai-gateway/app/(zavorthControl)/control/zavorth-control/components/ZavorthControlContextRail.tsx(126,13): error TS17004: Cannot use JSX unless the '--jsx' flag is provided.
src/ai-gateway/app/(zavorthControl)/control/zavorth-control/components/ZavorthControlContextRail.tsx(127,13): error TS17004: Cannot use JSX unless the '--jsx' flag is provided.
src/ai-gateway/app/(zavorthControl)/control/zavorth-control/components/ZavorthControlContextRail.tsx(128,13): error TS17004: Cannot use JSX unless the '--jsx' flag is provided.
src/ai-gateway/app/(zavorthControl)/control/zavorth-control/components/ZavorthControlContextRail.tsx(129,15): error TS17004: Cannot use JSX unless the '--jsx' flag is provided.
src/ai-gateway/app/(zavorthControl)/control/zavorth-control/components/ZavorthControlContextRail.tsx(130,15): error TS17004: Cannot use JSX unless the '--jsx' flag is provided.
src/ai-gateway/app/(zavorthControl)/control/zavorth-control/components/ZavorthControlContextRail.tsx(131,15): error TS17004: Cannot use JSX unless the '--jsx' flag is provided.
src/ai-gateway/app/(zavorthControl)/control/zavorth-control/components/ZavorthControlContextRail.tsx(158,5): error TS17004: Cannot use JSX unless the '--jsx' flag is provided.
src/ai-gateway/app/(zavorthControl)/control/zavorth-control/components/ZavorthControlContextRail.tsx(159,7): error TS17004: Cannot use JSX unless the '--jsx' flag is provided.
src/ai-gateway/app/(zavorthControl)/control/zavorth-control/components/ZavorthControlContextRail.tsx(160,9): error TS17004: Cannot use JSX unless the '--jsx' flag is provided.
src/ai-gateway/app/(zavorthControl)/control/zavorth-control/components/ZavorthControlContextRail.tsx(161,9): error TS17004: Cannot use JSX unless the '--jsx' flag is provided.
src/ai-gateway/app/(zavorthControl)/control/zavorth-control/components/ZavorthControlContextRail.tsx(163,7): error TS17004: Cannot use JSX unless the '--jsx' flag is provided.
src/ai-gateway/app/(zavorthControl)/control/zavorth-control/components/ZavorthControlContextRail.tsx(165,11): error TS17004: Cannot use JSX unless the '--jsx' flag is provided.
src/ai-gateway/app/(zavorthControl)/control/zavorth-control/components/ZavorthControlContextRail.tsx(166,13): error TS17004: Cannot use JSX unless the '--jsx' flag is provided.
src/ai-gateway/app/(zavorthControl)/control/zavorth-control/components/ZavorthControlContextRail.tsx(167,13): error TS17004: Cannot use JSX unless the '--jsx' flag is provided.
src/ai-gateway/app/(zavorthControl)/control/zavorth-control/components/ZavorthControlContextRail.tsx(168,13): error TS17004: Cannot use JSX unless the '--jsx' flag is provided.
src/ai-gateway/app/(zavorthControl)/control/zavorth-control/components/ZavorthControlContextRail.tsx(169,13): error TS17004: Cannot use JSX unless the '--jsx' flag is provided.
src/ai-gateway/app/(zavorthControl)/control/zavorth-control/components/ZavorthControlContextRail.tsx(170,15): error TS17004: Cannot use JSX unless the '--jsx' flag is provided.
src/ai-gateway/app/(zavorthControl)/control/zavorth-control/components/ZavorthControlContextRail.tsx(171,15): error TS17004: Cannot use JSX unless the '--jsx' flag is provided.
src/ai-gateway/app/(zavorthControl)/control/zavorth-control/components/ZavorthControlContextRail.tsx(195,5): error TS17004: Cannot use JSX unless the '--jsx' flag is provided.
src/ai-gateway/app/(zavorthControl)/control/zavorth-control/components/ZavorthControlContextRail.tsx(196,7): error TS17004: Cannot use JSX unless the '--jsx' flag is provided.
src/ai-gateway/app/(zavorthControl)/control/zavorth-control/components/ZavorthControlContextRail.tsx(197,9): error TS17004: Cannot use JSX unless the '--jsx' flag is provided.
src/ai-gateway/app/(zavorthControl)/control/zavorth-control/components/ZavorthControlContextRail.tsx(198,9): error TS17004: Cannot use JSX unless the '--jsx' flag is provided.
src/ai-gateway/app/(zavorthControl)/control/zavorth-control/components/ZavorthControlContextRail.tsx(200,7): error TS17004: Cannot use JSX unless the '--jsx' flag is provided.
src/ai-gateway/app/(zavorthControl)/control/zavorth-control/components/ZavorthControlContextRail.tsx(201,9): error TS17004: Cannot use JSX unless the '--jsx' flag is provided.
src/ai-gateway/app/(zavorthControl)/control/zavorth-control/components/ZavorthControlContextRail.tsx(202,11): error TS17004: Cannot use JSX unless the '--jsx' flag is provided.
src/ai-gateway/app/(zavorthControl)/control/zavorth-control/components/ZavorthControlContextRail.tsx(203,11): error TS17004: Cannot use JSX unless the '--jsx' flag is provided.
src/ai-gateway/app/(zavorthControl)/control/zavorth-control/components/ZavorthControlContextRail.tsx(204,11): error TS17004: Cannot use JSX unless the '--jsx' flag is provided.
src/ai-gateway/app/(zavorthControl)/control/zavorth-control/components/ZavorthControlContextRail.tsx(206,9): error TS17004: Cannot use JSX unless the '--jsx' flag is provided.
src/ai-gateway/app/(zavorthControl)/control/zavorth-control/components/ZavorthControlContextRail.tsx(207,11): error TS17004: Cannot use JSX unless the '--jsx' flag is provided.
src/ai-gateway/app/(zavorthControl)/control/zavorth-control/components/ZavorthControlContextRail.tsx(208,11): error TS17004: Cannot use JSX unless the '--jsx' flag is provided.
src/ai-gateway/app/(zavorthControl)/control/zavorth-control/components/ZavorthControlContextRail.tsx(209,11): error TS17004: Cannot use JSX unless the '--jsx' flag is provided.
src/ai-gateway/app/(zavorthControl)/control/zavorth-control/components/ZavorthControlContextRail.tsx(211,9): error TS17004: Cannot use JSX unless the '--jsx' flag is provided.
src/ai-gateway/app/(zavorthControl)/control/zavorth-control/components/ZavorthControlContextRail.tsx(212,11): error TS17004: Cannot use JSX unless the '--jsx' flag is provided.
src/ai-gateway/app/(zavorthControl)/control/zavorth-control/components/ZavorthControlContextRail.tsx(213,11): error TS17004: Cannot use JSX unless the '--jsx' flag is provided.
src/ai-gateway/app/(zavorthControl)/control/zavorth-control/components/ZavorthControlContextRail.tsx(214,11): error TS17004: Cannot use JSX unless the '--jsx' flag is provided.
src/ai-gateway/app/(zavorthControl)/control/zavorth-control/components/ZavorthControlContextRail.tsx(251,5): error TS17004: Cannot use JSX unless the '--jsx' flag is provided.
src/ai-gateway/app/(zavorthControl)/control/zavorth-control/components/ZavorthControlContextRail.tsx(252,7): error TS17004: Cannot use JSX unless the '--jsx' flag is provided.
src/ai-gateway/app/(zavorthControl)/control/zavorth-control/components/ZavorthControlContextRail.tsx(253,9): error TS17004: Cannot use JSX unless the '--jsx' flag is provided.
src/ai-gateway/app/(zavorthControl)/control/zavorth-control/components/ZavorthControlContextRail.tsx(254,9): error TS17004: Cannot use JSX unless the '--jsx' flag is provided.
src/ai-gateway/app/(zavorthControl)/control/zavorth-control/components/ZavorthControlContextRail.tsx(255,9): error TS17004: Cannot use JSX unless the '--jsx' flag is provided.
src/ai-gateway/app/(zavorthControl)/control/zavorth-control/components/ZavorthControlContextRail.tsx(261,9): error TS17004: Cannot use JSX unless the '--jsx' flag is provided.
src/ai-gateway/app/(zavorthControl)/control/zavorth-control/components/ZavorthControlContextRail.tsx(266,9): error TS17004: Cannot use JSX unless the '--jsx' flag is provided.
src/ai-gateway/app/(zavorthControl)/control/zavorth-control/components/ZavorthControlContextRail.tsx(267,9): error TS17004: Cannot use JSX unless the '--jsx' flag is provided.
src/ai-gateway/app/(zavorthControl)/control/zavorth-control/components/ZavorthControlContextRail.tsx(268,11): error TS17004: Cannot use JSX unless the '--jsx' flag is provided.
src/ai-gateway/app/(zavorthControl)/control/zavorth-control/components/ZavorthControlControlShell.tsx(3,43): error TS6142: Module './ZavorthControlChatSurface' was resolved to 'C:/TESTES DEV/1_PROJETOS_ATIVOS/Zavorth/src/ai-gateway/app/(zavorthControl)/control/zavorth-control/components/ZavorthControlChatSurface.tsx', but '--jsx' is not set.
src/ai-gateway/app/(zavorthControl)/control/zavorth-control/components/ZavorthControlControlShell.tsx(8,43): error TS6142: Module './ZavorthControlOperationsPanel' was resolved to 'C:/TESTES DEV/1_PROJETOS_ATIVOS/Zavorth/src/ai-gateway/app/(zavorthControl)/control/zavorth-control/components/ZavorthControlOperationsPanel.tsx', but '--jsx' is not set.
src/ai-gateway/app/(zavorthControl)/control/zavorth-control/components/ZavorthControlControlShell.tsx(9,46): error TS6142: Module './ZavorthControlCommandPalette' was resolved to 'C:/TESTES DEV/1_PROJETOS_ATIVOS/Zavorth/src/ai-gateway/app/(zavorthControl)/control/zavorth-control/components/ZavorthControlCommandPalette.tsx', but '--jsx' is not set.
src/ai-gateway/app/(zavorthControl)/control/zavorth-control/components/ZavorthControlControlShell.tsx(10,50): error TS6142: Module './ZavorthControlDeveloperWorkspace' was resolved to 'C:/TESTES DEV/1_PROJETOS_ATIVOS/Zavorth/src/ai-gateway/app/(zavorthControl)/control/zavorth-control/components/ZavorthControlDeveloperWorkspace.tsx', but '--jsx' is not set.
src/ai-gateway/app/(zavorthControl)/control/zavorth-control/components/ZavorthControlControlShell.tsx(11,46): error TS6142: Module './ZavorthControlGatewayConsole' was resolved to 'C:/TESTES DEV/1_PROJETOS_ATIVOS/Zavorth/src/ai-gateway/app/(zavorthControl)/control/zavorth-control/components/ZavorthControlGatewayConsole.tsx', but '--jsx' is not set.
src/ai-gateway/app/(zavorthControl)/control/zavorth-control/components/ZavorthControlControlShell.tsx(18,8): error TS6142: Module './ZavorthControlContextRail' was resolved to 'C:/TESTES DEV/1_PROJETOS_ATIVOS/Zavorth/src/ai-gateway/app/(zavorthControl)/control/zavorth-control/components/ZavorthControlContextRail.tsx', but '--jsx' is not set.
src/ai-gateway/app/(zavorthControl)/control/zavorth-control/components/ZavorthControlControlShell.tsx(23,46): error TS6142: Module './ZavorthControlOverviewSector' was resolved to 'C:/TESTES DEV/1_PROJETOS_ATIVOS/Zavorth/src/ai-gateway/app/(zavorthControl)/control/zavorth-control/components/ZavorthControlOverviewSector.tsx', but '--jsx' is not set.
src/ai-gateway/app/(zavorthControl)/control/zavorth-control/components/ZavorthControlControlShell.tsx(50,5): error TS17004: Cannot use JSX unless the '--jsx' flag is provided.
src/ai-gateway/app/(zavorthControl)/control/zavorth-control/components/ZavorthControlControlShell.tsx(51,7): error TS17004: Cannot use JSX unless the '--jsx' flag is provided.
src/ai-gateway/app/(zavorthControl)/control/zavorth-control/components/ZavorthControlControlShell.tsx(52,7): error TS17004: Cannot use JSX unless the '--jsx' flag is provided.
src/ai-gateway/app/(zavorthControl)/control/zavorth-control/components/ZavorthControlControlShell.tsx(54,11): error TS17004: Cannot use JSX unless the '--jsx' flag is provided.
src/ai-gateway/app/(zavorthControl)/control/zavorth-control/components/ZavorthControlControlShell.tsx(83,14): error TS17004: Cannot use JSX unless the '--jsx' flag is provided.
src/ai-gateway/app/(zavorthControl)/control/zavorth-control/components/ZavorthControlControlShell.tsx(86,14): error TS17004: Cannot use JSX unless the '--jsx' flag is provided.
src/ai-gateway/app/(zavorthControl)/control/zavorth-control/components/ZavorthControlControlShell.tsx(88,14): error TS17004: Cannot use JSX unless the '--jsx' flag is provided.
src/ai-gateway/app/(zavorthControl)/control/zavorth-control/components/ZavorthControlControlShell.tsx(90,14): error TS17004: Cannot use JSX unless the '--jsx' flag is provided.
src/ai-gateway/app/(zavorthControl)/control/zavorth-control/components/ZavorthControlControlShell.tsx(93,14): error TS17004: Cannot use JSX unless the '--jsx' flag is provided.
src/ai-gateway/app/(zavorthControl)/control/zavorth-control/components/ZavorthControlControlShell.tsx(96,9): error TS17004: Cannot use JSX unless the '--jsx' flag is provided.
src/ai-gateway/app/(zavorthControl)/control/zavorth-control/components/ZavorthControlControlShell.tsx(110,9): error TS17004: Cannot use JSX unless the '--jsx' flag is provided.
src/ai-gateway/app/(zavorthControl)/control/zavorth-control/components/ZavorthControlControlShell.tsx(111,11): error TS17004: Cannot use JSX unless the '--jsx' flag is provided.
src/ai-gateway/app/(zavorthControl)/control/zavorth-control/components/ZavorthControlControlShell.tsx(118,11): error TS17004: Cannot use JSX unless the '--jsx' flag is provided.
src/ai-gateway/app/(zavorthControl)/control/zavorth-control/components/ZavorthControlControlShell.tsx(125,11): error TS17004: Cannot use JSX unless the '--jsx' flag is provided.
src/ai-gateway/app/(zavorthControl)/control/zavorth-control/components/ZavorthControlControlShell.tsx(126,13): error TS17004: Cannot use JSX unless the '--jsx' flag is provided.
src/ai-gateway/app/(zavorthControl)/control/zavorth-control/components/ZavorthControlControlShell.tsx(128,15): error TS17004: Cannot use JSX unless the '--jsx' flag is provided.
src/ai-gateway/app/(zavorthControl)/control/zavorth-control/components/ZavorthControlControlShell.tsx(129,17): error TS17004: Cannot use JSX unless the '--jsx' flag is provided.
src/ai-gateway/app/(zavorthControl)/control/zavorth-control/components/ZavorthControlControlShell.tsx(130,17): error TS17004: Cannot use JSX unless the '--jsx' flag is provided.
src/ai-gateway/app/(zavorthControl)/control/zavorth-control/components/ZavorthControlControlShell.tsx(131,17): error TS17004: Cannot use JSX unless the '--jsx' flag is provided.
src/ai-gateway/app/(zavorthControl)/control/zavorth-control/components/ZavorthControlControlShell.tsx(132,17): error TS17004: Cannot use JSX unless the '--jsx' flag is provided.
src/ai-gateway/app/(zavorthControl)/control/zavorth-control/components/ZavorthControlControlShell.tsx(137,17): error TS17004: Cannot use JSX unless the '--jsx' flag is provided.
src/ai-gateway/app/(zavorthControl)/control/zavorth-control/components/ZavorthControlControlShell.tsx(139,21): error TS17004: Cannot use JSX unless the '--jsx' flag is provided.
src/ai-gateway/app/(zavorthControl)/control/zavorth-control/components/ZavorthControlControlShell.tsx(147,15): error TS17004: Cannot use JSX unless the '--jsx' flag is provided.
src/ai-gateway/app/(zavorthControl)/control/zavorth-control/components/ZavorthControlControlShell.tsx(148,17): error TS17004: Cannot use JSX unless the '--jsx' flag is provided.
src/ai-gateway/app/(zavorthControl)/control/zavorth-control/components/ZavorthControlControlShell.tsx(149,17): error TS17004: Cannot use JSX unless the '--jsx' flag is provided.
src/ai-gateway/app/(zavorthControl)/control/zavorth-control/components/ZavorthControlControlShell.tsx(150,17): error TS17004: Cannot use JSX unless the '--jsx' flag is provided.
src/ai-gateway/app/(zavorthControl)/control/zavorth-control/components/ZavorthControlControlShell.tsx(158,15): error TS17004: Cannot use JSX unless the '--jsx' flag is provided.
src/ai-gateway/app/(zavorthControl)/control/zavorth-control/components/ZavorthControlControlShell.tsx(159,17): error TS17004: Cannot use JSX unless the '--jsx' flag is provided.
src/ai-gateway/app/(zavorthControl)/control/zavorth-control/components/ZavorthControlControlShell.tsx(160,17): error TS17004: Cannot use JSX unless the '--jsx' flag is provided.
src/ai-gateway/app/(zavorthControl)/control/zavorth-control/components/ZavorthControlControlShell.tsx(161,17): error TS17004: Cannot use JSX unless the '--jsx' flag is provided.
src/ai-gateway/app/(zavorthControl)/control/zavorth-control/components/ZavorthControlControlShell.tsx(164,13): error TS17004: Cannot use JSX unless the '--jsx' flag is provided.
src/ai-gateway/app/(zavorthControl)/control/zavorth-control/components/ZavorthControlControlShell.tsx(165,13): error TS17004: Cannot use JSX unless the '--jsx' flag is provided.
src/ai-gateway/app/(zavorthControl)/control/zavorth-control/components/ZavorthControlControlShell.tsx(230,5): error TS17004: Cannot use JSX unless the '--jsx' flag is provided.
src/ai-gateway/app/(zavorthControl)/control/zavorth-control/components/ZavorthControlControlShell.tsx(240,7): error TS17004: Cannot use JSX unless the '--jsx' flag is provided.
src/ai-gateway/app/(zavorthControl)/control/zavorth-control/components/ZavorthControlControlShell.tsx(241,7): error TS17004: Cannot use JSX unless the '--jsx' flag is provided.
src/ai-gateway/app/(zavorthControl)/control/zavorth-control/components/ZavorthControlControlShell.tsx(246,7): error TS17004: Cannot use JSX unless the '--jsx' flag is provided.
src/ai-gateway/app/(zavorthControl)/control/zavorth-control/components/ZavorthControlControlShell.tsx(247,9): error TS17004: Cannot use JSX unless the '--jsx' flag is provided.
src/ai-gateway/app/(zavorthControl)/control/zavorth-control/components/ZavorthControlControlShell.tsx(248,9): error TS17004: Cannot use JSX unless the '--jsx' flag is provided.
src/ai-gateway/app/(zavorthControl)/control/zavorth-control/components/ZavorthControlControlShell.tsx(249,9): error TS17004: Cannot use JSX unless the '--jsx' flag is provided.
src/ai-gateway/app/(zavorthControl)/control/zavorth-control/components/ZavorthControlControlShell.tsx(250,11): error TS17004: Cannot use JSX unless the '--jsx' flag is provided.
src/ai-gateway/app/(zavorthControl)/control/zavorth-control/components/ZavorthControlControlShell.tsx(251,11): error TS17004: Cannot use JSX unless the '--jsx' flag is provided.
src/ai-gateway/app/(zavorthControl)/control/zavorth-control/components/ZavorthControlControlShell.tsx(252,9): error TS17004: Cannot use JSX unless the '--jsx' flag is provided.
src/ai-gateway/app/(zavorthControl)/control/zavorth-control/components/ZavorthControlControlShell.tsx(253,9): error TS17004: Cannot use JSX unless the '--jsx' flag is provided.
src/ai-gateway/app/(zavorthControl)/control/zavorth-control/components/ZavorthControlControlShell.tsx(254,9): error TS17004: Cannot use JSX unless the '--jsx' flag is provided.
src/ai-gateway/app/(zavorthControl)/control/zavorth-control/components/ZavorthControlControlShell.tsx(255,9): error TS17004: Cannot use JSX unless the '--jsx' flag is provided.
src/ai-gateway/app/(zavorthControl)/control/zavorth-control/components/ZavorthControlControlShell.tsx(256,9): error TS17004: Cannot use JSX unless the '--jsx' flag is provided.
src/ai-gateway/app/(zavorthControl)/control/zavorth-control/components/ZavorthControlControlShell.tsx(257,9): error TS17004: Cannot use JSX unless the '--jsx' flag is provided.
src/ai-gateway/app/(zavorthControl)/control/zavorth-control/components/ZavorthControlControlShell.tsx(258,9): error TS17004: Cannot use JSX unless the '--jsx' flag is provided.
src/ai-gateway/app/(zavorthControl)/control/zavorth-control/components/ZavorthControlControlShell.tsx(259,9): error TS17004: Cannot use JSX unless the '--jsx' flag is provided.
src/ai-gateway/app/(zavorthControl)/control/zavorth-control/components/ZavorthControlControlShell.tsx(260,9): error TS17004: Cannot use JSX unless the '--jsx' flag is provided.
src/ai-gateway/app/(zavorthControl)/control/zavorth-control/components/ZavorthControlControlShell.tsx(261,9): error TS17004: Cannot use JSX unless the '--jsx' flag is provided.
src/ai-gateway/app/(zavorthControl)/control/zavorth-control/components/ZavorthControlControlShell.tsx(262,9): error TS17004: Cannot use JSX unless the '--jsx' flag is provided.
src/ai-gateway/app/(zavorthControl)/control/zavorth-control/components/ZavorthControlControlShell.tsx(263,9): error TS17004: Cannot use JSX unless the '--jsx' flag is provided.
src/ai-gateway/app/(zavorthControl)/control/zavorth-control/components/ZavorthControlControlShell.tsx(264,9): error TS17004: Cannot use JSX unless the '--jsx' flag is provided.
src/ai-gateway/app/(zavorthControl)/control/zavorth-control/components/ZavorthControlControlShell.tsx(265,9): error TS17004: Cannot use JSX unless the '--jsx' flag is provided.
src/ai-gateway/app/(zavorthControl)/control/zavorth-control/components/ZavorthControlControlShell.tsx(266,9): error TS17004: Cannot use JSX unless the '--jsx' flag is provided.
src/ai-gateway/app/(zavorthControl)/control/zavorth-control/components/ZavorthControlControlShell.tsx(267,9): error TS17004: Cannot use JSX unless the '--jsx' flag is provided.
src/ai-gateway/app/(zavorthControl)/control/zavorth-control/components/ZavorthControlControlShell.tsx(268,9): error TS17004: Cannot use JSX unless the '--jsx' flag is provided.
src/ai-gateway/app/(zavorthControl)/control/zavorth-control/components/ZavorthControlControlShell.tsx(269,9): error TS17004: Cannot use JSX unless the '--jsx' flag is provided.
src/ai-gateway/app/(zavorthControl)/control/zavorth-control/components/ZavorthControlDeveloperWorkspace.tsx(13,5): error TS17004: Cannot use JSX unless the '--jsx' flag is provided.
src/ai-gateway/app/(zavorthControl)/control/zavorth-control/components/ZavorthControlDeveloperWorkspace.tsx(14,7): error TS17004: Cannot use JSX unless the '--jsx' flag is provided.
src/ai-gateway/app/(zavorthControl)/control/zavorth-control/components/ZavorthControlDeveloperWorkspace.tsx(15,7): error TS17004: Cannot use JSX unless the '--jsx' flag is provided.
src/ai-gateway/app/(zavorthControl)/control/zavorth-control/components/ZavorthControlDeveloperWorkspace.tsx(18,7): error TS17004: Cannot use JSX unless the '--jsx' flag is provided.
src/ai-gateway/app/(zavorthControl)/control/zavorth-control/components/ZavorthControlGatewayConsole.tsx(30,5): error TS17004: Cannot use JSX unless the '--jsx' flag is provided.
src/ai-gateway/app/(zavorthControl)/control/zavorth-control/components/ZavorthControlGatewayConsole.tsx(31,7): error TS17004: Cannot use JSX unless the '--jsx' flag is provided.
src/ai-gateway/app/(zavorthControl)/control/zavorth-control/components/ZavorthControlGatewayConsole.tsx(32,7): error TS17004: Cannot use JSX unless the '--jsx' flag is provided.
src/ai-gateway/app/(zavorthControl)/control/zavorth-control/components/ZavorthControlGatewayConsole.tsx(33,7): error TS17004: Cannot use JSX unless the '--jsx' flag is provided.
src/ai-gateway/app/(zavorthControl)/control/zavorth-control/components/ZavorthControlGatewayConsole.tsx(34,9): error TS17004: Cannot use JSX unless the '--jsx' flag is provided.
src/ai-gateway/app/(zavorthControl)/control/zavorth-control/components/ZavorthControlGatewayConsole.tsx(35,9): error TS17004: Cannot use JSX unless the '--jsx' flag is provided.
src/ai-gateway/app/(zavorthControl)/control/zavorth-control/components/ZavorthControlGatewayConsole.tsx(36,11): error TS17004: Cannot use JSX unless the '--jsx' flag is provided.
src/ai-gateway/app/(zavorthControl)/control/zavorth-control/components/ZavorthControlGatewayConsole.tsx(37,11): error TS17004: Cannot use JSX unless the '--jsx' flag is provided.
src/ai-gateway/app/(zavorthControl)/control/zavorth-control/components/ZavorthControlGatewayConsole.tsx(39,9): error TS17004: Cannot use JSX unless the '--jsx' flag is provided.
src/ai-gateway/app/(zavorthControl)/control/zavorth-control/components/ZavorthControlGatewayConsole.tsx(40,11): error TS17004: Cannot use JSX unless the '--jsx' flag is provided.
src/ai-gateway/app/(zavorthControl)/control/zavorth-control/components/ZavorthControlGatewayConsole.tsx(41,11): error TS17004: Cannot use JSX unless the '--jsx' flag is provided.
src/ai-gateway/app/(zavorthControl)/control/zavorth-control/components/ZavorthControlGatewayConsole.tsx(43,9): error TS17004: Cannot use JSX unless the '--jsx' flag is provided.
src/ai-gateway/app/(zavorthControl)/control/zavorth-control/components/ZavorthControlGatewayConsole.tsx(44,11): error TS17004: Cannot use JSX unless the '--jsx' flag is provided.
src/ai-gateway/app/(zavorthControl)/control/zavorth-control/components/ZavorthControlGatewayConsole.tsx(45,11): error TS17004: Cannot use JSX unless the '--jsx' flag is provided.
src/ai-gateway/app/(zavorthControl)/control/zavorth-control/components/ZavorthControlGatewayConsole.tsx(47,9): error TS17004: Cannot use JSX unless the '--jsx' flag is provided.
src/ai-gateway/app/(zavorthControl)/control/zavorth-control/components/ZavorthControlGatewayConsole.tsx(48,11): error TS17004: Cannot use JSX unless the '--jsx' flag is provided.
src/ai-gateway/app/(zavorthControl)/control/zavorth-control/components/ZavorthControlGatewayConsole.tsx(49,11): error TS17004: Cannot use JSX unless the '--jsx' flag is provided.
src/ai-gateway/app/(zavorthControl)/control/zavorth-control/components/ZavorthControlGatewayConsole.tsx(51,9): error TS17004: Cannot use JSX unless the '--jsx' flag is provided.
src/ai-gateway/app/(zavorthControl)/control/zavorth-control/components/ZavorthControlGatewayConsole.tsx(64,7): error TS17004: Cannot use JSX unless the '--jsx' flag is provided.
src/ai-gateway/app/(zavorthControl)/control/zavorth-control/components/ZavorthControlGatewayConsole.tsx(65,9): error TS17004: Cannot use JSX unless the '--jsx' flag is provided.
src/ai-gateway/app/(zavorthControl)/control/zavorth-control/components/ZavorthControlGatewayConsole.tsx(66,9): error TS17004: Cannot use JSX unless the '--jsx' flag is provided.
src/ai-gateway/app/(zavorthControl)/control/zavorth-control/components/ZavorthControlGatewayConsole.tsx(68,13): error TS17004: Cannot use JSX unless the '--jsx' flag is provided.
src/ai-gateway/app/(zavorthControl)/control/zavorth-control/components/ZavorthControlGatewayConsole.tsx(71,9): error TS17004: Cannot use JSX unless the '--jsx' flag is provided.
src/ai-gateway/app/(zavorthControl)/control/zavorth-control/components/ZavorthControlGatewayConsole.tsx(73,13): error TS17004: Cannot use JSX unless the '--jsx' flag is provided.
src/ai-gateway/app/(zavorthControl)/control/zavorth-control/components/ZavorthControlGatewayConsole.tsx(74,15): error TS17004: Cannot use JSX unless the '--jsx' flag is provided.
src/ai-gateway/app/(zavorthControl)/control/zavorth-control/components/ZavorthControlGatewayConsole.tsx(75,15): error TS17004: Cannot use JSX unless the '--jsx' flag is provided.
src/ai-gateway/app/(zavorthControl)/control/zavorth-control/components/ZavorthControlGatewayConsole.tsx(80,7): error TS17004: Cannot use JSX unless the '--jsx' flag is provided.
src/ai-gateway/app/(zavorthControl)/control/zavorth-control/components/ZavorthControlGatewayConsole.tsx(81,7): error TS17004: Cannot use JSX unless the '--jsx' flag is provided.
src/ai-gateway/app/(zavorthControl)/control/zavorth-control/components/ZavorthControlOperationsPanel.tsx(5,10): error TS17004: Cannot use JSX unless the '--jsx' flag is provided.
src/ai-gateway/app/(zavorthControl)/control/zavorth-control/components/ZavorthControlOperationsPanel.tsx(9,10): error TS17004: Cannot use JSX unless the '--jsx' flag is provided.
src/ai-gateway/app/(zavorthControl)/control/zavorth-control/components/ZavorthControlOperationsPanel.tsx(13,10): error TS17004: Cannot use JSX unless the '--jsx' flag is provided.
src/ai-gateway/app/(zavorthControl)/control/zavorth-control/components/ZavorthControlOperationsPanel.tsx(17,10): error TS17004: Cannot use JSX unless the '--jsx' flag is provided.
src/ai-gateway/app/(zavorthControl)/control/zavorth-control/components/ZavorthControlOperationsPanel.tsx(21,10): error TS17004: Cannot use JSX unless the '--jsx' flag is provided.
src/ai-gateway/app/(zavorthControl)/control/zavorth-control/components/ZavorthControlOperationsPanel.tsx(25,10): error TS17004: Cannot use JSX unless the '--jsx' flag is provided.
src/ai-gateway/app/(zavorthControl)/control/zavorth-control/components/ZavorthControlOperationsPanel.tsx(30,10): error TS17004: Cannot use JSX unless the '--jsx' flag is provided.
src/ai-gateway/app/(zavorthControl)/control/zavorth-control/components/ZavorthControlOperationsPanel.tsx(35,5): error TS17004: Cannot use JSX unless the '--jsx' flag is provided.
src/ai-gateway/app/(zavorthControl)/control/zavorth-control/components/ZavorthControlOperationsPanel.tsx(54,5): error TS17004: Cannot use JSX unless the '--jsx' flag is provided.
src/ai-gateway/app/(zavorthControl)/control/zavorth-control/components/ZavorthControlOperationsPanel.tsx(55,7): error TS17004: Cannot use JSX unless the '--jsx' flag is provided.
src/ai-gateway/app/(zavorthControl)/control/zavorth-control/components/ZavorthControlOperationsPanel.tsx(56,7): error TS17004: Cannot use JSX unless the '--jsx' flag is provided.
src/ai-gateway/app/(zavorthControl)/control/zavorth-control/components/ZavorthControlOperationsPanel.tsx(57,7): error TS17004: Cannot use JSX unless the '--jsx' flag is provided.
src/ai-gateway/app/(zavorthControl)/control/zavorth-control/components/ZavorthControlOperationsPanel.tsx(58,7): error TS17004: Cannot use JSX unless the '--jsx' flag is provided.
src/ai-gateway/app/(zavorthControl)/control/zavorth-control/components/ZavorthControlOperationsPanel.tsx(59,7): error TS17004: Cannot use JSX unless the '--jsx' flag is provided.
src/ai-gateway/app/(zavorthControl)/control/zavorth-control/components/ZavorthControlOperationsPanel.tsx(60,7): error TS17004: Cannot use JSX unless the '--jsx' flag is provided.
src/ai-gateway/app/(zavorthControl)/control/zavorth-control/components/ZavorthControlOperationsPanel.tsx(61,7): error TS17004: Cannot use JSX unless the '--jsx' flag is provided.
src/ai-gateway/app/(zavorthControl)/control/zavorth-control/components/ZavorthControlOperationsPanel.tsx(62,7): error TS17004: Cannot use JSX unless the '--jsx' flag is provided.
src/ai-gateway/app/(zavorthControl)/control/zavorth-control/components/ZavorthControlOperationsPanel.tsx(64,7): error TS17004: Cannot use JSX unless the '--jsx' flag is provided.
src/ai-gateway/app/(zavorthControl)/control/zavorth-control/components/ZavorthControlOperationsPanel.tsx(65,9): error TS17004: Cannot use JSX unless the '--jsx' flag is provided.
src/ai-gateway/app/(zavorthControl)/control/zavorth-control/components/ZavorthControlOperationsPanel.tsx(66,9): error TS17004: Cannot use JSX unless the '--jsx' flag is provided.
src/ai-gateway/app/(zavorthControl)/control/zavorth-control/components/ZavorthControlOperationsPanel.tsx(67,9): error TS17004: Cannot use JSX unless the '--jsx' flag is provided.
src/ai-gateway/app/(zavorthControl)/control/zavorth-control/components/ZavorthControlOperationsPanel.tsx(68,9): error TS17004: Cannot use JSX unless the '--jsx' flag is provided.
src/ai-gateway/app/(zavorthControl)/control/zavorth-control/components/ZavorthControlOperationsPanel.tsx(69,9): error TS17004: Cannot use JSX unless the '--jsx' flag is provided.
src/ai-gateway/app/(zavorthControl)/control/zavorth-control/components/ZavorthControlOperationsPanel.tsx(70,9): error TS17004: Cannot use JSX unless the '--jsx' flag is provided.
src/ai-gateway/app/(zavorthControl)/control/zavorth-control/components/ZavorthControlOperationsPanel.tsx(71,9): error TS17004: Cannot use JSX unless the '--jsx' flag is provided.
src/ai-gateway/app/(zavorthControl)/control/zavorth-control/components/ZavorthControlOperationsPanel.tsx(72,9): error TS17004: Cannot use JSX unless the '--jsx' flag is provided.
src/ai-gateway/app/(zavorthControl)/control/zavorth-control/components/ZavorthControlOverviewSector.tsx(42,5): error TS17004: Cannot use JSX unless the '--jsx' flag is provided.
src/ai-gateway/app/(zavorthControl)/control/zavorth-control/components/ZavorthControlOverviewSector.tsx(43,7): error TS17004: Cannot use JSX unless the '--jsx' flag is provided.
src/ai-gateway/app/(zavorthControl)/control/zavorth-control/components/ZavorthControlOverviewSector.tsx(44,7): error TS17004: Cannot use JSX unless the '--jsx' flag is provided.
src/ai-gateway/app/(zavorthControl)/control/zavorth-control/components/ZavorthControlOverviewSector.tsx(45,7): error TS17004: Cannot use JSX unless the '--jsx' flag is provided.
src/ai-gateway/app/(zavorthControl)/control/zavorth-control/components/ZavorthControlOverviewSector.tsx(46,7): error TS17004: Cannot use JSX unless the '--jsx' flag is provided.
src/ai-gateway/app/(zavorthControl)/control/zavorth-control/components/ZavorthControlOverviewSector.tsx(47,7): error TS17004: Cannot use JSX unless the '--jsx' flag is provided.
src/ai-gateway/app/(zavorthControl)/control/zavorth-control/components/ZavorthControlOverviewSector.tsx(48,7): error TS17004: Cannot use JSX unless the '--jsx' flag is provided.
src/ai-gateway/app/(zavorthControl)/control/zavorth-control/components/ZavorthControlOverviewSector.tsx(49,7): error TS17004: Cannot use JSX unless the '--jsx' flag is provided.
src/ai-gateway/app/(zavorthControl)/control/zavorth-control/components/ZavorthControlOverviewSector.tsx(50,7): error TS17004: Cannot use JSX unless the '--jsx' flag is provided.
src/ai-gateway/app/(zavorthControl)/control/zavorth-control/components/ZavorthControlOverviewSector.tsx(51,7): error TS17004: Cannot use JSX unless the '--jsx' flag is provided.
src/ai-gateway/app/(zavorthControl)/control/zavorth-control/components/ZavorthControlOverviewSector.tsx(52,7): error TS17004: Cannot use JSX unless the '--jsx' flag is provided.
src/ai-gateway/app/(zavorthControl)/control/zavorth-control/components/ZavorthControlOverviewSector.tsx(55,9): error TS17004: Cannot use JSX unless the '--jsx' flag is provided.
src/ai-gateway/app/(zavorthControl)/control/zavorth-control/components/ZavorthControlOverviewSector.tsx(56,11): error TS17004: Cannot use JSX unless the '--jsx' flag is provided.
src/ai-gateway/app/(zavorthControl)/control/zavorth-control/components/ZavorthControlOverviewSector.tsx(57,11): error TS17004: Cannot use JSX unless the '--jsx' flag is provided.
src/ai-gateway/app/(zavorthControl)/control/zavorth-control/components/ZavorthControlOverviewSector.tsx(58,11): error TS17004: Cannot use JSX unless the '--jsx' flag is provided.
src/ai-gateway/app/(zavorthControl)/control/zavorth-control/components/ZavorthControlOverviewSector.tsx(59,11): error TS17004: Cannot use JSX unless the '--jsx' flag is provided.
src/ai-gateway/app/(zavorthControl)/control/zavorth-control/components/ZavorthControlOverviewSector.tsx(65,9): error TS17004: Cannot use JSX unless the '--jsx' flag is provided.
src/ai-gateway/app/(zavorthControl)/control/zavorth-control/components/ZavorthControlOverviewSector.tsx(66,11): error TS17004: Cannot use JSX unless the '--jsx' flag is provided.
src/ai-gateway/app/(zavorthControl)/control/zavorth-control/components/ZavorthControlOverviewSector.tsx(67,11): error TS17004: Cannot use JSX unless the '--jsx' flag is provided.
src/ai-gateway/app/(zavorthControl)/control/zavorth-control/components/ZavorthControlOverviewSector.tsx(68,11): error TS17004: Cannot use JSX unless the '--jsx' flag is provided.
src/ai-gateway/app/(zavorthControl)/control/zavorth-control/components/ZavorthControlOverviewSector.tsx(71,7): error TS17004: Cannot use JSX unless the '--jsx' flag is provided.
src/ai-gateway/app/(zavorthControl)/control/zavorth-control/components/ZavorthControlOverviewSector.tsx(72,9): error TS17004: Cannot use JSX unless the '--jsx' flag is provided.
src/ai-gateway/app/(zavorthControl)/control/zavorth-control/components/ZavorthControlOverviewSector.tsx(73,9): error TS17004: Cannot use JSX unless the '--jsx' flag is provided.
src/ai-gateway/app/(zavorthControl)/control/zavorth-control/components/ZavorthControlOverviewSector.tsx(78,9): error TS17004: Cannot use JSX unless the '--jsx' flag is provided.
src/ai-gateway/app/(zavorthControl)/control/zavorth-control/components/ZavorthControlOverviewSector.tsx(85,9): error TS17004: Cannot use JSX unless the '--jsx' flag is provided.
src/ai-gateway/app/(zavorthControl)/control/zavorth-control/components/ZavorthControlOverviewSector.tsx(93,11): error TS17004: Cannot use JSX unless the '--jsx' flag is provided.
src/ai-gateway/app/(zavorthControl)/control/zavorth-control/components/ZavorthControlOverviewSector.tsx(101,9): error TS17004: Cannot use JSX unless the '--jsx' flag is provided.
src/ai-gateway/app/(zavorthControl)/control/zavorth-control/components/ZavorthControlOverviewSector.tsx(103,7): error TS17004: Cannot use JSX unless the '--jsx' flag is provided.
src/ai-gateway/app/(zavorthControl)/control/zavorth-control/components/ZavorthControlPrimitives.tsx(5,5): error TS17004: Cannot use JSX unless the '--jsx' flag is provided.
src/ai-gateway/app/(zavorthControl)/control/zavorth-control/components/ZavorthControlPrimitives.tsx(6,7): error TS17004: Cannot use JSX unless the '--jsx' flag is provided.
src/ai-gateway/app/(zavorthControl)/control/zavorth-control/components/ZavorthControlPrimitives.tsx(12,10): error TS17004: Cannot use JSX unless the '--jsx' flag is provided.
src/ai-gateway/app/(zavorthControl)/control/zavorth-control/components/ZavorthControlPrimitives.tsx(16,10): error TS17004: Cannot use JSX unless the '--jsx' flag is provided.
src/ai-gateway/app/(zavorthControl)/control/zavorth-control/projections/index.ts(288,10): error TS2339: Property 'identityLeakScan' does not exist on type '{ runtime: any; uiState: any; }'.
src/ai-gateway/app/(zavorthControl)/control/ZavorthControlBridge.tsx(1,74): error TS6142: Module './ZavorthControlIcons' was resolved to 'C:/TESTES DEV/1_PROJETOS_ATIVOS/Zavorth/src/ai-gateway/app/(zavorthControl)/control/ZavorthControlIcons.tsx', but '--jsx' is not set.
src/ai-gateway/app/(zavorthControl)/control/ZavorthControlBridge.tsx(5,5): error TS17004: Cannot use JSX unless the '--jsx' flag is provided.
src/ai-gateway/app/(zavorthControl)/control/ZavorthControlBridge.tsx(6,7): error TS17004: Cannot use JSX unless the '--jsx' flag is provided.
src/ai-gateway/app/(zavorthControl)/control/ZavorthControlBridge.tsx(7,9): error TS17004: Cannot use JSX unless the '--jsx' flag is provided.
src/ai-gateway/app/(zavorthControl)/control/ZavorthControlBridge.tsx(8,11): error TS17004: Cannot use JSX unless the '--jsx' flag is provided.
src/ai-gateway/app/(zavorthControl)/control/ZavorthControlBridge.tsx(10,9): error TS17004: Cannot use JSX unless the '--jsx' flag is provided.
src/ai-gateway/app/(zavorthControl)/control/ZavorthControlBridge.tsx(11,11): error TS17004: Cannot use JSX unless the '--jsx' flag is provided.
src/ai-gateway/app/(zavorthControl)/control/ZavorthControlBridge.tsx(12,13): error TS17004: Cannot use JSX unless the '--jsx' flag is provided.
src/ai-gateway/app/(zavorthControl)/control/ZavorthControlBridge.tsx(14,11): error TS17004: Cannot use JSX unless the '--jsx' flag is provided.
src/ai-gateway/app/(zavorthControl)/control/ZavorthControlBridge.tsx(15,13): error TS17004: Cannot use JSX unless the '--jsx' flag is provided.
src/ai-gateway/app/(zavorthControl)/control/ZavorthControlBridge.tsx(16,13): error TS17004: Cannot use JSX unless the '--jsx' flag is provided.
src/ai-gateway/app/(zavorthControl)/control/ZavorthControlBridge.tsx(20,7): error TS17004: Cannot use JSX unless the '--jsx' flag is provided.
src/ai-gateway/app/(zavorthControl)/control/ZavorthControlBridge.tsx(21,9): error TS17004: Cannot use JSX unless the '--jsx' flag is provided.
src/ai-gateway/app/(zavorthControl)/control/ZavorthControlBridge.tsx(24,9): error TS17004: Cannot use JSX unless the '--jsx' flag is provided.
src/ai-gateway/app/(zavorthControl)/control/ZavorthControlBridge.tsx(25,9): error TS17004: Cannot use JSX unless the '--jsx' flag is provided.
src/ai-gateway/app/(zavorthControl)/control/ZavorthControlBridge.tsx(29,7): error TS17004: Cannot use JSX unless the '--jsx' flag is provided.
src/ai-gateway/app/(zavorthControl)/control/ZavorthControlBridge.tsx(30,9): error TS17004: Cannot use JSX unless the '--jsx' flag is provided.
src/ai-gateway/app/(zavorthControl)/control/ZavorthControlBridge.tsx(31,11): error TS17004: Cannot use JSX unless the '--jsx' flag is provided.
src/ai-gateway/app/(zavorthControl)/control/ZavorthControlBridge.tsx(32,13): error TS17004: Cannot use JSX unless the '--jsx' flag is provided.
src/ai-gateway/app/(zavorthControl)/control/ZavorthControlBridge.tsx(33,13): error TS17004: Cannot use JSX unless the '--jsx' flag is provided.
src/ai-gateway/app/(zavorthControl)/control/ZavorthControlBridge.tsx(36,9): error TS17004: Cannot use JSX unless the '--jsx' flag is provided.
src/ai-gateway/app/(zavorthControl)/control/ZavorthControlBridge.tsx(37,11): error TS17004: Cannot use JSX unless the '--jsx' flag is provided.
src/ai-gateway/app/(zavorthControl)/control/ZavorthControlBridge.tsx(38,11): error TS17004: Cannot use JSX unless the '--jsx' flag is provided.
src/ai-gateway/app/(zavorthControl)/control/ZavorthControlBridge.tsx(40,9): error TS17004: Cannot use JSX unless the '--jsx' flag is provided.
src/ai-gateway/app/(zavorthControl)/control/ZavorthControlBridge.tsx(41,11): error TS17004: Cannot use JSX unless the '--jsx' flag is provided.
src/ai-gateway/app/(zavorthControl)/control/ZavorthControlBridge.tsx(42,11): error TS17004: Cannot use JSX unless the '--jsx' flag is provided.
src/ai-gateway/app/(zavorthControl)/control/ZavorthControlBridge.tsx(43,11): error TS17004: Cannot use JSX unless the '--jsx' flag is provided.
src/ai-gateway/app/(zavorthControl)/control/ZavorthControlBridge.tsx(44,11): error TS17004: Cannot use JSX unless the '--jsx' flag is provided.
src/ai-gateway/app/(zavorthControl)/control/ZavorthControlDock.tsx(16,8): error TS6142: Module './ZavorthControlIcons' was resolved to 'C:/TESTES DEV/1_PROJETOS_ATIVOS/Zavorth/src/ai-gateway/app/(zavorthControl)/control/ZavorthControlIcons.tsx', but '--jsx' is not set.
src/ai-gateway/app/(zavorthControl)/control/ZavorthControlDock.tsx(28,5): error TS17004: Cannot use JSX unless the '--jsx' flag is provided.
src/ai-gateway/app/(zavorthControl)/control/ZavorthControlDock.tsx(29,7): error TS17004: Cannot use JSX unless the '--jsx' flag is provided.
src/ai-gateway/app/(zavorthControl)/control/ZavorthControlDock.tsx(30,7): error TS17004: Cannot use JSX unless the '--jsx' flag is provided.
src/ai-gateway/app/(zavorthControl)/control/ZavorthControlDock.tsx(37,5): error TS17004: Cannot use JSX unless the '--jsx' flag is provided.
src/ai-gateway/app/(zavorthControl)/control/ZavorthControlDock.tsx(46,7): error TS17004: Cannot use JSX unless the '--jsx' flag is provided.
src/ai-gateway/app/(zavorthControl)/control/ZavorthControlDock.tsx(47,7): error TS17004: Cannot use JSX unless the '--jsx' flag is provided.
src/ai-gateway/app/(zavorthControl)/control/ZavorthControlDock.tsx(53,10): error TS17004: Cannot use JSX unless the '--jsx' flag is provided.
src/ai-gateway/app/(zavorthControl)/control/ZavorthControlDock.tsx(58,5): error TS17004: Cannot use JSX unless the '--jsx' flag is provided.
src/ai-gateway/app/(zavorthControl)/control/ZavorthControlDock.tsx(59,7): error TS17004: Cannot use JSX unless the '--jsx' flag is provided.
src/ai-gateway/app/(zavorthControl)/control/ZavorthControlDock.tsx(60,7): error TS17004: Cannot use JSX unless the '--jsx' flag is provided.
src/ai-gateway/app/(zavorthControl)/control/ZavorthControlDock.tsx(61,7): error TS17004: Cannot use JSX unless the '--jsx' flag is provided.
src/ai-gateway/app/(zavorthControl)/control/ZavorthControlDock.tsx(62,7): error TS17004: Cannot use JSX unless the '--jsx' flag is provided.
src/ai-gateway/app/(zavorthControl)/control/ZavorthControlDock.tsx(63,7): error TS17004: Cannot use JSX unless the '--jsx' flag is provided.
src/ai-gateway/app/(zavorthControl)/control/ZavorthControlDock.tsx(70,5): error TS17004: Cannot use JSX unless the '--jsx' flag is provided.
src/ai-gateway/app/(zavorthControl)/control/ZavorthControlDock.tsx(71,7): error TS17004: Cannot use JSX unless the '--jsx' flag is provided.
src/ai-gateway/app/(zavorthControl)/control/ZavorthControlDock.tsx(72,9): error TS17004: Cannot use JSX unless the '--jsx' flag is provided.
src/ai-gateway/app/(zavorthControl)/control/ZavorthControlDock.tsx(73,11): error TS17004: Cannot use JSX unless the '--jsx' flag is provided.
src/ai-gateway/app/(zavorthControl)/control/ZavorthControlDock.tsx(74,13): error TS17004: Cannot use JSX unless the '--jsx' flag is provided.
src/ai-gateway/app/(zavorthControl)/control/ZavorthControlDock.tsx(76,11): error TS17004: Cannot use JSX unless the '--jsx' flag is provided.
src/ai-gateway/app/(zavorthControl)/control/ZavorthControlDock.tsx(77,13): error TS17004: Cannot use JSX unless the '--jsx' flag is provided.
src/ai-gateway/app/(zavorthControl)/control/ZavorthControlDock.tsx(79,11): error TS17004: Cannot use JSX unless the '--jsx' flag is provided.
src/ai-gateway/app/(zavorthControl)/control/ZavorthControlDock.tsx(80,13): error TS17004: Cannot use JSX unless the '--jsx' flag is provided.
src/ai-gateway/app/(zavorthControl)/control/ZavorthControlDock.tsx(82,11): error TS17004: Cannot use JSX unless the '--jsx' flag is provided.
src/ai-gateway/app/(zavorthControl)/control/ZavorthControlDock.tsx(83,13): error TS17004: Cannot use JSX unless the '--jsx' flag is provided.
src/ai-gateway/app/(zavorthControl)/control/ZavorthControlDock.tsx(85,11): error TS17004: Cannot use JSX unless the '--jsx' flag is provided.
src/ai-gateway/app/(zavorthControl)/control/ZavorthControlDock.tsx(86,13): error TS17004: Cannot use JSX unless the '--jsx' flag is provided.
src/ai-gateway/app/(zavorthControl)/control/ZavorthControlDock.tsx(88,11): error TS17004: Cannot use JSX unless the '--jsx' flag is provided.
src/ai-gateway/app/(zavorthControl)/control/ZavorthControlDock.tsx(89,13): error TS17004: Cannot use JSX unless the '--jsx' flag is provided.
src/ai-gateway/app/(zavorthControl)/control/ZavorthControlDock.tsx(91,11): error TS17004: Cannot use JSX unless the '--jsx' flag is provided.
src/ai-gateway/app/(zavorthControl)/control/ZavorthControlDock.tsx(92,13): error TS17004: Cannot use JSX unless the '--jsx' flag is provided.
src/ai-gateway/app/(zavorthControl)/control/ZavorthControlDock.tsx(94,11): error TS17004: Cannot use JSX unless the '--jsx' flag is provided.
src/ai-gateway/app/(zavorthControl)/control/ZavorthControlDock.tsx(95,13): error TS17004: Cannot use JSX unless the '--jsx' flag is provided.
src/ai-gateway/app/(zavorthControl)/control/ZavorthControlDock.tsx(98,9): error TS17004: Cannot use JSX unless the '--jsx' flag is provided.
src/ai-gateway/app/(zavorthControl)/control/ZavorthControlDock.tsx(99,11): error TS17004: Cannot use JSX unless the '--jsx' flag is provided.
src/ai-gateway/app/(zavorthControl)/control/ZavorthControlDock.tsx(100,13): error TS17004: Cannot use JSX unless the '--jsx' flag is provided.
src/ai-gateway/app/(zavorthControl)/control/ZavorthControlDock.tsx(102,11): error TS17004: Cannot use JSX unless the '--jsx' flag is provided.
src/ai-gateway/app/(zavorthControl)/control/ZavorthControlDock.tsx(103,13): error TS17004: Cannot use JSX unless the '--jsx' flag is provided.
src/ai-gateway/app/(zavorthControl)/control/ZavorthControlDock.tsx(105,11): error TS17004: Cannot use JSX unless the '--jsx' flag is provided.
src/ai-gateway/app/(zavorthControl)/control/ZavorthControlDock.tsx(106,13): error TS17004: Cannot use JSX unless the '--jsx' flag is provided.
src/ai-gateway/app/(zavorthControl)/control/ZavorthControlDock.tsx(108,11): error TS17004: Cannot use JSX unless the '--jsx' flag is provided.
src/ai-gateway/app/(zavorthControl)/control/ZavorthControlDock.tsx(109,13): error TS17004: Cannot use JSX unless the '--jsx' flag is provided.
src/ai-gateway/app/(zavorthControl)/control/ZavorthControlDock.tsx(111,11): error TS17004: Cannot use JSX unless the '--jsx' flag is provided.
src/ai-gateway/app/(zavorthControl)/control/ZavorthControlDock.tsx(112,13): error TS17004: Cannot use JSX unless the '--jsx' flag is provided.
src/ai-gateway/app/(zavorthControl)/control/ZavorthControlDock.tsx(114,11): error TS17004: Cannot use JSX unless the '--jsx' flag is provided.
src/ai-gateway/app/(zavorthControl)/control/ZavorthControlDock.tsx(115,13): error TS17004: Cannot use JSX unless the '--jsx' flag is provided.
src/ai-gateway/app/(zavorthControl)/control/ZavorthControlDock.tsx(117,11): error TS17004: Cannot use JSX unless the '--jsx' flag is provided.
src/ai-gateway/app/(zavorthControl)/control/ZavorthControlDock.tsx(118,13): error TS17004: Cannot use JSX unless the '--jsx' flag is provided.
src/ai-gateway/app/(zavorthControl)/control/ZavorthControlDock.tsx(120,11): error TS17004: Cannot use JSX unless the '--jsx' flag is provided.
src/ai-gateway/app/(zavorthControl)/control/ZavorthControlDock.tsx(121,13): error TS17004: Cannot use JSX unless the '--jsx' flag is provided.
src/ai-gateway/app/(zavorthControl)/control/ZavorthControlDock.tsx(125,7): error TS17004: Cannot use JSX unless the '--jsx' flag is provided.
src/ai-gateway/app/(zavorthControl)/control/ZavorthControlDock.tsx(126,9): error TS17004: Cannot use JSX unless the '--jsx' flag is provided.
src/ai-gateway/app/(zavorthControl)/control/ZavorthControlDock.tsx(127,9): error TS17004: Cannot use JSX unless the '--jsx' flag is provided.
src/ai-gateway/app/(zavorthControl)/control/ZavorthControlIcons.tsx(3,5): error TS17004: Cannot use JSX unless the '--jsx' flag is provided.
src/ai-gateway/app/(zavorthControl)/control/ZavorthControlIcons.tsx(4,7): error TS17004: Cannot use JSX unless the '--jsx' flag is provided.
src/ai-gateway/app/(zavorthControl)/control/ZavorthControlIcons.tsx(5,7): error TS17004: Cannot use JSX unless the '--jsx' flag is provided.
src/ai-gateway/app/(zavorthControl)/control/ZavorthControlIcons.tsx(6,7): error TS17004: Cannot use JSX unless the '--jsx' flag is provided.
src/ai-gateway/app/(zavorthControl)/control/ZavorthControlIcons.tsx(13,5): error TS17004: Cannot use JSX unless the '--jsx' flag is provided.
src/ai-gateway/app/(zavorthControl)/control/ZavorthControlIcons.tsx(14,7): error TS17004: Cannot use JSX unless the '--jsx' flag is provided.
src/ai-gateway/app/(zavorthControl)/control/ZavorthControlIcons.tsx(15,7): error TS17004: Cannot use JSX unless the '--jsx' flag is provided.
src/ai-gateway/app/(zavorthControl)/control/ZavorthControlIcons.tsx(23,7): error TS17004: Cannot use JSX unless the '--jsx' flag is provided.
src/ai-gateway/app/(zavorthControl)/control/ZavorthControlIcons.tsx(30,5): error TS17004: Cannot use JSX unless the '--jsx' flag is provided.
src/ai-gateway/app/(zavorthControl)/control/ZavorthControlIcons.tsx(40,7): error TS17004: Cannot use JSX unless the '--jsx' flag is provided.
src/ai-gateway/app/(zavorthControl)/control/ZavorthControlIcons.tsx(41,7): error TS17004: Cannot use JSX unless the '--jsx' flag is provided.
src/ai-gateway/app/(zavorthControl)/control/ZavorthControlIcons.tsx(42,7): error TS17004: Cannot use JSX unless the '--jsx' flag is provided.
src/ai-gateway/app/(zavorthControl)/control/ZavorthControlIcons.tsx(43,7): error TS17004: Cannot use JSX unless the '--jsx' flag is provided.
src/ai-gateway/app/(zavorthControl)/control/ZavorthControlIcons.tsx(44,7): error TS17004: Cannot use JSX unless the '--jsx' flag is provided.
src/ai-gateway/app/(zavorthControl)/control/ZavorthControlIcons.tsx(45,7): error TS17004: Cannot use JSX unless the '--jsx' flag is provided.
src/ai-gateway/app/(zavorthControl)/control/ZavorthControlIcons.tsx(46,7): error TS17004: Cannot use JSX unless the '--jsx' flag is provided.
src/ai-gateway/app/(zavorthControl)/control/ZavorthControlIcons.tsx(47,7): error TS17004: Cannot use JSX unless the '--jsx' flag is provided.
src/ai-gateway/app/(zavorthControl)/control/ZavorthControlIcons.tsx(48,7): error TS17004: Cannot use JSX unless the '--jsx' flag is provided.
src/ai-gateway/app/(zavorthControl)/control/ZavorthControlIcons.tsx(55,5): error TS17004: Cannot use JSX unless the '--jsx' flag is provided.
src/ai-gateway/app/(zavorthControl)/control/ZavorthControlIcons.tsx(56,7): error TS17004: Cannot use JSX unless the '--jsx' flag is provided.
src/ai-gateway/app/(zavorthControl)/control/ZavorthControlIcons.tsx(63,5): error TS17004: Cannot use JSX unless the '--jsx' flag is provided.
src/ai-gateway/app/(zavorthControl)/control/ZavorthControlIcons.tsx(64,7): error TS17004: Cannot use JSX unless the '--jsx' flag is provided.
src/ai-gateway/app/(zavorthControl)/control/ZavorthControlIcons.tsx(65,7): error TS17004: Cannot use JSX unless the '--jsx' flag is provided.
src/ai-gateway/app/(zavorthControl)/control/ZavorthControlIcons.tsx(72,5): error TS17004: Cannot use JSX unless the '--jsx' flag is provided.
src/ai-gateway/app/(zavorthControl)/control/ZavorthControlIcons.tsx(73,7): error TS17004: Cannot use JSX unless the '--jsx' flag is provided.
src/ai-gateway/app/(zavorthControl)/control/ZavorthControlIcons.tsx(80,5): error TS17004: Cannot use JSX unless the '--jsx' flag is provided.
src/ai-gateway/app/(zavorthControl)/control/ZavorthControlIcons.tsx(81,7): error TS17004: Cannot use JSX unless the '--jsx' flag is provided.
src/ai-gateway/app/(zavorthControl)/control/ZavorthControlIcons.tsx(82,7): error TS17004: Cannot use JSX unless the '--jsx' flag is provided.
src/ai-gateway/app/(zavorthControl)/control/ZavorthControlIcons.tsx(83,7): error TS17004: Cannot use JSX unless the '--jsx' flag is provided.
src/ai-gateway/app/(zavorthControl)/control/ZavorthControlIcons.tsx(84,7): error TS17004: Cannot use JSX unless the '--jsx' flag is provided.
src/ai-gateway/app/(zavorthControl)/control/ZavorthControlIcons.tsx(91,5): error TS17004: Cannot use JSX unless the '--jsx' flag is provided.
src/ai-gateway/app/(zavorthControl)/control/ZavorthControlIcons.tsx(92,7): error TS17004: Cannot use JSX unless the '--jsx' flag is provided.
src/ai-gateway/app/(zavorthControl)/control/ZavorthControlIcons.tsx(93,7): error TS17004: Cannot use JSX unless the '--jsx' flag is provided.
src/ai-gateway/app/(zavorthControl)/control/ZavorthControlIcons.tsx(94,7): error TS17004: Cannot use JSX unless the '--jsx' flag is provided.
src/ai-gateway/app/(zavorthControl)/control/ZavorthControlIcons.tsx(95,7): error TS17004: Cannot use JSX unless the '--jsx' flag is provided.
src/ai-gateway/app/(zavorthControl)/control/ZavorthControlIcons.tsx(102,5): error TS17004: Cannot use JSX unless the '--jsx' flag is provided.
src/ai-gateway/app/(zavorthControl)/control/ZavorthControlIcons.tsx(103,7): error TS17004: Cannot use JSX unless the '--jsx' flag is provided.
src/ai-gateway/app/(zavorthControl)/control/ZavorthControlIcons.tsx(104,7): error TS17004: Cannot use JSX unless the '--jsx' flag is provided.
src/ai-gateway/app/(zavorthControl)/control/ZavorthControlIcons.tsx(105,7): error TS17004: Cannot use JSX unless the '--jsx' flag is provided.
src/ai-gateway/app/(zavorthControl)/control/ZavorthControlIcons.tsx(106,7): error TS17004: Cannot use JSX unless the '--jsx' flag is provided.
src/ai-gateway/app/(zavorthControl)/control/ZavorthControlIcons.tsx(107,7): error TS17004: Cannot use JSX unless the '--jsx' flag is provided.
src/ai-gateway/app/(zavorthControl)/control/ZavorthControlIcons.tsx(114,5): error TS17004: Cannot use JSX unless the '--jsx' flag is provided.
src/ai-gateway/app/(zavorthControl)/control/ZavorthControlIcons.tsx(115,7): error TS17004: Cannot use JSX unless the '--jsx' flag is provided.
src/ai-gateway/app/(zavorthControl)/control/ZavorthControlIcons.tsx(116,7): error TS17004: Cannot use JSX unless the '--jsx' flag is provided.
src/ai-gateway/app/(zavorthControl)/control/ZavorthControlIcons.tsx(117,7): error TS17004: Cannot use JSX unless the '--jsx' flag is provided.
src/ai-gateway/app/(zavorthControl)/control/ZavorthControlIcons.tsx(118,7): error TS17004: Cannot use JSX unless the '--jsx' flag is provided.
src/ai-gateway/app/(zavorthControl)/control/ZavorthControlIcons.tsx(125,5): error TS17004: Cannot use JSX unless the '--jsx' flag is provided.
src/ai-gateway/app/(zavorthControl)/control/ZavorthControlIcons.tsx(126,7): error TS17004: Cannot use JSX unless the '--jsx' flag is provided.
src/ai-gateway/app/(zavorthControl)/control/ZavorthControlIcons.tsx(127,7): error TS17004: Cannot use JSX unless the '--jsx' flag is provided.
src/ai-gateway/app/(zavorthControl)/control/ZavorthControlIcons.tsx(134,5): error TS17004: Cannot use JSX unless the '--jsx' flag is provided.
src/ai-gateway/app/(zavorthControl)/control/ZavorthControlIcons.tsx(135,7): error TS17004: Cannot use JSX unless the '--jsx' flag is provided.
src/ai-gateway/app/(zavorthControl)/control/ZavorthControlIcons.tsx(136,7): error TS17004: Cannot use JSX unless the '--jsx' flag is provided.
src/ai-gateway/app/(zavorthControl)/control/ZavorthControlIcons.tsx(137,7): error TS17004: Cannot use JSX unless the '--jsx' flag is provided.
src/ai-gateway/app/(zavorthControl)/control/ZavorthControlIcons.tsx(138,7): error TS17004: Cannot use JSX unless the '--jsx' flag is provided.
src/ai-gateway/app/(zavorthControl)/control/ZavorthControlIcons.tsx(145,5): error TS17004: Cannot use JSX unless the '--jsx' flag is provided.
src/ai-gateway/app/(zavorthControl)/control/ZavorthControlIcons.tsx(146,7): error TS17004: Cannot use JSX unless the '--jsx' flag is provided.
src/ai-gateway/app/(zavorthControl)/control/ZavorthControlIcons.tsx(153,5): error TS17004: Cannot use JSX unless the '--jsx' flag is provided.
src/ai-gateway/app/(zavorthControl)/control/ZavorthControlIcons.tsx(154,7): error TS17004: Cannot use JSX unless the '--jsx' flag is provided.
src/ai-gateway/app/(zavorthControl)/control/ZavorthControlIcons.tsx(155,7): error TS17004: Cannot use JSX unless the '--jsx' flag is provided.
src/ai-gateway/app/(zavorthControl)/control/ZavorthControlIcons.tsx(156,7): error TS17004: Cannot use JSX unless the '--jsx' flag is provided.
src/ai-gateway/app/(zavorthControl)/control/ZavorthControlIcons.tsx(157,7): error TS17004: Cannot use JSX unless the '--jsx' flag is provided.
src/ai-gateway/app/(zavorthControl)/control/ZavorthControlIcons.tsx(158,7): error TS17004: Cannot use JSX unless the '--jsx' flag is provided.
src/ai-gateway/app/(zavorthControl)/control/ZavorthControlIcons.tsx(159,7): error TS17004: Cannot use JSX unless the '--jsx' flag is provided.
src/ai-gateway/app/(zavorthControl)/control/ZavorthControlIcons.tsx(160,7): error TS17004: Cannot use JSX unless the '--jsx' flag is provided.
src/ai-gateway/app/(zavorthControl)/control/ZavorthControlIcons.tsx(161,7): error TS17004: Cannot use JSX unless the '--jsx' flag is provided.
src/ai-gateway/app/(zavorthControl)/control/ZavorthControlIcons.tsx(168,5): error TS17004: Cannot use JSX unless the '--jsx' flag is provided.
src/ai-gateway/app/(zavorthControl)/control/ZavorthControlIcons.tsx(169,7): error TS17004: Cannot use JSX unless the '--jsx' flag is provided.
src/ai-gateway/app/(zavorthControl)/control/ZavorthControlIcons.tsx(170,7): error TS17004: Cannot use JSX unless the '--jsx' flag is provided.
src/ai-gateway/app/(zavorthControl)/control/ZavorthControlIcons.tsx(171,7): error TS17004: Cannot use JSX unless the '--jsx' flag is provided.
src/ai-gateway/app/(zavorthControl)/control/ZavorthControlIcons.tsx(178,5): error TS17004: Cannot use JSX unless the '--jsx' flag is provided.
src/ai-gateway/app/(zavorthControl)/control/ZavorthControlIcons.tsx(179,7): error TS17004: Cannot use JSX unless the '--jsx' flag is provided.
src/ai-gateway/app/(zavorthControl)/control/ZavorthControlIcons.tsx(180,7): error TS17004: Cannot use JSX unless the '--jsx' flag is provided.
src/ai-gateway/app/(zavorthControl)/control/ZavorthControlIcons.tsx(187,5): error TS17004: Cannot use JSX unless the '--jsx' flag is provided.
src/ai-gateway/app/(zavorthControl)/control/ZavorthControlIcons.tsx(188,7): error TS17004: Cannot use JSX unless the '--jsx' flag is provided.
src/ai-gateway/app/(zavorthControl)/control/ZavorthControlIcons.tsx(189,7): error TS17004: Cannot use JSX unless the '--jsx' flag is provided.
src/ai-gateway/app/(zavorthControl)/control/ZavorthControlOverlays.tsx(7,8): error TS6142: Module './ZavorthControlIcons' was resolved to 'C:/TESTES DEV/1_PROJETOS_ATIVOS/Zavorth/src/ai-gateway/app/(zavorthControl)/control/ZavorthControlIcons.tsx', but '--jsx' is not set.
src/ai-gateway/app/(zavorthControl)/control/ZavorthControlOverlays.tsx(11,5): error TS17004: Cannot use JSX unless the '--jsx' flag is provided.
src/ai-gateway/app/(zavorthControl)/control/ZavorthControlOverlays.tsx(12,7): error TS17004: Cannot use JSX unless the '--jsx' flag is provided.
src/ai-gateway/app/(zavorthControl)/control/ZavorthControlOverlays.tsx(13,7): error TS17004: Cannot use JSX unless the '--jsx' flag is provided.
src/ai-gateway/app/(zavorthControl)/control/ZavorthControlOverlays.tsx(20,5): error TS17004: Cannot use JSX unless the '--jsx' flag is provided.
src/ai-gateway/app/(zavorthControl)/control/ZavorthControlOverlays.tsx(21,7): error TS17004: Cannot use JSX unless the '--jsx' flag is provided.
src/ai-gateway/app/(zavorthControl)/control/ZavorthControlOverlays.tsx(28,5): error TS17004: Cannot use JSX unless the '--jsx' flag is provided.
src/ai-gateway/app/(zavorthControl)/control/ZavorthControlOverlays.tsx(29,7): error TS17004: Cannot use JSX unless the '--jsx' flag is provided.
src/ai-gateway/app/(zavorthControl)/control/ZavorthControlOverlays.tsx(30,7): error TS17004: Cannot use JSX unless the '--jsx' flag is provided.
src/ai-gateway/app/(zavorthControl)/control/ZavorthControlOverlays.tsx(31,7): error TS17004: Cannot use JSX unless the '--jsx' flag is provided.
src/ai-gateway/app/(zavorthControl)/control/ZavorthControlOverlays.tsx(38,5): error TS17004: Cannot use JSX unless the '--jsx' flag is provided.
src/ai-gateway/app/(zavorthControl)/control/ZavorthControlOverlays.tsx(39,7): error TS17004: Cannot use JSX unless the '--jsx' flag is provided.
src/ai-gateway/app/(zavorthControl)/control/ZavorthControlOverlays.tsx(40,7): error TS17004: Cannot use JSX unless the '--jsx' flag is provided.
src/ai-gateway/app/(zavorthControl)/control/ZavorthControlOverlays.tsx(41,7): error TS17004: Cannot use JSX unless the '--jsx' flag is provided.
src/ai-gateway/app/(zavorthControl)/control/ZavorthControlOverlays.tsx(48,5): error TS17004: Cannot use JSX unless the '--jsx' flag is provided.
src/ai-gateway/app/(zavorthControl)/control/ZavorthControlOverlays.tsx(49,7): error TS17004: Cannot use JSX unless the '--jsx' flag is provided.
src/ai-gateway/app/(zavorthControl)/control/ZavorthControlOverlays.tsx(50,7): error TS17004: Cannot use JSX unless the '--jsx' flag is provided.
src/ai-gateway/app/(zavorthControl)/control/ZavorthControlOverlays.tsx(57,5): error TS17004: Cannot use JSX unless the '--jsx' flag is provided.
src/ai-gateway/app/(zavorthControl)/control/ZavorthControlOverlays.tsx(58,7): error TS17004: Cannot use JSX unless the '--jsx' flag is provided.
src/ai-gateway/app/(zavorthControl)/control/ZavorthControlOverlays.tsx(59,7): error TS17004: Cannot use JSX unless the '--jsx' flag is provided.
src/ai-gateway/app/(zavorthControl)/control/ZavorthControlOverlays.tsx(60,7): error TS17004: Cannot use JSX unless the '--jsx' flag is provided.
src/ai-gateway/app/(zavorthControl)/control/ZavorthControlOverlays.tsx(67,5): error TS17004: Cannot use JSX unless the '--jsx' flag is provided.
src/ai-gateway/app/(zavorthControl)/control/ZavorthControlOverlays.tsx(68,7): error TS17004: Cannot use JSX unless the '--jsx' flag is provided.
src/ai-gateway/app/(zavorthControl)/control/ZavorthControlOverlays.tsx(69,7): error TS17004: Cannot use JSX unless the '--jsx' flag is provided.
src/ai-gateway/app/(zavorthControl)/control/ZavorthControlOverlays.tsx(70,7): error TS17004: Cannot use JSX unless the '--jsx' flag is provided.
src/ai-gateway/app/(zavorthControl)/control/ZavorthControlOverlays.tsx(77,5): error TS17004: Cannot use JSX unless the '--jsx' flag is provided.
src/ai-gateway/app/(zavorthControl)/control/ZavorthControlOverlays.tsx(78,7): error TS17004: Cannot use JSX unless the '--jsx' flag is provided.
src/ai-gateway/app/(zavorthControl)/control/ZavorthControlOverlays.tsx(95,5): error TS17004: Cannot use JSX unless the '--jsx' flag is provided.
src/ai-gateway/app/(zavorthControl)/control/ZavorthControlOverlays.tsx(100,7): error TS17004: Cannot use JSX unless the '--jsx' flag is provided.
src/ai-gateway/app/(zavorthControl)/control/ZavorthControlOverlays.tsx(101,7): error TS17004: Cannot use JSX unless the '--jsx' flag is provided.
src/ai-gateway/app/(zavorthControl)/control/ZavorthControlOverlays.tsx(108,5): error TS17004: Cannot use JSX unless the '--jsx' flag is provided.
src/ai-gateway/app/(zavorthControl)/control/ZavorthControlOverlays.tsx(116,7): error TS17004: Cannot use JSX unless the '--jsx' flag is provided.
src/ai-gateway/app/(zavorthControl)/control/ZavorthControlOverlays.tsx(117,7): error TS17004: Cannot use JSX unless the '--jsx' flag is provided.
src/ai-gateway/app/(zavorthControl)/control/ZavorthControlOverlays.tsx(118,9): error TS17004: Cannot use JSX unless the '--jsx' flag is provided.
src/ai-gateway/app/(zavorthControl)/control/ZavorthControlOverlays.tsx(119,11): error TS17004: Cannot use JSX unless the '--jsx' flag is provided.
src/ai-gateway/app/(zavorthControl)/control/ZavorthControlOverlays.tsx(120,11): error TS17004: Cannot use JSX unless the '--jsx' flag is provided.
src/ai-gateway/app/(zavorthControl)/control/ZavorthControlOverlays.tsx(124,9): error TS17004: Cannot use JSX unless the '--jsx' flag is provided.
src/ai-gateway/app/(zavorthControl)/control/ZavorthControlOverlays.tsx(125,11): error TS17004: Cannot use JSX unless the '--jsx' flag is provided.
src/ai-gateway/app/(zavorthControl)/control/ZavorthControlOverlays.tsx(128,7): error TS17004: Cannot use JSX unless the '--jsx' flag is provided.
src/ai-gateway/app/(zavorthControl)/control/ZavorthControlOverlays.tsx(129,9): error TS17004: Cannot use JSX unless the '--jsx' flag is provided.
src/ai-gateway/app/(zavorthControl)/control/ZavorthControlOverlays.tsx(129,46): error TS17004: Cannot use JSX unless the '--jsx' flag is provided.
src/ai-gateway/app/(zavorthControl)/control/ZavorthControlOverlays.tsx(130,11): error TS17004: Cannot use JSX unless the '--jsx' flag is provided.
src/ai-gateway/app/(zavorthControl)/control/ZavorthControlOverlays.tsx(131,11): error TS17004: Cannot use JSX unless the '--jsx' flag is provided.
src/ai-gateway/app/(zavorthControl)/control/ZavorthControlOverlays.tsx(133,9): error TS17004: Cannot use JSX unless the '--jsx' flag is provided.
src/ai-gateway/app/(zavorthControl)/control/ZavorthControlOverlays.tsx(133,45): error TS17004: Cannot use JSX unless the '--jsx' flag is provided.
src/ai-gateway/app/(zavorthControl)/control/ZavorthControlOverlays.tsx(134,11): error TS17004: Cannot use JSX unless the '--jsx' flag is provided.
src/ai-gateway/app/(zavorthControl)/control/ZavorthControlOverlays.tsx(135,11): error TS17004: Cannot use JSX unless the '--jsx' flag is provided.
src/ai-gateway/app/(zavorthControl)/control/ZavorthControlOverlays.tsx(137,9): error TS17004: Cannot use JSX unless the '--jsx' flag is provided.
src/ai-gateway/app/(zavorthControl)/control/ZavorthControlOverlays.tsx(137,43): error TS17004: Cannot use JSX unless the '--jsx' flag is provided.
src/ai-gateway/app/(zavorthControl)/control/ZavorthControlOverlays.tsx(138,11): error TS17004: Cannot use JSX unless the '--jsx' flag is provided.
src/ai-gateway/app/(zavorthControl)/control/ZavorthControlOverlays.tsx(139,11): error TS17004: Cannot use JSX unless the '--jsx' flag is provided.
src/ai-gateway/app/(zavorthControl)/control/ZavorthControlOverlays.tsx(141,9): error TS17004: Cannot use JSX unless the '--jsx' flag is provided.
src/ai-gateway/app/(zavorthControl)/control/ZavorthControlOverlays.tsx(141,44): error TS17004: Cannot use JSX unless the '--jsx' flag is provided.
src/ai-gateway/app/(zavorthControl)/control/ZavorthControlOverlays.tsx(142,11): error TS17004: Cannot use JSX unless the '--jsx' flag is provided.
src/ai-gateway/app/(zavorthControl)/control/ZavorthControlOverlays.tsx(143,11): error TS17004: Cannot use JSX unless the '--jsx' flag is provided.
src/ai-gateway/app/(zavorthControl)/control/ZavorthControlOverlays.tsx(145,9): error TS17004: Cannot use JSX unless the '--jsx' flag is provided.
src/ai-gateway/app/(zavorthControl)/control/ZavorthControlOverlays.tsx(145,48): error TS17004: Cannot use JSX unless the '--jsx' flag is provided.
src/ai-gateway/app/(zavorthControl)/control/ZavorthControlOverlays.tsx(146,11): error TS17004: Cannot use JSX unless the '--jsx' flag is provided.
src/ai-gateway/app/(zavorthControl)/control/ZavorthControlOverlays.tsx(147,11): error TS17004: Cannot use JSX unless the '--jsx' flag is provided.
src/ai-gateway/app/(zavorthControl)/control/ZavorthControlOverlays.tsx(149,9): error TS17004: Cannot use JSX unless the '--jsx' flag is provided.
src/ai-gateway/app/(zavorthControl)/control/ZavorthControlOverlays.tsx(149,46): error TS17004: Cannot use JSX unless the '--jsx' flag is provided.
src/ai-gateway/app/(zavorthControl)/control/ZavorthControlOverlays.tsx(150,11): error TS17004: Cannot use JSX unless the '--jsx' flag is provided.
src/ai-gateway/app/(zavorthControl)/control/ZavorthControlOverlays.tsx(151,11): error TS17004: Cannot use JSX unless the '--jsx' flag is provided.
src/ai-gateway/app/(zavorthControl)/control/ZavorthControlOverlays.tsx(153,9): error TS17004: Cannot use JSX unless the '--jsx' flag is provided.
src/ai-gateway/app/(zavorthControl)/control/ZavorthControlOverlays.tsx(153,45): error TS17004: Cannot use JSX unless the '--jsx' flag is provided.
src/ai-gateway/app/(zavorthControl)/control/ZavorthControlOverlays.tsx(154,11): error TS17004: Cannot use JSX unless the '--jsx' flag is provided.
src/ai-gateway/app/(zavorthControl)/control/ZavorthControlOverlays.tsx(155,11): error TS17004: Cannot use JSX unless the '--jsx' flag is provided.
src/ai-gateway/app/(zavorthControl)/control/ZavorthControlOverlays.tsx(164,5): error TS17004: Cannot use JSX unless the '--jsx' flag is provided.
src/ai-gateway/app/(zavorthControl)/control/ZavorthControlOverlays.tsx(165,7): error TS17004: Cannot use JSX unless the '--jsx' flag is provided.
src/ai-gateway/app/(zavorthControl)/control/ZavorthControlOverlays.tsx(166,9): error TS17004: Cannot use JSX unless the '--jsx' flag is provided.
src/ai-gateway/app/(zavorthControl)/control/ZavorthControlOverlays.tsx(167,9): error TS17004: Cannot use JSX unless the '--jsx' flag is provided.
src/ai-gateway/app/(zavorthControl)/control/ZavorthControlOverlays.tsx(169,7): error TS17004: Cannot use JSX unless the '--jsx' flag is provided.
src/ai-gateway/app/(zavorthControl)/control/ZavorthControlOverlays.tsx(170,9): error TS17004: Cannot use JSX unless the '--jsx' flag is provided.
src/ai-gateway/app/(zavorthControl)/control/ZavorthControlOverlays.tsx(171,9): error TS17004: Cannot use JSX unless the '--jsx' flag is provided.
src/ai-gateway/app/(zavorthControl)/control/ZavorthControlOverlays.tsx(172,11): error TS17004: Cannot use JSX unless the '--jsx' flag is provided.
src/ai-gateway/app/(zavorthControl)/control/ZavorthControlOverlays.tsx(174,9): error TS17004: Cannot use JSX unless the '--jsx' flag is provided.
src/ai-gateway/app/(zavorthControl)/control/ZavorthControlOverlays.tsx(175,11): error TS17004: Cannot use JSX unless the '--jsx' flag is provided.
src/ai-gateway/app/(zavorthControl)/control/ZavorthControlOverlays.tsx(177,9): error TS17004: Cannot use JSX unless the '--jsx' flag is provided.
src/ai-gateway/app/(zavorthControl)/control/ZavorthControlOverlays.tsx(178,11): error TS17004: Cannot use JSX unless the '--jsx' flag is provided.
src/ai-gateway/app/(zavorthControl)/control/ZavorthControlOverlays.tsx(187,5): error TS17004: Cannot use JSX unless the '--jsx' flag is provided.
src/ai-gateway/app/(zavorthControl)/control/ZavorthControlOverlays.tsx(188,7): error TS17004: Cannot use JSX unless the '--jsx' flag is provided.
src/ai-gateway/app/(zavorthControl)/control/ZavorthControlOverlays.tsx(189,9): error TS17004: Cannot use JSX unless the '--jsx' flag is provided.
src/ai-gateway/app/(zavorthControl)/control/ZavorthControlOverlays.tsx(192,9): error TS17004: Cannot use JSX unless the '--jsx' flag is provided.
src/ai-gateway/app/(zavorthControl)/control/ZavorthControlOverlays.tsx(193,11): error TS17004: Cannot use JSX unless the '--jsx' flag is provided.
src/ai-gateway/app/(zavorthControl)/control/ZavorthControlOverlays.tsx(196,7): error TS17004: Cannot use JSX unless the '--jsx' flag is provided.
src/ai-gateway/app/(zavorthControl)/control/ZavorthControlOverlays.tsx(199,7): error TS17004: Cannot use JSX unless the '--jsx' flag is provided.
src/ai-gateway/app/(zavorthControl)/control/ZavorthControlOverlays.tsx(200,9): error TS17004: Cannot use JSX unless the '--jsx' flag is provided.
src/ai-gateway/app/(zavorthControl)/control/ZavorthControlOverlays.tsx(203,9): error TS17004: Cannot use JSX unless the '--jsx' flag is provided.
src/ai-gateway/app/(zavorthControl)/control/ZavorthControlOverlays.tsx(213,5): error TS17004: Cannot use JSX unless the '--jsx' flag is provided.
src/ai-gateway/app/(zavorthControl)/control/ZavorthControlOverlays.tsx(214,7): error TS17004: Cannot use JSX unless the '--jsx' flag is provided.
src/ai-gateway/app/(zavorthControl)/control/ZavorthControlOverlays.tsx(215,9): error TS17004: Cannot use JSX unless the '--jsx' flag is provided.
src/ai-gateway/app/(zavorthControl)/control/ZavorthControlOverlays.tsx(216,11): error TS17004: Cannot use JSX unless the '--jsx' flag is provided.
src/ai-gateway/app/(zavorthControl)/control/ZavorthControlOverlays.tsx(217,13): error TS17004: Cannot use JSX unless the '--jsx' flag is provided.
src/ai-gateway/app/(zavorthControl)/control/ZavorthControlOverlays.tsx(218,13): error TS17004: Cannot use JSX unless the '--jsx' flag is provided.
src/ai-gateway/app/(zavorthControl)/control/ZavorthControlOverlays.tsx(224,13): error TS17004: Cannot use JSX unless the '--jsx' flag is provided.
src/ai-gateway/app/(zavorthControl)/control/ZavorthControlOverlays.tsx(225,13): error TS17004: Cannot use JSX unless the '--jsx' flag is provided.
src/ai-gateway/app/(zavorthControl)/control/ZavorthControlOverlays.tsx(226,13): error TS17004: Cannot use JSX unless the '--jsx' flag is provided.
src/ai-gateway/app/(zavorthControl)/control/ZavorthControlOverlays.tsx(227,15): error TS17004: Cannot use JSX unless the '--jsx' flag is provided.
src/ai-gateway/app/(zavorthControl)/control/ZavorthControlOverlays.tsx(228,17): error TS17004: Cannot use JSX unless the '--jsx' flag is provided.
src/ai-gateway/app/(zavorthControl)/control/ZavorthControlOverlays.tsx(229,17): error TS17004: Cannot use JSX unless the '--jsx' flag is provided.
src/ai-gateway/app/(zavorthControl)/control/ZavorthControlOverlays.tsx(234,9): error TS17004: Cannot use JSX unless the '--jsx' flag is provided.
src/ai-gateway/app/(zavorthControl)/control/ZavorthControlOverlays.tsx(235,11): error TS17004: Cannot use JSX unless the '--jsx' flag is provided.
src/ai-gateway/app/(zavorthControl)/control/ZavorthControlOverlays.tsx(245,5): error TS17004: Cannot use JSX unless the '--jsx' flag is provided.
src/ai-gateway/app/(zavorthControl)/control/ZavorthControlOverlays.tsx(253,7): error TS17004: Cannot use JSX unless the '--jsx' flag is provided.
src/ai-gateway/app/(zavorthControl)/control/ZavorthControlOverlays.tsx(254,7): error TS17004: Cannot use JSX unless the '--jsx' flag is provided.
src/ai-gateway/app/(zavorthControl)/control/ZavorthControlOverlays.tsx(255,9): error TS17004: Cannot use JSX unless the '--jsx' flag is provided.
src/ai-gateway/app/(zavorthControl)/control/ZavorthControlOverlays.tsx(256,11): error TS17004: Cannot use JSX unless the '--jsx' flag is provided.
src/ai-gateway/app/(zavorthControl)/control/ZavorthControlOverlays.tsx(257,11): error TS17004: Cannot use JSX unless the '--jsx' flag is provided.
src/ai-gateway/app/(zavorthControl)/control/ZavorthControlOverlays.tsx(261,9): error TS17004: Cannot use JSX unless the '--jsx' flag is provided.
src/ai-gateway/app/(zavorthControl)/control/ZavorthControlOverlays.tsx(262,11): error TS17004: Cannot use JSX unless the '--jsx' flag is provided.
src/ai-gateway/app/(zavorthControl)/control/ZavorthControlOverlays.tsx(265,7): error TS17004: Cannot use JSX unless the '--jsx' flag is provided.
src/ai-gateway/app/(zavorthControl)/control/ZavorthControlOverlays.tsx(266,9): error TS17004: Cannot use JSX unless the '--jsx' flag is provided.
src/ai-gateway/app/(zavorthControl)/control/ZavorthControlOverlays.tsx(267,11): error TS17004: Cannot use JSX unless the '--jsx' flag is provided.
src/ai-gateway/app/(zavorthControl)/control/ZavorthControlOverlays.tsx(268,11): error TS17004: Cannot use JSX unless the '--jsx' flag is provided.
src/ai-gateway/app/(zavorthControl)/control/ZavorthControlOverlays.tsx(270,9): error TS17004: Cannot use JSX unless the '--jsx' flag is provided.
src/ai-gateway/app/(zavorthControl)/control/ZavorthControlOverlays.tsx(271,11): error TS17004: Cannot use JSX unless the '--jsx' flag is provided.
src/ai-gateway/app/(zavorthControl)/control/ZavorthControlOverlays.tsx(272,11): error TS17004: Cannot use JSX unless the '--jsx' flag is provided.
src/ai-gateway/app/(zavorthControl)/control/ZavorthControlOverlays.tsx(274,9): error TS17004: Cannot use JSX unless the '--jsx' flag is provided.
src/ai-gateway/app/(zavorthControl)/control/ZavorthControlOverlays.tsx(275,11): error TS17004: Cannot use JSX unless the '--jsx' flag is provided.
src/ai-gateway/app/(zavorthControl)/control/ZavorthControlOverlays.tsx(276,11): error TS17004: Cannot use JSX unless the '--jsx' flag is provided.
src/ai-gateway/app/(zavorthControl)/control/ZavorthControlOverlays.tsx(279,7): error TS17004: Cannot use JSX unless the '--jsx' flag is provided.
src/ai-gateway/app/(zavorthControl)/control/ZavorthControlOverlays.tsx(280,9): error TS17004: Cannot use JSX unless the '--jsx' flag is provided.
src/ai-gateway/app/(zavorthControl)/control/ZavorthControlOverlays.tsx(281,11): error TS17004: Cannot use JSX unless the '--jsx' flag is provided.
src/ai-gateway/app/(zavorthControl)/control/ZavorthControlOverlays.tsx(282,11): error TS17004: Cannot use JSX unless the '--jsx' flag is provided.
src/ai-gateway/app/(zavorthControl)/control/ZavorthControlOverlays.tsx(283,11): error TS17004: Cannot use JSX unless the '--jsx' flag is provided.
src/ai-gateway/app/(zavorthControl)/control/ZavorthControlOverlays.tsx(300,5): error TS17004: Cannot use JSX unless the '--jsx' flag is provided.
src/ai-gateway/app/(zavorthControl)/control/ZavorthControlOverlays.tsx(308,5): error TS17004: Cannot use JSX unless the '--jsx' flag is provided.
src/ai-gateway/app/(zavorthControl)/control/ZavorthControlOverlays.tsx(309,7): error TS17004: Cannot use JSX unless the '--jsx' flag is provided.
src/ai-gateway/app/(zavorthControl)/control/ZavorthControlOverlays.tsx(310,9): error TS17004: Cannot use JSX unless the '--jsx' flag is provided.
src/ai-gateway/app/(zavorthControl)/control/ZavorthControlOverlays.tsx(311,11): error TS17004: Cannot use JSX unless the '--jsx' flag is provided.
src/ai-gateway/app/(zavorthControl)/control/ZavorthControlOverlays.tsx(312,11): error TS17004: Cannot use JSX unless the '--jsx' flag is provided.
src/ai-gateway/app/(zavorthControl)/control/ZavorthControlOverlays.tsx(314,9): error TS17004: Cannot use JSX unless the '--jsx' flag is provided.
src/ai-gateway/app/(zavorthControl)/control/ZavorthControlOverlays.tsx(315,11): error TS17004: Cannot use JSX unless the '--jsx' flag is provided.
src/ai-gateway/app/(zavorthControl)/control/ZavorthControlOverlays.tsx(318,7): error TS17004: Cannot use JSX unless the '--jsx' flag is provided.
src/ai-gateway/app/(zavorthControl)/control/ZavorthControlOverlays.tsx(319,9): error TS17004: Cannot use JSX unless the '--jsx' flag is provided.
src/ai-gateway/app/(zavorthControl)/control/ZavorthControlOverlays.tsx(322,9): error TS17004: Cannot use JSX unless the '--jsx' flag is provided.
src/ai-gateway/app/(zavorthControl)/control/ZavorthControlOverlays.tsx(323,9): error TS17004: Cannot use JSX unless the '--jsx' flag is provided.
src/ai-gateway/app/(zavorthControl)/control/ZavorthControlOverlays.tsx(324,9): error TS17004: Cannot use JSX unless the '--jsx' flag is provided.
src/ai-gateway/app/(zavorthControl)/control/ZavorthControlOverlays.tsx(325,9): error TS17004: Cannot use JSX unless the '--jsx' flag is provided.
src/ai-gateway/app/(zavorthControl)/control/ZavorthControlOverlays.tsx(326,9): error TS17004: Cannot use JSX unless the '--jsx' flag is provided.
src/ai-gateway/app/(zavorthControl)/control/ZavorthControlOverlays.tsx(327,9): error TS17004: Cannot use JSX unless the '--jsx' flag is provided.
src/ai-gateway/app/(zavorthControl)/control/ZavorthControlOverlays.tsx(328,9): error TS17004: Cannot use JSX unless the '--jsx' flag is provided.
src/ai-gateway/app/(zavorthControl)/control/ZavorthControlOverlays.tsx(330,7): error TS17004: Cannot use JSX unless the '--jsx' flag is provided.
src/ai-gateway/app/(zavorthControl)/control/ZavorthControlOverlays.tsx(331,9): error TS17004: Cannot use JSX unless the '--jsx' flag is provided.
src/ai-gateway/app/(zavorthControl)/control/ZavorthControlOverlays.tsx(334,9): error TS17004: Cannot use JSX unless the '--jsx' flag is provided.
src/ai-gateway/app/(zavorthControl)/control/zavorthControlPageClient.main.tsx(5,5): error TS17004: Cannot use JSX unless the '--jsx' flag is provided.
src/ai-gateway/app/(zavorthControl)/control/zavorthControlPageClient.main.tsx(6,7): error TS17004: Cannot use JSX unless the '--jsx' flag is provided.
src/ai-gateway/app/(zavorthControl)/control/zavorthControlPageClient.main.tsx(7,9): error TS17004: Cannot use JSX unless the '--jsx' flag is provided.
src/ai-gateway/app/(zavorthControl)/control/zavorthControlPageClient.main.tsx(8,9): error TS17004: Cannot use JSX unless the '--jsx' flag is provided.
src/ai-gateway/app/(zavorthControl)/control/zavorthControlPageClient.main.tsx(9,9): error TS17004: Cannot use JSX unless the '--jsx' flag is provided.
src/ai-gateway/app/(zavorthControl)/control/zavorthControlPageClient.main.tsx(10,9): error TS17004: Cannot use JSX unless the '--jsx' flag is provided.
src/ai-gateway/app/(zavorthControl)/control/zavorthControlPageClient.main.tsx(13,7): error TS17004: Cannot use JSX unless the '--jsx' flag is provided.
src/ai-gateway/app/(zavorthControl)/control/zavorthControlPageClient.main.tsx(14,9): error TS17004: Cannot use JSX unless the '--jsx' flag is provided.
src/ai-gateway/app/(zavorthControl)/control/zavorthControlPageClient.main.tsx(15,9): error TS17004: Cannot use JSX unless the '--jsx' flag is provided.
src/ai-gateway/app/(zavorthControl)/control/zavorthControlPageClient.main.tsx(16,9): error TS17004: Cannot use JSX unless the '--jsx' flag is provided.
src/ai-gateway/app/(zavorthControl)/control/zavorthControlPageClient.main.tsx(19,7): error TS17004: Cannot use JSX unless the '--jsx' flag is provided.
src/ai-gateway/app/(zavorthControl)/control/zavorthControlPageClient.main.tsx(20,9): error TS17004: Cannot use JSX unless the '--jsx' flag is provided.
src/ai-gateway/app/(zavorthControl)/control/zavorthControlPageClient.main.tsx(21,9): error TS17004: Cannot use JSX unless the '--jsx' flag is provided.
src/ai-gateway/app/(zavorthControl)/control/zavorthControlPageClient.main.tsx(24,7): error TS17004: Cannot use JSX unless the '--jsx' flag is provided.
src/ai-gateway/app/(zavorthControl)/control/zavorthControlPageClient.main.tsx(25,9): error TS17004: Cannot use JSX unless the '--jsx' flag is provided.
src/ai-gateway/app/(zavorthControl)/control/zavorthControlPageClient.main.tsx(26,9): error TS17004: Cannot use JSX unless the '--jsx' flag is provided.
src/ai-gateway/app/(zavorthControl)/control/zavorthControlPageClient.main.tsx(29,7): error TS17004: Cannot use JSX unless the '--jsx' flag is provided.
src/ai-gateway/app/(zavorthControl)/control/zavorthControlPageClient.sidebar.tsx(5,5): error TS17004: Cannot use JSX unless the '--jsx' flag is provided.
src/ai-gateway/app/(zavorthControl)/control/zavorthControlPageClient.sidebar.tsx(6,7): error TS17004: Cannot use JSX unless the '--jsx' flag is provided.
src/ai-gateway/app/(zavorthControl)/control/zavorthControlPageClient.sidebar.tsx(7,7): error TS17004: Cannot use JSX unless the '--jsx' flag is provided.
src/ai-gateway/app/(zavorthControl)/control/zavorthControlPageClient.sidebar.tsx(8,7): error TS17004: Cannot use JSX unless the '--jsx' flag is provided.
src/ai-gateway/app/(zavorthControl)/control/zavorthControlPageClient.sidebar.tsx(9,7): error TS17004: Cannot use JSX unless the '--jsx' flag is provided.
src/ai-gateway/app/(zavorthControl)/control/zavorthControlPageClient.sidebar.tsx(10,7): error TS17004: Cannot use JSX unless the '--jsx' flag is provided.
src/ai-gateway/app/(zavorthControl)/control/zavorthControlPageClient.sidebar.tsx(11,7): error TS17004: Cannot use JSX unless the '--jsx' flag is provided.
src/ai-gateway/app/(zavorthControl)/control/ZavorthControlSurfaces.tsx(36,5): error TS17004: Cannot use JSX unless the '--jsx' flag is provided.
src/ai-gateway/app/(zavorthControl)/control/ZavorthControlSurfaces.tsx(37,7): error TS17004: Cannot use JSX unless the '--jsx' flag is provided.
src/ai-gateway/app/(zavorthControl)/control/ZavorthControlSurfaces.tsx(38,7): error TS17004: Cannot use JSX unless the '--jsx' flag is provided.
src/ai-gateway/app/(zavorthControl)/control/ZavorthControlSurfaces.tsx(39,7): error TS17004: Cannot use JSX unless the '--jsx' flag is provided.
src/ai-gateway/app/(zavorthControl)/control/ZavorthControlSurfaces.tsx(46,5): error TS17004: Cannot use JSX unless the '--jsx' flag is provided.
src/ai-gateway/app/(zavorthControl)/control/ZavorthControlSurfaces.tsx(47,7): error TS17004: Cannot use JSX unless the '--jsx' flag is provided.
src/ai-gateway/app/(zavorthControl)/control/ZavorthControlSurfaces.tsx(48,7): error TS17004: Cannot use JSX unless the '--jsx' flag is provided.
src/ai-gateway/app/(zavorthControl)/control/ZavorthControlSurfaces.tsx(55,5): error TS17004: Cannot use JSX unless the '--jsx' flag is provided.
src/ai-gateway/app/(zavorthControl)/control/ZavorthControlSurfaces.tsx(64,7): error TS17004: Cannot use JSX unless the '--jsx' flag is provided.
src/ai-gateway/app/(zavorthControl)/control/ZavorthControlSurfaces.tsx(65,7): error TS17004: Cannot use JSX unless the '--jsx' flag is provided.
src/ai-gateway/app/(zavorthControl)/control/ZavorthControlSurfaces.tsx(72,5): error TS17004: Cannot use JSX unless the '--jsx' flag is provided.
src/ai-gateway/app/(zavorthControl)/control/ZavorthControlSurfaces.tsx(73,7): error TS17004: Cannot use JSX unless the '--jsx' flag is provided.
src/ai-gateway/app/(zavorthControl)/control/ZavorthControlSurfaces.tsx(74,9): error TS17004: Cannot use JSX unless the '--jsx' flag is provided.
src/ai-gateway/app/(zavorthControl)/control/ZavorthControlSurfaces.tsx(75,11): error TS17004: Cannot use JSX unless the '--jsx' flag is provided.
src/ai-gateway/app/(zavorthControl)/control/ZavorthControlSurfaces.tsx(76,13): error TS17004: Cannot use JSX unless the '--jsx' flag is provided.
src/ai-gateway/app/(zavorthControl)/control/ZavorthControlSurfaces.tsx(77,13): error TS17004: Cannot use JSX unless the '--jsx' flag is provided.
src/ai-gateway/app/(zavorthControl)/control/ZavorthControlSurfaces.tsx(78,13): error TS17004: Cannot use JSX unless the '--jsx' flag is provided.
src/ai-gateway/app/(zavorthControl)/control/ZavorthControlSurfaces.tsx(80,22): error TS17004: Cannot use JSX unless the '--jsx' flag is provided.
src/ai-gateway/app/(zavorthControl)/control/ZavorthControlSurfaces.tsx(96,5): error TS17004: Cannot use JSX unless the '--jsx' flag is provided.
src/ai-gateway/app/(zavorthControl)/control/ZavorthControlSurfaces.tsx(97,7): error TS17004: Cannot use JSX unless the '--jsx' flag is provided.
src/ai-gateway/app/(zavorthControl)/control/ZavorthControlSurfaces.tsx(98,9): error TS17004: Cannot use JSX unless the '--jsx' flag is provided.
src/ai-gateway/app/(zavorthControl)/control/ZavorthControlSurfaces.tsx(99,11): error TS17004: Cannot use JSX unless the '--jsx' flag is provided.
src/ai-gateway/app/(zavorthControl)/control/ZavorthControlSurfaces.tsx(101,15): error TS17004: Cannot use JSX unless the '--jsx' flag is provided.
src/ai-gateway/app/(zavorthControl)/control/ZavorthControlSurfaces.tsx(105,9): error TS17004: Cannot use JSX unless the '--jsx' flag is provided.
src/ai-gateway/app/(zavorthControl)/control/ZavorthControlSurfaces.tsx(106,11): error TS17004: Cannot use JSX unless the '--jsx' flag is provided.
src/ai-gateway/app/(zavorthControl)/control/ZavorthControlSurfaces.tsx(107,13): error TS17004: Cannot use JSX unless the '--jsx' flag is provided.
src/ai-gateway/app/(zavorthControl)/control/ZavorthControlSurfaces.tsx(109,15): error TS17004: Cannot use JSX unless the '--jsx' flag is provided.
src/ai-gateway/app/(zavorthControl)/control/ZavorthControlSurfaces.tsx(120,5): error TS17004: Cannot use JSX unless the '--jsx' flag is provided.
src/ai-gateway/app/(zavorthControl)/control/ZavorthControlSurfaces.tsx(126,9): error TS17004: Cannot use JSX unless the '--jsx' flag is provided.
src/ai-gateway/app/(zavorthControl)/control/ZavorthControlSurfaces.tsx(131,7): error TS17004: Cannot use JSX unless the '--jsx' flag is provided.
src/ai-gateway/app/(zavorthControl)/control/ZavorthControlSurfaces.tsx(132,9): error TS17004: Cannot use JSX unless the '--jsx' flag is provided.
src/ai-gateway/app/(zavorthControl)/control/ZavorthControlSurfaces.tsx(133,11): error TS17004: Cannot use JSX unless the '--jsx' flag is provided.
src/ai-gateway/app/(zavorthControl)/control/ZavorthControlSurfaces.tsx(134,11): error TS17004: Cannot use JSX unless the '--jsx' flag is provided.
src/ai-gateway/app/(zavorthControl)/control/ZavorthControlSurfaces.tsx(135,13): error TS17004: Cannot use JSX unless the '--jsx' flag is provided.
src/ai-gateway/app/(zavorthControl)/control/ZavorthControlSurfaces.tsx(136,13): error TS17004: Cannot use JSX unless the '--jsx' flag is provided.
src/ai-gateway/app/(zavorthControl)/control/ZavorthControlSurfaces.tsx(137,13): error TS17004: Cannot use JSX unless the '--jsx' flag is provided.
src/ai-gateway/app/(zavorthControl)/control/ZavorthControlSurfaces.tsx(139,11): error TS17004: Cannot use JSX unless the '--jsx' flag is provided.
src/ai-gateway/app/(zavorthControl)/control/ZavorthControlSurfaces.tsx(140,13): error TS17004: Cannot use JSX unless the '--jsx' flag is provided.
src/ai-gateway/app/(zavorthControl)/control/ZavorthControlSurfaces.tsx(140,19): error TS17004: Cannot use JSX unless the '--jsx' flag is provided.
src/ai-gateway/app/(zavorthControl)/control/ZavorthControlSurfaces.tsx(140,67): error TS17004: Cannot use JSX unless the '--jsx' flag is provided.
src/ai-gateway/app/(zavorthControl)/control/ZavorthControlSurfaces.tsx(141,13): error TS17004: Cannot use JSX unless the '--jsx' flag is provided.
src/ai-gateway/app/(zavorthControl)/control/ZavorthControlSurfaces.tsx(141,19): error TS17004: Cannot use JSX unless the '--jsx' flag is provided.
src/ai-gateway/app/(zavorthControl)/control/ZavorthControlSurfaces.tsx(141,67): error TS17004: Cannot use JSX unless the '--jsx' flag is provided.
src/ai-gateway/app/(zavorthControl)/control/ZavorthControlSurfaces.tsx(142,13): error TS17004: Cannot use JSX unless the '--jsx' flag is provided.
src/ai-gateway/app/(zavorthControl)/control/ZavorthControlSurfaces.tsx(142,19): error TS17004: Cannot use JSX unless the '--jsx' flag is provided.
src/ai-gateway/app/(zavorthControl)/control/ZavorthControlSurfaces.tsx(142,66): error TS17004: Cannot use JSX unless the '--jsx' flag is provided.
src/ai-gateway/app/(zavorthControl)/control/ZavorthControlSurfaces.tsx(144,11): error TS17004: Cannot use JSX unless the '--jsx' flag is provided.
src/ai-gateway/app/(zavorthControl)/control/ZavorthControlSurfaces.tsx(145,13): error TS17004: Cannot use JSX unless the '--jsx' flag is provided.
src/ai-gateway/app/(zavorthControl)/control/ZavorthControlSurfaces.tsx(145,19): error TS17004: Cannot use JSX unless the '--jsx' flag is provided.
src/ai-gateway/app/(zavorthControl)/control/ZavorthControlSurfaces.tsx(145,66): error TS17004: Cannot use JSX unless the '--jsx' flag is provided.
src/ai-gateway/app/(zavorthControl)/control/ZavorthControlSurfaces.tsx(146,13): error TS17004: Cannot use JSX unless the '--jsx' flag is provided.
src/ai-gateway/app/(zavorthControl)/control/ZavorthControlSurfaces.tsx(146,19): error TS17004: Cannot use JSX unless the '--jsx' flag is provided.
src/ai-gateway/app/(zavorthControl)/control/ZavorthControlSurfaces.tsx(146,65): error TS17004: Cannot use JSX unless the '--jsx' flag is provided.
src/ai-gateway/app/(zavorthControl)/control/ZavorthControlSurfaces.tsx(147,13): error TS17004: Cannot use JSX unless the '--jsx' flag is provided.
src/ai-gateway/app/(zavorthControl)/control/ZavorthControlSurfaces.tsx(147,19): error TS17004: Cannot use JSX unless the '--jsx' flag is provided.
src/ai-gateway/app/(zavorthControl)/control/ZavorthControlSurfaces.tsx(147,65): error TS17004: Cannot use JSX unless the '--jsx' flag is provided.
src/ai-gateway/app/(zavorthControl)/control/ZavorthControlSurfaces.tsx(151,9): error TS17004: Cannot use JSX unless the '--jsx' flag is provided.
src/ai-gateway/app/(zavorthControl)/control/ZavorthControlSurfaces.tsx(152,11): error TS17004: Cannot use JSX unless the '--jsx' flag is provided.
src/ai-gateway/app/(zavorthControl)/control/ZavorthControlSurfaces.tsx(153,11): error TS17004: Cannot use JSX unless the '--jsx' flag is provided.
src/ai-gateway/app/(zavorthControl)/control/ZavorthControlSurfaces.tsx(154,13): error TS17004: Cannot use JSX unless the '--jsx' flag is provided.
src/ai-gateway/app/(zavorthControl)/control/ZavorthControlSurfaces.tsx(155,13): error TS17004: Cannot use JSX unless the '--jsx' flag is provided.
src/ai-gateway/app/(zavorthControl)/control/ZavorthControlSurfaces.tsx(159,9): error TS17004: Cannot use JSX unless the '--jsx' flag is provided.
src/ai-gateway/app/(zavorthControl)/control/ZavorthControlSurfaces.tsx(160,11): error TS17004: Cannot use JSX unless the '--jsx' flag is provided.
src/ai-gateway/app/(zavorthControl)/control/ZavorthControlSurfaces.tsx(161,11): error TS17004: Cannot use JSX unless the '--jsx' flag is provided.
src/ai-gateway/app/(zavorthControl)/control/ZavorthControlSurfaces.tsx(162,13): error TS17004: Cannot use JSX unless the '--jsx' flag is provided.
src/ai-gateway/app/(zavorthControl)/control/ZavorthControlSurfaces.tsx(162,43): error TS17004: Cannot use JSX unless the '--jsx' flag is provided.
src/ai-gateway/app/(zavorthControl)/control/ZavorthControlSurfaces.tsx(163,13): error TS17004: Cannot use JSX unless the '--jsx' flag is provided.
src/ai-gateway/app/(zavorthControl)/control/ZavorthControlSurfaces.tsx(164,13): error TS17004: Cannot use JSX unless the '--jsx' flag is provided.
src/ai-gateway/app/(zavorthControl)/control/ZavorthControlSurfaces.tsx(164,46): error TS17004: Cannot use JSX unless the '--jsx' flag is provided.
src/ai-gateway/app/(zavorthControl)/control/ZavorthControlSurfaces.tsx(165,13): error TS17004: Cannot use JSX unless the '--jsx' flag is provided.
src/ai-gateway/app/(zavorthControl)/control/ZavorthControlSurfaces.tsx(175,5): error TS17004: Cannot use JSX unless the '--jsx' flag is provided.
src/ai-gateway/app/(zavorthControl)/control/ZavorthControlSurfaces.tsx(180,16): error TS17004: Cannot use JSX unless the '--jsx' flag is provided.
src/ai-gateway/app/(zavorthControl)/control/ZavorthControlSurfaces.tsx(182,7): error TS17004: Cannot use JSX unless the '--jsx' flag is provided.
src/ai-gateway/app/(zavorthControl)/control/ZavorthControlSurfaces.tsx(183,9): error TS17004: Cannot use JSX unless the '--jsx' flag is provided.
src/ai-gateway/app/(zavorthControl)/control/ZavorthControlSurfaces.tsx(191,5): error TS17004: Cannot use JSX unless the '--jsx' flag is provided.
src/ai-gateway/app/(zavorthControl)/control/ZavorthControlSurfaces.tsx(196,16): error TS17004: Cannot use JSX unless the '--jsx' flag is provided.
src/ai-gateway/app/(zavorthControl)/control/ZavorthControlSurfaces.tsx(198,7): error TS17004: Cannot use JSX unless the '--jsx' flag is provided.
src/ai-gateway/app/(zavorthControl)/control/ZavorthControlSurfaces.tsx(199,9): error TS17004: Cannot use JSX unless the '--jsx' flag is provided.
src/ai-gateway/app/(zavorthControl)/control/ZavorthControlSurfaces.tsx(200,11): error TS17004: Cannot use JSX unless the '--jsx' flag is provided.
src/ai-gateway/app/(zavorthControl)/control/ZavorthControlSurfaces.tsx(201,11): error TS17004: Cannot use JSX unless the '--jsx' flag is provided.
src/ai-gateway/app/(zavorthControl)/control/ZavorthControlSurfaces.tsx(202,13): error TS17004: Cannot use JSX unless the '--jsx' flag is provided.
src/ai-gateway/app/(zavorthControl)/control/ZavorthControlSurfaces.tsx(203,13): error TS17004: Cannot use JSX unless the '--jsx' flag is provided.
src/ai-gateway/app/(zavorthControl)/control/ZavorthControlSurfaces.tsx(204,13): error TS17004: Cannot use JSX unless the '--jsx' flag is provided.
src/ai-gateway/app/(zavorthControl)/control/ZavorthControlSurfaces.tsx(206,11): error TS17004: Cannot use JSX unless the '--jsx' flag is provided.
src/ai-gateway/app/(zavorthControl)/control/ZavorthControlSurfaces.tsx(207,13): error TS17004: Cannot use JSX unless the '--jsx' flag is provided.
src/ai-gateway/app/(zavorthControl)/control/ZavorthControlSurfaces.tsx(207,19): error TS17004: Cannot use JSX unless the '--jsx' flag is provided.
src/ai-gateway/app/(zavorthControl)/control/ZavorthControlSurfaces.tsx(207,66): error TS17004: Cannot use JSX unless the '--jsx' flag is provided.
src/ai-gateway/app/(zavorthControl)/control/ZavorthControlSurfaces.tsx(208,13): error TS17004: Cannot use JSX unless the '--jsx' flag is provided.
src/ai-gateway/app/(zavorthControl)/control/ZavorthControlSurfaces.tsx(208,19): error TS17004: Cannot use JSX unless the '--jsx' flag is provided.
src/ai-gateway/app/(zavorthControl)/control/ZavorthControlSurfaces.tsx(208,61): error TS17004: Cannot use JSX unless the '--jsx' flag is provided.
src/ai-gateway/app/(zavorthControl)/control/ZavorthControlSurfaces.tsx(209,13): error TS17004: Cannot use JSX unless the '--jsx' flag is provided.
src/ai-gateway/app/(zavorthControl)/control/ZavorthControlSurfaces.tsx(209,19): error TS17004: Cannot use JSX unless the '--jsx' flag is provided.
src/ai-gateway/app/(zavorthControl)/control/ZavorthControlSurfaces.tsx(209,71): error TS17004: Cannot use JSX unless the '--jsx' flag is provided.
src/ai-gateway/app/(zavorthControl)/control/ZavorthControlSurfaces.tsx(211,11): error TS17004: Cannot use JSX unless the '--jsx' flag is provided.
src/ai-gateway/app/(zavorthControl)/control/ZavorthControlSurfaces.tsx(212,13): error TS17004: Cannot use JSX unless the '--jsx' flag is provided.
src/ai-gateway/app/(zavorthControl)/control/ZavorthControlSurfaces.tsx(213,13): error TS17004: Cannot use JSX unless the '--jsx' flag is provided.
src/ai-gateway/app/(zavorthControl)/control/ZavorthControlSurfaces.tsx(214,13): error TS17004: Cannot use JSX unless the '--jsx' flag is provided.
src/ai-gateway/app/(zavorthControl)/control/ZavorthControlSurfaces.tsx(215,13): error TS17004: Cannot use JSX unless the '--jsx' flag is provided.
src/ai-gateway/app/(zavorthControl)/control/ZavorthControlSurfaces.tsx(218,9): error TS17004: Cannot use JSX unless the '--jsx' flag is provided.
src/ai-gateway/app/(zavorthControl)/control/ZavorthControlSurfaces.tsx(219,11): error TS17004: Cannot use JSX unless the '--jsx' flag is provided.
src/ai-gateway/app/(zavorthControl)/control/ZavorthControlSurfaces.tsx(220,11): error TS17004: Cannot use JSX unless the '--jsx' flag is provided.
src/ai-gateway/app/(zavorthControl)/control/ZavorthControlSurfaces.tsx(221,13): error TS17004: Cannot use JSX unless the '--jsx' flag is provided.
src/ai-gateway/app/(zavorthControl)/control/ZavorthControlSurfaces.tsx(222,13): error TS17004: Cannot use JSX unless the '--jsx' flag is provided.
src/ai-gateway/app/(zavorthControl)/control/ZavorthControlSurfaces.tsx(223,13): error TS17004: Cannot use JSX unless the '--jsx' flag is provided.
src/ai-gateway/app/(zavorthControl)/control/ZavorthControlSurfaces.tsx(224,13): error TS17004: Cannot use JSX unless the '--jsx' flag is provided.
src/ai-gateway/app/(zavorthControl)/control/ZavorthControlSurfaces.tsx(234,5): error TS17004: Cannot use JSX unless the '--jsx' flag is provided.
src/ai-gateway/app/(zavorthControl)/control/ZavorthControlSurfaces.tsx(235,7): error TS17004: Cannot use JSX unless the '--jsx' flag is provided.
src/ai-gateway/app/(zavorthControl)/control/ZavorthControlSurfaces.tsx(236,9): error TS17004: Cannot use JSX unless the '--jsx' flag is provided.
src/ai-gateway/app/(zavorthControl)/control/ZavorthControlSurfaces.tsx(244,5): error TS17004: Cannot use JSX unless the '--jsx' flag is provided.
src/ai-gateway/app/(zavorthControl)/control/ZavorthControlSurfaces.tsx(249,16): error TS17004: Cannot use JSX unless the '--jsx' flag is provided.
src/ai-gateway/app/(zavorthControl)/control/ZavorthControlSurfaces.tsx(251,7): error TS17004: Cannot use JSX unless the '--jsx' flag is provided.
src/ai-gateway/app/(zavorthControl)/control/ZavorthControlSurfaces.tsx(252,9): error TS17004: Cannot use JSX unless the '--jsx' flag is provided.
src/ai-gateway/app/(zavorthControl)/control/ZavorthControlSurfaces.tsx(253,9): error TS17004: Cannot use JSX unless the '--jsx' flag is provided.
src/ai-gateway/app/(zavorthControl)/control/ZavorthControlSurfaces.tsx(254,9): error TS17004: Cannot use JSX unless the '--jsx' flag is provided.
src/ai-gateway/app/(zavorthControl)/control/ZavorthControlSurfaces.tsx(255,9): error TS17004: Cannot use JSX unless the '--jsx' flag is provided.
src/ai-gateway/app/(zavorthControl)/control/ZavorthControlSurfaces.tsx(256,9): error TS17004: Cannot use JSX unless the '--jsx' flag is provided.
src/ai-gateway/app/(zavorthControl)/control/ZavorthControlSurfaces.tsx(258,7): error TS17004: Cannot use JSX unless the '--jsx' flag is provided.
src/ai-gateway/app/(zavorthControl)/control/ZavorthControlSurfaces.tsx(259,9): error TS17004: Cannot use JSX unless the '--jsx' flag is provided.
src/ai-gateway/app/(zavorthControl)/control/ZavorthControlSurfaces.tsx(260,11): error TS17004: Cannot use JSX unless the '--jsx' flag is provided.
src/ai-gateway/app/(zavorthControl)/control/ZavorthControlSurfaces.tsx(261,11): error TS17004: Cannot use JSX unless the '--jsx' flag is provided.
src/ai-gateway/app/(zavorthControl)/control/ZavorthControlSurfaces.tsx(262,13): error TS17004: Cannot use JSX unless the '--jsx' flag is provided.
src/ai-gateway/app/(zavorthControl)/control/ZavorthControlSurfaces.tsx(263,13): error TS17004: Cannot use JSX unless the '--jsx' flag is provided.
src/ai-gateway/app/(zavorthControl)/control/ZavorthControlSurfaces.tsx(264,13): error TS17004: Cannot use JSX unless the '--jsx' flag is provided.
src/ai-gateway/app/(zavorthControl)/control/ZavorthControlSurfaces.tsx(266,11): error TS17004: Cannot use JSX unless the '--jsx' flag is provided.
src/ai-gateway/app/(zavorthControl)/control/ZavorthControlSurfaces.tsx(267,13): error TS17004: Cannot use JSX unless the '--jsx' flag is provided.
src/ai-gateway/app/(zavorthControl)/control/ZavorthControlSurfaces.tsx(267,19): error TS17004: Cannot use JSX unless the '--jsx' flag is provided.
src/ai-gateway/app/(zavorthControl)/control/ZavorthControlSurfaces.tsx(267,59): error TS17004: Cannot use JSX unless the '--jsx' flag is provided.
src/ai-gateway/app/(zavorthControl)/control/ZavorthControlSurfaces.tsx(268,13): error TS17004: Cannot use JSX unless the '--jsx' flag is provided.
src/ai-gateway/app/(zavorthControl)/control/ZavorthControlSurfaces.tsx(268,19): error TS17004: Cannot use JSX unless the '--jsx' flag is provided.
src/ai-gateway/app/(zavorthControl)/control/ZavorthControlSurfaces.tsx(268,65): error TS17004: Cannot use JSX unless the '--jsx' flag is provided.
src/ai-gateway/app/(zavorthControl)/control/ZavorthControlSurfaces.tsx(269,13): error TS17004: Cannot use JSX unless the '--jsx' flag is provided.
src/ai-gateway/app/(zavorthControl)/control/ZavorthControlSurfaces.tsx(269,19): error TS17004: Cannot use JSX unless the '--jsx' flag is provided.
src/ai-gateway/app/(zavorthControl)/control/ZavorthControlSurfaces.tsx(269,68): error TS17004: Cannot use JSX unless the '--jsx' flag is provided.
src/ai-gateway/app/(zavorthControl)/control/ZavorthControlSurfaces.tsx(271,11): error TS17004: Cannot use JSX unless the '--jsx' flag is provided.
src/ai-gateway/app/(zavorthControl)/control/ZavorthControlSurfaces.tsx(272,13): error TS17004: Cannot use JSX unless the '--jsx' flag is provided.
src/ai-gateway/app/(zavorthControl)/control/ZavorthControlSurfaces.tsx(273,15): error TS17004: Cannot use JSX unless the '--jsx' flag is provided.
src/ai-gateway/app/(zavorthControl)/control/ZavorthControlSurfaces.tsx(273,20): error TS17004: Cannot use JSX unless the '--jsx' flag is provided.
src/ai-gateway/app/(zavorthControl)/control/ZavorthControlSurfaces.tsx(273,45): error TS17004: Cannot use JSX unless the '--jsx' flag is provided.
src/ai-gateway/app/(zavorthControl)/control/ZavorthControlSurfaces.tsx(274,15): error TS17004: Cannot use JSX unless the '--jsx' flag is provided.
src/ai-gateway/app/(zavorthControl)/control/ZavorthControlSurfaces.tsx(275,15): error TS17004: Cannot use JSX unless the '--jsx' flag is provided.
src/ai-gateway/app/(zavorthControl)/control/ZavorthControlSurfaces.tsx(277,13): error TS17004: Cannot use JSX unless the '--jsx' flag is provided.
src/ai-gateway/app/(zavorthControl)/control/ZavorthControlSurfaces.tsx(278,15): error TS17004: Cannot use JSX unless the '--jsx' flag is provided.
src/ai-gateway/app/(zavorthControl)/control/ZavorthControlSurfaces.tsx(278,20): error TS17004: Cannot use JSX unless the '--jsx' flag is provided.
src/ai-gateway/app/(zavorthControl)/control/ZavorthControlSurfaces.tsx(278,45): error TS17004: Cannot use JSX unless the '--jsx' flag is provided.
src/ai-gateway/app/(zavorthControl)/control/ZavorthControlSurfaces.tsx(279,15): error TS17004: Cannot use JSX unless the '--jsx' flag is provided.
src/ai-gateway/app/(zavorthControl)/control/ZavorthControlSurfaces.tsx(280,15): error TS17004: Cannot use JSX unless the '--jsx' flag is provided.
src/ai-gateway/app/(zavorthControl)/control/ZavorthControlSurfaces.tsx(282,13): error TS17004: Cannot use JSX unless the '--jsx' flag is provided.
src/ai-gateway/app/(zavorthControl)/control/ZavorthControlSurfaces.tsx(283,15): error TS17004: Cannot use JSX unless the '--jsx' flag is provided.
src/ai-gateway/app/(zavorthControl)/control/ZavorthControlSurfaces.tsx(283,20): error TS17004: Cannot use JSX unless the '--jsx' flag is provided.
src/ai-gateway/app/(zavorthControl)/control/ZavorthControlSurfaces.tsx(283,41): error TS17004: Cannot use JSX unless the '--jsx' flag is provided.
src/ai-gateway/app/(zavorthControl)/control/ZavorthControlSurfaces.tsx(284,15): error TS17004: Cannot use JSX unless the '--jsx' flag is provided.
src/ai-gateway/app/(zavorthControl)/control/ZavorthControlSurfaces.tsx(285,15): error TS17004: Cannot use JSX unless the '--jsx' flag is provided.
src/ai-gateway/app/(zavorthControl)/control/ZavorthControlSurfaces.tsx(289,9): error TS17004: Cannot use JSX unless the '--jsx' flag is provided.
src/ai-gateway/app/(zavorthControl)/control/ZavorthControlSurfaces.tsx(290,11): error TS17004: Cannot use JSX unless the '--jsx' flag is provided.
src/ai-gateway/app/(zavorthControl)/control/ZavorthControlSurfaces.tsx(291,11): error TS17004: Cannot use JSX unless the '--jsx' flag is provided.
src/ai-gateway/app/(zavorthControl)/control/ZavorthControlSurfaces.tsx(292,13): error TS17004: Cannot use JSX unless the '--jsx' flag is provided.
src/ai-gateway/app/(zavorthControl)/control/ZavorthControlSurfaces.tsx(293,13): error TS17004: Cannot use JSX unless the '--jsx' flag is provided.
src/ai-gateway/app/(zavorthControl)/control/ZavorthControlSurfaces.tsx(294,13): error TS17004: Cannot use JSX unless the '--jsx' flag is provided.
src/ai-gateway/app/(zavorthControl)/control/ZavorthControlSurfaces.tsx(295,13): error TS17004: Cannot use JSX unless the '--jsx' flag is provided.
src/ai-gateway/app/(zavorthControl)/control/ZavorthControlSurfaces.tsx(305,5): error TS17004: Cannot use JSX unless the '--jsx' flag is provided.
src/ai-gateway/app/(zavorthControl)/control/ZavorthControlSurfaces.tsx(310,16): error TS17004: Cannot use JSX unless the '--jsx' flag is provided.
src/ai-gateway/app/(zavorthControl)/control/ZavorthControlSurfaces.tsx(312,7): error TS17004: Cannot use JSX unless the '--jsx' flag is provided.
src/ai-gateway/app/(zavorthControl)/control/ZavorthControlSurfaces.tsx(313,9): error TS17004: Cannot use JSX unless the '--jsx' flag is provided.
src/ai-gateway/app/(zavorthControl)/control/ZavorthControlSurfaces.tsx(314,9): error TS17004: Cannot use JSX unless the '--jsx' flag is provided.
src/ai-gateway/app/(zavorthControl)/control/ZavorthControlSurfaces.tsx(315,9): error TS17004: Cannot use JSX unless the '--jsx' flag is provided.
src/ai-gateway/app/(zavorthControl)/control/ZavorthControlSurfaces.tsx(316,9): error TS17004: Cannot use JSX unless the '--jsx' flag is provided.
src/ai-gateway/app/(zavorthControl)/control/ZavorthControlSurfaces.tsx(318,7): error TS17004: Cannot use JSX unless the '--jsx' flag is provided.
src/ai-gateway/app/(zavorthControl)/control/ZavorthControlSurfaces.tsx(319,9): error TS17004: Cannot use JSX unless the '--jsx' flag is provided.
src/ai-gateway/app/(zavorthControl)/control/ZavorthControlSurfaces.tsx(320,11): error TS17004: Cannot use JSX unless the '--jsx' flag is provided.
src/ai-gateway/app/(zavorthControl)/control/ZavorthControlSurfaces.tsx(321,11): error TS17004: Cannot use JSX unless the '--jsx' flag is provided.
src/ai-gateway/app/(zavorthControl)/control/ZavorthControlSurfaces.tsx(322,13): error TS17004: Cannot use JSX unless the '--jsx' flag is provided.
src/ai-gateway/app/(zavorthControl)/control/ZavorthControlSurfaces.tsx(323,13): error TS17004: Cannot use JSX unless the '--jsx' flag is provided.
src/ai-gateway/app/(zavorthControl)/control/ZavorthControlSurfaces.tsx(324,13): error TS17004: Cannot use JSX unless the '--jsx' flag is provided.
src/ai-gateway/app/(zavorthControl)/control/ZavorthControlSurfaces.tsx(326,11): error TS17004: Cannot use JSX unless the '--jsx' flag is provided.
src/ai-gateway/app/(zavorthControl)/control/ZavorthControlSurfaces.tsx(327,11): error TS17004: Cannot use JSX unless the '--jsx' flag is provided.
src/ai-gateway/app/(zavorthControl)/control/ZavorthControlSurfaces.tsx(328,13): error TS17004: Cannot use JSX unless the '--jsx' flag is provided.
src/ai-gateway/app/(zavorthControl)/control/ZavorthControlSurfaces.tsx(328,39): error TS17004: Cannot use JSX unless the '--jsx' flag is provided.
src/ai-gateway/app/(zavorthControl)/control/ZavorthControlSurfaces.tsx(328,86): error TS17004: Cannot use JSX unless the '--jsx' flag is provided.
src/ai-gateway/app/(zavorthControl)/control/ZavorthControlSurfaces.tsx(329,13): error TS17004: Cannot use JSX unless the '--jsx' flag is provided.
src/ai-gateway/app/(zavorthControl)/control/ZavorthControlSurfaces.tsx(329,39): error TS17004: Cannot use JSX unless the '--jsx' flag is provided.
src/ai-gateway/app/(zavorthControl)/control/ZavorthControlSurfaces.tsx(329,85): error TS17004: Cannot use JSX unless the '--jsx' flag is provided.
src/ai-gateway/app/(zavorthControl)/control/ZavorthControlSurfaces.tsx(330,13): error TS17004: Cannot use JSX unless the '--jsx' flag is provided.
src/ai-gateway/app/(zavorthControl)/control/ZavorthControlSurfaces.tsx(330,39): error TS17004: Cannot use JSX unless the '--jsx' flag is provided.
src/ai-gateway/app/(zavorthControl)/control/ZavorthControlSurfaces.tsx(330,86): error TS17004: Cannot use JSX unless the '--jsx' flag is provided.
src/ai-gateway/app/(zavorthControl)/control/ZavorthControlSurfaces.tsx(331,13): error TS17004: Cannot use JSX unless the '--jsx' flag is provided.
src/ai-gateway/app/(zavorthControl)/control/ZavorthControlSurfaces.tsx(331,39): error TS17004: Cannot use JSX unless the '--jsx' flag is provided.
src/ai-gateway/app/(zavorthControl)/control/ZavorthControlSurfaces.tsx(331,85): error TS17004: Cannot use JSX unless the '--jsx' flag is provided.
src/ai-gateway/app/(zavorthControl)/control/ZavorthControlSurfaces.tsx(333,11): error TS17004: Cannot use JSX unless the '--jsx' flag is provided.
src/ai-gateway/app/(zavorthControl)/control/ZavorthControlSurfaces.tsx(335,9): error TS17004: Cannot use JSX unless the '--jsx' flag is provided.
src/ai-gateway/app/(zavorthControl)/control/ZavorthControlSurfaces.tsx(336,11): error TS17004: Cannot use JSX unless the '--jsx' flag is provided.
src/ai-gateway/app/(zavorthControl)/control/ZavorthControlSurfaces.tsx(337,11): error TS17004: Cannot use JSX unless the '--jsx' flag is provided.
src/ai-gateway/app/(zavorthControl)/control/ZavorthControlSurfaces.tsx(338,13): error TS17004: Cannot use JSX unless the '--jsx' flag is provided.
src/ai-gateway/app/(zavorthControl)/control/ZavorthControlSurfaces.tsx(339,13): error TS17004: Cannot use JSX unless the '--jsx' flag is provided.
src/ai-gateway/app/(zavorthControl)/control/ZavorthControlSurfaces.tsx(340,13): error TS17004: Cannot use JSX unless the '--jsx' flag is provided.
src/ai-gateway/app/(zavorthControl)/control/ZavorthControlSurfaces.tsx(341,13): error TS17004: Cannot use JSX unless the '--jsx' flag is provided.
src/ai-gateway/app/(zavorthControl)/control/ZavorthControlSurfaces.tsx(351,5): error TS17004: Cannot use JSX unless the '--jsx' flag is provided.
src/ai-gateway/app/(zavorthControl)/control/ZavorthControlSurfaces.tsx(356,16): error TS17004: Cannot use JSX unless the '--jsx' flag is provided.
src/ai-gateway/app/(zavorthControl)/control/ZavorthControlSurfaces.tsx(358,7): error TS17004: Cannot use JSX unless the '--jsx' flag is provided.
src/ai-gateway/app/(zavorthControl)/control/ZavorthControlSurfaces.tsx(359,9): error TS17004: Cannot use JSX unless the '--jsx' flag is provided.
src/ai-gateway/app/(zavorthControl)/control/ZavorthControlSurfaces.tsx(360,11): error TS17004: Cannot use JSX unless the '--jsx' flag is provided.
src/ai-gateway/app/(zavorthControl)/control/ZavorthControlSurfaces.tsx(362,15): error TS17004: Cannot use JSX unless the '--jsx' flag is provided.
src/ai-gateway/app/(zavorthControl)/control/ZavorthControlSurfaces.tsx(363,17): error TS17004: Cannot use JSX unless the '--jsx' flag is provided.
src/ai-gateway/app/(zavorthControl)/control/ZavorthControlSurfaces.tsx(364,17): error TS17004: Cannot use JSX unless the '--jsx' flag is provided.
src/ai-gateway/app/(zavorthControl)/control/ZavorthControlSurfaces.tsx(369,9): error TS17004: Cannot use JSX unless the '--jsx' flag is provided.
src/ai-gateway/app/(zavorthControl)/control/ZavorthControlSurfaces.tsx(370,11): error TS17004: Cannot use JSX unless the '--jsx' flag is provided.
src/ai-gateway/app/(zavorthControl)/control/ZavorthControlSurfaces.tsx(371,11): error TS17004: Cannot use JSX unless the '--jsx' flag is provided.
src/ai-gateway/app/(zavorthControl)/control/ZavorthControlSurfaces.tsx(372,13): error TS17004: Cannot use JSX unless the '--jsx' flag is provided.
src/ai-gateway/app/(zavorthControl)/control/ZavorthControlSurfaces.tsx(373,13): error TS17004: Cannot use JSX unless the '--jsx' flag is provided.
src/ai-gateway/app/(zavorthControl)/control/ZavorthControlSurfaces.tsx(374,13): error TS17004: Cannot use JSX unless the '--jsx' flag is provided.
src/ai-gateway/app/(zavorthControl)/control/ZavorthControlSurfaces.tsx(375,13): error TS17004: Cannot use JSX unless the '--jsx' flag is provided.
src/ai-gateway/app/(zavorthControl)/layout.tsx(1,52): error TS7031: Binding element 'children' implicitly has an 'any' type.
src/ai-gateway/app/400/page.tsx(1,31): error TS2307: Cannot find module '@/shared/components/ErrorPageScaffold' or its corresponding type declarations.
src/ai-gateway/app/400/page.tsx(5,5): error TS17004: Cannot use JSX unless the '--jsx' flag is provided.
src/ai-gateway/app/401/page.tsx(1,31): error TS2307: Cannot find module '@/shared/components/ErrorPageScaffold' or its corresponding type declarations.
src/ai-gateway/app/401/page.tsx(5,5): error TS17004: Cannot use JSX unless the '--jsx' flag is provided.
src/ai-gateway/app/403/page.tsx(1,31): error TS2307: Cannot find module '@/shared/components/ErrorPageScaffold' or its corresponding type declarations.
src/ai-gateway/app/403/page.tsx(5,5): error TS17004: Cannot use JSX unless the '--jsx' flag is provided.
src/ai-gateway/app/408/page.tsx(1,31): error TS2307: Cannot find module '@/shared/components/ErrorPageScaffold' or its corresponding type declarations.
src/ai-gateway/app/408/page.tsx(5,5): error TS17004: Cannot use JSX unless the '--jsx' flag is provided.
src/ai-gateway/app/429/page.tsx(1,31): error TS2307: Cannot find module '@/shared/components/ErrorPageScaffold' or its corresponding type declarations.
src/ai-gateway/app/429/page.tsx(5,5): error TS17004: Cannot use JSX unless the '--jsx' flag is provided.
src/ai-gateway/app/500/page.tsx(1,31): error TS2307: Cannot find module '@/shared/components/ErrorPageScaffold' or its corresponding type declarations.
src/ai-gateway/app/500/page.tsx(5,5): error TS17004: Cannot use JSX unless the '--jsx' flag is provided.
src/ai-gateway/app/502/page.tsx(1,31): error TS2307: Cannot find module '@/shared/components/ErrorPageScaffold' or its corresponding type declarations.
src/ai-gateway/app/502/page.tsx(5,5): error TS17004: Cannot use JSX unless the '--jsx' flag is provided.
src/ai-gateway/app/503/page.tsx(1,31): error TS2307: Cannot find module '@/shared/components/ErrorPageScaffold' or its corresponding type declarations.
src/ai-gateway/app/503/page.tsx(5,5): error TS17004: Cannot use JSX unless the '--jsx' flag is provided.
src/ai-gateway/app/a2a/route.ts(14,43): error TS2307: Cannot find module 'next/server' or its corresponding type declarations.
src/ai-gateway/app/a2a/route.ts(15,32): error TS2307: Cannot find module '@/lib/a2a/taskManager' or its corresponding type declarations.
src/ai-gateway/app/a2a/route.ts(16,37): error TS2307: Cannot find module '@/lib/a2a/skills/smartRouting' or its corresponding type declarations.
src/ai-gateway/app/a2a/route.ts(17,40): error TS2307: Cannot find module '@/lib/a2a/skills/quotaManagement' or its corresponding type declarations.
src/ai-gateway/app/a2a/route.ts(18,36): error TS2307: Cannot find module '@/lib/a2a/routingLogger' or its corresponding type declarations.
src/ai-gateway/app/a2a/route.ts(19,46): error TS2307: Cannot find module '@/lib/a2a/streaming' or its corresponding type declarations.
src/ai-gateway/app/a2a/route.ts(20,41): error TS2307: Cannot find module '@/lib/a2a/taskExecution' or its corresponding type declarations.
src/ai-gateway/app/a2a/route.ts(21,57): error TS2307: Cannot find module '@/shared/utils/apiAuth' or its corresponding type declarations.
src/ai-gateway/app/a2a/route.ts(229,16): error TS7006: Parameter 't' implicitly has an 'any' type.
src/ai-gateway/app/api/a2a/status/route.ts(1,30): error TS2307: Cannot find module 'next/server' or its corresponding type declarations.
src/ai-gateway/app/api/a2a/status/route.ts(2,32): error TS2307: Cannot find module '@/lib/a2a/taskManager' or its corresponding type declarations.
src/ai-gateway/app/api/a2a/status/route.ts(11,40): error TS2307: Cannot find module '@/app/.well-known/agent.json/route' or its corresponding type declarations.
src/ai-gateway/app/api/a2a/tasks/[id]/cancel/route.ts(1,30): error TS2307: Cannot find module 'next/server' or its corresponding type declarations.
src/ai-gateway/app/api/a2a/tasks/[id]/cancel/route.ts(2,39): error TS2307: Cannot find module '@/lib/api/requireManagementAuth' or its corresponding type declarations.
src/ai-gateway/app/api/a2a/tasks/[id]/cancel/route.ts(3,32): error TS2307: Cannot find module '@/lib/a2a/taskManager' or its corresponding type declarations.
src/ai-gateway/app/api/a2a/tasks/[id]/route.ts(1,30): error TS2307: Cannot find module 'next/server' or its corresponding type declarations.
src/ai-gateway/app/api/a2a/tasks/[id]/route.ts(2,39): error TS2307: Cannot find module '@/lib/api/requireManagementAuth' or its corresponding type declarations.
src/ai-gateway/app/api/a2a/tasks/[id]/route.ts(3,32): error TS2307: Cannot find module '@/lib/a2a/taskManager' or its corresponding type declarations.
src/ai-gateway/app/api/a2a/tasks/route.ts(1,30): error TS2307: Cannot find module 'next/server' or its corresponding type declarations.
src/ai-gateway/app/api/a2a/tasks/route.ts(2,39): error TS2307: Cannot find module '@/lib/api/requireManagementAuth' or its corresponding type declarations.
src/ai-gateway/app/api/a2a/tasks/route.ts(3,48): error TS2307: Cannot find module '@/lib/a2a/taskManager' or its corresponding type declarations.
src/ai-gateway/app/api/acp/agents/route.ts(1,30): error TS2307: Cannot find module 'next/server' or its corresponding type declarations.
src/ai-gateway/app/api/acp/agents/route.ts(8,8): error TS2307: Cannot find module '@/lib/acp/registry' or its corresponding type declarations.
src/ai-gateway/app/api/acp/agents/route.ts(9,45): error TS2307: Cannot find module '@/lib/localDb' or its corresponding type declarations.
src/ai-gateway/app/api/acp/agents/route.ts(10,39): error TS2307: Cannot find module '@/lib/api/requireManagementAuth' or its corresponding type declarations.
src/ai-gateway/app/api/acp/agents/route.ts(11,34): error TS2307: Cannot find module '@/shared/validation/schemas' or its corresponding type declarations.
src/ai-gateway/app/api/acp/agents/route.ts(12,51): error TS2307: Cannot find module '@/shared/validation/helpers' or its corresponding type declarations.
src/ai-gateway/app/api/acp/agents/route.ts(26,38): error TS7006: Parameter 'a' implicitly has an 'any' type.
src/ai-gateway/app/api/acp/agents/route.ts(35,33): error TS7006: Parameter 'a' implicitly has an 'any' type.
src/ai-gateway/app/api/acp/agents/route.ts(36,32): error TS7006: Parameter 'a' implicitly has an 'any' type.
src/ai-gateway/app/api/analytics/diversity/route.ts(1,30): error TS2307: Cannot find module 'next/server' or its corresponding type declarations.
src/ai-gateway/app/api/analytics/diversity/route.ts(2,36): error TS2307: Cannot find module '../../../../../open-sse/services/autoCombo/providerDiversity' or its corresponding type declarations.
src/ai-gateway/app/api/analytics/diversity/route.ts(3,39): error TS2307: Cannot find module '@/lib/api/requireManagementAuth' or its corresponding type declarations.
src/ai-gateway/app/api/audit/route.ts(1,30): error TS2307: Cannot find module 'next/server' or its corresponding type declarations.
src/ai-gateway/app/api/audit/route.ts(8,8): error TS2307: Cannot find module '@/domain/configAudit' or its corresponding type declarations.
src/ai-gateway/app/api/audit/route.ts(9,45): error TS2307: Cannot find module '@/lib/api/requireManagementAuth' or its corresponding type declarations.
src/ai-gateway/app/api/auth/login/route.ts(1,30): error TS2307: Cannot find module 'next/server' or its corresponding type declarations.
src/ai-gateway/app/api/auth/login/route.ts(2,29): error TS2307: Cannot find module '@/lib/localDb' or its corresponding type declarations.
src/ai-gateway/app/api/auth/login/route.ts(5,25): error TS2307: Cannot find module 'next/headers' or its corresponding type declarations.
src/ai-gateway/app/api/auth/login/route.ts(7,29): error TS2307: Cannot find module '@/shared/validation/schemas' or its corresponding type declarations.
src/ai-gateway/app/api/auth/login/route.ts(8,51): error TS2307: Cannot find module '@/shared/validation/helpers' or its corresponding type declarations.
src/ai-gateway/app/api/auth/login/route.ts(14,8): error TS2307: Cannot find module '@/lib/rateLimiter' or its corresponding type declarations.
src/ai-gateway/app/api/auth/login/route.ts(33,41): error TS2339: Property 'entries' does not exist on type 'Headers'.
src/ai-gateway/app/api/auth/login/route.ts(62,28): error TS7006: Parameter 'request' implicitly has an 'any' type.
src/ai-gateway/app/api/auth/logout/route.ts(1,30): error TS2307: Cannot find module 'next/server' or its corresponding type declarations.
src/ai-gateway/app/api/auth/logout/route.ts(2,25): error TS2307: Cannot find module 'next/headers' or its corresponding type declarations.
src/ai-gateway/app/api/auth/status/route.ts(1,30): error TS2307: Cannot find module 'next/server' or its corresponding type declarations.
src/ai-gateway/app/api/auth/status/route.ts(2,25): error TS2307: Cannot find module 'next/headers' or its corresponding type declarations.
src/ai-gateway/app/api/auth/ticket/route.ts(1,30): error TS2307: Cannot find module 'next/server' or its corresponding type declarations.
src/ai-gateway/app/api/cache/entries/route.ts(1,43): error TS2307: Cannot find module 'next/server' or its corresponding type declarations.
src/ai-gateway/app/api/cache/entries/route.ts(2,31): error TS2307: Cannot find module '@/lib/db/core' or its corresponding type declarations.
src/ai-gateway/app/api/cache/entries/route.ts(3,39): error TS2307: Cannot find module '@/lib/api/requireManagementAuth' or its corresponding type declarations.
src/ai-gateway/app/api/cache/route.ts(1,43): error TS2307: Cannot find module 'next/server' or its corresponding type declarations.
src/ai-gateway/app/api/cache/route.ts(9,8): error TS2307: Cannot find module '@/lib/semanticCache' or its corresponding type declarations.
src/ai-gateway/app/api/cache/route.ts(10,37): error TS2307: Cannot find module '@/lib/idempotencyLayer' or its corresponding type declarations.
src/ai-gateway/app/api/cache/route.ts(11,48): error TS2307: Cannot find module '@/lib/db/settings' or its corresponding type declarations.
src/ai-gateway/app/api/cache/route.ts(12,39): error TS2307: Cannot find module '@/lib/api/requireManagementAuth' or its corresponding type declarations.
src/ai-gateway/app/api/cache/stats/route.ts(1,43): error TS2307: Cannot find module 'next/server' or its corresponding type declarations.
src/ai-gateway/app/api/cache/stats/route.ts(2,32): error TS2307: Cannot find module '@/lib/cacheLayer' or its corresponding type declarations.
src/ai-gateway/app/api/cache/stats/route.ts(3,39): error TS2307: Cannot find module '@/lib/api/requireManagementAuth' or its corresponding type declarations.
src/ai-gateway/app/api/cli-tools/_shared/externalExecutorSettingsRoute.ts(3,30): error TS2307: Cannot find module 'next/server' or its corresponding type declarations.
src/ai-gateway/app/api/cli-tools/_shared/externalExecutorSettingsRoute.ts(10,8): error TS2307: Cannot find module '@/shared/services/cliRuntime' or its corresponding type declarations.
src/ai-gateway/app/api/cli-tools/_shared/externalExecutorSettingsRoute.ts(11,30): error TS2307: Cannot find module '@/shared/services/backupService' or its corresponding type declarations.
src/ai-gateway/app/api/cli-tools/_shared/externalExecutorSettingsRoute.ts(12,72): error TS2307: Cannot find module '@/lib/db/cliToolState' or its corresponding type declarations.
src/ai-gateway/app/api/cli-tools/_shared/externalExecutorSettingsRoute.ts(13,38): error TS2307: Cannot find module '@/shared/validation/schemas' or its corresponding type declarations.
src/ai-gateway/app/api/cli-tools/_shared/externalExecutorSettingsRoute.ts(14,51): error TS2307: Cannot find module '@/shared/validation/helpers' or its corresponding type declarations.
src/ai-gateway/app/api/cli-tools/_shared/externalExecutorSettingsRoute.ts(15,31): error TS2307: Cannot find module '@/lib/localDb' or its corresponding type declarations.
src/ai-gateway/app/api/cli-tools/_shared/externalExecutorSettingsRoute.ts(16,39): error TS2307: Cannot find module '@/lib/api/requireManagementAuth' or its corresponding type declarations.
src/ai-gateway/app/api/cli-tools/backups/route.ts(3,30): error TS2307: Cannot find module 'next/server' or its corresponding type declarations.
src/ai-gateway/app/api/cli-tools/backups/route.ts(4,45): error TS2307: Cannot find module '@/lib/api/requireManagementAuth' or its corresponding type declarations.
src/ai-gateway/app/api/cli-tools/backups/route.ts(5,58): error TS2307: Cannot find module '@/shared/services/backupService' or its corresponding type declarations.
src/ai-gateway/app/api/cli-tools/backups/route.ts(6,45): error TS2307: Cannot find module '@/shared/services/cliRuntime' or its corresponding type declarations.
src/ai-gateway/app/api/cli-tools/backups/route.ts(7,41): error TS2307: Cannot find module '@/shared/validation/schemas' or its corresponding type declarations.
src/ai-gateway/app/api/cli-tools/backups/route.ts(8,51): error TS2307: Cannot find module '@/shared/validation/helpers' or its corresponding type declarations.
src/ai-gateway/app/api/cli-tools/backups/route.ts(26,27): error TS7006: Parameter 'entry' implicitly has an 'any' type.
src/ai-gateway/app/api/cli-tools/backups/route.ts(36,23): error TS7006: Parameter 'backup' implicitly has an 'any' type.
src/ai-gateway/app/api/cli-tools/backups/route.ts(44,27): error TS7006: Parameter 'request' implicitly has an 'any' type.
src/ai-gateway/app/api/cli-tools/backups/route.ts(65,7): error TS7053: Element implicitly has an 'any' type because expression of type 'string' can't be used to index type '{}'.
  No index signature with a parameter of type 'string' was found on type '{}'.
src/ai-gateway/app/api/cli-tools/backups/route.ts(69,43): error TS18046: 'error' is of type 'unknown'.
src/ai-gateway/app/api/cli-tools/backups/route.ts(75,28): error TS7006: Parameter 'request' implicitly has an 'any' type.
src/ai-gateway/app/api/cli-tools/backups/route.ts(120,44): error TS18046: 'error' is of type 'unknown'.
src/ai-gateway/app/api/cli-tools/backups/route.ts(122,16): error TS18046: 'error' is of type 'unknown'.
src/ai-gateway/app/api/cli-tools/backups/route.ts(129,30): error TS7006: Parameter 'request' implicitly has an 'any' type.
src/ai-gateway/app/api/cli-tools/backups/route.ts(169,43): error TS18046: 'error' is of type 'unknown'.
src/ai-gateway/app/api/cli-tools/claude-settings/route.ts(3,30): error TS2307: Cannot find module 'next/server' or its corresponding type declarations.
src/ai-gateway/app/api/cli-tools/claude-settings/route.ts(6,39): error TS2307: Cannot find module '@/lib/api/requireManagementAuth' or its corresponding type declarations.
src/ai-gateway/app/api/cli-tools/claude-settings/route.ts(11,8): error TS2307: Cannot find module '@/shared/services/cliRuntime' or its corresponding type declarations.
src/ai-gateway/app/api/cli-tools/claude-settings/route.ts(12,30): error TS2307: Cannot find module '@/shared/services/backupService' or its corresponding type declarations.
src/ai-gateway/app/api/cli-tools/claude-settings/route.ts(13,72): error TS2307: Cannot find module '@/lib/db/cliToolState' or its corresponding type declarations.
src/ai-gateway/app/api/cli-tools/claude-settings/route.ts(14,38): error TS2307: Cannot find module '@/shared/validation/schemas' or its corresponding type declarations.
src/ai-gateway/app/api/cli-tools/claude-settings/route.ts(15,51): error TS2307: Cannot find module '@/shared/validation/helpers' or its corresponding type declarations.
src/ai-gateway/app/api/cli-tools/claude-settings/route.ts(16,31): error TS2307: Cannot find module '@/lib/localDb' or its corresponding type declarations.
src/ai-gateway/app/api/cli-tools/cline-settings/route.ts(3,30): error TS2307: Cannot find module 'next/server' or its corresponding type declarations.
src/ai-gateway/app/api/cli-tools/cline-settings/route.ts(7,39): error TS2307: Cannot find module '@/lib/api/requireManagementAuth' or its corresponding type declarations.
src/ai-gateway/app/api/cli-tools/cline-settings/route.ts(8,66): error TS2307: Cannot find module '@/shared/services/cliRuntime' or its corresponding type declarations.
src/ai-gateway/app/api/cli-tools/cline-settings/route.ts(9,30): error TS2307: Cannot find module '@/shared/services/backupService' or its corresponding type declarations.
src/ai-gateway/app/api/cli-tools/cline-settings/route.ts(10,72): error TS2307: Cannot find module '@/lib/db/cliToolState' or its corresponding type declarations.
src/ai-gateway/app/api/cli-tools/cline-settings/route.ts(11,38): error TS2307: Cannot find module '@/shared/validation/schemas' or its corresponding type declarations.
src/ai-gateway/app/api/cli-tools/cline-settings/route.ts(12,51): error TS2307: Cannot find module '@/shared/validation/helpers' or its corresponding type declarations.
src/ai-gateway/app/api/cli-tools/cline-settings/route.ts(13,31): error TS2307: Cannot find module '@/lib/localDb' or its corresponding type declarations.
src/ai-gateway/app/api/cli-tools/codex-profiles/route.ts(3,30): error TS2307: Cannot find module 'next/server' or its corresponding type declarations.
src/ai-gateway/app/api/cli-tools/codex-profiles/route.ts(6,64): error TS2307: Cannot find module '@/shared/services/cliRuntime' or its corresponding type declarations.
src/ai-gateway/app/api/cli-tools/codex-profiles/route.ts(7,32): error TS2307: Cannot find module '@/lib/dataPaths' or its corresponding type declarations.
src/ai-gateway/app/api/cli-tools/codex-profiles/route.ts(8,62): error TS2307: Cannot find module '@/shared/validation/schemas' or its corresponding type declarations.
src/ai-gateway/app/api/cli-tools/codex-profiles/route.ts(9,51): error TS2307: Cannot find module '@/shared/validation/helpers' or its corresponding type declarations.
src/ai-gateway/app/api/cli-tools/codex-profiles/route.ts(10,39): error TS2307: Cannot find module '@/lib/api/requireManagementAuth' or its corresponding type declarations.
src/ai-gateway/app/api/cli-tools/codex-profiles/route.ts(38,27): error TS7006: Parameter 'authJson' implicitly has an 'any' type.
src/ai-gateway/app/api/cli-tools/codex-profiles/route.ts(94,50): error TS18046: 'error' is of type 'unknown'.
src/ai-gateway/app/api/cli-tools/codex-profiles/route.ts(100,28): error TS7006: Parameter 'request' implicitly has an 'any' type.
src/ai-gateway/app/api/cli-tools/codex-profiles/route.ts(183,48): error TS18046: 'error' is of type 'unknown'.
src/ai-gateway/app/api/cli-tools/codex-profiles/route.ts(189,27): error TS7006: Parameter 'request' implicitly has an 'any' type.
src/ai-gateway/app/api/cli-tools/codex-profiles/route.ts(235,48): error TS2307: Cannot find module '@/shared/services/backupService' or its corresponding type declarations.
src/ai-gateway/app/api/cli-tools/codex-profiles/route.ts(257,52): error TS18046: 'error' is of type 'unknown'.
src/ai-gateway/app/api/cli-tools/codex-profiles/route.ts(263,30): error TS7006: Parameter 'request' implicitly has an 'any' type.
src/ai-gateway/app/api/cli-tools/codex-profiles/route.ts(293,11): error TS18046: 'err' is of type 'unknown'.
src/ai-gateway/app/api/cli-tools/codex-profiles/route.ts(304,50): error TS18046: 'error' is of type 'unknown'.
src/ai-gateway/app/api/cli-tools/codex-settings/route.ts(3,30): error TS2307: Cannot find module 'next/server' or its corresponding type declarations.
src/ai-gateway/app/api/cli-tools/codex-settings/route.ts(6,39): error TS2307: Cannot find module '@/lib/api/requireManagementAuth' or its corresponding type declarations.
src/ai-gateway/app/api/cli-tools/codex-settings/route.ts(11,8): error TS2307: Cannot find module '@/shared/services/cliRuntime' or its corresponding type declarations.
src/ai-gateway/app/api/cli-tools/codex-settings/route.ts(12,35): error TS2307: Cannot find module '@/shared/services/backupService' or its corresponding type declarations.
src/ai-gateway/app/api/cli-tools/codex-settings/route.ts(13,72): error TS2307: Cannot find module '@/lib/db/cliToolState' or its corresponding type declarations.
src/ai-gateway/app/api/cli-tools/codex-settings/route.ts(14,38): error TS2307: Cannot find module '@/shared/validation/schemas' or its corresponding type declarations.
src/ai-gateway/app/api/cli-tools/codex-settings/route.ts(15,51): error TS2307: Cannot find module '@/shared/validation/helpers' or its corresponding type declarations.
src/ai-gateway/app/api/cli-tools/codex-settings/route.ts(16,31): error TS2307: Cannot find module '@/lib/localDb' or its corresponding type declarations.
src/ai-gateway/app/api/cli-tools/codex-settings/route.ts(75,20): error TS2769: No overload matches this call.
  Overload 1 of 2, '(o: { [s: string]: unknown; } | ArrayLike<unknown>): [string, unknown][]', gave the following error.
    Argument of type 'unknown' is not assignable to parameter of type '{ [s: string]: unknown; } | ArrayLike<unknown>'.
  Overload 2 of 2, '(o: {}): [string, any][]', gave the following error.
    Argument of type 'unknown' is not assignable to parameter of type '{}'.
src/ai-gateway/app/api/cli-tools/droid-settings/route.ts(3,30): error TS2307: Cannot find module 'next/server' or its corresponding type declarations.
src/ai-gateway/app/api/cli-tools/droid-settings/route.ts(6,39): error TS2307: Cannot find module '@/lib/api/requireManagementAuth' or its corresponding type declarations.
src/ai-gateway/app/api/cli-tools/droid-settings/route.ts(11,8): error TS2307: Cannot find module '@/shared/services/cliRuntime' or its corresponding type declarations.
src/ai-gateway/app/api/cli-tools/droid-settings/route.ts(12,30): error TS2307: Cannot find module '@/shared/services/backupService' or its corresponding type declarations.
src/ai-gateway/app/api/cli-tools/droid-settings/route.ts(13,72): error TS2307: Cannot find module '@/lib/db/cliToolState' or its corresponding type declarations.
src/ai-gateway/app/api/cli-tools/droid-settings/route.ts(14,38): error TS2307: Cannot find module '@/shared/validation/schemas' or its corresponding type declarations.
src/ai-gateway/app/api/cli-tools/droid-settings/route.ts(15,51): error TS2307: Cannot find module '@/shared/validation/helpers' or its corresponding type declarations.
src/ai-gateway/app/api/cli-tools/droid-settings/route.ts(16,31): error TS2307: Cannot find module '@/lib/localDb' or its corresponding type declarations.
src/ai-gateway/app/api/cli-tools/droid-settings/route.ts(36,38): error TS7006: Parameter 'm' implicitly has an 'any' type.
src/ai-gateway/app/api/cli-tools/droid-settings/route.ts(165,59): error TS7006: Parameter 'm' implicitly has an 'any' type.
src/ai-gateway/app/api/cli-tools/droid-settings/route.ts(239,61): error TS7006: Parameter 'm' implicitly has an 'any' type.
src/ai-gateway/app/api/cli-tools/external-executor/auto-order/route.ts(1,30): error TS2307: Cannot find module 'next/server' or its corresponding type declarations.
src/ai-gateway/app/api/cli-tools/external-executor/auto-order/route.ts(2,46): error TS2307: Cannot find module '@/shared/utils/resolveZavorthGatewayBaseUrl' or its corresponding type declarations.
src/ai-gateway/app/api/cli-tools/external-executor/auto-order/route.ts(3,39): error TS2307: Cannot find module '@/lib/api/requireManagementAuth' or its corresponding type declarations.
src/ai-gateway/app/api/cli-tools/guide-settings/[toolId]/route.ts(1,30): error TS2307: Cannot find module 'next/server' or its corresponding type declarations.
src/ai-gateway/app/api/cli-tools/guide-settings/[toolId]/route.ts(5,33): error TS2307: Cannot find module '@/lib/runtime/ports' or its corresponding type declarations.
src/ai-gateway/app/api/cli-tools/guide-settings/[toolId]/route.ts(6,39): error TS2307: Cannot find module '@/shared/services/cliRuntime' or its corresponding type declarations.
src/ai-gateway/app/api/cli-tools/guide-settings/[toolId]/route.ts(7,37): error TS2307: Cannot find module '@/shared/services/opencodeConfig' or its corresponding type declarations.
src/ai-gateway/app/api/cli-tools/guide-settings/[toolId]/route.ts(8,41): error TS2307: Cannot find module '@/shared/validation/schemas' or its corresponding type declarations.
src/ai-gateway/app/api/cli-tools/guide-settings/[toolId]/route.ts(9,51): error TS2307: Cannot find module '@/shared/validation/helpers' or its corresponding type declarations.
src/ai-gateway/app/api/cli-tools/guide-settings/[toolId]/route.ts(10,39): error TS2307: Cannot find module '@/lib/api/requireManagementAuth' or its corresponding type declarations.
src/ai-gateway/app/api/cli-tools/guide-settings/[toolId]/route.ts(18,28): error TS7006: Parameter 'request' implicitly has an 'any' type.
src/ai-gateway/app/api/cli-tools/guide-settings/[toolId]/route.ts(18,39): error TS7031: Binding element 'params' implicitly has an 'any' type.
src/ai-gateway/app/api/cli-tools/guide-settings/[toolId]/route.ts(67,37): error TS7031: Binding element 'baseUrl' implicitly has an 'any' type.
src/ai-gateway/app/api/cli-tools/guide-settings/[toolId]/route.ts(67,46): error TS7031: Binding element 'apiKey' implicitly has an 'any' type.
src/ai-gateway/app/api/cli-tools/guide-settings/[toolId]/route.ts(67,54): error TS7031: Binding element 'model' implicitly has an 'any' type.
src/ai-gateway/app/api/cli-tools/guide-settings/[toolId]/route.ts(109,6): error TS7006: Parameter 'm' implicitly has an 'any' type.
src/ai-gateway/app/api/cli-tools/guide-settings/[toolId]/route.ts(146,37): error TS7031: Binding element 'baseUrl' implicitly has an 'any' type.
src/ai-gateway/app/api/cli-tools/guide-settings/[toolId]/route.ts(146,46): error TS7031: Binding element 'apiKey' implicitly has an 'any' type.
src/ai-gateway/app/api/cli-tools/guide-settings/[toolId]/route.ts(146,54): error TS7031: Binding element 'model' implicitly has an 'any' type.
src/ai-gateway/app/api/cli-tools/kilo-settings/route.ts(3,30): error TS2307: Cannot find module 'next/server' or its corresponding type declarations.
src/ai-gateway/app/api/cli-tools/kilo-settings/route.ts(7,39): error TS2307: Cannot find module '@/lib/api/requireManagementAuth' or its corresponding type declarations.
src/ai-gateway/app/api/cli-tools/kilo-settings/route.ts(8,66): error TS2307: Cannot find module '@/shared/services/cliRuntime' or its corresponding type declarations.
src/ai-gateway/app/api/cli-tools/kilo-settings/route.ts(9,30): error TS2307: Cannot find module '@/shared/services/backupService' or its corresponding type declarations.
src/ai-gateway/app/api/cli-tools/kilo-settings/route.ts(10,72): error TS2307: Cannot find module '@/lib/db/cliToolState' or its corresponding type declarations.
src/ai-gateway/app/api/cli-tools/kilo-settings/route.ts(11,38): error TS2307: Cannot find module '@/shared/validation/schemas' or its corresponding type declarations.
src/ai-gateway/app/api/cli-tools/kilo-settings/route.ts(12,51): error TS2307: Cannot find module '@/shared/validation/helpers' or its corresponding type declarations.
src/ai-gateway/app/api/cli-tools/kilo-settings/route.ts(13,31): error TS2307: Cannot find module '@/lib/localDb' or its corresponding type declarations.
src/ai-gateway/app/api/cli-tools/kilo-settings/route.ts(25,9): error TS18046: 'error' is of type 'unknown'.
src/ai-gateway/app/api/cli-tools/kilo-settings/route.ts(31,34): error TS7006: Parameter 'auth' implicitly has an 'any' type.
src/ai-gateway/app/api/cli-tools/kilo-settings/route.ts(87,11): error TS7053: Element implicitly has an 'any' type because expression of type 'string' can't be used to index type '{}'.
  No index signature with a parameter of type 'string' was found on type '{}'.
src/ai-gateway/app/api/cli-tools/kilo-settings/route.ts(115,28): error TS7006: Parameter 'request' implicitly has an 'any' type.
src/ai-gateway/app/api/cli-tools/kilo-settings/route.ts(179,5): error TS7053: Element implicitly has an 'any' type because expression of type '"openai-compatible"' can't be used to index type '{}'.
  Property 'openai-compatible' does not exist on type '{}'.
src/ai-gateway/app/api/cli-tools/kilo-settings/route.ts(206,7): error TS7053: Element implicitly has an 'any' type because expression of type '"kilocode.customProvider"' can't be used to index type '{}'.
  Property 'kilocode.customProvider' does not exist on type '{}'.
src/ai-gateway/app/api/cli-tools/kilo-settings/route.ts(211,7): error TS7053: Element implicitly has an 'any' type because expression of type '"kilocode.defaultModel"' can't be used to index type '{}'.
  Property 'kilocode.defaultModel' does not exist on type '{}'.
src/ai-gateway/app/api/cli-tools/kilo-settings/route.ts(256,11): error TS18046: 'error' is of type 'unknown'.
src/ai-gateway/app/api/cli-tools/kilo-settings/route.ts(263,12): error TS7053: Element implicitly has an 'any' type because expression of type '"openai-compatible"' can't be used to index type '{}'.
  Property 'openai-compatible' does not exist on type '{}'.
src/ai-gateway/app/api/cli-tools/kilo-settings/route.ts(264,12): error TS7053: Element implicitly has an 'any' type because expression of type '"ZavorthGateway"' can't be used to index type '{}'.
  Property 'ZavorthGateway' does not exist on type '{}'.
src/ai-gateway/app/api/cli-tools/runtime/[toolId]/route.ts(3,30): error TS2307: Cannot find module 'next/server' or its corresponding type declarations.
src/ai-gateway/app/api/cli-tools/runtime/[toolId]/route.ts(8,8): error TS2307: Cannot find module '@/shared/services/cliRuntime' or its corresponding type declarations.
src/ai-gateway/app/api/cli-tools/runtime/[toolId]/route.ts(9,39): error TS2307: Cannot find module '@/lib/api/requireManagementAuth' or its corresponding type declarations.
src/ai-gateway/app/api/cli-tools/runtime/[toolId]/route.ts(11,27): error TS7006: Parameter 'request' implicitly has an 'any' type.
src/ai-gateway/app/api/cli-tools/runtime/[toolId]/route.ts(11,38): error TS7031: Binding element 'params' implicitly has an 'any' type.
src/ai-gateway/app/api/cli-tools/status/route.ts(3,30): error TS2307: Cannot find module 'next/server' or its corresponding type declarations.
src/ai-gateway/app/api/cli-tools/status/route.ts(9,8): error TS2307: Cannot find module '@/shared/services/cliRuntime' or its corresponding type declarations.
src/ai-gateway/app/api/cli-tools/status/route.ts(10,45): error TS2307: Cannot find module '@/lib/db/cliToolState' or its corresponding type declarations.
src/ai-gateway/app/api/cli-tools/status/route.ts(11,33): error TS2307: Cannot find module '@/lib/runtime/ports' or its corresponding type declarations.
src/ai-gateway/app/api/cli-tools/status/route.ts(12,39): error TS2307: Cannot find module '@/lib/api/requireManagementAuth' or its corresponding type declarations.
src/ai-gateway/app/api/cli-tools/status/route.ts(69,31): error TS7006: Parameter 'toolId' implicitly has an 'any' type.
src/ai-gateway/app/api/cli-tools/status/route.ts(83,11): error TS7053: Element implicitly has an 'any' type because expression of type 'any' can't be used to index type '{}'.
src/ai-gateway/app/api/cli-tools/status/route.ts(91,11): error TS7053: Element implicitly has an 'any' type because expression of type 'any' can't be used to index type '{}'.
src/ai-gateway/app/api/cli-tools/status/route.ts(94,21): error TS18046: 'error' is of type 'unknown'.
src/ai-gateway/app/api/cli-tools/status/route.ts(105,14): error TS7053: Element implicitly has an 'any' type because expression of type 'string' can't be used to index type '{}'.
  No index signature with a parameter of type 'string' was found on type '{}'.
src/ai-gateway/app/api/cli-tools/status/route.ts(108,14): error TS7053: Element implicitly has an 'any' type because expression of type 'string' can't be used to index type '{}'.
  No index signature with a parameter of type 'string' was found on type '{}'.
src/ai-gateway/app/api/cli-tools/status/route.ts(108,45): error TS7053: Element implicitly has an 'any' type because expression of type 'string' can't be used to index type '{}'.
  No index signature with a parameter of type 'string' was found on type '{}'.
src/ai-gateway/app/api/cli-tools/status/route.ts(109,11): error TS7053: Element implicitly has an 'any' type because expression of type 'string' can't be used to index type '{}'.
  No index signature with a parameter of type 'string' was found on type '{}'.
src/ai-gateway/app/api/cli-tools/status/route.ts(112,9): error TS7053: Element implicitly has an 'any' type because expression of type 'string' can't be used to index type '{}'.
  No index signature with a parameter of type 'string' was found on type '{}'.
src/ai-gateway/app/api/cli-tools/status/route.ts(120,13): error TS7053: Element implicitly has an 'any' type because expression of type 'string' can't be used to index type '{}'.
  No index signature with a parameter of type 'string' was found on type '{}'.
src/ai-gateway/app/api/cli-tools/status/route.ts(121,11): error TS7053: Element implicitly has an 'any' type because expression of type 'string' can't be used to index type '{}'.
  No index signature with a parameter of type 'string' was found on type '{}'.
src/ai-gateway/app/api/cli-tools/zavorth-bridge-mitm/alias/route.ts(3,30): error TS2307: Cannot find module 'next/server' or its corresponding type declarations.
src/ai-gateway/app/api/cli-tools/zavorth-bridge-mitm/alias/route.ts(4,47): error TS2307: Cannot find module '@/models' or its corresponding type declarations.
src/ai-gateway/app/api/cli-tools/zavorth-bridge-mitm/alias/route.ts(5,39): error TS2307: Cannot find module '@/lib/api/requireManagementAuth' or its corresponding type declarations.
src/ai-gateway/app/api/cli-tools/zavorth-bridge-mitm/alias/route.ts(6,42): error TS2307: Cannot find module '@/shared/validation/schemas' or its corresponding type declarations.
src/ai-gateway/app/api/cli-tools/zavorth-bridge-mitm/alias/route.ts(7,51): error TS2307: Cannot find module '@/shared/validation/helpers' or its corresponding type declarations.
src/ai-gateway/app/api/cli-tools/zavorth-bridge-mitm/alias/route.ts(10,27): error TS7006: Parameter 'request' implicitly has an 'any' type.
src/ai-gateway/app/api/cli-tools/zavorth-bridge-mitm/alias/route.ts(26,27): error TS7006: Parameter 'request' implicitly has an 'any' type.
src/ai-gateway/app/api/cli-tools/zavorth-bridge-mitm/route.ts(5,30): error TS2307: Cannot find module 'next/server' or its corresponding type declarations.
src/ai-gateway/app/api/cli-tools/zavorth-bridge-mitm/route.ts(6,68): error TS2307: Cannot find module '@/lib/api/requireManagementAuth' or its corresponding type declarations.
src/ai-gateway/app/api/cli-tools/zavorth-bridge-mitm/route.ts(7,55): error TS2307: Cannot find module '@/shared/validation/schemas' or its corresponding type declarations.
src/ai-gateway/app/api/cli-tools/zavorth-bridge-mitm/route.ts(8,51): error TS2307: Cannot find module '@/shared/validation/helpers' or its corresponding type declarations.
src/ai-gateway/app/api/cli-tools/zavorth-bridge-mitm/route.ts(16,63): error TS2307: Cannot find module '@/mitm/manager' or its corresponding type declarations.
src/ai-gateway/app/api/cli-tools/zavorth-bridge-mitm/route.ts(26,47): error TS18046: 'error' is of type 'unknown'.
src/ai-gateway/app/api/cli-tools/zavorth-bridge-mitm/route.ts(32,28): error TS7006: Parameter 'request' implicitly has an 'any' type.
src/ai-gateway/app/api/cli-tools/zavorth-bridge-mitm/route.ts(57,78): error TS2307: Cannot find module '@/mitm/manager' or its corresponding type declarations.
src/ai-gateway/app/api/cli-tools/zavorth-bridge-mitm/route.ts(77,41): error TS18046: 'error' is of type 'unknown'.
src/ai-gateway/app/api/cli-tools/zavorth-bridge-mitm/route.ts(79,16): error TS18046: 'error' is of type 'unknown'.
src/ai-gateway/app/api/cli-tools/zavorth-bridge-mitm/route.ts(86,30): error TS7006: Parameter 'request' implicitly has an 'any' type.
src/ai-gateway/app/api/cli-tools/zavorth-bridge-mitm/route.ts(111,77): error TS2307: Cannot find module '@/mitm/manager' or its corresponding type declarations.
src/ai-gateway/app/api/cli-tools/zavorth-bridge-mitm/route.ts(124,41): error TS18046: 'error' is of type 'unknown'.
src/ai-gateway/app/api/cli-tools/zavorth-bridge-mitm/route.ts(126,16): error TS18046: 'error' is of type 'unknown'.
src/ai-gateway/app/api/cloud/auth/route.ts(1,30): error TS2307: Cannot find module 'next/server' or its corresponding type declarations.
src/ai-gateway/app/api/cloud/auth/route.ts(2,73): error TS2307: Cannot find module '@/models' or its corresponding type declarations.
src/ai-gateway/app/api/cloud/auth/route.ts(5,28): error TS7006: Parameter 'request' implicitly has an 'any' type.
src/ai-gateway/app/api/cloud/auth/route.ts(35,48): error TS7006: Parameter 'conn' implicitly has an 'any' type.
src/ai-gateway/app/api/cloud/credentials/update/route.ts(1,30): error TS2307: Cannot find module 'next/server' or its corresponding type declarations.
src/ai-gateway/app/api/cloud/credentials/update/route.ts(2,82): error TS2307: Cannot find module '@/models' or its corresponding type declarations.
src/ai-gateway/app/api/cloud/credentials/update/route.ts(3,45): error TS2307: Cannot find module '@/shared/validation/schemas' or its corresponding type declarations.
src/ai-gateway/app/api/cloud/credentials/update/route.ts(4,51): error TS2307: Cannot find module '@/shared/validation/helpers' or its corresponding type declarations.
src/ai-gateway/app/api/cloud/credentials/update/route.ts(5,45): error TS2307: Cannot find module '@/lib/api/requireManagementAuth' or its corresponding type declarations.
src/ai-gateway/app/api/cloud/model/resolve/route.ts(1,30): error TS2307: Cannot find module 'next/server' or its corresponding type declarations.
src/ai-gateway/app/api/cloud/model/resolve/route.ts(2,49): error TS2307: Cannot find module '@/models' or its corresponding type declarations.
src/ai-gateway/app/api/cloud/model/resolve/route.ts(3,41): error TS2307: Cannot find module '@/shared/validation/schemas' or its corresponding type declarations.
src/ai-gateway/app/api/cloud/model/resolve/route.ts(4,51): error TS2307: Cannot find module '@/shared/validation/helpers' or its corresponding type declarations.
src/ai-gateway/app/api/cloud/models/alias/route.ts(1,30): error TS2307: Cannot find module 'next/server' or its corresponding type declarations.
src/ai-gateway/app/api/cloud/models/alias/route.ts(2,80): error TS2307: Cannot find module '@/models' or its corresponding type declarations.
src/ai-gateway/app/api/cloud/models/alias/route.ts(3,40): error TS2307: Cannot find module '@/shared/utils/machineId' or its corresponding type declarations.
src/ai-gateway/app/api/cloud/models/alias/route.ts(4,29): error TS2307: Cannot find module '@/lib/cloudSync' or its corresponding type declarations.
src/ai-gateway/app/api/cloud/models/alias/route.ts(5,45): error TS2307: Cannot find module '@/shared/validation/schemas' or its corresponding type declarations.
src/ai-gateway/app/api/cloud/models/alias/route.ts(6,51): error TS2307: Cannot find module '@/shared/validation/helpers' or its corresponding type declarations.
src/ai-gateway/app/api/cloud/models/alias/route.ts(85,27): error TS7006: Parameter 'request' implicitly has an 'any' type.
src/ai-gateway/app/api/combos/[id]/route.ts(1,30): error TS2307: Cannot find module 'next/server' or its corresponding type declarations.
src/ai-gateway/app/api/combos/[id]/route.ts(9,8): error TS2307: Cannot find module '@/lib/localDb' or its corresponding type declarations.
src/ai-gateway/app/api/combos/[id]/route.ts(10,40): error TS2307: Cannot find module '@/shared/utils/machineId' or its corresponding type declarations.
src/ai-gateway/app/api/combos/[id]/route.ts(11,29): error TS2307: Cannot find module '@/lib/cloudSync' or its corresponding type declarations.
src/ai-gateway/app/api/combos/[id]/route.ts(12,34): error TS2307: Cannot find module '@ZavorthGateway/open-sse/services/combo.ts' or its corresponding type declarations.
src/ai-gateway/app/api/combos/[id]/route.ts(13,39): error TS2307: Cannot find module '@/lib/api/requireManagementAuth' or its corresponding type declarations.
src/ai-gateway/app/api/combos/[id]/route.ts(14,35): error TS2307: Cannot find module '@/shared/validation/schemas' or its corresponding type declarations.
src/ai-gateway/app/api/combos/[id]/route.ts(15,51): error TS2307: Cannot find module '@/shared/validation/helpers' or its corresponding type declarations.
src/ai-gateway/app/api/combos/[id]/route.ts(18,27): error TS7006: Parameter 'request' implicitly has an 'any' type.
src/ai-gateway/app/api/combos/[id]/route.ts(18,38): error TS7031: Binding element 'params' implicitly has an 'any' type.
src/ai-gateway/app/api/combos/[id]/route.ts(38,27): error TS7006: Parameter 'request' implicitly has an 'any' type.
src/ai-gateway/app/api/combos/[id]/route.ts(38,38): error TS7031: Binding element 'params' implicitly has an 'any' type.
src/ai-gateway/app/api/combos/[id]/route.ts(77,44): error TS7006: Parameter 'c' implicitly has an 'any' type.
src/ai-gateway/app/api/combos/[id]/route.ts(83,45): error TS18046: 'dagError' is of type 'unknown'.
src/ai-gateway/app/api/combos/[id]/route.ts(105,30): error TS7006: Parameter 'request' implicitly has an 'any' type.
src/ai-gateway/app/api/combos/[id]/route.ts(105,41): error TS7031: Binding element 'params' implicitly has an 'any' type.
src/ai-gateway/app/api/combos/metrics/route.ts(1,30): error TS2307: Cannot find module 'next/server' or its corresponding type declarations.
src/ai-gateway/app/api/combos/metrics/route.ts(7,8): error TS2307: Cannot find module '@ZavorthGateway/open-sse/services/comboMetrics.ts' or its corresponding type declarations.
src/ai-gateway/app/api/combos/metrics/route.ts(8,39): error TS2307: Cannot find module '@/lib/api/requireManagementAuth' or its corresponding type declarations.
src/ai-gateway/app/api/combos/metrics/route.ts(11,27): error TS7006: Parameter 'request' implicitly has an 'any' type.
src/ai-gateway/app/api/combos/metrics/route.ts(36,30): error TS7006: Parameter 'request' implicitly has an 'any' type.
src/ai-gateway/app/api/combos/reorder/route.ts(1,30): error TS2307: Cannot find module 'next/server' or its corresponding type declarations.
src/ai-gateway/app/api/combos/reorder/route.ts(2,47): error TS2307: Cannot find module '@/lib/localDb' or its corresponding type declarations.
src/ai-gateway/app/api/combos/reorder/route.ts(3,40): error TS2307: Cannot find module '@/shared/utils/machineId' or its corresponding type declarations.
src/ai-gateway/app/api/combos/reorder/route.ts(4,29): error TS2307: Cannot find module '@/lib/cloudSync' or its corresponding type declarations.
src/ai-gateway/app/api/combos/reorder/route.ts(5,39): error TS2307: Cannot find module '@/lib/api/requireManagementAuth' or its corresponding type declarations.
src/ai-gateway/app/api/combos/reorder/route.ts(6,37): error TS2307: Cannot find module '@/shared/validation/schemas' or its corresponding type declarations.
src/ai-gateway/app/api/combos/reorder/route.ts(7,51): error TS2307: Cannot find module '@/shared/validation/helpers' or its corresponding type declarations.
src/ai-gateway/app/api/combos/reorder/route.ts(10,28): error TS7006: Parameter 'request' implicitly has an 'any' type.
src/ai-gateway/app/api/combos/route.ts(1,30): error TS2307: Cannot find module 'next/server' or its corresponding type declarations.
src/ai-gateway/app/api/combos/route.ts(2,72): error TS2307: Cannot find module '@/lib/localDb' or its corresponding type declarations.
src/ai-gateway/app/api/combos/route.ts(3,40): error TS2307: Cannot find module '@/shared/utils/machineId' or its corresponding type declarations.
src/ai-gateway/app/api/combos/route.ts(4,29): error TS2307: Cannot find module '@/lib/cloudSync' or its corresponding type declarations.
src/ai-gateway/app/api/combos/route.ts(5,34): error TS2307: Cannot find module '@ZavorthGateway/open-sse/services/combo.ts' or its corresponding type declarations.
src/ai-gateway/app/api/combos/route.ts(6,39): error TS2307: Cannot find module '@/lib/api/requireManagementAuth' or its corresponding type declarations.
src/ai-gateway/app/api/combos/route.ts(7,35): error TS2307: Cannot find module '@/shared/validation/schemas' or its corresponding type declarations.
src/ai-gateway/app/api/combos/route.ts(8,51): error TS2307: Cannot find module '@/shared/validation/helpers' or its corresponding type declarations.
src/ai-gateway/app/api/combos/route.ts(25,28): error TS7006: Parameter 'request' implicitly has an 'any' type.
src/ai-gateway/app/api/combos/route.ts(52,41): error TS18046: 'dagError' is of type 'unknown'.
src/ai-gateway/app/api/combos/test/route.ts(2,30): error TS2307: Cannot find module 'next/server' or its corresponding type declarations.
src/ai-gateway/app/api/combos/test/route.ts(3,73): error TS2307: Cannot find module '@/lib/combos/testHealth' or its corresponding type declarations.
src/ai-gateway/app/api/combos/test/route.ts(4,32): error TS2307: Cannot find module '@/lib/localDb' or its corresponding type declarations.
src/ai-gateway/app/api/combos/test/route.ts(5,42): error TS2307: Cannot find module '@/sse/transportPlane' or its corresponding type declarations.
src/ai-gateway/app/api/combos/test/route.ts(6,39): error TS2307: Cannot find module '@/lib/api/requireManagementAuth' or its corresponding type declarations.
src/ai-gateway/app/api/combos/test/route.ts(7,33): error TS2307: Cannot find module '@/shared/validation/schemas' or its corresponding type declarations.
src/ai-gateway/app/api/combos/test/route.ts(8,51): error TS2307: Cannot find module '@/shared/validation/helpers' or its corresponding type declarations.
src/ai-gateway/app/api/combos/test/route.ts(10,31): error TS7006: Parameter 'modelStr' implicitly has an 'any' type.
src/ai-gateway/app/api/combos/test/route.ts(10,41): error TS7006: Parameter 'internalUrl' implicitly has an 'any' type.
src/ai-gateway/app/api/combos/test/route.ts(85,14): error TS18046: 'error' is of type 'unknown'.
src/ai-gateway/app/api/combos/test/route.ts(85,62): error TS18046: 'error' is of type 'unknown'.
src/ai-gateway/app/api/combos/test/route.ts(96,28): error TS7006: Parameter 'request' implicitly has an 'any' type.
src/ai-gateway/app/api/combos/test/route.ts(127,46): error TS7006: Parameter 'm' implicitly has an 'any' type.
src/ai-gateway/app/api/combos/test/route.ts(135,19): error TS7006: Parameter 'modelStr' implicitly has an 'any' type.
src/ai-gateway/app/api/combos/test/route.ts(137,38): error TS7006: Parameter 'result' implicitly has an 'any' type.
src/ai-gateway/app/api/combos/test/route.ts(155,21): error TS7006: Parameter 'request' implicitly has an 'any' type.
src/ai-gateway/app/api/compliance/audit-log/route.ts(1,30): error TS2307: Cannot find module 'next/server' or its corresponding type declarations.
src/ai-gateway/app/api/compliance/audit-log/route.ts(2,44): error TS2307: Cannot find module '@/lib/compliance/index' or its corresponding type declarations.
src/ai-gateway/app/api/compliance/audit-log/route.ts(3,45): error TS2307: Cannot find module '@/lib/api/requireManagementAuth' or its corresponding type declarations.
src/ai-gateway/app/api/compliance/audit-log/route.ts(5,27): error TS7006: Parameter 'request' implicitly has an 'any' type.
src/ai-gateway/app/api/compliance/audit-log/route.ts(19,39): error TS18046: 'error' is of type 'unknown'.
src/ai-gateway/app/api/db-backups/export/route.ts(1,30): error TS2307: Cannot find module 'next/server' or its corresponding type declarations.
src/ai-gateway/app/api/db-backups/export/route.ts(5,44): error TS2307: Cannot find module '@/lib/db/core' or its corresponding type declarations.
src/ai-gateway/app/api/db-backups/export/route.ts(6,45): error TS2307: Cannot find module '@/lib/api/requireManagementAuth' or its corresponding type declarations.
src/ai-gateway/app/api/db-backups/export/route.ts(10,8): error TS2307: Cannot find module '@/lib/db/backupSanitizer' or its corresponding type declarations.
src/ai-gateway/app/api/db-backups/export/route.ts(65,39): error TS18046: 'error' is of type 'unknown'.
src/ai-gateway/app/api/db-backups/exportAll/route.ts(1,30): error TS2307: Cannot find module 'next/server' or its corresponding type declarations.
src/ai-gateway/app/api/db-backups/exportAll/route.ts(2,44): error TS2307: Cannot find module '@/lib/db/core' or its corresponding type declarations.
src/ai-gateway/app/api/db-backups/exportAll/route.ts(7,45): error TS2307: Cannot find module '@/lib/api/requireManagementAuth' or its corresponding type declarations.
src/ai-gateway/app/api/db-backups/exportAll/route.ts(11,8): error TS2307: Cannot find module '@/lib/db/backupSanitizer' or its corresponding type declarations.
src/ai-gateway/app/api/db-backups/exportAll/route.ts(12,40): error TS2307: Cannot find module '@/lib/logExportRedaction' or its corresponding type declarations.
src/ai-gateway/app/api/db-backups/import/route.ts(1,30): error TS2307: Cannot find module 'next/server' or its corresponding type declarations.
src/ai-gateway/app/api/db-backups/import/route.ts(6,61): error TS2307: Cannot find module '@/lib/db/core' or its corresponding type declarations.
src/ai-gateway/app/api/db-backups/import/route.ts(7,30): error TS2307: Cannot find module '@/lib/db/backup' or its corresponding type declarations.
src/ai-gateway/app/api/db-backups/import/route.ts(8,45): error TS2307: Cannot find module '@/lib/api/requireManagementAuth' or its corresponding type declarations.
src/ai-gateway/app/api/db-backups/import/route.ts(116,67): error TS18046: 'e' is of type 'unknown'.
src/ai-gateway/app/api/db-backups/import/route.ts(165,39): error TS18046: 'error' is of type 'unknown'.
src/ai-gateway/app/api/db-backups/route.ts(1,30): error TS2307: Cannot find module 'next/server' or its corresponding type declarations.
src/ai-gateway/app/api/db-backups/route.ts(2,45): error TS2307: Cannot find module '@/lib/api/requireManagementAuth' or its corresponding type declarations.
src/ai-gateway/app/api/db-backups/route.ts(3,62): error TS2307: Cannot find module '@/lib/localDb' or its corresponding type declarations.
src/ai-gateway/app/api/db-backups/route.ts(4,39): error TS2307: Cannot find module '@/shared/validation/schemas' or its corresponding type declarations.
src/ai-gateway/app/api/db-backups/route.ts(5,51): error TS2307: Cannot find module '@/shared/validation/helpers' or its corresponding type declarations.
src/ai-gateway/app/api/db-backups/route.ts(22,39): error TS18046: 'error' is of type 'unknown'.
src/ai-gateway/app/api/db-backups/route.ts(38,39): error TS18046: 'error' is of type 'unknown'.
src/ai-gateway/app/api/db-backups/route.ts(46,28): error TS7006: Parameter 'request' implicitly has an 'any' type.
src/ai-gateway/app/api/db-backups/route.ts(76,39): error TS18046: 'error' is of type 'unknown'.
src/ai-gateway/app/api/developer-workspace/route.ts(6,39): error TS2307: Cannot find module '@/lib/api/requireManagementAuth' or its corresponding type declarations.
src/ai-gateway/app/api/evals/[suiteId]/route.ts(1,30): error TS2307: Cannot find module 'next/server' or its corresponding type declarations.
src/ai-gateway/app/api/evals/[suiteId]/route.ts(2,26): error TS2307: Cannot find module '@/lib/evals/evalRunner' or its corresponding type declarations.
src/ai-gateway/app/api/evals/[suiteId]/route.ts(3,39): error TS2307: Cannot find module '@/lib/api/requireManagementAuth' or its corresponding type declarations.
src/ai-gateway/app/api/evals/[suiteId]/route.ts(5,27): error TS7006: Parameter 'request' implicitly has an 'any' type.
src/ai-gateway/app/api/evals/[suiteId]/route.ts(5,38): error TS7031: Binding element 'params' implicitly has an 'any' type.
src/ai-gateway/app/api/evals/[suiteId]/route.ts(17,39): error TS18046: 'error' is of type 'unknown'.
src/ai-gateway/app/api/evals/route.ts(1,30): error TS2307: Cannot find module 'next/server' or its corresponding type declarations.
src/ai-gateway/app/api/evals/route.ts(2,39): error TS2307: Cannot find module '@/lib/api/requireManagementAuth' or its corresponding type declarations.
src/ai-gateway/app/api/evals/route.ts(3,38): error TS2307: Cannot find module '@/lib/evals/evalRunner' or its corresponding type declarations.
src/ai-gateway/app/api/evals/route.ts(4,36): error TS2307: Cannot find module '@/shared/validation/schemas' or its corresponding type declarations.
src/ai-gateway/app/api/evals/route.ts(5,51): error TS2307: Cannot find module '@/shared/validation/helpers' or its corresponding type declarations.
src/ai-gateway/app/api/evals/route.ts(15,39): error TS18046: 'error' is of type 'unknown'.
src/ai-gateway/app/api/evals/route.ts(19,28): error TS7006: Parameter 'request' implicitly has an 'any' type.
src/ai-gateway/app/api/evals/route.ts(47,39): error TS18046: 'error' is of type 'unknown'.
src/ai-gateway/app/api/experience/approvals/[id]/decision/route.ts(1,39): error TS2307: Cannot find module '@/lib/api/requireManagementAuth' or its corresponding type declarations.
src/ai-gateway/app/api/experience/approvals/route.ts(1,39): error TS2307: Cannot find module '@/lib/api/requireManagementAuth' or its corresponding type declarations.
src/ai-gateway/app/api/experience/ask/route.ts(1,39): error TS2307: Cannot find module '@/lib/api/requireManagementAuth' or its corresponding type declarations.
src/ai-gateway/app/api/experience/home/route.ts(1,39): error TS2307: Cannot find module '@/lib/api/requireManagementAuth' or its corresponding type declarations.
src/ai-gateway/app/api/experience/learning/[id]/decision/route.ts(1,39): error TS2307: Cannot find module '@/lib/api/requireManagementAuth' or its corresponding type declarations.
src/ai-gateway/app/api/experience/learning/route.ts(1,39): error TS2307: Cannot find module '@/lib/api/requireManagementAuth' or its corresponding type declarations.
src/ai-gateway/app/api/experience/memory/encryption/route.ts(1,39): error TS2307: Cannot find module '@/lib/api/requireManagementAuth' or its corresponding type declarations.
src/ai-gateway/app/api/experience/runs/[id]/timeline/route.ts(1,39): error TS2307: Cannot find module '@/lib/api/requireManagementAuth' or its corresponding type declarations.
src/ai-gateway/app/api/fallback/chains/route.ts(1,30): error TS2307: Cannot find module 'next/server' or its corresponding type declarations.
src/ai-gateway/app/api/fallback/chains/route.ts(2,39): error TS2307: Cannot find module '@/lib/api/requireManagementAuth' or its corresponding type declarations.
src/ai-gateway/app/api/fallback/chains/route.ts(3,72): error TS2307: Cannot find module '@/domain/fallbackPolicy' or its corresponding type declarations.
src/ai-gateway/app/api/fallback/chains/route.ts(4,62): error TS2307: Cannot find module '@/shared/validation/schemas' or its corresponding type declarations.
src/ai-gateway/app/api/fallback/chains/route.ts(5,51): error TS2307: Cannot find module '@/shared/validation/helpers' or its corresponding type declarations.
src/ai-gateway/app/api/fallback/chains/route.ts(20,28): error TS7006: Parameter 'request' implicitly has an 'any' type.
src/ai-gateway/app/api/fallback/chains/route.ts(54,30): error TS7006: Parameter 'request' implicitly has an 'any' type.
src/ai-gateway/app/api/gateway-control/cache/invalidate/route.ts(6,39): error TS2307: Cannot find module '@/lib/api/requireManagementAuth' or its corresponding type declarations.
src/ai-gateway/app/api/gateway-control/cache/route.ts(5,39): error TS2307: Cannot find module '@/lib/api/requireManagementAuth' or its corresponding type declarations.
src/ai-gateway/app/api/gateway-control/combos/route.ts(5,39): error TS2307: Cannot find module '@/lib/api/requireManagementAuth' or its corresponding type declarations.
src/ai-gateway/app/api/gateway-control/combos/validate/route.ts(6,39): error TS2307: Cannot find module '@/lib/api/requireManagementAuth' or its corresponding type declarations.
src/ai-gateway/app/api/gateway-control/health/route.ts(5,39): error TS2307: Cannot find module '@/lib/api/requireManagementAuth' or its corresponding type declarations.
src/ai-gateway/app/api/gateway-control/models/route.ts(5,39): error TS2307: Cannot find module '@/lib/api/requireManagementAuth' or its corresponding type declarations.
src/ai-gateway/app/api/gateway-control/providers/route.ts(5,39): error TS2307: Cannot find module '@/lib/api/requireManagementAuth' or its corresponding type declarations.
src/ai-gateway/app/api/gateway-control/providers/test/route.ts(6,39): error TS2307: Cannot find module '@/lib/api/requireManagementAuth' or its corresponding type declarations.
src/ai-gateway/app/api/gateway-control/rate-limits/route.ts(5,39): error TS2307: Cannot find module '@/lib/api/requireManagementAuth' or its corresponding type declarations.
src/ai-gateway/app/api/gateway-control/rate-limits/toggle/route.ts(6,39): error TS2307: Cannot find module '@/lib/api/requireManagementAuth' or its corresponding type declarations.
src/ai-gateway/app/api/gateway-control/resilience/route.ts(1,30): error TS2307: Cannot find module 'next/server' or its corresponding type declarations.
src/ai-gateway/app/api/gateway-control/resilience/route.ts(2,39): error TS2307: Cannot find module '@/lib/api/requireManagementAuth' or its corresponding type declarations.
src/ai-gateway/app/api/gateway-control/route.ts(5,39): error TS2307: Cannot find module '@/lib/api/requireManagementAuth' or its corresponding type declarations.
src/ai-gateway/app/api/health/degradation/route.ts(1,30): error TS2307: Cannot find module 'next/server' or its corresponding type declarations.
src/ai-gateway/app/api/health/degradation/route.ts(6,8): error TS2307: Cannot find module '@/domain/degradation' or its corresponding type declarations.
src/ai-gateway/app/api/keys/[id]/reveal/route.ts(1,30): error TS2307: Cannot find module 'next/server' or its corresponding type declarations.
src/ai-gateway/app/api/keys/[id]/reveal/route.ts(2,31): error TS2307: Cannot find module '@/lib/localDb' or its corresponding type declarations.
src/ai-gateway/app/api/keys/[id]/reveal/route.ts(3,39): error TS2307: Cannot find module '@/lib/apiKeyExposure' or its corresponding type declarations.
src/ai-gateway/app/api/keys/[id]/reveal/route.ts(4,45): error TS2307: Cannot find module '@/lib/api/requireManagementAuth' or its corresponding type declarations.
src/ai-gateway/app/api/keys/[id]/reveal/route.ts(7,27): error TS7006: Parameter 'request' implicitly has an 'any' type.
src/ai-gateway/app/api/keys/[id]/reveal/route.ts(7,38): error TS7031: Binding element 'params' implicitly has an 'any' type.
src/ai-gateway/app/api/keys/[id]/route.ts(1,30): error TS2307: Cannot find module 'next/server' or its corresponding type declarations.
src/ai-gateway/app/api/keys/[id]/route.ts(7,8): error TS2307: Cannot find module '@/lib/localDb' or its corresponding type declarations.
src/ai-gateway/app/api/keys/[id]/route.ts(8,40): error TS2307: Cannot find module '@/shared/utils/machineId' or its corresponding type declarations.
src/ai-gateway/app/api/keys/[id]/route.ts(9,29): error TS2307: Cannot find module '@/lib/cloudSync' or its corresponding type declarations.
src/ai-gateway/app/api/keys/[id]/route.ts(10,44): error TS2307: Cannot find module '@/shared/validation/schemas' or its corresponding type declarations.
src/ai-gateway/app/api/keys/[id]/route.ts(11,51): error TS2307: Cannot find module '@/shared/validation/helpers' or its corresponding type declarations.
src/ai-gateway/app/api/keys/[id]/route.ts(12,68): error TS2307: Cannot find module '@/lib/api/requireManagementAuth' or its corresponding type declarations.
src/ai-gateway/app/api/keys/[id]/route.ts(15,27): error TS7006: Parameter 'request' implicitly has an 'any' type.
src/ai-gateway/app/api/keys/[id]/route.ts(15,38): error TS7031: Binding element 'params' implicitly has an 'any' type.
src/ai-gateway/app/api/keys/[id]/route.ts(40,29): error TS7006: Parameter 'request' implicitly has an 'any' type.
src/ai-gateway/app/api/keys/[id]/route.ts(40,40): error TS7031: Binding element 'params' implicitly has an 'any' type.
src/ai-gateway/app/api/keys/[id]/route.ts(112,30): error TS7006: Parameter 'request' implicitly has an 'any' type.
src/ai-gateway/app/api/keys/[id]/route.ts(112,41): error TS7031: Binding element 'params' implicitly has an 'any' type.
src/ai-gateway/app/api/keys/route.ts(1,30): error TS2307: Cannot find module 'next/server' or its corresponding type declarations.
src/ai-gateway/app/api/keys/route.ts(2,83): error TS2307: Cannot find module '@/lib/localDb' or its corresponding type declarations.
src/ai-gateway/app/api/keys/route.ts(3,40): error TS2307: Cannot find module '@/shared/utils/machineId' or its corresponding type declarations.
src/ai-gateway/app/api/keys/route.ts(4,29): error TS2307: Cannot find module '@/lib/cloudSync' or its corresponding type declarations.
src/ai-gateway/app/api/keys/route.ts(5,33): error TS2307: Cannot find module '@/shared/validation/schemas' or its corresponding type declarations.
src/ai-gateway/app/api/keys/route.ts(6,51): error TS2307: Cannot find module '@/shared/validation/helpers' or its corresponding type declarations.
src/ai-gateway/app/api/keys/route.ts(7,57): error TS2307: Cannot find module '@/lib/apiKeyExposure' or its corresponding type declarations.
src/ai-gateway/app/api/keys/route.ts(8,68): error TS2307: Cannot find module '@/lib/api/requireManagementAuth' or its corresponding type declarations.
src/ai-gateway/app/api/keys/route.ts(32,34): error TS7006: Parameter 'k' implicitly has an 'any' type.
src/ai-gateway/app/api/keys/route.ts(52,28): error TS7006: Parameter 'request' implicitly has an 'any' type.
src/ai-gateway/app/api/logs/console/route.ts(13,43): error TS2307: Cannot find module 'next/server' or its corresponding type declarations.
src/ai-gateway/app/api/logs/console/route.ts(15,35): error TS2307: Cannot find module '@/lib/logEnv' or its corresponding type declarations.
src/ai-gateway/app/api/logs/console/route.ts(16,45): error TS2307: Cannot find module '@/lib/api/requireManagementAuth' or its corresponding type declarations.
src/ai-gateway/app/api/logs/console/route.ts(17,39): error TS2307: Cannot find module '@/lib/logExportRedaction' or its corresponding type declarations.
src/ai-gateway/app/api/logs/detail/route.ts(5,43): error TS2307: Cannot find module 'next/server' or its corresponding type declarations.
src/ai-gateway/app/api/logs/detail/route.ts(6,45): error TS2307: Cannot find module '@/lib/api/requireManagementAuth' or its corresponding type declarations.
src/ai-gateway/app/api/logs/detail/route.ts(11,8): error TS2307: Cannot find module '@/lib/db/detailedLogs' or its corresponding type declarations.
src/ai-gateway/app/api/logs/detail/route.ts(12,32): error TS2307: Cannot find module '@/lib/db/settings' or its corresponding type declarations.
src/ai-gateway/app/api/logs/detail/route.ts(13,39): error TS2307: Cannot find module '@/lib/logExportRedaction' or its corresponding type declarations.
src/ai-gateway/app/api/logs/export/route.ts(1,31): error TS2307: Cannot find module '@/lib/db/core' or its corresponding type declarations.
src/ai-gateway/app/api/logs/export/route.ts(2,45): error TS2307: Cannot find module '@/lib/api/requireManagementAuth' or its corresponding type declarations.
src/ai-gateway/app/api/logs/export/route.ts(3,39): error TS2307: Cannot find module '@/lib/logExportRedaction' or its corresponding type declarations.
src/ai-gateway/app/api/mcp/audit/route.ts(1,30): error TS2307: Cannot find module 'next/server' or its corresponding type declarations.
src/ai-gateway/app/api/mcp/audit/route.ts(2,35): error TS2307: Cannot find module '@ZavorthGateway/open-sse/mcp-server/audit' or its corresponding type declarations.
src/ai-gateway/app/api/mcp/audit/route.ts(3,45): error TS2307: Cannot find module '@/lib/api/requireManagementAuth' or its corresponding type declarations.
src/ai-gateway/app/api/mcp/audit/stats/route.ts(1,30): error TS2307: Cannot find module 'next/server' or its corresponding type declarations.
src/ai-gateway/app/api/mcp/audit/stats/route.ts(2,31): error TS2307: Cannot find module '@ZavorthGateway/open-sse/mcp-server/audit' or its corresponding type declarations.
src/ai-gateway/app/api/mcp/audit/stats/route.ts(3,45): error TS2307: Cannot find module '@/lib/api/requireManagementAuth' or its corresponding type declarations.
src/ai-gateway/app/api/mcp/sse/route.ts(9,43): error TS2307: Cannot find module 'next/server' or its corresponding type declarations.
src/ai-gateway/app/api/mcp/sse/route.ts(10,29): error TS2307: Cannot find module '@/lib/db/settings' or its corresponding type declarations.
src/ai-gateway/app/api/mcp/sse/route.ts(11,39): error TS2307: Cannot find module '@/lib/api/requireManagementAuth' or its corresponding type declarations.
src/ai-gateway/app/api/mcp/sse/route.ts(12,30): error TS2307: Cannot find module '../../../../../open-sse/mcp-server/httpTransport' or its corresponding type declarations.
src/ai-gateway/app/api/mcp/status/route.ts(1,30): error TS2307: Cannot find module 'next/server' or its corresponding type declarations.
src/ai-gateway/app/api/mcp/status/route.ts(2,50): error TS2307: Cannot find module '@ZavorthGateway/open-sse/mcp-server/audit' or its corresponding type declarations.
src/ai-gateway/app/api/mcp/status/route.ts(8,8): error TS2307: Cannot find module '@ZavorthGateway/open-sse/mcp-server/runtimeHeartbeat' or its corresponding type declarations.
src/ai-gateway/app/api/mcp/status/route.ts(9,34): error TS2307: Cannot find module '../../../../../open-sse/mcp-server/httpTransport' or its corresponding type declarations.
src/ai-gateway/app/api/mcp/status/route.ts(10,29): error TS2307: Cannot find module '@/lib/db/settings' or its corresponding type declarations.
src/ai-gateway/app/api/mcp/status/route.ts(11,39): error TS2307: Cannot find module '@/lib/api/requireManagementAuth' or its corresponding type declarations.
src/ai-gateway/app/api/mcp/stream/route.ts(10,43): error TS2307: Cannot find module 'next/server' or its corresponding type declarations.
src/ai-gateway/app/api/mcp/stream/route.ts(11,29): error TS2307: Cannot find module '@/lib/db/settings' or its corresponding type declarations.
src/ai-gateway/app/api/mcp/stream/route.ts(12,39): error TS2307: Cannot find module '@/lib/api/requireManagementAuth' or its corresponding type declarations.
src/ai-gateway/app/api/mcp/stream/route.ts(13,41): error TS2307: Cannot find module '../../../../../open-sse/mcp-server/httpTransport' or its corresponding type declarations.
src/ai-gateway/app/api/mcp/tools/route.ts(1,30): error TS2307: Cannot find module 'next/server' or its corresponding type declarations.
src/ai-gateway/app/api/mcp/tools/route.ts(2,41): error TS2307: Cannot find module '@ZavorthGateway/open-sse/mcp-server/schemas/tools' or its corresponding type declarations.
src/ai-gateway/app/api/mcp/tools/route.ts(3,39): error TS2307: Cannot find module '@/lib/api/requireManagementAuth' or its corresponding type declarations.
src/ai-gateway/app/api/mcp/tools/route.ts(13,29): error TS7006: Parameter 'tool' implicitly has an 'any' type.
src/ai-gateway/app/api/memory/[id]/route.ts(1,30): error TS2307: Cannot find module 'next/server' or its corresponding type declarations.
src/ai-gateway/app/api/memory/[id]/route.ts(2,41): error TS2307: Cannot find module '@/lib/memory/store' or its corresponding type declarations.
src/ai-gateway/app/api/memory/[id]/route.ts(3,39): error TS2307: Cannot find module '@/lib/api/requireManagementAuth' or its corresponding type declarations.
src/ai-gateway/app/api/memory/route.ts(1,30): error TS2307: Cannot find module 'next/server' or its corresponding type declarations.
src/ai-gateway/app/api/memory/route.ts(2,44): error TS2307: Cannot find module '@/lib/memory/store' or its corresponding type declarations.
src/ai-gateway/app/api/memory/route.ts(3,28): error TS2307: Cannot find module '@/lib/memory/types' or its corresponding type declarations.
src/ai-gateway/app/api/memory/route.ts(5,51): error TS2307: Cannot find module '@/shared/validation/helpers' or its corresponding type declarations.
src/ai-gateway/app/api/memory/route.ts(6,39): error TS2307: Cannot find module '@/lib/api/requireManagementAuth' or its corresponding type declarations.
src/ai-gateway/app/api/memory/route.ts(40,10): error TS7006: Parameter 'acc' implicitly has an 'any' type.
src/ai-gateway/app/api/memory/route.ts(40,15): error TS7006: Parameter 'm' implicitly has an 'any' type.
src/ai-gateway/app/api/model-combo-mappings/[id]/route.ts(8,30): error TS2307: Cannot find module 'next/server' or its corresponding type declarations.
src/ai-gateway/app/api/model-combo-mappings/[id]/route.ts(13,8): error TS2307: Cannot find module '@/lib/localDb' or its corresponding type declarations.
src/ai-gateway/app/api/model-combo-mappings/[id]/route.ts(14,51): error TS2307: Cannot find module '@/shared/validation/helpers' or its corresponding type declarations.
src/ai-gateway/app/api/model-combo-mappings/[id]/route.ts(15,39): error TS2307: Cannot find module '@/lib/api/requireManagementAuth' or its corresponding type declarations.
src/ai-gateway/app/api/model-combo-mappings/route.ts(8,30): error TS2307: Cannot find module 'next/server' or its corresponding type declarations.
src/ai-gateway/app/api/model-combo-mappings/route.ts(9,64): error TS2307: Cannot find module '@/lib/localDb' or its corresponding type declarations.
src/ai-gateway/app/api/model-combo-mappings/route.ts(10,51): error TS2307: Cannot find module '@/shared/validation/helpers' or its corresponding type declarations.
src/ai-gateway/app/api/model-combo-mappings/route.ts(11,39): error TS2307: Cannot find module '@/lib/api/requireManagementAuth' or its corresponding type declarations.
src/ai-gateway/app/api/models/alias/route.ts(1,30): error TS2307: Cannot find module 'next/server' or its corresponding type declarations.
src/ai-gateway/app/api/models/alias/route.ts(2,82): error TS2307: Cannot find module '@/models' or its corresponding type declarations.
src/ai-gateway/app/api/models/alias/route.ts(3,40): error TS2307: Cannot find module '@/shared/utils/machineId' or its corresponding type declarations.
src/ai-gateway/app/api/models/alias/route.ts(4,29): error TS2307: Cannot find module '@/lib/cloudSync' or its corresponding type declarations.
src/ai-gateway/app/api/models/alias/route.ts(5,33): error TS2307: Cannot find module '@/shared/utils/apiAuth' or its corresponding type declarations.
src/ai-gateway/app/api/models/alias/route.ts(6,45): error TS2307: Cannot find module '@/shared/validation/schemas' or its corresponding type declarations.
src/ai-gateway/app/api/models/alias/route.ts(7,51): error TS2307: Cannot find module '@/shared/validation/helpers' or its corresponding type declarations.
src/ai-gateway/app/api/models/alias/route.ts(10,27): error TS7006: Parameter 'request' implicitly has an 'any' type.
src/ai-gateway/app/api/models/alias/route.ts(26,27): error TS7006: Parameter 'request' implicitly has an 'any' type.
src/ai-gateway/app/api/models/alias/route.ts(65,30): error TS7006: Parameter 'request' implicitly has an 'any' type.
src/ai-gateway/app/api/models/availability/route.ts(1,30): error TS2307: Cannot find module 'next/server' or its corresponding type declarations.
src/ai-gateway/app/api/models/availability/route.ts(2,39): error TS2307: Cannot find module '@/lib/api/requireManagementAuth' or its corresponding type declarations.
src/ai-gateway/app/api/models/availability/route.ts(7,8): error TS2307: Cannot find module '@/domain/modelAvailability' or its corresponding type declarations.
src/ai-gateway/app/api/models/availability/route.ts(8,46): error TS2307: Cannot find module '@/shared/validation/schemas' or its corresponding type declarations.
src/ai-gateway/app/api/models/availability/route.ts(9,51): error TS2307: Cannot find module '@/shared/validation/helpers' or its corresponding type declarations.
src/ai-gateway/app/api/models/availability/route.ts(25,28): error TS7006: Parameter 'request' implicitly has an 'any' type.
src/ai-gateway/app/api/models/catalog/route.ts(1,60): error TS2307: Cannot find module '@/lib/localDb' or its corresponding type declarations.
src/ai-gateway/app/api/models/catalog/route.ts(2,55): error TS2307: Cannot find module '@/shared/constants/models' or its corresponding type declarations.
src/ai-gateway/app/api/models/catalog/route.ts(3,39): error TS2307: Cannot find module '@ZavorthGateway/open-sse/config/embeddingRegistry.ts' or its corresponding type declarations.
src/ai-gateway/app/api/models/catalog/route.ts(4,35): error TS2307: Cannot find module '@ZavorthGateway/open-sse/config/imageRegistry.ts' or its corresponding type declarations.
src/ai-gateway/app/api/models/catalog/route.ts(5,43): error TS2307: Cannot find module '@/shared/constants/providers' or its corresponding type declarations.
src/ai-gateway/app/api/models/catalog/route.ts(10,39): error TS2307: Cannot find module '@/lib/api/requireManagementAuth' or its corresponding type declarations.
src/ai-gateway/app/api/models/catalog/route.ts(22,54): error TS7006: Parameter 'c' implicitly has an 'any' type.
src/ai-gateway/app/api/models/catalog/route.ts(99,7): error TS2322: Type 'unknown[]' is not assignable to type 'string[]'.
  Type 'unknown' is not assignable to type 'string'.
src/ai-gateway/app/api/models/openrouter-catalog/route.ts(9,43): error TS2307: Cannot find module 'next/server' or its corresponding type declarations.
src/ai-gateway/app/api/models/openrouter-catalog/route.ts(10,33): error TS2307: Cannot find module '@/shared/utils/apiAuth' or its corresponding type declarations.
src/ai-gateway/app/api/models/openrouter-catalog/route.ts(11,64): error TS2307: Cannot find module '@/lib/catalog/openrouterCatalog' or its corresponding type declarations.
src/ai-gateway/app/api/models/route.ts(1,30): error TS2307: Cannot find module 'next/server' or its corresponding type declarations.
src/ai-gateway/app/api/models/route.ts(2,39): error TS2307: Cannot find module '@/lib/api/requireManagementAuth' or its corresponding type declarations.
src/ai-gateway/app/api/models/route.ts(3,72): error TS2307: Cannot find module '@/models' or its corresponding type declarations.
src/ai-gateway/app/api/models/route.ts(4,49): error TS2307: Cannot find module '@/shared/constants/models' or its corresponding type declarations.
src/ai-gateway/app/api/models/route.ts(5,40): error TS2307: Cannot find module '@/shared/validation/schemas' or its corresponding type declarations.
src/ai-gateway/app/api/models/route.ts(6,51): error TS2307: Cannot find module '@/shared/validation/helpers' or its corresponding type declarations.
src/ai-gateway/app/api/models/route.ts(57,27): error TS7006: Parameter 'request' implicitly has an 'any' type.
src/ai-gateway/app/api/monitoring/health/route.ts(1,30): error TS2307: Cannot find module 'next/server' or its corresponding type declarations.
src/ai-gateway/app/api/monitoring/health/route.ts(2,39): error TS2307: Cannot find module '@/lib/api/requireManagementAuth' or its corresponding type declarations.
src/ai-gateway/app/api/monitoring/health/route.ts(3,53): error TS2307: Cannot find module '@/lib/localDb' or its corresponding type declarations.
src/ai-gateway/app/api/monitoring/health/route.ts(4,28): error TS2307: Cannot find module '@/shared/constants/config' or its corresponding type declarations.
src/ai-gateway/app/api/monitoring/health/route.ts(5,30): error TS2307: Cannot find module '@/shared/constants/providers' or its corresponding type declarations.
src/ai-gateway/app/api/monitoring/health/route.ts(15,59): error TS2307: Cannot find module '@/shared/utils/circuitBreaker' or its corresponding type declarations.
src/ai-gateway/app/api/monitoring/health/route.ts(16,52): error TS2307: Cannot find module '@ZavorthGateway/open-sse/services/rateLimitManager' or its corresponding type declarations.
src/ai-gateway/app/api/monitoring/health/route.ts(17,50): error TS2307: Cannot find module '@ZavorthGateway/open-sse/services/accountFallback' or its corresponding type declarations.
src/ai-gateway/app/api/monitoring/health/route.ts(18,47): error TS2307: Cannot find module '@ZavorthGateway/open-sse/services/requestDedup.ts' or its corresponding type declarations.
src/ai-gateway/app/api/monitoring/health/route.ts(25,51): error TS2307: Cannot find module '@/lib/localHealthCheck' or its corresponding type declarations.
src/ai-gateway/app/api/monitoring/health/route.ts(42,7): error TS7053: Element implicitly has an 'any' type because expression of type 'any' can't be used to index type '{}'.
src/ai-gateway/app/api/monitoring/health/route.ts(98,20): error TS2307: Cannot find module '@/shared/utils/circuitBreaker' or its corresponding type declarations.
src/ai-gateway/app/api/oauth/[provider]/[action]/route.ts(1,30): error TS2307: Cannot find module 'next/server' or its corresponding type declarations.
src/ai-gateway/app/api/oauth/[provider]/[action]/route.ts(9,8): error TS2307: Cannot find module '@/lib/oauth/providers' or its corresponding type declarations.
src/ai-gateway/app/api/oauth/[provider]/[action]/route.ts(16,8): error TS2307: Cannot find module '@/models' or its corresponding type declarations.
src/ai-gateway/app/api/oauth/[provider]/[action]/route.ts(17,40): error TS2307: Cannot find module '@/shared/utils/machineId' or its corresponding type declarations.
src/ai-gateway/app/api/oauth/[provider]/[action]/route.ts(18,29): error TS2307: Cannot find module '@/lib/cloudSync' or its corresponding type declarations.
src/ai-gateway/app/api/oauth/[provider]/[action]/route.ts(19,34): error TS2307: Cannot find module '@/lib/oauth/utils/server' or its corresponding type declarations.
src/ai-gateway/app/api/oauth/[provider]/[action]/route.ts(20,37): error TS2307: Cannot find module '@ZavorthGateway/open-sse/utils/proxyFetch.ts' or its corresponding type declarations.
src/ai-gateway/app/api/oauth/[provider]/[action]/route.ts(25,8): error TS2307: Cannot find module '@/shared/validation/schemas' or its corresponding type declarations.
src/ai-gateway/app/api/oauth/[provider]/[action]/route.ts(26,51): error TS2307: Cannot find module '@/shared/validation/helpers' or its corresponding type declarations.
src/ai-gateway/app/api/oauth/[provider]/[action]/route.ts(27,39): error TS2307: Cannot find module '@/lib/api/requireManagementAuth' or its corresponding type declarations.
src/ai-gateway/app/api/oauth/[provider]/[action]/route.ts(30,17): error TS7017: Element implicitly has an 'any' type because type 'typeof globalThis' has no index signature.
src/ai-gateway/app/api/oauth/[provider]/[action]/route.ts(31,14): error TS7017: Element implicitly has an 'any' type because type 'typeof globalThis' has no index signature.
src/ai-gateway/app/api/oauth/[provider]/[action]/route.ts(171,18): error TS7017: Element implicitly has an 'any' type because type 'typeof globalThis' has no index signature.
src/ai-gateway/app/api/oauth/[provider]/[action]/route.ts(173,18): error TS7017: Element implicitly has an 'any' type because type 'typeof globalThis' has no index signature.
src/ai-gateway/app/api/oauth/[provider]/[action]/route.ts(178,14): error TS7017: Element implicitly has an 'any' type because type 'typeof globalThis' has no index signature.
src/ai-gateway/app/api/oauth/[provider]/[action]/route.ts(182,53): error TS7006: Parameter 'params' implicitly has an 'any' type.
src/ai-gateway/app/api/oauth/[provider]/[action]/route.ts(184,22): error TS7017: Element implicitly has an 'any' type because type 'typeof globalThis' has no index signature.
src/ai-gateway/app/api/oauth/[provider]/[action]/route.ts(185,20): error TS7017: Element implicitly has an 'any' type because type 'typeof globalThis' has no index signature.
src/ai-gateway/app/api/oauth/[provider]/[action]/route.ts(192,16): error TS7017: Element implicitly has an 'any' type because type 'typeof globalThis' has no index signature.
src/ai-gateway/app/api/oauth/[provider]/[action]/route.ts(205,22): error TS7017: Element implicitly has an 'any' type because type 'typeof globalThis' has no index signature.
src/ai-gateway/app/api/oauth/[provider]/[action]/route.ts(211,20): error TS7017: Element implicitly has an 'any' type because type 'typeof globalThis' has no index signature.
src/ai-gateway/app/api/oauth/[provider]/[action]/route.ts(469,23): error TS7017: Element implicitly has an 'any' type because type 'typeof globalThis' has no index signature.
src/ai-gateway/app/api/oauth/[provider]/[action]/route.ts(477,23): error TS7017: Element implicitly has an 'any' type because type 'typeof globalThis' has no index signature.
src/ai-gateway/app/api/oauth/[provider]/[action]/route.ts(482,33): error TS7017: Element implicitly has an 'any' type because type 'typeof globalThis' has no index signature.
src/ai-gateway/app/api/oauth/[provider]/[action]/route.ts(483,70): error TS7017: Element implicitly has an 'any' type because type 'typeof globalThis' has no index signature.
src/ai-gateway/app/api/oauth/[provider]/[action]/route.ts(491,18): error TS7017: Element implicitly has an 'any' type because type 'typeof globalThis' has no index signature.
src/ai-gateway/app/api/oauth/cursor/auto-import/route.ts(1,30): error TS2307: Cannot find module 'next/server' or its corresponding type declarations.
src/ai-gateway/app/api/oauth/cursor/auto-import/route.ts(5,39): error TS2307: Cannot find module '@/lib/api/requireManagementAuth' or its corresponding type declarations.
src/ai-gateway/app/api/oauth/cursor/auto-import/route.ts(52,13): error TS18046: 'row' is of type 'unknown'.
src/ai-gateway/app/api/oauth/cursor/auto-import/route.ts(53,32): error TS18046: 'row' is of type 'unknown'.
src/ai-gateway/app/api/oauth/cursor/auto-import/route.ts(54,20): error TS18046: 'row' is of type 'unknown'.
src/ai-gateway/app/api/oauth/cursor/auto-import/route.ts(55,30): error TS18046: 'row' is of type 'unknown'.
src/ai-gateway/app/api/oauth/cursor/import/route.ts(1,30): error TS2307: Cannot find module 'next/server' or its corresponding type declarations.
src/ai-gateway/app/api/oauth/cursor/import/route.ts(2,31): error TS2307: Cannot find module '@/lib/oauth/services/cursor' or its corresponding type declarations.
src/ai-gateway/app/api/oauth/cursor/import/route.ts(3,83): error TS2307: Cannot find module '@/models' or its corresponding type declarations.
src/ai-gateway/app/api/oauth/cursor/import/route.ts(4,40): error TS2307: Cannot find module '@/shared/utils/machineId' or its corresponding type declarations.
src/ai-gateway/app/api/oauth/cursor/import/route.ts(5,29): error TS2307: Cannot find module '@/lib/cloudSync' or its corresponding type declarations.
src/ai-gateway/app/api/oauth/cursor/import/route.ts(6,36): error TS2307: Cannot find module '@/shared/validation/schemas' or its corresponding type declarations.
src/ai-gateway/app/api/oauth/cursor/import/route.ts(7,51): error TS2307: Cannot find module '@/shared/validation/helpers' or its corresponding type declarations.
src/ai-gateway/app/api/oauth/cursor/import/route.ts(8,37): error TS2307: Cannot find module '@ZavorthGateway/open-sse/utils/proxyFetch.ts' or its corresponding type declarations.
src/ai-gateway/app/api/oauth/cursor/import/route.ts(9,39): error TS2307: Cannot find module '@/lib/api/requireManagementAuth' or its corresponding type declarations.
src/ai-gateway/app/api/oauth/kiro/auto-import/route.ts(1,30): error TS2307: Cannot find module 'next/server' or its corresponding type declarations.
src/ai-gateway/app/api/oauth/kiro/auto-import/route.ts(5,39): error TS2307: Cannot find module '@/lib/api/requireManagementAuth' or its corresponding type declarations.
src/ai-gateway/app/api/oauth/kiro/auto-import/route.ts(86,53): error TS18046: 'error' is of type 'unknown'.
src/ai-gateway/app/api/oauth/kiro/import/route.ts(1,30): error TS2307: Cannot find module 'next/server' or its corresponding type declarations.
src/ai-gateway/app/api/oauth/kiro/import/route.ts(2,29): error TS2307: Cannot find module '@/lib/oauth/services/kiro' or its corresponding type declarations.
src/ai-gateway/app/api/oauth/kiro/import/route.ts(3,83): error TS2307: Cannot find module '@/models' or its corresponding type declarations.
src/ai-gateway/app/api/oauth/kiro/import/route.ts(4,40): error TS2307: Cannot find module '@/shared/utils/machineId' or its corresponding type declarations.
src/ai-gateway/app/api/oauth/kiro/import/route.ts(5,29): error TS2307: Cannot find module '@/lib/cloudSync' or its corresponding type declarations.
src/ai-gateway/app/api/oauth/kiro/import/route.ts(6,34): error TS2307: Cannot find module '@/shared/validation/schemas' or its corresponding type declarations.
src/ai-gateway/app/api/oauth/kiro/import/route.ts(7,51): error TS2307: Cannot find module '@/shared/validation/helpers' or its corresponding type declarations.
src/ai-gateway/app/api/oauth/kiro/import/route.ts(8,37): error TS2307: Cannot find module '@ZavorthGateway/open-sse/utils/proxyFetch.ts' or its corresponding type declarations.
src/ai-gateway/app/api/oauth/kiro/import/route.ts(9,39): error TS2307: Cannot find module '@/lib/api/requireManagementAuth' or its corresponding type declarations.
src/ai-gateway/app/api/oauth/kiro/social-authorize/route.ts(1,30): error TS2307: Cannot find module 'next/server' or its corresponding type declarations.
src/ai-gateway/app/api/oauth/kiro/social-authorize/route.ts(2,30): error TS2307: Cannot find module '@/lib/oauth/utils/pkce' or its corresponding type declarations.
src/ai-gateway/app/api/oauth/kiro/social-authorize/route.ts(3,29): error TS2307: Cannot find module '@/lib/oauth/services/kiro' or its corresponding type declarations.
src/ai-gateway/app/api/oauth/kiro/social-authorize/route.ts(4,39): error TS2307: Cannot find module '@/lib/api/requireManagementAuth' or its corresponding type declarations.
src/ai-gateway/app/api/oauth/kiro/social-authorize/route.ts(11,27): error TS7006: Parameter 'request' implicitly has an 'any' type.
src/ai-gateway/app/api/oauth/kiro/social-authorize/route.ts(41,39): error TS18046: 'error' is of type 'unknown'.
src/ai-gateway/app/api/oauth/kiro/social-exchange/route.ts(1,30): error TS2307: Cannot find module 'next/server' or its corresponding type declarations.
src/ai-gateway/app/api/oauth/kiro/social-exchange/route.ts(2,29): error TS2307: Cannot find module '@/lib/oauth/services/kiro' or its corresponding type declarations.
src/ai-gateway/app/api/oauth/kiro/social-exchange/route.ts(3,58): error TS2307: Cannot find module '@/models' or its corresponding type declarations.
src/ai-gateway/app/api/oauth/kiro/social-exchange/route.ts(4,40): error TS2307: Cannot find module '@/shared/utils/machineId' or its corresponding type declarations.
src/ai-gateway/app/api/oauth/kiro/social-exchange/route.ts(5,29): error TS2307: Cannot find module '@/lib/cloudSync' or its corresponding type declarations.
src/ai-gateway/app/api/oauth/kiro/social-exchange/route.ts(6,42): error TS2307: Cannot find module '@/shared/validation/schemas' or its corresponding type declarations.
src/ai-gateway/app/api/oauth/kiro/social-exchange/route.ts(7,51): error TS2307: Cannot find module '@/shared/validation/helpers' or its corresponding type declarations.
src/ai-gateway/app/api/oauth/kiro/social-exchange/route.ts(8,39): error TS2307: Cannot find module '@/lib/api/requireManagementAuth' or its corresponding type declarations.
src/ai-gateway/app/api/onboarding/personalization/route.ts(1,30): error TS2307: Cannot find module 'next/server' or its corresponding type declarations.
src/ai-gateway/app/api/onboarding/personalization/route.ts(2,39): error TS2307: Cannot find module '@/lib/api/requireManagementAuth' or its corresponding type declarations.
src/ai-gateway/app/api/openapi/spec/route.ts(6,30): error TS2307: Cannot find module 'next/server' or its corresponding type declarations.
src/ai-gateway/app/api/openapi/try/route.ts(7,43): error TS2307: Cannot find module 'next/server' or its corresponding type declarations.
src/ai-gateway/app/api/openapi/try/route.ts(8,39): error TS2307: Cannot find module '@/lib/api/requireManagementAuth' or its corresponding type declarations.
src/ai-gateway/app/api/openapi/try/route.ts(9,51): error TS2307: Cannot find module '@/shared/validation/helpers' or its corresponding type declarations.
src/ai-gateway/app/api/policies/route.ts(1,30): error TS2307: Cannot find module 'next/server' or its corresponding type declarations.
src/ai-gateway/app/api/policies/route.ts(2,39): error TS2307: Cannot find module '@/lib/api/requireManagementAuth' or its corresponding type declarations.
src/ai-gateway/app/api/policies/route.ts(3,46): error TS2307: Cannot find module '@/shared/utils/circuitBreaker' or its corresponding type declarations.
src/ai-gateway/app/api/policies/route.ts(4,51): error TS2307: Cannot find module '@/domain/lockoutPolicy' or its corresponding type declarations.
src/ai-gateway/app/api/policies/route.ts(5,36): error TS2307: Cannot find module '@/shared/validation/schemas' or its corresponding type declarations.
src/ai-gateway/app/api/policies/route.ts(6,51): error TS2307: Cannot find module '@/shared/validation/helpers' or its corresponding type declarations.
src/ai-gateway/app/api/policies/route.ts(22,28): error TS7006: Parameter 'request' implicitly has an 'any' type.
src/ai-gateway/app/api/pricing/defaults/route.ts(1,30): error TS2307: Cannot find module 'next/server' or its corresponding type declarations.
src/ai-gateway/app/api/pricing/defaults/route.ts(2,35): error TS2307: Cannot find module '@/shared/constants/pricing' or its corresponding type declarations.
src/ai-gateway/app/api/pricing/models/route.ts(1,30): error TS2307: Cannot find module 'next/server' or its corresponding type declarations.
src/ai-gateway/app/api/pricing/models/route.ts(2,26): error TS2307: Cannot find module '@ZavorthGateway/open-sse/config/providerRegistry.ts' or its corresponding type declarations.
src/ai-gateway/app/api/pricing/models/route.ts(3,48): error TS2307: Cannot find module '@/lib/localDb' or its corresponding type declarations.
src/ai-gateway/app/api/pricing/models/route.ts(4,39): error TS2307: Cannot find module '@/lib/api/requireManagementAuth' or its corresponding type declarations.
src/ai-gateway/app/api/pricing/models/route.ts(36,21): error TS18046: 'entry' is of type 'unknown'.
src/ai-gateway/app/api/pricing/models/route.ts(36,36): error TS18046: 'entry' is of type 'unknown'.
src/ai-gateway/app/api/pricing/models/route.ts(37,12): error TS18046: 'entry' is of type 'unknown'.
src/ai-gateway/app/api/pricing/models/route.ts(37,28): error TS18046: 'entry' is of type 'unknown'.
src/ai-gateway/app/api/pricing/models/route.ts(40,13): error TS18046: 'entry' is of type 'unknown'.
src/ai-gateway/app/api/pricing/models/route.ts(42,15): error TS18046: 'entry' is of type 'unknown'.
src/ai-gateway/app/api/pricing/models/route.ts(42,50): error TS18046: 'entry' is of type 'unknown'.
src/ai-gateway/app/api/pricing/models/route.ts(43,19): error TS18046: 'entry' is of type 'unknown'.
src/ai-gateway/app/api/pricing/models/route.ts(44,17): error TS18046: 'entry' is of type 'unknown'.
src/ai-gateway/app/api/pricing/models/route.ts(45,17): error TS18046: 'entry' is of type 'unknown'.
src/ai-gateway/app/api/pricing/models/route.ts(45,35): error TS7006: Parameter 'm' implicitly has an 'any' type.
src/ai-gateway/app/api/pricing/models/route.ts(66,13): error TS18046: 'entry' is of type 'unknown'.
src/ai-gateway/app/api/pricing/models/route.ts(67,19): error TS18046: 'entry' is of type 'unknown'.
src/ai-gateway/app/api/pricing/models/route.ts(67,34): error TS18046: 'entry' is of type 'unknown'.
src/ai-gateway/app/api/pricing/models/route.ts(83,62): error TS7006: Parameter 'm' implicitly has an 'any' type.
src/ai-gateway/app/api/pricing/models/route.ts(120,70): error TS7006: Parameter 'm' implicitly has an 'any' type.
src/ai-gateway/app/api/pricing/route.ts(1,30): error TS2307: Cannot find module 'next/server' or its corresponding type declarations.
src/ai-gateway/app/api/pricing/route.ts(2,39): error TS2307: Cannot find module '@/lib/api/requireManagementAuth' or its corresponding type declarations.
src/ai-gateway/app/api/pricing/route.ts(3,74): error TS2307: Cannot find module '@/lib/localDb' or its corresponding type declarations.
src/ai-gateway/app/api/pricing/route.ts(4,37): error TS2307: Cannot find module '@/shared/validation/schemas' or its corresponding type declarations.
src/ai-gateway/app/api/pricing/route.ts(5,51): error TS2307: Cannot find module '@/shared/validation/helpers' or its corresponding type declarations.
src/ai-gateway/app/api/pricing/route.ts(29,29): error TS7006: Parameter 'request' implicitly has an 'any' type.
src/ai-gateway/app/api/pricing/route.ts(68,30): error TS7006: Parameter 'request' implicitly has an 'any' type.
src/ai-gateway/app/api/pricing/sync/route.ts(9,43): error TS2307: Cannot find module 'next/server' or its corresponding type declarations.
src/ai-gateway/app/api/pricing/sync/route.ts(10,39): error TS2307: Cannot find module '@/lib/api/requireManagementAuth' or its corresponding type declarations.
src/ai-gateway/app/api/pricing/sync/route.ts(11,42): error TS2307: Cannot find module '@/shared/validation/schemas' or its corresponding type declarations.
src/ai-gateway/app/api/pricing/sync/route.ts(12,51): error TS2307: Cannot find module '@/shared/validation/helpers' or its corresponding type declarations.
src/ai-gateway/app/api/pricing/sync/route.ts(40,53): error TS2307: Cannot find module '@/lib/pricingSync' or its corresponding type declarations.
src/ai-gateway/app/api/pricing/sync/route.ts(55,44): error TS2307: Cannot find module '@/lib/pricingSync' or its corresponding type declarations.
src/ai-gateway/app/api/pricing/sync/route.ts(68,49): error TS2307: Cannot find module '@/lib/pricingSync' or its corresponding type declarations.
src/ai-gateway/app/api/productization/protected-runtime/route.ts(1,30): error TS2307: Cannot find module 'next/server' or its corresponding type declarations.
src/ai-gateway/app/api/productization/protected-runtime/route.ts(2,39): error TS2307: Cannot find module '@/lib/api/requireManagementAuth' or its corresponding type declarations.
src/ai-gateway/app/api/provider-metrics/route.ts(1,30): error TS2307: Cannot find module 'next/server' or its corresponding type declarations.
src/ai-gateway/app/api/provider-metrics/route.ts(2,31): error TS2307: Cannot find module '@/lib/db/core' or its corresponding type declarations.
src/ai-gateway/app/api/provider-metrics/route.ts(3,39): error TS2307: Cannot find module '@/lib/api/requireManagementAuth' or its corresponding type declarations.
src/ai-gateway/app/api/provider-models/route.ts(11,8): error TS2307: Cannot find module '@/lib/localDb' or its corresponding type declarations.
src/ai-gateway/app/api/provider-models/route.ts(16,8): error TS2307: Cannot find module '@/shared/constants/providers' or its corresponding type declarations.
src/ai-gateway/app/api/provider-models/route.ts(17,33): error TS2307: Cannot find module '@/shared/utils/apiAuth' or its corresponding type declarations.
src/ai-gateway/app/api/provider-models/route.ts(18,45): error TS2307: Cannot find module '@/shared/validation/schemas' or its corresponding type declarations.
src/ai-gateway/app/api/provider-models/route.ts(19,51): error TS2307: Cannot find module '@/shared/validation/helpers' or its corresponding type declarations.
src/ai-gateway/app/api/provider-models/route.ts(40,27): error TS7006: Parameter 'request' implicitly has an 'any' type.
src/ai-gateway/app/api/provider-models/route.ts(69,28): error TS7006: Parameter 'request' implicitly has an 'any' type.
src/ai-gateway/app/api/provider-models/route.ts(117,27): error TS7006: Parameter 'request' implicitly has an 'any' type.
src/ai-gateway/app/api/provider-models/route.ts(248,29): error TS7006: Parameter 'request' implicitly has an 'any' type.
src/ai-gateway/app/api/provider-models/route.ts(326,30): error TS7006: Parameter 'request' implicitly has an 'any' type.
src/ai-gateway/app/api/provider-nodes/[id]/route.ts(1,30): error TS2307: Cannot find module 'next/server' or its corresponding type declarations.
src/ai-gateway/app/api/provider-nodes/[id]/route.ts(9,8): error TS2307: Cannot find module '@/models' or its corresponding type declarations.
src/ai-gateway/app/api/provider-nodes/[id]/route.ts(10,48): error TS2307: Cannot find module '@/shared/constants/providers' or its corresponding type declarations.
src/ai-gateway/app/api/provider-nodes/[id]/route.ts(11,39): error TS2307: Cannot find module '@/lib/api/requireManagementAuth' or its corresponding type declarations.
src/ai-gateway/app/api/provider-nodes/[id]/route.ts(12,42): error TS2307: Cannot find module '@/shared/validation/schemas' or its corresponding type declarations.
src/ai-gateway/app/api/provider-nodes/[id]/route.ts(13,51): error TS2307: Cannot find module '@/shared/validation/helpers' or its corresponding type declarations.
src/ai-gateway/app/api/provider-nodes/[id]/route.ts(101,28): error TS7006: Parameter 'connectionRaw' implicitly has an 'any' type.
src/ai-gateway/app/api/provider-nodes/route.ts(1,30): error TS2307: Cannot find module 'next/server' or its corresponding type declarations.
src/ai-gateway/app/api/provider-nodes/route.ts(2,54): error TS2307: Cannot find module '@/models' or its corresponding type declarations.
src/ai-gateway/app/api/provider-nodes/route.ts(7,8): error TS2307: Cannot find module '@/shared/constants/providers' or its corresponding type declarations.
src/ai-gateway/app/api/provider-nodes/route.ts(8,28): error TS2307: Cannot find module '@/shared/utils' or its corresponding type declarations.
src/ai-gateway/app/api/provider-nodes/route.ts(9,47): error TS2307: Cannot find module '@/shared/utils/featureFlags' or its corresponding type declarations.
src/ai-gateway/app/api/provider-nodes/route.ts(10,39): error TS2307: Cannot find module '@/lib/api/requireManagementAuth' or its corresponding type declarations.
src/ai-gateway/app/api/provider-nodes/route.ts(11,42): error TS2307: Cannot find module '@/shared/validation/schemas' or its corresponding type declarations.
src/ai-gateway/app/api/provider-nodes/route.ts(12,51): error TS2307: Cannot find module '@/shared/validation/helpers' or its corresponding type declarations.
src/ai-gateway/app/api/provider-nodes/route.ts(54,28): error TS7006: Parameter 'request' implicitly has an 'any' type.
src/ai-gateway/app/api/provider-nodes/validate/route.ts(1,30): error TS2307: Cannot find module 'next/server' or its corresponding type declarations.
src/ai-gateway/app/api/provider-nodes/validate/route.ts(2,54): error TS2307: Cannot find module '@/lib/providers/validation' or its corresponding type declarations.
src/ai-gateway/app/api/provider-nodes/validate/route.ts(3,47): error TS2307: Cannot find module '@/shared/utils/featureFlags' or its corresponding type declarations.
src/ai-gateway/app/api/provider-nodes/validate/route.ts(4,39): error TS2307: Cannot find module '@/lib/api/requireManagementAuth' or its corresponding type declarations.
src/ai-gateway/app/api/provider-nodes/validate/route.ts(5,55): error TS2307: Cannot find module '@/lib/security/egressGuard' or its corresponding type declarations.
src/ai-gateway/app/api/provider-nodes/validate/route.ts(6,44): error TS2307: Cannot find module '@/shared/validation/schemas' or its corresponding type declarations.
src/ai-gateway/app/api/provider-nodes/validate/route.ts(7,51): error TS2307: Cannot find module '@/shared/validation/helpers' or its corresponding type declarations.
src/ai-gateway/app/api/provider-nodes/validate/route.ts(24,28): error TS7006: Parameter 'request' implicitly has an 'any' type.
src/ai-gateway/app/api/providers/[id]/codex-auth/apply-local/route.ts(1,30): error TS2307: Cannot find module 'next/server' or its corresponding type declarations.
src/ai-gateway/app/api/providers/[id]/codex-auth/apply-local/route.ts(2,45): error TS2307: Cannot find module '@/shared/services/cliRuntime' or its corresponding type declarations.
src/ai-gateway/app/api/providers/[id]/codex-auth/apply-local/route.ts(3,66): error TS2307: Cannot find module '@/lib/oauth/utils/codexAuthFile' or its corresponding type declarations.
src/ai-gateway/app/api/providers/[id]/codex-auth/apply-local/route.ts(4,45): error TS2307: Cannot find module '@/lib/api/requireManagementAuth' or its corresponding type declarations.
src/ai-gateway/app/api/providers/[id]/codex-auth/apply-local/route.ts(10,16): error TS18046: 'error' is of type 'unknown'.
src/ai-gateway/app/api/providers/[id]/codex-auth/apply-local/route.ts(11,15): error TS18046: 'error' is of type 'unknown'.
src/ai-gateway/app/api/providers/[id]/codex-auth/apply-local/route.ts(13,17): error TS18046: 'error' is of type 'unknown'.
src/ai-gateway/app/api/providers/[id]/codex-auth/export/route.ts(1,30): error TS2307: Cannot find module 'next/server' or its corresponding type declarations.
src/ai-gateway/app/api/providers/[id]/codex-auth/export/route.ts(2,56): error TS2307: Cannot find module '@/lib/oauth/utils/codexAuthFile' or its corresponding type declarations.
src/ai-gateway/app/api/providers/[id]/codex-auth/export/route.ts(3,45): error TS2307: Cannot find module '@/lib/api/requireManagementAuth' or its corresponding type declarations.
src/ai-gateway/app/api/providers/[id]/codex-auth/export/route.ts(9,16): error TS18046: 'error' is of type 'unknown'.
src/ai-gateway/app/api/providers/[id]/codex-auth/export/route.ts(10,15): error TS18046: 'error' is of type 'unknown'.
src/ai-gateway/app/api/providers/[id]/codex-auth/export/route.ts(12,17): error TS18046: 'error' is of type 'unknown'.
src/ai-gateway/app/api/providers/[id]/models/providerModelsCatalog.ts(1,33): error TS2307: Cannot find module '@/shared/constants/models' or its corresponding type declarations.
src/ai-gateway/app/api/providers/[id]/models/providerModelsCatalog.ts(2,38): error TS2307: Cannot find module '@ZavorthGateway/open-sse/services/qoderCli.ts' or its corresponding type declarations.
src/ai-gateway/app/api/providers/[id]/models/providerModelsFetchers.ts(1,37): error TS2307: Cannot find module '@ZavorthGateway/open-sse/utils/proxyFetch.ts' or its corresponding type declarations.
src/ai-gateway/app/api/providers/[id]/models/providerModelsFetchers.ts(16,55): error TS2307: Cannot find module '@/lib/security/egressGuard' or its corresponding type declarations.
src/ai-gateway/app/api/providers/[id]/models/providerModelsHandler.ts(1,43): error TS2307: Cannot find module '@/models' or its corresponding type declarations.
src/ai-gateway/app/api/providers/[id]/models/providerModelsHandler.ts(2,41): error TS2307: Cannot find module '@/lib/localDb' or its corresponding type declarations.
src/ai-gateway/app/api/providers/[id]/models/providerModelsHandler.ts(7,8): error TS2307: Cannot find module '@/shared/constants/providers' or its corresponding type declarations.
src/ai-gateway/app/api/providers/[id]/models/providerModelsResponse.ts(1,30): error TS2307: Cannot find module 'next/server' or its corresponding type declarations.
src/ai-gateway/app/api/providers/[id]/models/providerModelsResponse.ts(2,34): error TS2307: Cannot find module '@/lib/localDb' or its corresponding type declarations.
src/ai-gateway/app/api/providers/[id]/models/providerModelsRouteTypes.ts(1,43): error TS2307: Cannot find module '@/models' or its corresponding type declarations.
src/ai-gateway/app/api/providers/[id]/models/providerModelsRouteTypes.ts(2,41): error TS2307: Cannot find module '@/lib/localDb' or its corresponding type declarations.
src/ai-gateway/app/api/providers/[id]/models/route.ts(2,39): error TS2307: Cannot find module '@/lib/api/requireManagementAuth' or its corresponding type declarations.
src/ai-gateway/app/api/providers/[id]/refresh/route.ts(1,30): error TS2307: Cannot find module 'next/server' or its corresponding type declarations.
src/ai-gateway/app/api/providers/[id]/refresh/route.ts(2,43): error TS2307: Cannot find module '@/models' or its corresponding type declarations.
src/ai-gateway/app/api/providers/[id]/refresh/route.ts(3,59): error TS2307: Cannot find module '@/sse/services/tokenRefresh' or its corresponding type declarations.
src/ai-gateway/app/api/providers/[id]/refresh/route.ts(4,39): error TS2307: Cannot find module '@/lib/api/requireManagementAuth' or its corresponding type declarations.
src/ai-gateway/app/api/providers/[id]/route.ts(1,30): error TS2307: Cannot find module 'next/server' or its corresponding type declarations.
src/ai-gateway/app/api/providers/[id]/route.ts(7,8): error TS2307: Cannot find module '@/models' or its corresponding type declarations.
src/ai-gateway/app/api/providers/[id]/route.ts(8,40): error TS2307: Cannot find module '@/shared/utils/machineId' or its corresponding type declarations.
src/ai-gateway/app/api/providers/[id]/route.ts(9,29): error TS2307: Cannot find module '@/lib/cloudSync' or its corresponding type declarations.
src/ai-gateway/app/api/providers/[id]/route.ts(10,39): error TS2307: Cannot find module '@/lib/api/requireManagementAuth' or its corresponding type declarations.
src/ai-gateway/app/api/providers/[id]/route.ts(11,48): error TS2307: Cannot find module '@/shared/validation/schemas' or its corresponding type declarations.
src/ai-gateway/app/api/providers/[id]/route.ts(12,51): error TS2307: Cannot find module '@/shared/validation/helpers' or its corresponding type declarations.
src/ai-gateway/app/api/providers/[id]/route.ts(236,75): error TS2307: Cannot find module '@/lib/db/models' or its corresponding type declarations.
src/ai-gateway/app/api/providers/[id]/sync-models/route.ts(1,30): error TS2307: Cannot find module 'next/server' or its corresponding type declarations.
src/ai-gateway/app/api/providers/[id]/sync-models/route.ts(2,43): error TS2307: Cannot find module '@/models' or its corresponding type declarations.
src/ai-gateway/app/api/providers/[id]/sync-models/route.ts(7,8): error TS2307: Cannot find module '@/lib/db/models' or its corresponding type declarations.
src/ai-gateway/app/api/providers/[id]/sync-models/route.ts(11,8): error TS2307: Cannot find module '@/lib/providerModels/managedAvailableModels' or its corresponding type declarations.
src/ai-gateway/app/api/providers/[id]/sync-models/route.ts(12,29): error TS2307: Cannot find module '@/lib/usage/callLogs' or its corresponding type declarations.
src/ai-gateway/app/api/providers/[id]/sync-models/route.ts(13,33): error TS2307: Cannot find module '@/shared/utils/apiAuth' or its corresponding type declarations.
src/ai-gateway/app/api/providers/[id]/sync-models/route.ts(17,8): error TS2307: Cannot find module '@/shared/services/modelSyncScheduler' or its corresponding type declarations.
src/ai-gateway/app/api/providers/[id]/sync-models/route.ts(18,39): error TS2307: Cannot find module '@/shared/constants/models' or its corresponding type declarations.
src/ai-gateway/app/api/providers/[id]/test/route.ts(1,30): error TS2307: Cannot find module 'next/server' or its corresponding type declarations.
src/ai-gateway/app/api/providers/[id]/test/route.ts(3,51): error TS2307: Cannot find module '@/shared/validation/helpers' or its corresponding type declarations.
src/ai-gateway/app/api/providers/[id]/test/route.ts(9,8): error TS2307: Cannot find module '@/lib/localDb' or its corresponding type declarations.
src/ai-gateway/app/api/providers/[id]/test/route.ts(10,40): error TS2307: Cannot find module '@/shared/utils/machineId' or its corresponding type declarations.
src/ai-gateway/app/api/providers/[id]/test/route.ts(11,29): error TS2307: Cannot find module '@/lib/cloudSync' or its corresponding type declarations.
src/ai-gateway/app/api/providers/[id]/test/route.ts(12,40): error TS2307: Cannot find module '@/lib/providers/validation' or its corresponding type declarations.
src/ai-gateway/app/api/providers/[id]/test/route.ts(13,39): error TS2307: Cannot find module '@/lib/api/requireManagementAuth' or its corresponding type declarations.
src/ai-gateway/app/api/providers/[id]/test/route.ts(14,37): error TS2307: Cannot find module '@/shared/services/cliRuntime' or its corresponding type declarations.
src/ai-gateway/app/api/providers/[id]/test/route.ts(16,32): error TS2307: Cannot find module '@ZavorthGateway/open-sse/services/tokenRefresh.ts' or its corresponding type declarations.
src/ai-gateway/app/api/providers/[id]/test/route.ts(17,29): error TS2307: Cannot find module '@/lib/usageDb' or its corresponding type declarations.
src/ai-gateway/app/api/providers/[id]/test/route.ts(18,31): error TS2307: Cannot find module '@/lib/proxyLogger' or its corresponding type declarations.
src/ai-gateway/app/api/providers/[id]/test/route.ts(19,37): error TS2307: Cannot find module '@ZavorthGateway/open-sse/utils/proxyFetch.ts' or its corresponding type declarations.
src/ai-gateway/app/api/providers/[id]/test/route.ts(260,16): error TS7053: Element implicitly has an 'any' type because expression of type 'any' can't be used to index type '{ cline: string; kilocode: string; qoder: string; }'.
src/ai-gateway/app/api/providers/[id]/test/route.ts(357,18): error TS7053: Element implicitly has an 'any' type because expression of type 'any' can't be used to index type '{ claude: { checkExpiry: boolean; refreshable: boolean; }; codex: { checkExpiry: boolean; refreshable: boolean; }; "gemini-cli": { url: string; method: string; authHeader: string; authPrefix: string; refreshable: boolean; }; ... 8 more ...; kiro: { ...; }; }'.
src/ai-gateway/app/api/providers/[id]/test/route.ts(533,38): error TS2339: Property 'message' does not exist on type '{}'.
src/ai-gateway/app/api/providers/activation/route.ts(1,30): error TS2307: Cannot find module 'next/server' or its corresponding type declarations.
src/ai-gateway/app/api/providers/client/route.ts(1,30): error TS2307: Cannot find module 'next/server' or its corresponding type declarations.
src/ai-gateway/app/api/providers/client/route.ts(2,40): error TS2307: Cannot find module '@/lib/localDb' or its corresponding type declarations.
src/ai-gateway/app/api/providers/client/route.ts(3,45): error TS2307: Cannot find module '@/lib/api/requireManagementAuth' or its corresponding type declarations.
src/ai-gateway/app/api/providers/client/route.ts(14,48): error TS7006: Parameter 'c' implicitly has an 'any' type.
src/ai-gateway/app/api/providers/expiration/route.ts(1,30): error TS2307: Cannot find module 'next/server' or its corresponding type declarations.
src/ai-gateway/app/api/providers/expiration/route.ts(2,57): error TS2307: Cannot find module '@/domain/providerExpiration' or its corresponding type declarations.
src/ai-gateway/app/api/providers/expiration/route.ts(3,39): error TS2307: Cannot find module '@/lib/api/requireManagementAuth' or its corresponding type declarations.
src/ai-gateway/app/api/providers/model-catalog/route.ts(1,30): error TS2307: Cannot find module 'next/server' or its corresponding type declarations.
src/ai-gateway/app/api/providers/route.ts(1,30): error TS2307: Cannot find module 'next/server' or its corresponding type declarations.
src/ai-gateway/app/api/providers/route.ts(7,8): error TS2307: Cannot find module '@/models' or its corresponding type declarations.
src/ai-gateway/app/api/providers/route.ts(8,34): error TS2307: Cannot find module '@/shared/constants/config' or its corresponding type declarations.
src/ai-gateway/app/api/providers/route.ts(13,8): error TS2307: Cannot find module '@/shared/constants/providers' or its corresponding type declarations.
src/ai-gateway/app/api/providers/route.ts(14,40): error TS2307: Cannot find module '@/shared/utils/machineId' or its corresponding type declarations.
src/ai-gateway/app/api/providers/route.ts(15,29): error TS2307: Cannot find module '@/lib/cloudSync' or its corresponding type declarations.
src/ai-gateway/app/api/providers/route.ts(16,39): error TS2307: Cannot find module '@/lib/api/requireManagementAuth' or its corresponding type declarations.
src/ai-gateway/app/api/providers/route.ts(17,38): error TS2307: Cannot find module '@/shared/validation/schemas' or its corresponding type declarations.
src/ai-gateway/app/api/providers/route.ts(18,51): error TS2307: Cannot find module '@/shared/validation/helpers' or its corresponding type declarations.
src/ai-gateway/app/api/providers/route.ts(19,47): error TS2307: Cannot find module '@ZavorthGateway/open-sse/services/qoderCli.ts' or its corresponding type declarations.
src/ai-gateway/app/api/providers/route.ts(82,46): error TS7006: Parameter 'c' implicitly has an 'any' type.
src/ai-gateway/app/api/providers/test-batch/route.ts(1,30): error TS2307: Cannot find module 'next/server' or its corresponding type declarations.
src/ai-gateway/app/api/providers/test-batch/route.ts(2,40): error TS2307: Cannot find module '@/models' or its corresponding type declarations.
src/ai-gateway/app/api/providers/test-batch/route.ts(9,8): error TS2307: Cannot find module '@/shared/constants/providers' or its corresponding type declarations.
src/ai-gateway/app/api/providers/test-batch/route.ts(11,39): error TS2307: Cannot find module '@/lib/api/requireManagementAuth' or its corresponding type declarations.
src/ai-gateway/app/api/providers/test-batch/route.ts(12,42): error TS2307: Cannot find module '@/shared/validation/schemas' or its corresponding type declarations.
src/ai-gateway/app/api/providers/test-batch/route.ts(13,51): error TS2307: Cannot find module '@/shared/validation/helpers' or its corresponding type declarations.
src/ai-gateway/app/api/providers/test-batch/route.ts(16,23): error TS7006: Parameter 'providerId' implicitly has an 'any' type.
src/ai-gateway/app/api/providers/test-batch/route.ts(29,31): error TS7006: Parameter 'providerId' implicitly has an 'any' type.
src/ai-gateway/app/api/providers/test-batch/route.ts(38,28): error TS7006: Parameter 'request' implicitly has an 'any' type.
src/ai-gateway/app/api/providers/test-batch/route.ts(70,50): error TS7006: Parameter 'c' implicitly has an 'any' type.
src/ai-gateway/app/api/providers/test-batch/route.ts(72,50): error TS7006: Parameter 'c' implicitly has an 'any' type.
src/ai-gateway/app/api/providers/test-batch/route.ts(77,50): error TS7006: Parameter 'c' implicitly has an 'any' type.
src/ai-gateway/app/api/providers/test-batch/route.ts(79,50): error TS7006: Parameter 'c' implicitly has an 'any' type.
src/ai-gateway/app/api/providers/test-batch/route.ts(81,50): error TS7006: Parameter 'c' implicitly has an 'any' type.
src/ai-gateway/app/api/providers/test-batch/route.ts(104,28): error TS7006: Parameter 'conn' implicitly has an 'any' type.
src/ai-gateway/app/api/providers/test-batch/route.ts(136,18): error TS18046: 'error' is of type 'unknown'.
src/ai-gateway/app/api/providers/test-batch/route.ts(137,85): error TS18046: 'error' is of type 'unknown'.
src/ai-gateway/app/api/providers/validate/route.ts(1,30): error TS2307: Cannot find module 'next/server' or its corresponding type declarations.
src/ai-gateway/app/api/providers/validate/route.ts(2,37): error TS2307: Cannot find module '@/models' or its corresponding type declarations.
src/ai-gateway/app/api/providers/validate/route.ts(7,8): error TS2307: Cannot find module '@/shared/constants/providers' or its corresponding type declarations.
src/ai-gateway/app/api/providers/validate/route.ts(8,40): error TS2307: Cannot find module '@/lib/providers/validation' or its corresponding type declarations.
src/ai-gateway/app/api/providers/validate/route.ts(9,34): error TS2307: Cannot find module '@/lib/localDb' or its corresponding type declarations.
src/ai-gateway/app/api/providers/validate/route.ts(10,39): error TS2307: Cannot find module '@/lib/api/requireManagementAuth' or its corresponding type declarations.
src/ai-gateway/app/api/providers/validate/route.ts(11,46): error TS2307: Cannot find module '@/shared/validation/schemas' or its corresponding type declarations.
src/ai-gateway/app/api/providers/validate/route.ts(12,51): error TS2307: Cannot find module '@/shared/validation/helpers' or its corresponding type declarations.
src/ai-gateway/app/api/providers/validate/route.ts(13,37): error TS2307: Cannot find module '@ZavorthGateway/open-sse/utils/proxyFetch.ts' or its corresponding type declarations.
src/ai-gateway/app/api/providers/validate/route.ts(58,28): error TS7006: Parameter 'request' implicitly has an 'any' type.
src/ai-gateway/app/api/providers/zed/import/route.ts(12,30): error TS2307: Cannot find module 'next/server' or its corresponding type declarations.
src/ai-gateway/app/api/providers/zed/import/route.ts(13,56): error TS2307: Cannot find module '@/lib/zed-oauth/keychain-reader' or its corresponding type declarations.
src/ai-gateway/app/api/providers/zed/import/route.ts(14,39): error TS2307: Cannot find module '@/lib/api/requireManagementAuth' or its corresponding type declarations.
src/ai-gateway/app/api/providers/zed/import/route.ts(15,42): error TS2307: Cannot find module '@/lib/db/providers' or its corresponding type declarations.
src/ai-gateway/app/api/providers/zed/import/route.ts(84,48): error TS7006: Parameter 'cred' implicitly has an 'any' type.
src/ai-gateway/app/api/providers/zed/import/route.ts(91,48): error TS7006: Parameter 'c' implicitly has an 'any' type.
src/ai-gateway/app/api/rate-limit/route.ts(1,30): error TS2307: Cannot find module 'next/server' or its corresponding type declarations.
src/ai-gateway/app/api/rate-limit/route.ts(2,39): error TS2307: Cannot find module '@/lib/api/requireManagementAuth' or its corresponding type declarations.
src/ai-gateway/app/api/rate-limit/route.ts(9,27): error TS7006: Parameter 'request' implicitly has an 'any' type.
src/ai-gateway/app/api/rate-limit/route.ts(18,28): error TS7006: Parameter 'request' implicitly has an 'any' type.
src/ai-gateway/app/api/rate-limits/route.ts(1,30): error TS2307: Cannot find module 'next/server' or its corresponding type declarations.
src/ai-gateway/app/api/rate-limits/route.ts(2,39): error TS2307: Cannot find module '@/lib/api/requireManagementAuth' or its corresponding type declarations.
src/ai-gateway/app/api/rate-limits/route.ts(3,37): error TS2307: Cannot find module '@ZavorthGateway/open-sse/services/accountFallback.ts' or its corresponding type declarations.
src/ai-gateway/app/api/rate-limits/route.ts(4,31): error TS2307: Cannot find module '@ZavorthGateway/open-sse/services/signatureCache.ts' or its corresponding type declarations.
src/ai-gateway/app/api/rate-limits/route.ts(5,66): error TS2307: Cannot find module '@/lib/localDb' or its corresponding type declarations.
src/ai-gateway/app/api/rate-limits/route.ts(11,8): error TS2307: Cannot find module '@ZavorthGateway/open-sse/services/rateLimitManager.ts' or its corresponding type declarations.
src/ai-gateway/app/api/rate-limits/route.ts(12,39): error TS2307: Cannot find module '@/lib/display/names' or its corresponding type declarations.
src/ai-gateway/app/api/rate-limits/route.ts(14,39): error TS2307: Cannot find module '@/shared/validation/schemas' or its corresponding type declarations.
src/ai-gateway/app/api/rate-limits/route.ts(15,51): error TS2307: Cannot find module '@/shared/validation/helpers' or its corresponding type declarations.
src/ai-gateway/app/api/rate-limits/route.ts(38,39): error TS7006: Parameter 'connRaw' implicitly has an 'any' type.
src/ai-gateway/app/api/rate-limits/route.ts(75,28): error TS7006: Parameter 'request' implicitly has an 'any' type.
src/ai-gateway/app/api/remote-mesh/notebook/mcp/route.ts(1,30): error TS2307: Cannot find module 'next/server' or its corresponding type declarations.
src/ai-gateway/app/api/remote-mesh/notebook/mcp/route.ts(2,39): error TS2307: Cannot find module '@/lib/api/requireManagementAuth' or its corresponding type declarations.
src/ai-gateway/app/api/resilience/reset/route.ts(1,30): error TS2307: Cannot find module 'next/server' or its corresponding type declarations.
src/ai-gateway/app/api/resilience/reset/route.ts(2,39): error TS2307: Cannot find module '@/lib/api/requireManagementAuth' or its corresponding type declarations.
src/ai-gateway/app/api/resilience/reset/route.ts(14,20): error TS2307: Cannot find module '@/shared/utils/circuitBreaker' or its corresponding type declarations.
src/ai-gateway/app/api/resilience/route.ts(1,30): error TS2307: Cannot find module 'next/server' or its corresponding type declarations.
src/ai-gateway/app/api/resilience/route.ts(2,39): error TS2307: Cannot find module '@/lib/api/requireManagementAuth' or its corresponding type declarations.
src/ai-gateway/app/api/resilience/route.ts(3,45): error TS2307: Cannot find module '@/lib/localDb' or its corresponding type declarations.
src/ai-gateway/app/api/resilience/route.ts(4,40): error TS2307: Cannot find module '@/shared/validation/schemas' or its corresponding type declarations.
src/ai-gateway/app/api/resilience/route.ts(5,51): error TS2307: Cannot find module '@/shared/validation/helpers' or its corresponding type declarations.
src/ai-gateway/app/api/resilience/route.ts(26,59): error TS2307: Cannot find module '@/shared/utils/circuitBreaker' or its corresponding type declarations.
src/ai-gateway/app/api/resilience/route.ts(27,52): error TS2307: Cannot find module '@ZavorthGateway/open-sse/services/rateLimitManager' or its corresponding type declarations.
src/ai-gateway/app/api/resilience/route.ts(29,20): error TS2307: Cannot find module '@ZavorthGateway/open-sse/config/constants' or its corresponding type declarations.
src/ai-gateway/app/api/resilience/route.ts(56,29): error TS7006: Parameter 'request' implicitly has an 'any' type.
src/ai-gateway/app/api/restart/route.ts(1,30): error TS2307: Cannot find module 'next/server' or its corresponding type declarations.
src/ai-gateway/app/api/restart/route.ts(2,45): error TS2307: Cannot find module '@/lib/api/requireManagementAuth' or its corresponding type declarations.
src/ai-gateway/app/api/runtime/readiness/fixes/route.ts(1,30): error TS2307: Cannot find module 'next/server' or its corresponding type declarations.
src/ai-gateway/app/api/runtime/readiness/route.ts(1,30): error TS2307: Cannot find module 'next/server' or its corresponding type declarations.
src/ai-gateway/app/api/search/providers/route.ts(1,30): error TS2307: Cannot find module 'next/server' or its corresponding type declarations.
src/ai-gateway/app/api/search/providers/route.ts(5,8): error TS2307: Cannot find module '@ZavorthGateway/open-sse/config/searchRegistry.ts' or its corresponding type declarations.
src/ai-gateway/app/api/search/providers/route.ts(6,31): error TS2307: Cannot find module '@/lib/db/core' or its corresponding type declarations.
src/ai-gateway/app/api/search/providers/route.ts(7,33): error TS2307: Cannot find module '@/shared/utils/apiAuth' or its corresponding type declarations.
src/ai-gateway/app/api/search/providers/route.ts(22,16): error TS18046: 'p' is of type 'unknown'.
src/ai-gateway/app/api/search/providers/route.ts(24,56): error TS18046: 'p' is of type 'unknown'.
src/ai-gateway/app/api/search/providers/route.ts(38,13): error TS18046: 'p' is of type 'unknown'.
src/ai-gateway/app/api/search/providers/route.ts(39,15): error TS18046: 'p' is of type 'unknown'.
src/ai-gateway/app/api/search/providers/route.ts(41,25): error TS18046: 'p' is of type 'unknown'.
src/ai-gateway/app/api/search/stats/route.ts(1,30): error TS2307: Cannot find module 'next/server' or its corresponding type declarations.
src/ai-gateway/app/api/search/stats/route.ts(2,31): error TS2307: Cannot find module '@ZavorthGateway/open-sse/services/searchCache.ts' or its corresponding type declarations.
src/ai-gateway/app/api/search/stats/route.ts(3,34): error TS2307: Cannot find module '@ZavorthGateway/open-sse/config/searchRegistry.ts' or its corresponding type declarations.
src/ai-gateway/app/api/search/stats/route.ts(4,31): error TS2307: Cannot find module '@/lib/db/core' or its corresponding type declarations.
src/ai-gateway/app/api/search/stats/route.ts(5,33): error TS2307: Cannot find module '@/shared/utils/apiAuth' or its corresponding type declarations.
src/ai-gateway/app/api/sessions/route.ts(1,30): error TS2307: Cannot find module 'next/server' or its corresponding type declarations.
src/ai-gateway/app/api/sessions/route.ts(6,8): error TS2307: Cannot find module '@ZavorthGateway/open-sse/services/sessionManager.ts' or its corresponding type declarations.
src/ai-gateway/app/api/sessions/route.ts(7,45): error TS2307: Cannot find module '@/lib/api/requireManagementAuth' or its corresponding type declarations.
src/ai-gateway/app/api/sessions/route.ts(19,39): error TS18046: 'error' is of type 'unknown'.
src/ai-gateway/app/api/settings/__tests__/memory.test.ts(1,54): error TS2307: Cannot find module 'vitest' or its corresponding type declarations.
src/ai-gateway/app/api/settings/__tests__/settings.test.ts(1,54): error TS2307: Cannot find module 'vitest' or its corresponding type declarations.
src/ai-gateway/app/api/settings/auto-disable-accounts/route.ts(1,30): error TS2307: Cannot find module 'next/server' or its corresponding type declarations.
src/ai-gateway/app/api/settings/auto-disable-accounts/route.ts(2,45): error TS2307: Cannot find module '@/lib/localDb' or its corresponding type declarations.
src/ai-gateway/app/api/settings/auto-disable-accounts/route.ts(3,39): error TS2307: Cannot find module '@/lib/api/requireManagementAuth' or its corresponding type declarations.
src/ai-gateway/app/api/settings/auto-disable-accounts/route.ts(4,49): error TS2307: Cannot find module '@/shared/validation/schemas' or its corresponding type declarations.
src/ai-gateway/app/api/settings/auto-disable-accounts/route.ts(5,51): error TS2307: Cannot find module '@/shared/validation/helpers' or its corresponding type declarations.
src/ai-gateway/app/api/settings/background-degradation/route.ts(1,30): error TS2307: Cannot find module 'next/server' or its corresponding type declarations.
src/ai-gateway/app/api/settings/background-degradation/route.ts(6,8): error TS2307: Cannot find module '@ZavorthGateway/open-sse/services/backgroundTaskDetector.ts' or its corresponding type declarations.
src/ai-gateway/app/api/settings/background-degradation/route.ts(7,32): error TS2307: Cannot find module '@/lib/db/settings' or its corresponding type declarations.
src/ai-gateway/app/api/settings/background-degradation/route.ts(8,39): error TS2307: Cannot find module '@/lib/api/requireManagementAuth' or its corresponding type declarations.
src/ai-gateway/app/api/settings/background-degradation/route.ts(9,58): error TS2307: Cannot find module '@/shared/validation/schemas' or its corresponding type declarations.
src/ai-gateway/app/api/settings/background-degradation/route.ts(10,51): error TS2307: Cannot find module '@/shared/validation/helpers' or its corresponding type declarations.
src/ai-gateway/app/api/settings/background-degradation/route.ts(33,27): error TS7006: Parameter 'request' implicitly has an 'any' type.
src/ai-gateway/app/api/settings/background-degradation/route.ts(77,28): error TS7006: Parameter 'request' implicitly has an 'any' type.
src/ai-gateway/app/api/settings/cache-config/route.ts(1,43): error TS2307: Cannot find module 'next/server' or its corresponding type declarations.
src/ai-gateway/app/api/settings/cache-config/route.ts(2,45): error TS2307: Cannot find module '@/lib/localDb' or its corresponding type declarations.
src/ai-gateway/app/api/settings/cache-config/route.ts(3,39): error TS2307: Cannot find module '@/lib/api/requireManagementAuth' or its corresponding type declarations.
src/ai-gateway/app/api/settings/cache-config/route.ts(5,51): error TS2307: Cannot find module '@/shared/validation/helpers' or its corresponding type declarations.
src/ai-gateway/app/api/settings/cache-metrics/route.ts(1,30): error TS2307: Cannot find module 'next/server' or its corresponding type declarations.
src/ai-gateway/app/api/settings/cache-metrics/route.ts(2,52): error TS2307: Cannot find module '@/lib/db/settings' or its corresponding type declarations.
src/ai-gateway/app/api/settings/cache-metrics/route.ts(3,39): error TS2307: Cannot find module '@/lib/api/requireManagementAuth' or its corresponding type declarations.
src/ai-gateway/app/api/settings/codex-service-tier/route.ts(1,30): error TS2307: Cannot find module 'next/server' or its corresponding type declarations.
src/ai-gateway/app/api/settings/codex-service-tier/route.ts(2,45): error TS2307: Cannot find module '@/lib/localDb' or its corresponding type declarations.
src/ai-gateway/app/api/settings/codex-service-tier/route.ts(3,50): error TS2307: Cannot find module '@ZavorthGateway/open-sse/executors/codex.ts' or its corresponding type declarations.
src/ai-gateway/app/api/settings/codex-service-tier/route.ts(4,39): error TS2307: Cannot find module '@/lib/api/requireManagementAuth' or its corresponding type declarations.
src/ai-gateway/app/api/settings/codex-service-tier/route.ts(5,46): error TS2307: Cannot find module '@/shared/validation/schemas' or its corresponding type declarations.
src/ai-gateway/app/api/settings/codex-service-tier/route.ts(6,51): error TS2307: Cannot find module '@/shared/validation/helpers' or its corresponding type declarations.
src/ai-gateway/app/api/settings/combo-defaults/route.ts(1,30): error TS2307: Cannot find module 'next/server' or its corresponding type declarations.
src/ai-gateway/app/api/settings/combo-defaults/route.ts(2,45): error TS2307: Cannot find module '@/lib/localDb' or its corresponding type declarations.
src/ai-gateway/app/api/settings/combo-defaults/route.ts(3,39): error TS2307: Cannot find module '@/lib/api/requireManagementAuth' or its corresponding type declarations.
src/ai-gateway/app/api/settings/combo-defaults/route.ts(4,43): error TS2307: Cannot find module '@/shared/validation/schemas' or its corresponding type declarations.
src/ai-gateway/app/api/settings/combo-defaults/route.ts(5,51): error TS2307: Cannot find module '@/shared/validation/helpers' or its corresponding type declarations.
src/ai-gateway/app/api/settings/combo-defaults/route.ts(44,29): error TS7006: Parameter 'request' implicitly has an 'any' type.
src/ai-gateway/app/api/settings/export-json/route.ts(1,30): error TS2307: Cannot find module 'next/server' or its corresponding type declarations.
src/ai-gateway/app/api/settings/export-json/route.ts(8,8): error TS2307: Cannot find module '@/lib/localDb' or its corresponding type declarations.
src/ai-gateway/app/api/settings/export-json/route.ts(13,8): error TS2307: Cannot find module '@/lib/db/jsonBackupAdapters' or its corresponding type declarations.
src/ai-gateway/app/api/settings/export-json/route.ts(14,45): error TS2307: Cannot find module '@/lib/api/requireManagementAuth' or its corresponding type declarations.
src/ai-gateway/app/api/settings/favicon/route.ts(1,30): error TS2307: Cannot find module 'next/server' or its corresponding type declarations.
src/ai-gateway/app/api/settings/favicon/route.ts(2,29): error TS2307: Cannot find module '@/lib/db/settings' or its corresponding type declarations.
src/ai-gateway/app/api/settings/favicon/route.ts(3,47): error TS2307: Cannot find module '@/lib/security/egressGuard' or its corresponding type declarations.
src/ai-gateway/app/api/settings/import-json/route.ts(1,30): error TS2307: Cannot find module 'next/server' or its corresponding type declarations.
src/ai-gateway/app/api/settings/import-json/route.ts(2,31): error TS2307: Cannot find module '@/lib/db/core' or its corresponding type declarations.
src/ai-gateway/app/api/settings/import-json/route.ts(3,30): error TS2307: Cannot find module '@/lib/db/backup' or its corresponding type declarations.
src/ai-gateway/app/api/settings/import-json/route.ts(4,39): error TS2307: Cannot find module '@/lib/api/requireManagementAuth' or its corresponding type declarations.
src/ai-gateway/app/api/settings/import-json/route.ts(10,8): error TS2307: Cannot find module '@/lib/db/jsonBackupAdapters' or its corresponding type declarations.
src/ai-gateway/app/api/settings/import-json/route.ts(11,34): error TS2307: Cannot find module '@/lib/db/jsonMigration' or its corresponding type declarations.
src/ai-gateway/app/api/settings/ip-filter/route.ts(1,30): error TS2307: Cannot find module 'next/server' or its corresponding type declarations.
src/ai-gateway/app/api/settings/ip-filter/route.ts(2,39): error TS2307: Cannot find module '@/lib/api/requireManagementAuth' or its corresponding type declarations.
src/ai-gateway/app/api/settings/ip-filter/route.ts(12,8): error TS2307: Cannot find module '@ZavorthGateway/open-sse/services/ipFilter.ts' or its corresponding type declarations.
src/ai-gateway/app/api/settings/ip-filter/route.ts(13,38): error TS2307: Cannot find module '@/shared/validation/schemas' or its corresponding type declarations.
src/ai-gateway/app/api/settings/ip-filter/route.ts(14,51): error TS2307: Cannot find module '@/shared/validation/helpers' or its corresponding type declarations.
src/ai-gateway/app/api/settings/ip-filter/route.ts(28,27): error TS7006: Parameter 'request' implicitly has an 'any' type.
src/ai-gateway/app/api/settings/lkgp-cache/route.ts(1,30): error TS2307: Cannot find module 'next/server' or its corresponding type declarations.
src/ai-gateway/app/api/settings/lkgp-cache/route.ts(2,30): error TS2307: Cannot find module '@/lib/db/settings' or its corresponding type declarations.
src/ai-gateway/app/api/settings/lkgp-cache/route.ts(3,33): error TS2307: Cannot find module '@/shared/utils/apiAuth' or its corresponding type declarations.
src/ai-gateway/app/api/settings/memory/route.ts(1,43): error TS2307: Cannot find module 'next/server' or its corresponding type declarations.
src/ai-gateway/app/api/settings/memory/route.ts(3,45): error TS2307: Cannot find module '@/lib/localDb' or its corresponding type declarations.
src/ai-gateway/app/api/settings/memory/route.ts(4,39): error TS2307: Cannot find module '@/lib/api/requireManagementAuth' or its corresponding type declarations.
src/ai-gateway/app/api/settings/memory/route.ts(5,51): error TS2307: Cannot find module '@/shared/validation/helpers' or its corresponding type declarations.
src/ai-gateway/app/api/settings/memory/route.ts(10,8): error TS2307: Cannot find module '@/lib/memory/settings' or its corresponding type declarations.
src/ai-gateway/app/api/settings/model-aliases/route.ts(1,30): error TS2307: Cannot find module 'next/server' or its corresponding type declarations.
src/ai-gateway/app/api/settings/model-aliases/route.ts(2,39): error TS2307: Cannot find module '@/lib/api/requireManagementAuth' or its corresponding type declarations.
src/ai-gateway/app/api/settings/model-aliases/route.ts(10,8): error TS2307: Cannot find module '@ZavorthGateway/open-sse/services/modelDeprecation.ts' or its corresponding type declarations.
src/ai-gateway/app/api/settings/model-aliases/route.ts(11,45): error TS2307: Cannot find module '@/lib/db/settings' or its corresponding type declarations.
src/ai-gateway/app/api/settings/model-aliases/route.ts(16,8): error TS2307: Cannot find module '@/shared/validation/schemas' or its corresponding type declarations.
src/ai-gateway/app/api/settings/model-aliases/route.ts(17,51): error TS2307: Cannot find module '@/shared/validation/helpers' or its corresponding type declarations.
src/ai-gateway/app/api/settings/model-aliases/route.ts(44,27): error TS7006: Parameter 'request' implicitly has an 'any' type.
src/ai-gateway/app/api/settings/model-aliases/route.ts(83,28): error TS7006: Parameter 'request' implicitly has an 'any' type.
src/ai-gateway/app/api/settings/model-aliases/route.ts(122,30): error TS7006: Parameter 'request' implicitly has an 'any' type.
src/ai-gateway/app/api/settings/models-dev/route.ts(1,43): error TS2307: Cannot find module 'next/server' or its corresponding type declarations.
src/ai-gateway/app/api/settings/models-dev/route.ts(3,39): error TS2307: Cannot find module '@/lib/api/requireManagementAuth' or its corresponding type declarations.
src/ai-gateway/app/api/settings/models-dev/route.ts(4,51): error TS2307: Cannot find module '@/shared/validation/helpers' or its corresponding type declarations.
src/ai-gateway/app/api/settings/models-dev/route.ts(12,8): error TS2307: Cannot find module '@/lib/modelsDevSync' or its corresponding type declarations.
src/ai-gateway/app/api/settings/models-dev/route.ts(34,24): error TS18046: 'sum' is of type 'unknown'.
src/ai-gateway/app/api/settings/models-dev/route.ts(34,42): error TS2769: No overload matches this call.
  Overload 1 of 2, '(o: {}): string[]', gave the following error.
    Argument of type 'unknown' is not assignable to parameter of type '{}'.
  Overload 2 of 2, '(o: object): string[]', gave the following error.
    Argument of type 'unknown' is not assignable to parameter of type 'object'.
src/ai-gateway/app/api/settings/models-dev/route.ts(38,24): error TS18046: 'sum' is of type 'unknown'.
src/ai-gateway/app/api/settings/models-dev/route.ts(38,42): error TS2769: No overload matches this call.
  Overload 1 of 2, '(o: {}): string[]', gave the following error.
    Argument of type 'unknown' is not assignable to parameter of type '{}'.
  Overload 2 of 2, '(o: object): string[]', gave the following error.
    Argument of type 'unknown' is not assignable to parameter of type 'object'.
src/ai-gateway/app/api/settings/proxies/assignments/route.ts(1,84): error TS2307: Cannot find module '@/lib/localDb' or its corresponding type declarations.
src/ai-gateway/app/api/settings/proxies/assignments/route.ts(2,39): error TS2307: Cannot find module '@/shared/validation/schemas' or its corresponding type declarations.
src/ai-gateway/app/api/settings/proxies/assignments/route.ts(3,51): error TS2307: Cannot find module '@/shared/validation/helpers' or its corresponding type declarations.
src/ai-gateway/app/api/settings/proxies/assignments/route.ts(4,69): error TS2307: Cannot find module '@/lib/api/errorResponse' or its corresponding type declarations.
src/ai-gateway/app/api/settings/proxies/assignments/route.ts(5,39): error TS2307: Cannot find module '@/lib/api/requireManagementAuth' or its corresponding type declarations.
src/ai-gateway/app/api/settings/proxies/assignments/route.ts(6,38): error TS2307: Cannot find module '@ZavorthGateway/open-sse/utils/proxyDispatcher' or its corresponding type declarations.
src/ai-gateway/app/api/settings/proxies/assignments/route.ts(29,29): error TS7006: Parameter 'entry' implicitly has an 'any' type.
src/ai-gateway/app/api/settings/proxies/bulk-assign/route.ts(1,40): error TS2307: Cannot find module '@/lib/localDb' or its corresponding type declarations.
src/ai-gateway/app/api/settings/proxies/bulk-assign/route.ts(2,43): error TS2307: Cannot find module '@/shared/validation/schemas' or its corresponding type declarations.
src/ai-gateway/app/api/settings/proxies/bulk-assign/route.ts(3,51): error TS2307: Cannot find module '@/shared/validation/helpers' or its corresponding type declarations.
src/ai-gateway/app/api/settings/proxies/bulk-assign/route.ts(4,69): error TS2307: Cannot find module '@/lib/api/errorResponse' or its corresponding type declarations.
src/ai-gateway/app/api/settings/proxies/bulk-assign/route.ts(5,39): error TS2307: Cannot find module '@/lib/api/requireManagementAuth' or its corresponding type declarations.
src/ai-gateway/app/api/settings/proxies/bulk-assign/route.ts(6,38): error TS2307: Cannot find module '@ZavorthGateway/open-sse/utils/proxyDispatcher' or its corresponding type declarations.
src/ai-gateway/app/api/settings/proxies/health/route.ts(1,37): error TS2307: Cannot find module '@/lib/localDb' or its corresponding type declarations.
src/ai-gateway/app/api/settings/proxies/health/route.ts(2,48): error TS2307: Cannot find module '@/lib/api/errorResponse' or its corresponding type declarations.
src/ai-gateway/app/api/settings/proxies/health/route.ts(3,39): error TS2307: Cannot find module '@/lib/api/requireManagementAuth' or its corresponding type declarations.
src/ai-gateway/app/api/settings/proxies/migrate/route.ts(1,52): error TS2307: Cannot find module '@/lib/localDb' or its corresponding type declarations.
src/ai-gateway/app/api/settings/proxies/migrate/route.ts(2,69): error TS2307: Cannot find module '@/lib/api/errorResponse' or its corresponding type declarations.
src/ai-gateway/app/api/settings/proxies/migrate/route.ts(3,39): error TS2307: Cannot find module '@/lib/api/requireManagementAuth' or its corresponding type declarations.
src/ai-gateway/app/api/settings/proxies/migrate/route.ts(4,51): error TS2307: Cannot find module '@/shared/validation/helpers' or its corresponding type declarations.
src/ai-gateway/app/api/settings/proxies/route.ts(8,8): error TS2307: Cannot find module '@/lib/localDb' or its corresponding type declarations.
src/ai-gateway/app/api/settings/proxies/route.ts(9,70): error TS2307: Cannot find module '@/shared/validation/schemas' or its corresponding type declarations.
src/ai-gateway/app/api/settings/proxies/route.ts(10,51): error TS2307: Cannot find module '@/shared/validation/helpers' or its corresponding type declarations.
src/ai-gateway/app/api/settings/proxies/route.ts(11,69): error TS2307: Cannot find module '@/lib/api/errorResponse' or its corresponding type declarations.
src/ai-gateway/app/api/settings/proxies/route.ts(12,39): error TS2307: Cannot find module '@/lib/api/requireManagementAuth' or its corresponding type declarations.
src/ai-gateway/app/api/settings/proxy/route.ts(10,38): error TS2307: Cannot find module '@ZavorthGateway/open-sse/utils/proxyDispatcher' or its corresponding type declarations.
src/ai-gateway/app/api/settings/proxy/route.ts(11,41): error TS2307: Cannot find module '@/shared/validation/schemas' or its corresponding type declarations.
src/ai-gateway/app/api/settings/proxy/route.ts(12,51): error TS2307: Cannot find module '@/shared/validation/helpers' or its corresponding type declarations.
src/ai-gateway/app/api/settings/proxy/route.ts(17,8): error TS2307: Cannot find module '@/lib/api/errorResponse' or its corresponding type declarations.
src/ai-gateway/app/api/settings/proxy/route.ts(18,39): error TS2307: Cannot find module '@/lib/api/requireManagementAuth' or its corresponding type declarations.
src/ai-gateway/app/api/settings/proxy/test/route.ts(7,8): error TS2307: Cannot find module '@ZavorthGateway/open-sse/utils/proxyDispatcher.ts' or its corresponding type declarations.
src/ai-gateway/app/api/settings/proxy/test/route.ts(8,33): error TS2307: Cannot find module '@/shared/validation/schemas' or its corresponding type declarations.
src/ai-gateway/app/api/settings/proxy/test/route.ts(9,51): error TS2307: Cannot find module '@/shared/validation/helpers' or its corresponding type declarations.
src/ai-gateway/app/api/settings/proxy/test/route.ts(10,69): error TS2307: Cannot find module '@/lib/api/errorResponse' or its corresponding type declarations.
src/ai-gateway/app/api/settings/proxy/test/route.ts(11,39): error TS2307: Cannot find module '@/lib/api/requireManagementAuth' or its corresponding type declarations.
src/ai-gateway/app/api/settings/proxy/test/route.ts(12,30): error TS2307: Cannot find module '@/lib/localDb' or its corresponding type declarations.
src/ai-gateway/app/api/settings/purge-logs/route.ts(1,30): error TS2307: Cannot find module 'next/server' or its corresponding type declarations.
src/ai-gateway/app/api/settings/purge-logs/route.ts(2,31): error TS2307: Cannot find module '@/lib/db/core' or its corresponding type declarations.
src/ai-gateway/app/api/settings/purge-logs/route.ts(3,41): error TS2307: Cannot find module '@/lib/logEnv' or its corresponding type declarations.
src/ai-gateway/app/api/settings/purge-logs/route.ts(4,39): error TS2307: Cannot find module '@/lib/api/requireManagementAuth' or its corresponding type declarations.
src/ai-gateway/app/api/settings/require-login/route.ts(1,30): error TS2307: Cannot find module 'next/server' or its corresponding type declarations.
src/ai-gateway/app/api/settings/require-login/route.ts(2,45): error TS2307: Cannot find module '@/lib/localDb' or its corresponding type declarations.
src/ai-gateway/app/api/settings/require-login/route.ts(4,39): error TS2307: Cannot find module '@/lib/api/requireManagementAuth' or its corresponding type declarations.
src/ai-gateway/app/api/settings/require-login/route.ts(5,42): error TS2307: Cannot find module '@/shared/validation/schemas' or its corresponding type declarations.
src/ai-gateway/app/api/settings/require-login/route.ts(6,51): error TS2307: Cannot find module '@/shared/validation/helpers' or its corresponding type declarations.
src/ai-gateway/app/api/settings/route.ts(1,30): error TS2307: Cannot find module 'next/server' or its corresponding type declarations.
src/ai-gateway/app/api/settings/route.ts(2,45): error TS2307: Cannot find module '@/lib/localDb' or its corresponding type declarations.
src/ai-gateway/app/api/settings/route.ts(3,42): error TS2307: Cannot find module '@/lib/tokenHealthCheck' or its corresponding type declarations.
src/ai-gateway/app/api/settings/route.ts(6,33): error TS2307: Cannot find module '@/lib/runtime/ports' or its corresponding type declarations.
src/ai-gateway/app/api/settings/route.ts(7,38): error TS2307: Cannot find module '@/shared/validation/settingsSchemas' or its corresponding type declarations.
src/ai-gateway/app/api/settings/route.ts(8,51): error TS2307: Cannot find module '@/shared/validation/helpers' or its corresponding type declarations.
src/ai-gateway/app/api/settings/route.ts(10,40): error TS2307: Cannot find module '@/shared/utils/machineId' or its corresponding type declarations.
src/ai-gateway/app/api/settings/route.ts(11,61): error TS2307: Cannot find module '@/lib/db/upstreamProxy' or its corresponding type declarations.
src/ai-gateway/app/api/settings/route.ts(12,39): error TS2307: Cannot find module '@/lib/api/requireManagementAuth' or its corresponding type declarations.
src/ai-gateway/app/api/settings/route.ts(47,29): error TS7006: Parameter 'request' implicitly has an 'any' type.
src/ai-gateway/app/api/settings/route.ts(134,22): error TS2307: Cannot find module '@ZavorthGateway/open-sse/utils/usageTracking.ts' or its corresponding type declarations.
src/ai-gateway/app/api/settings/route.ts(161,68): error TS2307: Cannot find module '@/lib/cacheControlSettings' or its corresponding type declarations.
src/ai-gateway/app/api/settings/route.ts(167,68): error TS2307: Cannot find module '@/lib/modelsDevSync' or its corresponding type declarations.
src/ai-gateway/app/api/settings/system-prompt/route.ts(1,30): error TS2307: Cannot find module 'next/server' or its corresponding type declarations.
src/ai-gateway/app/api/settings/system-prompt/route.ts(5,8): error TS2307: Cannot find module '@ZavorthGateway/open-sse/services/systemPrompt.ts' or its corresponding type declarations.
src/ai-gateway/app/api/settings/system-prompt/route.ts(6,39): error TS2307: Cannot find module '@/lib/api/requireManagementAuth' or its corresponding type declarations.
src/ai-gateway/app/api/settings/system-prompt/route.ts(7,32): error TS2307: Cannot find module '@/lib/localDb' or its corresponding type declarations.
src/ai-gateway/app/api/settings/system-prompt/route.ts(8,42): error TS2307: Cannot find module '@/shared/validation/schemas' or its corresponding type declarations.
src/ai-gateway/app/api/settings/system-prompt/route.ts(9,51): error TS2307: Cannot find module '@/shared/validation/helpers' or its corresponding type declarations.
src/ai-gateway/app/api/settings/system-prompt/route.ts(23,27): error TS7006: Parameter 'request' implicitly has an 'any' type.
src/ai-gateway/app/api/settings/task-routing/route.ts(1,30): error TS2307: Cannot find module 'next/server' or its corresponding type declarations.
src/ai-gateway/app/api/settings/task-routing/route.ts(7,8): error TS2307: Cannot find module '@ZavorthGateway/open-sse/services/taskAwareRouter.ts' or its corresponding type declarations.
src/ai-gateway/app/api/settings/task-routing/route.ts(8,32): error TS2307: Cannot find module '@/lib/db/settings' or its corresponding type declarations.
src/ai-gateway/app/api/settings/task-routing/route.ts(9,39): error TS2307: Cannot find module '@/lib/api/requireManagementAuth' or its corresponding type declarations.
src/ai-gateway/app/api/settings/task-routing/route.ts(10,66): error TS2307: Cannot find module '@/shared/validation/schemas' or its corresponding type declarations.
src/ai-gateway/app/api/settings/task-routing/route.ts(11,51): error TS2307: Cannot find module '@/shared/validation/helpers' or its corresponding type declarations.
src/ai-gateway/app/api/settings/task-routing/route.ts(62,33): error TS2307: Cannot find module '@ZavorthGateway/open-sse/services/taskAwareRouter.ts' or its corresponding type declarations.
src/ai-gateway/app/api/settings/task-routing/route.ts(117,47): error TS2307: Cannot find module '@ZavorthGateway/open-sse/services/taskAwareRouter.ts' or its corresponding type declarations.
src/ai-gateway/app/api/settings/thinking-budget/route.ts(1,30): error TS2307: Cannot find module 'next/server' or its corresponding type declarations.
src/ai-gateway/app/api/settings/thinking-budget/route.ts(2,45): error TS2307: Cannot find module '@/lib/localDb' or its corresponding type declarations.
src/ai-gateway/app/api/settings/thinking-budget/route.ts(7,8): error TS2307: Cannot find module '@ZavorthGateway/open-sse/services/thinkingBudget.ts' or its corresponding type declarations.
src/ai-gateway/app/api/settings/thinking-budget/route.ts(8,39): error TS2307: Cannot find module '@/lib/api/requireManagementAuth' or its corresponding type declarations.
src/ai-gateway/app/api/settings/thinking-budget/route.ts(9,44): error TS2307: Cannot find module '@/shared/validation/schemas' or its corresponding type declarations.
src/ai-gateway/app/api/settings/thinking-budget/route.ts(10,51): error TS2307: Cannot find module '@/shared/validation/helpers' or its corresponding type declarations.
src/ai-gateway/app/api/settings/thinking-budget/route.ts(25,27): error TS7006: Parameter 'request' implicitly has an 'any' type.
src/ai-gateway/app/api/shutdown/route.ts(1,30): error TS2307: Cannot find module 'next/server' or its corresponding type declarations.
src/ai-gateway/app/api/shutdown/route.ts(2,45): error TS2307: Cannot find module '@/lib/api/requireManagementAuth' or its corresponding type declarations.
src/ai-gateway/app/api/skills/[id]/route.ts(1,30): error TS2307: Cannot find module 'next/server' or its corresponding type declarations.
src/ai-gateway/app/api/skills/[id]/route.ts(2,31): error TS2307: Cannot find module '@/lib/db/core' or its corresponding type declarations.
src/ai-gateway/app/api/skills/[id]/route.ts(3,31): error TS2307: Cannot find module '@/lib/skills/registry' or its corresponding type declarations.
src/ai-gateway/app/api/skills/[id]/route.ts(5,51): error TS2307: Cannot find module '@/shared/validation/helpers' or its corresponding type declarations.
src/ai-gateway/app/api/skills/[id]/route.ts(6,39): error TS2307: Cannot find module '@/lib/api/requireManagementAuth' or its corresponding type declarations.
src/ai-gateway/app/api/skills/executions/route.ts(1,30): error TS2307: Cannot find module 'next/server' or its corresponding type declarations.
src/ai-gateway/app/api/skills/executions/route.ts(2,31): error TS2307: Cannot find module '@/lib/skills/executor' or its corresponding type declarations.
src/ai-gateway/app/api/skills/executions/route.ts(18,51): error TS2307: Cannot find module '@/shared/validation/helpers' or its corresponding type declarations.
src/ai-gateway/app/api/skills/executions/route.ts(19,33): error TS2307: Cannot find module '@/shared/utils/apiAuth' or its corresponding type declarations.
src/ai-gateway/app/api/skills/install/route.ts(1,30): error TS2307: Cannot find module 'next/server' or its corresponding type declarations.
src/ai-gateway/app/api/skills/install/route.ts(3,39): error TS2307: Cannot find module '@/lib/api/requireManagementAuth' or its corresponding type declarations.
src/ai-gateway/app/api/skills/install/route.ts(4,31): error TS2307: Cannot find module '@/lib/skills/registry' or its corresponding type declarations.
src/ai-gateway/app/api/skills/install/route.ts(5,51): error TS2307: Cannot find module '@/shared/validation/helpers' or its corresponding type declarations.
src/ai-gateway/app/api/skills/marketplace/install/route.ts(1,30): error TS2307: Cannot find module 'next/server' or its corresponding type declarations.
src/ai-gateway/app/api/skills/marketplace/install/route.ts(3,51): error TS2307: Cannot find module '@/shared/validation/helpers' or its corresponding type declarations.
src/ai-gateway/app/api/skills/marketplace/install/route.ts(4,31): error TS2307: Cannot find module '@/lib/skills/registry' or its corresponding type declarations.
src/ai-gateway/app/api/skills/marketplace/install/route.ts(5,39): error TS2307: Cannot find module '@/lib/api/requireManagementAuth' or its corresponding type declarations.
src/ai-gateway/app/api/skills/marketplace/route.ts(1,30): error TS2307: Cannot find module 'next/server' or its corresponding type declarations.
src/ai-gateway/app/api/skills/marketplace/route.ts(2,29): error TS2307: Cannot find module '@/lib/db/settings' or its corresponding type declarations.
src/ai-gateway/app/api/skills/marketplace/route.ts(3,33): error TS2307: Cannot find module '@/shared/utils/apiAuth' or its corresponding type declarations.
src/ai-gateway/app/api/skills/route.ts(1,30): error TS2307: Cannot find module 'next/server' or its corresponding type declarations.
src/ai-gateway/app/api/skills/route.ts(2,31): error TS2307: Cannot find module '@/lib/skills/registry' or its corresponding type declarations.
src/ai-gateway/app/api/skills/route.ts(3,39): error TS2307: Cannot find module '@/lib/api/requireManagementAuth' or its corresponding type declarations.
src/ai-gateway/app/api/skills/scale-hardening/route.ts(1,30): error TS2307: Cannot find module 'next/server' or its corresponding type declarations.
src/ai-gateway/app/api/skills/scale-hardening/route.ts(2,39): error TS2307: Cannot find module '@/lib/api/requireManagementAuth' or its corresponding type declarations.
src/ai-gateway/app/api/storage/health/route.ts(1,30): error TS2307: Cannot find module 'next/server' or its corresponding type declarations.
src/ai-gateway/app/api/storage/health/route.ts(4,32): error TS2307: Cannot find module '@/lib/dataPaths' or its corresponding type declarations.
src/ai-gateway/app/api/storage/health/route.ts(5,39): error TS2307: Cannot find module '@/lib/api/requireManagementAuth' or its corresponding type declarations.
src/ai-gateway/app/api/storage/health/route.ts(11,8): error TS2307: Cannot find module '@/lib/logEnv' or its corresponding type declarations.
src/ai-gateway/app/api/storage/health/route.ts(81,39): error TS18046: 'error' is of type 'unknown'.
src/ai-gateway/app/api/sync/cloud/route.ts(1,30): error TS2307: Cannot find module 'next/server' or its corresponding type declarations.
src/ai-gateway/app/api/sync/cloud/route.ts(2,58): error TS2307: Cannot find module '@/lib/localDb' or its corresponding type declarations.
src/ai-gateway/app/api/sync/cloud/route.ts(3,40): error TS2307: Cannot find module '@/shared/utils/machineId' or its corresponding type declarations.
src/ai-gateway/app/api/sync/cloud/route.ts(4,58): error TS2307: Cannot find module '@/lib/cloudSync' or its corresponding type declarations.
src/ai-gateway/app/api/sync/cloud/route.ts(8,39): error TS2307: Cannot find module '@/shared/validation/schemas' or its corresponding type declarations.
src/ai-gateway/app/api/sync/cloud/route.ts(9,51): error TS2307: Cannot find module '@/shared/validation/helpers' or its corresponding type declarations.
src/ai-gateway/app/api/sync/cloud/route.ts(10,39): error TS2307: Cannot find module '@/lib/api/requireManagementAuth' or its corresponding type declarations.
src/ai-gateway/app/api/sync/cloud/route.ts(21,45): error TS2307: Cannot find module '@/lib/db/settings' or its corresponding type declarations.
src/ai-gateway/app/api/sync/initialize/route.ts(1,30): error TS2307: Cannot find module 'next/server' or its corresponding type declarations.
src/ai-gateway/app/api/sync/initialize/route.ts(2,33): error TS2307: Cannot find module '@/shared/services/initializeCloudSync' or its corresponding type declarations.
src/ai-gateway/app/api/sync/initialize/route.ts(3,41): error TS2307: Cannot find module '@/shared/services/modelSyncScheduler' or its corresponding type declarations.
src/ai-gateway/app/api/sync/initialize/route.ts(4,39): error TS2307: Cannot find module '@/lib/api/requireManagementAuth' or its corresponding type declarations.
src/ai-gateway/app/api/sync/initialize/route.ts(5,46): error TS2307: Cannot find module '@/shared/utils/resolveZavorthGatewayBaseUrl' or its corresponding type declarations.
src/ai-gateway/app/api/sync/initialize/route.ts(11,28): error TS7006: Parameter 'request' implicitly has an 'any' type.
src/ai-gateway/app/api/sync/initialize/route.ts(49,27): error TS7006: Parameter 'request' implicitly has an 'any' type.
src/ai-gateway/app/api/synced-available-models/route.ts(1,71): error TS2307: Cannot find module '@/lib/db/models' or its corresponding type declarations.
src/ai-gateway/app/api/synced-available-models/route.ts(2,33): error TS2307: Cannot find module '@/shared/utils/apiAuth' or its corresponding type declarations.
src/ai-gateway/app/api/system/env/repair/route.ts(11,30): error TS2307: Cannot find module 'next/server' or its corresponding type declarations.
src/ai-gateway/app/api/system/env/repair/route.ts(12,45): error TS2307: Cannot find module '@/lib/api/requireManagementAuth' or its corresponding type declarations.
src/ai-gateway/app/api/system/version/route.ts(8,43): error TS2307: Cannot find module 'next/server' or its corresponding type declarations.
src/ai-gateway/app/api/system/version/route.ts(11,68): error TS2307: Cannot find module '@/lib/api/requireManagementAuth' or its corresponding type declarations.
src/ai-gateway/app/api/system/version/route.ts(17,8): error TS2307: Cannot find module '@/lib/system/autoUpdate' or its corresponding type declarations.
src/ai-gateway/app/api/tags/route.ts(1,30): error TS2307: Cannot find module '@/shared/utils/cors' or its corresponding type declarations.
src/ai-gateway/app/api/tags/route.ts(2,30): error TS2307: Cannot find module '@ZavorthGateway/open-sse/config/ollamaModels.ts' or its corresponding type declarations.
src/ai-gateway/app/api/telemetry/summary/route.ts(1,30): error TS2307: Cannot find module 'next/server' or its corresponding type declarations.
src/ai-gateway/app/api/telemetry/summary/route.ts(2,37): error TS2307: Cannot find module '@/shared/utils/requestTelemetry' or its corresponding type declarations.
src/ai-gateway/app/api/telemetry/summary/route.ts(3,39): error TS2307: Cannot find module '@/lib/api/requireManagementAuth' or its corresponding type declarations.
src/ai-gateway/app/api/telemetry/summary/route.ts(5,27): error TS7006: Parameter 'request' implicitly has an 'any' type.
src/ai-gateway/app/api/telemetry/summary/route.ts(15,39): error TS18046: 'error' is of type 'unknown'.
src/ai-gateway/app/api/token-health/route.ts(8,40): error TS2307: Cannot find module '@/lib/localDb' or its corresponding type declarations.
src/ai-gateway/app/api/token-health/route.ts(9,39): error TS2307: Cannot find module '@/lib/api/requireManagementAuth' or its corresponding type declarations.
src/ai-gateway/app/api/token-health/route.ts(17,52): error TS7006: Parameter 'c' implicitly has an 'any' type.
src/ai-gateway/app/api/token-health/route.ts(20,40): error TS7006: Parameter 'c' implicitly has an 'any' type.
src/ai-gateway/app/api/token-health/route.ts(22,8): error TS7006: Parameter 'c' implicitly has an 'any' type.
src/ai-gateway/app/api/token-health/route.ts(24,42): error TS7006: Parameter 'latest' implicitly has an 'any' type.
src/ai-gateway/app/api/token-health/route.ts(24,50): error TS7006: Parameter 'c' implicitly has an 'any' type.
src/ai-gateway/app/api/token-health/route.ts(38,35): error TS18046: 'err' is of type 'unknown'.
src/ai-gateway/app/api/translator/detect/route.ts(1,30): error TS2307: Cannot find module 'next/server' or its corresponding type declarations.
src/ai-gateway/app/api/translator/detect/route.ts(2,30): error TS2307: Cannot find module '@ZavorthGateway/open-sse/services/provider.ts' or its corresponding type declarations.
src/ai-gateway/app/api/translator/detect/route.ts(3,39): error TS2307: Cannot find module '@/lib/api/requireManagementAuth' or its corresponding type declarations.
src/ai-gateway/app/api/translator/detect/route.ts(4,40): error TS2307: Cannot find module '@/shared/validation/schemas' or its corresponding type declarations.
src/ai-gateway/app/api/translator/detect/route.ts(5,51): error TS2307: Cannot find module '@/shared/validation/helpers' or its corresponding type declarations.
src/ai-gateway/app/api/translator/detect/route.ts(13,28): error TS7006: Parameter 'request' implicitly has an 'any' type.
src/ai-gateway/app/api/translator/history/route.ts(1,30): error TS2307: Cannot find module 'next/server' or its corresponding type declarations.
src/ai-gateway/app/api/translator/history/route.ts(2,38): error TS2307: Cannot find module '@/lib/translatorEvents' or its corresponding type declarations.
src/ai-gateway/app/api/translator/history/route.ts(3,39): error TS2307: Cannot find module '@/lib/api/requireManagementAuth' or its corresponding type declarations.
src/ai-gateway/app/api/translator/history/route.ts(10,27): error TS7006: Parameter 'request' implicitly has an 'any' type.
src/ai-gateway/app/api/translator/history/route.ts(22,55): error TS18046: 'error' is of type 'unknown'.
src/ai-gateway/app/api/translator/load/route.ts(1,30): error TS2307: Cannot find module 'next/server' or its corresponding type declarations.
src/ai-gateway/app/api/translator/load/route.ts(4,39): error TS2307: Cannot find module '@/lib/api/requireManagementAuth' or its corresponding type declarations.
src/ai-gateway/app/api/translator/load/route.ts(6,27): error TS7006: Parameter 'request' implicitly has an 'any' type.
src/ai-gateway/app/api/translator/load/route.ts(46,55): error TS18046: 'error' is of type 'unknown'.
src/ai-gateway/app/api/translator/save/route.ts(1,30): error TS2307: Cannot find module 'next/server' or its corresponding type declarations.
src/ai-gateway/app/api/translator/save/route.ts(4,39): error TS2307: Cannot find module '@/lib/api/requireManagementAuth' or its corresponding type declarations.
src/ai-gateway/app/api/translator/save/route.ts(5,38): error TS2307: Cannot find module '@/shared/validation/schemas' or its corresponding type declarations.
src/ai-gateway/app/api/translator/save/route.ts(6,51): error TS2307: Cannot find module '@/shared/validation/helpers' or its corresponding type declarations.
src/ai-gateway/app/api/translator/save/route.ts(8,28): error TS7006: Parameter 'request' implicitly has an 'any' type.
src/ai-gateway/app/api/translator/send/route.ts(1,30): error TS2307: Cannot find module 'next/server' or its corresponding type declarations.
src/ai-gateway/app/api/translator/send/route.ts(7,8): error TS2307: Cannot find module '@ZavorthGateway/open-sse/services/provider.ts' or its corresponding type declarations.
src/ai-gateway/app/api/translator/send/route.ts(8,40): error TS2307: Cannot find module '@/lib/localDb' or its corresponding type declarations.
src/ai-gateway/app/api/translator/send/route.ts(9,36): error TS2307: Cannot find module '@/shared/utils/upstreamError' or its corresponding type declarations.
src/ai-gateway/app/api/translator/send/route.ts(10,37): error TS2307: Cannot find module '@/lib/translatorEvents' or its corresponding type declarations.
src/ai-gateway/app/api/translator/send/route.ts(11,39): error TS2307: Cannot find module '@/lib/api/requireManagementAuth' or its corresponding type declarations.
src/ai-gateway/app/api/translator/send/route.ts(12,38): error TS2307: Cannot find module '@/shared/validation/schemas' or its corresponding type declarations.
src/ai-gateway/app/api/translator/send/route.ts(13,51): error TS2307: Cannot find module '@/shared/validation/helpers' or its corresponding type declarations.
src/ai-gateway/app/api/translator/send/route.ts(14,52): error TS2307: Cannot find module '@/lib/security/egressGuard' or its corresponding type declarations.
src/ai-gateway/app/api/translator/send/route.ts(22,28): error TS7006: Parameter 'request' implicitly has an 'any' type.
src/ai-gateway/app/api/translator/send/route.ts(55,42): error TS7006: Parameter 'c' implicitly has an 'any' type.
src/ai-gateway/app/api/translator/translate/route.ts(1,30): error TS2307: Cannot find module 'next/server' or its corresponding type declarations.
src/ai-gateway/app/api/translator/translate/route.ts(7,8): error TS2307: Cannot find module '@ZavorthGateway/open-sse/services/provider.ts' or its corresponding type declarations.
src/ai-gateway/app/api/translator/translate/route.ts(8,34): error TS2307: Cannot find module '@ZavorthGateway/open-sse/translator/index.ts' or its corresponding type declarations.
src/ai-gateway/app/api/translator/translate/route.ts(9,25): error TS2307: Cannot find module '@ZavorthGateway/open-sse/translator/formats.ts' or its corresponding type declarations.
src/ai-gateway/app/api/translator/translate/route.ts(10,40): error TS2307: Cannot find module '@/lib/localDb' or its corresponding type declarations.
src/ai-gateway/app/api/translator/translate/route.ts(11,39): error TS2307: Cannot find module '@/lib/api/requireManagementAuth' or its corresponding type declarations.
src/ai-gateway/app/api/translator/translate/route.ts(12,43): error TS2307: Cannot find module '@/shared/validation/schemas' or its corresponding type declarations.
src/ai-gateway/app/api/translator/translate/route.ts(13,51): error TS2307: Cannot find module '@/shared/validation/helpers' or its corresponding type declarations.
src/ai-gateway/app/api/translator/translate/route.ts(43,40): error TS7006: Parameter 'c' implicitly has an 'any' type.
src/ai-gateway/app/api/translator/translate/route.ts(47,28): error TS7006: Parameter 'request' implicitly has an 'any' type.
src/ai-gateway/app/api/translator/translate/route.ts(173,46): error TS7006: Parameter 'c' implicitly has an 'any' type.
src/ai-gateway/app/api/tunnels/cloudflared/route.ts(1,43): error TS2307: Cannot find module 'next/server' or its corresponding type declarations.
src/ai-gateway/app/api/tunnels/cloudflared/route.ts(3,68): error TS2307: Cannot find module '@/lib/api/requireManagementAuth' or its corresponding type declarations.
src/ai-gateway/app/api/tunnels/cloudflared/route.ts(4,51): error TS2307: Cannot find module '@/shared/validation/helpers' or its corresponding type declarations.
src/ai-gateway/app/api/tunnels/cloudflared/route.ts(9,8): error TS2307: Cannot find module '@/lib/cloudflaredTunnel' or its corresponding type declarations.
src/ai-gateway/app/api/usage/[connectionId]/route.ts(1,47): error TS2307: Cannot find module '@/lib/usage/providerLimits' or its corresponding type declarations.
src/ai-gateway/app/api/usage/[connectionId]/route.ts(2,39): error TS2307: Cannot find module '@/lib/api/requireManagementAuth' or its corresponding type declarations.
src/ai-gateway/app/api/usage/analytics/route.ts(1,30): error TS2307: Cannot find module 'next/server' or its corresponding type declarations.
src/ai-gateway/app/api/usage/analytics/route.ts(2,28): error TS2307: Cannot find module '@/lib/usageDb' or its corresponding type declarations.
src/ai-gateway/app/api/usage/analytics/route.ts(3,34): error TS2307: Cannot find module '@/lib/usageAnalytics' or its corresponding type declarations.
src/ai-gateway/app/api/usage/analytics/route.ts(4,31): error TS2307: Cannot find module '@/lib/db/core' or its corresponding type declarations.
src/ai-gateway/app/api/usage/analytics/route.ts(5,39): error TS2307: Cannot find module '@/lib/api/requireManagementAuth' or its corresponding type declarations.
src/ai-gateway/app/api/usage/analytics/route.ts(36,27): error TS7006: Parameter 'request' implicitly has an 'any' type.
src/ai-gateway/app/api/usage/analytics/route.ts(52,53): error TS2307: Cannot find module '@/lib/localDb' or its corresponding type declarations.
src/ai-gateway/app/api/usage/budget/route.ts(1,30): error TS2307: Cannot find module 'next/server' or its corresponding type declarations.
src/ai-gateway/app/api/usage/budget/route.ts(2,56): error TS2307: Cannot find module '@/domain/costRules' or its corresponding type declarations.
src/ai-gateway/app/api/usage/budget/route.ts(3,39): error TS2307: Cannot find module '@/lib/api/requireManagementAuth' or its corresponding type declarations.
src/ai-gateway/app/api/usage/budget/route.ts(4,33): error TS2307: Cannot find module '@/shared/validation/schemas' or its corresponding type declarations.
src/ai-gateway/app/api/usage/budget/route.ts(5,51): error TS2307: Cannot find module '@/shared/validation/helpers' or its corresponding type declarations.
src/ai-gateway/app/api/usage/budget/route.ts(7,27): error TS7006: Parameter 'request' implicitly has an 'any' type.
src/ai-gateway/app/api/usage/budget/route.ts(26,28): error TS7006: Parameter 'request' implicitly has an 'any' type.
src/ai-gateway/app/api/usage/call-logs/[id]/route.ts(1,30): error TS2307: Cannot find module 'next/server' or its corresponding type declarations.
src/ai-gateway/app/api/usage/call-logs/[id]/route.ts(2,39): error TS2307: Cannot find module '@/lib/api/requireManagementAuth' or its corresponding type declarations.
src/ai-gateway/app/api/usage/call-logs/[id]/route.ts(3,32): error TS2307: Cannot find module '@/lib/usageDb' or its corresponding type declarations.
src/ai-gateway/app/api/usage/call-logs/[id]/route.ts(5,27): error TS7006: Parameter 'request' implicitly has an 'any' type.
src/ai-gateway/app/api/usage/call-logs/[id]/route.ts(5,38): error TS7031: Binding element 'params' implicitly has an 'any' type.
src/ai-gateway/app/api/usage/call-logs/route.ts(1,30): error TS2307: Cannot find module 'next/server' or its corresponding type declarations.
src/ai-gateway/app/api/usage/call-logs/route.ts(2,39): error TS2307: Cannot find module '@/lib/api/requireManagementAuth' or its corresponding type declarations.
src/ai-gateway/app/api/usage/call-logs/route.ts(3,29): error TS2307: Cannot find module '@/lib/usageDb' or its corresponding type declarations.
src/ai-gateway/app/api/usage/call-logs/route.ts(20,60): error TS2345: Argument of type 'string | null' is not assignable to parameter of type 'string'.
  Type 'null' is not assignable to type 'string'.
src/ai-gateway/app/api/usage/combo-health/route.ts(1,30): error TS2307: Cannot find module 'next/server' or its corresponding type declarations.
src/ai-gateway/app/api/usage/combo-health/route.ts(3,31): error TS2307: Cannot find module '@/lib/db/core' or its corresponding type declarations.
src/ai-gateway/app/api/usage/combo-health/route.ts(4,41): error TS2307: Cannot find module '@/lib/db/combos' or its corresponding type declarations.
src/ai-gateway/app/api/usage/combo-health/route.ts(5,35): error TS2307: Cannot find module '@/lib/db/quotaSnapshots' or its corresponding type declarations.
src/ai-gateway/app/api/usage/combo-health/route.ts(6,39): error TS2307: Cannot find module '@/lib/api/requireManagementAuth' or its corresponding type declarations.
src/ai-gateway/app/api/usage/combo-health/route.ts(12,8): error TS2307: Cannot find module '@/shared/types/utilization' or its corresponding type declarations.
src/ai-gateway/app/api/usage/history/route.ts(1,30): error TS2307: Cannot find module 'next/server' or its corresponding type declarations.
src/ai-gateway/app/api/usage/history/route.ts(2,31): error TS2307: Cannot find module '@/lib/usageDb' or its corresponding type declarations.
src/ai-gateway/app/api/usage/history/route.ts(3,39): error TS2307: Cannot find module '@/lib/api/requireManagementAuth' or its corresponding type declarations.
src/ai-gateway/app/api/usage/logs/route.ts(1,30): error TS2307: Cannot find module 'next/server' or its corresponding type declarations.
src/ai-gateway/app/api/usage/logs/route.ts(2,31): error TS2307: Cannot find module '@/lib/usageDb' or its corresponding type declarations.
src/ai-gateway/app/api/usage/logs/route.ts(3,39): error TS2307: Cannot find module '@/lib/api/requireManagementAuth' or its corresponding type declarations.
src/ai-gateway/app/api/usage/logs/route.ts(14,48): error TS2339: Property 'stack' does not exist on type '{}'.
src/ai-gateway/app/api/usage/provider-limits/route.ts(1,30): error TS2307: Cannot find module 'next/server' or its corresponding type declarations.
src/ai-gateway/app/api/usage/provider-limits/route.ts(7,8): error TS2307: Cannot find module '@/lib/usage/providerLimits' or its corresponding type declarations.
src/ai-gateway/app/api/usage/provider-limits/route.ts(8,39): error TS2307: Cannot find module '@/lib/api/requireManagementAuth' or its corresponding type declarations.
src/ai-gateway/app/api/usage/proxy-logs/route.ts(1,64): error TS2307: Cannot find module '@/lib/proxyLogger' or its corresponding type declarations.
src/ai-gateway/app/api/usage/proxy-logs/route.ts(2,39): error TS2307: Cannot find module '@/lib/api/requireManagementAuth' or its corresponding type declarations.
src/ai-gateway/app/api/usage/proxy-logs/route.ts(21,61): error TS2345: Argument of type 'string | null' is not assignable to parameter of type 'string'.
  Type 'null' is not assignable to type 'string'.
src/ai-gateway/app/api/usage/quota/route.ts(1,30): error TS2307: Cannot find module 'next/server' or its corresponding type declarations.
src/ai-gateway/app/api/usage/quota/route.ts(2,40): error TS2307: Cannot find module '@/lib/localDb' or its corresponding type declarations.
src/ai-gateway/app/api/usage/quota/route.ts(6,8): error TS2307: Cannot find module '@ZavorthGateway/open-sse/services/rateLimitManager.ts' or its corresponding type declarations.
src/ai-gateway/app/api/usage/quota/route.ts(7,39): error TS2307: Cannot find module '@/lib/api/requireManagementAuth' or its corresponding type declarations.
src/ai-gateway/app/api/usage/quota/route.ts(13,8): error TS2307: Cannot find module '@/shared/contracts/quota' or its corresponding type declarations.
src/ai-gateway/app/api/usage/request-logs/route.ts(1,30): error TS2307: Cannot find module 'next/server' or its corresponding type declarations.
src/ai-gateway/app/api/usage/request-logs/route.ts(2,31): error TS2307: Cannot find module '@/lib/usageDb' or its corresponding type declarations.
src/ai-gateway/app/api/usage/request-logs/route.ts(3,39): error TS2307: Cannot find module '@/lib/api/requireManagementAuth' or its corresponding type declarations.
src/ai-gateway/app/api/usage/request-logs/route.ts(14,48): error TS2339: Property 'stack' does not exist on type '{}'.
src/ai-gateway/app/api/usage/utilization/route.ts(1,30): error TS2307: Cannot find module 'next/server' or its corresponding type declarations.
src/ai-gateway/app/api/usage/utilization/route.ts(2,40): error TS2307: Cannot find module '@/lib/db/quotaSnapshots' or its corresponding type declarations.
src/ai-gateway/app/api/usage/utilization/route.ts(3,39): error TS2307: Cannot find module '@/lib/api/requireManagementAuth' or its corresponding type declarations.
src/ai-gateway/app/api/usage/utilization/route.ts(4,72): error TS2307: Cannot find module '@/shared/types/utilization' or its corresponding type declarations.
src/ai-gateway/app/api/usage/utilization/route.ts(5,30): error TS2307: Cannot find module '@/shared/types/utilization' or its corresponding type declarations.
src/ai-gateway/app/api/usage/utilization/route.ts(60,52): error TS7006: Parameter 'd' implicitly has an 'any' type.
src/ai-gateway/app/api/v1/accounts/[id]/limits/route.ts(1,30): error TS2307: Cannot find module 'next/server' or its corresponding type declarations.
src/ai-gateway/app/api/v1/accounts/[id]/limits/route.ts(3,45): error TS2307: Cannot find module '@/lib/api/requireManagementAuth' or its corresponding type declarations.
src/ai-gateway/app/api/v1/accounts/[id]/limits/route.ts(4,51): error TS2307: Cannot find module '@/shared/validation/helpers' or its corresponding type declarations.
src/ai-gateway/app/api/v1/accounts/[id]/limits/route.ts(5,56): error TS2307: Cannot find module '@/lib/db/registeredKeys' or its corresponding type declarations.
src/ai-gateway/app/api/v1/api/chat/route.ts(1,29): error TS2307: Cannot find module '@/shared/utils/cors' or its corresponding type declarations.
src/ai-gateway/app/api/v1/api/chat/route.ts(2,28): error TS2307: Cannot find module '@/sse/handlers/chat' or its corresponding type declarations.
src/ai-gateway/app/api/v1/api/chat/route.ts(3,33): error TS2307: Cannot find module '@ZavorthGateway/open-sse/translator/index.ts' or its corresponding type declarations.
src/ai-gateway/app/api/v1/api/chat/route.ts(4,35): error TS2307: Cannot find module '@ZavorthGateway/open-sse/utils/ollamaTransform.ts' or its corresponding type declarations.
src/ai-gateway/app/api/v1/api/chat/route.ts(26,28): error TS7006: Parameter 'request' implicitly has an 'any' type.
src/ai-gateway/app/api/v1/audio/speech/route.ts(1,29): error TS2307: Cannot find module '@/shared/utils/cors' or its corresponding type declarations.
src/ai-gateway/app/api/v1/audio/speech/route.ts(2,35): error TS2307: Cannot find module '@ZavorthGateway/open-sse/handlers/audioSpeech.ts' or its corresponding type declarations.
src/ai-gateway/app/api/v1/audio/speech/route.ts(8,8): error TS2307: Cannot find module '@/sse/services/auth' or its corresponding type declarations.
src/ai-gateway/app/api/v1/audio/speech/route.ts(14,8): error TS2307: Cannot find module '@ZavorthGateway/open-sse/config/audioRegistry.ts' or its corresponding type declarations.
src/ai-gateway/app/api/v1/audio/speech/route.ts(15,31): error TS2307: Cannot find module '@ZavorthGateway/open-sse/utils/error.ts' or its corresponding type declarations.
src/ai-gateway/app/api/v1/audio/speech/route.ts(16,29): error TS2307: Cannot find module '@ZavorthGateway/open-sse/config/constants.ts' or its corresponding type declarations.
src/ai-gateway/app/api/v1/audio/speech/route.ts(17,37): error TS2307: Cannot find module '@/shared/utils/apiKeyPolicy' or its corresponding type declarations.
src/ai-gateway/app/api/v1/audio/speech/route.ts(18,34): error TS2307: Cannot find module '@/lib/localDb' or its corresponding type declarations.
src/ai-gateway/app/api/v1/audio/speech/route.ts(19,37): error TS2307: Cannot find module '@/shared/validation/schemas' or its corresponding type declarations.
src/ai-gateway/app/api/v1/audio/speech/route.ts(20,51): error TS2307: Cannot find module '@/shared/validation/helpers' or its corresponding type declarations.
src/ai-gateway/app/api/v1/audio/speech/route.ts(39,28): error TS7006: Parameter 'request' implicitly has an 'any' type.
src/ai-gateway/app/api/v1/audio/transcriptions/route.ts(1,29): error TS2307: Cannot find module '@/shared/utils/cors' or its corresponding type declarations.
src/ai-gateway/app/api/v1/audio/transcriptions/route.ts(5,42): error TS2307: Cannot find module '@ZavorthGateway/open-sse/handlers/audioTranscription.ts' or its corresponding type declarations.
src/ai-gateway/app/api/v1/audio/transcriptions/route.ts(11,8): error TS2307: Cannot find module '@/sse/services/auth' or its corresponding type declarations.
src/ai-gateway/app/api/v1/audio/transcriptions/route.ts(17,8): error TS2307: Cannot find module '@ZavorthGateway/open-sse/config/audioRegistry.ts' or its corresponding type declarations.
src/ai-gateway/app/api/v1/audio/transcriptions/route.ts(18,31): error TS2307: Cannot find module '@ZavorthGateway/open-sse/utils/error.ts' or its corresponding type declarations.
src/ai-gateway/app/api/v1/audio/transcriptions/route.ts(19,29): error TS2307: Cannot find module '@ZavorthGateway/open-sse/config/constants.ts' or its corresponding type declarations.
src/ai-gateway/app/api/v1/audio/transcriptions/route.ts(20,37): error TS2307: Cannot find module '@/shared/utils/apiKeyPolicy' or its corresponding type declarations.
src/ai-gateway/app/api/v1/audio/transcriptions/route.ts(21,34): error TS2307: Cannot find module '@/lib/localDb' or its corresponding type declarations.
src/ai-gateway/app/api/v1/audio/transcriptions/route.ts(40,28): error TS7006: Parameter 'request' implicitly has an 'any' type.
src/ai-gateway/app/api/v1/batches/[id]/cancel/route.ts(1,36): error TS2307: Cannot find module '@/lib/zavorthGatewayRuntimeStore' or its corresponding type declarations.
src/ai-gateway/app/api/v1/batches/[id]/route.ts(1,33): error TS2307: Cannot find module '@/lib/zavorthGatewayRuntimeStore' or its corresponding type declarations.
src/ai-gateway/app/api/v1/batches/delete-completed/route.ts(1,47): error TS2307: Cannot find module '@/lib/zavorthGatewayRuntimeStore' or its corresponding type declarations.
src/ai-gateway/app/api/v1/batches/route.ts(1,29): error TS2307: Cannot find module '@/shared/utils/cors' or its corresponding type declarations.
src/ai-gateway/app/api/v1/batches/route.ts(2,28): error TS2307: Cannot find module '@/sse/handlers/chat' or its corresponding type declarations.
src/ai-gateway/app/api/v1/batches/route.ts(3,42): error TS2307: Cannot find module '@/lib/zavorthBatchWorker' or its corresponding type declarations.
src/ai-gateway/app/api/v1/batches/route.ts(11,8): error TS2307: Cannot find module '@/lib/zavorthGatewayRuntimeStore' or its corresponding type declarations.
src/ai-gateway/app/api/v1/batches/route.ts(63,24): error TS7031: Binding element 'body' implicitly has an 'any' type.
src/ai-gateway/app/api/v1/chat/completions/route.ts(1,43): error TS2307: Cannot find module '@/shared/utils/cors' or its corresponding type declarations.
src/ai-gateway/app/api/v1/chat/completions/route.ts(2,40): error TS2307: Cannot find module '@/shared/utils/cloud' or its corresponding type declarations.
src/ai-gateway/app/api/v1/chat/completions/route.ts(3,28): error TS2307: Cannot find module '@/sse/handlers/chat' or its corresponding type declarations.
src/ai-gateway/app/api/v1/chat/completions/route.ts(4,33): error TS2307: Cannot find module '@ZavorthGateway/open-sse/translator/index.ts' or its corresponding type declarations.
src/ai-gateway/app/api/v1/chat/completions/route.ts(5,38): error TS2307: Cannot find module '@/middleware/promptInjectionGuard' or its corresponding type declarations.
src/ai-gateway/app/api/v1/chat/completions/route.ts(7,5): error TS7034: Variable 'initPromise' implicitly has type 'any' in some locations where its type cannot be determined.
src/ai-gateway/app/api/v1/chat/completions/route.ts(16,8): error TS7005: Variable 'initPromise' implicitly has an 'any' type.
src/ai-gateway/app/api/v1/chat/completions/route.ts(37,28): error TS7006: Parameter 'request' implicitly has an 'any' type.
src/ai-gateway/app/api/v1/completions/route.ts(1,43): error TS2307: Cannot find module '@/shared/utils/cors' or its corresponding type declarations.
src/ai-gateway/app/api/v1/completions/route.ts(2,51): error TS2307: Cannot find module '@/sse/handlers/chat' or its corresponding type declarations.
src/ai-gateway/app/api/v1/completions/route.ts(3,33): error TS2307: Cannot find module '@ZavorthGateway/open-sse/translator/index.ts' or its corresponding type declarations.
src/ai-gateway/app/api/v1/completions/route.ts(4,38): error TS2307: Cannot find module '@/middleware/promptInjectionGuard' or its corresponding type declarations.
src/ai-gateway/app/api/v1/completions/route.ts(6,5): error TS7034: Variable 'initPromise' implicitly has type 'any' in some locations where its type cannot be determined.
src/ai-gateway/app/api/v1/completions/route.ts(10,8): error TS7005: Variable 'initPromise' implicitly has an 'any' type.
src/ai-gateway/app/api/v1/compression/benchmark/route.ts(1,48): error TS2307: Cannot find module '@/lib/zavorthCompressionBenchmark' or its corresponding type declarations.
src/ai-gateway/app/api/v1/compression/benchmark/route.ts(2,29): error TS2307: Cannot find module '@/shared/utils/cors' or its corresponding type declarations.
src/ai-gateway/app/api/v1/embeddings/route.ts(1,29): error TS2307: Cannot find module '@/shared/utils/cors' or its corresponding type declarations.
src/ai-gateway/app/api/v1/embeddings/route.ts(2,33): error TS2307: Cannot find module '@ZavorthGateway/open-sse/handlers/embeddings.ts' or its corresponding type declarations.
src/ai-gateway/app/api/v1/embeddings/route.ts(8,8): error TS2307: Cannot find module '@/sse/services/auth' or its corresponding type declarations.
src/ai-gateway/app/api/v1/embeddings/route.ts(16,8): error TS2307: Cannot find module '@ZavorthGateway/open-sse/config/embeddingRegistry.ts' or its corresponding type declarations.
src/ai-gateway/app/api/v1/embeddings/route.ts(17,52): error TS2307: Cannot find module '@ZavorthGateway/open-sse/utils/error.ts' or its corresponding type declarations.
src/ai-gateway/app/api/v1/embeddings/route.ts(18,29): error TS2307: Cannot find module '@ZavorthGateway/open-sse/config/constants.ts' or its corresponding type declarations.
src/ai-gateway/app/api/v1/embeddings/route.ts(19,22): error TS2307: Cannot find module '@/sse/utils/logger' or its corresponding type declarations.
src/ai-gateway/app/api/v1/embeddings/route.ts(20,36): error TS2307: Cannot find module '@/shared/utils/upstreamError' or its corresponding type declarations.
src/ai-gateway/app/api/v1/embeddings/route.ts(21,37): error TS2307: Cannot find module '@/shared/utils/apiKeyPolicy' or its corresponding type declarations.
src/ai-gateway/app/api/v1/embeddings/route.ts(22,36): error TS2307: Cannot find module '@/shared/validation/schemas' or its corresponding type declarations.
src/ai-gateway/app/api/v1/embeddings/route.ts(23,51): error TS2307: Cannot find module '@/shared/validation/helpers' or its corresponding type declarations.
src/ai-gateway/app/api/v1/embeddings/route.ts(25,54): error TS2307: Cannot find module '@/lib/localDb' or its corresponding type declarations.
src/ai-gateway/app/api/v1/embeddings/route.ts(26,52): error TS2307: Cannot find module '@/lib/security/egressGuard' or its corresponding type declarations.
src/ai-gateway/app/api/v1/embeddings/route.ts(51,35): error TS7006: Parameter 'm' implicitly has an 'any' type.
src/ai-gateway/app/api/v1/embeddings/route.ts(69,24): error TS7006: Parameter 'd' implicitly has an 'any' type.
src/ai-gateway/app/api/v1/embeddings/route.ts(90,28): error TS7006: Parameter 'request' implicitly has an 'any' type.
src/ai-gateway/app/api/v1/files/[id]/content/route.ts(1,40): error TS2307: Cannot find module '@/lib/zavorthGatewayRuntimeStore' or its corresponding type declarations.
src/ai-gateway/app/api/v1/files/[id]/route.ts(1,29): error TS2307: Cannot find module '@/shared/utils/cors' or its corresponding type declarations.
src/ai-gateway/app/api/v1/files/[id]/route.ts(2,51): error TS2307: Cannot find module '@/lib/zavorthGatewayRuntimeStore' or its corresponding type declarations.
src/ai-gateway/app/api/v1/files/route.ts(1,29): error TS2307: Cannot find module '@/shared/utils/cors' or its corresponding type declarations.
src/ai-gateway/app/api/v1/files/route.ts(2,53): error TS2307: Cannot find module '@/lib/zavorthGatewayRuntimeStore' or its corresponding type declarations.
src/ai-gateway/app/api/v1/images/generations/route.ts(1,29): error TS2307: Cannot find module '@/shared/utils/cors' or its corresponding type declarations.
src/ai-gateway/app/api/v1/images/generations/route.ts(2,39): error TS2307: Cannot find module '@ZavorthGateway/open-sse/handlers/imageGeneration.ts' or its corresponding type declarations.
src/ai-gateway/app/api/v1/images/generations/route.ts(8,8): error TS2307: Cannot find module '@/sse/services/auth' or its corresponding type declarations.
src/ai-gateway/app/api/v1/images/generations/route.ts(13,8): error TS2307: Cannot find module '@ZavorthGateway/open-sse/config/imageRegistry.ts' or its corresponding type declarations.
src/ai-gateway/app/api/v1/images/generations/route.ts(14,52): error TS2307: Cannot find module '@ZavorthGateway/open-sse/utils/error.ts' or its corresponding type declarations.
src/ai-gateway/app/api/v1/images/generations/route.ts(15,29): error TS2307: Cannot find module '@ZavorthGateway/open-sse/config/constants.ts' or its corresponding type declarations.
src/ai-gateway/app/api/v1/images/generations/route.ts(16,22): error TS2307: Cannot find module '@/sse/utils/logger' or its corresponding type declarations.
src/ai-gateway/app/api/v1/images/generations/route.ts(17,36): error TS2307: Cannot find module '@/shared/utils/upstreamError' or its corresponding type declarations.
src/ai-gateway/app/api/v1/images/generations/route.ts(18,37): error TS2307: Cannot find module '@/shared/utils/apiKeyPolicy' or its corresponding type declarations.
src/ai-gateway/app/api/v1/images/generations/route.ts(19,41): error TS2307: Cannot find module '@/shared/validation/schemas' or its corresponding type declarations.
src/ai-gateway/app/api/v1/images/generations/route.ts(20,51): error TS2307: Cannot find module '@/shared/validation/helpers' or its corresponding type declarations.
src/ai-gateway/app/api/v1/images/generations/route.ts(22,36): error TS2307: Cannot find module '@/lib/localDb' or its corresponding type declarations.
src/ai-gateway/app/api/v1/images/generations/route.ts(47,35): error TS7006: Parameter 'm' implicitly has an 'any' type.
src/ai-gateway/app/api/v1/images/generations/route.ts(65,24): error TS7006: Parameter 'd' implicitly has an 'any' type.
src/ai-gateway/app/api/v1/images/generations/route.ts(86,28): error TS7006: Parameter 'request' implicitly has an 'any' type.
src/ai-gateway/app/api/v1/issues/report/route.ts(1,30): error TS2307: Cannot find module 'next/server' or its corresponding type declarations.
src/ai-gateway/app/api/v1/issues/report/route.ts(3,45): error TS2307: Cannot find module '@/lib/api/requireManagementAuth' or its corresponding type declarations.
src/ai-gateway/app/api/v1/issues/report/route.ts(4,51): error TS2307: Cannot find module '@/shared/validation/helpers' or its corresponding type declarations.
src/ai-gateway/app/api/v1/management/proxies/assignments/route.ts(1,84): error TS2307: Cannot find module '@/lib/localDb' or its corresponding type declarations.
src/ai-gateway/app/api/v1/management/proxies/assignments/route.ts(2,39): error TS2307: Cannot find module '@/shared/validation/schemas' or its corresponding type declarations.
src/ai-gateway/app/api/v1/management/proxies/assignments/route.ts(3,51): error TS2307: Cannot find module '@/shared/validation/helpers' or its corresponding type declarations.
src/ai-gateway/app/api/v1/management/proxies/assignments/route.ts(4,69): error TS2307: Cannot find module '@/lib/api/errorResponse' or its corresponding type declarations.
src/ai-gateway/app/api/v1/management/proxies/assignments/route.ts(5,45): error TS2307: Cannot find module '@/lib/api/requireManagementAuth' or its corresponding type declarations.
src/ai-gateway/app/api/v1/management/proxies/assignments/route.ts(6,38): error TS2307: Cannot find module '@ZavorthGateway/open-sse/utils/proxyDispatcher' or its corresponding type declarations.
src/ai-gateway/app/api/v1/management/proxies/assignments/route.ts(35,44): error TS7006: Parameter 'entry' implicitly has an 'any' type.
src/ai-gateway/app/api/v1/management/proxies/bulk-assign/route.ts(1,40): error TS2307: Cannot find module '@/lib/localDb' or its corresponding type declarations.
src/ai-gateway/app/api/v1/management/proxies/bulk-assign/route.ts(2,43): error TS2307: Cannot find module '@/shared/validation/schemas' or its corresponding type declarations.
src/ai-gateway/app/api/v1/management/proxies/bulk-assign/route.ts(3,51): error TS2307: Cannot find module '@/shared/validation/helpers' or its corresponding type declarations.
src/ai-gateway/app/api/v1/management/proxies/bulk-assign/route.ts(4,69): error TS2307: Cannot find module '@/lib/api/errorResponse' or its corresponding type declarations.
src/ai-gateway/app/api/v1/management/proxies/bulk-assign/route.ts(5,45): error TS2307: Cannot find module '@/lib/api/requireManagementAuth' or its corresponding type declarations.
src/ai-gateway/app/api/v1/management/proxies/bulk-assign/route.ts(6,38): error TS2307: Cannot find module '@ZavorthGateway/open-sse/utils/proxyDispatcher' or its corresponding type declarations.
src/ai-gateway/app/api/v1/management/proxies/health/route.ts(1,37): error TS2307: Cannot find module '@/lib/localDb' or its corresponding type declarations.
src/ai-gateway/app/api/v1/management/proxies/health/route.ts(2,48): error TS2307: Cannot find module '@/lib/api/errorResponse' or its corresponding type declarations.
src/ai-gateway/app/api/v1/management/proxies/health/route.ts(3,45): error TS2307: Cannot find module '@/lib/api/requireManagementAuth' or its corresponding type declarations.
src/ai-gateway/app/api/v1/management/proxies/route.ts(8,8): error TS2307: Cannot find module '@/lib/localDb' or its corresponding type declarations.
src/ai-gateway/app/api/v1/management/proxies/route.ts(9,70): error TS2307: Cannot find module '@/shared/validation/schemas' or its corresponding type declarations.
src/ai-gateway/app/api/v1/management/proxies/route.ts(10,51): error TS2307: Cannot find module '@/shared/validation/helpers' or its corresponding type declarations.
src/ai-gateway/app/api/v1/management/proxies/route.ts(11,69): error TS2307: Cannot find module '@/lib/api/errorResponse' or its corresponding type declarations.
src/ai-gateway/app/api/v1/management/proxies/route.ts(12,45): error TS2307: Cannot find module '@/lib/api/requireManagementAuth' or its corresponding type declarations.
src/ai-gateway/app/api/v1/messages/count_tokens/route.ts(1,30): error TS2307: Cannot find module '@/shared/utils/cors' or its corresponding type declarations.
src/ai-gateway/app/api/v1/messages/count_tokens/route.ts(2,37): error TS2307: Cannot find module '@/shared/validation/schemas' or its corresponding type declarations.
src/ai-gateway/app/api/v1/messages/count_tokens/route.ts(3,51): error TS2307: Cannot find module '@/shared/validation/helpers' or its corresponding type declarations.
src/ai-gateway/app/api/v1/messages/count_tokens/route.ts(4,37): error TS2307: Cannot find module '@/shared/utils/apiKeyPolicy' or its corresponding type declarations.
src/ai-gateway/app/api/v1/messages/count_tokens/route.ts(16,28): error TS7006: Parameter 'request' implicitly has an 'any' type.
src/ai-gateway/app/api/v1/messages/route.ts(1,29): error TS2307: Cannot find module '@/shared/utils/cors' or its corresponding type declarations.
src/ai-gateway/app/api/v1/messages/route.ts(2,28): error TS2307: Cannot find module '@/sse/handlers/chat' or its corresponding type declarations.
src/ai-gateway/app/api/v1/messages/route.ts(3,33): error TS2307: Cannot find module '@ZavorthGateway/open-sse/translator/index.ts' or its corresponding type declarations.
src/ai-gateway/app/api/v1/messages/route.ts(34,28): error TS7006: Parameter 'request' implicitly has an 'any' type.
src/ai-gateway/app/api/v1/models/catalog.ts(1,29): error TS2307: Cannot find module '@/shared/utils/cors' or its corresponding type declarations.
src/ai-gateway/app/api/v1/models/catalog.ts(2,55): error TS2307: Cannot find module '@/shared/constants/models' or its corresponding type declarations.
src/ai-gateway/app/api/v1/models/catalog.ts(3,30): error TS2307: Cannot find module '@/shared/constants/providers' or its corresponding type declarations.
src/ai-gateway/app/api/v1/models/catalog.ts(11,8): error TS2307: Cannot find module '@/lib/localDb' or its corresponding type declarations.
src/ai-gateway/app/api/v1/models/catalog.ts(12,33): error TS2307: Cannot find module '@/shared/utils/apiAuth' or its corresponding type declarations.
src/ai-gateway/app/api/v1/models/catalog.ts(13,37): error TS2307: Cannot find module '@/shared/utils/apiKeyPolicy' or its corresponding type declarations.
src/ai-gateway/app/api/v1/models/catalog.ts(14,39): error TS2307: Cannot find module '@ZavorthGateway/open-sse/config/embeddingRegistry.ts' or its corresponding type declarations.
src/ai-gateway/app/api/v1/models/catalog.ts(15,35): error TS2307: Cannot find module '@ZavorthGateway/open-sse/config/imageRegistry.ts' or its corresponding type declarations.
src/ai-gateway/app/api/v1/models/catalog.ts(16,36): error TS2307: Cannot find module '@ZavorthGateway/open-sse/config/rerankRegistry.ts' or its corresponding type declarations.
src/ai-gateway/app/api/v1/models/catalog.ts(17,35): error TS2307: Cannot find module '@ZavorthGateway/open-sse/config/audioRegistry.ts' or its corresponding type declarations.
src/ai-gateway/app/api/v1/models/catalog.ts(18,40): error TS2307: Cannot find module '@ZavorthGateway/open-sse/config/moderationRegistry.ts' or its corresponding type declarations.
src/ai-gateway/app/api/v1/models/catalog.ts(19,35): error TS2307: Cannot find module '@ZavorthGateway/open-sse/config/videoRegistry.ts' or its corresponding type declarations.
src/ai-gateway/app/api/v1/models/catalog.ts(20,35): error TS2307: Cannot find module '@ZavorthGateway/open-sse/config/musicRegistry.ts' or its corresponding type declarations.
src/ai-gateway/app/api/v1/models/catalog.ts(21,26): error TS2307: Cannot find module '@ZavorthGateway/open-sse/config/providerRegistry.ts' or its corresponding type declarations.
src/ai-gateway/app/api/v1/models/catalog.ts(22,42): error TS2307: Cannot find module '@/lib/db/models' or its corresponding type declarations.
src/ai-gateway/app/api/v1/models/catalog.ts(23,45): error TS2307: Cannot find module '@/lib/providers/managedAvailableModels' or its corresponding type declarations.
src/ai-gateway/app/api/v1/models/catalog.ts(91,34): error TS2339: Property 'id' does not exist on type '{}'.
src/ai-gateway/app/api/v1/models/catalog.ts(92,29): error TS2339: Property 'alias' does not exist on type '{}'.
src/ai-gateway/app/api/v1/models/catalog.ts(106,7): error TS2322: Type 'unknown' is not assignable to type 'string'.
src/ai-gateway/app/api/v1/models/catalog.ts(110,25): error TS2538: Type 'unknown' cannot be used as an index type.
src/ai-gateway/app/api/v1/models/catalog.ts(110,52): error TS2538: Type 'unknown' cannot be used as an index type.
src/ai-gateway/app/api/v1/models/catalog.ts(113,23): error TS2538: Type 'unknown' cannot be used as an index type.
src/ai-gateway/app/api/v1/models/catalog.ts(113,50): error TS2538: Type 'unknown' cannot be used as an index type.
src/ai-gateway/app/api/v1/models/catalog.ts(189,41): error TS7006: Parameter 'c' implicitly has an 'any' type.
src/ai-gateway/app/api/v1/models/catalog.ts(253,13): error TS2322: Type '{ providerId: any; alias: string; label: any; active: boolean; source: "provider_catalog"; models: { id: any; name: any; type: "chat"; contextLength: any; capabilities: { vision: boolean; } | undefined; modalities: string[] | undefined; source: "provider_catalog"; }[]; }[]' is not assignable to type 'ModelCatalogProviderInput[]'.
  Type '{ providerId: any; alias: string; label: any; active: boolean; source: "provider_catalog"; models: { id: any; name: any; type: "chat"; contextLength: any; capabilities: { vision: boolean; } | undefined; modalities: string[] | undefined; source: "provider_catalog"; }[]; }' is not assignable to type 'ModelCatalogProviderInput'.
    Types of property 'models' are incompatible.
      Type '{ id: any; name: any; type: "chat"; contextLength: any; capabilities: { vision: boolean; } | undefined; modalities: string[] | undefined; source: "provider_catalog"; }[]' is not assignable to type 'ModelCatalogInputModel[]'.
        Type '{ id: any; name: any; type: "chat"; contextLength: any; capabilities: { vision: boolean; } | undefined; modalities: string[] | undefined; source: "provider_catalog"; }' is not assignable to type 'ModelCatalogInputModel'.
          Types of property 'modalities' are incompatible.
            Type 'string[] | undefined' is not assignable to type 'ModelModality[] | undefined'.
              Type 'string[]' is not assignable to type 'ModelModality[]'.
                Type 'string' is not assignable to type 'ModelModality'.
src/ai-gateway/app/api/v1/models/catalog.ts(255,37): error TS7053: Element implicitly has an 'any' type because expression of type 'string' can't be used to index type '{ ag: string; cc: string; cl: string; cu: string; cx: string; gc: string; gh: string; if: string; kc: string; kmc: string; kr: string; qw: string; }'.
  No index signature with a parameter of type 'string' was found on type '{ ag: string; cc: string; cl: string; cu: string; cx: string; gc: string; gh: string; if: string; kc: string; kmc: string; kr: string; qw: string; }'.
src/ai-gateway/app/api/v1/models/catalog.ts(402,39): error TS7053: Element implicitly has an 'any' type because expression of type 'string' can't be used to index type '{ ag: string; cc: string; cl: string; cu: string; cx: string; gc: string; gh: string; if: string; kc: string; kmc: string; kr: string; qw: string; }'.
  No index signature with a parameter of type 'string' was found on type '{ ag: string; cc: string; cl: string; cu: string; cx: string; gc: string; gh: string; if: string; kc: string; kmc: string; kr: string; qw: string; }'.
src/ai-gateway/app/api/v1/models/catalog.ts(414,13): error TS2322: Type '{ id: string; name: string; type: "chat" | "image" | "audio" | "embedding"; custom: true; supportedEndpoints: string[]; apiFormat: string; contextLength: number | null; capabilities: { vision: boolean; } | undefined; modalities: string[] | undefined; source: "custom_model"; }[]' is not assignable to type 'ModelCatalogInputModel[]'.
  Type '{ id: string; name: string; type: "chat" | "image" | "audio" | "embedding"; custom: true; supportedEndpoints: string[]; apiFormat: string; contextLength: number | null; capabilities: { vision: boolean; } | undefined; modalities: string[] | undefined; source: "custom_model"; }' is not assignable to type 'ModelCatalogInputModel'.
    Types of property 'modalities' are incompatible.
      Type 'string[] | undefined' is not assignable to type 'ModelModality[] | undefined'.
        Type 'string[]' is not assignable to type 'ModelModality[]'.
          Type 'string' is not assignable to type 'ModelModality'.
src/ai-gateway/app/api/v1/models/catalog.ts(444,82): error TS7006: Parameter 'conn' implicitly has an 'any' type.
src/ai-gateway/app/api/v1/models/catalog.ts(490,35): error TS7053: Element implicitly has an 'any' type because expression of type 'string' can't be used to index type '{ ag: string; cc: string; cl: string; cu: string; cx: string; gc: string; gh: string; if: string; kc: string; kmc: string; kr: string; qw: string; }'.
  No index signature with a parameter of type 'string' was found on type '{ ag: string; cc: string; cl: string; cu: string; cx: string; gc: string; gh: string; if: string; kc: string; kmc: string; kr: string; qw: string; }'.
src/ai-gateway/app/api/v1/models/catalog.ts(504,27): error TS18046: 'providerModels' is of type 'unknown'.
src/ai-gateway/app/api/v1/models/catalog.ts(710,37): error TS7053: Element implicitly has an 'any' type because expression of type 'string' can't be used to index type '{ ag: string; cc: string; cl: string; cu: string; cx: string; gc: string; gh: string; if: string; kc: string; kmc: string; kr: string; qw: string; }'.
  No index signature with a parameter of type 'string' was found on type '{ ag: string; cc: string; cl: string; cu: string; cx: string; gc: string; gh: string; if: string; kc: string; kmc: string; kr: string; qw: string; }'.
src/ai-gateway/app/api/v1/models/catalog.ts(846,53): error TS2307: Cannot find module '@/lib/db/apiKeys' or its corresponding type declarations.
src/ai-gateway/app/api/v1/models/catalog.ts(854,49): error TS2339: Property 'root' does not exist on type 'OpenAIModelsListEntry | { context_length?: any; id: any; object: string; created: number; owned_by: string; permission: never[]; root: any; parent: null; type?: undefined; dimensions?: undefined; supported_sizes?: undefined; subtype?: undefined; } | ... 8 more ... | { ...; }'.
  Property 'root' does not exist on type '{ id: any; object: string; created: number; owned_by: any; type: string; dimensions: any; supported_sizes?: undefined; subtype?: undefined; }'.
src/ai-gateway/app/api/v1/models/route.ts(1,29): error TS2307: Cannot find module '@/shared/utils/cors' or its corresponding type declarations.
src/ai-gateway/app/api/v1/moderations/route.ts(1,29): error TS2307: Cannot find module '@/shared/utils/cors' or its corresponding type declarations.
src/ai-gateway/app/api/v1/moderations/route.ts(2,34): error TS2307: Cannot find module '@ZavorthGateway/open-sse/handlers/moderations.ts' or its corresponding type declarations.
src/ai-gateway/app/api/v1/moderations/route.ts(8,8): error TS2307: Cannot find module '@/sse/services/auth' or its corresponding type declarations.
src/ai-gateway/app/api/v1/moderations/route.ts(9,38): error TS2307: Cannot find module '@ZavorthGateway/open-sse/config/moderationRegistry.ts' or its corresponding type declarations.
src/ai-gateway/app/api/v1/moderations/route.ts(10,31): error TS2307: Cannot find module '@ZavorthGateway/open-sse/utils/error.ts' or its corresponding type declarations.
src/ai-gateway/app/api/v1/moderations/route.ts(11,29): error TS2307: Cannot find module '@ZavorthGateway/open-sse/config/constants.ts' or its corresponding type declarations.
src/ai-gateway/app/api/v1/moderations/route.ts(12,37): error TS2307: Cannot find module '@/shared/utils/apiKeyPolicy' or its corresponding type declarations.
src/ai-gateway/app/api/v1/moderations/route.ts(13,36): error TS2307: Cannot find module '@/shared/validation/schemas' or its corresponding type declarations.
src/ai-gateway/app/api/v1/moderations/route.ts(14,51): error TS2307: Cannot find module '@/shared/validation/helpers' or its corresponding type declarations.
src/ai-gateway/app/api/v1/moderations/route.ts(33,28): error TS7006: Parameter 'request' implicitly has an 'any' type.
src/ai-gateway/app/api/v1/music/generations/route.ts(1,29): error TS2307: Cannot find module '@/shared/utils/cors' or its corresponding type declarations.
src/ai-gateway/app/api/v1/music/generations/route.ts(2,39): error TS2307: Cannot find module '@ZavorthGateway/open-sse/handlers/musicGeneration.ts' or its corresponding type declarations.
src/ai-gateway/app/api/v1/music/generations/route.ts(8,8): error TS2307: Cannot find module '@/sse/services/auth' or its corresponding type declarations.
src/ai-gateway/app/api/v1/music/generations/route.ts(13,8): error TS2307: Cannot find module '@ZavorthGateway/open-sse/config/musicRegistry.ts' or its corresponding type declarations.
src/ai-gateway/app/api/v1/music/generations/route.ts(14,31): error TS2307: Cannot find module '@ZavorthGateway/open-sse/utils/error.ts' or its corresponding type declarations.
src/ai-gateway/app/api/v1/music/generations/route.ts(15,29): error TS2307: Cannot find module '@ZavorthGateway/open-sse/config/constants.ts' or its corresponding type declarations.
src/ai-gateway/app/api/v1/music/generations/route.ts(16,22): error TS2307: Cannot find module '@/sse/utils/logger' or its corresponding type declarations.
src/ai-gateway/app/api/v1/music/generations/route.ts(17,36): error TS2307: Cannot find module '@/shared/utils/upstreamError' or its corresponding type declarations.
src/ai-gateway/app/api/v1/music/generations/route.ts(18,37): error TS2307: Cannot find module '@/shared/utils/apiKeyPolicy' or its corresponding type declarations.
src/ai-gateway/app/api/v1/music/generations/route.ts(19,41): error TS2307: Cannot find module '@/shared/validation/schemas' or its corresponding type declarations.
src/ai-gateway/app/api/v1/music/generations/route.ts(20,51): error TS2307: Cannot find module '@/shared/validation/helpers' or its corresponding type declarations.
src/ai-gateway/app/api/v1/music/generations/route.ts(46,25): error TS7006: Parameter 'm' implicitly has an 'any' type.
src/ai-gateway/app/api/v1/music/generations/route.ts(63,28): error TS7006: Parameter 'request' implicitly has an 'any' type.
src/ai-gateway/app/api/v1/providers/[provider]/chat/completions/route.ts(1,29): error TS2307: Cannot find module '@/shared/utils/cors' or its corresponding type declarations.
src/ai-gateway/app/api/v1/providers/[provider]/chat/completions/route.ts(2,51): error TS2307: Cannot find module '@/sse/handlers/chat' or its corresponding type declarations.
src/ai-gateway/app/api/v1/providers/[provider]/chat/completions/route.ts(3,33): error TS2307: Cannot find module '@ZavorthGateway/open-sse/translator/index.ts' or its corresponding type declarations.
src/ai-gateway/app/api/v1/providers/[provider]/chat/completions/route.ts(4,31): error TS2307: Cannot find module '@ZavorthGateway/open-sse/utils/error.ts' or its corresponding type declarations.
src/ai-gateway/app/api/v1/providers/[provider]/chat/completions/route.ts(5,29): error TS2307: Cannot find module '@ZavorthGateway/open-sse/config/constants.ts' or its corresponding type declarations.
src/ai-gateway/app/api/v1/providers/[provider]/chat/completions/route.ts(6,34): error TS2307: Cannot find module '@ZavorthGateway/open-sse/config/providerRegistry.ts' or its corresponding type declarations.
src/ai-gateway/app/api/v1/providers/[provider]/chat/completions/route.ts(7,46): error TS2307: Cannot find module '@/shared/validation/schemas' or its corresponding type declarations.
src/ai-gateway/app/api/v1/providers/[provider]/chat/completions/route.ts(8,51): error TS2307: Cannot find module '@/shared/validation/helpers' or its corresponding type declarations.
src/ai-gateway/app/api/v1/providers/[provider]/chat/completions/route.ts(36,28): error TS7006: Parameter 'request' implicitly has an 'any' type.
src/ai-gateway/app/api/v1/providers/[provider]/chat/completions/route.ts(36,39): error TS7031: Binding element 'params' implicitly has an 'any' type.
src/ai-gateway/app/api/v1/providers/[provider]/embeddings/route.ts(1,29): error TS2307: Cannot find module '@/shared/utils/cors' or its corresponding type declarations.
src/ai-gateway/app/api/v1/providers/[provider]/embeddings/route.ts(2,52): error TS2307: Cannot find module '@ZavorthGateway/open-sse/utils/error.ts' or its corresponding type declarations.
src/ai-gateway/app/api/v1/providers/[provider]/embeddings/route.ts(3,29): error TS2307: Cannot find module '@ZavorthGateway/open-sse/config/constants.ts' or its corresponding type declarations.
src/ai-gateway/app/api/v1/providers/[provider]/embeddings/route.ts(4,34): error TS2307: Cannot find module '@ZavorthGateway/open-sse/config/providerRegistry.ts' or its corresponding type declarations.
src/ai-gateway/app/api/v1/providers/[provider]/embeddings/route.ts(10,8): error TS2307: Cannot find module '@/sse/services/auth' or its corresponding type declarations.
src/ai-gateway/app/api/v1/providers/[provider]/embeddings/route.ts(11,33): error TS2307: Cannot find module '@ZavorthGateway/open-sse/handlers/embeddings.ts' or its corresponding type declarations.
src/ai-gateway/app/api/v1/providers/[provider]/embeddings/route.ts(12,22): error TS2307: Cannot find module '@/sse/utils/logger' or its corresponding type declarations.
src/ai-gateway/app/api/v1/providers/[provider]/embeddings/route.ts(13,37): error TS2307: Cannot find module '@/shared/utils/apiKeyPolicy' or its corresponding type declarations.
src/ai-gateway/app/api/v1/providers/[provider]/embeddings/route.ts(14,36): error TS2307: Cannot find module '@/shared/validation/schemas' or its corresponding type declarations.
src/ai-gateway/app/api/v1/providers/[provider]/embeddings/route.ts(15,51): error TS2307: Cannot find module '@/shared/validation/helpers' or its corresponding type declarations.
src/ai-gateway/app/api/v1/providers/[provider]/embeddings/route.ts(33,28): error TS7006: Parameter 'request' implicitly has an 'any' type.
src/ai-gateway/app/api/v1/providers/[provider]/embeddings/route.ts(33,39): error TS7031: Binding element 'params' implicitly has an 'any' type.
src/ai-gateway/app/api/v1/providers/[provider]/images/generations/route.ts(1,29): error TS2307: Cannot find module '@/shared/utils/cors' or its corresponding type declarations.
src/ai-gateway/app/api/v1/providers/[provider]/images/generations/route.ts(2,39): error TS2307: Cannot find module '@ZavorthGateway/open-sse/handlers/imageGeneration.ts' or its corresponding type declarations.
src/ai-gateway/app/api/v1/providers/[provider]/images/generations/route.ts(3,52): error TS2307: Cannot find module '@ZavorthGateway/open-sse/utils/error.ts' or its corresponding type declarations.
src/ai-gateway/app/api/v1/providers/[provider]/images/generations/route.ts(4,29): error TS2307: Cannot find module '@ZavorthGateway/open-sse/config/constants.ts' or its corresponding type declarations.
src/ai-gateway/app/api/v1/providers/[provider]/images/generations/route.ts(10,8): error TS2307: Cannot find module '@/sse/services/auth' or its corresponding type declarations.
src/ai-gateway/app/api/v1/providers/[provider]/images/generations/route.ts(11,34): error TS2307: Cannot find module '@ZavorthGateway/open-sse/config/imageRegistry.ts' or its corresponding type declarations.
src/ai-gateway/app/api/v1/providers/[provider]/images/generations/route.ts(12,22): error TS2307: Cannot find module '@/sse/utils/logger' or its corresponding type declarations.
src/ai-gateway/app/api/v1/providers/[provider]/images/generations/route.ts(13,36): error TS2307: Cannot find module '@/shared/utils/upstreamError' or its corresponding type declarations.
src/ai-gateway/app/api/v1/providers/[provider]/images/generations/route.ts(14,37): error TS2307: Cannot find module '@/shared/utils/apiKeyPolicy' or its corresponding type declarations.
src/ai-gateway/app/api/v1/providers/[provider]/images/generations/route.ts(15,41): error TS2307: Cannot find module '@/shared/validation/schemas' or its corresponding type declarations.
src/ai-gateway/app/api/v1/providers/[provider]/images/generations/route.ts(16,51): error TS2307: Cannot find module '@/shared/validation/helpers' or its corresponding type declarations.
src/ai-gateway/app/api/v1/providers/[provider]/images/generations/route.ts(34,28): error TS7006: Parameter 'request' implicitly has an 'any' type.
src/ai-gateway/app/api/v1/providers/[provider]/images/generations/route.ts(34,39): error TS7031: Binding element 'params' implicitly has an 'any' type.
src/ai-gateway/app/api/v1/providers/[provider]/limits/route.ts(1,30): error TS2307: Cannot find module 'next/server' or its corresponding type declarations.
src/ai-gateway/app/api/v1/providers/[provider]/limits/route.ts(3,45): error TS2307: Cannot find module '@/lib/api/requireManagementAuth' or its corresponding type declarations.
src/ai-gateway/app/api/v1/providers/[provider]/limits/route.ts(4,51): error TS2307: Cannot find module '@/shared/validation/helpers' or its corresponding type declarations.
src/ai-gateway/app/api/v1/providers/[provider]/limits/route.ts(5,58): error TS2307: Cannot find module '@/lib/db/registeredKeys' or its corresponding type declarations.
src/ai-gateway/app/api/v1/quotas/check/route.ts(1,30): error TS2307: Cannot find module 'next/server' or its corresponding type declarations.
src/ai-gateway/app/api/v1/quotas/check/route.ts(2,45): error TS2307: Cannot find module '@/lib/api/requireManagementAuth' or its corresponding type declarations.
src/ai-gateway/app/api/v1/quotas/check/route.ts(3,28): error TS2307: Cannot find module '@/lib/db/registeredKeys' or its corresponding type declarations.
src/ai-gateway/app/api/v1/registered-keys/[id]/revoke/route.ts(1,30): error TS2307: Cannot find module 'next/server' or its corresponding type declarations.
src/ai-gateway/app/api/v1/registered-keys/[id]/revoke/route.ts(2,45): error TS2307: Cannot find module '@/lib/api/requireManagementAuth' or its corresponding type declarations.
src/ai-gateway/app/api/v1/registered-keys/[id]/revoke/route.ts(3,37): error TS2307: Cannot find module '@/lib/db/registeredKeys' or its corresponding type declarations.
src/ai-gateway/app/api/v1/registered-keys/[id]/route.ts(1,30): error TS2307: Cannot find module 'next/server' or its corresponding type declarations.
src/ai-gateway/app/api/v1/registered-keys/[id]/route.ts(2,45): error TS2307: Cannot find module '@/lib/api/requireManagementAuth' or its corresponding type declarations.
src/ai-gateway/app/api/v1/registered-keys/[id]/route.ts(3,55): error TS2307: Cannot find module '@/lib/db/registeredKeys' or its corresponding type declarations.
src/ai-gateway/app/api/v1/registered-keys/route.ts(1,30): error TS2307: Cannot find module 'next/server' or its corresponding type declarations.
src/ai-gateway/app/api/v1/registered-keys/route.ts(3,45): error TS2307: Cannot find module '@/lib/api/requireManagementAuth' or its corresponding type declarations.
src/ai-gateway/app/api/v1/registered-keys/route.ts(4,51): error TS2307: Cannot find module '@/shared/validation/helpers' or its corresponding type declarations.
src/ai-gateway/app/api/v1/registered-keys/route.ts(5,68): error TS2307: Cannot find module '@/lib/db/registeredKeys' or its corresponding type declarations.
src/ai-gateway/app/api/v1/relay/chat/completions/route.ts(1,51): error TS2307: Cannot find module '@/sse/handlers/chat' or its corresponding type declarations.
src/ai-gateway/app/api/v1/rerank/route.ts(1,29): error TS2307: Cannot find module '@/shared/utils/cors' or its corresponding type declarations.
src/ai-gateway/app/api/v1/rerank/route.ts(2,30): error TS2307: Cannot find module '@ZavorthGateway/open-sse/handlers/rerank.ts' or its corresponding type declarations.
src/ai-gateway/app/api/v1/rerank/route.ts(8,8): error TS2307: Cannot find module '@/sse/services/auth' or its corresponding type declarations.
src/ai-gateway/app/api/v1/rerank/route.ts(9,53): error TS2307: Cannot find module '@ZavorthGateway/open-sse/config/rerankRegistry.ts' or its corresponding type declarations.
src/ai-gateway/app/api/v1/rerank/route.ts(10,31): error TS2307: Cannot find module '@ZavorthGateway/open-sse/utils/error.ts' or its corresponding type declarations.
src/ai-gateway/app/api/v1/rerank/route.ts(11,29): error TS2307: Cannot find module '@ZavorthGateway/open-sse/config/constants.ts' or its corresponding type declarations.
src/ai-gateway/app/api/v1/rerank/route.ts(12,37): error TS2307: Cannot find module '@/shared/utils/apiKeyPolicy' or its corresponding type declarations.
src/ai-gateway/app/api/v1/rerank/route.ts(13,32): error TS2307: Cannot find module '@/shared/validation/schemas' or its corresponding type declarations.
src/ai-gateway/app/api/v1/rerank/route.ts(14,51): error TS2307: Cannot find module '@/shared/validation/helpers' or its corresponding type declarations.
src/ai-gateway/app/api/v1/rerank/route.ts(15,34): error TS2307: Cannot find module '@/lib/localDb' or its corresponding type declarations.
src/ai-gateway/app/api/v1/rerank/route.ts(54,28): error TS7006: Parameter 'request' implicitly has an 'any' type.
src/ai-gateway/app/api/v1/responses/[...path]/route.ts(1,29): error TS2307: Cannot find module '@/shared/utils/cors' or its corresponding type declarations.
src/ai-gateway/app/api/v1/responses/[...path]/route.ts(2,28): error TS2307: Cannot find module '@/sse/handlers/chat' or its corresponding type declarations.
src/ai-gateway/app/api/v1/responses/[...path]/route.ts(3,33): error TS2307: Cannot find module '@ZavorthGateway/open-sse/translator/index.ts' or its corresponding type declarations.
src/ai-gateway/app/api/v1/responses/[...path]/route.ts(30,28): error TS7006: Parameter 'request' implicitly has an 'any' type.
src/ai-gateway/app/api/v1/responses/route.ts(1,29): error TS2307: Cannot find module '@/shared/utils/cors' or its corresponding type declarations.
src/ai-gateway/app/api/v1/responses/route.ts(2,28): error TS2307: Cannot find module '@/sse/handlers/chat' or its corresponding type declarations.
src/ai-gateway/app/api/v1/responses/route.ts(27,28): error TS7006: Parameter 'request' implicitly has an 'any' type.
src/ai-gateway/app/api/v1/route.ts(1,30): error TS2307: Cannot find module '@/shared/utils/cors' or its corresponding type declarations.
src/ai-gateway/app/api/v1/search/analytics/route.ts(8,30): error TS2307: Cannot find module 'next/server' or its corresponding type declarations.
src/ai-gateway/app/api/v1/search/analytics/route.ts(9,31): error TS2307: Cannot find module '@/lib/db/core' or its corresponding type declarations.
src/ai-gateway/app/api/v1/search/analytics/route.ts(10,37): error TS2307: Cannot find module '@/shared/utils/apiKeyPolicy' or its corresponding type declarations.
src/ai-gateway/app/api/v1/search/route.ts(1,29): error TS2307: Cannot find module '@/shared/utils/cors' or its corresponding type declarations.
src/ai-gateway/app/api/v1/search/route.ts(2,30): error TS2307: Cannot find module '@ZavorthGateway/open-sse/handlers/search.ts' or its corresponding type declarations.
src/ai-gateway/app/api/v1/search/route.ts(3,70): error TS2307: Cannot find module '@/sse/services/auth' or its corresponding type declarations.
src/ai-gateway/app/api/v1/search/route.ts(10,8): error TS2307: Cannot find module '@ZavorthGateway/open-sse/config/searchRegistry.ts' or its corresponding type declarations.
src/ai-gateway/app/api/v1/search/route.ts(11,31): error TS2307: Cannot find module '@ZavorthGateway/open-sse/utils/error.ts' or its corresponding type declarations.
src/ai-gateway/app/api/v1/search/route.ts(12,29): error TS2307: Cannot find module '@ZavorthGateway/open-sse/config/constants.ts' or its corresponding type declarations.
src/ai-gateway/app/api/v1/search/route.ts(13,22): error TS2307: Cannot find module '@/sse/utils/logger' or its corresponding type declarations.
src/ai-gateway/app/api/v1/search/route.ts(14,36): error TS2307: Cannot find module '@/shared/utils/upstreamError' or its corresponding type declarations.
src/ai-gateway/app/api/v1/search/route.ts(15,37): error TS2307: Cannot find module '@/shared/utils/apiKeyPolicy' or its corresponding type declarations.
src/ai-gateway/app/api/v1/search/route.ts(16,32): error TS2307: Cannot find module '@/shared/validation/schemas' or its corresponding type declarations.
src/ai-gateway/app/api/v1/search/route.ts(17,51): error TS2307: Cannot find module '@/shared/validation/helpers' or its corresponding type declarations.
src/ai-gateway/app/api/v1/search/route.ts(18,28): error TS2307: Cannot find module '@/domain/costRules' or its corresponding type declarations.
src/ai-gateway/app/api/v1/search/route.ts(23,8): error TS2307: Cannot find module '@ZavorthGateway/open-sse/services/searchCache.ts' or its corresponding type declarations.
src/ai-gateway/app/api/v1/search/route.ts(48,31): error TS7006: Parameter 'p' implicitly has an 'any' type.
src/ai-gateway/app/api/v1/search/route.ts(145,25): error TS18046: 'a' is of type 'unknown'.
src/ai-gateway/app/api/v1/search/route.ts(145,42): error TS18046: 'b' is of type 'unknown'.
src/ai-gateway/app/api/v1/search/route.ts(146,21): error TS18046: 'p' is of type 'unknown'.
src/ai-gateway/app/api/v1/search/route.ts(169,23): error TS18046: 'a' is of type 'unknown'.
src/ai-gateway/app/api/v1/search/route.ts(169,40): error TS18046: 'b' is of type 'unknown'.
src/ai-gateway/app/api/v1/search/route.ts(170,19): error TS18046: 'p' is of type 'unknown'.
src/ai-gateway/app/api/v1/videos/generations/route.ts(1,29): error TS2307: Cannot find module '@/shared/utils/cors' or its corresponding type declarations.
src/ai-gateway/app/api/v1/videos/generations/route.ts(2,39): error TS2307: Cannot find module '@ZavorthGateway/open-sse/handlers/videoGeneration.ts' or its corresponding type declarations.
src/ai-gateway/app/api/v1/videos/generations/route.ts(8,8): error TS2307: Cannot find module '@/sse/services/auth' or its corresponding type declarations.
src/ai-gateway/app/api/v1/videos/generations/route.ts(13,8): error TS2307: Cannot find module '@ZavorthGateway/open-sse/config/videoRegistry.ts' or its corresponding type declarations.
src/ai-gateway/app/api/v1/videos/generations/route.ts(14,31): error TS2307: Cannot find module '@ZavorthGateway/open-sse/utils/error.ts' or its corresponding type declarations.
src/ai-gateway/app/api/v1/videos/generations/route.ts(15,29): error TS2307: Cannot find module '@ZavorthGateway/open-sse/config/constants.ts' or its corresponding type declarations.
src/ai-gateway/app/api/v1/videos/generations/route.ts(16,22): error TS2307: Cannot find module '@/sse/utils/logger' or its corresponding type declarations.
src/ai-gateway/app/api/v1/videos/generations/route.ts(17,36): error TS2307: Cannot find module '@/shared/utils/upstreamError' or its corresponding type declarations.
src/ai-gateway/app/api/v1/videos/generations/route.ts(18,37): error TS2307: Cannot find module '@/shared/utils/apiKeyPolicy' or its corresponding type declarations.
src/ai-gateway/app/api/v1/videos/generations/route.ts(19,41): error TS2307: Cannot find module '@/shared/validation/schemas' or its corresponding type declarations.
src/ai-gateway/app/api/v1/videos/generations/route.ts(20,51): error TS2307: Cannot find module '@/shared/validation/helpers' or its corresponding type declarations.
src/ai-gateway/app/api/v1/videos/generations/route.ts(46,25): error TS7006: Parameter 'm' implicitly has an 'any' type.
src/ai-gateway/app/api/v1/videos/generations/route.ts(63,28): error TS7006: Parameter 'request' implicitly has an 'any' type.
src/ai-gateway/app/api/v1/ws/route.ts(1,44): error TS2307: Cannot find module '@/lib/zavorthGatewayRuntimeStore' or its corresponding type declarations.
src/ai-gateway/app/api/v1beta/models/[...path]/route.ts(1,29): error TS2307: Cannot find module '@/shared/utils/cors' or its corresponding type declarations.
src/ai-gateway/app/api/v1beta/models/[...path]/route.ts(2,51): error TS2307: Cannot find module '@/sse/handlers/chat' or its corresponding type declarations.
src/ai-gateway/app/api/v1beta/models/[...path]/route.ts(3,33): error TS2307: Cannot find module '@ZavorthGateway/open-sse/translator/index.ts' or its corresponding type declarations.
src/ai-gateway/app/api/v1beta/models/[...path]/route.ts(4,44): error TS2307: Cannot find module '@/shared/validation/schemas' or its corresponding type declarations.
src/ai-gateway/app/api/v1beta/models/[...path]/route.ts(5,51): error TS2307: Cannot find module '@/shared/validation/helpers' or its corresponding type declarations.
src/ai-gateway/app/api/v1beta/models/[...path]/route.ts(37,28): error TS7006: Parameter 'request' implicitly has an 'any' type.
src/ai-gateway/app/api/v1beta/models/[...path]/route.ts(37,39): error TS7031: Binding element 'params' implicitly has an 'any' type.
src/ai-gateway/app/api/v1beta/models/[...path]/route.ts(93,46): error TS18046: 'error' is of type 'unknown'.
src/ai-gateway/app/api/v1beta/models/[...path]/route.ts(100,34): error TS7006: Parameter 'geminiBody' implicitly has an 'any' type.
src/ai-gateway/app/api/v1beta/models/[...path]/route.ts(100,46): error TS7006: Parameter 'model' implicitly has an 'any' type.
src/ai-gateway/app/api/v1beta/models/[...path]/route.ts(105,65): error TS7006: Parameter 'p' implicitly has an 'any' type.
src/ai-gateway/app/api/v1beta/models/[...path]/route.ts(115,40): error TS7006: Parameter 'p' implicitly has an 'any' type.
src/ai-gateway/app/api/v1beta/models/route.ts(1,29): error TS2307: Cannot find module '@/shared/utils/cors' or its corresponding type declarations.
src/ai-gateway/app/api/v1beta/models/route.ts(2,33): error TS2307: Cannot find module '@/shared/constants/models' or its corresponding type declarations.
src/ai-gateway/app/api/v1beta/models/route.ts(3,62): error TS2307: Cannot find module '@/lib/db/models' or its corresponding type declarations.
src/ai-gateway/app/api/v1beta/models/route.ts(28,27): error TS18046: 'providerModels' is of type 'unknown'.
src/ai-gateway/app/api/v2/sales-pack/channel-io/snapshot/route.ts(1,30): error TS2307: Cannot find module 'next/server' or its corresponding type declarations.
src/ai-gateway/app/api/v2/sales-pack/snapshot/route.ts(1,30): error TS2307: Cannot find module 'next/server' or its corresponding type declarations.
src/ai-gateway/app/api/version-manager/check-update/route.ts(3,30): error TS2307: Cannot find module 'next/server' or its corresponding type declarations.
src/ai-gateway/app/api/version-manager/check-update/route.ts(4,33): error TS2307: Cannot find module '@/lib/versionManager' or its corresponding type declarations.
src/ai-gateway/app/api/version-manager/check-update/route.ts(5,39): error TS2307: Cannot find module '@/lib/api/requireManagementAuth' or its corresponding type declarations.
src/ai-gateway/app/api/version-manager/install/route.ts(3,30): error TS2307: Cannot find module 'next/server' or its corresponding type declarations.
src/ai-gateway/app/api/version-manager/install/route.ts(4,29): error TS2307: Cannot find module '@/lib/versionManager' or its corresponding type declarations.
src/ai-gateway/app/api/version-manager/install/route.ts(5,45): error TS2307: Cannot find module '@/shared/validation/schemas' or its corresponding type declarations.
src/ai-gateway/app/api/version-manager/install/route.ts(6,51): error TS2307: Cannot find module '@/shared/validation/helpers' or its corresponding type declarations.
src/ai-gateway/app/api/version-manager/install/route.ts(7,45): error TS2307: Cannot find module '@/lib/api/requireManagementAuth' or its corresponding type declarations.
src/ai-gateway/app/api/version-manager/restart/route.ts(3,30): error TS2307: Cannot find module 'next/server' or its corresponding type declarations.
src/ai-gateway/app/api/version-manager/restart/route.ts(4,29): error TS2307: Cannot find module '@/lib/versionManager' or its corresponding type declarations.
src/ai-gateway/app/api/version-manager/restart/route.ts(5,42): error TS2307: Cannot find module '@/shared/validation/schemas' or its corresponding type declarations.
src/ai-gateway/app/api/version-manager/restart/route.ts(6,51): error TS2307: Cannot find module '@/shared/validation/helpers' or its corresponding type declarations.
src/ai-gateway/app/api/version-manager/restart/route.ts(7,45): error TS2307: Cannot find module '@/lib/api/requireManagementAuth' or its corresponding type declarations.
src/ai-gateway/app/api/version-manager/start/route.ts(3,30): error TS2307: Cannot find module 'next/server' or its corresponding type declarations.
src/ai-gateway/app/api/version-manager/start/route.ts(4,27): error TS2307: Cannot find module '@/lib/versionManager' or its corresponding type declarations.
src/ai-gateway/app/api/version-manager/start/route.ts(5,42): error TS2307: Cannot find module '@/shared/validation/schemas' or its corresponding type declarations.
src/ai-gateway/app/api/version-manager/start/route.ts(6,51): error TS2307: Cannot find module '@/shared/validation/helpers' or its corresponding type declarations.
src/ai-gateway/app/api/version-manager/start/route.ts(7,45): error TS2307: Cannot find module '@/lib/api/requireManagementAuth' or its corresponding type declarations.
src/ai-gateway/app/api/version-manager/status/route.ts(3,30): error TS2307: Cannot find module 'next/server' or its corresponding type declarations.
src/ai-gateway/app/api/version-manager/status/route.ts(4,41): error TS2307: Cannot find module '@/lib/versionManager' or its corresponding type declarations.
src/ai-gateway/app/api/version-manager/status/route.ts(5,39): error TS2307: Cannot find module '@/lib/api/requireManagementAuth' or its corresponding type declarations.
src/ai-gateway/app/api/version-manager/stop/route.ts(3,30): error TS2307: Cannot find module 'next/server' or its corresponding type declarations.
src/ai-gateway/app/api/version-manager/stop/route.ts(4,26): error TS2307: Cannot find module '@/lib/versionManager' or its corresponding type declarations.
src/ai-gateway/app/api/version-manager/stop/route.ts(5,42): error TS2307: Cannot find module '@/shared/validation/schemas' or its corresponding type declarations.
src/ai-gateway/app/api/version-manager/stop/route.ts(6,51): error TS2307: Cannot find module '@/shared/validation/helpers' or its corresponding type declarations.
src/ai-gateway/app/api/version-manager/stop/route.ts(7,45): error TS2307: Cannot find module '@/lib/api/requireManagementAuth' or its corresponding type declarations.
src/ai-gateway/app/api/web/canvas/attempt/select/route.ts(1,30): error TS2307: Cannot find module 'next/server' or its corresponding type declarations.
src/ai-gateway/app/api/web/canvas/session/route.ts(1,30): error TS2307: Cannot find module 'next/server' or its corresponding type declarations.
src/ai-gateway/app/api/web/diff/review/route.ts(1,30): error TS2307: Cannot find module 'next/server' or its corresponding type declarations.
src/ai-gateway/app/api/web/execution-engines/route.ts(1,30): error TS2307: Cannot find module 'next/server' or its corresponding type declarations.
src/ai-gateway/app/api/web/gateway/runtime/route.ts(1,30): error TS2307: Cannot find module 'next/server' or its corresponding type declarations.
src/ai-gateway/app/api/web/gateway/sessions/route.ts(1,30): error TS2307: Cannot find module 'next/server' or its corresponding type declarations.
src/ai-gateway/app/api/web/gateway/swarm-v2/route.ts(1,30): error TS2307: Cannot find module 'next/server' or its corresponding type declarations.
src/ai-gateway/app/api/web/learning-dreams/action/route.ts(3,30): error TS2307: Cannot find module 'next/server' or its corresponding type declarations.
src/ai-gateway/app/api/web/learning-dreams/action/route.ts(4,39): error TS2307: Cannot find module '@/lib/api/requireManagementAuth' or its corresponding type declarations.
src/ai-gateway/app/api/web/learning-dreams/route.ts(3,30): error TS2307: Cannot find module 'next/server' or its corresponding type declarations.
src/ai-gateway/app/api/web/learning-dreams/route.ts(4,39): error TS2307: Cannot find module '@/lib/api/requireManagementAuth' or its corresponding type declarations.
src/ai-gateway/app/api/web/trusted-workspaces/[id]/route.ts(1,30): error TS2307: Cannot find module 'next/server' or its corresponding type declarations.
src/ai-gateway/app/api/web/trusted-workspaces/route.ts(1,30): error TS2307: Cannot find module 'next/server' or its corresponding type declarations.
src/ai-gateway/app/api/web/zavorthControl/actions/route.ts(1,30): error TS2307: Cannot find module 'next/server' or its corresponding type declarations.
src/ai-gateway/app/api/web/zavorthControl/channels/setup/route.ts(1,30): error TS2307: Cannot find module 'next/server' or its corresponding type declarations.
src/ai-gateway/app/api/web/zavorthControl/channels/setup/route.ts(2,39): error TS2307: Cannot find module '@/lib/api/requireManagementAuth' or its corresponding type declarations.
src/ai-gateway/app/api/web/zavorthControl/chat-v1/route.ts(1,30): error TS2307: Cannot find module 'next/server' or its corresponding type declarations.
src/ai-gateway/app/api/web/zavorthControl/events-v1/route.ts(1,30): error TS2307: Cannot find module 'next/server' or its corresponding type declarations.
src/ai-gateway/app/api/web/zavorthControl/memory/route.ts(1,30): error TS2307: Cannot find module 'next/server' or its corresponding type declarations.
src/ai-gateway/app/api/web/zavorthControl/memory/route.ts(2,69): error TS2307: Cannot find module '@/lib/memory/store' or its corresponding type declarations.
src/ai-gateway/app/api/web/zavorthControl/memory/route.ts(3,28): error TS2307: Cannot find module '@/lib/memory/types' or its corresponding type declarations.
src/ai-gateway/app/api/web/zavorthControl/memory/route.ts(4,39): error TS2307: Cannot find module '@/lib/api/requireManagementAuth' or its corresponding type declarations.
src/ai-gateway/app/api/web/zavorthControl/memory/route.ts(52,14): error TS7006: Parameter 'memory' implicitly has an 'any' type.
src/ai-gateway/app/api/web/zavorthControl/memory/route.ts(53,14): error TS7006: Parameter 'memory' implicitly has an 'any' type.
src/ai-gateway/app/api/web/zavorthControl/route.ts(1,30): error TS2307: Cannot find module 'next/server' or its corresponding type declarations.
src/ai-gateway/app/api/web/zavorthControl/skills/route.ts(1,30): error TS2307: Cannot find module 'next/server' or its corresponding type declarations.
src/ai-gateway/app/api/web/zavorthControl/skills/route.ts(2,39): error TS2307: Cannot find module '@/lib/api/requireManagementAuth' or its corresponding type declarations.
src/ai-gateway/app/api/webhooks/[id]/route.ts(9,30): error TS2307: Cannot find module 'next/server' or its corresponding type declarations.
src/ai-gateway/app/api/webhooks/[id]/route.ts(10,64): error TS2307: Cannot find module '@/lib/localDb' or its corresponding type declarations.
src/ai-gateway/app/api/webhooks/[id]/route.ts(11,51): error TS2307: Cannot find module '@/shared/validation/helpers' or its corresponding type declarations.
src/ai-gateway/app/api/webhooks/[id]/route.ts(12,39): error TS2307: Cannot find module '@/lib/api/requireManagementAuth' or its corresponding type declarations.
src/ai-gateway/app/api/webhooks/[id]/test/route.ts(6,30): error TS2307: Cannot find module 'next/server' or its corresponding type declarations.
src/ai-gateway/app/api/webhooks/[id]/test/route.ts(7,51): error TS2307: Cannot find module '@/lib/localDb' or its corresponding type declarations.
src/ai-gateway/app/api/webhooks/[id]/test/route.ts(8,32): error TS2307: Cannot find module '@/lib/webhookDispatcher' or its corresponding type declarations.
src/ai-gateway/app/api/webhooks/[id]/test/route.ts(9,39): error TS2307: Cannot find module '@/lib/api/requireManagementAuth' or its corresponding type declarations.
src/ai-gateway/app/api/webhooks/route.ts(8,30): error TS2307: Cannot find module 'next/server' or its corresponding type declarations.
src/ai-gateway/app/api/webhooks/route.ts(9,44): error TS2307: Cannot find module '@/lib/localDb' or its corresponding type declarations.
src/ai-gateway/app/api/webhooks/route.ts(10,51): error TS2307: Cannot find module '@/shared/validation/helpers' or its corresponding type declarations.
src/ai-gateway/app/api/webhooks/route.ts(11,39): error TS2307: Cannot find module '@/lib/api/requireManagementAuth' or its corresponding type declarations.
src/ai-gateway/app/api/webhooks/route.ts(27,34): error TS7006: Parameter 'w' implicitly has an 'any' type.
src/ai-gateway/app/callback/page.tsx(3,33): error TS2307: Cannot find module 'next-intl' or its corresponding type declarations.
src/ai-gateway/app/callback/page.tsx(6,33): error TS2307: Cannot find module 'next/navigation' or its corresponding type declarations.
src/ai-gateway/app/callback/page.tsx(110,5): error TS17004: Cannot use JSX unless the '--jsx' flag is provided.
src/ai-gateway/app/callback/page.tsx(111,7): error TS17004: Cannot use JSX unless the '--jsx' flag is provided.
src/ai-gateway/app/callback/page.tsx(113,11): error TS17004: Cannot use JSX unless the '--jsx' flag is provided.
src/ai-gateway/app/callback/page.tsx(114,13): error TS17004: Cannot use JSX unless the '--jsx' flag is provided.
src/ai-gateway/app/callback/page.tsx(115,15): error TS17004: Cannot use JSX unless the '--jsx' flag is provided.
src/ai-gateway/app/callback/page.tsx(119,13): error TS17004: Cannot use JSX unless the '--jsx' flag is provided.
src/ai-gateway/app/callback/page.tsx(120,13): error TS17004: Cannot use JSX unless the '--jsx' flag is provided.
src/ai-gateway/app/callback/page.tsx(125,11): error TS17004: Cannot use JSX unless the '--jsx' flag is provided.
src/ai-gateway/app/callback/page.tsx(126,13): error TS17004: Cannot use JSX unless the '--jsx' flag is provided.
src/ai-gateway/app/callback/page.tsx(127,15): error TS17004: Cannot use JSX unless the '--jsx' flag is provided.
src/ai-gateway/app/callback/page.tsx(131,13): error TS17004: Cannot use JSX unless the '--jsx' flag is provided.
src/ai-gateway/app/callback/page.tsx(132,13): error TS17004: Cannot use JSX unless the '--jsx' flag is provided.
src/ai-gateway/app/callback/page.tsx(139,11): error TS17004: Cannot use JSX unless the '--jsx' flag is provided.
src/ai-gateway/app/callback/page.tsx(140,13): error TS17004: Cannot use JSX unless the '--jsx' flag is provided.
src/ai-gateway/app/callback/page.tsx(141,15): error TS17004: Cannot use JSX unless the '--jsx' flag is provided.
src/ai-gateway/app/callback/page.tsx(143,13): error TS17004: Cannot use JSX unless the '--jsx' flag is provided.
src/ai-gateway/app/callback/page.tsx(144,13): error TS17004: Cannot use JSX unless the '--jsx' flag is provided.
src/ai-gateway/app/callback/page.tsx(145,13): error TS17004: Cannot use JSX unless the '--jsx' flag is provided.
src/ai-gateway/app/callback/page.tsx(146,15): error TS17004: Cannot use JSX unless the '--jsx' flag is provided.
src/ai-gateway/app/callback/page.tsx(164,5): error TS17004: Cannot use JSX unless the '--jsx' flag is provided.
src/ai-gateway/app/callback/page.tsx(166,9): error TS17004: Cannot use JSX unless the '--jsx' flag is provided.
src/ai-gateway/app/callback/page.tsx(167,11): error TS17004: Cannot use JSX unless the '--jsx' flag is provided.
src/ai-gateway/app/callback/page.tsx(168,13): error TS17004: Cannot use JSX unless the '--jsx' flag is provided.
src/ai-gateway/app/callback/page.tsx(169,15): error TS17004: Cannot use JSX unless the '--jsx' flag is provided.
src/ai-gateway/app/callback/page.tsx(173,13): error TS17004: Cannot use JSX unless the '--jsx' flag is provided.
src/ai-gateway/app/callback/page.tsx(178,7): error TS17004: Cannot use JSX unless the '--jsx' flag is provided.
src/ai-gateway/app/dashboard/page.tsx(1,26): error TS2307: Cannot find module 'next/navigation' or its corresponding type declarations.
src/ai-gateway/app/docs/page.tsx(1,18): error TS2307: Cannot find module 'next/link' or its corresponding type declarations.
src/ai-gateway/app/docs/page.tsx(2,33): error TS2307: Cannot find module 'next-intl' or its corresponding type declarations.
src/ai-gateway/app/docs/page.tsx(3,28): error TS2307: Cannot find module '@/shared/constants/config' or its corresponding type declarations.
src/ai-gateway/app/docs/page.tsx(4,67): error TS2307: Cannot find module '@/shared/constants/providers' or its corresponding type declarations.
src/ai-gateway/app/docs/page.tsx(101,5): error TS17004: Cannot use JSX unless the '--jsx' flag is provided.
src/ai-gateway/app/docs/page.tsx(102,7): error TS17004: Cannot use JSX unless the '--jsx' flag is provided.
src/ai-gateway/app/docs/page.tsx(103,9): error TS17004: Cannot use JSX unless the '--jsx' flag is provided.
src/ai-gateway/app/docs/page.tsx(104,9): error TS17004: Cannot use JSX unless the '--jsx' flag is provided.
src/ai-gateway/app/docs/page.tsx(105,9): error TS17004: Cannot use JSX unless the '--jsx' flag is provided.
src/ai-gateway/app/docs/page.tsx(109,7): error TS17004: Cannot use JSX unless the '--jsx' flag is provided.
src/ai-gateway/app/docs/page.tsx(111,11): error TS17004: Cannot use JSX unless the '--jsx' flag is provided.
src/ai-gateway/app/docs/page.tsx(115,13): error TS17004: Cannot use JSX unless the '--jsx' flag is provided.
src/ai-gateway/app/docs/page.tsx(116,13): error TS17004: Cannot use JSX unless the '--jsx' flag is provided.
src/ai-gateway/app/docs/page.tsx(159,52): error TS2698: Spread types may only be created from object types.
src/ai-gateway/app/docs/page.tsx(160,53): error TS2698: Spread types may only be created from object types.
src/ai-gateway/app/docs/page.tsx(161,54): error TS2698: Spread types may only be created from object types.
src/ai-gateway/app/docs/page.tsx(171,5): error TS17004: Cannot use JSX unless the '--jsx' flag is provided.
src/ai-gateway/app/docs/page.tsx(172,7): error TS17004: Cannot use JSX unless the '--jsx' flag is provided.
src/ai-gateway/app/docs/page.tsx(173,9): error TS17004: Cannot use JSX unless the '--jsx' flag is provided.
src/ai-gateway/app/docs/page.tsx(174,11): error TS17004: Cannot use JSX unless the '--jsx' flag is provided.
src/ai-gateway/app/docs/page.tsx(175,13): error TS17004: Cannot use JSX unless the '--jsx' flag is provided.
src/ai-gateway/app/docs/page.tsx(176,15): error TS17004: Cannot use JSX unless the '--jsx' flag is provided.
src/ai-gateway/app/docs/page.tsx(179,15): error TS17004: Cannot use JSX unless the '--jsx' flag is provided.
src/ai-gateway/app/docs/page.tsx(182,15): error TS17004: Cannot use JSX unless the '--jsx' flag is provided.
src/ai-gateway/app/docs/page.tsx(186,13): error TS17004: Cannot use JSX unless the '--jsx' flag is provided.
src/ai-gateway/app/docs/page.tsx(187,15): error TS17004: Cannot use JSX unless the '--jsx' flag is provided.
src/ai-gateway/app/docs/page.tsx(193,15): error TS17004: Cannot use JSX unless the '--jsx' flag is provided.
src/ai-gateway/app/docs/page.tsx(199,15): error TS17004: Cannot use JSX unless the '--jsx' flag is provided.
src/ai-gateway/app/docs/page.tsx(206,17): error TS17004: Cannot use JSX unless the '--jsx' flag is provided.
src/ai-gateway/app/docs/page.tsx(208,15): error TS17004: Cannot use JSX unless the '--jsx' flag is provided.
src/ai-gateway/app/docs/page.tsx(220,9): error TS17004: Cannot use JSX unless the '--jsx' flag is provided.
src/ai-gateway/app/docs/page.tsx(221,11): error TS17004: Cannot use JSX unless the '--jsx' flag is provided.
src/ai-gateway/app/docs/page.tsx(224,11): error TS17004: Cannot use JSX unless the '--jsx' flag is provided.
src/ai-gateway/app/docs/page.tsx(226,15): error TS17004: Cannot use JSX unless the '--jsx' flag is provided.
src/ai-gateway/app/docs/page.tsx(231,17): error TS17004: Cannot use JSX unless the '--jsx' flag is provided.
src/ai-gateway/app/docs/page.tsx(238,9): error TS17004: Cannot use JSX unless the '--jsx' flag is provided.
src/ai-gateway/app/docs/page.tsx(239,11): error TS17004: Cannot use JSX unless the '--jsx' flag is provided.
src/ai-gateway/app/docs/page.tsx(240,11): error TS17004: Cannot use JSX unless the '--jsx' flag is provided.
src/ai-gateway/app/docs/page.tsx(241,13): error TS17004: Cannot use JSX unless the '--jsx' flag is provided.
src/ai-gateway/app/docs/page.tsx(242,15): error TS17004: Cannot use JSX unless the '--jsx' flag is provided.
src/ai-gateway/app/docs/page.tsx(243,15): error TS17004: Cannot use JSX unless the '--jsx' flag is provided.
src/ai-gateway/app/docs/page.tsx(245,17): error TS17004: Cannot use JSX unless the '--jsx' flag is provided.
src/ai-gateway/app/docs/page.tsx(247,17): error TS17004: Cannot use JSX unless the '--jsx' flag is provided.
src/ai-gateway/app/docs/page.tsx(250,13): error TS17004: Cannot use JSX unless the '--jsx' flag is provided.
src/ai-gateway/app/docs/page.tsx(251,15): error TS17004: Cannot use JSX unless the '--jsx' flag is provided.
src/ai-gateway/app/docs/page.tsx(252,15): error TS17004: Cannot use JSX unless the '--jsx' flag is provided.
src/ai-gateway/app/docs/page.tsx(254,13): error TS17004: Cannot use JSX unless the '--jsx' flag is provided.
src/ai-gateway/app/docs/page.tsx(255,15): error TS17004: Cannot use JSX unless the '--jsx' flag is provided.
src/ai-gateway/app/docs/page.tsx(256,15): error TS17004: Cannot use JSX unless the '--jsx' flag is provided.
src/ai-gateway/app/docs/page.tsx(258,13): error TS17004: Cannot use JSX unless the '--jsx' flag is provided.
src/ai-gateway/app/docs/page.tsx(259,15): error TS17004: Cannot use JSX unless the '--jsx' flag is provided.
src/ai-gateway/app/docs/page.tsx(260,15): error TS17004: Cannot use JSX unless the '--jsx' flag is provided.
src/ai-gateway/app/docs/page.tsx(262,17): error TS17004: Cannot use JSX unless the '--jsx' flag is provided.
src/ai-gateway/app/docs/page.tsx(264,17): error TS17004: Cannot use JSX unless the '--jsx' flag is provided.
src/ai-gateway/app/docs/page.tsx(270,9): error TS17004: Cannot use JSX unless the '--jsx' flag is provided.
src/ai-gateway/app/docs/page.tsx(271,11): error TS17004: Cannot use JSX unless the '--jsx' flag is provided.
src/ai-gateway/app/docs/page.tsx(272,11): error TS17004: Cannot use JSX unless the '--jsx' flag is provided.
src/ai-gateway/app/docs/page.tsx(274,15): error TS17004: Cannot use JSX unless the '--jsx' flag is provided.
src/ai-gateway/app/docs/page.tsx(278,17): error TS17004: Cannot use JSX unless the '--jsx' flag is provided.
src/ai-gateway/app/docs/page.tsx(281,17): error TS17004: Cannot use JSX unless the '--jsx' flag is provided.
src/ai-gateway/app/docs/page.tsx(282,19): error TS17004: Cannot use JSX unless the '--jsx' flag is provided.
src/ai-gateway/app/docs/page.tsx(283,19): error TS17004: Cannot use JSX unless the '--jsx' flag is provided.
src/ai-gateway/app/docs/page.tsx(290,9): error TS17004: Cannot use JSX unless the '--jsx' flag is provided.
src/ai-gateway/app/docs/page.tsx(294,11): error TS17004: Cannot use JSX unless the '--jsx' flag is provided.
src/ai-gateway/app/docs/page.tsx(295,13): error TS17004: Cannot use JSX unless the '--jsx' flag is provided.
src/ai-gateway/app/docs/page.tsx(296,15): error TS17004: Cannot use JSX unless the '--jsx' flag is provided.
src/ai-gateway/app/docs/page.tsx(297,15): error TS17004: Cannot use JSX unless the '--jsx' flag is provided.
src/ai-gateway/app/docs/page.tsx(301,13): error TS17004: Cannot use JSX unless the '--jsx' flag is provided.
src/ai-gateway/app/docs/page.tsx(308,11): error TS17004: Cannot use JSX unless the '--jsx' flag is provided.
src/ai-gateway/app/docs/page.tsx(309,13): error TS17004: Cannot use JSX unless the '--jsx' flag is provided.
src/ai-gateway/app/docs/page.tsx(314,13): error TS17004: Cannot use JSX unless the '--jsx' flag is provided.
src/ai-gateway/app/docs/page.tsx(319,13): error TS17004: Cannot use JSX unless the '--jsx' flag is provided.
src/ai-gateway/app/docs/page.tsx(327,9): error TS17004: Cannot use JSX unless the '--jsx' flag is provided.
src/ai-gateway/app/docs/page.tsx(328,11): error TS17004: Cannot use JSX unless the '--jsx' flag is provided.
src/ai-gateway/app/docs/page.tsx(329,11): error TS17004: Cannot use JSX unless the '--jsx' flag is provided.
src/ai-gateway/app/docs/page.tsx(331,15): error TS17004: Cannot use JSX unless the '--jsx' flag is provided.
src/ai-gateway/app/docs/page.tsx(332,17): error TS17004: Cannot use JSX unless the '--jsx' flag is provided.
src/ai-gateway/app/docs/page.tsx(333,17): error TS17004: Cannot use JSX unless the '--jsx' flag is provided.
src/ai-gateway/app/docs/page.tsx(339,9): error TS17004: Cannot use JSX unless the '--jsx' flag is provided.
src/ai-gateway/app/docs/page.tsx(343,11): error TS17004: Cannot use JSX unless the '--jsx' flag is provided.
src/ai-gateway/app/docs/page.tsx(344,11): error TS17004: Cannot use JSX unless the '--jsx' flag is provided.
src/ai-gateway/app/docs/page.tsx(345,13): error TS17004: Cannot use JSX unless the '--jsx' flag is provided.
src/ai-gateway/app/docs/page.tsx(346,15): error TS17004: Cannot use JSX unless the '--jsx' flag is provided.
src/ai-gateway/app/docs/page.tsx(347,15): error TS17004: Cannot use JSX unless the '--jsx' flag is provided.
src/ai-gateway/app/docs/page.tsx(348,17): error TS17004: Cannot use JSX unless the '--jsx' flag is provided.
src/ai-gateway/app/docs/page.tsx(350,19): error TS17004: Cannot use JSX unless the '--jsx' flag is provided.
src/ai-gateway/app/docs/page.tsx(352,17): error TS17004: Cannot use JSX unless the '--jsx' flag is provided.
src/ai-gateway/app/docs/page.tsx(354,19): error TS17004: Cannot use JSX unless the '--jsx' flag is provided.
src/ai-gateway/app/docs/page.tsx(356,17): error TS17004: Cannot use JSX unless the '--jsx' flag is provided.
src/ai-gateway/app/docs/page.tsx(358,19): error TS17004: Cannot use JSX unless the '--jsx' flag is provided.
src/ai-gateway/app/docs/page.tsx(359,19): error TS17004: Cannot use JSX unless the '--jsx' flag is provided.
src/ai-gateway/app/docs/page.tsx(363,13): error TS17004: Cannot use JSX unless the '--jsx' flag is provided.
src/ai-gateway/app/docs/page.tsx(364,15): error TS17004: Cannot use JSX unless the '--jsx' flag is provided.
src/ai-gateway/app/docs/page.tsx(365,15): error TS17004: Cannot use JSX unless the '--jsx' flag is provided.
src/ai-gateway/app/docs/page.tsx(366,17): error TS17004: Cannot use JSX unless the '--jsx' flag is provided.
src/ai-gateway/app/docs/page.tsx(367,45): error TS17004: Cannot use JSX unless the '--jsx' flag is provided.
src/ai-gateway/app/docs/page.tsx(369,17): error TS17004: Cannot use JSX unless the '--jsx' flag is provided.
src/ai-gateway/app/docs/page.tsx(371,19): error TS17004: Cannot use JSX unless the '--jsx' flag is provided.
src/ai-gateway/app/docs/page.tsx(373,17): error TS17004: Cannot use JSX unless the '--jsx' flag is provided.
src/ai-gateway/app/docs/page.tsx(375,19): error TS17004: Cannot use JSX unless the '--jsx' flag is provided.
src/ai-gateway/app/docs/page.tsx(379,13): error TS17004: Cannot use JSX unless the '--jsx' flag is provided.
src/ai-gateway/app/docs/page.tsx(380,15): error TS17004: Cannot use JSX unless the '--jsx' flag is provided.
src/ai-gateway/app/docs/page.tsx(381,15): error TS17004: Cannot use JSX unless the '--jsx' flag is provided.
src/ai-gateway/app/docs/page.tsx(382,17): error TS17004: Cannot use JSX unless the '--jsx' flag is provided.
src/ai-gateway/app/docs/page.tsx(383,46): error TS17004: Cannot use JSX unless the '--jsx' flag is provided.
src/ai-gateway/app/docs/page.tsx(386,17): error TS17004: Cannot use JSX unless the '--jsx' flag is provided.
src/ai-gateway/app/docs/page.tsx(387,17): error TS17004: Cannot use JSX unless the '--jsx' flag is provided.
src/ai-gateway/app/docs/page.tsx(390,13): error TS17004: Cannot use JSX unless the '--jsx' flag is provided.
src/ai-gateway/app/docs/page.tsx(391,15): error TS17004: Cannot use JSX unless the '--jsx' flag is provided.
src/ai-gateway/app/docs/page.tsx(392,15): error TS17004: Cannot use JSX unless the '--jsx' flag is provided.
src/ai-gateway/app/docs/page.tsx(393,17): error TS17004: Cannot use JSX unless the '--jsx' flag is provided.
src/ai-gateway/app/docs/page.tsx(395,19): error TS17004: Cannot use JSX unless the '--jsx' flag is provided.
src/ai-gateway/app/docs/page.tsx(397,19): error TS17004: Cannot use JSX unless the '--jsx' flag is provided.
src/ai-gateway/app/docs/page.tsx(400,17): error TS17004: Cannot use JSX unless the '--jsx' flag is provided.
src/ai-gateway/app/docs/page.tsx(401,17): error TS17004: Cannot use JSX unless the '--jsx' flag is provided.
src/ai-gateway/app/docs/page.tsx(407,9): error TS17004: Cannot use JSX unless the '--jsx' flag is provided.
src/ai-gateway/app/docs/page.tsx(408,11): error TS17004: Cannot use JSX unless the '--jsx' flag is provided.
src/ai-gateway/app/docs/page.tsx(409,11): error TS17004: Cannot use JSX unless the '--jsx' flag is provided.
src/ai-gateway/app/docs/page.tsx(411,11): error TS17004: Cannot use JSX unless the '--jsx' flag is provided.
src/ai-gateway/app/docs/page.tsx(412,13): error TS17004: Cannot use JSX unless the '--jsx' flag is provided.
src/ai-gateway/app/docs/page.tsx(413,15): error TS17004: Cannot use JSX unless the '--jsx' flag is provided.
src/ai-gateway/app/docs/page.tsx(414,15): error TS17004: Cannot use JSX unless the '--jsx' flag is provided.
src/ai-gateway/app/docs/page.tsx(415,15): error TS17004: Cannot use JSX unless the '--jsx' flag is provided.
src/ai-gateway/app/docs/page.tsx(416,17): error TS17004: Cannot use JSX unless the '--jsx' flag is provided.
src/ai-gateway/app/docs/page.tsx(417,17): error TS17004: Cannot use JSX unless the '--jsx' flag is provided.
src/ai-gateway/app/docs/page.tsx(418,17): error TS17004: Cannot use JSX unless the '--jsx' flag is provided.
src/ai-gateway/app/docs/page.tsx(420,15): error TS17004: Cannot use JSX unless the '--jsx' flag is provided.
src/ai-gateway/app/docs/page.tsx(421,17): error TS17004: Cannot use JSX unless the '--jsx' flag is provided.
src/ai-gateway/app/docs/page.tsx(425,13): error TS17004: Cannot use JSX unless the '--jsx' flag is provided.
src/ai-gateway/app/docs/page.tsx(426,15): error TS17004: Cannot use JSX unless the '--jsx' flag is provided.
src/ai-gateway/app/docs/page.tsx(427,15): error TS17004: Cannot use JSX unless the '--jsx' flag is provided.
src/ai-gateway/app/docs/page.tsx(428,15): error TS17004: Cannot use JSX unless the '--jsx' flag is provided.
src/ai-gateway/app/docs/page.tsx(429,17): error TS17004: Cannot use JSX unless the '--jsx' flag is provided.
src/ai-gateway/app/docs/page.tsx(430,17): error TS17004: Cannot use JSX unless the '--jsx' flag is provided.
src/ai-gateway/app/docs/page.tsx(431,17): error TS17004: Cannot use JSX unless the '--jsx' flag is provided.
src/ai-gateway/app/docs/page.tsx(433,15): error TS17004: Cannot use JSX unless the '--jsx' flag is provided.
src/ai-gateway/app/docs/page.tsx(434,17): error TS17004: Cannot use JSX unless the '--jsx' flag is provided.
src/ai-gateway/app/docs/page.tsx(440,11): error TS17004: Cannot use JSX unless the '--jsx' flag is provided.
src/ai-gateway/app/docs/page.tsx(441,13): error TS17004: Cannot use JSX unless the '--jsx' flag is provided.
src/ai-gateway/app/docs/page.tsx(442,13): error TS17004: Cannot use JSX unless the '--jsx' flag is provided.
src/ai-gateway/app/docs/page.tsx(443,15): error TS17004: Cannot use JSX unless the '--jsx' flag is provided.
src/ai-gateway/app/docs/page.tsx(444,15): error TS17004: Cannot use JSX unless the '--jsx' flag is provided.
src/ai-gateway/app/docs/page.tsx(445,15): error TS17004: Cannot use JSX unless the '--jsx' flag is provided.
src/ai-gateway/app/docs/page.tsx(450,9): error TS17004: Cannot use JSX unless the '--jsx' flag is provided.
src/ai-gateway/app/docs/page.tsx(451,11): error TS17004: Cannot use JSX unless the '--jsx' flag is provided.
src/ai-gateway/app/docs/page.tsx(452,11): error TS17004: Cannot use JSX unless the '--jsx' flag is provided.
src/ai-gateway/app/docs/page.tsx(453,13): error TS17004: Cannot use JSX unless the '--jsx' flag is provided.
src/ai-gateway/app/docs/page.tsx(454,15): error TS17004: Cannot use JSX unless the '--jsx' flag is provided.
src/ai-gateway/app/docs/page.tsx(455,17): error TS17004: Cannot use JSX unless the '--jsx' flag is provided.
src/ai-gateway/app/docs/page.tsx(456,19): error TS17004: Cannot use JSX unless the '--jsx' flag is provided.
src/ai-gateway/app/docs/page.tsx(457,19): error TS17004: Cannot use JSX unless the '--jsx' flag is provided.
src/ai-gateway/app/docs/page.tsx(458,19): error TS17004: Cannot use JSX unless the '--jsx' flag is provided.
src/ai-gateway/app/docs/page.tsx(461,15): error TS17004: Cannot use JSX unless the '--jsx' flag is provided.
src/ai-gateway/app/docs/page.tsx(463,19): error TS17004: Cannot use JSX unless the '--jsx' flag is provided.
src/ai-gateway/app/docs/page.tsx(464,21): error TS17004: Cannot use JSX unless the '--jsx' flag is provided.
src/ai-gateway/app/docs/page.tsx(465,23): error TS17004: Cannot use JSX unless the '--jsx' flag is provided.
src/ai-gateway/app/docs/page.tsx(469,21): error TS17004: Cannot use JSX unless the '--jsx' flag is provided.
src/ai-gateway/app/docs/page.tsx(470,21): error TS17004: Cannot use JSX unless the '--jsx' flag is provided.
src/ai-gateway/app/docs/page.tsx(478,9): error TS17004: Cannot use JSX unless the '--jsx' flag is provided.
src/ai-gateway/app/docs/page.tsx(479,11): error TS17004: Cannot use JSX unless the '--jsx' flag is provided.
src/ai-gateway/app/docs/page.tsx(480,11): error TS17004: Cannot use JSX unless the '--jsx' flag is provided.
src/ai-gateway/app/docs/page.tsx(482,13): error TS17004: Cannot use JSX unless the '--jsx' flag is provided.
src/ai-gateway/app/docs/page.tsx(485,11): error TS17004: Cannot use JSX unless the '--jsx' flag is provided.
src/ai-gateway/app/docs/page.tsx(486,13): error TS17004: Cannot use JSX unless the '--jsx' flag is provided.
src/ai-gateway/app/docs/page.tsx(487,15): error TS17004: Cannot use JSX unless the '--jsx' flag is provided.
src/ai-gateway/app/docs/page.tsx(488,17): error TS17004: Cannot use JSX unless the '--jsx' flag is provided.
src/ai-gateway/app/docs/page.tsx(489,19): error TS17004: Cannot use JSX unless the '--jsx' flag is provided.
src/ai-gateway/app/docs/page.tsx(490,19): error TS17004: Cannot use JSX unless the '--jsx' flag is provided.
src/ai-gateway/app/docs/page.tsx(491,19): error TS17004: Cannot use JSX unless the '--jsx' flag is provided.
src/ai-gateway/app/docs/page.tsx(494,15): error TS17004: Cannot use JSX unless the '--jsx' flag is provided.
src/ai-gateway/app/docs/page.tsx(496,19): error TS17004: Cannot use JSX unless the '--jsx' flag is provided.
src/ai-gateway/app/docs/page.tsx(497,21): error TS17004: Cannot use JSX unless the '--jsx' flag is provided.
src/ai-gateway/app/docs/page.tsx(498,23): error TS17004: Cannot use JSX unless the '--jsx' flag is provided.
src/ai-gateway/app/docs/page.tsx(500,21): error TS17004: Cannot use JSX unless the '--jsx' flag is provided.
src/ai-gateway/app/docs/page.tsx(501,21): error TS17004: Cannot use JSX unless the '--jsx' flag is provided.
src/ai-gateway/app/docs/page.tsx(502,23): error TS17004: Cannot use JSX unless the '--jsx' flag is provided.
src/ai-gateway/app/docs/page.tsx(511,25): error TS17004: Cannot use JSX unless the '--jsx' flag is provided.
src/ai-gateway/app/docs/page.tsx(530,9): error TS17004: Cannot use JSX unless the '--jsx' flag is provided.
src/ai-gateway/app/docs/page.tsx(531,11): error TS17004: Cannot use JSX unless the '--jsx' flag is provided.
src/ai-gateway/app/docs/page.tsx(532,11): error TS17004: Cannot use JSX unless the '--jsx' flag is provided.
src/ai-gateway/app/docs/page.tsx(533,11): error TS17004: Cannot use JSX unless the '--jsx' flag is provided.
src/ai-gateway/app/docs/page.tsx(534,13): error TS17004: Cannot use JSX unless the '--jsx' flag is provided.
src/ai-gateway/app/docs/page.tsx(535,15): error TS17004: Cannot use JSX unless the '--jsx' flag is provided.
src/ai-gateway/app/docs/page.tsx(536,17): error TS17004: Cannot use JSX unless the '--jsx' flag is provided.
src/ai-gateway/app/docs/page.tsx(537,19): error TS17004: Cannot use JSX unless the '--jsx' flag is provided.
src/ai-gateway/app/docs/page.tsx(538,19): error TS17004: Cannot use JSX unless the '--jsx' flag is provided.
src/ai-gateway/app/docs/page.tsx(539,19): error TS17004: Cannot use JSX unless the '--jsx' flag is provided.
src/ai-gateway/app/docs/page.tsx(542,15): error TS17004: Cannot use JSX unless the '--jsx' flag is provided.
src/ai-gateway/app/docs/page.tsx(544,19): error TS17004: Cannot use JSX unless the '--jsx' flag is provided.
src/ai-gateway/app/docs/page.tsx(545,21): error TS17004: Cannot use JSX unless the '--jsx' flag is provided.
src/ai-gateway/app/docs/page.tsx(546,23): error TS17004: Cannot use JSX unless the '--jsx' flag is provided.
src/ai-gateway/app/docs/page.tsx(550,21): error TS17004: Cannot use JSX unless the '--jsx' flag is provided.
src/ai-gateway/app/docs/page.tsx(551,21): error TS17004: Cannot use JSX unless the '--jsx' flag is provided.
src/ai-gateway/app/docs/page.tsx(559,9): error TS17004: Cannot use JSX unless the '--jsx' flag is provided.
src/ai-gateway/app/docs/page.tsx(560,11): error TS17004: Cannot use JSX unless the '--jsx' flag is provided.
src/ai-gateway/app/docs/page.tsx(561,11): error TS17004: Cannot use JSX unless the '--jsx' flag is provided.
src/ai-gateway/app/docs/page.tsx(563,15): error TS17004: Cannot use JSX unless the '--jsx' flag is provided.
src/ai-gateway/app/error.tsx(17,5): error TS17004: Cannot use JSX unless the '--jsx' flag is provided.
src/ai-gateway/app/error.tsx(22,7): error TS17004: Cannot use JSX unless the '--jsx' flag is provided.
src/ai-gateway/app/error.tsx(25,7): error TS17004: Cannot use JSX unless the '--jsx' flag is provided.
src/ai-gateway/app/error.tsx(28,7): error TS17004: Cannot use JSX unless the '--jsx' flag is provided.
src/ai-gateway/app/error.tsx(33,9): error TS17004: Cannot use JSX unless the '--jsx' flag is provided.
src/ai-gateway/app/error.tsx(38,9): error TS17004: Cannot use JSX unless the '--jsx' flag is provided.
src/ai-gateway/app/error.tsx(46,7): error TS17004: Cannot use JSX unless the '--jsx' flag is provided.
src/ai-gateway/app/error.tsx(47,9): error TS17004: Cannot use JSX unless the '--jsx' flag is provided.
src/ai-gateway/app/error.tsx(54,9): error TS17004: Cannot use JSX unless the '--jsx' flag is provided.
src/ai-gateway/app/error.tsx(61,9): error TS17004: Cannot use JSX unless the '--jsx' flag is provided.
src/ai-gateway/app/forbidden/page.tsx(3,33): error TS2307: Cannot find module 'next-intl' or its corresponding type declarations.
src/ai-gateway/app/forbidden/page.tsx(14,18): error TS2307: Cannot find module 'next/link' or its corresponding type declarations.
src/ai-gateway/app/forbidden/page.tsx(19,5): error TS17004: Cannot use JSX unless the '--jsx' flag is provided.
src/ai-gateway/app/forbidden/page.tsx(20,7): error TS17004: Cannot use JSX unless the '--jsx' flag is provided.
src/ai-gateway/app/forbidden/page.tsx(30,7): error TS17004: Cannot use JSX unless the '--jsx' flag is provided.
src/ai-gateway/app/forbidden/page.tsx(31,7): error TS17004: Cannot use JSX unless the '--jsx' flag is provided.
src/ai-gateway/app/forbidden/page.tsx(34,7): error TS17004: Cannot use JSX unless the '--jsx' flag is provided.
src/ai-gateway/app/forgot-password/page.tsx(3,33): error TS2307: Cannot find module 'next-intl' or its corresponding type declarations.
src/ai-gateway/app/forgot-password/page.tsx(13,18): error TS2307: Cannot find module 'next/link' or its corresponding type declarations.
src/ai-gateway/app/forgot-password/page.tsx(14,22): error TS2307: Cannot find module '@/shared/components' or its corresponding type declarations.
src/ai-gateway/app/forgot-password/page.tsx(19,5): error TS17004: Cannot use JSX unless the '--jsx' flag is provided.
src/ai-gateway/app/forgot-password/page.tsx(20,7): error TS17004: Cannot use JSX unless the '--jsx' flag is provided.
src/ai-gateway/app/forgot-password/page.tsx(21,9): error TS17004: Cannot use JSX unless the '--jsx' flag is provided.
src/ai-gateway/app/forgot-password/page.tsx(22,11): error TS17004: Cannot use JSX unless the '--jsx' flag is provided.
src/ai-gateway/app/forgot-password/page.tsx(23,11): error TS17004: Cannot use JSX unless the '--jsx' flag is provided.
src/ai-gateway/app/forgot-password/page.tsx(27,9): error TS17004: Cannot use JSX unless the '--jsx' flag is provided.
src/ai-gateway/app/forgot-password/page.tsx(28,11): error TS17004: Cannot use JSX unless the '--jsx' flag is provided.
src/ai-gateway/app/forgot-password/page.tsx(29,13): error TS17004: Cannot use JSX unless the '--jsx' flag is provided.
src/ai-gateway/app/forgot-password/page.tsx(30,15): error TS17004: Cannot use JSX unless the '--jsx' flag is provided.
src/ai-gateway/app/forgot-password/page.tsx(34,13): error TS17004: Cannot use JSX unless the '--jsx' flag is provided.
src/ai-gateway/app/forgot-password/page.tsx(35,15): error TS17004: Cannot use JSX unless the '--jsx' flag is provided.
src/ai-gateway/app/forgot-password/page.tsx(36,15): error TS17004: Cannot use JSX unless the '--jsx' flag is provided.
src/ai-gateway/app/forgot-password/page.tsx(37,15): error TS17004: Cannot use JSX unless the '--jsx' flag is provided.
src/ai-gateway/app/forgot-password/page.tsx(38,17): error TS17004: Cannot use JSX unless the '--jsx' flag is provided.
src/ai-gateway/app/forgot-password/page.tsx(40,15): error TS17004: Cannot use JSX unless the '--jsx' flag is provided.
src/ai-gateway/app/forgot-password/page.tsx(46,9): error TS17004: Cannot use JSX unless the '--jsx' flag is provided.
src/ai-gateway/app/forgot-password/page.tsx(47,11): error TS17004: Cannot use JSX unless the '--jsx' flag is provided.
src/ai-gateway/app/forgot-password/page.tsx(48,13): error TS17004: Cannot use JSX unless the '--jsx' flag is provided.
src/ai-gateway/app/forgot-password/page.tsx(49,15): error TS17004: Cannot use JSX unless the '--jsx' flag is provided.
src/ai-gateway/app/forgot-password/page.tsx(53,13): error TS17004: Cannot use JSX unless the '--jsx' flag is provided.
src/ai-gateway/app/forgot-password/page.tsx(54,15): error TS17004: Cannot use JSX unless the '--jsx' flag is provided.
src/ai-gateway/app/forgot-password/page.tsx(55,15): error TS17004: Cannot use JSX unless the '--jsx' flag is provided.
src/ai-gateway/app/forgot-password/page.tsx(56,15): error TS17004: Cannot use JSX unless the '--jsx' flag is provided.
src/ai-gateway/app/forgot-password/page.tsx(57,17): error TS17004: Cannot use JSX unless the '--jsx' flag is provided.
src/ai-gateway/app/forgot-password/page.tsx(58,17): error TS17004: Cannot use JSX unless the '--jsx' flag is provided.
src/ai-gateway/app/forgot-password/page.tsx(60,19): error TS17004: Cannot use JSX unless the '--jsx' flag is provided.
src/ai-gateway/app/forgot-password/page.tsx(62,19): error TS17004: Cannot use JSX unless the '--jsx' flag is provided.
src/ai-gateway/app/forgot-password/page.tsx(66,17): error TS17004: Cannot use JSX unless the '--jsx' flag is provided.
src/ai-gateway/app/forgot-password/page.tsx(68,19): error TS17004: Cannot use JSX unless the '--jsx' flag is provided.
src/ai-gateway/app/forgot-password/page.tsx(73,17): error TS17004: Cannot use JSX unless the '--jsx' flag is provided.
src/ai-gateway/app/forgot-password/page.tsx(79,9): error TS17004: Cannot use JSX unless the '--jsx' flag is provided.
src/ai-gateway/app/forgot-password/page.tsx(80,11): error TS17004: Cannot use JSX unless the '--jsx' flag is provided.
src/ai-gateway/app/forgot-password/page.tsx(84,13): error TS17004: Cannot use JSX unless the '--jsx' flag is provided.
src/ai-gateway/app/global-error.tsx(18,5): error TS17004: Cannot use JSX unless the '--jsx' flag is provided.
src/ai-gateway/app/global-error.tsx(19,7): error TS17004: Cannot use JSX unless the '--jsx' flag is provided.
src/ai-gateway/app/global-error.tsx(20,9): error TS17004: Cannot use JSX unless the '--jsx' flag is provided.
src/ai-gateway/app/global-error.tsx(21,11): error TS17004: Cannot use JSX unless the '--jsx' flag is provided.
src/ai-gateway/app/global-error.tsx(24,11): error TS17004: Cannot use JSX unless the '--jsx' flag is provided.
src/ai-gateway/app/global-error.tsx(25,11): error TS17004: Cannot use JSX unless the '--jsx' flag is provided.
src/ai-gateway/app/global-error.tsx(29,13): error TS17004: Cannot use JSX unless the '--jsx' flag is provided.
src/ai-gateway/app/global-error.tsx(36,11): error TS17004: Cannot use JSX unless the '--jsx' flag is provided.
src/ai-gateway/app/global-error.tsx(37,13): error TS17004: Cannot use JSX unless the '--jsx' flag is provided.
src/ai-gateway/app/global-error.tsx(44,13): error TS17004: Cannot use JSX unless the '--jsx' flag is provided.
src/ai-gateway/app/landing/page.tsx(1,26): error TS2307: Cannot find module 'next/navigation' or its corresponding type declarations.
src/ai-gateway/app/layout.tsx(1,23): error TS2307: Cannot find module 'next/font/google' or its corresponding type declarations.
src/ai-gateway/app/layout.tsx(4,31): error TS2307: Cannot find module '@/shared/components/ThemeProvider' or its corresponding type declarations.
src/ai-gateway/app/layout.tsx(6,40): error TS2307: Cannot find module 'next-intl' or its corresponding type declarations.
src/ai-gateway/app/layout.tsx(7,40): error TS2307: Cannot find module 'next-intl/server' or its corresponding type declarations.
src/ai-gateway/app/layout.tsx(8,29): error TS2307: Cannot find module '@/i18n/config' or its corresponding type declarations.
src/ai-gateway/app/layout.tsx(9,29): error TS2307: Cannot find module '@/lib/db/settings' or its corresponding type declarations.
src/ai-gateway/app/layout.tsx(32,44): error TS7031: Binding element 'children' implicitly has an 'any' type.
src/ai-gateway/app/layout.tsx(38,5): error TS17004: Cannot use JSX unless the '--jsx' flag is provided.
src/ai-gateway/app/layout.tsx(39,7): error TS17004: Cannot use JSX unless the '--jsx' flag is provided.
src/ai-gateway/app/layout.tsx(40,9): error TS17004: Cannot use JSX unless the '--jsx' flag is provided.
src/ai-gateway/app/layout.tsx(41,9): error TS17004: Cannot use JSX unless the '--jsx' flag is provided.
src/ai-gateway/app/layout.tsx(43,9): error TS17004: Cannot use JSX unless the '--jsx' flag is provided.
src/ai-gateway/app/layout.tsx(48,7): error TS17004: Cannot use JSX unless the '--jsx' flag is provided.
src/ai-gateway/app/layout.tsx(49,9): error TS17004: Cannot use JSX unless the '--jsx' flag is provided.
src/ai-gateway/app/layout.tsx(50,11): error TS17004: Cannot use JSX unless the '--jsx' flag is provided.
src/ai-gateway/app/layout.tsx(52,9): error TS17004: Cannot use JSX unless the '--jsx' flag is provided.
src/ai-gateway/app/layout.tsx(58,9): error TS17004: Cannot use JSX unless the '--jsx' flag is provided.
src/ai-gateway/app/layout.tsx(59,11): error TS17004: Cannot use JSX unless the '--jsx' flag is provided.
src/ai-gateway/app/layout.tsx(60,13): error TS17004: Cannot use JSX unless the '--jsx' flag is provided.
src/ai-gateway/app/loading.tsx(3,32): error TS2307: Cannot find module '@/shared/components/ZavorthGatewayLogo' or its corresponding type declarations.
src/ai-gateway/app/loading.tsx(4,25): error TS2307: Cannot find module '@/shared/components/Loading' or its corresponding type declarations.
src/ai-gateway/app/loading.tsx(8,5): error TS17004: Cannot use JSX unless the '--jsx' flag is provided.
src/ai-gateway/app/loading.tsx(14,7): error TS17004: Cannot use JSX unless the '--jsx' flag is provided.
src/ai-gateway/app/loading.tsx(15,9): error TS17004: Cannot use JSX unless the '--jsx' flag is provided.
src/ai-gateway/app/loading.tsx(16,9): error TS17004: Cannot use JSX unless the '--jsx' flag is provided.
src/ai-gateway/app/loading.tsx(19,7): error TS17004: Cannot use JSX unless the '--jsx' flag is provided.
src/ai-gateway/app/loading.tsx(20,9): error TS17004: Cannot use JSX unless the '--jsx' flag is provided.
src/ai-gateway/app/loading.tsx(21,11): error TS17004: Cannot use JSX unless the '--jsx' flag is provided.
src/ai-gateway/app/loading.tsx(23,9): error TS17004: Cannot use JSX unless the '--jsx' flag is provided.
src/ai-gateway/app/loading.tsx(26,9): error TS17004: Cannot use JSX unless the '--jsx' flag is provided.
src/ai-gateway/app/loading.tsx(29,9): error TS17004: Cannot use JSX unless the '--jsx' flag is provided.
src/ai-gateway/app/loading.tsx(32,9): error TS17004: Cannot use JSX unless the '--jsx' flag is provided.
src/ai-gateway/app/loading.tsx(33,11): error TS17004: Cannot use JSX unless the '--jsx' flag is provided.
src/ai-gateway/app/loading.tsx(34,11): error TS17004: Cannot use JSX unless the '--jsx' flag is provided.
src/ai-gateway/app/login/page.tsx(3,33): error TS2307: Cannot find module 'next-intl' or its corresponding type declarations.
src/ai-gateway/app/login/page.tsx(6,31): error TS2307: Cannot find module '@/shared/components' or its corresponding type declarations.
src/ai-gateway/app/login/page.tsx(7,27): error TS2307: Cannot find module 'next/navigation' or its corresponding type declarations.
src/ai-gateway/app/login/page.tsx(43,26): error TS2345: Argument of type 'boolean' is not assignable to parameter of type 'SetStateAction<null>'.
src/ai-gateway/app/login/page.tsx(44,28): error TS2345: Argument of type 'boolean' is not assignable to parameter of type 'SetStateAction<null>'.
src/ai-gateway/app/login/page.tsx(46,26): error TS2345: Argument of type 'true' is not assignable to parameter of type 'SetStateAction<null>'.
src/ai-gateway/app/login/page.tsx(47,28): error TS2345: Argument of type 'true' is not assignable to parameter of type 'SetStateAction<null>'.
src/ai-gateway/app/login/page.tsx(51,24): error TS2345: Argument of type 'true' is not assignable to parameter of type 'SetStateAction<null>'.
src/ai-gateway/app/login/page.tsx(52,26): error TS2345: Argument of type 'true' is not assignable to parameter of type 'SetStateAction<null>'.
src/ai-gateway/app/login/page.tsx(58,30): error TS7006: Parameter 'e' implicitly has an 'any' type.
src/ai-gateway/app/login/page.tsx(91,5): error TS17004: Cannot use JSX unless the '--jsx' flag is provided.
src/ai-gateway/app/login/page.tsx(92,7): error TS17004: Cannot use JSX unless the '--jsx' flag is provided.
src/ai-gateway/app/login/page.tsx(93,9): error TS17004: Cannot use JSX unless the '--jsx' flag is provided.
src/ai-gateway/app/login/page.tsx(94,11): error TS17004: Cannot use JSX unless the '--jsx' flag is provided.
src/ai-gateway/app/login/page.tsx(95,13): error TS17004: Cannot use JSX unless the '--jsx' flag is provided.
src/ai-gateway/app/login/page.tsx(97,11): error TS17004: Cannot use JSX unless the '--jsx' flag is provided.
src/ai-gateway/app/login/page.tsx(98,13): error TS17004: Cannot use JSX unless the '--jsx' flag is provided.
src/ai-gateway/app/login/page.tsx(99,13): error TS17004: Cannot use JSX unless the '--jsx' flag is provided.
src/ai-gateway/app/login/page.tsx(102,13): error TS17004: Cannot use JSX unless the '--jsx' flag is provided.
src/ai-gateway/app/login/page.tsx(103,15): error TS17004: Cannot use JSX unless the '--jsx' flag is provided.
src/ai-gateway/app/login/page.tsx(104,17): error TS17004: Cannot use JSX unless the '--jsx' flag is provided.
src/ai-gateway/app/login/page.tsx(105,17): error TS17004: Cannot use JSX unless the '--jsx' flag is provided.
src/ai-gateway/app/login/page.tsx(107,15): error TS17004: Cannot use JSX unless the '--jsx' flag is provided.
src/ai-gateway/app/login/page.tsx(109,13): error TS17004: Cannot use JSX unless the '--jsx' flag is provided.
src/ai-gateway/app/login/page.tsx(110,15): error TS17004: Cannot use JSX unless the '--jsx' flag is provided.
src/ai-gateway/app/login/page.tsx(121,7): error TS17004: Cannot use JSX unless the '--jsx' flag is provided.
src/ai-gateway/app/login/page.tsx(123,9): error TS17004: Cannot use JSX unless the '--jsx' flag is provided.
src/ai-gateway/app/login/page.tsx(124,11): error TS17004: Cannot use JSX unless the '--jsx' flag is provided.
src/ai-gateway/app/login/page.tsx(125,13): error TS17004: Cannot use JSX unless the '--jsx' flag is provided.
src/ai-gateway/app/login/page.tsx(126,13): error TS17004: Cannot use JSX unless the '--jsx' flag is provided.
src/ai-gateway/app/login/page.tsx(128,11): error TS17004: Cannot use JSX unless the '--jsx' flag is provided.
src/ai-gateway/app/login/page.tsx(136,7): error TS17004: Cannot use JSX unless the '--jsx' flag is provided.
src/ai-gateway/app/login/page.tsx(138,9): error TS17004: Cannot use JSX unless the '--jsx' flag is provided.
src/ai-gateway/app/login/page.tsx(141,11): error TS17004: Cannot use JSX unless the '--jsx' flag is provided.
src/ai-gateway/app/login/page.tsx(142,13): error TS17004: Cannot use JSX unless the '--jsx' flag is provided.
src/ai-gateway/app/login/page.tsx(143,15): error TS17004: Cannot use JSX unless the '--jsx' flag is provided.
src/ai-gateway/app/login/page.tsx(147,13): error TS17004: Cannot use JSX unless the '--jsx' flag is provided.
src/ai-gateway/app/login/page.tsx(148,13): error TS17004: Cannot use JSX unless the '--jsx' flag is provided.
src/ai-gateway/app/login/page.tsx(151,11): error TS17004: Cannot use JSX unless the '--jsx' flag is provided.
src/ai-gateway/app/login/page.tsx(152,13): error TS17004: Cannot use JSX unless the '--jsx' flag is provided.
src/ai-gateway/app/login/page.tsx(153,15): error TS17004: Cannot use JSX unless the '--jsx' flag is provided.
src/ai-gateway/app/login/page.tsx(154,15): error TS17004: Cannot use JSX unless the '--jsx' flag is provided.
src/ai-gateway/app/login/page.tsx(164,11): error TS17004: Cannot use JSX unless the '--jsx' flag is provided.
src/ai-gateway/app/login/page.tsx(174,7): error TS17004: Cannot use JSX unless the '--jsx' flag is provided.
src/ai-gateway/app/login/page.tsx(176,9): error TS17004: Cannot use JSX unless the '--jsx' flag is provided.
src/ai-gateway/app/login/page.tsx(179,11): error TS17004: Cannot use JSX unless the '--jsx' flag is provided.
src/ai-gateway/app/login/page.tsx(180,13): error TS17004: Cannot use JSX unless the '--jsx' flag is provided.
src/ai-gateway/app/login/page.tsx(181,15): error TS17004: Cannot use JSX unless the '--jsx' flag is provided.
src/ai-gateway/app/login/page.tsx(185,13): error TS17004: Cannot use JSX unless the '--jsx' flag is provided.
src/ai-gateway/app/login/page.tsx(188,13): error TS17004: Cannot use JSX unless the '--jsx' flag is provided.
src/ai-gateway/app/login/page.tsx(191,11): error TS17004: Cannot use JSX unless the '--jsx' flag is provided.
src/ai-gateway/app/login/page.tsx(192,13): error TS17004: Cannot use JSX unless the '--jsx' flag is provided.
src/ai-gateway/app/login/page.tsx(193,15): error TS17004: Cannot use JSX unless the '--jsx' flag is provided.
src/ai-gateway/app/login/page.tsx(194,15): error TS17004: Cannot use JSX unless the '--jsx' flag is provided.
src/ai-gateway/app/login/page.tsx(204,11): error TS17004: Cannot use JSX unless the '--jsx' flag is provided.
src/ai-gateway/app/login/page.tsx(213,5): error TS17004: Cannot use JSX unless the '--jsx' flag is provided.
src/ai-gateway/app/login/page.tsx(215,9): error TS17004: Cannot use JSX unless the '--jsx' flag is provided.
src/ai-gateway/app/login/page.tsx(219,7): error TS17004: Cannot use JSX unless the '--jsx' flag is provided.
src/ai-gateway/app/login/page.tsx(220,7): error TS17004: Cannot use JSX unless the '--jsx' flag is provided.
src/ai-gateway/app/login/page.tsx(221,9): error TS17004: Cannot use JSX unless the '--jsx' flag is provided.
src/ai-gateway/app/login/page.tsx(224,11): error TS17004: Cannot use JSX unless the '--jsx' flag is provided.
src/ai-gateway/app/login/page.tsx(225,13): error TS17004: Cannot use JSX unless the '--jsx' flag is provided.
src/ai-gateway/app/login/page.tsx(226,15): error TS17004: Cannot use JSX unless the '--jsx' flag is provided.
src/ai-gateway/app/login/page.tsx(227,17): error TS17004: Cannot use JSX unless the '--jsx' flag is provided.
src/ai-gateway/app/login/page.tsx(229,15): error TS17004: Cannot use JSX unless the '--jsx' flag is provided.
src/ai-gateway/app/login/page.tsx(231,13): error TS17004: Cannot use JSX unless the '--jsx' flag is provided.
src/ai-gateway/app/login/page.tsx(232,13): error TS17004: Cannot use JSX unless the '--jsx' flag is provided.
src/ai-gateway/app/login/page.tsx(235,11): error TS17004: Cannot use JSX unless the '--jsx' flag is provided.
src/ai-gateway/app/login/page.tsx(236,13): error TS17004: Cannot use JSX unless the '--jsx' flag is provided.
src/ai-gateway/app/login/page.tsx(237,15): error TS17004: Cannot use JSX unless the '--jsx' flag is provided.
src/ai-gateway/app/login/page.tsx(238,15): error TS17004: Cannot use JSX unless the '--jsx' flag is provided.
src/ai-gateway/app/login/page.tsx(242,28): error TS7006: Parameter 'e' implicitly has an 'any' type.
src/ai-gateway/app/login/page.tsx(248,17): error TS17004: Cannot use JSX unless the '--jsx' flag is provided.
src/ai-gateway/app/login/page.tsx(249,19): error TS17004: Cannot use JSX unless the '--jsx' flag is provided.
src/ai-gateway/app/login/page.tsx(253,15): error TS17004: Cannot use JSX unless the '--jsx' flag is provided.
src/ai-gateway/app/login/page.tsx(256,13): error TS17004: Cannot use JSX unless the '--jsx' flag is provided.
src/ai-gateway/app/login/page.tsx(266,11): error TS17004: Cannot use JSX unless the '--jsx' flag is provided.
src/ai-gateway/app/login/page.tsx(267,13): error TS17004: Cannot use JSX unless the '--jsx' flag is provided.
src/ai-gateway/app/login/page.tsx(277,7): error TS17004: Cannot use JSX unless the '--jsx' flag is provided.
src/ai-gateway/app/login/page.tsx(278,9): error TS17004: Cannot use JSX unless the '--jsx' flag is provided.
src/ai-gateway/app/login/page.tsx(281,11): error TS17004: Cannot use JSX unless the '--jsx' flag is provided.
src/ai-gateway/app/login/page.tsx(282,13): error TS17004: Cannot use JSX unless the '--jsx' flag is provided.
src/ai-gateway/app/login/page.tsx(283,15): error TS17004: Cannot use JSX unless the '--jsx' flag is provided.
src/ai-gateway/app/login/page.tsx(284,15): error TS17004: Cannot use JSX unless the '--jsx' flag is provided.
src/ai-gateway/app/login/page.tsx(287,13): error TS17004: Cannot use JSX unless the '--jsx' flag is provided.
src/ai-gateway/app/login/page.tsx(305,17): error TS17004: Cannot use JSX unless the '--jsx' flag is provided.
src/ai-gateway/app/login/page.tsx(309,19): error TS17004: Cannot use JSX unless the '--jsx' flag is provided.
src/ai-gateway/app/login/page.tsx(310,21): error TS17004: Cannot use JSX unless the '--jsx' flag is provided.
src/ai-gateway/app/login/page.tsx(314,19): error TS17004: Cannot use JSX unless the '--jsx' flag is provided.
src/ai-gateway/app/login/page.tsx(315,21): error TS17004: Cannot use JSX unless the '--jsx' flag is provided.
src/ai-gateway/app/login/page.tsx(316,21): error TS17004: Cannot use JSX unless the '--jsx' flag is provided.
src/ai-gateway/app/maintenance/page.tsx(1,18): error TS2307: Cannot find module 'next/link' or its corresponding type declarations.
src/ai-gateway/app/maintenance/page.tsx(5,5): error TS17004: Cannot use JSX unless the '--jsx' flag is provided.
src/ai-gateway/app/maintenance/page.tsx(6,7): error TS17004: Cannot use JSX unless the '--jsx' flag is provided.
src/ai-gateway/app/maintenance/page.tsx(7,9): error TS17004: Cannot use JSX unless the '--jsx' flag is provided.
src/ai-gateway/app/maintenance/page.tsx(10,9): error TS17004: Cannot use JSX unless the '--jsx' flag is provided.
src/ai-gateway/app/maintenance/page.tsx(11,9): error TS17004: Cannot use JSX unless the '--jsx' flag is provided.
src/ai-gateway/app/maintenance/page.tsx(16,9): error TS17004: Cannot use JSX unless the '--jsx' flag is provided.
src/ai-gateway/app/maintenance/page.tsx(17,11): error TS17004: Cannot use JSX unless the '--jsx' flag is provided.
src/ai-gateway/app/maintenance/page.tsx(18,13): error TS17004: Cannot use JSX unless the '--jsx' flag is provided.
src/ai-gateway/app/maintenance/page.tsx(26,11): error TS17004: Cannot use JSX unless the '--jsx' flag is provided.
src/ai-gateway/app/maintenance/page.tsx(27,13): error TS17004: Cannot use JSX unless the '--jsx' flag is provided.
src/ai-gateway/app/maintenance/page.tsx(37,9): error TS17004: Cannot use JSX unless the '--jsx' flag is provided.
src/ai-gateway/app/maintenance/page.tsx(38,11): error TS17004: Cannot use JSX unless the '--jsx' flag is provided.
src/ai-gateway/app/maintenance/page.tsx(44,11): error TS17004: Cannot use JSX unless the '--jsx' flag is provided.
src/ai-gateway/app/not-found.tsx(3,18): error TS2307: Cannot find module 'next/link' or its corresponding type declarations.
src/ai-gateway/app/not-found.tsx(7,5): error TS17004: Cannot use JSX unless the '--jsx' flag is provided.
src/ai-gateway/app/not-found.tsx(12,7): error TS17004: Cannot use JSX unless the '--jsx' flag is provided.
src/ai-gateway/app/not-found.tsx(18,7): error TS17004: Cannot use JSX unless the '--jsx' flag is provided.
src/ai-gateway/app/not-found.tsx(21,7): error TS17004: Cannot use JSX unless the '--jsx' flag is provided.
src/ai-gateway/app/not-found.tsx(24,7): error TS17004: Cannot use JSX unless the '--jsx' flag is provided.
src/ai-gateway/app/not-found.tsx(25,9): error TS17004: Cannot use JSX unless the '--jsx' flag is provided.
src/ai-gateway/app/not-found.tsx(32,9): error TS17004: Cannot use JSX unless the '--jsx' flag is provided.
src/ai-gateway/app/offline/page.tsx(4,18): error TS2307: Cannot find module 'next/link' or its corresponding type declarations.
src/ai-gateway/app/offline/page.tsx(24,5): error TS17004: Cannot use JSX unless the '--jsx' flag is provided.
src/ai-gateway/app/offline/page.tsx(25,7): error TS17004: Cannot use JSX unless the '--jsx' flag is provided.
src/ai-gateway/app/offline/page.tsx(26,9): error TS17004: Cannot use JSX unless the '--jsx' flag is provided.
src/ai-gateway/app/offline/page.tsx(29,9): error TS17004: Cannot use JSX unless the '--jsx' flag is provided.
src/ai-gateway/app/offline/page.tsx(30,9): error TS17004: Cannot use JSX unless the '--jsx' flag is provided.
src/ai-gateway/app/offline/page.tsx(34,9): error TS17004: Cannot use JSX unless the '--jsx' flag is provided.
src/ai-gateway/app/offline/page.tsx(42,11): error TS17004: Cannot use JSX unless the '--jsx' flag is provided.
src/ai-gateway/app/offline/page.tsx(45,11): error TS17004: Cannot use JSX unless the '--jsx' flag is provided.
src/ai-gateway/app/offline/page.tsx(48,9): error TS17004: Cannot use JSX unless the '--jsx' flag is provided.
src/ai-gateway/app/offline/page.tsx(49,11): error TS17004: Cannot use JSX unless the '--jsx' flag is provided.
src/ai-gateway/app/offline/page.tsx(55,11): error TS17004: Cannot use JSX unless the '--jsx' flag is provided.
src/ai-gateway/app/page.tsx(3,26): error TS2307: Cannot find module 'next/navigation' or its corresponding type declarations.
src/ai-gateway/app/privacy/page.tsx(1,31): error TS2307: Cannot find module 'next' or its corresponding type declarations.
src/ai-gateway/app/privacy/page.tsx(2,18): error TS2307: Cannot find module 'next/link' or its corresponding type declarations.
src/ai-gateway/app/privacy/page.tsx(3,33): error TS2307: Cannot find module 'next-intl' or its corresponding type declarations.
src/ai-gateway/app/privacy/page.tsx(4,33): error TS2307: Cannot find module 'next-intl/server' or its corresponding type declarations.
src/ai-gateway/app/privacy/page.tsx(18,5): error TS17004: Cannot use JSX unless the '--jsx' flag is provided.
src/ai-gateway/app/privacy/page.tsx(19,7): error TS17004: Cannot use JSX unless the '--jsx' flag is provided.
src/ai-gateway/app/privacy/page.tsx(20,9): error TS17004: Cannot use JSX unless the '--jsx' flag is provided.
src/ai-gateway/app/privacy/page.tsx(24,11): error TS17004: Cannot use JSX unless the '--jsx' flag is provided.
src/ai-gateway/app/privacy/page.tsx(28,9): error TS17004: Cannot use JSX unless the '--jsx' flag is provided.
src/ai-gateway/app/privacy/page.tsx(29,9): error TS17004: Cannot use JSX unless the '--jsx' flag is provided.
src/ai-gateway/app/privacy/page.tsx(33,9): error TS17004: Cannot use JSX unless the '--jsx' flag is provided.
src/ai-gateway/app/privacy/page.tsx(34,11): error TS17004: Cannot use JSX unless the '--jsx' flag is provided.
src/ai-gateway/app/privacy/page.tsx(35,13): error TS17004: Cannot use JSX unless the '--jsx' flag is provided.
src/ai-gateway/app/privacy/page.tsx(38,13): error TS17004: Cannot use JSX unless the '--jsx' flag is provided.
src/ai-gateway/app/privacy/page.tsx(41,11): error TS17004: Cannot use JSX unless the '--jsx' flag is provided.
src/ai-gateway/app/privacy/page.tsx(42,13): error TS17004: Cannot use JSX unless the '--jsx' flag is provided.
src/ai-gateway/app/privacy/page.tsx(45,13): error TS17004: Cannot use JSX unless the '--jsx' flag is provided.
src/ai-gateway/app/privacy/page.tsx(47,15): error TS17004: Cannot use JSX unless the '--jsx' flag is provided.
src/ai-gateway/app/privacy/page.tsx(49,13): error TS17004: Cannot use JSX unless the '--jsx' flag is provided.
src/ai-gateway/app/privacy/page.tsx(50,15): error TS17004: Cannot use JSX unless the '--jsx' flag is provided.
src/ai-gateway/app/privacy/page.tsx(51,17): error TS17004: Cannot use JSX unless the '--jsx' flag is provided.
src/ai-gateway/app/privacy/page.tsx(54,15): error TS17004: Cannot use JSX unless the '--jsx' flag is provided.
src/ai-gateway/app/privacy/page.tsx(55,17): error TS17004: Cannot use JSX unless the '--jsx' flag is provided.
src/ai-gateway/app/privacy/page.tsx(58,15): error TS17004: Cannot use JSX unless the '--jsx' flag is provided.
src/ai-gateway/app/privacy/page.tsx(59,17): error TS17004: Cannot use JSX unless the '--jsx' flag is provided.
src/ai-gateway/app/privacy/page.tsx(62,15): error TS17004: Cannot use JSX unless the '--jsx' flag is provided.
src/ai-gateway/app/privacy/page.tsx(63,17): error TS17004: Cannot use JSX unless the '--jsx' flag is provided.
src/ai-gateway/app/privacy/page.tsx(69,11): error TS17004: Cannot use JSX unless the '--jsx' flag is provided.
src/ai-gateway/app/privacy/page.tsx(70,13): error TS17004: Cannot use JSX unless the '--jsx' flag is provided.
src/ai-gateway/app/privacy/page.tsx(73,13): error TS17004: Cannot use JSX unless the '--jsx' flag is provided.
src/ai-gateway/app/privacy/page.tsx(76,11): error TS17004: Cannot use JSX unless the '--jsx' flag is provided.
src/ai-gateway/app/privacy/page.tsx(77,13): error TS17004: Cannot use JSX unless the '--jsx' flag is provided.
src/ai-gateway/app/privacy/page.tsx(80,13): error TS17004: Cannot use JSX unless the '--jsx' flag is provided.
src/ai-gateway/app/privacy/page.tsx(81,13): error TS17004: Cannot use JSX unless the '--jsx' flag is provided.
src/ai-gateway/app/privacy/page.tsx(82,15): error TS17004: Cannot use JSX unless the '--jsx' flag is provided.
src/ai-gateway/app/privacy/page.tsx(83,17): error TS17004: Cannot use JSX unless the '--jsx' flag is provided.
src/ai-gateway/app/privacy/page.tsx(92,15): error TS17004: Cannot use JSX unless the '--jsx' flag is provided.
src/ai-gateway/app/privacy/page.tsx(93,17): error TS17004: Cannot use JSX unless the '--jsx' flag is provided.
src/ai-gateway/app/privacy/page.tsx(102,15): error TS17004: Cannot use JSX unless the '--jsx' flag is provided.
src/ai-gateway/app/privacy/page.tsx(103,17): error TS17004: Cannot use JSX unless the '--jsx' flag is provided.
src/ai-gateway/app/privacy/page.tsx(115,11): error TS17004: Cannot use JSX unless the '--jsx' flag is provided.
src/ai-gateway/app/privacy/page.tsx(116,13): error TS17004: Cannot use JSX unless the '--jsx' flag is provided.
src/ai-gateway/app/privacy/page.tsx(119,13): error TS17004: Cannot use JSX unless the '--jsx' flag is provided.
src/ai-gateway/app/privacy/page.tsx(122,11): error TS17004: Cannot use JSX unless the '--jsx' flag is provided.
src/ai-gateway/app/privacy/page.tsx(123,13): error TS17004: Cannot use JSX unless the '--jsx' flag is provided.
src/ai-gateway/app/privacy/page.tsx(126,13): error TS17004: Cannot use JSX unless the '--jsx' flag is provided.
src/ai-gateway/app/privacy/page.tsx(127,13): error TS17004: Cannot use JSX unless the '--jsx' flag is provided.
src/ai-gateway/app/privacy/page.tsx(128,15): error TS17004: Cannot use JSX unless the '--jsx' flag is provided.
src/ai-gateway/app/privacy/page.tsx(129,15): error TS17004: Cannot use JSX unless the '--jsx' flag is provided.
src/ai-gateway/app/privacy/page.tsx(130,15): error TS17004: Cannot use JSX unless the '--jsx' flag is provided.
src/ai-gateway/app/privacy/page.tsx(131,15): error TS17004: Cannot use JSX unless the '--jsx' flag is provided.
src/ai-gateway/app/privacy/page.tsx(135,11): error TS17004: Cannot use JSX unless the '--jsx' flag is provided.
src/ai-gateway/app/privacy/page.tsx(136,13): error TS17004: Cannot use JSX unless the '--jsx' flag is provided.
src/ai-gateway/app/privacy/page.tsx(139,13): error TS17004: Cannot use JSX unless the '--jsx' flag is provided.
src/ai-gateway/app/privacy/page.tsx(141,15): error TS17004: Cannot use JSX unless the '--jsx' flag is provided.
src/ai-gateway/app/privacy/page.tsx(147,9): error TS17004: Cannot use JSX unless the '--jsx' flag is provided.
src/ai-gateway/app/privacy/page.tsx(148,11): error TS17004: Cannot use JSX unless the '--jsx' flag is provided.
src/ai-gateway/app/privacy/page.tsx(150,13): error TS17004: Cannot use JSX unless the '--jsx' flag is provided.
src/ai-gateway/app/status/page.tsx(4,18): error TS2307: Cannot find module 'next/link' or its corresponding type declarations.
src/ai-gateway/app/status/page.tsx(5,25): error TS2307: Cannot find module '@/shared/components/Loading' or its corresponding type declarations.
src/ai-gateway/app/status/page.tsx(68,5): error TS17004: Cannot use JSX unless the '--jsx' flag is provided.
src/ai-gateway/app/status/page.tsx(69,7): error TS17004: Cannot use JSX unless the '--jsx' flag is provided.
src/ai-gateway/app/status/page.tsx(70,9): error TS17004: Cannot use JSX unless the '--jsx' flag is provided.
src/ai-gateway/app/status/page.tsx(71,11): error TS17004: Cannot use JSX unless the '--jsx' flag is provided.
src/ai-gateway/app/status/page.tsx(72,13): error TS17004: Cannot use JSX unless the '--jsx' flag is provided.
src/ai-gateway/app/status/page.tsx(73,13): error TS17004: Cannot use JSX unless the '--jsx' flag is provided.
src/ai-gateway/app/status/page.tsx(77,11): error TS17004: Cannot use JSX unless the '--jsx' flag is provided.
src/ai-gateway/app/status/page.tsx(86,11): error TS17004: Cannot use JSX unless the '--jsx' flag is provided.
src/ai-gateway/app/status/page.tsx(91,13): error TS17004: Cannot use JSX unless the '--jsx' flag is provided.
src/ai-gateway/app/status/page.tsx(92,13): error TS17004: Cannot use JSX unless the '--jsx' flag is provided.
src/ai-gateway/app/status/page.tsx(97,11): error TS17004: Cannot use JSX unless the '--jsx' flag is provided.
src/ai-gateway/app/status/page.tsx(98,13): error TS17004: Cannot use JSX unless the '--jsx' flag is provided.
src/ai-gateway/app/status/page.tsx(101,13): error TS17004: Cannot use JSX unless the '--jsx' flag is provided.
src/ai-gateway/app/status/page.tsx(102,13): error TS17004: Cannot use JSX unless the '--jsx' flag is provided.
src/ai-gateway/app/status/page.tsx(103,15): error TS17004: Cannot use JSX unless the '--jsx' flag is provided.
src/ai-gateway/app/status/page.tsx(109,15): error TS17004: Cannot use JSX unless the '--jsx' flag is provided.
src/ai-gateway/app/status/page.tsx(120,11): error TS17004: Cannot use JSX unless the '--jsx' flag is provided.
src/ai-gateway/app/status/page.tsx(121,13): error TS17004: Cannot use JSX unless the '--jsx' flag is provided.
src/ai-gateway/app/status/page.tsx(122,15): error TS17004: Cannot use JSX unless the '--jsx' flag is provided.
src/ai-gateway/app/status/page.tsx(123,17): error TS17004: Cannot use JSX unless the '--jsx' flag is provided.
src/ai-gateway/app/status/page.tsx(124,17): error TS17004: Cannot use JSX unless the '--jsx' flag is provided.
src/ai-gateway/app/status/page.tsx(126,15): error TS17004: Cannot use JSX unless the '--jsx' flag is provided.
src/ai-gateway/app/status/page.tsx(127,17): error TS17004: Cannot use JSX unless the '--jsx' flag is provided.
src/ai-gateway/app/status/page.tsx(128,17): error TS17004: Cannot use JSX unless the '--jsx' flag is provided.
src/ai-gateway/app/status/page.tsx(130,15): error TS17004: Cannot use JSX unless the '--jsx' flag is provided.
src/ai-gateway/app/status/page.tsx(131,17): error TS17004: Cannot use JSX unless the '--jsx' flag is provided.
src/ai-gateway/app/status/page.tsx(132,17): error TS17004: Cannot use JSX unless the '--jsx' flag is provided.
src/ai-gateway/app/status/page.tsx(134,15): error TS17004: Cannot use JSX unless the '--jsx' flag is provided.
src/ai-gateway/app/status/page.tsx(135,17): error TS17004: Cannot use JSX unless the '--jsx' flag is provided.
src/ai-gateway/app/status/page.tsx(136,17): error TS17004: Cannot use JSX unless the '--jsx' flag is provided.
src/ai-gateway/app/status/page.tsx(140,13): error TS17004: Cannot use JSX unless the '--jsx' flag is provided.
src/ai-gateway/app/status/page.tsx(141,15): error TS17004: Cannot use JSX unless the '--jsx' flag is provided.
src/ai-gateway/app/status/page.tsx(142,15): error TS17004: Cannot use JSX unless the '--jsx' flag is provided.
src/ai-gateway/app/status/page.tsx(146,15): error TS17004: Cannot use JSX unless the '--jsx' flag is provided.
src/ai-gateway/app/terms/page.tsx(1,31): error TS2307: Cannot find module 'next' or its corresponding type declarations.
src/ai-gateway/app/terms/page.tsx(2,18): error TS2307: Cannot find module 'next/link' or its corresponding type declarations.
src/ai-gateway/app/terms/page.tsx(3,33): error TS2307: Cannot find module 'next-intl' or its corresponding type declarations.
src/ai-gateway/app/terms/page.tsx(4,33): error TS2307: Cannot find module 'next-intl/server' or its corresponding type declarations.
src/ai-gateway/app/terms/page.tsx(18,5): error TS17004: Cannot use JSX unless the '--jsx' flag is provided.
src/ai-gateway/app/terms/page.tsx(19,7): error TS17004: Cannot use JSX unless the '--jsx' flag is provided.
src/ai-gateway/app/terms/page.tsx(20,9): error TS17004: Cannot use JSX unless the '--jsx' flag is provided.
src/ai-gateway/app/terms/page.tsx(24,11): error TS17004: Cannot use JSX unless the '--jsx' flag is provided.
src/ai-gateway/app/terms/page.tsx(28,9): error TS17004: Cannot use JSX unless the '--jsx' flag is provided.
src/ai-gateway/app/terms/page.tsx(29,9): error TS17004: Cannot use JSX unless the '--jsx' flag is provided.
src/ai-gateway/app/terms/page.tsx(33,9): error TS17004: Cannot use JSX unless the '--jsx' flag is provided.
src/ai-gateway/app/terms/page.tsx(34,11): error TS17004: Cannot use JSX unless the '--jsx' flag is provided.
src/ai-gateway/app/terms/page.tsx(35,13): error TS17004: Cannot use JSX unless the '--jsx' flag is provided.
src/ai-gateway/app/terms/page.tsx(36,13): error TS17004: Cannot use JSX unless the '--jsx' flag is provided.
src/ai-gateway/app/terms/page.tsx(39,11): error TS17004: Cannot use JSX unless the '--jsx' flag is provided.
src/ai-gateway/app/terms/page.tsx(40,13): error TS17004: Cannot use JSX unless the '--jsx' flag is provided.
src/ai-gateway/app/terms/page.tsx(41,13): error TS17004: Cannot use JSX unless the '--jsx' flag is provided.
src/ai-gateway/app/terms/page.tsx(42,15): error TS17004: Cannot use JSX unless the '--jsx' flag is provided.
src/ai-gateway/app/terms/page.tsx(43,15): error TS17004: Cannot use JSX unless the '--jsx' flag is provided.
src/ai-gateway/app/terms/page.tsx(44,15): error TS17004: Cannot use JSX unless the '--jsx' flag is provided.
src/ai-gateway/app/terms/page.tsx(48,11): error TS17004: Cannot use JSX unless the '--jsx' flag is provided.
src/ai-gateway/app/terms/page.tsx(49,13): error TS17004: Cannot use JSX unless the '--jsx' flag is provided.
src/ai-gateway/app/terms/page.tsx(50,13): error TS17004: Cannot use JSX unless the '--jsx' flag is provided.
src/ai-gateway/app/terms/page.tsx(53,11): error TS17004: Cannot use JSX unless the '--jsx' flag is provided.
src/ai-gateway/app/terms/page.tsx(54,13): error TS17004: Cannot use JSX unless the '--jsx' flag is provided.
src/ai-gateway/app/terms/page.tsx(55,13): error TS17004: Cannot use JSX unless the '--jsx' flag is provided.
src/ai-gateway/app/terms/page.tsx(56,15): error TS17004: Cannot use JSX unless the '--jsx' flag is provided.
src/ai-gateway/app/terms/page.tsx(57,15): error TS17004: Cannot use JSX unless the '--jsx' flag is provided.
src/ai-gateway/app/terms/page.tsx(58,15): error TS17004: Cannot use JSX unless the '--jsx' flag is provided.
src/ai-gateway/app/terms/page.tsx(60,17): error TS17004: Cannot use JSX unless the '--jsx' flag is provided.
src/ai-gateway/app/terms/page.tsx(65,11): error TS17004: Cannot use JSX unless the '--jsx' flag is provided.
src/ai-gateway/app/terms/page.tsx(66,13): error TS17004: Cannot use JSX unless the '--jsx' flag is provided.
src/ai-gateway/app/terms/page.tsx(67,13): error TS17004: Cannot use JSX unless the '--jsx' flag is provided.
src/ai-gateway/app/terms/page.tsx(70,11): error TS17004: Cannot use JSX unless the '--jsx' flag is provided.
src/ai-gateway/app/terms/page.tsx(71,13): error TS17004: Cannot use JSX unless the '--jsx' flag is provided.
src/ai-gateway/app/terms/page.tsx(72,13): error TS17004: Cannot use JSX unless the '--jsx' flag is provided.
src/ai-gateway/app/terms/page.tsx(76,9): error TS17004: Cannot use JSX unless the '--jsx' flag is provided.
src/ai-gateway/app/terms/page.tsx(77,11): error TS17004: Cannot use JSX unless the '--jsx' flag is provided.
src/ai-gateway/app/terms/page.tsx(79,13): error TS17004: Cannot use JSX unless the '--jsx' flag is provided.
src/ai-gateway/domain/comboResolver.ts(33,34): error TS7006: Parameter 'm' implicitly has an 'any' type.
src/ai-gateway/domain/comboResolver.ts(55,46): error TS7006: Parameter 'sum' implicitly has an 'any' type.
src/ai-gateway/domain/comboResolver.ts(55,51): error TS7006: Parameter 'm' implicitly has an 'any' type.
src/ai-gateway/domain/comboResolver.ts(95,35): error TS7006: Parameter 'combo' implicitly has an 'any' type.
src/ai-gateway/domain/comboResolver.ts(95,42): error TS7006: Parameter 'primaryIndex' implicitly has an 'any' type.
src/ai-gateway/domain/comboResolver.ts(96,44): error TS7006: Parameter 'm' implicitly has an 'any' type.
src/ai-gateway/domain/costRules.ts(96,5): error TS2322: Type 'BudgetConfig | undefined' is not assignable to type 'BudgetConfig | null'.
  Type 'undefined' is not assignable to type 'BudgetConfig | null'.
src/ai-gateway/domain/costRules.ts(141,67): error TS18048: 'budget.warningThreshold' is possibly 'undefined'.
src/ai-gateway/domain/fallbackPolicy.ts(56,34): error TS7006: Parameter 'model' implicitly has an 'any' type.
src/ai-gateway/domain/fallbackPolicy.ts(56,41): error TS7006: Parameter 'chain' implicitly has an 'any' type.
src/ai-gateway/domain/fallbackPolicy.ts(82,38): error TS7006: Parameter 'model' implicitly has an 'any' type.
src/ai-gateway/domain/fallbackPolicy.ts(88,24): error TS7006: Parameter 'e' implicitly has an 'any' type.
src/ai-gateway/domain/fallbackPolicy.ts(88,59): error TS2345: Argument of type 'any' is not assignable to parameter of type 'never'.
src/ai-gateway/domain/fallbackPolicy.ts(98,33): error TS7006: Parameter 'model' implicitly has an 'any' type.
src/ai-gateway/domain/fallbackPolicy.ts(109,29): error TS7006: Parameter 'model' implicitly has an 'any' type.
src/ai-gateway/domain/fallbackPolicy.ts(112,33): error TS7006: Parameter 'e' implicitly has an 'any' type.
src/ai-gateway/domain/fallbackPolicy.ts(121,32): error TS7006: Parameter 'model' implicitly has an 'any' type.
src/ai-gateway/domain/fallbackPolicy.ts(144,5): error TS7053: Element implicitly has an 'any' type because expression of type 'any' can't be used to index type '{}'.
src/ai-gateway/domain/lockoutPolicy.ts(41,19): error TS7006: Parameter 'identifier' implicitly has an 'any' type.
src/ai-gateway/domain/lockoutPolicy.ts(64,23): error TS7006: Parameter 'identifier' implicitly has an 'any' type.
src/ai-gateway/domain/lockoutPolicy.ts(64,35): error TS7006: Parameter 'state' implicitly has an 'any' type.
src/ai-gateway/domain/lockoutPolicy.ts(80,30): error TS7006: Parameter 'identifier' implicitly has an 'any' type.
src/ai-gateway/domain/lockoutPolicy.ts(104,49): error TS7006: Parameter 't' implicitly has an 'any' type.
src/ai-gateway/domain/lockoutPolicy.ts(118,37): error TS7006: Parameter 'identifier' implicitly has an 'any' type.
src/ai-gateway/domain/lockoutPolicy.ts(126,43): error TS7006: Parameter 't' implicitly has an 'any' type.
src/ai-gateway/domain/lockoutPolicy.ts(150,31): error TS7006: Parameter 'identifier' implicitly has an 'any' type.
src/ai-gateway/domain/lockoutPolicy.ts(164,29): error TS7006: Parameter 'identifier' implicitly has an 'any' type.
src/ai-gateway/domain/modelAvailability.ts(47,18): error TS7006: Parameter 'provider' implicitly has an 'any' type.
src/ai-gateway/domain/modelAvailability.ts(47,28): error TS7006: Parameter 'model' implicitly has an 'any' type.
src/ai-gateway/domain/modelAvailability.ts(58,34): error TS7006: Parameter 'provider' implicitly has an 'any' type.
src/ai-gateway/domain/modelAvailability.ts(58,44): error TS7006: Parameter 'model' implicitly has an 'any' type.
src/ai-gateway/domain/modelAvailability.ts(80,37): error TS7006: Parameter 'provider' implicitly has an 'any' type.
src/ai-gateway/domain/modelAvailability.ts(80,47): error TS7006: Parameter 'model' implicitly has an 'any' type.
src/ai-gateway/domain/modelAvailability.ts(80,74): error TS7006: Parameter 'reason' implicitly has an 'any' type.
src/ai-gateway/domain/modelAvailability.ts(110,40): error TS7006: Parameter 'provider' implicitly has an 'any' type.
src/ai-gateway/domain/modelAvailability.ts(110,50): error TS7006: Parameter 'model' implicitly has an 'any' type.
src/ai-gateway/domain/modelAvailability.ts(113,42): error TS2339: Property 'status' does not exist on type '{}'.
src/ai-gateway/domain/modelAvailability.ts(113,67): error TS2339: Property 'status' does not exist on type '{}'.
src/ai-gateway/domain/modelAvailability.ts(116,9): error TS7053: Element implicitly has an 'any' type because expression of type 'number' can't be used to index type '{ 429: number; 408: number; 500: number; 502: number; 503: number; 504: number; }'.
  No index signature with a parameter of type 'number' was found on type '{ 429: number; 408: number; 500: number; 502: number; 503: number; 504: number; }'.
src/ai-gateway/domain/modelAvailability.ts(119,29): error TS2339: Property 'baseCooldownMs' does not exist on type '{}'.
src/ai-gateway/domain/modelAvailability.ts(119,63): error TS2339: Property 'baseCooldownMs' does not exist on type '{}'.
src/ai-gateway/domain/modelAvailability.ts(120,24): error TS2339: Property 'baseCooldownMs' does not exist on type '{}'.
src/ai-gateway/domain/modelAvailability.ts(134,60): error TS2339: Property 'reason' does not exist on type '{}'.
src/ai-gateway/domain/modelAvailability.ts(145,42): error TS7006: Parameter 'provider' implicitly has an 'any' type.
src/ai-gateway/domain/modelAvailability.ts(145,52): error TS7006: Parameter 'model' implicitly has an 'any' type.
src/ai-gateway/domain/quotaCache.ts(16,37): error TS2307: Cannot find module '@ZavorthGateway/open-sse/services/usage.ts' or its corresponding type declarations.
src/ai-gateway/domain/quotaCache.ts(17,70): error TS2307: Cannot find module '@/lib/localDb' or its corresponding type declarations.
src/ai-gateway/domain/quotaCache.ts(18,37): error TS2307: Cannot find module '@ZavorthGateway/open-sse/utils/proxyFetch.ts' or its corresponding type declarations.
src/ai-gateway/domain/quotaCache.ts(19,32): error TS2307: Cannot find module '@/shared/utils/formatting' or its corresponding type declarations.
src/ai-gateway/domain/quotaCache.ts(20,56): error TS2307: Cannot find module '@/lib/db/quotaSnapshots' or its corresponding type declarations.
src/ai-gateway/domain/responses.ts(44,9): error TS2698: Spread types may only be created from object types.
src/ai-gateway/i18n/request.ts(1,34): error TS2307: Cannot find module 'next-intl/server' or its corresponding type declarations.
src/ai-gateway/i18n/request.ts(2,34): error TS2307: Cannot find module 'next/headers' or its corresponding type declarations.
src/ai-gateway/instrumentation-node.ts(48,59): error TS2307: Cannot find module '@/lib/db/secrets' or its corresponding type declarations.
src/ai-gateway/instrumentation-node.ts(87,32): error TS2307: Cannot find module '@ZavorthGateway/open-sse/index.ts' or its corresponding type declarations.
src/ai-gateway/instrumentation-node.ts(99,45): error TS2307: Cannot find module '@/lib/envSchema' or its corresponding type declarations.
src/ai-gateway/instrumentation-node.ts(103,16): error TS2307: Cannot find module '@/lib/usage/migrations' or its corresponding type declarations.
src/ai-gateway/instrumentation-node.ts(107,51): error TS2307: Cannot find module '@/lib/consoleInterceptor' or its corresponding type declarations.
src/ai-gateway/instrumentation-node.ts(112,14): error TS2307: Cannot find module '@/lib/gracefulShutdown' or its corresponding type declarations.
src/ai-gateway/instrumentation-node.ts(113,14): error TS2307: Cannot find module '@/lib/apiBridgeServer' or its corresponding type declarations.
src/ai-gateway/instrumentation-node.ts(114,14): error TS2307: Cannot find module '@/lib/db/settings' or its corresponding type declarations.
src/ai-gateway/instrumentation-node.ts(125,14): error TS2307: Cannot find module '@ZavorthGateway/open-sse/services/modelDeprecation.ts' or its corresponding type declarations.
src/ai-gateway/instrumentation-node.ts(128,14): error TS2307: Cannot find module '@ZavorthGateway/open-sse/executors/codex.ts' or its corresponding type declarations.
src/ai-gateway/instrumentation-node.ts(168,63): error TS2307: Cannot find module '@/lib/compliance/index' or its corresponding type declarations.
src/ai-gateway/instrumentation.ts(16,45): error TS2835: Relative import paths need explicit file extensions in ECMAScript imports when '--moduleResolution' is 'node16' or 'nodenext'. Did you mean './instrumentation-node.js'?
src/ai-gateway/lib/a2a/skills/quotaManagement.ts(9,40): error TS2307: Cannot find module '@/shared/contracts/quota' or its corresponding type declarations.
src/ai-gateway/lib/a2a/skills/quotaManagement.ts(10,46): error TS2307: Cannot find module '@/shared/utils/resolveZavorthGatewayBaseUrl' or its corresponding type declarations.
src/ai-gateway/lib/a2a/skills/quotaManagement.ts(101,39): error TS7006: Parameter 'sum' implicitly has an 'any' type.
src/ai-gateway/lib/a2a/skills/quotaManagement.ts(101,44): error TS7006: Parameter 'p' implicitly has an 'any' type.
src/ai-gateway/lib/a2a/skills/quotaManagement.ts(102,44): error TS7006: Parameter 'sum' implicitly has an 'any' type.
src/ai-gateway/lib/a2a/skills/quotaManagement.ts(102,49): error TS7006: Parameter 'p' implicitly has an 'any' type.
src/ai-gateway/lib/a2a/skills/quotaManagement.ts(103,38): error TS7006: Parameter 'p' implicitly has an 'any' type.
src/ai-gateway/lib/a2a/skills/quotaManagement.ts(111,14): error TS7006: Parameter 'p' implicitly has an 'any' type.
src/ai-gateway/lib/a2a/skills/quotaManagement.ts(116,74): error TS7006: Parameter 'w' implicitly has an 'any' type.
src/ai-gateway/lib/a2a/skills/smartRouting.ts(9,46): error TS2307: Cannot find module '@/shared/utils/resolveZavorthGatewayBaseUrl' or its corresponding type declarations.
src/ai-gateway/lib/api/requireManagementAuth.ts(1,77): error TS2307: Cannot find module '@/shared/utils/apiAuth' or its corresponding type declarations.
src/ai-gateway/lib/api/requireManagementAuth.ts(2,37): error TS2307: Cannot find module '@/lib/api/errorResponse' or its corresponding type declarations.
src/ai-gateway/lib/apiBridgeServer.ts(3,33): error TS2307: Cannot find module '@/lib/runtime/ports' or its corresponding type declarations.
src/ai-gateway/lib/apiBridgeServer.ts(4,43): error TS2307: Cannot find module '@/shared/utils/runtimeTimeouts' or its corresponding type declarations.
src/ai-gateway/lib/apiBridgeServer.ts(6,69): error TS7006: Parameter 'message' implicitly has an 'any' type.
src/ai-gateway/lib/cacheControlSettings.ts(9,39): error TS2307: Cannot find module '@ZavorthGateway/open-sse/utils/cacheControlPolicy' or its corresponding type declarations.
src/ai-gateway/lib/cloudflared-tunnel/cloudflaredTunnelInstall.ts(5,24): error TS2307: Cannot find module '@ZavorthGateway/open-sse/utils/proxyFetch.ts' or its corresponding type declarations.
src/ai-gateway/lib/cloudflaredTunnel.ts(158,5): error TS2353: Object literal may only specify known properties, and 'phase' does not exist in type 'CloudflaredTunnelStatus'.
src/ai-gateway/lib/cloudflaredTunnel.ts(299,21): error TS2769: No overload matches this call.
  Overload 1 of 2, '(message?: string | undefined, options?: ErrorOptions | undefined): Error', gave the following error.
    Argument of type 'string | null | undefined' is not assignable to parameter of type 'string | undefined'.
      Type 'null' is not assignable to type 'string | undefined'.
  Overload 2 of 2, '(message?: string | undefined): Error', gave the following error.
    Argument of type 'string | null | undefined' is not assignable to parameter of type 'string | undefined'.
      Type 'null' is not assignable to type 'string | undefined'.
src/ai-gateway/lib/cloudSync.ts(7,8): error TS2307: Cannot find module '@/lib/localDb' or its corresponding type declarations.
src/ai-gateway/lib/cloudSync.ts(30,40): error TS7006: Parameter 'url' implicitly has an 'any' type.
src/ai-gateway/lib/cloudSync.ts(45,35): error TS7006: Parameter 'machineId' implicitly has an 'any' type.
src/ai-gateway/lib/cloudSync.ts(70,30): error TS2339: Property 'name' does not exist on type '{}'.
src/ai-gateway/lib/container.ts(18,69): error TS5097: An import path can only end with a '.ts' extension when 'allowImportingTsExtensions' is enabled.
src/ai-gateway/lib/container.ts(19,31): error TS5097: An import path can only end with a '.ts' extension when 'allowImportingTsExtensions' is enabled.
src/ai-gateway/lib/container.ts(25,8): error TS5097: An import path can only end with a '.ts' extension when 'allowImportingTsExtensions' is enabled.
src/ai-gateway/lib/container.ts(26,29): error TS5097: An import path can only end with a '.ts' extension when 'allowImportingTsExtensions' is enabled.
src/ai-gateway/lib/container.ts(27,35): error TS5097: An import path can only end with a '.ts' extension when 'allowImportingTsExtensions' is enabled.
src/ai-gateway/lib/container.ts(28,51): error TS5097: An import path can only end with a '.ts' extension when 'allowImportingTsExtensions' is enabled.
src/ai-gateway/lib/db/__tests__/quotaSnapshots.test.ts(1,61): error TS2307: Cannot find module 'vitest' or its corresponding type declarations.
src/ai-gateway/lib/db/__tests__/quotaSnapshots.test.ts(4,39): error TS2307: Cannot find module '@/shared/types/utilization' or its corresponding type declarations.
src/ai-gateway/lib/db/apiKeys.ts(67,54): error TS2307: Cannot find module '@/shared/utils/apiKey' or its corresponding type declarations.
src/ai-gateway/lib/db/detailedLogs.ts(17,48): error TS2307: Cannot find module '@ZavorthGateway/open-sse/utils/streamPayloadCollector.ts' or its corresponding type declarations.
src/ai-gateway/lib/db/domainState.ts(37,35): error TS7006: Parameter 'model' implicitly has an 'any' type.
src/ai-gateway/lib/db/domainState.ts(37,42): error TS7006: Parameter 'chain' implicitly has an 'any' type.
src/ai-gateway/lib/db/domainState.ts(50,35): error TS7006: Parameter 'model' implicitly has an 'any' type.
src/ai-gateway/lib/db/domainState.ts(80,37): error TS7006: Parameter 'model' implicitly has an 'any' type.
src/ai-gateway/lib/db/domainState.ts(101,28): error TS7006: Parameter 'apiKeyId' implicitly has an 'any' type.
src/ai-gateway/lib/db/domainState.ts(101,38): error TS7006: Parameter 'config' implicitly has an 'any' type.
src/ai-gateway/lib/db/domainState.ts(119,28): error TS7006: Parameter 'apiKeyId' implicitly has an 'any' type.
src/ai-gateway/lib/db/domainState.ts(135,30): error TS7006: Parameter 'apiKeyId' implicitly has an 'any' type.
src/ai-gateway/lib/db/domainState.ts(148,31): error TS7006: Parameter 'apiKeyId' implicitly has an 'any' type.
src/ai-gateway/lib/db/domainState.ts(148,41): error TS7006: Parameter 'cost' implicitly has an 'any' type.
src/ai-gateway/lib/db/domainState.ts(163,33): error TS7006: Parameter 'apiKeyId' implicitly has an 'any' type.
src/ai-gateway/lib/db/domainState.ts(163,43): error TS7006: Parameter 'sinceTimestamp' implicitly has an 'any' type.
src/ai-gateway/lib/db/domainState.ts(177,37): error TS7006: Parameter 'olderThanTimestamp' implicitly has an 'any' type.
src/ai-gateway/lib/db/domainState.ts(189,35): error TS7006: Parameter 'apiKeyId' implicitly has an 'any' type.
src/ai-gateway/lib/db/domainState.ts(210,34): error TS7006: Parameter 'identifier' implicitly has an 'any' type.
src/ai-gateway/lib/db/domainState.ts(210,46): error TS7006: Parameter 'state' implicitly has an 'any' type.
src/ai-gateway/lib/db/domainState.ts(223,34): error TS7006: Parameter 'identifier' implicitly has an 'any' type.
src/ai-gateway/lib/db/domainState.ts(240,36): error TS7006: Parameter 'identifier' implicitly has an 'any' type.
src/ai-gateway/lib/db/domainState.ts(274,41): error TS7006: Parameter 'name' implicitly has an 'any' type.
src/ai-gateway/lib/db/domainState.ts(274,47): error TS7006: Parameter 'cbState' implicitly has an 'any' type.
src/ai-gateway/lib/db/domainState.ts(293,41): error TS7006: Parameter 'name' implicitly has an 'any' type.
src/ai-gateway/lib/db/domainState.ts(332,43): error TS7006: Parameter 'name' implicitly has an 'any' type.
src/ai-gateway/lib/db/jsonBackupAdapters.ts(162,7): error TS2698: Spread types may only be created from object types.
src/ai-gateway/lib/db/jsonMigration.ts(180,29): error TS2339: Property 'id' does not exist on type '{ sortOrder: number; }'.
src/ai-gateway/lib/db/jsonMigration.ts(181,31): error TS2339: Property 'name' does not exist on type '{ sortOrder: number; }'.
src/ai-gateway/lib/db/jsonMigration.ts(184,36): error TS2339: Property 'createdAt' does not exist on type '{ sortOrder: number; }'.
src/ai-gateway/lib/db/jsonMigration.ts(185,36): error TS2339: Property 'updatedAt' does not exist on type '{ sortOrder: number; }'.
src/ai-gateway/lib/db/migrationRunner.ts(30,21): error TS1470: The 'import.meta' meta-property is not allowed in files which will build into CommonJS output.
src/ai-gateway/lib/db/models.ts(258,5): error TS2552: Cannot find name 'writeCompatList'. Did you mean 'compatList'?
src/ai-gateway/lib/db/models/modelCompat.ts(6,8): error TS2307: Cannot find module '@/shared/constants/modelCompat' or its corresponding type declarations.
src/ai-gateway/lib/db/models/modelCompat.ts(7,47): error TS2307: Cannot find module '@/shared/constants/upstreamHeaders' or its corresponding type declarations.
src/ai-gateway/lib/db/quotaSnapshots.ts(2,65): error TS2307: Cannot find module '@/shared/types/utilization' or its corresponding type declarations.
src/ai-gateway/lib/db/readCache.ts(69,40): error TS2307: Cannot find module '@/lib/db/settings' or its corresponding type declarations.
src/ai-gateway/lib/db/readCache.ts(83,39): error TS2307: Cannot find module '@/lib/db/settings' or its corresponding type declarations.
src/ai-gateway/lib/db/readCache.ts(98,53): error TS2307: Cannot find module '@/lib/db/providers' or its corresponding type declarations.
src/ai-gateway/lib/db/readCache.ts(105,51): error TS2307: Cannot find module '@/lib/db/providers' or its corresponding type declarations.
src/ai-gateway/lib/db/readCache.ts(120,36): error TS2307: Cannot find module '@/lib/db/settings' or its corresponding type declarations.
src/ai-gateway/lib/db/readCache.ts(131,36): error TS2307: Cannot find module '@/lib/db/settings' or its corresponding type declarations.
src/ai-gateway/lib/db/settings.ts(90,46): error TS2307: Cannot find module '@/shared/constants/pricing' or its corresponding type declarations.
src/ai-gateway/lib/db/settings.ts(166,51): error TS2307: Cannot find module '@ZavorthGateway/open-sse/config/providerModels' or its corresponding type declarations.
src/ai-gateway/lib/db/settings/proxyConfig.ts(1,38): error TS2307: Cannot find module '@ZavorthGateway/open-sse/config/providerModels.ts' or its corresponding type declarations.
src/ai-gateway/lib/db/settings/proxyConfig.ts(17,20): error TS2538: Type '{}' cannot be used as an index type.
src/ai-gateway/lib/evals/evalRunner.ts(75,25): error TS7006: Parameter 'c' implicitly has an 'any' type.
src/ai-gateway/lib/evals/evalRunner.ts(170,36): error TS7006: Parameter 'c' implicitly has an 'any' type.
src/ai-gateway/lib/evals/evalRunner.ts(175,34): error TS7006: Parameter 'r' implicitly has an 'any' type.
src/ai-gateway/lib/gracefulShutdown.ts(99,46): error TS2307: Cannot find module '@/lib/db/core' or its corresponding type declarations.
src/ai-gateway/lib/idempotencyLayer.ts(13,29): error TS2307: Cannot find module '@/lib/localDb' or its corresponding type declarations.
src/ai-gateway/lib/idempotencyLayer.ts(21,5): error TS7034: Variable 'cleanupInterval' implicitly has type 'any' in some locations where its type cannot be determined.
src/ai-gateway/lib/idempotencyLayer.ts(24,7): error TS7005: Variable 'cleanupInterval' implicitly has an 'any' type.
src/ai-gateway/lib/idempotencyLayer.ts(42,35): error TS7006: Parameter 'headers' implicitly has an 'any' type.
src/ai-gateway/lib/idempotencyLayer.ts(44,52): error TS7006: Parameter 'k' implicitly has an 'any' type.
src/ai-gateway/lib/idempotencyLayer.ts(44,76): error TS7006: Parameter 'k' implicitly has an 'any' type.
src/ai-gateway/lib/idempotencyLayer.ts(53,34): error TS7006: Parameter 'key' implicitly has an 'any' type.
src/ai-gateway/lib/idempotencyLayer.ts(71,33): error TS7006: Parameter 'key' implicitly has an 'any' type.
src/ai-gateway/lib/idempotencyLayer.ts(71,38): error TS7006: Parameter 'response' implicitly has an 'any' type.
src/ai-gateway/lib/idempotencyLayer.ts(71,48): error TS7006: Parameter 'status' implicitly has an 'any' type.
src/ai-gateway/lib/initCloudSync.ts(1,33): error TS2307: Cannot find module '@/shared/services/initializeCloudSync' or its corresponding type declarations.
src/ai-gateway/lib/initCloudSync.ts(2,41): error TS2307: Cannot find module '@/shared/services/modelSyncScheduler' or its corresponding type declarations.
src/ai-gateway/lib/localDb.ts(225,65): error TS2307: Cannot find module '@/shared/types/utilization' or its corresponding type declarations.
src/ai-gateway/lib/localHealthCheck.ts(14,34): error TS2307: Cannot find module '@/lib/localDb' or its corresponding type declarations.
src/ai-gateway/lib/memory/__tests__/injection.test.ts(1,40): error TS2307: Cannot find module 'vitest' or its corresponding type declarations.
src/ai-gateway/lib/memory/__tests__/retrieval.test.ts(1,40): error TS2307: Cannot find module 'vitest' or its corresponding type declarations.
src/ai-gateway/lib/memory/settings.ts(1,29): error TS2307: Cannot find module '@/lib/db/settings' or its corresponding type declarations.
src/ai-gateway/lib/modelsDevSync.ts(688,40): error TS2835: Relative import paths need explicit file extensions in ECMAScript imports when '--moduleResolution' is 'node16' or 'nodenext'. Did you mean './localDb.js'?
src/ai-gateway/lib/oauth/config/index.ts(8,33): error TS2307: Cannot find module '@/lib/runtime/ports' or its corresponding type declarations.
src/ai-gateway/lib/oauth/providers.ts(14,51): error TS2345: Argument of type '{ claude: { config: { clientId: string; authorizeUrl: string; tokenUrl: string; redirectUri: string; scopes: string[]; codeChallengeMethod: string; }; flowType: string; buildAuthUrl: (config: any, _redirectUri: any, state: any, codeChallenge: any) => string; exchangeToken: (config: any, code: any, _redirectUri: any,...' is not assignable to parameter of type 'Record<string, ZavorthProviderAuthHandler>'.
  Property 'qoder' is incompatible with index signature.
    Type '{ config: { enabled: boolean; clientId: string; clientSecret: string; authorizeUrl: string; tokenUrl: string; userInfoUrl: string; extraParams: { loginMethod: string; type: string; }; }; flowType: string; buildAuthUrl: (config: any, redirectUri: any, state: any) => string | null; exchangeToken: (config: any, code: a...' is not assignable to type 'ZavorthProviderAuthHandler'.
      The types returned by 'buildAuthUrl(...)' are incompatible between these types.
        Type 'string | null' is not assignable to type 'string'.
          Type 'null' is not assignable to type 'string'.
src/ai-gateway/lib/oauth/providers.ts(19,29): error TS7006: Parameter 'name' implicitly has an 'any' type.
src/ai-gateway/lib/oauth/providers.ts(33,43): error TS7006: Parameter 'name' implicitly has an 'any' type.
src/ai-gateway/lib/oauth/providers.ts(47,34): error TS7006: Parameter 'providerName' implicitly has an 'any' type.
src/ai-gateway/lib/oauth/providers.ts(47,48): error TS7006: Parameter 'redirectUri' implicitly has an 'any' type.
src/ai-gateway/lib/oauth/providers.ts(55,15): error TS2722: Cannot invoke an object which is possibly 'undefined'.
src/ai-gateway/lib/oauth/providers.ts(55,15): error TS18048: 'provider.buildAuthUrl' is possibly 'undefined'.
src/ai-gateway/lib/oauth/providers.ts(57,15): error TS2722: Cannot invoke an object which is possibly 'undefined'.
src/ai-gateway/lib/oauth/providers.ts(57,15): error TS18048: 'provider.buildAuthUrl' is possibly 'undefined'.
src/ai-gateway/lib/oauth/providers.ts(75,38): error TS7006: Parameter 'providerName' implicitly has an 'any' type.
src/ai-gateway/lib/oauth/providers.ts(75,52): error TS7006: Parameter 'code' implicitly has an 'any' type.
src/ai-gateway/lib/oauth/providers.ts(75,58): error TS7006: Parameter 'redirectUri' implicitly has an 'any' type.
src/ai-gateway/lib/oauth/providers.ts(75,71): error TS7006: Parameter 'codeVerifier' implicitly has an 'any' type.
src/ai-gateway/lib/oauth/providers.ts(75,85): error TS7006: Parameter 'state' implicitly has an 'any' type.
src/ai-gateway/lib/oauth/providers.ts(78,24): error TS2722: Cannot invoke an object which is possibly 'undefined'.
src/ai-gateway/lib/oauth/providers.ts(78,24): error TS18048: 'provider.exchangeToken' is possibly 'undefined'.
src/ai-gateway/lib/oauth/providers.ts(97,41): error TS7006: Parameter 'providerName' implicitly has an 'any' type.
src/ai-gateway/lib/oauth/providers.ts(97,55): error TS7006: Parameter 'codeChallenge' implicitly has an 'any' type.
src/ai-gateway/lib/oauth/providers.ts(102,16): error TS2722: Cannot invoke an object which is possibly 'undefined'.
src/ai-gateway/lib/oauth/providers.ts(112,36): error TS7006: Parameter 'providerName' implicitly has an 'any' type.
src/ai-gateway/lib/oauth/providers.ts(112,50): error TS7006: Parameter 'deviceCode' implicitly has an 'any' type.
src/ai-gateway/lib/oauth/providers.ts(112,62): error TS7006: Parameter 'codeVerifier' implicitly has an 'any' type.
src/ai-gateway/lib/oauth/providers.ts(112,76): error TS7006: Parameter 'extraData' implicitly has an 'any' type.
src/ai-gateway/lib/oauth/providers.ts(118,24): error TS2722: Cannot invoke an object which is possibly 'undefined'.
src/ai-gateway/lib/oauth/providers.ts(118,24): error TS18048: 'provider.pollToken' is possibly 'undefined'.
src/ai-gateway/lib/oauth/providers/claude.ts(6,18): error TS7006: Parameter 'config' implicitly has an 'any' type.
src/ai-gateway/lib/oauth/providers/claude.ts(6,26): error TS7006: Parameter '_redirectUri' implicitly has an 'any' type.
src/ai-gateway/lib/oauth/providers/claude.ts(6,40): error TS7006: Parameter 'state' implicitly has an 'any' type.
src/ai-gateway/lib/oauth/providers/claude.ts(6,47): error TS7006: Parameter 'codeChallenge' implicitly has an 'any' type.
src/ai-gateway/lib/oauth/providers/claude.ts(19,25): error TS7006: Parameter 'config' implicitly has an 'any' type.
src/ai-gateway/lib/oauth/providers/claude.ts(19,33): error TS7006: Parameter 'code' implicitly has an 'any' type.
src/ai-gateway/lib/oauth/providers/claude.ts(19,39): error TS7006: Parameter '_redirectUri' implicitly has an 'any' type.
src/ai-gateway/lib/oauth/providers/claude.ts(19,53): error TS7006: Parameter 'codeVerifier' implicitly has an 'any' type.
src/ai-gateway/lib/oauth/providers/claude.ts(19,67): error TS7006: Parameter 'state' implicitly has an 'any' type.
src/ai-gateway/lib/oauth/providers/claude.ts(51,15): error TS7006: Parameter 'tokens' implicitly has an 'any' type.
src/ai-gateway/lib/oauth/providers/cline.ts(6,18): error TS7006: Parameter 'config' implicitly has an 'any' type.
src/ai-gateway/lib/oauth/providers/cline.ts(6,26): error TS7006: Parameter 'redirectUri' implicitly has an 'any' type.
src/ai-gateway/lib/oauth/providers/cline.ts(14,25): error TS7006: Parameter 'config' implicitly has an 'any' type.
src/ai-gateway/lib/oauth/providers/cline.ts(14,33): error TS7006: Parameter 'code' implicitly has an 'any' type.
src/ai-gateway/lib/oauth/providers/cline.ts(14,39): error TS7006: Parameter 'redirectUri' implicitly has an 'any' type.
src/ai-gateway/lib/oauth/providers/cline.ts(72,15): error TS7006: Parameter 'tokens' implicitly has an 'any' type.
src/ai-gateway/lib/oauth/providers/codex.ts(86,18): error TS7006: Parameter 'config' implicitly has an 'any' type.
src/ai-gateway/lib/oauth/providers/codex.ts(86,26): error TS7006: Parameter 'redirectUri' implicitly has an 'any' type.
src/ai-gateway/lib/oauth/providers/codex.ts(86,39): error TS7006: Parameter 'state' implicitly has an 'any' type.
src/ai-gateway/lib/oauth/providers/codex.ts(86,46): error TS7006: Parameter 'codeChallenge' implicitly has an 'any' type.
src/ai-gateway/lib/oauth/providers/codex.ts(103,25): error TS7006: Parameter 'config' implicitly has an 'any' type.
src/ai-gateway/lib/oauth/providers/codex.ts(103,33): error TS7006: Parameter 'code' implicitly has an 'any' type.
src/ai-gateway/lib/oauth/providers/codex.ts(103,39): error TS7006: Parameter 'redirectUri' implicitly has an 'any' type.
src/ai-gateway/lib/oauth/providers/codex.ts(103,52): error TS7006: Parameter 'codeVerifier' implicitly has an 'any' type.
src/ai-gateway/lib/oauth/providers/codex.ts(131,24): error TS7006: Parameter 'tokens' implicitly has an 'any' type.
src/ai-gateway/lib/oauth/providers/codex.ts(140,15): error TS7006: Parameter 'tokens' implicitly has an 'any' type.
src/ai-gateway/lib/oauth/providers/codex.ts(140,23): error TS7006: Parameter 'extra' implicitly has an 'any' type.
src/ai-gateway/lib/oauth/providers/codex.ts(171,43): error TS7006: Parameter 'org' implicitly has an 'any' type.
src/ai-gateway/lib/oauth/providers/cursor.ts(6,15): error TS7006: Parameter 'tokens' implicitly has an 'any' type.
src/ai-gateway/lib/oauth/providers/gemini.ts(6,18): error TS7006: Parameter 'config' implicitly has an 'any' type.
src/ai-gateway/lib/oauth/providers/gemini.ts(6,26): error TS7006: Parameter 'redirectUri' implicitly has an 'any' type.
src/ai-gateway/lib/oauth/providers/gemini.ts(6,39): error TS7006: Parameter 'state' implicitly has an 'any' type.
src/ai-gateway/lib/oauth/providers/gemini.ts(18,25): error TS7006: Parameter 'config' implicitly has an 'any' type.
src/ai-gateway/lib/oauth/providers/gemini.ts(18,33): error TS7006: Parameter 'code' implicitly has an 'any' type.
src/ai-gateway/lib/oauth/providers/gemini.ts(18,39): error TS7006: Parameter 'redirectUri' implicitly has an 'any' type.
src/ai-gateway/lib/oauth/providers/gemini.ts(58,24): error TS7006: Parameter 'tokens' implicitly has an 'any' type.
src/ai-gateway/lib/oauth/providers/gemini.ts(93,15): error TS7006: Parameter 'tokens' implicitly has an 'any' type.
src/ai-gateway/lib/oauth/providers/gemini.ts(93,23): error TS7006: Parameter 'extra' implicitly has an 'any' type.
src/ai-gateway/lib/oauth/providers/github.ts(6,29): error TS7006: Parameter 'config' implicitly has an 'any' type.
src/ai-gateway/lib/oauth/providers/github.ts(26,21): error TS7006: Parameter 'config' implicitly has an 'any' type.
src/ai-gateway/lib/oauth/providers/github.ts(26,29): error TS7006: Parameter 'deviceCode' implicitly has an 'any' type.
src/ai-gateway/lib/oauth/providers/github.ts(53,24): error TS7006: Parameter 'tokens' implicitly has an 'any' type.
src/ai-gateway/lib/oauth/providers/github.ts(76,15): error TS7006: Parameter 'tokens' implicitly has an 'any' type.
src/ai-gateway/lib/oauth/providers/github.ts(76,23): error TS7006: Parameter 'extra' implicitly has an 'any' type.
src/ai-gateway/lib/oauth/providers/kilocode.ts(6,29): error TS7006: Parameter 'config' implicitly has an 'any' type.
src/ai-gateway/lib/oauth/providers/kilocode.ts(32,21): error TS7006: Parameter 'config' implicitly has an 'any' type.
src/ai-gateway/lib/oauth/providers/kilocode.ts(32,29): error TS7006: Parameter 'deviceCode' implicitly has an 'any' type.
src/ai-gateway/lib/oauth/providers/kilocode.ts(71,15): error TS7006: Parameter 'tokens' implicitly has an 'any' type.
src/ai-gateway/lib/oauth/providers/kimi-coding.ts(28,29): error TS7006: Parameter 'config' implicitly has an 'any' type.
src/ai-gateway/lib/oauth/providers/kimi-coding.ts(54,21): error TS7006: Parameter 'config' implicitly has an 'any' type.
src/ai-gateway/lib/oauth/providers/kimi-coding.ts(54,29): error TS7006: Parameter 'deviceCode' implicitly has an 'any' type.
src/ai-gateway/lib/oauth/providers/kimi-coding.ts(78,15): error TS7006: Parameter 'tokens' implicitly has an 'any' type.
src/ai-gateway/lib/oauth/providers/kiro.ts(6,29): error TS7006: Parameter 'config' implicitly has an 'any' type.
src/ai-gateway/lib/oauth/providers/kiro.ts(62,21): error TS7006: Parameter 'config' implicitly has an 'any' type.
src/ai-gateway/lib/oauth/providers/kiro.ts(62,29): error TS7006: Parameter 'deviceCode' implicitly has an 'any' type.
src/ai-gateway/lib/oauth/providers/kiro.ts(62,41): error TS7006: Parameter 'codeVerifier' implicitly has an 'any' type.
src/ai-gateway/lib/oauth/providers/kiro.ts(62,55): error TS7006: Parameter 'extraData' implicitly has an 'any' type.
src/ai-gateway/lib/oauth/providers/kiro.ts(106,15): error TS7006: Parameter 'tokens' implicitly has an 'any' type.
src/ai-gateway/lib/oauth/providers/qoder.ts(6,18): error TS7006: Parameter 'config' implicitly has an 'any' type.
src/ai-gateway/lib/oauth/providers/qoder.ts(6,26): error TS7006: Parameter 'redirectUri' implicitly has an 'any' type.
src/ai-gateway/lib/oauth/providers/qoder.ts(6,39): error TS7006: Parameter 'state' implicitly has an 'any' type.
src/ai-gateway/lib/oauth/providers/qoder.ts(19,25): error TS7006: Parameter 'config' implicitly has an 'any' type.
src/ai-gateway/lib/oauth/providers/qoder.ts(19,33): error TS7006: Parameter 'code' implicitly has an 'any' type.
src/ai-gateway/lib/oauth/providers/qoder.ts(19,39): error TS7006: Parameter 'redirectUri' implicitly has an 'any' type.
src/ai-gateway/lib/oauth/providers/qoder.ts(59,24): error TS7006: Parameter 'tokens' implicitly has an 'any' type.
src/ai-gateway/lib/oauth/providers/qoder.ts(73,15): error TS7006: Parameter 'tokens' implicitly has an 'any' type.
src/ai-gateway/lib/oauth/providers/qoder.ts(73,23): error TS7006: Parameter 'extra' implicitly has an 'any' type.
src/ai-gateway/lib/oauth/providers/qwen.ts(7,29): error TS7006: Parameter 'config' implicitly has an 'any' type.
src/ai-gateway/lib/oauth/providers/qwen.ts(7,37): error TS7006: Parameter 'codeChallenge' implicitly has an 'any' type.
src/ai-gateway/lib/oauth/providers/qwen.ts(29,21): error TS7006: Parameter 'config' implicitly has an 'any' type.
src/ai-gateway/lib/oauth/providers/qwen.ts(29,29): error TS7006: Parameter 'deviceCode' implicitly has an 'any' type.
src/ai-gateway/lib/oauth/providers/qwen.ts(29,41): error TS7006: Parameter 'codeVerifier' implicitly has an 'any' type.
src/ai-gateway/lib/oauth/providers/qwen.ts(49,15): error TS7006: Parameter 'tokens' implicitly has an 'any' type.
src/ai-gateway/lib/oauth/providers/zavorthBridge.ts(8,18): error TS7006: Parameter 'config' implicitly has an 'any' type.
src/ai-gateway/lib/oauth/providers/zavorthBridge.ts(8,26): error TS7006: Parameter 'redirectUri' implicitly has an 'any' type.
src/ai-gateway/lib/oauth/providers/zavorthBridge.ts(8,39): error TS7006: Parameter 'state' implicitly has an 'any' type.
src/ai-gateway/lib/oauth/providers/zavorthBridge.ts(20,25): error TS7006: Parameter 'config' implicitly has an 'any' type.
src/ai-gateway/lib/oauth/providers/zavorthBridge.ts(20,33): error TS7006: Parameter 'code' implicitly has an 'any' type.
src/ai-gateway/lib/oauth/providers/zavorthBridge.ts(20,39): error TS7006: Parameter 'redirectUri' implicitly has an 'any' type.
src/ai-gateway/lib/oauth/providers/zavorthBridge.ts(48,24): error TS7006: Parameter 'tokens' implicitly has an 'any' type.
src/ai-gateway/lib/oauth/providers/zavorthBridge.ts(121,15): error TS7006: Parameter 'tokens' implicitly has an 'any' type.
src/ai-gateway/lib/oauth/providers/zavorthBridge.ts(121,23): error TS7006: Parameter 'extra' implicitly has an 'any' type.
src/ai-gateway/lib/oauth/services/claude.ts(17,22): error TS7006: Parameter 'redirectUri' implicitly has an 'any' type.
src/ai-gateway/lib/oauth/services/claude.ts(17,35): error TS7006: Parameter 'state' implicitly has an 'any' type.
src/ai-gateway/lib/oauth/services/claude.ts(17,42): error TS7006: Parameter 'codeChallenge' implicitly has an 'any' type.
src/ai-gateway/lib/oauth/services/claude.ts(36,28): error TS7006: Parameter 'code' implicitly has an 'any' type.
src/ai-gateway/lib/oauth/services/claude.ts(36,34): error TS7006: Parameter 'redirectUri' implicitly has an 'any' type.
src/ai-gateway/lib/oauth/services/claude.ts(36,47): error TS7006: Parameter 'codeVerifier' implicitly has an 'any' type.
src/ai-gateway/lib/oauth/services/claude.ts(36,61): error TS7006: Parameter 'state' implicitly has an 'any' type.
src/ai-gateway/lib/oauth/services/claude.ts(76,20): error TS7006: Parameter 'tokens' implicitly has an 'any' type.
src/ai-gateway/lib/oauth/services/claude.ts(131,31): error TS18046: 'error' is of type 'unknown'.
src/ai-gateway/lib/oauth/services/codex.ts(20,21): error TS7006: Parameter 'redirectUri' implicitly has an 'any' type.
src/ai-gateway/lib/oauth/services/codex.ts(20,34): error TS7006: Parameter 'state' implicitly has an 'any' type.
src/ai-gateway/lib/oauth/services/codex.ts(20,41): error TS7006: Parameter 'codeChallenge' implicitly has an 'any' type.
src/ai-gateway/lib/oauth/services/codex.ts(43,20): error TS7006: Parameter 'tokens' implicitly has an 'any' type.
src/ai-gateway/lib/oauth/services/codex.ts(80,11): error TS7034: Variable 'callbackParams' implicitly has type 'any' in some locations where its type cannot be determined.
src/ai-gateway/lib/oauth/services/codex.ts(109,15): error TS7005: Variable 'callbackParams' implicitly has an 'any' type.
src/ai-gateway/lib/oauth/services/codex.ts(119,11): error TS18047: 'callbackParams' is possibly 'null'.
src/ai-gateway/lib/oauth/services/codex.ts(120,25): error TS18047: 'callbackParams' is possibly 'null'.
src/ai-gateway/lib/oauth/services/codex.ts(120,61): error TS18047: 'callbackParams' is possibly 'null'.
src/ai-gateway/lib/oauth/services/codex.ts(123,12): error TS18047: 'callbackParams' is possibly 'null'.
src/ai-gateway/lib/oauth/services/codex.ts(131,9): error TS18047: 'callbackParams' is possibly 'null'.
src/ai-gateway/lib/oauth/services/codex.ts(145,31): error TS18046: 'error' is of type 'unknown'.
src/ai-gateway/lib/oauth/services/github.ts(41,25): error TS7006: Parameter 'deviceCode' implicitly has an 'any' type.
src/ai-gateway/lib/oauth/services/github.ts(41,37): error TS7006: Parameter 'verificationUri' implicitly has an 'any' type.
src/ai-gateway/lib/oauth/services/github.ts(41,54): error TS7006: Parameter 'userCode' implicitly has an 'any' type.
src/ai-gateway/lib/oauth/services/github.ts(105,25): error TS7006: Parameter 'accessToken' implicitly has an 'any' type.
src/ai-gateway/lib/oauth/services/github.ts(126,21): error TS7006: Parameter 'accessToken' implicitly has an 'any' type.
src/ai-gateway/lib/oauth/services/github.ts(181,56): error TS18046: 'error' is of type 'unknown'.
src/ai-gateway/lib/oauth/services/github.ts(194,54): error TS2835: Relative import paths need explicit file extensions in ECMAScript imports when '--moduleResolution' is 'node16' or 'nodenext'. Did you mean '../config/index.js'?
src/ai-gateway/lib/oauth/services/github.ts(197,37): error TS2835: Relative import paths need explicit file extensions in ECMAScript imports when '--moduleResolution' is 'node16' or 'nodenext'. Did you mean '../utils/ui.js'?
src/ai-gateway/lib/oauth/services/github.ts(222,49): error TS2835: Relative import paths need explicit file extensions in ECMAScript imports when '--moduleResolution' is 'node16' or 'nodenext'. Did you mean '../utils/ui.js'?
src/ai-gateway/lib/oauth/services/github.ts(223,46): error TS18046: 'error' is of type 'unknown'.
src/ai-gateway/lib/oauth/services/openai.ts(18,22): error TS7006: Parameter 'redirectUri' implicitly has an 'any' type.
src/ai-gateway/lib/oauth/services/openai.ts(18,35): error TS7006: Parameter 'state' implicitly has an 'any' type.
src/ai-gateway/lib/oauth/services/openai.ts(18,42): error TS7006: Parameter 'codeChallenge' implicitly has an 'any' type.
src/ai-gateway/lib/oauth/services/openai.ts(36,28): error TS7006: Parameter 'code' implicitly has an 'any' type.
src/ai-gateway/lib/oauth/services/openai.ts(36,34): error TS7006: Parameter 'redirectUri' implicitly has an 'any' type.
src/ai-gateway/lib/oauth/services/openai.ts(36,47): error TS7006: Parameter 'codeVerifier' implicitly has an 'any' type.
src/ai-gateway/lib/oauth/services/openai.ts(63,20): error TS7006: Parameter 'tokens' implicitly has an 'any' type.
src/ai-gateway/lib/oauth/services/openai.ts(118,31): error TS18046: 'error' is of type 'unknown'.
src/ai-gateway/lib/oauth/utils/codexAuthFile.ts(3,43): error TS2307: Cannot find module '@/lib/localDb' or its corresponding type declarations.
src/ai-gateway/lib/oauth/utils/codexAuthFile.ts(4,30): error TS2307: Cannot find module '@/shared/services/backupService' or its corresponding type declarations.
src/ai-gateway/lib/oauth/utils/codexAuthFile.ts(5,35): error TS2307: Cannot find module '@/shared/services/cliRuntime' or its corresponding type declarations.
src/ai-gateway/lib/oauth/utils/codexAuthFile.ts(10,8): error TS2307: Cannot find module '@/sse/services/tokenRefresh' or its corresponding type declarations.
src/ai-gateway/lib/oauth/utils/pkce.ts(13,39): error TS7006: Parameter 'verifier' implicitly has an 'any' type.
src/ai-gateway/lib/oauth/utils/ui.ts(8,25): error TS7006: Parameter 'message' implicitly has an 'any' type.
src/ai-gateway/lib/oauth/utils/ui.ts(12,23): error TS7006: Parameter 'message' implicitly has an 'any' type.
src/ai-gateway/lib/oauth/utils/ui.ts(16,22): error TS7006: Parameter 'message' implicitly has an 'any' type.
src/ai-gateway/lib/oauth/utils/ui.ts(20,22): error TS7006: Parameter 'message' implicitly has an 'any' type.
src/ai-gateway/lib/oauth/utils/ui.ts(24,22): error TS7006: Parameter 'message' implicitly has an 'any' type.
src/ai-gateway/lib/oauth/utils/ui.ts(28,25): error TS7006: Parameter 'text' implicitly has an 'any' type.
src/ai-gateway/lib/oauth/utils/ui.ts(32,30): error TS7006: Parameter 'title' implicitly has an 'any' type.
src/ai-gateway/lib/oauth/utils/ui.ts(36,31): error TS7006: Parameter 'key' implicitly has an 'any' type.
src/ai-gateway/lib/oauth/utils/ui.ts(36,36): error TS7006: Parameter 'value' implicitly has an 'any' type.
src/ai-gateway/lib/oauth/utils/ui.ts(41,27): error TS7006: Parameter 'items' implicitly has an 'any' type.
src/ai-gateway/lib/oauth/utils/ui.ts(44,18): error TS7006: Parameter 'item' implicitly has an 'any' type.
src/ai-gateway/lib/providerModels/managedAvailableModels.ts(6,8): error TS2307: Cannot find module '@/lib/localDb' or its corresponding type declarations.
src/ai-gateway/lib/providerModels/managedAvailableModels.ts(11,8): error TS2307: Cannot find module '@/shared/constants/providers' or its corresponding type declarations.
src/ai-gateway/lib/providerModels/managedAvailableModels.ts(12,42): error TS2307: Cannot find module '@/shared/utils/providerModelAliases' or its corresponding type declarations.
src/ai-gateway/lib/providers/managedAvailableModels.ts(1,39): error TS2307: Cannot find module '@/shared/constants/models' or its corresponding type declarations.
src/ai-gateway/lib/providers/managedAvailableModels.ts(2,48): error TS2307: Cannot find module '@/shared/constants/providers' or its corresponding type declarations.
src/ai-gateway/lib/providers/validation.ts(1,54): error TS5097: An import path can only end with a '.ts' extension when 'allowImportingTsExtensions' is enabled.
src/ai-gateway/lib/providers/validation.ts(2,40): error TS5097: An import path can only end with a '.ts' extension when 'allowImportingTsExtensions' is enabled.
src/ai-gateway/lib/providers/validation/anthropicLike.ts(1,36): error TS2307: Cannot find module '@ZavorthGateway/open-sse/services/claudeCodeCompatible.ts' or its corresponding type declarations.
src/ai-gateway/lib/providers/validation/anthropicLike.ts(2,55): error TS5097: An import path can only end with a '.ts' extension when 'allowImportingTsExtensions' is enabled.
src/ai-gateway/lib/providers/validation/anthropicLike.ts(3,38): error TS5097: An import path can only end with a '.ts' extension when 'allowImportingTsExtensions' is enabled.
src/ai-gateway/lib/providers/validation/anthropicLike.ts(8,8): error TS5097: An import path can only end with a '.ts' extension when 'allowImportingTsExtensions' is enabled.
src/ai-gateway/lib/providers/validation/anthropicLike.ts(9,43): error TS5097: An import path can only end with a '.ts' extension when 'allowImportingTsExtensions' is enabled.
src/ai-gateway/lib/providers/validation/claudeCodeCompatible.ts(7,8): error TS2307: Cannot find module '@ZavorthGateway/open-sse/services/claudeCodeCompatible.ts' or its corresponding type declarations.
src/ai-gateway/lib/providers/validation/claudeCodeCompatible.ts(8,55): error TS5097: An import path can only end with a '.ts' extension when 'allowImportingTsExtensions' is enabled.
src/ai-gateway/lib/providers/validation/claudeCodeCompatible.ts(9,38): error TS5097: An import path can only end with a '.ts' extension when 'allowImportingTsExtensions' is enabled.
src/ai-gateway/lib/providers/validation/claudeCodeCompatible.ts(14,8): error TS5097: An import path can only end with a '.ts' extension when 'allowImportingTsExtensions' is enabled.
src/ai-gateway/lib/providers/validation/claudeCodeCompatible.ts(15,54): error TS5097: An import path can only end with a '.ts' extension when 'allowImportingTsExtensions' is enabled.
src/ai-gateway/lib/providers/validation/geminiLike.ts(1,55): error TS5097: An import path can only end with a '.ts' extension when 'allowImportingTsExtensions' is enabled.
src/ai-gateway/lib/providers/validation/geminiLike.ts(2,38): error TS5097: An import path can only end with a '.ts' extension when 'allowImportingTsExtensions' is enabled.
src/ai-gateway/lib/providers/validation/geminiLike.ts(3,86): error TS5097: An import path can only end with a '.ts' extension when 'allowImportingTsExtensions' is enabled.
src/ai-gateway/lib/providers/validation/index.ts(1,54): error TS5097: An import path can only end with a '.ts' extension when 'allowImportingTsExtensions' is enabled.
src/ai-gateway/lib/providers/validation/index.ts(2,40): error TS5097: An import path can only end with a '.ts' extension when 'allowImportingTsExtensions' is enabled.
src/ai-gateway/lib/providers/validation/openaiLike.ts(1,53): error TS5097: An import path can only end with a '.ts' extension when 'allowImportingTsExtensions' is enabled.
src/ai-gateway/lib/providers/validation/openaiLike.ts(2,55): error TS5097: An import path can only end with a '.ts' extension when 'allowImportingTsExtensions' is enabled.
src/ai-gateway/lib/providers/validation/openaiLike.ts(8,8): error TS5097: An import path can only end with a '.ts' extension when 'allowImportingTsExtensions' is enabled.
src/ai-gateway/lib/providers/validation/openaiLike.ts(9,32): error TS5097: An import path can only end with a '.ts' extension when 'allowImportingTsExtensions' is enabled.
src/ai-gateway/lib/providers/validation/providerValidation.ts(1,34): error TS2307: Cannot find module '@ZavorthGateway/open-sse/config/providerRegistry.ts' or its corresponding type declarations.
src/ai-gateway/lib/providers/validation/providerValidation.ts(2,43): error TS5097: An import path can only end with a '.ts' extension when 'allowImportingTsExtensions' is enabled.
src/ai-gateway/lib/providers/validation/providerValidation.ts(3,107): error TS2307: Cannot find module '@/shared/constants/providers' or its corresponding type declarations.
src/ai-gateway/lib/providers/validation/providerValidation.ts(4,47): error TS5097: An import path can only end with a '.ts' extension when 'allowImportingTsExtensions' is enabled.
src/ai-gateway/lib/providers/validation/providerValidation.ts(5,54): error TS5097: An import path can only end with a '.ts' extension when 'allowImportingTsExtensions' is enabled.
src/ai-gateway/lib/providers/validation/providerValidation.ts(6,74): error TS5097: An import path can only end with a '.ts' extension when 'allowImportingTsExtensions' is enabled.
src/ai-gateway/lib/providers/validation/providerValidation.ts(7,44): error TS5097: An import path can only end with a '.ts' extension when 'allowImportingTsExtensions' is enabled.
src/ai-gateway/lib/providers/validation/providerValidation.ts(8,44): error TS5097: An import path can only end with a '.ts' extension when 'allowImportingTsExtensions' is enabled.
src/ai-gateway/lib/providers/validation/providerValidation.ts(9,54): error TS5097: An import path can only end with a '.ts' extension when 'allowImportingTsExtensions' is enabled.
src/ai-gateway/lib/providers/validation/providerValidation.ts(10,34): error TS5097: An import path can only end with a '.ts' extension when 'allowImportingTsExtensions' is enabled.
src/ai-gateway/lib/providers/validation/providerValidation.ts(11,35): error TS5097: An import path can only end with a '.ts' extension when 'allowImportingTsExtensions' is enabled.
src/ai-gateway/lib/providers/validation/registeredOpenaiLike.ts(1,36): error TS5097: An import path can only end with a '.ts' extension when 'allowImportingTsExtensions' is enabled.
src/ai-gateway/lib/providers/validation/registeredOpenaiLike.ts(2,55): error TS5097: An import path can only end with a '.ts' extension when 'allowImportingTsExtensions' is enabled.
src/ai-gateway/lib/providers/validation/registeredOpenaiLike.ts(8,8): error TS5097: An import path can only end with a '.ts' extension when 'allowImportingTsExtensions' is enabled.
src/ai-gateway/lib/providers/validation/validationFamilies.ts(1,44): error TS2307: Cannot find module '@/shared/constants/providers' or its corresponding type declarations.
src/ai-gateway/lib/providers/validation/validationFamilies.ts(5,8): error TS2307: Cannot find module '@ZavorthGateway/open-sse/services/claudeCodeCompatible.ts' or its corresponding type declarations.
src/ai-gateway/lib/providers/validation/validationFamilies.ts(6,34): error TS5097: An import path can only end with a '.ts' extension when 'allowImportingTsExtensions' is enabled.
src/ai-gateway/lib/providers/validationSpecialtyProviders.ts(1,37): error TS2307: Cannot find module '@ZavorthGateway/open-sse/services/qoderCli.ts' or its corresponding type declarations.
src/ai-gateway/lib/providers/validationSpecialtyProviders.ts(7,8): error TS5097: An import path can only end with a '.ts' extension when 'allowImportingTsExtensions' is enabled.
src/ai-gateway/lib/providers/validationSpecialtyProviders.ts(8,55): error TS5097: An import path can only end with a '.ts' extension when 'allowImportingTsExtensions' is enabled.
src/ai-gateway/lib/semanticCache.ts(98,35): error TS7006: Parameter 'model' implicitly has an 'any' type.
src/ai-gateway/lib/semanticCache.ts(98,42): error TS7006: Parameter 'messages' implicitly has an 'any' type.
src/ai-gateway/lib/semanticCache.ts(112,28): error TS7006: Parameter 'messages' implicitly has an 'any' type.
src/ai-gateway/lib/semanticCache.ts(128,35): error TS7006: Parameter 'signature' implicitly has an 'any' type.
src/ai-gateway/lib/semanticCache.ts(185,35): error TS7006: Parameter 'signature' implicitly has an 'any' type.
src/ai-gateway/lib/semanticCache.ts(185,46): error TS7006: Parameter 'model' implicitly has an 'any' type.
src/ai-gateway/lib/semanticCache.ts(185,53): error TS7006: Parameter 'response' implicitly has an 'any' type.
src/ai-gateway/lib/semanticCache.ts(364,29): error TS7006: Parameter 'body' implicitly has an 'any' type.
src/ai-gateway/lib/semanticCache.ts(364,35): error TS7006: Parameter 'headers' implicitly has an 'any' type.
src/ai-gateway/lib/settingsCache.ts(11,29): error TS2307: Cannot find module '@/lib/localDb' or its corresponding type declarations.
src/ai-gateway/lib/settingsCache.ts(41,77): error TS18046: 'err' is of type 'unknown'.
src/ai-gateway/lib/settingsCache.ts(60,37): error TS7006: Parameter 'ms' implicitly has an 'any' type.
src/ai-gateway/lib/skills/__tests__/integration.test.ts(1,54): error TS2307: Cannot find module 'vitest' or its corresponding type declarations.
src/ai-gateway/lib/tokenHealthCheck.ts(18,8): error TS2307: Cannot find module '@/lib/localDb' or its corresponding type declarations.
src/ai-gateway/lib/tokenHealthCheck.ts(23,8): error TS2307: Cannot find module '@ZavorthGateway/open-sse/services/tokenRefresh.ts' or its corresponding type declarations.
src/ai-gateway/lib/tokenHealthCheck.ts(24,40): error TS2307: Cannot find module '@/shared/utils/maskEmail' or its corresponding type declarations.
src/ai-gateway/lib/tokenHealthCheck.ts(194,75): error TS18046: 'err' is of type 'unknown'.
src/ai-gateway/lib/tokenHealthCheck.ts(198,44): error TS18046: 'err' is of type 'unknown'.
src/ai-gateway/lib/tokenHealthCheck.ts(205,32): error TS7006: Parameter 'conn' implicitly has an 'any' type.
src/ai-gateway/lib/tokenHealthCheck.ts(263,14): error TS7006: Parameter 'tag' implicitly has an 'any' type.
src/ai-gateway/lib/tokenHealthCheck.ts(263,19): error TS7006: Parameter 'msg' implicitly has an 'any' type.
src/ai-gateway/lib/tokenHealthCheck.ts(266,14): error TS7006: Parameter 'tag' implicitly has an 'any' type.
src/ai-gateway/lib/tokenHealthCheck.ts(266,19): error TS7006: Parameter 'msg' implicitly has an 'any' type.
src/ai-gateway/lib/tokenHealthCheck.ts(269,15): error TS7006: Parameter 'tag' implicitly has an 'any' type.
src/ai-gateway/lib/tokenHealthCheck.ts(269,20): error TS7006: Parameter 'msg' implicitly has an 'any' type.
src/ai-gateway/lib/tokenHealthCheck.ts(269,25): error TS7006: Parameter 'extra' implicitly has an 'any' type.
src/ai-gateway/lib/translatorEvents.ts(5,19): error TS7017: Element implicitly has an 'any' type because type 'typeof globalThis' has no index signature.
src/ai-gateway/lib/translatorEvents.ts(6,16): error TS7017: Element implicitly has an 'any' type because type 'typeof globalThis' has no index signature.
src/ai-gateway/lib/translatorEvents.ts(8,21): error TS7017: Element implicitly has an 'any' type because type 'typeof globalThis' has no index signature.
src/ai-gateway/lib/translatorEvents.ts(11,37): error TS7006: Parameter 'event' implicitly has an 'any' type.
src/ai-gateway/lib/usage/callLogs.ts(12,46): error TS2307: Cannot find module '@ZavorthGateway/open-sse/utils/requestLogger.ts' or its corresponding type declarations.
src/ai-gateway/lib/usage/callLogs.ts(31,40): error TS2307: Cannot find module '@/shared/utils/maskEmail' or its corresponding type declarations.
src/ai-gateway/lib/usage/callLogs.ts(159,53): error TS2307: Cannot find module '@/lib/localDb' or its corresponding type declarations.
src/ai-gateway/lib/usage/callLogs.ts(161,36): error TS7006: Parameter 'item' implicitly has an 'any' type.
src/ai-gateway/lib/usage/costCalculator.ts(21,36): error TS7006: Parameter 'model' implicitly has an 'any' type.
src/ai-gateway/lib/usage/costCalculator.ts(79,37): error TS7006: Parameter 'provider' implicitly has an 'any' type.
src/ai-gateway/lib/usage/costCalculator.ts(79,47): error TS7006: Parameter 'model' implicitly has an 'any' type.
src/ai-gateway/lib/usage/costCalculator.ts(79,54): error TS7006: Parameter 'tokens' implicitly has an 'any' type.
src/ai-gateway/lib/usage/costCalculator.ts(83,49): error TS2307: Cannot find module '@/lib/localDb' or its corresponding type declarations.
src/ai-gateway/lib/usage/fetcher.ts(5,69): error TS2307: Cannot find module '@/lib/oauth/constants/oauth' or its corresponding type declarations.
src/ai-gateway/lib/usage/fetcher.ts(12,43): error TS7006: Parameter 'connection' implicitly has an 'any' type.
src/ai-gateway/lib/usage/fetcher.ts(23,35): error TS2554: Expected 0 arguments, but got 1.
src/ai-gateway/lib/usage/fetcher.ts(40,31): error TS7006: Parameter 'accessToken' implicitly has an 'any' type.
src/ai-gateway/lib/usage/fetcher.ts(40,44): error TS7006: Parameter 'providerSpecificData' implicitly has an 'any' type.
src/ai-gateway/lib/usage/fetcher.ts(102,54): error TS18046: 'error' is of type 'unknown'.
src/ai-gateway/lib/usage/fetcher.ts(106,36): error TS7006: Parameter 'quota' implicitly has an 'any' type.
src/ai-gateway/lib/usage/fetcher.ts(120,31): error TS7006: Parameter 'accessToken' implicitly has an 'any' type.
src/ai-gateway/lib/usage/fetcher.ts(150,38): error TS7006: Parameter 'accessToken' implicitly has an 'any' type.
src/ai-gateway/lib/usage/fetcher.ts(179,30): error TS7006: Parameter 'accessToken' implicitly has an 'any' type.
src/ai-gateway/lib/usage/fetcher.ts(197,29): error TS7006: Parameter 'accessToken' implicitly has an 'any' type.
src/ai-gateway/lib/usage/fetcher.ts(197,42): error TS7006: Parameter 'providerSpecificData' implicitly has an 'any' type.
src/ai-gateway/lib/usage/fetcher.ts(214,30): error TS7006: Parameter 'accessToken' implicitly has an 'any' type.
src/ai-gateway/lib/usage/migrations.ts(12,25): error TS7016: Could not find a declaration file for module 'yazl'. 'C:/TESTES DEV/1_PROJETOS_ATIVOS/Zavorth/node_modules/yazl/index.js' implicitly has an 'any' type.
  Try `npm i --save-dev @types/yazl` if it exists or add a new declaration (.d.ts) file containing `declare module 'yazl';`
src/ai-gateway/lib/usage/migrations.ts(351,5): error TS1309: The current file is a CommonJS module and cannot use 'await' at the top level.
src/ai-gateway/lib/usage/providerLimits.ts(12,8): error TS2307: Cannot find module '@/lib/localDb' or its corresponding type declarations.
src/ai-gateway/lib/usage/providerLimits.ts(13,29): error TS2307: Cannot find module '@/lib/cloudSync' or its corresponding type declarations.
src/ai-gateway/lib/usage/providerLimits.ts(14,31): error TS2307: Cannot find module '@/domain/quotaCache' or its corresponding type declarations.
src/ai-gateway/lib/usage/providerLimits.ts(15,30): error TS2307: Cannot find module '@/shared/utils/machine' or its corresponding type declarations.
src/ai-gateway/lib/usage/providerLimits.ts(16,43): error TS2307: Cannot find module '@/shared/constants/providers' or its corresponding type declarations.
src/ai-gateway/lib/usage/providerLimits.ts(17,29): error TS2307: Cannot find module '@ZavorthGateway/open-sse/executors/index.ts' or its corresponding type declarations.
src/ai-gateway/lib/usage/providerLimits.ts(18,37): error TS2307: Cannot find module '@ZavorthGateway/open-sse/services/usage.ts' or its corresponding type declarations.
src/ai-gateway/lib/usage/providerLimits.ts(19,37): error TS2307: Cannot find module '@ZavorthGateway/open-sse/utils/proxyFetch.ts' or its corresponding type declarations.
src/ai-gateway/lib/usage/usageStats.ts(12,39): error TS2307: Cannot find module '@/lib/display/names' or its corresponding type declarations.
src/ai-gateway/lib/usage/usageStats.ts(41,51): error TS2307: Cannot find module '@/lib/localDb' or its corresponding type declarations.
src/ai-gateway/lib/usage/usageStats.ts(80,35): error TS2345: Argument of type '{ model: string; provider: string; account: any; count: number; }' is not assignable to parameter of type 'never'.
src/ai-gateway/lib/usage/usageStats.ts(98,5): error TS7053: Element implicitly has an 'any' type because expression of type 'number' can't be used to index type '{}'.
  No index signature with a parameter of type 'number' was found on type '{}'.
src/ai-gateway/lib/usage/usageStats.ts(99,30): error TS2345: Argument of type 'any' is not assignable to parameter of type 'never'.
src/ai-gateway/lib/usage/usageStats.ts(99,30): error TS7053: Element implicitly has an 'any' type because expression of type 'number' can't be used to index type '{}'.
  No index signature with a parameter of type 'number' was found on type '{}'.
src/ai-gateway/lib/usage/usageStats.ts(133,11): error TS7053: Element implicitly has an 'any' type because expression of type 'number' can't be used to index type '{}'.
  No index signature with a parameter of type 'number' was found on type '{}'.
src/ai-gateway/lib/usage/usageStats.ts(134,9): error TS7053: Element implicitly has an 'any' type because expression of type 'number' can't be used to index type '{}'.
  No index signature with a parameter of type 'number' was found on type '{}'.
src/ai-gateway/lib/usage/usageStats.ts(135,9): error TS7053: Element implicitly has an 'any' type because expression of type 'number' can't be used to index type '{}'.
  No index signature with a parameter of type 'number' was found on type '{}'.
src/ai-gateway/lib/usage/usageStats.ts(136,9): error TS7053: Element implicitly has an 'any' type because expression of type 'number' can't be used to index type '{}'.
  No index signature with a parameter of type 'number' was found on type '{}'.
src/ai-gateway/lib/usage/usageStats.ts(137,9): error TS7053: Element implicitly has an 'any' type because expression of type 'number' can't be used to index type '{}'.
  No index signature with a parameter of type 'number' was found on type '{}'.
src/ai-gateway/lib/usage/usageStats.ts(142,10): error TS7053: Element implicitly has an 'any' type because expression of type 'string' can't be used to index type '{}'.
  No index signature with a parameter of type 'string' was found on type '{}'.
src/ai-gateway/lib/usage/usageStats.ts(143,7): error TS7053: Element implicitly has an 'any' type because expression of type 'string' can't be used to index type '{}'.
  No index signature with a parameter of type 'string' was found on type '{}'.
src/ai-gateway/lib/usage/usageStats.ts(150,5): error TS7053: Element implicitly has an 'any' type because expression of type 'string' can't be used to index type '{}'.
  No index signature with a parameter of type 'string' was found on type '{}'.
src/ai-gateway/lib/usage/usageStats.ts(151,5): error TS7053: Element implicitly has an 'any' type because expression of type 'string' can't be used to index type '{}'.
  No index signature with a parameter of type 'string' was found on type '{}'.
src/ai-gateway/lib/usage/usageStats.ts(152,5): error TS7053: Element implicitly has an 'any' type because expression of type 'string' can't be used to index type '{}'.
  No index signature with a parameter of type 'string' was found on type '{}'.
src/ai-gateway/lib/usage/usageStats.ts(153,5): error TS7053: Element implicitly has an 'any' type because expression of type 'string' can't be used to index type '{}'.
  No index signature with a parameter of type 'string' was found on type '{}'.
src/ai-gateway/lib/usage/usageStats.ts(157,10): error TS7053: Element implicitly has an 'any' type because expression of type 'string' can't be used to index type '{}'.
  No index signature with a parameter of type 'string' was found on type '{}'.
src/ai-gateway/lib/usage/usageStats.ts(158,7): error TS7053: Element implicitly has an 'any' type because expression of type 'string' can't be used to index type '{}'.
  No index signature with a parameter of type 'string' was found on type '{}'.
src/ai-gateway/lib/usage/usageStats.ts(168,5): error TS7053: Element implicitly has an 'any' type because expression of type 'string' can't be used to index type '{}'.
  No index signature with a parameter of type 'string' was found on type '{}'.
src/ai-gateway/lib/usage/usageStats.ts(169,5): error TS7053: Element implicitly has an 'any' type because expression of type 'string' can't be used to index type '{}'.
  No index signature with a parameter of type 'string' was found on type '{}'.
src/ai-gateway/lib/usage/usageStats.ts(170,5): error TS7053: Element implicitly has an 'any' type because expression of type 'string' can't be used to index type '{}'.
  No index signature with a parameter of type 'string' was found on type '{}'.
src/ai-gateway/lib/usage/usageStats.ts(171,5): error TS7053: Element implicitly has an 'any' type because expression of type 'string' can't be used to index type '{}'.
  No index signature with a parameter of type 'string' was found on type '{}'.
src/ai-gateway/lib/usage/usageStats.ts(172,40): error TS7053: Element implicitly has an 'any' type because expression of type 'string' can't be used to index type '{}'.
  No index signature with a parameter of type 'string' was found on type '{}'.
src/ai-gateway/lib/usage/usageStats.ts(173,7): error TS7053: Element implicitly has an 'any' type because expression of type 'string' can't be used to index type '{}'.
  No index signature with a parameter of type 'string' was found on type '{}'.
src/ai-gateway/lib/usage/usageStats.ts(181,12): error TS7053: Element implicitly has an 'any' type because expression of type 'string' can't be used to index type '{}'.
  No index signature with a parameter of type 'string' was found on type '{}'.
src/ai-gateway/lib/usage/usageStats.ts(182,9): error TS7053: Element implicitly has an 'any' type because expression of type 'string' can't be used to index type '{}'.
  No index signature with a parameter of type 'string' was found on type '{}'.
src/ai-gateway/lib/usage/usageStats.ts(194,7): error TS7053: Element implicitly has an 'any' type because expression of type 'string' can't be used to index type '{}'.
  No index signature with a parameter of type 'string' was found on type '{}'.
src/ai-gateway/lib/usage/usageStats.ts(195,7): error TS7053: Element implicitly has an 'any' type because expression of type 'string' can't be used to index type '{}'.
  No index signature with a parameter of type 'string' was found on type '{}'.
src/ai-gateway/lib/usage/usageStats.ts(196,7): error TS7053: Element implicitly has an 'any' type because expression of type 'string' can't be used to index type '{}'.
  No index signature with a parameter of type 'string' was found on type '{}'.
src/ai-gateway/lib/usage/usageStats.ts(197,7): error TS7053: Element implicitly has an 'any' type because expression of type 'string' can't be used to index type '{}'.
  No index signature with a parameter of type 'string' was found on type '{}'.
src/ai-gateway/lib/usage/usageStats.ts(198,42): error TS7053: Element implicitly has an 'any' type because expression of type 'string' can't be used to index type '{}'.
  No index signature with a parameter of type 'string' was found on type '{}'.
src/ai-gateway/lib/usage/usageStats.ts(199,9): error TS7053: Element implicitly has an 'any' type because expression of type 'string' can't be used to index type '{}'.
  No index signature with a parameter of type 'string' was found on type '{}'.
src/ai-gateway/lib/usage/usageStats.ts(208,12): error TS7053: Element implicitly has an 'any' type because expression of type 'string' can't be used to index type '{}'.
  No index signature with a parameter of type 'string' was found on type '{}'.
src/ai-gateway/lib/usage/usageStats.ts(209,9): error TS7053: Element implicitly has an 'any' type because expression of type 'string' can't be used to index type '{}'.
  No index signature with a parameter of type 'string' was found on type '{}'.
src/ai-gateway/lib/usage/usageStats.ts(219,7): error TS7053: Element implicitly has an 'any' type because expression of type 'string' can't be used to index type '{}'.
  No index signature with a parameter of type 'string' was found on type '{}'.
src/ai-gateway/lib/usage/usageStats.ts(220,7): error TS7053: Element implicitly has an 'any' type because expression of type 'string' can't be used to index type '{}'.
  No index signature with a parameter of type 'string' was found on type '{}'.
src/ai-gateway/lib/usage/usageStats.ts(221,7): error TS7053: Element implicitly has an 'any' type because expression of type 'string' can't be used to index type '{}'.
  No index signature with a parameter of type 'string' was found on type '{}'.
src/ai-gateway/lib/usage/usageStats.ts(222,7): error TS7053: Element implicitly has an 'any' type because expression of type 'string' can't be used to index type '{}'.
  No index signature with a parameter of type 'string' was found on type '{}'.
src/ai-gateway/lib/usage/usageStats.ts(223,42): error TS7053: Element implicitly has an 'any' type because expression of type 'string' can't be used to index type '{}'.
  No index signature with a parameter of type 'string' was found on type '{}'.
src/ai-gateway/lib/usage/usageStats.ts(224,9): error TS7053: Element implicitly has an 'any' type because expression of type 'string' can't be used to index type '{}'.
  No index signature with a parameter of type 'string' was found on type '{}'.
src/ai-gateway/lib/usageAnalytics.ts(11,8): error TS2307: Cannot find module '@/lib/usage/costCalculator' or its corresponding type declarations.
src/ai-gateway/lib/usageAnalytics.ts(136,47): error TS2307: Cannot find module '@/lib/localDb' or its corresponding type declarations.
src/ai-gateway/lib/usageAnalytics.ts(286,7): error TS7053: Element implicitly has an 'any' type because expression of type 'string' can't be used to index type '{ date: any; }'.
  No index signature with a parameter of type 'string' was found on type '{ date: any; }'.
src/ai-gateway/lib/versionManager/binaryManager.ts(10,51): error TS5097: An import path can only end with a '.ts' extension when 'allowImportingTsExtensions' is enabled.
src/ai-gateway/lib/versionManager/binaryManager.ts(68,23): error TS2345: Argument of type '(data: Buffer) => crypto.Hash' is not assignable to parameter of type '(chunk: string | Buffer<ArrayBufferLike>) => void'.
  Types of parameters 'data' and 'chunk' are incompatible.
    Type 'string | Buffer<ArrayBufferLike>' is not assignable to type 'Buffer<ArrayBufferLike>'.
      Type 'string' is not assignable to type 'Buffer<ArrayBufferLike>'.
src/ai-gateway/lib/versionManager/healthMonitor.ts(1,34): error TS2307: Cannot find module '@/lib/db/versionManager' or its corresponding type declarations.
src/ai-gateway/lib/versionManager/index.ts(8,8): error TS2307: Cannot find module '@/lib/db/versionManager' or its corresponding type declarations.
src/ai-gateway/lib/versionManager/index.ts(9,67): error TS5097: An import path can only end with a '.ts' extension when 'allowImportingTsExtensions' is enabled.
src/ai-gateway/lib/versionManager/index.ts(10,71): error TS5097: An import path can only end with a '.ts' extension when 'allowImportingTsExtensions' is enabled.
src/ai-gateway/lib/versionManager/index.ts(11,77): error TS5097: An import path can only end with a '.ts' extension when 'allowImportingTsExtensions' is enabled.
src/ai-gateway/lib/versionManager/index.ts(12,76): error TS5097: An import path can only end with a '.ts' extension when 'allowImportingTsExtensions' is enabled.
src/ai-gateway/lib/versionManager/index.ts(14,64): error TS2307: Cannot find module '@/lib/db/versionManager' or its corresponding type declarations.
src/ai-gateway/lib/versionManager/processManager.ts(6,54): error TS2307: Cannot find module '@/lib/db/versionManager' or its corresponding type declarations.
src/ai-gateway/lib/versionManager/processManager.ts(67,12): error TS2322: Type 'number | undefined' is not assignable to type 'number'.
  Type 'undefined' is not assignable to type 'number'.
src/ai-gateway/lib/webhookDispatcher.ts(7,47): error TS5097: An import path can only end with a '.ts' extension when 'allowImportingTsExtensions' is enabled.
src/ai-gateway/lib/webhookDispatcher.ts(133,18): error TS2835: Relative import paths need explicit file extensions in ECMAScript imports when '--moduleResolution' is 'node16' or 'nodenext'. Did you mean './db/webhooks.js'?
src/ai-gateway/lib/webhookDispatcher.ts(143,14): error TS7006: Parameter 'wh' implicitly has an 'any' type.
src/ai-gateway/lib/webhookDispatcher.ts(147,17): error TS7006: Parameter 'wh' implicitly has an 'any' type.
src/ai-gateway/lib/zed-oauth/keychain-reader.ts(25,31): error TS2307: Cannot find module 'keytar' or its corresponding type declarations.
src/ai-gateway/middleware/promptInjectionGuard.ts(125,32): error TS7006: Parameter 'd' implicitly has an 'any' type.
src/ai-gateway/middleware/promptInjectionGuard.ts(145,44): error TS7006: Parameter 'd' implicitly has an 'any' type.
src/ai-gateway/middleware/promptInjectionGuard.ts(154,46): error TS7006: Parameter 'd' implicitly has an 'any' type.
src/ai-gateway/mitm/cert/generate.ts(3,32): error TS2307: Cannot find module '@/lib/dataPaths' or its corresponding type declarations.
src/ai-gateway/mitm/cert/generate.ts(25,48): error TS2307: Cannot find module 'selfsigned' or its corresponding type declarations.
src/ai-gateway/mitm/cert/install.ts(11,29): error TS7006: Parameter 'certPath' implicitly has an 'any' type.
src/ai-gateway/mitm/cert/install.ts(13,10): error TS2531: Object is possibly 'null'.
src/ai-gateway/mitm/cert/install.ts(22,26): error TS7006: Parameter 'file' implicitly has an 'any' type.
src/ai-gateway/mitm/cert/install.ts(22,32): error TS7006: Parameter 'args' implicitly has an 'any' type.
src/ai-gateway/mitm/cert/install.ts(43,39): error TS7006: Parameter 'value' implicitly has an 'any' type.
src/ai-gateway/mitm/cert/install.ts(50,42): error TS7006: Parameter 'certPath' implicitly has an 'any' type.
src/ai-gateway/mitm/cert/install.ts(57,38): error TS7006: Parameter 'certPath' implicitly has an 'any' type.
src/ai-gateway/mitm/cert/install.ts(84,35): error TS7006: Parameter 'sudoPassword' implicitly has an 'any' type.
src/ai-gateway/mitm/cert/install.ts(84,49): error TS7006: Parameter 'certPath' implicitly has an 'any' type.
src/ai-gateway/mitm/cert/install.ts(102,31): error TS7006: Parameter 'sudoPassword' implicitly has an 'any' type.
src/ai-gateway/mitm/cert/install.ts(102,45): error TS7006: Parameter 'certPath' implicitly has an 'any' type.
src/ai-gateway/mitm/cert/install.ts(121,17): error TS18046: 'error' is of type 'unknown'.
src/ai-gateway/mitm/cert/install.ts(128,35): error TS7006: Parameter 'certPath' implicitly has an 'any' type.
src/ai-gateway/mitm/cert/install.ts(139,37): error TS7006: Parameter 'sudoPassword' implicitly has an 'any' type.
src/ai-gateway/mitm/cert/install.ts(139,51): error TS7006: Parameter 'certPath' implicitly has an 'any' type.
src/ai-gateway/mitm/cert/install.ts(153,33): error TS7006: Parameter 'sudoPassword' implicitly has an 'any' type.
src/ai-gateway/mitm/cert/install.ts(153,47): error TS7006: Parameter 'certPath' implicitly has an 'any' type.
src/ai-gateway/mitm/dns/dnsConfig.ts(46,28): error TS7006: Parameter 'file' implicitly has an 'any' type.
src/ai-gateway/mitm/dns/dnsConfig.ts(46,34): error TS7006: Parameter 'args' implicitly has an 'any' type.
src/ai-gateway/mitm/dns/dnsConfig.ts(74,34): error TS7006: Parameter 'file' implicitly has an 'any' type.
src/ai-gateway/mitm/dns/dnsConfig.ts(74,40): error TS7006: Parameter 'args' implicitly has an 'any' type.
src/ai-gateway/mitm/dns/dnsConfig.ts(74,46): error TS7006: Parameter 'password' implicitly has an 'any' type.
src/ai-gateway/mitm/dns/dnsConfig.ts(78,39): error TS7006: Parameter 'value' implicitly has an 'any' type.
src/ai-gateway/mitm/dns/dnsConfig.ts(82,34): error TS7006: Parameter 'script' implicitly has an 'any' type.
src/ai-gateway/mitm/dns/dnsConfig.ts(89,43): error TS7006: Parameter 'script' implicitly has an 'any' type.
src/ai-gateway/mitm/dns/dnsConfig.ts(131,35): error TS7006: Parameter 'sudoPassword' implicitly has an 'any' type.
src/ai-gateway/mitm/dns/dnsConfig.ts(169,49): error TS18046: 'error' is of type 'unknown'.
src/ai-gateway/mitm/dns/dnsConfig.ts(176,38): error TS7006: Parameter 'sudoPassword' implicitly has an 'any' type.
src/ai-gateway/mitm/dns/dnsConfig.ts(205,52): error TS18046: 'error' is of type 'unknown'.
src/ai-gateway/mitm/manager.ts(4,32): error TS2307: Cannot find module '@/lib/dataPaths' or its corresponding type declarations.
src/ai-gateway/mitm/manager.ts(11,5): error TS7034: Variable 'serverProcess' implicitly has type 'any' in some locations where its type cannot be determined.
src/ai-gateway/mitm/manager.ts(12,5): error TS7034: Variable 'serverPid' implicitly has type 'any' in some locations where its type cannot be determined.
src/ai-gateway/mitm/manager.ts(16,5): error TS7034: Variable '_cachedPassword' implicitly has type 'any' in some locations where its type cannot be determined.
src/ai-gateway/mitm/manager.ts(18,10): error TS7005: Variable '_cachedPassword' implicitly has an 'any' type.
src/ai-gateway/mitm/manager.ts(20,35): error TS7006: Parameter 'pwd' implicitly has an 'any' type.
src/ai-gateway/mitm/manager.ts(28,49): error TS1470: The 'import.meta' meta-property is not allowed in files which will build into CommonJS output.
src/ai-gateway/mitm/manager.ts(34,24): error TS7006: Parameter 'prefix' implicitly has an 'any' type.
src/ai-gateway/mitm/manager.ts(34,32): error TS7006: Parameter 'data' implicitly has an 'any' type.
src/ai-gateway/mitm/manager.ts(40,25): error TS7006: Parameter 'pid' implicitly has an 'any' type.
src/ai-gateway/mitm/manager.ts(54,17): error TS7005: Variable 'serverProcess' implicitly has an 'any' type.
src/ai-gateway/mitm/manager.ts(54,44): error TS7005: Variable 'serverProcess' implicitly has an 'any' type.
src/ai-gateway/mitm/manager.ts(55,13): error TS7005: Variable 'serverPid' implicitly has an 'any' type.
src/ai-gateway/mitm/manager.ts(89,33): error TS7006: Parameter 'apiKey' implicitly has an 'any' type.
src/ai-gateway/mitm/manager.ts(89,41): error TS7006: Parameter 'sudoPassword' implicitly has an 'any' type.
src/ai-gateway/mitm/manager.ts(91,7): error TS7005: Variable 'serverProcess' implicitly has an 'any' type.
src/ai-gateway/mitm/manager.ts(160,5): error TS7005: Variable 'serverProcess' implicitly has an 'any' type.
src/ai-gateway/mitm/manager.ts(160,31): error TS7006: Parameter 'code' implicitly has an 'any' type.
src/ai-gateway/mitm/manager.ts(169,5): error TS7005: Variable 'serverProcess' implicitly has an 'any' type.
src/ai-gateway/mitm/manager.ts(169,38): error TS7006: Parameter 'data' implicitly has an 'any' type.
src/ai-gateway/mitm/manager.ts(195,32): error TS7006: Parameter 'sudoPassword' implicitly has an 'any' type.
src/ai-gateway/mitm/manager.ts(197,16): error TS7005: Variable 'serverProcess' implicitly has an 'any' type.
src/ai-gateway/models/index.ts(25,8): error TS2307: Cannot find module '@/lib/localDb' or its corresponding type declarations.
src/ai-gateway/proxy.ts(1,30): error TS2307: Cannot find module 'next/server' or its corresponding type declarations.
src/ai-gateway/proxy.ts(117,75): error TS18046: 'err' is of type 'unknown'.
src/ai-gateway/proxy.ts(161,68): error TS18046: 'refreshErr' is of type 'unknown'.
src/ai-gateway/proxy.ts(168,76): error TS18046: 'err' is of type 'unknown'.
src/ai-gateway/server-init.ts(9,16): error TS2835: Relative import paths need explicit file extensions in ECMAScript imports when '--moduleResolution' is 'node16' or 'nodenext'. Did you mean './lib/usage/migrations.js'?
src/ai-gateway/server-init.ts(22,66): error TS18046: 'err' is of type 'unknown'.
src/ai-gateway/server-init.ts(39,54): error TS18046: 'err' is of type 'unknown'.
src/ai-gateway/server-init.ts(59,48): error TS2835: Relative import paths need explicit file extensions in ECMAScript imports when '--moduleResolution' is 'node16' or 'nodenext'. Did you mean './lib/pricingSync.js'?
src/ai-gateway/shared/components/analytics/charts.tsx(3,15): error TS6142: Module './charts/shared' was resolved to 'C:/TESTES DEV/1_PROJETOS_ATIVOS/Zavorth/src/ai-gateway/shared/components/analytics/charts/shared.tsx', but '--jsx' is not set.
src/ai-gateway/shared/components/analytics/charts.tsx(4,15): error TS6142: Module './charts/stat' was resolved to 'C:/TESTES DEV/1_PROJETOS_ATIVOS/Zavorth/src/ai-gateway/shared/components/analytics/charts/stat.tsx', but '--jsx' is not set.
src/ai-gateway/shared/components/analytics/charts.tsx(5,15): error TS6142: Module './charts/heatmap' was resolved to 'C:/TESTES DEV/1_PROJETOS_ATIVOS/Zavorth/src/ai-gateway/shared/components/analytics/charts/heatmap.tsx', but '--jsx' is not set.
src/ai-gateway/shared/components/analytics/charts.tsx(6,15): error TS6142: Module './charts/donuts' was resolved to 'C:/TESTES DEV/1_PROJETOS_ATIVOS/Zavorth/src/ai-gateway/shared/components/analytics/charts/donuts.tsx', but '--jsx' is not set.
src/ai-gateway/shared/components/analytics/charts.tsx(7,15): error TS6142: Module './charts/tables' was resolved to 'C:/TESTES DEV/1_PROJETOS_ATIVOS/Zavorth/src/ai-gateway/shared/components/analytics/charts/tables.tsx', but '--jsx' is not set.
src/ai-gateway/shared/components/analytics/charts.tsx(8,15): error TS6142: Module './charts/trends' was resolved to 'C:/TESTES DEV/1_PROJETOS_ATIVOS/Zavorth/src/ai-gateway/shared/components/analytics/charts/trends.tsx', but '--jsx' is not set.
src/ai-gateway/shared/components/analytics/charts/donuts.tsx(4,18): error TS6142: Module '../../Card' was resolved to 'C:/TESTES DEV/1_PROJETOS_ATIVOS/Zavorth/src/ai-gateway/shared/components/Card.tsx', but '--jsx' is not set.
src/ai-gateway/shared/components/analytics/charts/donuts.tsx(5,31): error TS2307: Cannot find module '@/shared/constants/colors' or its corresponding type declarations.
src/ai-gateway/shared/components/analytics/charts/donuts.tsx(6,82): error TS2307: Cannot find module '@/shared/utils/formatting' or its corresponding type declarations.
src/ai-gateway/shared/components/analytics/charts/donuts.tsx(7,67): error TS2307: Cannot find module 'recharts' or its corresponding type declarations.
src/ai-gateway/shared/components/analytics/charts/donuts.tsx(8,46): error TS6142: Module './shared' was resolved to 'C:/TESTES DEV/1_PROJETOS_ATIVOS/Zavorth/src/ai-gateway/shared/components/analytics/charts/shared.tsx', but '--jsx' is not set.
src/ai-gateway/shared/components/analytics/charts/donuts.tsx(10,32): error TS7031: Binding element 'byAccount' implicitly has an 'any' type.
src/ai-gateway/shared/components/analytics/charts/donuts.tsx(15,34): error TS7006: Parameter 'item' implicitly has an 'any' type.
src/ai-gateway/shared/components/analytics/charts/donuts.tsx(15,40): error TS7006: Parameter 'i' implicitly has an 'any' type.
src/ai-gateway/shared/components/analytics/charts/donuts.tsx(24,7): error TS17004: Cannot use JSX unless the '--jsx' flag is provided.
src/ai-gateway/shared/components/analytics/charts/donuts.tsx(25,9): error TS17004: Cannot use JSX unless the '--jsx' flag is provided.
src/ai-gateway/shared/components/analytics/charts/donuts.tsx(28,9): error TS17004: Cannot use JSX unless the '--jsx' flag is provided.
src/ai-gateway/shared/components/analytics/charts/donuts.tsx(34,5): error TS17004: Cannot use JSX unless the '--jsx' flag is provided.
src/ai-gateway/shared/components/analytics/charts/donuts.tsx(35,7): error TS17004: Cannot use JSX unless the '--jsx' flag is provided.
src/ai-gateway/shared/components/analytics/charts/donuts.tsx(38,7): error TS17004: Cannot use JSX unless the '--jsx' flag is provided.
src/ai-gateway/shared/components/analytics/charts/donuts.tsx(39,9): error TS17004: Cannot use JSX unless the '--jsx' flag is provided.
src/ai-gateway/shared/components/analytics/charts/donuts.tsx(40,11): error TS17004: Cannot use JSX unless the '--jsx' flag is provided.
src/ai-gateway/shared/components/analytics/charts/donuts.tsx(41,13): error TS17004: Cannot use JSX unless the '--jsx' flag is provided.
src/ai-gateway/shared/components/analytics/charts/donuts.tsx(52,29): error TS7006: Parameter 'entry' implicitly has an 'any' type.
src/ai-gateway/shared/components/analytics/charts/donuts.tsx(52,36): error TS7006: Parameter 'i' implicitly has an 'any' type.
src/ai-gateway/shared/components/analytics/charts/donuts.tsx(53,17): error TS17004: Cannot use JSX unless the '--jsx' flag is provided.
src/ai-gateway/shared/components/analytics/charts/donuts.tsx(56,13): error TS17004: Cannot use JSX unless the '--jsx' flag is provided.
src/ai-gateway/shared/components/analytics/charts/donuts.tsx(56,31): error TS17004: Cannot use JSX unless the '--jsx' flag is provided.
src/ai-gateway/shared/components/analytics/charts/donuts.tsx(59,9): error TS17004: Cannot use JSX unless the '--jsx' flag is provided.
src/ai-gateway/shared/components/analytics/charts/donuts.tsx(60,25): error TS7006: Parameter 'seg' implicitly has an 'any' type.
src/ai-gateway/shared/components/analytics/charts/donuts.tsx(60,30): error TS7006: Parameter 'i' implicitly has an 'any' type.
src/ai-gateway/shared/components/analytics/charts/donuts.tsx(61,13): error TS17004: Cannot use JSX unless the '--jsx' flag is provided.
src/ai-gateway/shared/components/analytics/charts/donuts.tsx(62,15): error TS17004: Cannot use JSX unless the '--jsx' flag is provided.
src/ai-gateway/shared/components/analytics/charts/donuts.tsx(63,17): error TS17004: Cannot use JSX unless the '--jsx' flag is provided.
src/ai-gateway/shared/components/analytics/charts/donuts.tsx(67,17): error TS17004: Cannot use JSX unless the '--jsx' flag is provided.
src/ai-gateway/shared/components/analytics/charts/donuts.tsx(69,15): error TS17004: Cannot use JSX unless the '--jsx' flag is provided.
src/ai-gateway/shared/components/analytics/charts/donuts.tsx(80,31): error TS7031: Binding element 'byApiKey' implicitly has an 'any' type.
src/ai-gateway/shared/components/analytics/charts/donuts.tsx(85,34): error TS7006: Parameter 'item' implicitly has an 'any' type.
src/ai-gateway/shared/components/analytics/charts/donuts.tsx(85,40): error TS7006: Parameter 'i' implicitly has an 'any' type.
src/ai-gateway/shared/components/analytics/charts/donuts.tsx(95,7): error TS17004: Cannot use JSX unless the '--jsx' flag is provided.
src/ai-gateway/shared/components/analytics/charts/donuts.tsx(96,9): error TS17004: Cannot use JSX unless the '--jsx' flag is provided.
src/ai-gateway/shared/components/analytics/charts/donuts.tsx(99,9): error TS17004: Cannot use JSX unless the '--jsx' flag is provided.
src/ai-gateway/shared/components/analytics/charts/donuts.tsx(105,5): error TS17004: Cannot use JSX unless the '--jsx' flag is provided.
src/ai-gateway/shared/components/analytics/charts/donuts.tsx(106,7): error TS17004: Cannot use JSX unless the '--jsx' flag is provided.
src/ai-gateway/shared/components/analytics/charts/donuts.tsx(109,7): error TS17004: Cannot use JSX unless the '--jsx' flag is provided.
src/ai-gateway/shared/components/analytics/charts/donuts.tsx(110,9): error TS17004: Cannot use JSX unless the '--jsx' flag is provided.
src/ai-gateway/shared/components/analytics/charts/donuts.tsx(111,11): error TS17004: Cannot use JSX unless the '--jsx' flag is provided.
src/ai-gateway/shared/components/analytics/charts/donuts.tsx(112,13): error TS17004: Cannot use JSX unless the '--jsx' flag is provided.
src/ai-gateway/shared/components/analytics/charts/donuts.tsx(123,29): error TS7006: Parameter 'entry' implicitly has an 'any' type.
src/ai-gateway/shared/components/analytics/charts/donuts.tsx(123,36): error TS7006: Parameter 'i' implicitly has an 'any' type.
src/ai-gateway/shared/components/analytics/charts/donuts.tsx(124,17): error TS17004: Cannot use JSX unless the '--jsx' flag is provided.
src/ai-gateway/shared/components/analytics/charts/donuts.tsx(127,13): error TS17004: Cannot use JSX unless the '--jsx' flag is provided.
src/ai-gateway/shared/components/analytics/charts/donuts.tsx(127,31): error TS17004: Cannot use JSX unless the '--jsx' flag is provided.
src/ai-gateway/shared/components/analytics/charts/donuts.tsx(130,9): error TS17004: Cannot use JSX unless the '--jsx' flag is provided.
src/ai-gateway/shared/components/analytics/charts/donuts.tsx(131,25): error TS7006: Parameter 'seg' implicitly has an 'any' type.
src/ai-gateway/shared/components/analytics/charts/donuts.tsx(131,30): error TS7006: Parameter 'i' implicitly has an 'any' type.
src/ai-gateway/shared/components/analytics/charts/donuts.tsx(132,13): error TS17004: Cannot use JSX unless the '--jsx' flag is provided.
src/ai-gateway/shared/components/analytics/charts/donuts.tsx(136,15): error TS17004: Cannot use JSX unless the '--jsx' flag is provided.
src/ai-gateway/shared/components/analytics/charts/donuts.tsx(137,17): error TS17004: Cannot use JSX unless the '--jsx' flag is provided.
src/ai-gateway/shared/components/analytics/charts/donuts.tsx(141,17): error TS17004: Cannot use JSX unless the '--jsx' flag is provided.
src/ai-gateway/shared/components/analytics/charts/donuts.tsx(145,15): error TS17004: Cannot use JSX unless the '--jsx' flag is provided.
src/ai-gateway/shared/components/analytics/charts/donuts.tsx(156,37): error TS7031: Binding element 'byProvider' implicitly has an 'any' type.
src/ai-gateway/shared/components/analytics/charts/donuts.tsx(158,49): error TS7006: Parameter 'p' implicitly has an 'any' type.
src/ai-gateway/shared/components/analytics/charts/donuts.tsx(162,16): error TS7006: Parameter 'item' implicitly has an 'any' type.
src/ai-gateway/shared/components/analytics/charts/donuts.tsx(163,14): error TS7006: Parameter 'a' implicitly has an 'any' type.
src/ai-gateway/shared/components/analytics/charts/donuts.tsx(163,17): error TS7006: Parameter 'b' implicitly has an 'any' type.
src/ai-gateway/shared/components/analytics/charts/donuts.tsx(165,13): error TS7006: Parameter 'item' implicitly has an 'any' type.
src/ai-gateway/shared/components/analytics/charts/donuts.tsx(165,19): error TS7006: Parameter 'i' implicitly has an 'any' type.
src/ai-gateway/shared/components/analytics/charts/donuts.tsx(174,7): error TS17004: Cannot use JSX unless the '--jsx' flag is provided.
src/ai-gateway/shared/components/analytics/charts/donuts.tsx(175,9): error TS17004: Cannot use JSX unless the '--jsx' flag is provided.
src/ai-gateway/shared/components/analytics/charts/donuts.tsx(178,9): error TS17004: Cannot use JSX unless the '--jsx' flag is provided.
src/ai-gateway/shared/components/analytics/charts/donuts.tsx(184,5): error TS17004: Cannot use JSX unless the '--jsx' flag is provided.
src/ai-gateway/shared/components/analytics/charts/donuts.tsx(185,7): error TS17004: Cannot use JSX unless the '--jsx' flag is provided.
src/ai-gateway/shared/components/analytics/charts/donuts.tsx(188,7): error TS17004: Cannot use JSX unless the '--jsx' flag is provided.
src/ai-gateway/shared/components/analytics/charts/donuts.tsx(189,9): error TS17004: Cannot use JSX unless the '--jsx' flag is provided.
src/ai-gateway/shared/components/analytics/charts/donuts.tsx(190,11): error TS17004: Cannot use JSX unless the '--jsx' flag is provided.
src/ai-gateway/shared/components/analytics/charts/donuts.tsx(191,13): error TS17004: Cannot use JSX unless the '--jsx' flag is provided.
src/ai-gateway/shared/components/analytics/charts/donuts.tsx(202,29): error TS7006: Parameter 'entry' implicitly has an 'any' type.
src/ai-gateway/shared/components/analytics/charts/donuts.tsx(202,36): error TS7006: Parameter 'i' implicitly has an 'any' type.
src/ai-gateway/shared/components/analytics/charts/donuts.tsx(203,17): error TS17004: Cannot use JSX unless the '--jsx' flag is provided.
src/ai-gateway/shared/components/analytics/charts/donuts.tsx(206,13): error TS17004: Cannot use JSX unless the '--jsx' flag is provided.
src/ai-gateway/shared/components/analytics/charts/donuts.tsx(206,31): error TS17004: Cannot use JSX unless the '--jsx' flag is provided.
src/ai-gateway/shared/components/analytics/charts/donuts.tsx(209,9): error TS17004: Cannot use JSX unless the '--jsx' flag is provided.
src/ai-gateway/shared/components/analytics/charts/donuts.tsx(210,25): error TS7006: Parameter 'seg' implicitly has an 'any' type.
src/ai-gateway/shared/components/analytics/charts/donuts.tsx(210,30): error TS7006: Parameter 'i' implicitly has an 'any' type.
src/ai-gateway/shared/components/analytics/charts/donuts.tsx(211,13): error TS17004: Cannot use JSX unless the '--jsx' flag is provided.
src/ai-gateway/shared/components/analytics/charts/donuts.tsx(212,15): error TS17004: Cannot use JSX unless the '--jsx' flag is provided.
src/ai-gateway/shared/components/analytics/charts/donuts.tsx(213,17): error TS17004: Cannot use JSX unless the '--jsx' flag is provided.
src/ai-gateway/shared/components/analytics/charts/donuts.tsx(217,17): error TS17004: Cannot use JSX unless the '--jsx' flag is provided.
src/ai-gateway/shared/components/analytics/charts/donuts.tsx(219,15): error TS17004: Cannot use JSX unless the '--jsx' flag is provided.
src/ai-gateway/shared/components/analytics/charts/heatmap.tsx(4,18): error TS6142: Module '../../Card' was resolved to 'C:/TESTES DEV/1_PROJETOS_ATIVOS/Zavorth/src/ai-gateway/shared/components/Card.tsx', but '--jsx' is not set.
src/ai-gateway/shared/components/analytics/charts/heatmap.tsx(5,44): error TS2307: Cannot find module '@/shared/utils/formatting' or its corresponding type declarations.
src/ai-gateway/shared/components/analytics/charts/heatmap.tsx(6,43): error TS6142: Module './shared' was resolved to 'C:/TESTES DEV/1_PROJETOS_ATIVOS/Zavorth/src/ai-gateway/shared/components/analytics/charts/shared.tsx', but '--jsx' is not set.
src/ai-gateway/shared/components/analytics/charts/heatmap.tsx(8,35): error TS7031: Binding element 'activityMap' implicitly has an 'any' type.
src/ai-gateway/shared/components/analytics/charts/heatmap.tsx(45,11): error TS7034: Variable 'labels' implicitly has type 'any[]' in some locations where its type cannot be determined.
src/ai-gateway/shared/components/analytics/charts/heatmap.tsx(57,12): error TS7005: Variable 'labels' implicitly has an 'any[]' type.
src/ai-gateway/shared/components/analytics/charts/heatmap.tsx(60,25): error TS7006: Parameter 'value' implicitly has an 'any' type.
src/ai-gateway/shared/components/analytics/charts/heatmap.tsx(70,5): error TS17004: Cannot use JSX unless the '--jsx' flag is provided.
src/ai-gateway/shared/components/analytics/charts/heatmap.tsx(71,7): error TS17004: Cannot use JSX unless the '--jsx' flag is provided.
src/ai-gateway/shared/components/analytics/charts/heatmap.tsx(72,9): error TS17004: Cannot use JSX unless the '--jsx' flag is provided.
src/ai-gateway/shared/components/analytics/charts/heatmap.tsx(73,9): error TS17004: Cannot use JSX unless the '--jsx' flag is provided.
src/ai-gateway/shared/components/analytics/charts/heatmap.tsx(75,56): error TS2769: No overload matches this call.
  Overload 1 of 3, '(callbackfn: (previousValue: unknown, currentValue: unknown, currentIndex: number, array: unknown[]) => unknown, initialValue: unknown): unknown', gave the following error.
    Argument of type '(a: number, b: number) => number' is not assignable to parameter of type '(previousValue: unknown, currentValue: unknown, currentIndex: number, array: unknown[]) => unknown'.
      Types of parameters 'a' and 'previousValue' are incompatible.
        Type 'unknown' is not assignable to type 'number'.
  Overload 2 of 3, '(callbackfn: (previousValue: number, currentValue: unknown, currentIndex: number, array: unknown[]) => number, initialValue: number): number', gave the following error.
    Argument of type '(a: number, b: number) => number' is not assignable to parameter of type '(previousValue: number, currentValue: unknown, currentIndex: number, array: unknown[]) => number'.
      Types of parameters 'b' and 'currentValue' are incompatible.
        Type 'unknown' is not assignable to type 'number'.
src/ai-gateway/shared/components/analytics/charts/heatmap.tsx(80,7): error TS17004: Cannot use JSX unless the '--jsx' flag is provided.
src/ai-gateway/shared/components/analytics/charts/heatmap.tsx(82,11): error TS17004: Cannot use JSX unless the '--jsx' flag is provided.
src/ai-gateway/shared/components/analytics/charts/heatmap.tsx(96,7): error TS17004: Cannot use JSX unless the '--jsx' flag is provided.
src/ai-gateway/shared/components/analytics/charts/heatmap.tsx(97,9): error TS17004: Cannot use JSX unless the '--jsx' flag is provided.
src/ai-gateway/shared/components/analytics/charts/heatmap.tsx(98,11): error TS17004: Cannot use JSX unless the '--jsx' flag is provided.
src/ai-gateway/shared/components/analytics/charts/heatmap.tsx(99,11): error TS17004: Cannot use JSX unless the '--jsx' flag is provided.
src/ai-gateway/shared/components/analytics/charts/heatmap.tsx(100,11): error TS17004: Cannot use JSX unless the '--jsx' flag is provided.
src/ai-gateway/shared/components/analytics/charts/heatmap.tsx(101,11): error TS17004: Cannot use JSX unless the '--jsx' flag is provided.
src/ai-gateway/shared/components/analytics/charts/heatmap.tsx(102,11): error TS17004: Cannot use JSX unless the '--jsx' flag is provided.
src/ai-gateway/shared/components/analytics/charts/heatmap.tsx(103,11): error TS17004: Cannot use JSX unless the '--jsx' flag is provided.
src/ai-gateway/shared/components/analytics/charts/heatmap.tsx(104,11): error TS17004: Cannot use JSX unless the '--jsx' flag is provided.
src/ai-gateway/shared/components/analytics/charts/heatmap.tsx(108,11): error TS17004: Cannot use JSX unless the '--jsx' flag is provided.
src/ai-gateway/shared/components/analytics/charts/heatmap.tsx(110,15): error TS17004: Cannot use JSX unless the '--jsx' flag is provided.
src/ai-gateway/shared/components/analytics/charts/heatmap.tsx(120,7): error TS17004: Cannot use JSX unless the '--jsx' flag is provided.
src/ai-gateway/shared/components/analytics/charts/heatmap.tsx(121,9): error TS17004: Cannot use JSX unless the '--jsx' flag is provided.
src/ai-gateway/shared/components/analytics/charts/heatmap.tsx(122,9): error TS17004: Cannot use JSX unless the '--jsx' flag is provided.
src/ai-gateway/shared/components/analytics/charts/heatmap.tsx(123,9): error TS17004: Cannot use JSX unless the '--jsx' flag is provided.
src/ai-gateway/shared/components/analytics/charts/heatmap.tsx(124,9): error TS17004: Cannot use JSX unless the '--jsx' flag is provided.
src/ai-gateway/shared/components/analytics/charts/heatmap.tsx(125,9): error TS17004: Cannot use JSX unless the '--jsx' flag is provided.
src/ai-gateway/shared/components/analytics/charts/heatmap.tsx(126,9): error TS17004: Cannot use JSX unless the '--jsx' flag is provided.
src/ai-gateway/shared/components/analytics/charts/heatmap.tsx(127,9): error TS17004: Cannot use JSX unless the '--jsx' flag is provided.
src/ai-gateway/shared/components/analytics/charts/shared.tsx(3,44): error TS2307: Cannot find module '@/shared/utils/formatting' or its corresponding type declarations.
src/ai-gateway/shared/components/analytics/charts/shared.tsx(53,5): error TS17004: Cannot use JSX unless the '--jsx' flag is provided.
src/ai-gateway/shared/components/analytics/charts/shared.tsx(54,17): error TS17004: Cannot use JSX unless the '--jsx' flag is provided.
src/ai-gateway/shared/components/analytics/charts/shared.tsx(56,9): error TS17004: Cannot use JSX unless the '--jsx' flag is provided.
src/ai-gateway/shared/components/analytics/charts/shared.tsx(57,11): error TS17004: Cannot use JSX unless the '--jsx' flag is provided.
src/ai-gateway/shared/components/analytics/charts/shared.tsx(61,11): error TS17004: Cannot use JSX unless the '--jsx' flag is provided.
src/ai-gateway/shared/components/analytics/charts/shared.tsx(62,11): error TS17004: Cannot use JSX unless the '--jsx' flag is provided.
src/ai-gateway/shared/components/analytics/charts/shared.tsx(84,5): error TS17004: Cannot use JSX unless the '--jsx' flag is provided.
src/ai-gateway/shared/components/analytics/charts/shared.tsx(85,17): error TS17004: Cannot use JSX unless the '--jsx' flag is provided.
src/ai-gateway/shared/components/analytics/charts/shared.tsx(87,9): error TS17004: Cannot use JSX unless the '--jsx' flag is provided.
src/ai-gateway/shared/components/analytics/charts/shared.tsx(88,11): error TS17004: Cannot use JSX unless the '--jsx' flag is provided.
src/ai-gateway/shared/components/analytics/charts/shared.tsx(92,11): error TS17004: Cannot use JSX unless the '--jsx' flag is provided.
src/ai-gateway/shared/components/analytics/charts/shared.tsx(93,11): error TS17004: Cannot use JSX unless the '--jsx' flag is provided.
src/ai-gateway/shared/components/analytics/charts/shared.tsx(109,7): error TS17004: Cannot use JSX unless the '--jsx' flag is provided.
src/ai-gateway/shared/components/analytics/charts/shared.tsx(115,5): error TS17004: Cannot use JSX unless the '--jsx' flag is provided.
src/ai-gateway/shared/components/analytics/charts/stat.tsx(3,18): error TS6142: Module '../../Card' was resolved to 'C:/TESTES DEV/1_PROJETOS_ATIVOS/Zavorth/src/ai-gateway/shared/components/Card.tsx', but '--jsx' is not set.
src/ai-gateway/shared/components/analytics/charts/stat.tsx(26,5): error TS17004: Cannot use JSX unless the '--jsx' flag is provided.
src/ai-gateway/shared/components/analytics/charts/stat.tsx(27,7): error TS17004: Cannot use JSX unless the '--jsx' flag is provided.
src/ai-gateway/shared/components/analytics/charts/stat.tsx(28,9): error TS17004: Cannot use JSX unless the '--jsx' flag is provided.
src/ai-gateway/shared/components/analytics/charts/stat.tsx(29,9): error TS17004: Cannot use JSX unless the '--jsx' flag is provided.
src/ai-gateway/shared/components/analytics/charts/stat.tsx(31,7): error TS17004: Cannot use JSX unless the '--jsx' flag is provided.
src/ai-gateway/shared/components/analytics/charts/stat.tsx(34,20): error TS17004: Cannot use JSX unless the '--jsx' flag is provided.
src/ai-gateway/shared/components/analytics/charts/stat.tsx(41,5): error TS17004: Cannot use JSX unless the '--jsx' flag is provided.
src/ai-gateway/shared/components/analytics/charts/stat.tsx(42,7): error TS17004: Cannot use JSX unless the '--jsx' flag is provided.
src/ai-gateway/shared/components/analytics/charts/stat.tsx(44,11): error TS17004: Cannot use JSX unless the '--jsx' flag is provided.
src/ai-gateway/shared/components/analytics/charts/stat.tsx(45,24): error TS17004: Cannot use JSX unless the '--jsx' flag is provided.
src/ai-gateway/shared/components/analytics/charts/stat.tsx(46,13): error TS17004: Cannot use JSX unless the '--jsx' flag is provided.
src/ai-gateway/shared/components/analytics/charts/stat.tsx(49,13): error TS17004: Cannot use JSX unless the '--jsx' flag is provided.
src/ai-gateway/shared/components/analytics/charts/stat.tsx(57,17): error TS17004: Cannot use JSX unless the '--jsx' flag is provided.
src/ai-gateway/shared/components/analytics/charts/stat.tsx(58,19): error TS17004: Cannot use JSX unless the '--jsx' flag is provided.
src/ai-gateway/shared/components/analytics/charts/stat.tsx(61,21): error TS17004: Cannot use JSX unless the '--jsx' flag is provided.
src/ai-gateway/shared/components/analytics/charts/stat.tsx(64,21): error TS17004: Cannot use JSX unless the '--jsx' flag is provided.
src/ai-gateway/shared/components/analytics/charts/stat.tsx(70,19): error TS17004: Cannot use JSX unless the '--jsx' flag is provided.
src/ai-gateway/shared/components/analytics/charts/tables.tsx(4,18): error TS6142: Module '../../Card' was resolved to 'C:/TESTES DEV/1_PROJETOS_ATIVOS/Zavorth/src/ai-gateway/shared/components/Card.tsx', but '--jsx' is not set.
src/ai-gateway/shared/components/analytics/charts/tables.tsx(5,31): error TS2307: Cannot find module '@/shared/constants/colors' or its corresponding type declarations.
src/ai-gateway/shared/components/analytics/charts/tables.tsx(6,91): error TS2307: Cannot find module '@/shared/utils/formatting' or its corresponding type declarations.
src/ai-gateway/shared/components/analytics/charts/tables.tsx(7,48): error TS6142: Module './shared' was resolved to 'C:/TESTES DEV/1_PROJETOS_ATIVOS/Zavorth/src/ai-gateway/shared/components/analytics/charts/shared.tsx', but '--jsx' is not set.
src/ai-gateway/shared/components/analytics/charts/tables.tsx(9,31): error TS7031: Binding element 'byApiKey' implicitly has an 'any' type.
src/ai-gateway/shared/components/analytics/charts/tables.tsx(20,8): error TS7006: Parameter 'row' implicitly has an 'any' type.
src/ai-gateway/shared/components/analytics/charts/tables.tsx(40,6): error TS7006: Parameter 'field' implicitly has an 'any' type.
src/ai-gateway/shared/components/analytics/charts/tables.tsx(55,7): error TS17004: Cannot use JSX unless the '--jsx' flag is provided.
src/ai-gateway/shared/components/analytics/charts/tables.tsx(56,9): error TS17004: Cannot use JSX unless the '--jsx' flag is provided.
src/ai-gateway/shared/components/analytics/charts/tables.tsx(59,9): error TS17004: Cannot use JSX unless the '--jsx' flag is provided.
src/ai-gateway/shared/components/analytics/charts/tables.tsx(65,5): error TS17004: Cannot use JSX unless the '--jsx' flag is provided.
src/ai-gateway/shared/components/analytics/charts/tables.tsx(66,7): error TS17004: Cannot use JSX unless the '--jsx' flag is provided.
src/ai-gateway/shared/components/analytics/charts/tables.tsx(67,9): error TS17004: Cannot use JSX unless the '--jsx' flag is provided.
src/ai-gateway/shared/components/analytics/charts/tables.tsx(70,9): error TS17004: Cannot use JSX unless the '--jsx' flag is provided.
src/ai-gateway/shared/components/analytics/charts/tables.tsx(78,7): error TS17004: Cannot use JSX unless the '--jsx' flag is provided.
src/ai-gateway/shared/components/analytics/charts/tables.tsx(79,9): error TS17004: Cannot use JSX unless the '--jsx' flag is provided.
src/ai-gateway/shared/components/analytics/charts/tables.tsx(80,11): error TS17004: Cannot use JSX unless the '--jsx' flag is provided.
src/ai-gateway/shared/components/analytics/charts/tables.tsx(81,13): error TS17004: Cannot use JSX unless the '--jsx' flag is provided.
src/ai-gateway/shared/components/analytics/charts/tables.tsx(82,15): error TS17004: Cannot use JSX unless the '--jsx' flag is provided.
src/ai-gateway/shared/components/analytics/charts/tables.tsx(86,25): error TS17004: Cannot use JSX unless the '--jsx' flag is provided.
src/ai-gateway/shared/components/analytics/charts/tables.tsx(88,15): error TS17004: Cannot use JSX unless the '--jsx' flag is provided.
src/ai-gateway/shared/components/analytics/charts/tables.tsx(92,26): error TS17004: Cannot use JSX unless the '--jsx' flag is provided.
src/ai-gateway/shared/components/analytics/charts/tables.tsx(94,15): error TS17004: Cannot use JSX unless the '--jsx' flag is provided.
src/ai-gateway/shared/components/analytics/charts/tables.tsx(98,23): error TS17004: Cannot use JSX unless the '--jsx' flag is provided.
src/ai-gateway/shared/components/analytics/charts/tables.tsx(100,15): error TS17004: Cannot use JSX unless the '--jsx' flag is provided.
src/ai-gateway/shared/components/analytics/charts/tables.tsx(105,17): error TS17004: Cannot use JSX unless the '--jsx' flag is provided.
src/ai-gateway/shared/components/analytics/charts/tables.tsx(107,15): error TS17004: Cannot use JSX unless the '--jsx' flag is provided.
src/ai-gateway/shared/components/analytics/charts/tables.tsx(112,17): error TS17004: Cannot use JSX unless the '--jsx' flag is provided.
src/ai-gateway/shared/components/analytics/charts/tables.tsx(114,15): error TS17004: Cannot use JSX unless the '--jsx' flag is provided.
src/ai-gateway/shared/components/analytics/charts/tables.tsx(118,22): error TS17004: Cannot use JSX unless the '--jsx' flag is provided.
src/ai-gateway/shared/components/analytics/charts/tables.tsx(122,11): error TS17004: Cannot use JSX unless the '--jsx' flag is provided.
src/ai-gateway/shared/components/analytics/charts/tables.tsx(124,15): error TS17004: Cannot use JSX unless the '--jsx' flag is provided.
src/ai-gateway/shared/components/analytics/charts/tables.tsx(128,17): error TS17004: Cannot use JSX unless the '--jsx' flag is provided.
src/ai-gateway/shared/components/analytics/charts/tables.tsx(129,19): error TS17004: Cannot use JSX unless the '--jsx' flag is provided.
src/ai-gateway/shared/components/analytics/charts/tables.tsx(133,17): error TS17004: Cannot use JSX unless the '--jsx' flag is provided.
src/ai-gateway/shared/components/analytics/charts/tables.tsx(136,17): error TS17004: Cannot use JSX unless the '--jsx' flag is provided.
src/ai-gateway/shared/components/analytics/charts/tables.tsx(139,17): error TS17004: Cannot use JSX unless the '--jsx' flag is provided.
src/ai-gateway/shared/components/analytics/charts/tables.tsx(142,17): error TS17004: Cannot use JSX unless the '--jsx' flag is provided.
src/ai-gateway/shared/components/analytics/charts/tables.tsx(145,17): error TS17004: Cannot use JSX unless the '--jsx' flag is provided.
src/ai-gateway/shared/components/analytics/charts/tables.tsx(151,15): error TS17004: Cannot use JSX unless the '--jsx' flag is provided.
src/ai-gateway/shared/components/analytics/charts/tables.tsx(152,17): error TS17004: Cannot use JSX unless the '--jsx' flag is provided.
src/ai-gateway/shared/components/analytics/charts/tables.tsx(164,30): error TS7031: Binding element 'byModel' implicitly has an 'any' type.
src/ai-gateway/shared/components/analytics/charts/tables.tsx(164,39): error TS7031: Binding element 'summary' implicitly has an 'any' type.
src/ai-gateway/shared/components/analytics/charts/tables.tsx(169,6): error TS7006: Parameter 'field' implicitly has an 'any' type.
src/ai-gateway/shared/components/analytics/charts/tables.tsx(193,5): error TS17004: Cannot use JSX unless the '--jsx' flag is provided.
src/ai-gateway/shared/components/analytics/charts/tables.tsx(194,7): error TS17004: Cannot use JSX unless the '--jsx' flag is provided.
src/ai-gateway/shared/components/analytics/charts/tables.tsx(195,9): error TS17004: Cannot use JSX unless the '--jsx' flag is provided.
src/ai-gateway/shared/components/analytics/charts/tables.tsx(199,7): error TS17004: Cannot use JSX unless the '--jsx' flag is provided.
src/ai-gateway/shared/components/analytics/charts/tables.tsx(200,9): error TS17004: Cannot use JSX unless the '--jsx' flag is provided.
src/ai-gateway/shared/components/analytics/charts/tables.tsx(201,11): error TS17004: Cannot use JSX unless the '--jsx' flag is provided.
src/ai-gateway/shared/components/analytics/charts/tables.tsx(202,13): error TS17004: Cannot use JSX unless the '--jsx' flag is provided.
src/ai-gateway/shared/components/analytics/charts/tables.tsx(203,15): error TS17004: Cannot use JSX unless the '--jsx' flag is provided.
src/ai-gateway/shared/components/analytics/charts/tables.tsx(207,23): error TS17004: Cannot use JSX unless the '--jsx' flag is provided.
src/ai-gateway/shared/components/analytics/charts/tables.tsx(209,15): error TS17004: Cannot use JSX unless the '--jsx' flag is provided.
src/ai-gateway/shared/components/analytics/charts/tables.tsx(213,26): error TS17004: Cannot use JSX unless the '--jsx' flag is provided.
src/ai-gateway/shared/components/analytics/charts/tables.tsx(215,15): error TS17004: Cannot use JSX unless the '--jsx' flag is provided.
src/ai-gateway/shared/components/analytics/charts/tables.tsx(219,23): error TS17004: Cannot use JSX unless the '--jsx' flag is provided.
src/ai-gateway/shared/components/analytics/charts/tables.tsx(221,15): error TS17004: Cannot use JSX unless the '--jsx' flag is provided.
src/ai-gateway/shared/components/analytics/charts/tables.tsx(226,17): error TS17004: Cannot use JSX unless the '--jsx' flag is provided.
src/ai-gateway/shared/components/analytics/charts/tables.tsx(228,15): error TS17004: Cannot use JSX unless the '--jsx' flag is provided.
src/ai-gateway/shared/components/analytics/charts/tables.tsx(232,23): error TS17004: Cannot use JSX unless the '--jsx' flag is provided.
src/ai-gateway/shared/components/analytics/charts/tables.tsx(234,15): error TS17004: Cannot use JSX unless the '--jsx' flag is provided.
src/ai-gateway/shared/components/analytics/charts/tables.tsx(238,22): error TS17004: Cannot use JSX unless the '--jsx' flag is provided.
src/ai-gateway/shared/components/analytics/charts/tables.tsx(240,15): error TS17004: Cannot use JSX unless the '--jsx' flag is provided.
src/ai-gateway/shared/components/analytics/charts/tables.tsx(243,11): error TS17004: Cannot use JSX unless the '--jsx' flag is provided.
src/ai-gateway/shared/components/analytics/charts/tables.tsx(245,15): error TS17004: Cannot use JSX unless the '--jsx' flag is provided.
src/ai-gateway/shared/components/analytics/charts/tables.tsx(249,17): error TS17004: Cannot use JSX unless the '--jsx' flag is provided.
src/ai-gateway/shared/components/analytics/charts/tables.tsx(250,19): error TS17004: Cannot use JSX unless the '--jsx' flag is provided.
src/ai-gateway/shared/components/analytics/charts/tables.tsx(251,21): error TS17004: Cannot use JSX unless the '--jsx' flag is provided.
src/ai-gateway/shared/components/analytics/charts/tables.tsx(255,21): error TS17004: Cannot use JSX unless the '--jsx' flag is provided.
src/ai-gateway/shared/components/analytics/charts/tables.tsx(258,17): error TS17004: Cannot use JSX unless the '--jsx' flag is provided.
src/ai-gateway/shared/components/analytics/charts/tables.tsx(261,17): error TS17004: Cannot use JSX unless the '--jsx' flag is provided.
src/ai-gateway/shared/components/analytics/charts/tables.tsx(264,17): error TS17004: Cannot use JSX unless the '--jsx' flag is provided.
src/ai-gateway/shared/components/analytics/charts/tables.tsx(267,17): error TS17004: Cannot use JSX unless the '--jsx' flag is provided.
src/ai-gateway/shared/components/analytics/charts/tables.tsx(270,17): error TS17004: Cannot use JSX unless the '--jsx' flag is provided.
src/ai-gateway/shared/components/analytics/charts/tables.tsx(273,17): error TS17004: Cannot use JSX unless the '--jsx' flag is provided.
src/ai-gateway/shared/components/analytics/charts/tables.tsx(274,19): error TS17004: Cannot use JSX unless the '--jsx' flag is provided.
src/ai-gateway/shared/components/analytics/charts/tables.tsx(275,21): error TS17004: Cannot use JSX unless the '--jsx' flag is provided.
src/ai-gateway/shared/components/analytics/charts/tables.tsx(276,23): error TS17004: Cannot use JSX unless the '--jsx' flag is provided.
src/ai-gateway/shared/components/analytics/charts/tables.tsx(281,21): error TS17004: Cannot use JSX unless the '--jsx' flag is provided.
src/ai-gateway/shared/components/analytics/charts/tables.tsx(295,31): error TS7031: Binding element 'summary' implicitly has an 'any' type.
src/ai-gateway/shared/components/analytics/charts/tables.tsx(303,5): error TS17004: Cannot use JSX unless the '--jsx' flag is provided.
src/ai-gateway/shared/components/analytics/charts/tables.tsx(304,7): error TS17004: Cannot use JSX unless the '--jsx' flag is provided.
src/ai-gateway/shared/components/analytics/charts/tables.tsx(307,7): error TS17004: Cannot use JSX unless the '--jsx' flag is provided.
src/ai-gateway/shared/components/analytics/charts/tables.tsx(309,11): error TS17004: Cannot use JSX unless the '--jsx' flag is provided.
src/ai-gateway/shared/components/analytics/charts/tables.tsx(310,13): error TS17004: Cannot use JSX unless the '--jsx' flag is provided.
src/ai-gateway/shared/components/analytics/charts/tables.tsx(311,13): error TS17004: Cannot use JSX unless the '--jsx' flag is provided.
src/ai-gateway/shared/components/analytics/charts/tables.tsx(319,33): error TS7031: Binding element 'byProvider' implicitly has an 'any' type.
src/ai-gateway/shared/components/analytics/charts/tables.tsx(324,50): error TS7006: Parameter 'acc' implicitly has an 'any' type.
src/ai-gateway/shared/components/analytics/charts/tables.tsx(324,55): error TS7006: Parameter 'p' implicitly has an 'any' type.
src/ai-gateway/shared/components/analytics/charts/tables.tsx(327,6): error TS7006: Parameter 'field' implicitly has an 'any' type.
src/ai-gateway/shared/components/analytics/charts/tables.tsx(352,7): error TS17004: Cannot use JSX unless the '--jsx' flag is provided.
src/ai-gateway/shared/components/analytics/charts/tables.tsx(353,9): error TS17004: Cannot use JSX unless the '--jsx' flag is provided.
src/ai-gateway/shared/components/analytics/charts/tables.tsx(356,9): error TS17004: Cannot use JSX unless the '--jsx' flag is provided.
src/ai-gateway/shared/components/analytics/charts/tables.tsx(362,5): error TS17004: Cannot use JSX unless the '--jsx' flag is provided.
src/ai-gateway/shared/components/analytics/charts/tables.tsx(363,7): error TS17004: Cannot use JSX unless the '--jsx' flag is provided.
src/ai-gateway/shared/components/analytics/charts/tables.tsx(364,9): error TS17004: Cannot use JSX unless the '--jsx' flag is provided.
src/ai-gateway/shared/components/analytics/charts/tables.tsx(368,7): error TS17004: Cannot use JSX unless the '--jsx' flag is provided.
src/ai-gateway/shared/components/analytics/charts/tables.tsx(369,9): error TS17004: Cannot use JSX unless the '--jsx' flag is provided.
src/ai-gateway/shared/components/analytics/charts/tables.tsx(370,11): error TS17004: Cannot use JSX unless the '--jsx' flag is provided.
src/ai-gateway/shared/components/analytics/charts/tables.tsx(371,13): error TS17004: Cannot use JSX unless the '--jsx' flag is provided.
src/ai-gateway/shared/components/analytics/charts/tables.tsx(372,15): error TS17004: Cannot use JSX unless the '--jsx' flag is provided.
src/ai-gateway/shared/components/analytics/charts/tables.tsx(376,26): error TS17004: Cannot use JSX unless the '--jsx' flag is provided.
src/ai-gateway/shared/components/analytics/charts/tables.tsx(378,15): error TS17004: Cannot use JSX unless the '--jsx' flag is provided.
src/ai-gateway/shared/components/analytics/charts/tables.tsx(382,26): error TS17004: Cannot use JSX unless the '--jsx' flag is provided.
src/ai-gateway/shared/components/analytics/charts/tables.tsx(384,15): error TS17004: Cannot use JSX unless the '--jsx' flag is provided.
src/ai-gateway/shared/components/analytics/charts/tables.tsx(388,23): error TS17004: Cannot use JSX unless the '--jsx' flag is provided.
src/ai-gateway/shared/components/analytics/charts/tables.tsx(390,15): error TS17004: Cannot use JSX unless the '--jsx' flag is provided.
src/ai-gateway/shared/components/analytics/charts/tables.tsx(395,17): error TS17004: Cannot use JSX unless the '--jsx' flag is provided.
src/ai-gateway/shared/components/analytics/charts/tables.tsx(397,15): error TS17004: Cannot use JSX unless the '--jsx' flag is provided.
src/ai-gateway/shared/components/analytics/charts/tables.tsx(401,23): error TS17004: Cannot use JSX unless the '--jsx' flag is provided.
src/ai-gateway/shared/components/analytics/charts/tables.tsx(403,15): error TS17004: Cannot use JSX unless the '--jsx' flag is provided.
src/ai-gateway/shared/components/analytics/charts/tables.tsx(407,22): error TS17004: Cannot use JSX unless the '--jsx' flag is provided.
src/ai-gateway/shared/components/analytics/charts/tables.tsx(409,15): error TS17004: Cannot use JSX unless the '--jsx' flag is provided.
src/ai-gateway/shared/components/analytics/charts/tables.tsx(412,11): error TS17004: Cannot use JSX unless the '--jsx' flag is provided.
src/ai-gateway/shared/components/analytics/charts/tables.tsx(416,17): error TS17004: Cannot use JSX unless the '--jsx' flag is provided.
src/ai-gateway/shared/components/analytics/charts/tables.tsx(420,19): error TS17004: Cannot use JSX unless the '--jsx' flag is provided.
src/ai-gateway/shared/components/analytics/charts/tables.tsx(421,21): error TS17004: Cannot use JSX unless the '--jsx' flag is provided.
src/ai-gateway/shared/components/analytics/charts/tables.tsx(422,23): error TS17004: Cannot use JSX unless the '--jsx' flag is provided.
src/ai-gateway/shared/components/analytics/charts/tables.tsx(426,23): error TS17004: Cannot use JSX unless the '--jsx' flag is provided.
src/ai-gateway/shared/components/analytics/charts/tables.tsx(429,19): error TS17004: Cannot use JSX unless the '--jsx' flag is provided.
src/ai-gateway/shared/components/analytics/charts/tables.tsx(432,19): error TS17004: Cannot use JSX unless the '--jsx' flag is provided.
src/ai-gateway/shared/components/analytics/charts/tables.tsx(435,19): error TS17004: Cannot use JSX unless the '--jsx' flag is provided.
src/ai-gateway/shared/components/analytics/charts/tables.tsx(438,19): error TS17004: Cannot use JSX unless the '--jsx' flag is provided.
src/ai-gateway/shared/components/analytics/charts/tables.tsx(441,19): error TS17004: Cannot use JSX unless the '--jsx' flag is provided.
src/ai-gateway/shared/components/analytics/charts/tables.tsx(444,19): error TS17004: Cannot use JSX unless the '--jsx' flag is provided.
src/ai-gateway/shared/components/analytics/charts/tables.tsx(445,21): error TS17004: Cannot use JSX unless the '--jsx' flag is provided.
src/ai-gateway/shared/components/analytics/charts/tables.tsx(446,23): error TS17004: Cannot use JSX unless the '--jsx' flag is provided.
src/ai-gateway/shared/components/analytics/charts/tables.tsx(447,25): error TS17004: Cannot use JSX unless the '--jsx' flag is provided.
src/ai-gateway/shared/components/analytics/charts/tables.tsx(455,23): error TS17004: Cannot use JSX unless the '--jsx' flag is provided.
src/ai-gateway/shared/components/analytics/charts/trends.tsx(4,27): error TS2307: Cannot find module 'next-intl' or its corresponding type declarations.
src/ai-gateway/shared/components/analytics/charts/trends.tsx(5,18): error TS6142: Module '../../Card' was resolved to 'C:/TESTES DEV/1_PROJETOS_ATIVOS/Zavorth/src/ai-gateway/shared/components/Card.tsx', but '--jsx' is not set.
src/ai-gateway/shared/components/analytics/charts/trends.tsx(6,31): error TS2307: Cannot find module '@/shared/constants/colors' or its corresponding type declarations.
src/ai-gateway/shared/components/analytics/charts/trends.tsx(7,44): error TS2307: Cannot find module '@/shared/utils/formatting' or its corresponding type declarations.
src/ai-gateway/shared/components/analytics/charts/trends.tsx(19,8): error TS2307: Cannot find module 'recharts' or its corresponding type declarations.
src/ai-gateway/shared/components/analytics/charts/trends.tsx(20,77): error TS6142: Module './shared' was resolved to 'C:/TESTES DEV/1_PROJETOS_ATIVOS/Zavorth/src/ai-gateway/shared/components/analytics/charts/shared.tsx', but '--jsx' is not set.
src/ai-gateway/shared/components/analytics/charts/trends.tsx(22,35): error TS7031: Binding element 'dailyTrend' implicitly has an 'any' type.
src/ai-gateway/shared/components/analytics/charts/trends.tsx(24,36): error TS7006: Parameter 'd' implicitly has an 'any' type.
src/ai-gateway/shared/components/analytics/charts/trends.tsx(32,49): error TS7006: Parameter 'd' implicitly has an 'any' type.
src/ai-gateway/shared/components/analytics/charts/trends.tsx(36,7): error TS17004: Cannot use JSX unless the '--jsx' flag is provided.
src/ai-gateway/shared/components/analytics/charts/trends.tsx(37,9): error TS17004: Cannot use JSX unless the '--jsx' flag is provided.
src/ai-gateway/shared/components/analytics/charts/trends.tsx(40,9): error TS17004: Cannot use JSX unless the '--jsx' flag is provided.
src/ai-gateway/shared/components/analytics/charts/trends.tsx(46,5): error TS17004: Cannot use JSX unless the '--jsx' flag is provided.
src/ai-gateway/shared/components/analytics/charts/trends.tsx(47,7): error TS17004: Cannot use JSX unless the '--jsx' flag is provided.
src/ai-gateway/shared/components/analytics/charts/trends.tsx(50,7): error TS17004: Cannot use JSX unless the '--jsx' flag is provided.
src/ai-gateway/shared/components/analytics/charts/trends.tsx(51,9): error TS17004: Cannot use JSX unless the '--jsx' flag is provided.
src/ai-gateway/shared/components/analytics/charts/trends.tsx(55,11): error TS17004: Cannot use JSX unless the '--jsx' flag is provided.
src/ai-gateway/shared/components/analytics/charts/trends.tsx(63,13): error TS17004: Cannot use JSX unless the '--jsx' flag is provided.
src/ai-gateway/shared/components/analytics/charts/trends.tsx(69,31): error TS7006: Parameter 'v' implicitly has an 'any' type.
src/ai-gateway/shared/components/analytics/charts/trends.tsx(73,11): error TS17004: Cannot use JSX unless the '--jsx' flag is provided.
src/ai-gateway/shared/components/analytics/charts/trends.tsx(73,29): error TS17004: Cannot use JSX unless the '--jsx' flag is provided.
src/ai-gateway/shared/components/analytics/charts/trends.tsx(74,11): error TS17004: Cannot use JSX unless the '--jsx' flag is provided.
src/ai-gateway/shared/components/analytics/charts/trends.tsx(82,11): error TS17004: Cannot use JSX unless the '--jsx' flag is provided.
src/ai-gateway/shared/components/analytics/charts/trends.tsx(91,13): error TS17004: Cannot use JSX unless the '--jsx' flag is provided.
src/ai-gateway/shared/components/analytics/charts/trends.tsx(103,7): error TS17004: Cannot use JSX unless the '--jsx' flag is provided.
src/ai-gateway/shared/components/analytics/charts/trends.tsx(104,9): error TS17004: Cannot use JSX unless the '--jsx' flag is provided.
src/ai-gateway/shared/components/analytics/charts/trends.tsx(105,11): error TS17004: Cannot use JSX unless the '--jsx' flag is provided.
src/ai-gateway/shared/components/analytics/charts/trends.tsx(107,9): error TS17004: Cannot use JSX unless the '--jsx' flag is provided.
src/ai-gateway/shared/components/analytics/charts/trends.tsx(108,11): error TS17004: Cannot use JSX unless the '--jsx' flag is provided.
src/ai-gateway/shared/components/analytics/charts/trends.tsx(111,11): error TS17004: Cannot use JSX unless the '--jsx' flag is provided.
src/ai-gateway/shared/components/analytics/charts/trends.tsx(112,13): error TS17004: Cannot use JSX unless the '--jsx' flag is provided.
src/ai-gateway/shared/components/analytics/charts/trends.tsx(120,33): error TS7031: Binding element 'weeklyPattern' implicitly has an 'any' type.
src/ai-gateway/shared/components/analytics/charts/trends.tsx(122,39): error TS7006: Parameter 'w' implicitly has an 'any' type.
src/ai-gateway/shared/components/analytics/charts/trends.tsx(129,5): error TS17004: Cannot use JSX unless the '--jsx' flag is provided.
src/ai-gateway/shared/components/analytics/charts/trends.tsx(130,7): error TS17004: Cannot use JSX unless the '--jsx' flag is provided.
src/ai-gateway/shared/components/analytics/charts/trends.tsx(133,7): error TS17004: Cannot use JSX unless the '--jsx' flag is provided.
src/ai-gateway/shared/components/analytics/charts/trends.tsx(134,9): error TS17004: Cannot use JSX unless the '--jsx' flag is provided.
src/ai-gateway/shared/components/analytics/charts/trends.tsx(135,11): error TS17004: Cannot use JSX unless the '--jsx' flag is provided.
src/ai-gateway/shared/components/analytics/charts/trends.tsx(141,11): error TS17004: Cannot use JSX unless the '--jsx' flag is provided.
src/ai-gateway/shared/components/analytics/charts/trends.tsx(142,22): error TS17004: Cannot use JSX unless the '--jsx' flag is provided.
src/ai-gateway/shared/components/analytics/charts/trends.tsx(145,11): error TS17004: Cannot use JSX unless the '--jsx' flag is provided.
src/ai-gateway/shared/components/analytics/charts/trends.tsx(158,35): error TS7031: Binding element 'activityMap' implicitly has an 'any' type.
src/ai-gateway/shared/components/analytics/charts/trends.tsx(195,5): error TS17004: Cannot use JSX unless the '--jsx' flag is provided.
src/ai-gateway/shared/components/analytics/charts/trends.tsx(196,7): error TS17004: Cannot use JSX unless the '--jsx' flag is provided.
src/ai-gateway/shared/components/analytics/charts/trends.tsx(203,9): error TS17004: Cannot use JSX unless the '--jsx' flag is provided.
src/ai-gateway/shared/components/analytics/charts/trends.tsx(204,11): error TS17004: Cannot use JSX unless the '--jsx' flag is provided.
src/ai-gateway/shared/components/analytics/charts/trends.tsx(207,11): error TS17004: Cannot use JSX unless the '--jsx' flag is provided.
src/ai-gateway/shared/components/analytics/charts/trends.tsx(212,9): error TS17004: Cannot use JSX unless the '--jsx' flag is provided.
src/ai-gateway/shared/components/analytics/charts/trends.tsx(220,35): error TS7031: Binding element 'activityMap' implicitly has an 'any' type.
src/ai-gateway/shared/components/analytics/charts/trends.tsx(252,27): error TS7006: Parameter 'intensity' implicitly has an 'any' type.
src/ai-gateway/shared/components/analytics/charts/trends.tsx(259,5): error TS17004: Cannot use JSX unless the '--jsx' flag is provided.
src/ai-gateway/shared/components/analytics/charts/trends.tsx(260,7): error TS17004: Cannot use JSX unless the '--jsx' flag is provided.
src/ai-gateway/shared/components/analytics/charts/trends.tsx(266,7): error TS17004: Cannot use JSX unless the '--jsx' flag is provided.
src/ai-gateway/shared/components/analytics/charts/trends.tsx(268,11): error TS17004: Cannot use JSX unless the '--jsx' flag is provided.
src/ai-gateway/shared/components/analytics/charts/trends.tsx(272,13): error TS17004: Cannot use JSX unless the '--jsx' flag is provided.
src/ai-gateway/shared/components/analytics/charts/trends.tsx(283,13): error TS17004: Cannot use JSX unless the '--jsx' flag is provided.
src/ai-gateway/shared/components/analytics/charts/trends.tsx(300,38): error TS7031: Binding element 'dailyByModel' implicitly has an 'any' type.
src/ai-gateway/shared/components/analytics/charts/trends.tsx(300,52): error TS7031: Binding element 'modelNames' implicitly has an 'any' type.
src/ai-gateway/shared/components/analytics/charts/trends.tsx(305,22): error TS7006: Parameter 'd' implicitly has an 'any' type.
src/ai-gateway/shared/components/analytics/charts/trends.tsx(317,7): error TS17004: Cannot use JSX unless the '--jsx' flag is provided.
src/ai-gateway/shared/components/analytics/charts/trends.tsx(318,9): error TS17004: Cannot use JSX unless the '--jsx' flag is provided.
src/ai-gateway/shared/components/analytics/charts/trends.tsx(321,9): error TS17004: Cannot use JSX unless the '--jsx' flag is provided.
src/ai-gateway/shared/components/analytics/charts/trends.tsx(327,5): error TS17004: Cannot use JSX unless the '--jsx' flag is provided.
src/ai-gateway/shared/components/analytics/charts/trends.tsx(328,7): error TS17004: Cannot use JSX unless the '--jsx' flag is provided.
src/ai-gateway/shared/components/analytics/charts/trends.tsx(331,7): error TS17004: Cannot use JSX unless the '--jsx' flag is provided.
src/ai-gateway/shared/components/analytics/charts/trends.tsx(332,9): error TS17004: Cannot use JSX unless the '--jsx' flag is provided.
src/ai-gateway/shared/components/analytics/charts/trends.tsx(333,11): error TS17004: Cannot use JSX unless the '--jsx' flag is provided.
src/ai-gateway/shared/components/analytics/charts/trends.tsx(340,11): error TS17004: Cannot use JSX unless the '--jsx' flag is provided.
src/ai-gateway/shared/components/analytics/charts/trends.tsx(342,29): error TS7006: Parameter 'v' implicitly has an 'any' type.
src/ai-gateway/shared/components/analytics/charts/trends.tsx(347,11): error TS17004: Cannot use JSX unless the '--jsx' flag is provided.
src/ai-gateway/shared/components/analytics/charts/trends.tsx(347,29): error TS17004: Cannot use JSX unless the '--jsx' flag is provided.
src/ai-gateway/shared/components/analytics/charts/trends.tsx(348,24): error TS7006: Parameter 'm' implicitly has an 'any' type.
src/ai-gateway/shared/components/analytics/charts/trends.tsx(348,27): error TS7006: Parameter 'i' implicitly has an 'any' type.
src/ai-gateway/shared/components/analytics/charts/trends.tsx(349,13): error TS17004: Cannot use JSX unless the '--jsx' flag is provided.
src/ai-gateway/shared/components/analytics/charts/trends.tsx(363,7): error TS17004: Cannot use JSX unless the '--jsx' flag is provided.
src/ai-gateway/shared/components/analytics/charts/trends.tsx(364,22): error TS7006: Parameter 'm' implicitly has an 'any' type.
src/ai-gateway/shared/components/analytics/charts/trends.tsx(364,25): error TS7006: Parameter 'i' implicitly has an 'any' type.
src/ai-gateway/shared/components/analytics/charts/trends.tsx(365,11): error TS17004: Cannot use JSX unless the '--jsx' flag is provided.
src/ai-gateway/shared/components/analytics/charts/trends.tsx(366,13): error TS17004: Cannot use JSX unless the '--jsx' flag is provided.
src/ai-gateway/shared/components/analytics/index.tsx(28,8): error TS6142: Module './charts' was resolved to 'C:/TESTES DEV/1_PROJETOS_ATIVOS/Zavorth/src/ai-gateway/shared/components/analytics/charts.tsx', but '--jsx' is not set.
src/ai-gateway/shared/components/analytics/TimeRangeSelector.tsx(3,20): error TS2307: Cannot find module '@/shared/utils/cn' or its corresponding type declarations.
src/ai-gateway/shared/components/analytics/TimeRangeSelector.tsx(4,43): error TS2307: Cannot find module '@/shared/types/utilization' or its corresponding type declarations.
src/ai-gateway/shared/components/analytics/TimeRangeSelector.tsx(20,5): error TS17004: Cannot use JSX unless the '--jsx' flag is provided.
src/ai-gateway/shared/components/analytics/TimeRangeSelector.tsx(29,11): error TS17004: Cannot use JSX unless the '--jsx' flag is provided.
src/ai-gateway/shared/components/Avatar.tsx(3,20): error TS2307: Cannot find module '@/shared/utils/cn' or its corresponding type declarations.
src/ai-gateway/shared/components/Avatar.tsx(5,34): error TS7031: Binding element 'src' implicitly has an 'any' type.
src/ai-gateway/shared/components/Avatar.tsx(5,55): error TS7031: Binding element 'name' implicitly has an 'any' type.
src/ai-gateway/shared/components/Avatar.tsx(5,74): error TS7031: Binding element 'className' implicitly has an 'any' type.
src/ai-gateway/shared/components/Avatar.tsx(15,24): error TS7006: Parameter 'name' implicitly has an 'any' type.
src/ai-gateway/shared/components/Avatar.tsx(25,29): error TS7006: Parameter 'name' implicitly has an 'any' type.
src/ai-gateway/shared/components/Avatar.tsx(52,7): error TS17004: Cannot use JSX unless the '--jsx' flag is provided.
src/ai-gateway/shared/components/Avatar.tsx(56,11): error TS7053: Element implicitly has an 'any' type because expression of type 'string' can't be used to index type '{ xs: string; sm: string; md: string; lg: string; xl: string; }'.
  No index signature with a parameter of type 'string' was found on type '{ xs: string; sm: string; md: string; lg: string; xl: string; }'.
src/ai-gateway/shared/components/Avatar.tsx(67,5): error TS17004: Cannot use JSX unless the '--jsx' flag is provided.
src/ai-gateway/shared/components/Avatar.tsx(71,9): error TS7053: Element implicitly has an 'any' type because expression of type 'string' can't be used to index type '{ xs: string; sm: string; md: string; lg: string; xl: string; }'.
  No index signature with a parameter of type 'string' was found on type '{ xs: string; sm: string; md: string; lg: string; xl: string; }'.
src/ai-gateway/shared/components/Badge.tsx(3,20): error TS2307: Cannot find module '@/shared/utils/cn' or its corresponding type declarations.
src/ai-gateway/shared/components/Badge.tsx(38,5): error TS17004: Cannot use JSX unless the '--jsx' flag is provided.
src/ai-gateway/shared/components/Badge.tsx(47,9): error TS17004: Cannot use JSX unless the '--jsx' flag is provided.
src/ai-gateway/shared/components/Badge.tsx(61,9): error TS17004: Cannot use JSX unless the '--jsx' flag is provided.
src/ai-gateway/shared/components/Breadcrumbs.tsx(14,29): error TS2307: Cannot find module 'next/navigation' or its corresponding type declarations.
src/ai-gateway/shared/components/Breadcrumbs.tsx(15,18): error TS2307: Cannot find module 'next/link' or its corresponding type declarations.
src/ai-gateway/shared/components/Breadcrumbs.tsx(39,19): error TS7006: Parameter 'segment' implicitly has an 'any' type.
src/ai-gateway/shared/components/Breadcrumbs.tsx(40,10): error TS7053: Element implicitly has an 'any' type because expression of type 'any' can't be used to index type '{ dashboard: string; providers: string; combos: string; settings: string; logs: string; "audit-log": string; console: string; logger: string; translator: string; playground: string; add: string; edit: string; keys: string; models: string; }'.
src/ai-gateway/shared/components/Breadcrumbs.tsx(48,32): error TS7006: Parameter 'seg' implicitly has an 'any' type.
src/ai-gateway/shared/components/Breadcrumbs.tsx(48,37): error TS7006: Parameter 'idx' implicitly has an 'any' type.
src/ai-gateway/shared/components/Breadcrumbs.tsx(55,5): error TS17004: Cannot use JSX unless the '--jsx' flag is provided.
src/ai-gateway/shared/components/Breadcrumbs.tsx(67,20): error TS7006: Parameter 'crumb' implicitly has an 'any' type.
src/ai-gateway/shared/components/Breadcrumbs.tsx(67,27): error TS7006: Parameter 'i' implicitly has an 'any' type.
src/ai-gateway/shared/components/Breadcrumbs.tsx(68,9): error TS17004: Cannot use JSX unless the '--jsx' flag is provided.
src/ai-gateway/shared/components/Breadcrumbs.tsx(70,13): error TS17004: Cannot use JSX unless the '--jsx' flag is provided.
src/ai-gateway/shared/components/Breadcrumbs.tsx(75,13): error TS17004: Cannot use JSX unless the '--jsx' flag is provided.
src/ai-gateway/shared/components/Breadcrumbs.tsx(82,13): error TS17004: Cannot use JSX unless the '--jsx' flag is provided.
src/ai-gateway/shared/components/Breadcrumbs.tsx(89,30): error TS7006: Parameter 'e' implicitly has an 'any' type.
src/ai-gateway/shared/components/Breadcrumbs.tsx(92,30): error TS7006: Parameter 'e' implicitly has an 'any' type.
src/ai-gateway/shared/components/Button.tsx(3,20): error TS2307: Cannot find module '@/shared/utils/cn' or its corresponding type declarations.
src/ai-gateway/shared/components/Button.tsx(44,5): error TS17004: Cannot use JSX unless the '--jsx' flag is provided.
src/ai-gateway/shared/components/Button.tsx(59,9): error TS17004: Cannot use JSX unless the '--jsx' flag is provided.
src/ai-gateway/shared/components/Button.tsx(66,9): error TS17004: Cannot use JSX unless the '--jsx' flag is provided.
src/ai-gateway/shared/components/Button.tsx(75,9): error TS17004: Cannot use JSX unless the '--jsx' flag is provided.
src/ai-gateway/shared/components/Card.tsx(3,20): error TS2307: Cannot find module '@/shared/utils/cn' or its corresponding type declarations.
src/ai-gateway/shared/components/Card.tsx(36,5): error TS17004: Cannot use JSX unless the '--jsx' flag is provided.
src/ai-gateway/shared/components/Card.tsx(48,9): error TS17004: Cannot use JSX unless the '--jsx' flag is provided.
src/ai-gateway/shared/components/Card.tsx(49,11): error TS17004: Cannot use JSX unless the '--jsx' flag is provided.
src/ai-gateway/shared/components/Card.tsx(51,15): error TS17004: Cannot use JSX unless the '--jsx' flag is provided.
src/ai-gateway/shared/components/Card.tsx(52,17): error TS17004: Cannot use JSX unless the '--jsx' flag is provided.
src/ai-gateway/shared/components/Card.tsx(55,13): error TS17004: Cannot use JSX unless the '--jsx' flag is provided.
src/ai-gateway/shared/components/Card.tsx(56,25): error TS17004: Cannot use JSX unless the '--jsx' flag is provided.
src/ai-gateway/shared/components/Card.tsx(57,28): error TS17004: Cannot use JSX unless the '--jsx' flag is provided.
src/ai-gateway/shared/components/Card.tsx(69,39): error TS7031: Binding element 'children' implicitly has an 'any' type.
src/ai-gateway/shared/components/Card.tsx(69,49): error TS7031: Binding element 'className' implicitly has an 'any' type.
src/ai-gateway/shared/components/Card.tsx(71,5): error TS17004: Cannot use JSX unless the '--jsx' flag is provided.
src/ai-gateway/shared/components/Card.tsx(86,31): error TS7031: Binding element 'children' implicitly has an 'any' type.
src/ai-gateway/shared/components/Card.tsx(86,41): error TS7031: Binding element 'className' implicitly has an 'any' type.
src/ai-gateway/shared/components/Card.tsx(88,5): error TS17004: Cannot use JSX unless the '--jsx' flag is provided.
src/ai-gateway/shared/components/Card.tsx(103,41): error TS7031: Binding element 'children' implicitly has an 'any' type.
src/ai-gateway/shared/components/Card.tsx(103,51): error TS7031: Binding element 'actions' implicitly has an 'any' type.
src/ai-gateway/shared/components/Card.tsx(103,60): error TS7031: Binding element 'className' implicitly has an 'any' type.
src/ai-gateway/shared/components/Card.tsx(105,5): error TS17004: Cannot use JSX unless the '--jsx' flag is provided.
src/ai-gateway/shared/components/Card.tsx(115,7): error TS17004: Cannot use JSX unless the '--jsx' flag is provided.
src/ai-gateway/shared/components/Card.tsx(117,9): error TS17004: Cannot use JSX unless the '--jsx' flag is provided.
src/ai-gateway/shared/components/CloudSyncStatus.tsx(14,27): error TS2307: Cannot find module 'next/navigation' or its corresponding type declarations.
src/ai-gateway/shared/components/CloudSyncStatus.tsx(45,40): error TS2345: Argument of type 'Date' is not assignable to parameter of type 'SetStateAction<null>'.
  Type 'Date' provides no match for the signature '(prevState: null): null'.
src/ai-gateway/shared/components/CloudSyncStatus.tsx(75,18): error TS7053: Element implicitly has an 'any' type because expression of type 'string' can't be used to index type '{ connected: { icon: string; color: string; label: string; }; syncing: { icon: string; color: string; label: string; }; disconnected: { icon: string; color: string; label: string; }; error: { icon: string; color: string; label: string; }; disabled: { ...; }; }'.
  No index signature with a parameter of type 'string' was found on type '{ connected: { icon: string; color: string; label: string; }; syncing: { icon: string; color: string; label: string; }; disconnected: { icon: string; color: string; label: string; }; error: { icon: string; color: string; label: string; }; disabled: { ...; }; }'.
src/ai-gateway/shared/components/CloudSyncStatus.tsx(78,5): error TS17004: Cannot use JSX unless the '--jsx' flag is provided.
src/ai-gateway/shared/components/CloudSyncStatus.tsx(83,101): error TS2339: Property 'toLocaleTimeString' does not exist on type 'never'.
src/ai-gateway/shared/components/CloudSyncStatus.tsx(88,7): error TS17004: Cannot use JSX unless the '--jsx' flag is provided.
src/ai-gateway/shared/components/CloudSyncStatus.tsx(92,9): error TS17004: Cannot use JSX unless the '--jsx' flag is provided.
src/ai-gateway/shared/components/ColumnToggle.tsx(19,68): error TS7031: Binding element 'onToggle' implicitly has an 'any' type.
src/ai-gateway/shared/components/ColumnToggle.tsx(26,22): error TS7006: Parameter 'e' implicitly has an 'any' type.
src/ai-gateway/shared/components/ColumnToggle.tsx(27,39): error TS2339: Property 'contains' does not exist on type 'never'.
src/ai-gateway/shared/components/ColumnToggle.tsx(34,5): error TS17004: Cannot use JSX unless the '--jsx' flag is provided.
src/ai-gateway/shared/components/ColumnToggle.tsx(35,7): error TS17004: Cannot use JSX unless the '--jsx' flag is provided.
src/ai-gateway/shared/components/ColumnToggle.tsx(51,9): error TS17004: Cannot use JSX unless the '--jsx' flag is provided.
src/ai-gateway/shared/components/ColumnToggle.tsx(56,9): error TS17004: Cannot use JSX unless the '--jsx' flag is provided.
src/ai-gateway/shared/components/ColumnToggle.tsx(72,13): error TS17004: Cannot use JSX unless the '--jsx' flag is provided.
src/ai-gateway/shared/components/ColumnToggle.tsx(73,24): error TS2339: Property 'key' does not exist on type 'never'.
src/ai-gateway/shared/components/ColumnToggle.tsx(81,24): error TS7053: Element implicitly has an 'any' type because expression of type 'any' can't be used to index type '{}'.
src/ai-gateway/shared/components/ColumnToggle.tsx(81,36): error TS2339: Property 'key' does not exist on type 'never'.
src/ai-gateway/shared/components/ColumnToggle.tsx(87,15): error TS17004: Cannot use JSX unless the '--jsx' flag is provided.
src/ai-gateway/shared/components/ColumnToggle.tsx(89,26): error TS7053: Element implicitly has an 'any' type because expression of type 'any' can't be used to index type '{}'.
src/ai-gateway/shared/components/ColumnToggle.tsx(89,38): error TS2339: Property 'key' does not exist on type 'never'.
src/ai-gateway/shared/components/ColumnToggle.tsx(90,46): error TS2339: Property 'key' does not exist on type 'never'.
src/ai-gateway/shared/components/ColumnToggle.tsx(93,20): error TS2339: Property 'label' does not exist on type 'never'.
src/ai-gateway/shared/components/ConsoleLogViewer.tsx(3,33): error TS2307: Cannot find module 'next-intl' or its corresponding type declarations.
src/ai-gateway/shared/components/ConsoleLogViewer.tsx(14,33): error TS2307: Cannot find module '@/shared/utils/clipboard' or its corresponding type declarations.
src/ai-gateway/shared/components/ConsoleLogViewer.tsx(133,5): error TS17004: Cannot use JSX unless the '--jsx' flag is provided.
src/ai-gateway/shared/components/ConsoleLogViewer.tsx(135,7): error TS17004: Cannot use JSX unless the '--jsx' flag is provided.
src/ai-gateway/shared/components/ConsoleLogViewer.tsx(137,9): error TS17004: Cannot use JSX unless the '--jsx' flag is provided.
src/ai-gateway/shared/components/ConsoleLogViewer.tsx(143,11): error TS17004: Cannot use JSX unless the '--jsx' flag is provided.
src/ai-gateway/shared/components/ConsoleLogViewer.tsx(144,11): error TS17004: Cannot use JSX unless the '--jsx' flag is provided.
src/ai-gateway/shared/components/ConsoleLogViewer.tsx(145,11): error TS17004: Cannot use JSX unless the '--jsx' flag is provided.
src/ai-gateway/shared/components/ConsoleLogViewer.tsx(146,11): error TS17004: Cannot use JSX unless the '--jsx' flag is provided.
src/ai-gateway/shared/components/ConsoleLogViewer.tsx(147,11): error TS17004: Cannot use JSX unless the '--jsx' flag is provided.
src/ai-gateway/shared/components/ConsoleLogViewer.tsx(151,9): error TS17004: Cannot use JSX unless the '--jsx' flag is provided.
src/ai-gateway/shared/components/ConsoleLogViewer.tsx(161,9): error TS17004: Cannot use JSX unless the '--jsx' flag is provided.
src/ai-gateway/shared/components/ConsoleLogViewer.tsx(170,11): error TS17004: Cannot use JSX unless the '--jsx' flag is provided.
src/ai-gateway/shared/components/ConsoleLogViewer.tsx(177,9): error TS17004: Cannot use JSX unless the '--jsx' flag is provided.
src/ai-gateway/shared/components/ConsoleLogViewer.tsx(182,11): error TS17004: Cannot use JSX unless the '--jsx' flag is provided.
src/ai-gateway/shared/components/ConsoleLogViewer.tsx(186,9): error TS17004: Cannot use JSX unless the '--jsx' flag is provided.
src/ai-gateway/shared/components/ConsoleLogViewer.tsx(187,11): error TS17004: Cannot use JSX unless the '--jsx' flag is provided.
src/ai-gateway/shared/components/ConsoleLogViewer.tsx(188,11): error TS17004: Cannot use JSX unless the '--jsx' flag is provided.
src/ai-gateway/shared/components/ConsoleLogViewer.tsx(189,11): error TS17004: Cannot use JSX unless the '--jsx' flag is provided.
src/ai-gateway/shared/components/ConsoleLogViewer.tsx(190,11): error TS17004: Cannot use JSX unless the '--jsx' flag is provided.
src/ai-gateway/shared/components/ConsoleLogViewer.tsx(192,13): error TS17004: Cannot use JSX unless the '--jsx' flag is provided.
src/ai-gateway/shared/components/ConsoleLogViewer.tsx(193,15): error TS17004: Cannot use JSX unless the '--jsx' flag is provided.
src/ai-gateway/shared/components/ConsoleLogViewer.tsx(194,15): error TS17004: Cannot use JSX unless the '--jsx' flag is provided.
src/ai-gateway/shared/components/ConsoleLogViewer.tsx(202,9): error TS17004: Cannot use JSX unless the '--jsx' flag is provided.
src/ai-gateway/shared/components/ConsoleLogViewer.tsx(206,11): error TS17004: Cannot use JSX unless the '--jsx' flag is provided.
src/ai-gateway/shared/components/ConsoleLogViewer.tsx(208,11): error TS17004: Cannot use JSX unless the '--jsx' flag is provided.
src/ai-gateway/shared/components/ConsoleLogViewer.tsx(215,7): error TS17004: Cannot use JSX unless the '--jsx' flag is provided.
src/ai-gateway/shared/components/ConsoleLogViewer.tsx(224,9): error TS17004: Cannot use JSX unless the '--jsx' flag is provided.
src/ai-gateway/shared/components/ConsoleLogViewer.tsx(225,11): error TS17004: Cannot use JSX unless the '--jsx' flag is provided.
src/ai-gateway/shared/components/ConsoleLogViewer.tsx(226,11): error TS17004: Cannot use JSX unless the '--jsx' flag is provided.
src/ai-gateway/shared/components/ConsoleLogViewer.tsx(227,11): error TS17004: Cannot use JSX unless the '--jsx' flag is provided.
src/ai-gateway/shared/components/ConsoleLogViewer.tsx(228,11): error TS17004: Cannot use JSX unless the '--jsx' flag is provided.
src/ai-gateway/shared/components/ConsoleLogViewer.tsx(232,9): error TS17004: Cannot use JSX unless the '--jsx' flag is provided.
src/ai-gateway/shared/components/ConsoleLogViewer.tsx(234,13): error TS17004: Cannot use JSX unless the '--jsx' flag is provided.
src/ai-gateway/shared/components/ConsoleLogViewer.tsx(235,15): error TS17004: Cannot use JSX unless the '--jsx' flag is provided.
src/ai-gateway/shared/components/ConsoleLogViewer.tsx(238,15): error TS17004: Cannot use JSX unless the '--jsx' flag is provided.
src/ai-gateway/shared/components/ConsoleLogViewer.tsx(239,15): error TS17004: Cannot use JSX unless the '--jsx' flag is provided.
src/ai-gateway/shared/components/ConsoleLogViewer.tsx(252,17): error TS17004: Cannot use JSX unless the '--jsx' flag is provided.
src/ai-gateway/shared/components/ConsoleLogViewer.tsx(259,19): error TS17004: Cannot use JSX unless the '--jsx' flag is provided.
src/ai-gateway/shared/components/ConsoleLogViewer.tsx(264,19): error TS17004: Cannot use JSX unless the '--jsx' flag is provided.
src/ai-gateway/shared/components/ConsoleLogViewer.tsx(271,28): error TS17004: Cannot use JSX unless the '--jsx' flag is provided.
src/ai-gateway/shared/components/ConsoleLogViewer.tsx(274,19): error TS17004: Cannot use JSX unless the '--jsx' flag is provided.
src/ai-gateway/shared/components/ConsoleLogViewer.tsx(278,23): error TS17004: Cannot use JSX unless the '--jsx' flag is provided.
src/ai-gateway/shared/components/ConsoleLogViewer.tsx(285,19): error TS17004: Cannot use JSX unless the '--jsx' flag is provided.
src/ai-gateway/shared/components/ConsoleLogViewer.tsx(290,21): error TS17004: Cannot use JSX unless the '--jsx' flag is provided.
src/ai-gateway/shared/components/ConsoleLogViewer.tsx(300,13): error TS17004: Cannot use JSX unless the '--jsx' flag is provided.
src/ai-gateway/shared/components/ConsoleLogViewer.tsx(301,15): error TS17004: Cannot use JSX unless the '--jsx' flag is provided.
src/ai-gateway/shared/components/CursorAuthModal.tsx(4,23): error TS2307: Cannot find module 'prop-types' or its corresponding type declarations.
src/ai-gateway/shared/components/CursorAuthModal.tsx(5,19): error TS6142: Module './Modal' was resolved to 'C:/TESTES DEV/1_PROJETOS_ATIVOS/Zavorth/src/ai-gateway/shared/components/Modal.tsx', but '--jsx' is not set.
src/ai-gateway/shared/components/CursorAuthModal.tsx(6,20): error TS6142: Module './Button' was resolved to 'C:/TESTES DEV/1_PROJETOS_ATIVOS/Zavorth/src/ai-gateway/shared/components/Button.tsx', but '--jsx' is not set.
src/ai-gateway/shared/components/CursorAuthModal.tsx(7,19): error TS6142: Module './Input' was resolved to 'C:/TESTES DEV/1_PROJETOS_ATIVOS/Zavorth/src/ai-gateway/shared/components/Input.tsx', but '--jsx' is not set.
src/ai-gateway/shared/components/CursorAuthModal.tsx(13,43): error TS7031: Binding element 'isOpen' implicitly has an 'any' type.
src/ai-gateway/shared/components/CursorAuthModal.tsx(13,51): error TS7031: Binding element 'onSuccess' implicitly has an 'any' type.
src/ai-gateway/shared/components/CursorAuthModal.tsx(13,62): error TS7031: Binding element 'onClose' implicitly has an 'any' type.
src/ai-gateway/shared/components/CursorAuthModal.tsx(42,18): error TS2345: Argument of type '"Failed to auto-detect tokens"' is not assignable to parameter of type 'SetStateAction<null>'.
src/ai-gateway/shared/components/CursorAuthModal.tsx(53,16): error TS2345: Argument of type '"Please enter an access token"' is not assignable to parameter of type 'SetStateAction<null>'.
src/ai-gateway/shared/components/CursorAuthModal.tsx(58,16): error TS2345: Argument of type '"Please enter a machine ID"' is not assignable to parameter of type 'SetStateAction<null>'.
src/ai-gateway/shared/components/CursorAuthModal.tsx(85,16): error TS18046: 'err' is of type 'unknown'.
src/ai-gateway/shared/components/CursorAuthModal.tsx(92,5): error TS17004: Cannot use JSX unless the '--jsx' flag is provided.
src/ai-gateway/shared/components/CursorAuthModal.tsx(93,7): error TS17004: Cannot use JSX unless the '--jsx' flag is provided.
src/ai-gateway/shared/components/CursorAuthModal.tsx(96,11): error TS17004: Cannot use JSX unless the '--jsx' flag is provided.
src/ai-gateway/shared/components/CursorAuthModal.tsx(97,13): error TS17004: Cannot use JSX unless the '--jsx' flag is provided.
src/ai-gateway/shared/components/CursorAuthModal.tsx(98,15): error TS17004: Cannot use JSX unless the '--jsx' flag is provided.
src/ai-gateway/shared/components/CursorAuthModal.tsx(102,13): error TS17004: Cannot use JSX unless the '--jsx' flag is provided.
src/ai-gateway/shared/components/CursorAuthModal.tsx(103,13): error TS17004: Cannot use JSX unless the '--jsx' flag is provided.
src/ai-gateway/shared/components/CursorAuthModal.tsx(109,11): error TS17004: Cannot use JSX unless the '--jsx' flag is provided.
src/ai-gateway/shared/components/CursorAuthModal.tsx(112,15): error TS17004: Cannot use JSX unless the '--jsx' flag is provided.
src/ai-gateway/shared/components/CursorAuthModal.tsx(113,17): error TS17004: Cannot use JSX unless the '--jsx' flag is provided.
src/ai-gateway/shared/components/CursorAuthModal.tsx(114,19): error TS17004: Cannot use JSX unless the '--jsx' flag is provided.
src/ai-gateway/shared/components/CursorAuthModal.tsx(117,19): error TS17004: Cannot use JSX unless the '--jsx' flag is provided.
src/ai-gateway/shared/components/CursorAuthModal.tsx(126,15): error TS17004: Cannot use JSX unless the '--jsx' flag is provided.
src/ai-gateway/shared/components/CursorAuthModal.tsx(127,17): error TS17004: Cannot use JSX unless the '--jsx' flag is provided.
src/ai-gateway/shared/components/CursorAuthModal.tsx(128,19): error TS17004: Cannot use JSX unless the '--jsx' flag is provided.
src/ai-gateway/shared/components/CursorAuthModal.tsx(131,19): error TS17004: Cannot use JSX unless the '--jsx' flag is provided.
src/ai-gateway/shared/components/CursorAuthModal.tsx(139,13): error TS17004: Cannot use JSX unless the '--jsx' flag is provided.
src/ai-gateway/shared/components/CursorAuthModal.tsx(140,15): error TS17004: Cannot use JSX unless the '--jsx' flag is provided.
src/ai-gateway/shared/components/CursorAuthModal.tsx(141,30): error TS17004: Cannot use JSX unless the '--jsx' flag is provided.
src/ai-gateway/shared/components/CursorAuthModal.tsx(143,15): error TS17004: Cannot use JSX unless the '--jsx' flag is provided.
src/ai-gateway/shared/components/CursorAuthModal.tsx(153,13): error TS17004: Cannot use JSX unless the '--jsx' flag is provided.
src/ai-gateway/shared/components/CursorAuthModal.tsx(154,15): error TS17004: Cannot use JSX unless the '--jsx' flag is provided.
src/ai-gateway/shared/components/CursorAuthModal.tsx(155,28): error TS17004: Cannot use JSX unless the '--jsx' flag is provided.
src/ai-gateway/shared/components/CursorAuthModal.tsx(157,15): error TS17004: Cannot use JSX unless the '--jsx' flag is provided.
src/ai-gateway/shared/components/CursorAuthModal.tsx(167,15): error TS17004: Cannot use JSX unless the '--jsx' flag is provided.
src/ai-gateway/shared/components/CursorAuthModal.tsx(168,17): error TS17004: Cannot use JSX unless the '--jsx' flag is provided.
src/ai-gateway/shared/components/CursorAuthModal.tsx(173,13): error TS17004: Cannot use JSX unless the '--jsx' flag is provided.
src/ai-gateway/shared/components/CursorAuthModal.tsx(174,15): error TS17004: Cannot use JSX unless the '--jsx' flag is provided.
src/ai-gateway/shared/components/CursorAuthModal.tsx(181,15): error TS17004: Cannot use JSX unless the '--jsx' flag is provided.
src/ai-gateway/shared/components/DataTable.tsx(61,7): error TS17004: Cannot use JSX unless the '--jsx' flag is provided.
src/ai-gateway/shared/components/DataTable.tsx(71,9): error TS17004: Cannot use JSX unless the '--jsx' flag is provided.
src/ai-gateway/shared/components/DataTable.tsx(73,9): error TS17004: Cannot use JSX unless the '--jsx' flag is provided.
src/ai-gateway/shared/components/DataTable.tsx(80,7): error TS17004: Cannot use JSX unless the '--jsx' flag is provided.
src/ai-gateway/shared/components/DataTable.tsx(91,9): error TS17004: Cannot use JSX unless the '--jsx' flag is provided.
src/ai-gateway/shared/components/DataTable.tsx(98,5): error TS17004: Cannot use JSX unless the '--jsx' flag is provided.
src/ai-gateway/shared/components/DataTable.tsx(99,7): error TS17004: Cannot use JSX unless the '--jsx' flag is provided.
src/ai-gateway/shared/components/DataTable.tsx(107,9): error TS17004: Cannot use JSX unless the '--jsx' flag is provided.
src/ai-gateway/shared/components/DataTable.tsx(108,11): error TS17004: Cannot use JSX unless the '--jsx' flag is provided.
src/ai-gateway/shared/components/DataTable.tsx(110,15): error TS17004: Cannot use JSX unless the '--jsx' flag is provided.
src/ai-gateway/shared/components/DataTable.tsx(133,9): error TS17004: Cannot use JSX unless the '--jsx' flag is provided.
src/ai-gateway/shared/components/DataTable.tsx(135,13): error TS17004: Cannot use JSX unless the '--jsx' flag is provided.
src/ai-gateway/shared/components/DataTable.tsx(161,17): error TS17004: Cannot use JSX unless the '--jsx' flag is provided.
src/ai-gateway/shared/components/DegradationBadge.tsx(4,18): error TS2307: Cannot find module 'next/link' or its corresponding type declarations.
src/ai-gateway/shared/components/DegradationBadge.tsx(5,33): error TS2307: Cannot find module 'next-intl' or its corresponding type declarations.
src/ai-gateway/shared/components/DegradationBadge.tsx(32,5): error TS17004: Cannot use JSX unless the '--jsx' flag is provided.
src/ai-gateway/shared/components/DegradationBadge.tsx(37,7): error TS17004: Cannot use JSX unless the '--jsx' flag is provided.
src/ai-gateway/shared/components/DegradationBadge.tsx(38,7): error TS17004: Cannot use JSX unless the '--jsx' flag is provided.
src/ai-gateway/shared/components/EmptyState.tsx(35,5): error TS17004: Cannot use JSX unless the '--jsx' flag is provided.
src/ai-gateway/shared/components/EmptyState.tsx(46,7): error TS17004: Cannot use JSX unless the '--jsx' flag is provided.
src/ai-gateway/shared/components/EmptyState.tsx(58,7): error TS17004: Cannot use JSX unless the '--jsx' flag is provided.
src/ai-gateway/shared/components/EmptyState.tsx(70,9): error TS17004: Cannot use JSX unless the '--jsx' flag is provided.
src/ai-gateway/shared/components/EmptyState.tsx(83,9): error TS17004: Cannot use JSX unless the '--jsx' flag is provided.
src/ai-gateway/shared/components/EmptyState.tsx(109,7): error TS17004: Cannot use JSX unless the '--jsx' flag is provided.
src/ai-gateway/shared/components/ErrorPageScaffold.tsx(1,18): error TS2307: Cannot find module 'next/link' or its corresponding type declarations.
src/ai-gateway/shared/components/ErrorPageScaffold.tsx(28,5): error TS17004: Cannot use JSX unless the '--jsx' flag is provided.
src/ai-gateway/shared/components/ErrorPageScaffold.tsx(33,7): error TS17004: Cannot use JSX unless the '--jsx' flag is provided.
src/ai-gateway/shared/components/ErrorPageScaffold.tsx(34,9): error TS17004: Cannot use JSX unless the '--jsx' flag is provided.
src/ai-gateway/shared/components/ErrorPageScaffold.tsx(35,11): error TS17004: Cannot use JSX unless the '--jsx' flag is provided.
src/ai-gateway/shared/components/ErrorPageScaffold.tsx(38,11): error TS17004: Cannot use JSX unless the '--jsx' flag is provided.
src/ai-gateway/shared/components/ErrorPageScaffold.tsx(44,11): error TS17004: Cannot use JSX unless the '--jsx' flag is provided.
src/ai-gateway/shared/components/ErrorPageScaffold.tsx(47,11): error TS17004: Cannot use JSX unless the '--jsx' flag is provided.
src/ai-gateway/shared/components/ErrorPageScaffold.tsx(51,11): error TS17004: Cannot use JSX unless the '--jsx' flag is provided.
src/ai-gateway/shared/components/ErrorPageScaffold.tsx(56,15): error TS17004: Cannot use JSX unless the '--jsx' flag is provided.
src/ai-gateway/shared/components/ErrorPageScaffold.tsx(57,17): error TS17004: Cannot use JSX unless the '--jsx' flag is provided.
src/ai-gateway/shared/components/ErrorPageScaffold.tsx(63,17): error TS17004: Cannot use JSX unless the '--jsx' flag is provided.
src/ai-gateway/shared/components/ErrorPageScaffold.tsx(69,9): error TS17004: Cannot use JSX unless the '--jsx' flag is provided.
src/ai-gateway/shared/components/ErrorPageScaffold.tsx(70,11): error TS17004: Cannot use JSX unless the '--jsx' flag is provided.
src/ai-gateway/shared/components/ErrorPageScaffold.tsx(76,11): error TS17004: Cannot use JSX unless the '--jsx' flag is provided.
src/ai-gateway/shared/components/expressive/ExpressivePromptBar.tsx(4,41): error TS2307: Cannot find module 'framer-motion' or its corresponding type declarations.
src/ai-gateway/shared/components/expressive/ExpressivePromptBar.tsx(34,5): error TS17004: Cannot use JSX unless the '--jsx' flag is provided.
src/ai-gateway/shared/components/expressive/ExpressivePromptBar.tsx(53,7): error TS17004: Cannot use JSX unless the '--jsx' flag is provided.
src/ai-gateway/shared/components/expressive/ExpressivePromptBar.tsx(63,7): error TS17004: Cannot use JSX unless the '--jsx' flag is provided.
src/ai-gateway/shared/components/expressive/ExpressivePromptBar.tsx(141,5): error TS17004: Cannot use JSX unless the '--jsx' flag is provided.
src/ai-gateway/shared/components/expressive/ExpressivePromptBar.tsx(146,7): error TS17004: Cannot use JSX unless the '--jsx' flag is provided.
src/ai-gateway/shared/components/expressive/ExpressivePromptBar.tsx(148,9): error TS17004: Cannot use JSX unless the '--jsx' flag is provided.
src/ai-gateway/shared/components/expressive/ExpressivePromptBar.tsx(150,13): error TS17004: Cannot use JSX unless the '--jsx' flag is provided.
src/ai-gateway/shared/components/expressive/ExpressivePromptBar.tsx(166,17): error TS17004: Cannot use JSX unless the '--jsx' flag is provided.
src/ai-gateway/shared/components/expressive/ExpressivePromptBar.tsx(172,19): error TS17004: Cannot use JSX unless the '--jsx' flag is provided.
src/ai-gateway/shared/components/expressive/ExpressivePromptBar.tsx(183,9): error TS17004: Cannot use JSX unless the '--jsx' flag is provided.
src/ai-gateway/shared/components/expressive/ExpressivePromptBar.tsx(194,11): error TS17004: Cannot use JSX unless the '--jsx' flag is provided.
src/ai-gateway/shared/components/expressive/ExpressivePromptBar.tsx(195,26): error TS17004: Cannot use JSX unless the '--jsx' flag is provided.
src/ai-gateway/shared/components/expressive/ExpressivePromptBar.tsx(199,11): error TS17004: Cannot use JSX unless the '--jsx' flag is provided.
src/ai-gateway/shared/components/expressive/ExpressivePromptBar.tsx(207,13): error TS17004: Cannot use JSX unless the '--jsx' flag is provided.
src/ai-gateway/shared/components/expressive/ExpressivePromptBar.tsx(211,11): error TS17004: Cannot use JSX unless the '--jsx' flag is provided.
src/ai-gateway/shared/components/expressive/ExpressivePromptBar.tsx(224,11): error TS17004: Cannot use JSX unless the '--jsx' flag is provided.
src/ai-gateway/shared/components/expressive/ExpressivePromptBar.tsx(240,13): error TS17004: Cannot use JSX unless the '--jsx' flag is provided.
src/ai-gateway/shared/components/expressive/ExpressiveResponseRenderer.tsx(4,41): error TS2307: Cannot find module 'framer-motion' or its corresponding type declarations.
src/ai-gateway/shared/components/expressive/ExpressiveResponseRenderer.tsx(92,9): error TS17004: Cannot use JSX unless the '--jsx' flag is provided.
src/ai-gateway/shared/components/expressive/ExpressiveResponseRenderer.tsx(99,9): error TS17004: Cannot use JSX unless the '--jsx' flag is provided.
src/ai-gateway/shared/components/expressive/ExpressiveResponseRenderer.tsx(107,12): error TS17004: Cannot use JSX unless the '--jsx' flag is provided.
src/ai-gateway/shared/components/expressive/ExpressiveResponseRenderer.tsx(118,5): error TS17004: Cannot use JSX unless the '--jsx' flag is provided.
src/ai-gateway/shared/components/expressive/ExpressiveResponseRenderer.tsx(120,9): error TS17004: Cannot use JSX unless the '--jsx' flag is provided.
src/ai-gateway/shared/components/expressive/ExpressiveResponseRenderer.tsx(132,5): error TS17004: Cannot use JSX unless the '--jsx' flag is provided.
src/ai-gateway/shared/components/expressive/ExpressiveResponseRenderer.tsx(134,7): error TS17004: Cannot use JSX unless the '--jsx' flag is provided.
src/ai-gateway/shared/components/expressive/ExpressiveResponseRenderer.tsx(138,9): error TS17004: Cannot use JSX unless the '--jsx' flag is provided.
src/ai-gateway/shared/components/expressive/ExpressiveResponseRenderer.tsx(145,9): error TS17004: Cannot use JSX unless the '--jsx' flag is provided.
src/ai-gateway/shared/components/expressive/ExpressiveResponseRenderer.tsx(148,9): error TS17004: Cannot use JSX unless the '--jsx' flag is provided.
src/ai-gateway/shared/components/expressive/ExpressiveResponseRenderer.tsx(158,7): error TS17004: Cannot use JSX unless the '--jsx' flag is provided.
src/ai-gateway/shared/components/expressive/ExpressiveResponseRenderer.tsx(160,11): error TS17004: Cannot use JSX unless the '--jsx' flag is provided.
src/ai-gateway/shared/components/expressive/ExpressiveResponseRenderer.tsx(167,13): error TS17004: Cannot use JSX unless the '--jsx' flag is provided.
src/ai-gateway/shared/components/expressive/ExpressiveResponseRenderer.tsx(180,7): error TS17004: Cannot use JSX unless the '--jsx' flag is provided.
src/ai-gateway/shared/components/expressive/ExpressiveResponseRenderer.tsx(185,7): error TS17004: Cannot use JSX unless the '--jsx' flag is provided.
src/ai-gateway/shared/components/expressive/ExpressiveResponseRenderer.tsx(190,7): error TS17004: Cannot use JSX unless the '--jsx' flag is provided.
src/ai-gateway/shared/components/expressive/ExpressiveResponseRenderer.tsx(203,5): error TS17004: Cannot use JSX unless the '--jsx' flag is provided.
src/ai-gateway/shared/components/expressive/ExpressiveResponseRenderer.tsx(210,7): error TS17004: Cannot use JSX unless the '--jsx' flag is provided.
src/ai-gateway/shared/components/expressive/ExpressiveResponseRenderer.tsx(213,7): error TS17004: Cannot use JSX unless the '--jsx' flag is provided.
src/ai-gateway/shared/components/expressive/ExpressiveResponseRenderer.tsx(217,9): error TS17004: Cannot use JSX unless the '--jsx' flag is provided.
src/ai-gateway/shared/components/expressive/ExpressiveResponseRenderer.tsx(228,5): error TS17004: Cannot use JSX unless the '--jsx' flag is provided.
src/ai-gateway/shared/components/expressive/ExpressiveResponseRenderer.tsx(230,9): error TS17004: Cannot use JSX unless the '--jsx' flag is provided.
src/ai-gateway/shared/components/expressive/ExpressiveResponseRenderer.tsx(274,5): error TS17004: Cannot use JSX unless the '--jsx' flag is provided.
src/ai-gateway/shared/components/expressive/ExpressiveResponseRenderer.tsx(279,7): error TS17004: Cannot use JSX unless the '--jsx' flag is provided.
src/ai-gateway/shared/components/expressive/ExpressiveResponseRenderer.tsx(285,13): error TS17004: Cannot use JSX unless the '--jsx' flag is provided.
src/ai-gateway/shared/components/expressive/ExpressiveResponseRenderer.tsx(296,15): error TS17004: Cannot use JSX unless the '--jsx' flag is provided.
src/ai-gateway/shared/components/expressive/ExpressiveResponseRenderer.tsx(303,19): error TS17004: Cannot use JSX unless the '--jsx' flag is provided.
src/ai-gateway/shared/components/expressive/ExpressiveResponseRenderer.tsx(313,19): error TS17004: Cannot use JSX unless the '--jsx' flag is provided.
src/ai-gateway/shared/components/expressive/ExpressiveResponseRenderer.tsx(315,23): error TS17004: Cannot use JSX unless the '--jsx' flag is provided.
src/ai-gateway/shared/components/expressive/ExpressiveResponseRenderer.tsx(323,27): error TS17004: Cannot use JSX unless the '--jsx' flag is provided.
src/ai-gateway/shared/components/expressive/ExpressiveResponseRenderer.tsx(332,19): error TS17004: Cannot use JSX unless the '--jsx' flag is provided.
src/ai-gateway/shared/components/expressive/ExpressiveResponseRenderer.tsx(337,25): error TS17004: Cannot use JSX unless the '--jsx' flag is provided.
src/ai-gateway/shared/components/expressive/ExpressiveResponseRenderer.tsx(344,53): error TS17004: Cannot use JSX unless the '--jsx' flag is provided.
src/ai-gateway/shared/components/expressive/ExpressiveResponseRenderer.tsx(346,29): error TS17004: Cannot use JSX unless the '--jsx' flag is provided.
src/ai-gateway/shared/components/expressive/ExpressiveResponseRenderer.tsx(352,29): error TS17004: Cannot use JSX unless the '--jsx' flag is provided.
src/ai-gateway/shared/components/expressive/ExpressiveResponseRenderer.tsx(359,56): error TS17004: Cannot use JSX unless the '--jsx' flag is provided.
src/ai-gateway/shared/components/expressive/index.ts(1,32): error TS6142: Module './SparkIndicator' was resolved to 'C:/TESTES DEV/1_PROJETOS_ATIVOS/Zavorth/src/ai-gateway/shared/components/expressive/SparkIndicator.tsx', but '--jsx' is not set.
src/ai-gateway/shared/components/expressive/index.ts(2,37): error TS6142: Module './ExpressivePromptBar' was resolved to 'C:/TESTES DEV/1_PROJETOS_ATIVOS/Zavorth/src/ai-gateway/shared/components/expressive/ExpressivePromptBar.tsx', but '--jsx' is not set.
src/ai-gateway/shared/components/expressive/index.ts(3,44): error TS6142: Module './ExpressiveResponseRenderer' was resolved to 'C:/TESTES DEV/1_PROJETOS_ATIVOS/Zavorth/src/ai-gateway/shared/components/expressive/ExpressiveResponseRenderer.tsx', but '--jsx' is not set.
src/ai-gateway/shared/components/expressive/SparkIndicator.tsx(4,41): error TS2307: Cannot find module 'framer-motion' or its corresponding type declarations.
src/ai-gateway/shared/components/expressive/SparkIndicator.tsx(125,5): error TS17004: Cannot use JSX unless the '--jsx' flag is provided.
src/ai-gateway/shared/components/expressive/SparkIndicator.tsx(178,5): error TS17004: Cannot use JSX unless the '--jsx' flag is provided.
src/ai-gateway/shared/components/expressive/SparkIndicator.tsx(224,5): error TS17004: Cannot use JSX unless the '--jsx' flag is provided.
src/ai-gateway/shared/components/expressive/SparkIndicator.tsx(320,5): error TS17004: Cannot use JSX unless the '--jsx' flag is provided.
src/ai-gateway/shared/components/expressive/SparkIndicator.tsx(332,7): error TS17004: Cannot use JSX unless the '--jsx' flag is provided.
src/ai-gateway/shared/components/expressive/SparkIndicator.tsx(341,9): error TS17004: Cannot use JSX unless the '--jsx' flag is provided.
src/ai-gateway/shared/components/expressive/SparkIndicator.tsx(343,11): error TS17004: Cannot use JSX unless the '--jsx' flag is provided.
src/ai-gateway/shared/components/expressive/SparkIndicator.tsx(344,13): error TS17004: Cannot use JSX unless the '--jsx' flag is provided.
src/ai-gateway/shared/components/expressive/SparkIndicator.tsx(345,15): error TS17004: Cannot use JSX unless the '--jsx' flag is provided.
src/ai-gateway/shared/components/expressive/SparkIndicator.tsx(352,13): error TS17004: Cannot use JSX unless the '--jsx' flag is provided.
src/ai-gateway/shared/components/expressive/SparkIndicator.tsx(353,15): error TS17004: Cannot use JSX unless the '--jsx' flag is provided.
src/ai-gateway/shared/components/expressive/SparkIndicator.tsx(360,13): error TS17004: Cannot use JSX unless the '--jsx' flag is provided.
src/ai-gateway/shared/components/expressive/SparkIndicator.tsx(361,15): error TS17004: Cannot use JSX unless the '--jsx' flag is provided.
src/ai-gateway/shared/components/expressive/SparkIndicator.tsx(371,11): error TS17004: Cannot use JSX unless the '--jsx' flag is provided.
src/ai-gateway/shared/components/expressive/SparkIndicator.tsx(372,13): error TS17004: Cannot use JSX unless the '--jsx' flag is provided.
src/ai-gateway/shared/components/expressive/SparkIndicator.tsx(373,13): error TS17004: Cannot use JSX unless the '--jsx' flag is provided.
src/ai-gateway/shared/components/expressive/SparkIndicator.tsx(386,11): error TS17004: Cannot use JSX unless the '--jsx' flag is provided.
src/ai-gateway/shared/components/expressive/SparkIndicator.tsx(397,9): error TS17004: Cannot use JSX unless the '--jsx' flag is provided.
src/ai-gateway/shared/components/expressive/SparkIndicator.tsx(399,13): error TS17004: Cannot use JSX unless the '--jsx' flag is provided.
src/ai-gateway/shared/components/expressive/SparkIndicator.tsx(401,17): error TS17004: Cannot use JSX unless the '--jsx' flag is provided.
src/ai-gateway/shared/components/expressive/SparkIndicator.tsx(415,9): error TS17004: Cannot use JSX unless the '--jsx' flag is provided.
src/ai-gateway/shared/components/expressive/SparkIndicator.tsx(418,15): error TS17004: Cannot use JSX unless the '--jsx' flag is provided.
src/ai-gateway/shared/components/expressive/SparkIndicator.tsx(429,9): error TS17004: Cannot use JSX unless the '--jsx' flag is provided.
src/ai-gateway/shared/components/expressive/SparkIndicator.tsx(434,11): error TS17004: Cannot use JSX unless the '--jsx' flag is provided.
src/ai-gateway/shared/components/expressive/SparkIndicator.tsx(444,9): error TS17004: Cannot use JSX unless the '--jsx' flag is provided.
src/ai-gateway/shared/components/expressive/SparkIndicator.tsx(449,11): error TS17004: Cannot use JSX unless the '--jsx' flag is provided.
src/ai-gateway/shared/components/expressive/SparkIndicator.tsx(463,9): error TS17004: Cannot use JSX unless the '--jsx' flag is provided.
src/ai-gateway/shared/components/FilterBar.tsx(27,3): error TS7031: Binding element 'onSearchChange' implicitly has an 'any' type.
src/ai-gateway/shared/components/FilterBar.tsx(31,3): error TS7031: Binding element 'onFilterChange' implicitly has an 'any' type.
src/ai-gateway/shared/components/FilterBar.tsx(32,3): error TS7031: Binding element 'children' implicitly has an 'any' type.
src/ai-gateway/shared/components/FilterBar.tsx(38,45): error TS2339: Property 'key' does not exist on type 'never'.
src/ai-gateway/shared/components/FilterBar.tsx(45,5): error TS17004: Cannot use JSX unless the '--jsx' flag is provided.
src/ai-gateway/shared/components/FilterBar.tsx(55,7): error TS17004: Cannot use JSX unless the '--jsx' flag is provided.
src/ai-gateway/shared/components/FilterBar.tsx(56,9): error TS17004: Cannot use JSX unless the '--jsx' flag is provided.
src/ai-gateway/shared/components/FilterBar.tsx(72,9): error TS17004: Cannot use JSX unless the '--jsx' flag is provided.
src/ai-gateway/shared/components/FilterBar.tsx(89,9): error TS17004: Cannot use JSX unless the '--jsx' flag is provided.
src/ai-gateway/shared/components/FilterBar.tsx(89,26): error TS2339: Property 'key' does not exist on type 'never'.
src/ai-gateway/shared/components/FilterBar.tsx(90,11): error TS17004: Cannot use JSX unless the '--jsx' flag is provided.
src/ai-gateway/shared/components/FilterBar.tsx(91,72): error TS2339: Property 'key' does not exist on type 'never'.
src/ai-gateway/shared/components/FilterBar.tsx(91,92): error TS2339: Property 'key' does not exist on type 'never'.
src/ai-gateway/shared/components/FilterBar.tsx(95,36): error TS7053: Element implicitly has an 'any' type because expression of type 'any' can't be used to index type '{}'.
src/ai-gateway/shared/components/FilterBar.tsx(95,57): error TS2339: Property 'key' does not exist on type 'never'.
src/ai-gateway/shared/components/FilterBar.tsx(96,27): error TS7053: Element implicitly has an 'any' type because expression of type 'any' can't be used to index type '{}'.
src/ai-gateway/shared/components/FilterBar.tsx(96,48): error TS2339: Property 'key' does not exist on type 'never'.
src/ai-gateway/shared/components/FilterBar.tsx(99,22): error TS7053: Element implicitly has an 'any' type because expression of type 'any' can't be used to index type '{}'.
src/ai-gateway/shared/components/FilterBar.tsx(99,43): error TS2339: Property 'key' does not exist on type 'never'.
src/ai-gateway/shared/components/FilterBar.tsx(105,21): error TS2339: Property 'label' does not exist on type 'never'.
src/ai-gateway/shared/components/FilterBar.tsx(106,14): error TS7053: Element implicitly has an 'any' type because expression of type 'any' can't be used to index type '{}'.
src/ai-gateway/shared/components/FilterBar.tsx(106,35): error TS2339: Property 'key' does not exist on type 'never'.
src/ai-gateway/shared/components/FilterBar.tsx(106,48): error TS7053: Element implicitly has an 'any' type because expression of type 'any' can't be used to index type '{}'.
src/ai-gateway/shared/components/FilterBar.tsx(106,69): error TS2339: Property 'key' does not exist on type 'never'.
src/ai-gateway/shared/components/FilterBar.tsx(108,38): error TS2339: Property 'key' does not exist on type 'never'.
src/ai-gateway/shared/components/FilterBar.tsx(109,13): error TS17004: Cannot use JSX unless the '--jsx' flag is provided.
src/ai-gateway/shared/components/FilterBar.tsx(124,15): error TS17004: Cannot use JSX unless the '--jsx' flag is provided.
src/ai-gateway/shared/components/FilterBar.tsx(126,41): error TS2339: Property 'key' does not exist on type 'never'.
src/ai-gateway/shared/components/FilterBar.tsx(144,24): error TS2339: Property 'options' does not exist on type 'never'.
src/ai-gateway/shared/components/FilterBar.tsx(144,44): error TS7006: Parameter 'opt' implicitly has an 'any' type.
src/ai-gateway/shared/components/FilterBar.tsx(145,17): error TS17004: Cannot use JSX unless the '--jsx' flag is provided.
src/ai-gateway/shared/components/FilterBar.tsx(148,43): error TS2339: Property 'key' does not exist on type 'never'.
src/ai-gateway/shared/components/FilterBar.tsx(156,33): error TS7053: Element implicitly has an 'any' type because expression of type 'any' can't be used to index type '{}'.
src/ai-gateway/shared/components/FilterBar.tsx(156,54): error TS2339: Property 'key' does not exist on type 'never'.
src/ai-gateway/shared/components/FilterBar.tsx(159,23): error TS7053: Element implicitly has an 'any' type because expression of type 'any' can't be used to index type '{}'.
src/ai-gateway/shared/components/FilterBar.tsx(159,44): error TS2339: Property 'key' does not exist on type 'never'.
src/ai-gateway/shared/components/FilterBar.tsx(177,9): error TS17004: Cannot use JSX unless the '--jsx' flag is provided.
src/ai-gateway/shared/components/Footer.tsx(3,33): error TS2307: Cannot find module 'next-intl' or its corresponding type declarations.
src/ai-gateway/shared/components/Footer.tsx(5,18): error TS2307: Cannot find module 'next/link' or its corresponding type declarations.
src/ai-gateway/shared/components/Footer.tsx(6,28): error TS2307: Cannot find module '@/shared/constants/config' or its corresponding type declarations.
src/ai-gateway/shared/components/Footer.tsx(42,29): error TS7006: Parameter 'link' implicitly has an 'any' type.
src/ai-gateway/shared/components/Footer.tsx(45,9): error TS17004: Cannot use JSX unless the '--jsx' flag is provided.
src/ai-gateway/shared/components/Footer.tsx(56,7): error TS17004: Cannot use JSX unless the '--jsx' flag is provided.
src/ai-gateway/shared/components/Footer.tsx(63,5): error TS17004: Cannot use JSX unless the '--jsx' flag is provided.
src/ai-gateway/shared/components/Footer.tsx(64,7): error TS17004: Cannot use JSX unless the '--jsx' flag is provided.
src/ai-gateway/shared/components/Footer.tsx(65,9): error TS17004: Cannot use JSX unless the '--jsx' flag is provided.
src/ai-gateway/shared/components/Footer.tsx(67,11): error TS17004: Cannot use JSX unless the '--jsx' flag is provided.
src/ai-gateway/shared/components/Footer.tsx(68,13): error TS17004: Cannot use JSX unless the '--jsx' flag is provided.
src/ai-gateway/shared/components/Footer.tsx(69,15): error TS17004: Cannot use JSX unless the '--jsx' flag is provided.
src/ai-gateway/shared/components/Footer.tsx(70,17): error TS17004: Cannot use JSX unless the '--jsx' flag is provided.
src/ai-gateway/shared/components/Footer.tsx(71,19): error TS17004: Cannot use JSX unless the '--jsx' flag is provided.
src/ai-gateway/shared/components/Footer.tsx(78,15): error TS17004: Cannot use JSX unless the '--jsx' flag is provided.
src/ai-gateway/shared/components/Footer.tsx(80,13): error TS17004: Cannot use JSX unless the '--jsx' flag is provided.
src/ai-gateway/shared/components/Footer.tsx(84,13): error TS17004: Cannot use JSX unless the '--jsx' flag is provided.
src/ai-gateway/shared/components/Footer.tsx(85,15): error TS17004: Cannot use JSX unless the '--jsx' flag is provided.
src/ai-gateway/shared/components/Footer.tsx(92,17): error TS17004: Cannot use JSX unless the '--jsx' flag is provided.
src/ai-gateway/shared/components/Footer.tsx(93,19): error TS17004: Cannot use JSX unless the '--jsx' flag is provided.
src/ai-gateway/shared/components/Footer.tsx(96,15): error TS17004: Cannot use JSX unless the '--jsx' flag is provided.
src/ai-gateway/shared/components/Footer.tsx(103,17): error TS17004: Cannot use JSX unless the '--jsx' flag is provided.
src/ai-gateway/shared/components/Footer.tsx(104,19): error TS17004: Cannot use JSX unless the '--jsx' flag is provided.
src/ai-gateway/shared/components/Footer.tsx(111,11): error TS17004: Cannot use JSX unless the '--jsx' flag is provided.
src/ai-gateway/shared/components/Footer.tsx(112,13): error TS17004: Cannot use JSX unless the '--jsx' flag is provided.
src/ai-gateway/shared/components/Footer.tsx(113,13): error TS17004: Cannot use JSX unless the '--jsx' flag is provided.
src/ai-gateway/shared/components/Footer.tsx(115,17): error TS17004: Cannot use JSX unless the '--jsx' flag is provided.
src/ai-gateway/shared/components/Footer.tsx(121,11): error TS17004: Cannot use JSX unless the '--jsx' flag is provided.
src/ai-gateway/shared/components/Footer.tsx(122,13): error TS17004: Cannot use JSX unless the '--jsx' flag is provided.
src/ai-gateway/shared/components/Footer.tsx(123,13): error TS17004: Cannot use JSX unless the '--jsx' flag is provided.
src/ai-gateway/shared/components/Footer.tsx(125,17): error TS17004: Cannot use JSX unless the '--jsx' flag is provided.
src/ai-gateway/shared/components/Footer.tsx(131,11): error TS17004: Cannot use JSX unless the '--jsx' flag is provided.
src/ai-gateway/shared/components/Footer.tsx(132,13): error TS17004: Cannot use JSX unless the '--jsx' flag is provided.
src/ai-gateway/shared/components/Footer.tsx(133,13): error TS17004: Cannot use JSX unless the '--jsx' flag is provided.
src/ai-gateway/shared/components/Footer.tsx(135,17): error TS17004: Cannot use JSX unless the '--jsx' flag is provided.
src/ai-gateway/shared/components/Footer.tsx(142,9): error TS17004: Cannot use JSX unless the '--jsx' flag is provided.
src/ai-gateway/shared/components/Footer.tsx(143,11): error TS17004: Cannot use JSX unless the '--jsx' flag is provided.
src/ai-gateway/shared/components/Footer.tsx(146,11): error TS17004: Cannot use JSX unless the '--jsx' flag is provided.
src/ai-gateway/shared/components/Footer.tsx(147,13): error TS17004: Cannot use JSX unless the '--jsx' flag is provided.
src/ai-gateway/shared/components/Footer.tsx(150,13): error TS17004: Cannot use JSX unless the '--jsx' flag is provided.
src/ai-gateway/shared/components/Footer.tsx(153,13): error TS17004: Cannot use JSX unless the '--jsx' flag is provided.
src/ai-gateway/shared/components/Footer.tsx(156,13): error TS17004: Cannot use JSX unless the '--jsx' flag is provided.
src/ai-gateway/shared/components/Header.tsx(3,40): error TS2307: Cannot find module 'next/navigation' or its corresponding type declarations.
src/ai-gateway/shared/components/Header.tsx(4,18): error TS2307: Cannot find module 'next/link' or its corresponding type declarations.
src/ai-gateway/shared/components/Header.tsx(5,19): error TS2307: Cannot find module 'next/image' or its corresponding type declarations.
src/ai-gateway/shared/components/Header.tsx(6,23): error TS2307: Cannot find module 'prop-types' or its corresponding type declarations.
src/ai-gateway/shared/components/Header.tsx(7,25): error TS6142: Module './ThemeToggle' was resolved to 'C:/TESTES DEV/1_PROJETOS_ATIVOS/Zavorth/src/ai-gateway/shared/components/ThemeToggle.tsx', but '--jsx' is not set.
src/ai-gateway/shared/components/Header.tsx(8,30): error TS6142: Module './TokenHealthBadge' was resolved to 'C:/TESTES DEV/1_PROJETOS_ATIVOS/Zavorth/src/ai-gateway/shared/components/TokenHealthBadge.tsx', but '--jsx' is not set.
src/ai-gateway/shared/components/Header.tsx(9,30): error TS6142: Module './DegradationBadge' was resolved to 'C:/TESTES DEV/1_PROJETOS_ATIVOS/Zavorth/src/ai-gateway/shared/components/DegradationBadge.tsx', but '--jsx' is not set.
src/ai-gateway/shared/components/Header.tsx(10,30): error TS6142: Module './LanguageSelector' was resolved to 'C:/TESTES DEV/1_PROJETOS_ATIVOS/Zavorth/src/ai-gateway/shared/components/LanguageSelector.tsx', but '--jsx' is not set.
src/ai-gateway/shared/components/Header.tsx(11,26): error TS6142: Module './ProviderIcon' was resolved to 'C:/TESTES DEV/1_PROJETOS_ATIVOS/Zavorth/src/ai-gateway/shared/components/ProviderIcon.tsx', but '--jsx' is not set.
src/ai-gateway/shared/components/Header.tsx(12,33): error TS2307: Cannot find module 'next-intl' or its corresponding type declarations.
src/ai-gateway/shared/components/Header.tsx(20,8): error TS2307: Cannot find module '@/shared/constants/providers' or its corresponding type declarations.
src/ai-gateway/shared/components/Header.tsx(21,31): error TS2307: Cannot find module '@/shared/hooks/useElectron' or its corresponding type declarations.
src/ai-gateway/shared/components/Header.tsx(129,34): error TS7031: Binding element 'onMenuClick' implicitly has an 'any' type.
src/ai-gateway/shared/components/Header.tsx(136,59): error TS2339: Property 'electronAPI' does not exist on type 'Window & typeof globalThis'.
src/ai-gateway/shared/components/Header.tsx(151,5): error TS17004: Cannot use JSX unless the '--jsx' flag is provided.
src/ai-gateway/shared/components/Header.tsx(160,7): error TS17004: Cannot use JSX unless the '--jsx' flag is provided.
src/ai-gateway/shared/components/Header.tsx(162,11): error TS17004: Cannot use JSX unless the '--jsx' flag is provided.
src/ai-gateway/shared/components/Header.tsx(166,13): error TS17004: Cannot use JSX unless the '--jsx' flag is provided.
src/ai-gateway/shared/components/Header.tsx(172,7): error TS17004: Cannot use JSX unless the '--jsx' flag is provided.
src/ai-gateway/shared/components/Header.tsx(174,11): error TS17004: Cannot use JSX unless the '--jsx' flag is provided.
src/ai-gateway/shared/components/Header.tsx(176,15): error TS17004: Cannot use JSX unless the '--jsx' flag is provided.
src/ai-gateway/shared/components/Header.tsx(181,19): error TS17004: Cannot use JSX unless the '--jsx' flag is provided.
src/ai-gateway/shared/components/Header.tsx(186,19): error TS17004: Cannot use JSX unless the '--jsx' flag is provided.
src/ai-gateway/shared/components/Header.tsx(193,19): error TS17004: Cannot use JSX unless the '--jsx' flag is provided.
src/ai-gateway/shared/components/Header.tsx(195,23): error TS17004: Cannot use JSX unless the '--jsx' flag is provided.
src/ai-gateway/shared/components/Header.tsx(202,35): error TS7006: Parameter 'e' implicitly has an 'any' type.
src/ai-gateway/shared/components/Header.tsx(208,23): error TS17004: Cannot use JSX unless the '--jsx' flag is provided.
src/ai-gateway/shared/components/Header.tsx(210,21): error TS17004: Cannot use JSX unless the '--jsx' flag is provided.
src/ai-gateway/shared/components/Header.tsx(219,11): error TS17004: Cannot use JSX unless the '--jsx' flag is provided.
src/ai-gateway/shared/components/Header.tsx(220,13): error TS17004: Cannot use JSX unless the '--jsx' flag is provided.
src/ai-gateway/shared/components/Header.tsx(221,29): error TS17004: Cannot use JSX unless the '--jsx' flag is provided.
src/ai-gateway/shared/components/Header.tsx(227,7): error TS17004: Cannot use JSX unless the '--jsx' flag is provided.
src/ai-gateway/shared/components/Header.tsx(229,9): error TS17004: Cannot use JSX unless the '--jsx' flag is provided.
src/ai-gateway/shared/components/Header.tsx(232,9): error TS17004: Cannot use JSX unless the '--jsx' flag is provided.
src/ai-gateway/shared/components/Header.tsx(235,24): error TS17004: Cannot use JSX unless the '--jsx' flag is provided.
src/ai-gateway/shared/components/Header.tsx(236,24): error TS17004: Cannot use JSX unless the '--jsx' flag is provided.
src/ai-gateway/shared/components/Header.tsx(239,9): error TS17004: Cannot use JSX unless the '--jsx' flag is provided.
src/ai-gateway/shared/components/Header.tsx(244,11): error TS17004: Cannot use JSX unless the '--jsx' flag is provided.
src/ai-gateway/shared/components/index.tsx(2,35): error TS6142: Module './Button' was resolved to 'C:/TESTES DEV/1_PROJETOS_ATIVOS/Zavorth/src/ai-gateway/shared/components/Button.tsx', but '--jsx' is not set.
src/ai-gateway/shared/components/index.tsx(3,34): error TS6142: Module './Input' was resolved to 'C:/TESTES DEV/1_PROJETOS_ATIVOS/Zavorth/src/ai-gateway/shared/components/Input.tsx', but '--jsx' is not set.
src/ai-gateway/shared/components/index.tsx(4,35): error TS6142: Module './Select' was resolved to 'C:/TESTES DEV/1_PROJETOS_ATIVOS/Zavorth/src/ai-gateway/shared/components/Select.tsx', but '--jsx' is not set.
src/ai-gateway/shared/components/index.tsx(5,33): error TS6142: Module './Card' was resolved to 'C:/TESTES DEV/1_PROJETOS_ATIVOS/Zavorth/src/ai-gateway/shared/components/Card.tsx', but '--jsx' is not set.
src/ai-gateway/shared/components/index.tsx(6,48): error TS6142: Module './Modal' was resolved to 'C:/TESTES DEV/1_PROJETOS_ATIVOS/Zavorth/src/ai-gateway/shared/components/Modal.tsx', but '--jsx' is not set.
src/ai-gateway/shared/components/index.tsx(7,82): error TS6142: Module './Loading' was resolved to 'C:/TESTES DEV/1_PROJETOS_ATIVOS/Zavorth/src/ai-gateway/shared/components/Loading.tsx', but '--jsx' is not set.
src/ai-gateway/shared/components/index.tsx(8,35): error TS6142: Module './Avatar' was resolved to 'C:/TESTES DEV/1_PROJETOS_ATIVOS/Zavorth/src/ai-gateway/shared/components/Avatar.tsx', but '--jsx' is not set.
src/ai-gateway/shared/components/index.tsx(9,34): error TS6142: Module './Badge' was resolved to 'C:/TESTES DEV/1_PROJETOS_ATIVOS/Zavorth/src/ai-gateway/shared/components/Badge.tsx', but '--jsx' is not set.
src/ai-gateway/shared/components/index.tsx(10,35): error TS6142: Module './Toggle' was resolved to 'C:/TESTES DEV/1_PROJETOS_ATIVOS/Zavorth/src/ai-gateway/shared/components/Toggle.tsx', but '--jsx' is not set.
src/ai-gateway/shared/components/index.tsx(11,40): error TS6142: Module './ThemeToggle' was resolved to 'C:/TESTES DEV/1_PROJETOS_ATIVOS/Zavorth/src/ai-gateway/shared/components/ThemeToggle.tsx', but '--jsx' is not set.
src/ai-gateway/shared/components/index.tsx(12,31): error TS6142: Module './ThemeProvider' was resolved to 'C:/TESTES DEV/1_PROJETOS_ATIVOS/Zavorth/src/ai-gateway/shared/components/ThemeProvider.tsx', but '--jsx' is not set.
src/ai-gateway/shared/components/index.tsx(13,36): error TS6142: Module './Sidebar' was resolved to 'C:/TESTES DEV/1_PROJETOS_ATIVOS/Zavorth/src/ai-gateway/shared/components/Sidebar.tsx', but '--jsx' is not set.
src/ai-gateway/shared/components/index.tsx(14,35): error TS6142: Module './Header' was resolved to 'C:/TESTES DEV/1_PROJETOS_ATIVOS/Zavorth/src/ai-gateway/shared/components/Header.tsx', but '--jsx' is not set.
src/ai-gateway/shared/components/index.tsx(15,35): error TS6142: Module './Footer' was resolved to 'C:/TESTES DEV/1_PROJETOS_ATIVOS/Zavorth/src/ai-gateway/shared/components/Footer.tsx', but '--jsx' is not set.
src/ai-gateway/shared/components/index.tsx(16,39): error TS6142: Module './OAuthModal' was resolved to 'C:/TESTES DEV/1_PROJETOS_ATIVOS/Zavorth/src/ai-gateway/shared/components/OAuthModal.tsx', but '--jsx' is not set.
src/ai-gateway/shared/components/index.tsx(17,45): error TS6142: Module './ModelSelectModal' was resolved to 'C:/TESTES DEV/1_PROJETOS_ATIVOS/Zavorth/src/ai-gateway/shared/components/ModelSelectModal.tsx', but '--jsx' is not set.
src/ai-gateway/shared/components/index.tsx(18,46): error TS6142: Module './ManualConfigModal' was resolved to 'C:/TESTES DEV/1_PROJETOS_ATIVOS/Zavorth/src/ai-gateway/shared/components/ManualConfigModal.tsx', but '--jsx' is not set.
src/ai-gateway/shared/components/index.tsx(19,39): error TS6142: Module './UsageStats' was resolved to 'C:/TESTES DEV/1_PROJETOS_ATIVOS/Zavorth/src/ai-gateway/shared/components/UsageStats.tsx', but '--jsx' is not set.
src/ai-gateway/shared/components/index.tsx(20,43): error TS6142: Module './UsageAnalytics' was resolved to 'C:/TESTES DEV/1_PROJETOS_ATIVOS/Zavorth/src/ai-gateway/shared/components/UsageAnalytics.tsx', but '--jsx' is not set.
src/ai-gateway/shared/components/index.tsx(21,44): error TS6142: Module './RequestLoggerV2' was resolved to 'C:/TESTES DEV/1_PROJETOS_ATIVOS/Zavorth/src/ai-gateway/shared/components/RequestLoggerV2.tsx', but '--jsx' is not set.
src/ai-gateway/shared/components/index.tsx(22,45): error TS6142: Module './ProxyConfigModal' was resolved to 'C:/TESTES DEV/1_PROJETOS_ATIVOS/Zavorth/src/ai-gateway/shared/components/ProxyConfigModal.tsx', but '--jsx' is not set.
src/ai-gateway/shared/components/index.tsx(23,40): error TS6142: Module './ProxyLogger' was resolved to 'C:/TESTES DEV/1_PROJETOS_ATIVOS/Zavorth/src/ai-gateway/shared/components/ProxyLogger.tsx', but '--jsx' is not set.
src/ai-gateway/shared/components/index.tsx(24,42): error TS6142: Module './KiroAuthModal' was resolved to 'C:/TESTES DEV/1_PROJETOS_ATIVOS/Zavorth/src/ai-gateway/shared/components/KiroAuthModal.tsx', but '--jsx' is not set.
src/ai-gateway/shared/components/index.tsx(25,45): error TS6142: Module './KiroOAuthWrapper' was resolved to 'C:/TESTES DEV/1_PROJETOS_ATIVOS/Zavorth/src/ai-gateway/shared/components/KiroOAuthWrapper.tsx', but '--jsx' is not set.
src/ai-gateway/shared/components/index.tsx(26,49): error TS6142: Module './KiroSocialOAuthModal' was resolved to 'C:/TESTES DEV/1_PROJETOS_ATIVOS/Zavorth/src/ai-gateway/shared/components/KiroSocialOAuthModal.tsx', but '--jsx' is not set.
src/ai-gateway/shared/components/index.tsx(27,44): error TS6142: Module './CursorAuthModal' was resolved to 'C:/TESTES DEV/1_PROJETOS_ATIVOS/Zavorth/src/ai-gateway/shared/components/CursorAuthModal.tsx', but '--jsx' is not set.
src/ai-gateway/shared/components/index.tsx(28,45): error TS6142: Module './SegmentedControl' was resolved to 'C:/TESTES DEV/1_PROJETOS_ATIVOS/Zavorth/src/ai-gateway/shared/components/SegmentedControl.tsx', but '--jsx' is not set.
src/ai-gateway/shared/components/index.tsx(29,40): error TS6142: Module './Breadcrumbs' was resolved to 'C:/TESTES DEV/1_PROJETOS_ATIVOS/Zavorth/src/ai-gateway/shared/components/Breadcrumbs.tsx', but '--jsx' is not set.
src/ai-gateway/shared/components/index.tsx(30,39): error TS6142: Module './EmptyState' was resolved to 'C:/TESTES DEV/1_PROJETOS_ATIVOS/Zavorth/src/ai-gateway/shared/components/EmptyState.tsx', but '--jsx' is not set.
src/ai-gateway/shared/components/index.tsx(31,46): error TS6142: Module './NotificationToast' was resolved to 'C:/TESTES DEV/1_PROJETOS_ATIVOS/Zavorth/src/ai-gateway/shared/components/NotificationToast.tsx', but '--jsx' is not set.
src/ai-gateway/shared/components/index.tsx(32,38): error TS6142: Module './FilterBar' was resolved to 'C:/TESTES DEV/1_PROJETOS_ATIVOS/Zavorth/src/ai-gateway/shared/components/FilterBar.tsx', but '--jsx' is not set.
src/ai-gateway/shared/components/index.tsx(33,41): error TS6142: Module './ColumnToggle' was resolved to 'C:/TESTES DEV/1_PROJETOS_ATIVOS/Zavorth/src/ai-gateway/shared/components/ColumnToggle.tsx', but '--jsx' is not set.
src/ai-gateway/shared/components/index.tsx(34,38): error TS6142: Module './DataTable' was resolved to 'C:/TESTES DEV/1_PROJETOS_ATIVOS/Zavorth/src/ai-gateway/shared/components/DataTable.tsx', but '--jsx' is not set.
src/ai-gateway/shared/components/index.tsx(37,15): error TS6142: Module './layouts' was resolved to 'C:/TESTES DEV/1_PROJETOS_ATIVOS/Zavorth/src/ai-gateway/shared/components/layouts/index.tsx', but '--jsx' is not set.
src/ai-gateway/shared/components/Input.tsx(4,20): error TS2307: Cannot find module '@/shared/utils/cn' or its corresponding type declarations.
src/ai-gateway/shared/components/Input.tsx(37,5): error TS17004: Cannot use JSX unless the '--jsx' flag is provided.
src/ai-gateway/shared/components/Input.tsx(39,9): error TS17004: Cannot use JSX unless the '--jsx' flag is provided.
src/ai-gateway/shared/components/Input.tsx(42,13): error TS17004: Cannot use JSX unless the '--jsx' flag is provided.
src/ai-gateway/shared/components/Input.tsx(48,7): error TS17004: Cannot use JSX unless the '--jsx' flag is provided.
src/ai-gateway/shared/components/Input.tsx(50,11): error TS17004: Cannot use JSX unless the '--jsx' flag is provided.
src/ai-gateway/shared/components/Input.tsx(51,13): error TS17004: Cannot use JSX unless the '--jsx' flag is provided.
src/ai-gateway/shared/components/Input.tsx(56,9): error TS17004: Cannot use JSX unless the '--jsx' flag is provided.
src/ai-gateway/shared/components/Input.tsx(83,9): error TS17004: Cannot use JSX unless the '--jsx' flag is provided.
src/ai-gateway/shared/components/Input.tsx(84,11): error TS17004: Cannot use JSX unless the '--jsx' flag is provided.
src/ai-gateway/shared/components/Input.tsx(91,9): error TS17004: Cannot use JSX unless the '--jsx' flag is provided.
src/ai-gateway/shared/components/KiroAuthModal.tsx(4,23): error TS2307: Cannot find module 'prop-types' or its corresponding type declarations.
src/ai-gateway/shared/components/KiroAuthModal.tsx(5,19): error TS6142: Module './Modal' was resolved to 'C:/TESTES DEV/1_PROJETOS_ATIVOS/Zavorth/src/ai-gateway/shared/components/Modal.tsx', but '--jsx' is not set.
src/ai-gateway/shared/components/KiroAuthModal.tsx(6,20): error TS6142: Module './Button' was resolved to 'C:/TESTES DEV/1_PROJETOS_ATIVOS/Zavorth/src/ai-gateway/shared/components/Button.tsx', but '--jsx' is not set.
src/ai-gateway/shared/components/KiroAuthModal.tsx(7,19): error TS6142: Module './Input' was resolved to 'C:/TESTES DEV/1_PROJETOS_ATIVOS/Zavorth/src/ai-gateway/shared/components/Input.tsx', but '--jsx' is not set.
src/ai-gateway/shared/components/KiroAuthModal.tsx(13,41): error TS7031: Binding element 'isOpen' implicitly has an 'any' type.
src/ai-gateway/shared/components/KiroAuthModal.tsx(13,49): error TS7031: Binding element 'onMethodSelect' implicitly has an 'any' type.
src/ai-gateway/shared/components/KiroAuthModal.tsx(13,65): error TS7031: Binding element 'onClose' implicitly has an 'any' type.
src/ai-gateway/shared/components/KiroAuthModal.tsx(43,18): error TS2345: Argument of type '"Failed to auto-detect token"' is not assignable to parameter of type 'SetStateAction<null>'.
src/ai-gateway/shared/components/KiroAuthModal.tsx(52,31): error TS7006: Parameter 'method' implicitly has an 'any' type.
src/ai-gateway/shared/components/KiroAuthModal.tsx(64,16): error TS2345: Argument of type '"Please enter a refresh token"' is not assignable to parameter of type 'SetStateAction<null>'.
src/ai-gateway/shared/components/KiroAuthModal.tsx(87,16): error TS18046: 'err' is of type 'unknown'.
src/ai-gateway/shared/components/KiroAuthModal.tsx(95,16): error TS2345: Argument of type '"Please enter your IDC start URL"' is not assignable to parameter of type 'SetStateAction<null>'.
src/ai-gateway/shared/components/KiroAuthModal.tsx(101,30): error TS7006: Parameter 'provider' implicitly has an 'any' type.
src/ai-gateway/shared/components/KiroAuthModal.tsx(106,5): error TS17004: Cannot use JSX unless the '--jsx' flag is provided.
src/ai-gateway/shared/components/KiroAuthModal.tsx(107,7): error TS17004: Cannot use JSX unless the '--jsx' flag is provided.
src/ai-gateway/shared/components/KiroAuthModal.tsx(110,11): error TS17004: Cannot use JSX unless the '--jsx' flag is provided.
src/ai-gateway/shared/components/KiroAuthModal.tsx(111,13): error TS17004: Cannot use JSX unless the '--jsx' flag is provided.
src/ai-gateway/shared/components/KiroAuthModal.tsx(114,13): error TS17004: Cannot use JSX unless the '--jsx' flag is provided.
src/ai-gateway/shared/components/KiroAuthModal.tsx(118,15): error TS17004: Cannot use JSX unless the '--jsx' flag is provided.
src/ai-gateway/shared/components/KiroAuthModal.tsx(119,17): error TS17004: Cannot use JSX unless the '--jsx' flag is provided.
src/ai-gateway/shared/components/KiroAuthModal.tsx(120,17): error TS17004: Cannot use JSX unless the '--jsx' flag is provided.
src/ai-gateway/shared/components/KiroAuthModal.tsx(121,19): error TS17004: Cannot use JSX unless the '--jsx' flag is provided.
src/ai-gateway/shared/components/KiroAuthModal.tsx(122,19): error TS17004: Cannot use JSX unless the '--jsx' flag is provided.
src/ai-gateway/shared/components/KiroAuthModal.tsx(130,13): error TS17004: Cannot use JSX unless the '--jsx' flag is provided.
src/ai-gateway/shared/components/KiroAuthModal.tsx(134,15): error TS17004: Cannot use JSX unless the '--jsx' flag is provided.
src/ai-gateway/shared/components/KiroAuthModal.tsx(135,17): error TS17004: Cannot use JSX unless the '--jsx' flag is provided.
src/ai-gateway/shared/components/KiroAuthModal.tsx(136,17): error TS17004: Cannot use JSX unless the '--jsx' flag is provided.
src/ai-gateway/shared/components/KiroAuthModal.tsx(137,19): error TS17004: Cannot use JSX unless the '--jsx' flag is provided.
src/ai-gateway/shared/components/KiroAuthModal.tsx(138,19): error TS17004: Cannot use JSX unless the '--jsx' flag is provided.
src/ai-gateway/shared/components/KiroAuthModal.tsx(146,13): error TS17004: Cannot use JSX unless the '--jsx' flag is provided.
src/ai-gateway/shared/components/KiroAuthModal.tsx(150,15): error TS17004: Cannot use JSX unless the '--jsx' flag is provided.
src/ai-gateway/shared/components/KiroAuthModal.tsx(151,17): error TS17004: Cannot use JSX unless the '--jsx' flag is provided.
src/ai-gateway/shared/components/KiroAuthModal.tsx(154,17): error TS17004: Cannot use JSX unless the '--jsx' flag is provided.
src/ai-gateway/shared/components/KiroAuthModal.tsx(155,19): error TS17004: Cannot use JSX unless the '--jsx' flag is provided.
src/ai-gateway/shared/components/KiroAuthModal.tsx(156,19): error TS17004: Cannot use JSX unless the '--jsx' flag is provided.
src/ai-gateway/shared/components/KiroAuthModal.tsx(164,13): error TS17004: Cannot use JSX unless the '--jsx' flag is provided.
src/ai-gateway/shared/components/KiroAuthModal.tsx(168,15): error TS17004: Cannot use JSX unless the '--jsx' flag is provided.
src/ai-gateway/shared/components/KiroAuthModal.tsx(169,17): error TS17004: Cannot use JSX unless the '--jsx' flag is provided.
src/ai-gateway/shared/components/KiroAuthModal.tsx(170,17): error TS17004: Cannot use JSX unless the '--jsx' flag is provided.
src/ai-gateway/shared/components/KiroAuthModal.tsx(171,19): error TS17004: Cannot use JSX unless the '--jsx' flag is provided.
src/ai-gateway/shared/components/KiroAuthModal.tsx(172,19): error TS17004: Cannot use JSX unless the '--jsx' flag is provided.
src/ai-gateway/shared/components/KiroAuthModal.tsx(180,13): error TS17004: Cannot use JSX unless the '--jsx' flag is provided.
src/ai-gateway/shared/components/KiroAuthModal.tsx(184,15): error TS17004: Cannot use JSX unless the '--jsx' flag is provided.
src/ai-gateway/shared/components/KiroAuthModal.tsx(185,17): error TS17004: Cannot use JSX unless the '--jsx' flag is provided.
src/ai-gateway/shared/components/KiroAuthModal.tsx(186,17): error TS17004: Cannot use JSX unless the '--jsx' flag is provided.
src/ai-gateway/shared/components/KiroAuthModal.tsx(187,19): error TS17004: Cannot use JSX unless the '--jsx' flag is provided.
src/ai-gateway/shared/components/KiroAuthModal.tsx(188,19): error TS17004: Cannot use JSX unless the '--jsx' flag is provided.
src/ai-gateway/shared/components/KiroAuthModal.tsx(197,11): error TS17004: Cannot use JSX unless the '--jsx' flag is provided.
src/ai-gateway/shared/components/KiroAuthModal.tsx(198,13): error TS17004: Cannot use JSX unless the '--jsx' flag is provided.
src/ai-gateway/shared/components/KiroAuthModal.tsx(199,15): error TS17004: Cannot use JSX unless the '--jsx' flag is provided.
src/ai-gateway/shared/components/KiroAuthModal.tsx(200,31): error TS17004: Cannot use JSX unless the '--jsx' flag is provided.
src/ai-gateway/shared/components/KiroAuthModal.tsx(202,15): error TS17004: Cannot use JSX unless the '--jsx' flag is provided.
src/ai-gateway/shared/components/KiroAuthModal.tsx(208,15): error TS17004: Cannot use JSX unless the '--jsx' flag is provided.
src/ai-gateway/shared/components/KiroAuthModal.tsx(213,13): error TS17004: Cannot use JSX unless the '--jsx' flag is provided.
src/ai-gateway/shared/components/KiroAuthModal.tsx(214,15): error TS17004: Cannot use JSX unless the '--jsx' flag is provided.
src/ai-gateway/shared/components/KiroAuthModal.tsx(215,15): error TS17004: Cannot use JSX unless the '--jsx' flag is provided.
src/ai-gateway/shared/components/KiroAuthModal.tsx(221,15): error TS17004: Cannot use JSX unless the '--jsx' flag is provided.
src/ai-gateway/shared/components/KiroAuthModal.tsx(226,23): error TS17004: Cannot use JSX unless the '--jsx' flag is provided.
src/ai-gateway/shared/components/KiroAuthModal.tsx(228,13): error TS17004: Cannot use JSX unless the '--jsx' flag is provided.
src/ai-gateway/shared/components/KiroAuthModal.tsx(229,15): error TS17004: Cannot use JSX unless the '--jsx' flag is provided.
src/ai-gateway/shared/components/KiroAuthModal.tsx(232,15): error TS17004: Cannot use JSX unless the '--jsx' flag is provided.
src/ai-gateway/shared/components/KiroAuthModal.tsx(241,11): error TS17004: Cannot use JSX unless the '--jsx' flag is provided.
src/ai-gateway/shared/components/KiroAuthModal.tsx(242,13): error TS17004: Cannot use JSX unless the '--jsx' flag is provided.
src/ai-gateway/shared/components/KiroAuthModal.tsx(243,15): error TS17004: Cannot use JSX unless the '--jsx' flag is provided.
src/ai-gateway/shared/components/KiroAuthModal.tsx(244,17): error TS17004: Cannot use JSX unless the '--jsx' flag is provided.
src/ai-gateway/shared/components/KiroAuthModal.tsx(247,17): error TS17004: Cannot use JSX unless the '--jsx' flag is provided.
src/ai-gateway/shared/components/KiroAuthModal.tsx(248,19): error TS17004: Cannot use JSX unless the '--jsx' flag is provided.
src/ai-gateway/shared/components/KiroAuthModal.tsx(251,19): error TS17004: Cannot use JSX unless the '--jsx' flag is provided.
src/ai-gateway/shared/components/KiroAuthModal.tsx(259,13): error TS17004: Cannot use JSX unless the '--jsx' flag is provided.
src/ai-gateway/shared/components/KiroAuthModal.tsx(260,15): error TS17004: Cannot use JSX unless the '--jsx' flag is provided.
src/ai-gateway/shared/components/KiroAuthModal.tsx(263,15): error TS17004: Cannot use JSX unless the '--jsx' flag is provided.
src/ai-gateway/shared/components/KiroAuthModal.tsx(272,11): error TS17004: Cannot use JSX unless the '--jsx' flag is provided.
src/ai-gateway/shared/components/KiroAuthModal.tsx(273,13): error TS17004: Cannot use JSX unless the '--jsx' flag is provided.
src/ai-gateway/shared/components/KiroAuthModal.tsx(274,15): error TS17004: Cannot use JSX unless the '--jsx' flag is provided.
src/ai-gateway/shared/components/KiroAuthModal.tsx(275,17): error TS17004: Cannot use JSX unless the '--jsx' flag is provided.
src/ai-gateway/shared/components/KiroAuthModal.tsx(278,17): error TS17004: Cannot use JSX unless the '--jsx' flag is provided.
src/ai-gateway/shared/components/KiroAuthModal.tsx(279,19): error TS17004: Cannot use JSX unless the '--jsx' flag is provided.
src/ai-gateway/shared/components/KiroAuthModal.tsx(282,19): error TS17004: Cannot use JSX unless the '--jsx' flag is provided.
src/ai-gateway/shared/components/KiroAuthModal.tsx(290,13): error TS17004: Cannot use JSX unless the '--jsx' flag is provided.
src/ai-gateway/shared/components/KiroAuthModal.tsx(291,15): error TS17004: Cannot use JSX unless the '--jsx' flag is provided.
src/ai-gateway/shared/components/KiroAuthModal.tsx(294,15): error TS17004: Cannot use JSX unless the '--jsx' flag is provided.
src/ai-gateway/shared/components/KiroAuthModal.tsx(303,11): error TS17004: Cannot use JSX unless the '--jsx' flag is provided.
src/ai-gateway/shared/components/KiroAuthModal.tsx(306,15): error TS17004: Cannot use JSX unless the '--jsx' flag is provided.
src/ai-gateway/shared/components/KiroAuthModal.tsx(307,17): error TS17004: Cannot use JSX unless the '--jsx' flag is provided.
src/ai-gateway/shared/components/KiroAuthModal.tsx(308,19): error TS17004: Cannot use JSX unless the '--jsx' flag is provided.
src/ai-gateway/shared/components/KiroAuthModal.tsx(312,17): error TS17004: Cannot use JSX unless the '--jsx' flag is provided.
src/ai-gateway/shared/components/KiroAuthModal.tsx(313,17): error TS17004: Cannot use JSX unless the '--jsx' flag is provided.
src/ai-gateway/shared/components/KiroAuthModal.tsx(319,15): error TS17004: Cannot use JSX unless the '--jsx' flag is provided.
src/ai-gateway/shared/components/KiroAuthModal.tsx(322,19): error TS17004: Cannot use JSX unless the '--jsx' flag is provided.
src/ai-gateway/shared/components/KiroAuthModal.tsx(323,21): error TS17004: Cannot use JSX unless the '--jsx' flag is provided.
src/ai-gateway/shared/components/KiroAuthModal.tsx(324,23): error TS17004: Cannot use JSX unless the '--jsx' flag is provided.
src/ai-gateway/shared/components/KiroAuthModal.tsx(327,23): error TS17004: Cannot use JSX unless the '--jsx' flag is provided.
src/ai-gateway/shared/components/KiroAuthModal.tsx(336,19): error TS17004: Cannot use JSX unless the '--jsx' flag is provided.
src/ai-gateway/shared/components/KiroAuthModal.tsx(337,21): error TS17004: Cannot use JSX unless the '--jsx' flag is provided.
src/ai-gateway/shared/components/KiroAuthModal.tsx(338,23): error TS17004: Cannot use JSX unless the '--jsx' flag is provided.
src/ai-gateway/shared/components/KiroAuthModal.tsx(341,23): error TS17004: Cannot use JSX unless the '--jsx' flag is provided.
src/ai-gateway/shared/components/KiroAuthModal.tsx(348,17): error TS17004: Cannot use JSX unless the '--jsx' flag is provided.
src/ai-gateway/shared/components/KiroAuthModal.tsx(349,19): error TS17004: Cannot use JSX unless the '--jsx' flag is provided.
src/ai-gateway/shared/components/KiroAuthModal.tsx(350,35): error TS17004: Cannot use JSX unless the '--jsx' flag is provided.
src/ai-gateway/shared/components/KiroAuthModal.tsx(352,19): error TS17004: Cannot use JSX unless the '--jsx' flag is provided.
src/ai-gateway/shared/components/KiroAuthModal.tsx(361,19): error TS17004: Cannot use JSX unless the '--jsx' flag is provided.
src/ai-gateway/shared/components/KiroAuthModal.tsx(362,21): error TS17004: Cannot use JSX unless the '--jsx' flag is provided.
src/ai-gateway/shared/components/KiroAuthModal.tsx(366,17): error TS17004: Cannot use JSX unless the '--jsx' flag is provided.
src/ai-gateway/shared/components/KiroAuthModal.tsx(367,19): error TS17004: Cannot use JSX unless the '--jsx' flag is provided.
src/ai-gateway/shared/components/KiroAuthModal.tsx(374,19): error TS17004: Cannot use JSX unless the '--jsx' flag is provided.
src/ai-gateway/shared/components/KiroOAuthWrapper.tsx(4,23): error TS2307: Cannot find module 'prop-types' or its corresponding type declarations.
src/ai-gateway/shared/components/KiroOAuthWrapper.tsx(5,24): error TS6142: Module './OAuthModal' was resolved to 'C:/TESTES DEV/1_PROJETOS_ATIVOS/Zavorth/src/ai-gateway/shared/components/OAuthModal.tsx', but '--jsx' is not set.
src/ai-gateway/shared/components/KiroOAuthWrapper.tsx(6,27): error TS6142: Module './KiroAuthModal' was resolved to 'C:/TESTES DEV/1_PROJETOS_ATIVOS/Zavorth/src/ai-gateway/shared/components/KiroAuthModal.tsx', but '--jsx' is not set.
src/ai-gateway/shared/components/KiroOAuthWrapper.tsx(7,34): error TS6142: Module './KiroSocialOAuthModal' was resolved to 'C:/TESTES DEV/1_PROJETOS_ATIVOS/Zavorth/src/ai-gateway/shared/components/KiroSocialOAuthModal.tsx', but '--jsx' is not set.
src/ai-gateway/shared/components/KiroOAuthWrapper.tsx(13,44): error TS7031: Binding element 'isOpen' implicitly has an 'any' type.
src/ai-gateway/shared/components/KiroOAuthWrapper.tsx(13,52): error TS7031: Binding element 'providerInfo' implicitly has an 'any' type.
src/ai-gateway/shared/components/KiroOAuthWrapper.tsx(13,66): error TS7031: Binding element 'onSuccess' implicitly has an 'any' type.
src/ai-gateway/shared/components/KiroOAuthWrapper.tsx(13,77): error TS7031: Binding element 'onClose' implicitly has an 'any' type.
src/ai-gateway/shared/components/KiroOAuthWrapper.tsx(19,6): error TS7006: Parameter 'method' implicitly has an 'any' type.
src/ai-gateway/shared/components/KiroOAuthWrapper.tsx(19,14): error TS7006: Parameter 'config' implicitly has an 'any' type.
src/ai-gateway/shared/components/KiroOAuthWrapper.tsx(22,23): error TS2345: Argument of type '"builder-id"' is not assignable to parameter of type 'SetStateAction<null>'.
src/ai-gateway/shared/components/KiroOAuthWrapper.tsx(25,23): error TS2345: Argument of type '"idc"' is not assignable to parameter of type 'SetStateAction<null>'.
src/ai-gateway/shared/components/KiroOAuthWrapper.tsx(29,23): error TS2345: Argument of type '"social"' is not assignable to parameter of type 'SetStateAction<null>'.
src/ai-gateway/shared/components/KiroOAuthWrapper.tsx(59,12): error TS17004: Cannot use JSX unless the '--jsx' flag is provided.
src/ai-gateway/shared/components/KiroOAuthWrapper.tsx(65,7): error TS17004: Cannot use JSX unless the '--jsx' flag is provided.
src/ai-gateway/shared/components/KiroOAuthWrapper.tsx(79,7): error TS17004: Cannot use JSX unless the '--jsx' flag is provided.
src/ai-gateway/shared/components/KiroSocialOAuthModal.tsx(4,23): error TS2307: Cannot find module 'prop-types' or its corresponding type declarations.
src/ai-gateway/shared/components/KiroSocialOAuthModal.tsx(5,19): error TS6142: Module './Modal' was resolved to 'C:/TESTES DEV/1_PROJETOS_ATIVOS/Zavorth/src/ai-gateway/shared/components/Modal.tsx', but '--jsx' is not set.
src/ai-gateway/shared/components/KiroSocialOAuthModal.tsx(6,20): error TS6142: Module './Button' was resolved to 'C:/TESTES DEV/1_PROJETOS_ATIVOS/Zavorth/src/ai-gateway/shared/components/Button.tsx', but '--jsx' is not set.
src/ai-gateway/shared/components/KiroSocialOAuthModal.tsx(7,19): error TS6142: Module './Input' was resolved to 'C:/TESTES DEV/1_PROJETOS_ATIVOS/Zavorth/src/ai-gateway/shared/components/Input.tsx', but '--jsx' is not set.
src/ai-gateway/shared/components/KiroSocialOAuthModal.tsx(8,36): error TS2307: Cannot find module '@/shared/hooks/useCopyToClipboard' or its corresponding type declarations.
src/ai-gateway/shared/components/KiroSocialOAuthModal.tsx(14,48): error TS7031: Binding element 'isOpen' implicitly has an 'any' type.
src/ai-gateway/shared/components/KiroSocialOAuthModal.tsx(14,56): error TS7031: Binding element 'provider' implicitly has an 'any' type.
src/ai-gateway/shared/components/KiroSocialOAuthModal.tsx(14,66): error TS7031: Binding element 'onSuccess' implicitly has an 'any' type.
src/ai-gateway/shared/components/KiroSocialOAuthModal.tsx(14,77): error TS7031: Binding element 'onClose' implicitly has an 'any' type.
src/ai-gateway/shared/components/KiroSocialOAuthModal.tsx(45,18): error TS18046: 'err' is of type 'unknown'.
src/ai-gateway/shared/components/KiroSocialOAuthModal.tsx(84,25): error TS18047: 'authData' is possibly 'null'.
src/ai-gateway/shared/components/KiroSocialOAuthModal.tsx(95,16): error TS18046: 'err' is of type 'unknown'.
src/ai-gateway/shared/components/KiroSocialOAuthModal.tsx(103,5): error TS17004: Cannot use JSX unless the '--jsx' flag is provided.
src/ai-gateway/shared/components/KiroSocialOAuthModal.tsx(104,7): error TS17004: Cannot use JSX unless the '--jsx' flag is provided.
src/ai-gateway/shared/components/KiroSocialOAuthModal.tsx(107,11): error TS17004: Cannot use JSX unless the '--jsx' flag is provided.
src/ai-gateway/shared/components/KiroSocialOAuthModal.tsx(108,13): error TS17004: Cannot use JSX unless the '--jsx' flag is provided.
src/ai-gateway/shared/components/KiroSocialOAuthModal.tsx(109,15): error TS17004: Cannot use JSX unless the '--jsx' flag is provided.
src/ai-gateway/shared/components/KiroSocialOAuthModal.tsx(113,13): error TS17004: Cannot use JSX unless the '--jsx' flag is provided.
src/ai-gateway/shared/components/KiroSocialOAuthModal.tsx(114,13): error TS17004: Cannot use JSX unless the '--jsx' flag is provided.
src/ai-gateway/shared/components/KiroSocialOAuthModal.tsx(120,11): error TS17004: Cannot use JSX unless the '--jsx' flag is provided.
src/ai-gateway/shared/components/KiroSocialOAuthModal.tsx(121,13): error TS17004: Cannot use JSX unless the '--jsx' flag is provided.
src/ai-gateway/shared/components/KiroSocialOAuthModal.tsx(122,15): error TS17004: Cannot use JSX unless the '--jsx' flag is provided.
src/ai-gateway/shared/components/KiroSocialOAuthModal.tsx(123,17): error TS17004: Cannot use JSX unless the '--jsx' flag is provided.
src/ai-gateway/shared/components/KiroSocialOAuthModal.tsx(124,17): error TS17004: Cannot use JSX unless the '--jsx' flag is provided.
src/ai-gateway/shared/components/KiroSocialOAuthModal.tsx(125,19): error TS17004: Cannot use JSX unless the '--jsx' flag is provided.
src/ai-gateway/shared/components/KiroSocialOAuthModal.tsx(126,19): error TS17004: Cannot use JSX unless the '--jsx' flag is provided.
src/ai-gateway/shared/components/KiroSocialOAuthModal.tsx(136,15): error TS17004: Cannot use JSX unless the '--jsx' flag is provided.
src/ai-gateway/shared/components/KiroSocialOAuthModal.tsx(137,17): error TS17004: Cannot use JSX unless the '--jsx' flag is provided.
src/ai-gateway/shared/components/KiroSocialOAuthModal.tsx(138,17): error TS17004: Cannot use JSX unless the '--jsx' flag is provided.
src/ai-gateway/shared/components/KiroSocialOAuthModal.tsx(141,17): error TS17004: Cannot use JSX unless the '--jsx' flag is provided.
src/ai-gateway/shared/components/KiroSocialOAuthModal.tsx(150,13): error TS17004: Cannot use JSX unless the '--jsx' flag is provided.
src/ai-gateway/shared/components/KiroSocialOAuthModal.tsx(151,15): error TS17004: Cannot use JSX unless the '--jsx' flag is provided.
src/ai-gateway/shared/components/KiroSocialOAuthModal.tsx(154,15): error TS17004: Cannot use JSX unless the '--jsx' flag is provided.
src/ai-gateway/shared/components/KiroSocialOAuthModal.tsx(163,11): error TS17004: Cannot use JSX unless the '--jsx' flag is provided.
src/ai-gateway/shared/components/KiroSocialOAuthModal.tsx(164,13): error TS17004: Cannot use JSX unless the '--jsx' flag is provided.
src/ai-gateway/shared/components/KiroSocialOAuthModal.tsx(165,15): error TS17004: Cannot use JSX unless the '--jsx' flag is provided.
src/ai-gateway/shared/components/KiroSocialOAuthModal.tsx(169,13): error TS17004: Cannot use JSX unless the '--jsx' flag is provided.
src/ai-gateway/shared/components/KiroSocialOAuthModal.tsx(170,13): error TS17004: Cannot use JSX unless the '--jsx' flag is provided.
src/ai-gateway/shared/components/KiroSocialOAuthModal.tsx(173,13): error TS17004: Cannot use JSX unless the '--jsx' flag is provided.
src/ai-gateway/shared/components/KiroSocialOAuthModal.tsx(181,11): error TS17004: Cannot use JSX unless the '--jsx' flag is provided.
src/ai-gateway/shared/components/KiroSocialOAuthModal.tsx(182,13): error TS17004: Cannot use JSX unless the '--jsx' flag is provided.
src/ai-gateway/shared/components/KiroSocialOAuthModal.tsx(183,15): error TS17004: Cannot use JSX unless the '--jsx' flag is provided.
src/ai-gateway/shared/components/KiroSocialOAuthModal.tsx(185,13): error TS17004: Cannot use JSX unless the '--jsx' flag is provided.
src/ai-gateway/shared/components/KiroSocialOAuthModal.tsx(186,13): error TS17004: Cannot use JSX unless the '--jsx' flag is provided.
src/ai-gateway/shared/components/KiroSocialOAuthModal.tsx(187,13): error TS17004: Cannot use JSX unless the '--jsx' flag is provided.
src/ai-gateway/shared/components/KiroSocialOAuthModal.tsx(188,15): error TS17004: Cannot use JSX unless the '--jsx' flag is provided.
src/ai-gateway/shared/components/KiroSocialOAuthModal.tsx(191,15): error TS17004: Cannot use JSX unless the '--jsx' flag is provided.
src/ai-gateway/shared/components/LanguageSelector.tsx(4,27): error TS2307: Cannot find module 'next/navigation' or its corresponding type declarations.
src/ai-gateway/shared/components/LanguageSelector.tsx(5,57): error TS2307: Cannot find module '@/i18n/config' or its corresponding type declarations.
src/ai-gateway/shared/components/LanguageSelector.tsx(6,29): error TS2307: Cannot find module '@/i18n/config' or its corresponding type declarations.
src/ai-gateway/shared/components/LanguageSelector.tsx(7,27): error TS2307: Cannot find module 'next-intl' or its corresponding type declarations.
src/ai-gateway/shared/components/LanguageSelector.tsx(28,23): error TS7006: Parameter 'l' implicitly has an 'any' type.
src/ai-gateway/shared/components/LanguageSelector.tsx(62,5): error TS17004: Cannot use JSX unless the '--jsx' flag is provided.
src/ai-gateway/shared/components/LanguageSelector.tsx(64,7): error TS17004: Cannot use JSX unless the '--jsx' flag is provided.
src/ai-gateway/shared/components/LanguageSelector.tsx(69,9): error TS17004: Cannot use JSX unless the '--jsx' flag is provided.
src/ai-gateway/shared/components/LanguageSelector.tsx(70,9): error TS17004: Cannot use JSX unless the '--jsx' flag is provided.
src/ai-gateway/shared/components/LanguageSelector.tsx(71,9): error TS17004: Cannot use JSX unless the '--jsx' flag is provided.
src/ai-gateway/shared/components/LanguageSelector.tsx(80,9): error TS17004: Cannot use JSX unless the '--jsx' flag is provided.
src/ai-gateway/shared/components/LanguageSelector.tsx(81,11): error TS17004: Cannot use JSX unless the '--jsx' flag is provided.
src/ai-gateway/shared/components/LanguageSelector.tsx(90,13): error TS17004: Cannot use JSX unless the '--jsx' flag is provided.
src/ai-gateway/shared/components/LanguageSelector.tsx(91,13): error TS17004: Cannot use JSX unless the '--jsx' flag is provided.
src/ai-gateway/shared/components/LanguageSelector.tsx(93,15): error TS17004: Cannot use JSX unless the '--jsx' flag is provided.
src/ai-gateway/shared/components/LanguageSelector.tsx(96,27): error TS7006: Parameter 'lang' implicitly has an 'any' type.
src/ai-gateway/shared/components/LanguageSelector.tsx(97,13): error TS17004: Cannot use JSX unless the '--jsx' flag is provided.
src/ai-gateway/shared/components/LanguageSelector.tsx(106,15): error TS17004: Cannot use JSX unless the '--jsx' flag is provided.
src/ai-gateway/shared/components/LanguageSelector.tsx(107,15): error TS17004: Cannot use JSX unless the '--jsx' flag is provided.
src/ai-gateway/shared/components/LanguageSelector.tsx(109,17): error TS17004: Cannot use JSX unless the '--jsx' flag is provided.
src/ai-gateway/shared/components/layouts/AuthLayout.tsx(3,23): error TS2307: Cannot find module 'prop-types' or its corresponding type declarations.
src/ai-gateway/shared/components/layouts/AuthLayout.tsx(4,25): error TS6142: Module '../ThemeToggle' was resolved to 'C:/TESTES DEV/1_PROJETOS_ATIVOS/Zavorth/src/ai-gateway/shared/components/ThemeToggle.tsx', but '--jsx' is not set.
src/ai-gateway/shared/components/layouts/AuthLayout.tsx(6,38): error TS7031: Binding element 'children' implicitly has an 'any' type.
src/ai-gateway/shared/components/layouts/AuthLayout.tsx(8,5): error TS17004: Cannot use JSX unless the '--jsx' flag is provided.
src/ai-gateway/shared/components/layouts/AuthLayout.tsx(10,7): error TS17004: Cannot use JSX unless the '--jsx' flag is provided.
src/ai-gateway/shared/components/layouts/AuthLayout.tsx(11,7): error TS17004: Cannot use JSX unless the '--jsx' flag is provided.
src/ai-gateway/shared/components/layouts/AuthLayout.tsx(14,7): error TS17004: Cannot use JSX unless the '--jsx' flag is provided.
src/ai-gateway/shared/components/layouts/AuthLayout.tsx(15,9): error TS17004: Cannot use JSX unless the '--jsx' flag is provided.
src/ai-gateway/shared/components/layouts/AuthLayout.tsx(19,7): error TS17004: Cannot use JSX unless the '--jsx' flag is provided.
src/ai-gateway/shared/components/layouts/index.tsx(2,39): error TS6142: Module './AuthLayout' was resolved to 'C:/TESTES DEV/1_PROJETOS_ATIVOS/Zavorth/src/ai-gateway/shared/components/layouts/AuthLayout.tsx', but '--jsx' is not set.
src/ai-gateway/shared/components/layouts/index.tsx(3,50): error TS6142: Module './ZavorthDashboardShell' was resolved to 'C:/TESTES DEV/1_PROJETOS_ATIVOS/Zavorth/src/ai-gateway/shared/components/layouts/ZavorthDashboardShell.tsx', but '--jsx' is not set.
src/ai-gateway/shared/components/layouts/ZavorthDashboardShell.tsx(3,18): error TS2307: Cannot find module 'next/link' or its corresponding type declarations.
src/ai-gateway/shared/components/layouts/ZavorthDashboardShell.tsx(4,29): error TS2307: Cannot find module 'next/navigation' or its corresponding type declarations.
src/ai-gateway/shared/components/layouts/ZavorthDashboardShell.tsx(5,31): error TS6142: Module '../NotificationToast' was resolved to 'C:/TESTES DEV/1_PROJETOS_ATIVOS/Zavorth/src/ai-gateway/shared/components/NotificationToast.tsx', but '--jsx' is not set.
src/ai-gateway/shared/components/layouts/ZavorthDashboardShell.tsx(6,25): error TS6142: Module '../ThemeToggle' was resolved to 'C:/TESTES DEV/1_PROJETOS_ATIVOS/Zavorth/src/ai-gateway/shared/components/ThemeToggle.tsx', but '--jsx' is not set.
src/ai-gateway/shared/components/layouts/ZavorthDashboardShell.tsx(7,30): error TS6142: Module '../TokenHealthBadge' was resolved to 'C:/TESTES DEV/1_PROJETOS_ATIVOS/Zavorth/src/ai-gateway/shared/components/TokenHealthBadge.tsx', but '--jsx' is not set.
src/ai-gateway/shared/components/layouts/ZavorthDashboardShell.tsx(8,32): error TS6142: Module '../ZavorthGatewayLogo' was resolved to 'C:/TESTES DEV/1_PROJETOS_ATIVOS/Zavorth/src/ai-gateway/shared/components/ZavorthGatewayLogo.tsx', but '--jsx' is not set.
src/ai-gateway/shared/components/layouts/ZavorthDashboardShell.tsx(9,20): error TS2307: Cannot find module '@/shared/utils/cn' or its corresponding type declarations.
src/ai-gateway/shared/components/layouts/ZavorthDashboardShell.tsx(26,49): error TS7031: Binding element 'children' implicitly has an 'any' type.
src/ai-gateway/shared/components/layouts/ZavorthDashboardShell.tsx(30,5): error TS17004: Cannot use JSX unless the '--jsx' flag is provided.
src/ai-gateway/shared/components/layouts/ZavorthDashboardShell.tsx(31,7): error TS17004: Cannot use JSX unless the '--jsx' flag is provided.
src/ai-gateway/shared/components/layouts/ZavorthDashboardShell.tsx(32,7): error TS17004: Cannot use JSX unless the '--jsx' flag is provided.
src/ai-gateway/shared/components/layouts/ZavorthDashboardShell.tsx(33,9): error TS17004: Cannot use JSX unless the '--jsx' flag is provided.
src/ai-gateway/shared/components/layouts/ZavorthDashboardShell.tsx(34,11): error TS17004: Cannot use JSX unless the '--jsx' flag is provided.
src/ai-gateway/shared/components/layouts/ZavorthDashboardShell.tsx(35,13): error TS17004: Cannot use JSX unless the '--jsx' flag is provided.
src/ai-gateway/shared/components/layouts/ZavorthDashboardShell.tsx(36,15): error TS17004: Cannot use JSX unless the '--jsx' flag is provided.
src/ai-gateway/shared/components/layouts/ZavorthDashboardShell.tsx(37,17): error TS17004: Cannot use JSX unless the '--jsx' flag is provided.
src/ai-gateway/shared/components/layouts/ZavorthDashboardShell.tsx(39,15): error TS17004: Cannot use JSX unless the '--jsx' flag is provided.
src/ai-gateway/shared/components/layouts/ZavorthDashboardShell.tsx(40,17): error TS17004: Cannot use JSX unless the '--jsx' flag is provided.
src/ai-gateway/shared/components/layouts/ZavorthDashboardShell.tsx(43,17): error TS17004: Cannot use JSX unless the '--jsx' flag is provided.
src/ai-gateway/shared/components/layouts/ZavorthDashboardShell.tsx(49,13): error TS17004: Cannot use JSX unless the '--jsx' flag is provided.
src/ai-gateway/shared/components/layouts/ZavorthDashboardShell.tsx(56,19): error TS17004: Cannot use JSX unless the '--jsx' flag is provided.
src/ai-gateway/shared/components/layouts/ZavorthDashboardShell.tsx(72,13): error TS17004: Cannot use JSX unless the '--jsx' flag is provided.
src/ai-gateway/shared/components/layouts/ZavorthDashboardShell.tsx(73,15): error TS17004: Cannot use JSX unless the '--jsx' flag is provided.
src/ai-gateway/shared/components/layouts/ZavorthDashboardShell.tsx(74,15): error TS17004: Cannot use JSX unless the '--jsx' flag is provided.
src/ai-gateway/shared/components/layouts/ZavorthDashboardShell.tsx(79,9): error TS17004: Cannot use JSX unless the '--jsx' flag is provided.
src/ai-gateway/shared/components/layouts/ZavorthDashboardShell.tsx(83,7): error TS17004: Cannot use JSX unless the '--jsx' flag is provided.
src/ai-gateway/shared/components/Loading.tsx(4,20): error TS2307: Cannot find module '@/shared/utils/cn' or its corresponding type declarations.
src/ai-gateway/shared/components/Loading.tsx(42,5): error TS17004: Cannot use JSX unless the '--jsx' flag is provided.
src/ai-gateway/shared/components/Loading.tsx(48,7): error TS17004: Cannot use JSX unless the '--jsx' flag is provided.
src/ai-gateway/shared/components/Loading.tsx(49,7): error TS17004: Cannot use JSX unless the '--jsx' flag is provided.
src/ai-gateway/shared/components/Loading.tsx(65,5): error TS17004: Cannot use JSX unless the '--jsx' flag is provided.
src/ai-gateway/shared/components/Loading.tsx(74,7): error TS17004: Cannot use JSX unless the '--jsx' flag is provided.
src/ai-gateway/shared/components/Loading.tsx(75,7): error TS17004: Cannot use JSX unless the '--jsx' flag is provided.
src/ai-gateway/shared/components/Loading.tsx(83,5): error TS17004: Cannot use JSX unless the '--jsx' flag is provided.
src/ai-gateway/shared/components/Loading.tsx(94,5): error TS17004: Cannot use JSX unless the '--jsx' flag is provided.
src/ai-gateway/shared/components/Loading.tsx(95,7): error TS17004: Cannot use JSX unless the '--jsx' flag is provided.
src/ai-gateway/shared/components/Loading.tsx(96,9): error TS17004: Cannot use JSX unless the '--jsx' flag is provided.
src/ai-gateway/shared/components/Loading.tsx(97,9): error TS17004: Cannot use JSX unless the '--jsx' flag is provided.
src/ai-gateway/shared/components/Loading.tsx(99,7): error TS17004: Cannot use JSX unless the '--jsx' flag is provided.
src/ai-gateway/shared/components/Loading.tsx(100,7): error TS17004: Cannot use JSX unless the '--jsx' flag is provided.
src/ai-gateway/shared/components/Loading.tsx(116,14): error TS17004: Cannot use JSX unless the '--jsx' flag is provided.
src/ai-gateway/shared/components/Loading.tsx(118,14): error TS17004: Cannot use JSX unless the '--jsx' flag is provided.
src/ai-gateway/shared/components/Loading.tsx(120,14): error TS17004: Cannot use JSX unless the '--jsx' flag is provided.
src/ai-gateway/shared/components/Loading.tsx(122,14): error TS17004: Cannot use JSX unless the '--jsx' flag is provided.
src/ai-gateway/shared/components/MaintenanceBanner.tsx(13,33): error TS2307: Cannot find module 'next-intl' or its corresponding type declarations.
src/ai-gateway/shared/components/MaintenanceBanner.tsx(64,5): error TS17004: Cannot use JSX unless the '--jsx' flag is provided.
src/ai-gateway/shared/components/MaintenanceBanner.tsx(65,7): error TS17004: Cannot use JSX unless the '--jsx' flag is provided.
src/ai-gateway/shared/components/MaintenanceBanner.tsx(66,9): error TS17004: Cannot use JSX unless the '--jsx' flag is provided.
src/ai-gateway/shared/components/MaintenanceBanner.tsx(69,9): error TS17004: Cannot use JSX unless the '--jsx' flag is provided.
src/ai-gateway/shared/components/MaintenanceBanner.tsx(71,7): error TS17004: Cannot use JSX unless the '--jsx' flag is provided.
src/ai-gateway/shared/components/MaintenanceBanner.tsx(79,9): error TS17004: Cannot use JSX unless the '--jsx' flag is provided.
src/ai-gateway/shared/components/ManualConfigModal.tsx(4,19): error TS6142: Module './Modal' was resolved to 'C:/TESTES DEV/1_PROJETOS_ATIVOS/Zavorth/src/ai-gateway/shared/components/Modal.tsx', but '--jsx' is not set.
src/ai-gateway/shared/components/ManualConfigModal.tsx(5,20): error TS6142: Module './Button' was resolved to 'C:/TESTES DEV/1_PROJETOS_ATIVOS/Zavorth/src/ai-gateway/shared/components/Button.tsx', but '--jsx' is not set.
src/ai-gateway/shared/components/ManualConfigModal.tsx(8,3): error TS7031: Binding element 'isOpen' implicitly has an 'any' type.
src/ai-gateway/shared/components/ManualConfigModal.tsx(9,3): error TS7031: Binding element 'onClose' implicitly has an 'any' type.
src/ai-gateway/shared/components/ManualConfigModal.tsx(15,34): error TS7006: Parameter 'text' implicitly has an 'any' type.
src/ai-gateway/shared/components/ManualConfigModal.tsx(15,40): error TS7006: Parameter 'index' implicitly has an 'any' type.
src/ai-gateway/shared/components/ManualConfigModal.tsx(40,5): error TS17004: Cannot use JSX unless the '--jsx' flag is provided.
src/ai-gateway/shared/components/ManualConfigModal.tsx(41,7): error TS17004: Cannot use JSX unless the '--jsx' flag is provided.
src/ai-gateway/shared/components/ManualConfigModal.tsx(43,11): error TS17004: Cannot use JSX unless the '--jsx' flag is provided.
src/ai-gateway/shared/components/ManualConfigModal.tsx(44,13): error TS17004: Cannot use JSX unless the '--jsx' flag is provided.
src/ai-gateway/shared/components/ManualConfigModal.tsx(45,15): error TS17004: Cannot use JSX unless the '--jsx' flag is provided.
src/ai-gateway/shared/components/ManualConfigModal.tsx(45,76): error TS2339: Property 'filename' does not exist on type 'never'.
src/ai-gateway/shared/components/ManualConfigModal.tsx(46,15): error TS17004: Cannot use JSX unless the '--jsx' flag is provided.
src/ai-gateway/shared/components/ManualConfigModal.tsx(49,55): error TS2339: Property 'content' does not exist on type 'never'.
src/ai-gateway/shared/components/ManualConfigModal.tsx(51,17): error TS17004: Cannot use JSX unless the '--jsx' flag is provided.
src/ai-gateway/shared/components/ManualConfigModal.tsx(57,13): error TS17004: Cannot use JSX unless the '--jsx' flag is provided.
src/ai-gateway/shared/components/ManualConfigModal.tsx(58,23): error TS2339: Property 'content' does not exist on type 'never'.
src/ai-gateway/shared/components/Modal.tsx(4,20): error TS2307: Cannot find module '@/shared/utils/cn' or its corresponding type declarations.
src/ai-gateway/shared/components/Modal.tsx(5,20): error TS6142: Module './Button' was resolved to 'C:/TESTES DEV/1_PROJETOS_ATIVOS/Zavorth/src/ai-gateway/shared/components/Button.tsx', but '--jsx' is not set.
src/ai-gateway/shared/components/Modal.tsx(56,27): error TS7006: Parameter 'e' implicitly has an 'any' type.
src/ai-gateway/shared/components/Modal.tsx(74,35): error TS2339: Property 'querySelector' does not exist on type 'never'.
src/ai-gateway/shared/components/Modal.tsx(79,24): error TS7006: Parameter 'e' implicitly has an 'any' type.
src/ai-gateway/shared/components/Modal.tsx(82,36): error TS2339: Property 'querySelectorAll' does not exist on type 'never'.
src/ai-gateway/shared/components/Modal.tsx(97,12): error TS2339: Property 'addEventListener' does not exist on type 'never'.
src/ai-gateway/shared/components/Modal.tsx(98,25): error TS2339: Property 'removeEventListener' does not exist on type 'never'.
src/ai-gateway/shared/components/Modal.tsx(104,5): error TS17004: Cannot use JSX unless the '--jsx' flag is provided.
src/ai-gateway/shared/components/Modal.tsx(106,7): error TS17004: Cannot use JSX unless the '--jsx' flag is provided.
src/ai-gateway/shared/components/Modal.tsx(113,7): error TS17004: Cannot use JSX unless the '--jsx' flag is provided.
src/ai-gateway/shared/components/Modal.tsx(129,11): error TS17004: Cannot use JSX unless the '--jsx' flag is provided.
src/ai-gateway/shared/components/Modal.tsx(130,13): error TS17004: Cannot use JSX unless the '--jsx' flag is provided.
src/ai-gateway/shared/components/Modal.tsx(131,15): error TS17004: Cannot use JSX unless the '--jsx' flag is provided.
src/ai-gateway/shared/components/Modal.tsx(132,17): error TS17004: Cannot use JSX unless the '--jsx' flag is provided.
src/ai-gateway/shared/components/Modal.tsx(133,17): error TS17004: Cannot use JSX unless the '--jsx' flag is provided.
src/ai-gateway/shared/components/Modal.tsx(134,17): error TS17004: Cannot use JSX unless the '--jsx' flag is provided.
src/ai-gateway/shared/components/Modal.tsx(137,17): error TS17004: Cannot use JSX unless the '--jsx' flag is provided.
src/ai-gateway/shared/components/Modal.tsx(143,15): error TS17004: Cannot use JSX unless the '--jsx' flag is provided.
src/ai-gateway/shared/components/Modal.tsx(148,17): error TS17004: Cannot use JSX unless the '--jsx' flag is provided.
src/ai-gateway/shared/components/Modal.tsx(157,9): error TS17004: Cannot use JSX unless the '--jsx' flag is provided.
src/ai-gateway/shared/components/Modal.tsx(161,11): error TS17004: Cannot use JSX unless the '--jsx' flag is provided.
src/ai-gateway/shared/components/Modal.tsx(172,3): error TS7031: Binding element 'isOpen' implicitly has an 'any' type.
src/ai-gateway/shared/components/Modal.tsx(173,3): error TS7031: Binding element 'onClose' implicitly has an 'any' type.
src/ai-gateway/shared/components/Modal.tsx(174,3): error TS7031: Binding element 'onConfirm' implicitly has an 'any' type.
src/ai-gateway/shared/components/Modal.tsx(176,3): error TS7031: Binding element 'message' implicitly has an 'any' type.
src/ai-gateway/shared/components/Modal.tsx(183,5): error TS17004: Cannot use JSX unless the '--jsx' flag is provided.
src/ai-gateway/shared/components/Modal.tsx(189,9): error TS17004: Cannot use JSX unless the '--jsx' flag is provided.
src/ai-gateway/shared/components/Modal.tsx(190,11): error TS17004: Cannot use JSX unless the '--jsx' flag is provided.
src/ai-gateway/shared/components/Modal.tsx(193,11): error TS17004: Cannot use JSX unless the '--jsx' flag is provided.
src/ai-gateway/shared/components/Modal.tsx(199,7): error TS17004: Cannot use JSX unless the '--jsx' flag is provided.
src/ai-gateway/shared/components/ModelRoutingSection.tsx(124,5): error TS17004: Cannot use JSX unless the '--jsx' flag is provided.
src/ai-gateway/shared/components/ModelRoutingSection.tsx(125,7): error TS17004: Cannot use JSX unless the '--jsx' flag is provided.
src/ai-gateway/shared/components/ModelRoutingSection.tsx(126,9): error TS17004: Cannot use JSX unless the '--jsx' flag is provided.
src/ai-gateway/shared/components/ModelRoutingSection.tsx(127,11): error TS17004: Cannot use JSX unless the '--jsx' flag is provided.
src/ai-gateway/shared/components/ModelRoutingSection.tsx(128,11): error TS17004: Cannot use JSX unless the '--jsx' flag is provided.
src/ai-gateway/shared/components/ModelRoutingSection.tsx(129,13): error TS17004: Cannot use JSX unless the '--jsx' flag is provided.
src/ai-gateway/shared/components/ModelRoutingSection.tsx(130,13): error TS17004: Cannot use JSX unless the '--jsx' flag is provided.
src/ai-gateway/shared/components/ModelRoutingSection.tsx(136,11): error TS17004: Cannot use JSX unless the '--jsx' flag is provided.
src/ai-gateway/shared/components/ModelRoutingSection.tsx(141,13): error TS17004: Cannot use JSX unless the '--jsx' flag is provided.
src/ai-gateway/shared/components/ModelRoutingSection.tsx(149,9): error TS17004: Cannot use JSX unless the '--jsx' flag is provided.
src/ai-gateway/shared/components/ModelRoutingSection.tsx(150,11): error TS17004: Cannot use JSX unless the '--jsx' flag is provided.
src/ai-gateway/shared/components/ModelRoutingSection.tsx(151,13): error TS17004: Cannot use JSX unless the '--jsx' flag is provided.
src/ai-gateway/shared/components/ModelRoutingSection.tsx(152,15): error TS17004: Cannot use JSX unless the '--jsx' flag is provided.
src/ai-gateway/shared/components/ModelRoutingSection.tsx(155,15): error TS17004: Cannot use JSX unless the '--jsx' flag is provided.
src/ai-gateway/shared/components/ModelRoutingSection.tsx(162,15): error TS17004: Cannot use JSX unless the '--jsx' flag is provided.
src/ai-gateway/shared/components/ModelRoutingSection.tsx(166,13): error TS17004: Cannot use JSX unless the '--jsx' flag is provided.
src/ai-gateway/shared/components/ModelRoutingSection.tsx(167,15): error TS17004: Cannot use JSX unless the '--jsx' flag is provided.
src/ai-gateway/shared/components/ModelRoutingSection.tsx(170,15): error TS17004: Cannot use JSX unless the '--jsx' flag is provided.
src/ai-gateway/shared/components/ModelRoutingSection.tsx(176,17): error TS17004: Cannot use JSX unless the '--jsx' flag is provided.
src/ai-gateway/shared/components/ModelRoutingSection.tsx(178,19): error TS17004: Cannot use JSX unless the '--jsx' flag is provided.
src/ai-gateway/shared/components/ModelRoutingSection.tsx(184,13): error TS17004: Cannot use JSX unless the '--jsx' flag is provided.
src/ai-gateway/shared/components/ModelRoutingSection.tsx(185,15): error TS17004: Cannot use JSX unless the '--jsx' flag is provided.
src/ai-gateway/shared/components/ModelRoutingSection.tsx(188,15): error TS17004: Cannot use JSX unless the '--jsx' flag is provided.
src/ai-gateway/shared/components/ModelRoutingSection.tsx(195,15): error TS17004: Cannot use JSX unless the '--jsx' flag is provided.
src/ai-gateway/shared/components/ModelRoutingSection.tsx(199,13): error TS17004: Cannot use JSX unless the '--jsx' flag is provided.
src/ai-gateway/shared/components/ModelRoutingSection.tsx(200,15): error TS17004: Cannot use JSX unless the '--jsx' flag is provided.
src/ai-gateway/shared/components/ModelRoutingSection.tsx(203,15): error TS17004: Cannot use JSX unless the '--jsx' flag is provided.
src/ai-gateway/shared/components/ModelRoutingSection.tsx(212,11): error TS17004: Cannot use JSX unless the '--jsx' flag is provided.
src/ai-gateway/shared/components/ModelRoutingSection.tsx(213,13): error TS17004: Cannot use JSX unless the '--jsx' flag is provided.
src/ai-gateway/shared/components/ModelRoutingSection.tsx(221,13): error TS17004: Cannot use JSX unless the '--jsx' flag is provided.
src/ai-gateway/shared/components/ModelRoutingSection.tsx(234,9): error TS17004: Cannot use JSX unless the '--jsx' flag is provided.
src/ai-gateway/shared/components/ModelRoutingSection.tsx(236,9): error TS17004: Cannot use JSX unless the '--jsx' flag is provided.
src/ai-gateway/shared/components/ModelRoutingSection.tsx(237,11): error TS17004: Cannot use JSX unless the '--jsx' flag is provided.
src/ai-gateway/shared/components/ModelRoutingSection.tsx(240,11): error TS17004: Cannot use JSX unless the '--jsx' flag is provided.
src/ai-gateway/shared/components/ModelRoutingSection.tsx(242,13): error TS17004: Cannot use JSX unless the '--jsx' flag is provided.
src/ai-gateway/shared/components/ModelRoutingSection.tsx(243,21): error TS17004: Cannot use JSX unless the '--jsx' flag is provided.
src/ai-gateway/shared/components/ModelRoutingSection.tsx(248,9): error TS17004: Cannot use JSX unless the '--jsx' flag is provided.
src/ai-gateway/shared/components/ModelRoutingSection.tsx(250,13): error TS17004: Cannot use JSX unless the '--jsx' flag is provided.
src/ai-gateway/shared/components/ModelRoutingSection.tsx(259,15): error TS17004: Cannot use JSX unless the '--jsx' flag is provided.
src/ai-gateway/shared/components/ModelRoutingSection.tsx(260,17): error TS17004: Cannot use JSX unless the '--jsx' flag is provided.
src/ai-gateway/shared/components/ModelRoutingSection.tsx(263,17): error TS17004: Cannot use JSX unless the '--jsx' flag is provided.
src/ai-gateway/shared/components/ModelRoutingSection.tsx(264,17): error TS17004: Cannot use JSX unless the '--jsx' flag is provided.
src/ai-gateway/shared/components/ModelRoutingSection.tsx(268,19): error TS17004: Cannot use JSX unless the '--jsx' flag is provided.
src/ai-gateway/shared/components/ModelRoutingSection.tsx(272,17): error TS17004: Cannot use JSX unless the '--jsx' flag is provided.
src/ai-gateway/shared/components/ModelRoutingSection.tsx(276,15): error TS17004: Cannot use JSX unless the '--jsx' flag is provided.
src/ai-gateway/shared/components/ModelRoutingSection.tsx(277,17): error TS17004: Cannot use JSX unless the '--jsx' flag is provided.
src/ai-gateway/shared/components/ModelRoutingSection.tsx(282,19): error TS17004: Cannot use JSX unless the '--jsx' flag is provided.
src/ai-gateway/shared/components/ModelRoutingSection.tsx(288,17): error TS17004: Cannot use JSX unless the '--jsx' flag is provided.
src/ai-gateway/shared/components/ModelRoutingSection.tsx(293,19): error TS17004: Cannot use JSX unless the '--jsx' flag is provided.
src/ai-gateway/shared/components/ModelRoutingSection.tsx(297,17): error TS17004: Cannot use JSX unless the '--jsx' flag is provided.
src/ai-gateway/shared/components/ModelRoutingSection.tsx(302,19): error TS17004: Cannot use JSX unless the '--jsx' flag is provided.
src/ai-gateway/shared/components/ModelSelectModal.tsx(4,23): error TS2307: Cannot find module 'prop-types' or its corresponding type declarations.
src/ai-gateway/shared/components/ModelSelectModal.tsx(5,19): error TS6142: Module './Modal' was resolved to 'C:/TESTES DEV/1_PROJETOS_ATIVOS/Zavorth/src/ai-gateway/shared/components/Modal.tsx', but '--jsx' is not set.
src/ai-gateway/shared/components/ModelSelectModal.tsx(6,61): error TS2307: Cannot find module '@/shared/constants/models' or its corresponding type declarations.
src/ai-gateway/shared/components/ModelSelectModal.tsx(7,45): error TS2307: Cannot find module '@/lib/providers/managedAvailableModels' or its corresponding type declarations.
src/ai-gateway/shared/components/ModelSelectModal.tsx(14,8): error TS2307: Cannot find module '@/shared/constants/providers' or its corresponding type declarations.
src/ai-gateway/shared/components/ModelSelectModal.tsx(24,3): error TS7031: Binding element 'isOpen' implicitly has an 'any' type.
src/ai-gateway/shared/components/ModelSelectModal.tsx(25,3): error TS7031: Binding element 'onClose' implicitly has an 'any' type.
src/ai-gateway/shared/components/ModelSelectModal.tsx(26,3): error TS7031: Binding element 'onSelect' implicitly has an 'any' type.
src/ai-gateway/shared/components/ModelSelectModal.tsx(27,3): error TS7031: Binding element 'selectedModel' implicitly has an 'any' type.
src/ai-gateway/shared/components/ModelSelectModal.tsx(96,62): error TS2339: Property 'provider' does not exist on type 'never'.
src/ai-gateway/shared/components/ModelSelectModal.tsx(130,20): error TS7006: Parameter 'cm' implicitly has an 'any' type.
src/ai-gateway/shared/components/ModelSelectModal.tsx(131,17): error TS7006: Parameter 'cm' implicitly has an 'any' type.
src/ai-gateway/shared/components/ModelSelectModal.tsx(167,20): error TS7006: Parameter 'fm' implicitly has an 'any' type.
src/ai-gateway/shared/components/ModelSelectModal.tsx(168,17): error TS7006: Parameter 'fm' implicitly has an 'any' type.
src/ai-gateway/shared/components/ModelSelectModal.tsx(178,14): error TS7006: Parameter 'cm' implicitly has an 'any' type.
src/ai-gateway/shared/components/ModelSelectModal.tsx(180,38): error TS7006: Parameter 'fm' implicitly has an 'any' type.
src/ai-gateway/shared/components/ModelSelectModal.tsx(182,17): error TS7006: Parameter 'cm' implicitly has an 'any' type.
src/ai-gateway/shared/components/ModelSelectModal.tsx(205,49): error TS7006: Parameter 'm' implicitly has an 'any' type.
src/ai-gateway/shared/components/ModelSelectModal.tsx(212,20): error TS7006: Parameter 'cm' implicitly has an 'any' type.
src/ai-gateway/shared/components/ModelSelectModal.tsx(212,47): error TS7006: Parameter 'sm' implicitly has an 'any' type.
src/ai-gateway/shared/components/ModelSelectModal.tsx(213,17): error TS7006: Parameter 'cm' implicitly has an 'any' type.
src/ai-gateway/shared/components/ModelSelectModal.tsx(252,10): error TS7006: Parameter 'm' implicitly has an 'any' type.
src/ai-gateway/shared/components/ModelSelectModal.tsx(275,5): error TS17004: Cannot use JSX unless the '--jsx' flag is provided.
src/ai-gateway/shared/components/ModelSelectModal.tsx(286,7): error TS17004: Cannot use JSX unless the '--jsx' flag is provided.
src/ai-gateway/shared/components/ModelSelectModal.tsx(287,9): error TS17004: Cannot use JSX unless the '--jsx' flag is provided.
src/ai-gateway/shared/components/ModelSelectModal.tsx(288,11): error TS17004: Cannot use JSX unless the '--jsx' flag is provided.
src/ai-gateway/shared/components/ModelSelectModal.tsx(291,11): error TS17004: Cannot use JSX unless the '--jsx' flag is provided.
src/ai-gateway/shared/components/ModelSelectModal.tsx(302,7): error TS17004: Cannot use JSX unless the '--jsx' flag is provided.
src/ai-gateway/shared/components/ModelSelectModal.tsx(305,11): error TS17004: Cannot use JSX unless the '--jsx' flag is provided.
src/ai-gateway/shared/components/ModelSelectModal.tsx(306,13): error TS17004: Cannot use JSX unless the '--jsx' flag is provided.
src/ai-gateway/shared/components/ModelSelectModal.tsx(307,15): error TS17004: Cannot use JSX unless the '--jsx' flag is provided.
src/ai-gateway/shared/components/ModelSelectModal.tsx(308,15): error TS17004: Cannot use JSX unless the '--jsx' flag is provided.
src/ai-gateway/shared/components/ModelSelectModal.tsx(309,15): error TS17004: Cannot use JSX unless the '--jsx' flag is provided.
src/ai-gateway/shared/components/ModelSelectModal.tsx(311,13): error TS17004: Cannot use JSX unless the '--jsx' flag is provided.
src/ai-gateway/shared/components/ModelSelectModal.tsx(315,19): error TS17004: Cannot use JSX unless the '--jsx' flag is provided.
src/ai-gateway/shared/components/ModelSelectModal.tsx(339,11): error TS17004: Cannot use JSX unless the '--jsx' flag is provided.
src/ai-gateway/shared/components/ModelSelectModal.tsx(341,13): error TS17004: Cannot use JSX unless the '--jsx' flag is provided.
src/ai-gateway/shared/components/ModelSelectModal.tsx(342,15): error TS17004: Cannot use JSX unless the '--jsx' flag is provided.
src/ai-gateway/shared/components/ModelSelectModal.tsx(343,15): error TS17004: Cannot use JSX unless the '--jsx' flag is provided.
src/ai-gateway/shared/components/ModelSelectModal.tsx(344,15): error TS17004: Cannot use JSX unless the '--jsx' flag is provided.
src/ai-gateway/shared/components/ModelSelectModal.tsx(347,13): error TS17004: Cannot use JSX unless the '--jsx' flag is provided.
src/ai-gateway/shared/components/ModelSelectModal.tsx(348,34): error TS7006: Parameter 'model' implicitly has an 'any' type.
src/ai-gateway/shared/components/ModelSelectModal.tsx(350,59): error TS2345: Argument of type 'any' is not assignable to parameter of type 'never'.
src/ai-gateway/shared/components/ModelSelectModal.tsx(352,19): error TS17004: Cannot use JSX unless the '--jsx' flag is provided.
src/ai-gateway/shared/components/ModelSelectModal.tsx(366,33): error TS17004: Cannot use JSX unless the '--jsx' flag is provided.
src/ai-gateway/shared/components/ModelSelectModal.tsx(377,11): error TS17004: Cannot use JSX unless the '--jsx' flag is provided.
src/ai-gateway/shared/components/ModelSelectModal.tsx(378,13): error TS17004: Cannot use JSX unless the '--jsx' flag is provided.
src/ai-gateway/shared/components/ModelSelectModal.tsx(379,13): error TS17004: Cannot use JSX unless the '--jsx' flag is provided.
src/ai-gateway/shared/components/NotificationToast.tsx(12,38): error TS2307: Cannot find module '@/store/notificationStore' or its corresponding type declarations.
src/ai-gateway/shared/components/NotificationToast.tsx(45,18): error TS7031: Binding element 'notification' implicitly has an 'any' type.
src/ai-gateway/shared/components/NotificationToast.tsx(45,32): error TS7031: Binding element 'onDismiss' implicitly has an 'any' type.
src/ai-gateway/shared/components/NotificationToast.tsx(53,17): error TS7053: Element implicitly has an 'any' type because expression of type 'any' can't be used to index type '{ success: { bg: string; border: string; icon: string; }; error: { bg: string; border: string; icon: string; }; warning: { bg: string; border: string; icon: string; }; info: { bg: string; border: string; icon: string; }; }'.
src/ai-gateway/shared/components/NotificationToast.tsx(56,5): error TS17004: Cannot use JSX unless the '--jsx' flag is provided.
src/ai-gateway/shared/components/NotificationToast.tsx(75,7): error TS17004: Cannot use JSX unless the '--jsx' flag is provided.
src/ai-gateway/shared/components/NotificationToast.tsx(84,10): error TS7053: Element implicitly has an 'any' type because expression of type 'any' can't be used to index type '{ success: string; error: string; warning: string; info: string; }'.
src/ai-gateway/shared/components/NotificationToast.tsx(86,7): error TS17004: Cannot use JSX unless the '--jsx' flag is provided.
src/ai-gateway/shared/components/NotificationToast.tsx(88,11): error TS17004: Cannot use JSX unless the '--jsx' flag is provided.
src/ai-gateway/shared/components/NotificationToast.tsx(99,9): error TS17004: Cannot use JSX unless the '--jsx' flag is provided.
src/ai-gateway/shared/components/NotificationToast.tsx(110,9): error TS17004: Cannot use JSX unless the '--jsx' flag is provided.
src/ai-gateway/shared/components/NotificationToast.tsx(140,5): error TS17004: Cannot use JSX unless the '--jsx' flag is provided.
src/ai-gateway/shared/components/NotificationToast.tsx(141,7): error TS17004: Cannot use JSX unless the '--jsx' flag is provided.
src/ai-gateway/shared/components/NotificationToast.tsx(151,7): error TS17004: Cannot use JSX unless the '--jsx' flag is provided.
src/ai-gateway/shared/components/NotificationToast.tsx(165,29): error TS7006: Parameter 'n' implicitly has an 'any' type.
src/ai-gateway/shared/components/NotificationToast.tsx(166,11): error TS17004: Cannot use JSX unless the '--jsx' flag is provided.
src/ai-gateway/shared/components/NotificationToast.tsx(167,13): error TS17004: Cannot use JSX unless the '--jsx' flag is provided.
src/ai-gateway/shared/components/oauth-modal/OAuthModalDeviceCodeStep.tsx(1,20): error TS6142: Module '../Button' was resolved to 'C:/TESTES DEV/1_PROJETOS_ATIVOS/Zavorth/src/ai-gateway/shared/components/Button.tsx', but '--jsx' is not set.
src/ai-gateway/shared/components/oauth-modal/OAuthModalDeviceCodeStep.tsx(18,5): error TS17004: Cannot use JSX unless the '--jsx' flag is provided.
src/ai-gateway/shared/components/oauth-modal/OAuthModalDeviceCodeStep.tsx(19,7): error TS17004: Cannot use JSX unless the '--jsx' flag is provided.
src/ai-gateway/shared/components/oauth-modal/OAuthModalDeviceCodeStep.tsx(20,9): error TS17004: Cannot use JSX unless the '--jsx' flag is provided.
src/ai-gateway/shared/components/oauth-modal/OAuthModalDeviceCodeStep.tsx(21,9): error TS17004: Cannot use JSX unless the '--jsx' flag is provided.
src/ai-gateway/shared/components/oauth-modal/OAuthModalDeviceCodeStep.tsx(22,11): error TS17004: Cannot use JSX unless the '--jsx' flag is provided.
src/ai-gateway/shared/components/oauth-modal/OAuthModalDeviceCodeStep.tsx(23,11): error TS17004: Cannot use JSX unless the '--jsx' flag is provided.
src/ai-gateway/shared/components/oauth-modal/OAuthModalDeviceCodeStep.tsx(24,13): error TS17004: Cannot use JSX unless the '--jsx' flag is provided.
src/ai-gateway/shared/components/oauth-modal/OAuthModalDeviceCodeStep.tsx(25,13): error TS17004: Cannot use JSX unless the '--jsx' flag is provided.
src/ai-gateway/shared/components/oauth-modal/OAuthModalDeviceCodeStep.tsx(33,9): error TS17004: Cannot use JSX unless the '--jsx' flag is provided.
src/ai-gateway/shared/components/oauth-modal/OAuthModalDeviceCodeStep.tsx(34,11): error TS17004: Cannot use JSX unless the '--jsx' flag is provided.
src/ai-gateway/shared/components/oauth-modal/OAuthModalDeviceCodeStep.tsx(35,11): error TS17004: Cannot use JSX unless the '--jsx' flag is provided.
src/ai-gateway/shared/components/oauth-modal/OAuthModalDeviceCodeStep.tsx(36,13): error TS17004: Cannot use JSX unless the '--jsx' flag is provided.
src/ai-gateway/shared/components/oauth-modal/OAuthModalDeviceCodeStep.tsx(37,13): error TS17004: Cannot use JSX unless the '--jsx' flag is provided.
src/ai-gateway/shared/components/oauth-modal/OAuthModalDeviceCodeStep.tsx(47,9): error TS17004: Cannot use JSX unless the '--jsx' flag is provided.
src/ai-gateway/shared/components/oauth-modal/OAuthModalDeviceCodeStep.tsx(48,11): error TS17004: Cannot use JSX unless the '--jsx' flag is provided.
src/ai-gateway/shared/components/oauth-modal/OAuthModalErrorStep.tsx(1,20): error TS6142: Module '../Button' was resolved to 'C:/TESTES DEV/1_PROJETOS_ATIVOS/Zavorth/src/ai-gateway/shared/components/Button.tsx', but '--jsx' is not set.
src/ai-gateway/shared/components/oauth-modal/OAuthModalErrorStep.tsx(11,5): error TS17004: Cannot use JSX unless the '--jsx' flag is provided.
src/ai-gateway/shared/components/oauth-modal/OAuthModalErrorStep.tsx(12,7): error TS17004: Cannot use JSX unless the '--jsx' flag is provided.
src/ai-gateway/shared/components/oauth-modal/OAuthModalErrorStep.tsx(13,9): error TS17004: Cannot use JSX unless the '--jsx' flag is provided.
src/ai-gateway/shared/components/oauth-modal/OAuthModalErrorStep.tsx(15,7): error TS17004: Cannot use JSX unless the '--jsx' flag is provided.
src/ai-gateway/shared/components/oauth-modal/OAuthModalErrorStep.tsx(16,7): error TS17004: Cannot use JSX unless the '--jsx' flag is provided.
src/ai-gateway/shared/components/oauth-modal/OAuthModalErrorStep.tsx(17,7): error TS17004: Cannot use JSX unless the '--jsx' flag is provided.
src/ai-gateway/shared/components/oauth-modal/OAuthModalErrorStep.tsx(18,9): error TS17004: Cannot use JSX unless the '--jsx' flag is provided.
src/ai-gateway/shared/components/oauth-modal/OAuthModalErrorStep.tsx(21,9): error TS17004: Cannot use JSX unless the '--jsx' flag is provided.
src/ai-gateway/shared/components/oauth-modal/OAuthModalManualStep.tsx(1,20): error TS6142: Module '../Button' was resolved to 'C:/TESTES DEV/1_PROJETOS_ATIVOS/Zavorth/src/ai-gateway/shared/components/Button.tsx', but '--jsx' is not set.
src/ai-gateway/shared/components/oauth-modal/OAuthModalManualStep.tsx(2,19): error TS6142: Module '../Input' was resolved to 'C:/TESTES DEV/1_PROJETOS_ATIVOS/Zavorth/src/ai-gateway/shared/components/Input.tsx', but '--jsx' is not set.
src/ai-gateway/shared/components/oauth-modal/OAuthModalManualStep.tsx(3,40): error TS6142: Module './OAuthModalProviderHint' was resolved to 'C:/TESTES DEV/1_PROJETOS_ATIVOS/Zavorth/src/ai-gateway/shared/components/oauth-modal/OAuthModalProviderHint.tsx', but '--jsx' is not set.
src/ai-gateway/shared/components/oauth-modal/OAuthModalManualStep.tsx(42,5): error TS17004: Cannot use JSX unless the '--jsx' flag is provided.
src/ai-gateway/shared/components/oauth-modal/OAuthModalManualStep.tsx(43,7): error TS17004: Cannot use JSX unless the '--jsx' flag is provided.
src/ai-gateway/shared/components/oauth-modal/OAuthModalManualStep.tsx(44,9): error TS17004: Cannot use JSX unless the '--jsx' flag is provided.
src/ai-gateway/shared/components/oauth-modal/OAuthModalManualStep.tsx(46,9): error TS17004: Cannot use JSX unless the '--jsx' flag is provided.
src/ai-gateway/shared/components/oauth-modal/OAuthModalManualStep.tsx(47,11): error TS17004: Cannot use JSX unless the '--jsx' flag is provided.
src/ai-gateway/shared/components/oauth-modal/OAuthModalManualStep.tsx(48,11): error TS17004: Cannot use JSX unless the '--jsx' flag is provided.
src/ai-gateway/shared/components/oauth-modal/OAuthModalManualStep.tsx(49,13): error TS17004: Cannot use JSX unless the '--jsx' flag is provided.
src/ai-gateway/shared/components/oauth-modal/OAuthModalManualStep.tsx(50,13): error TS17004: Cannot use JSX unless the '--jsx' flag is provided.
src/ai-gateway/shared/components/oauth-modal/OAuthModalManualStep.tsx(60,9): error TS17004: Cannot use JSX unless the '--jsx' flag is provided.
src/ai-gateway/shared/components/oauth-modal/OAuthModalManualStep.tsx(61,11): error TS17004: Cannot use JSX unless the '--jsx' flag is provided.
src/ai-gateway/shared/components/oauth-modal/OAuthModalManualStep.tsx(62,11): error TS17004: Cannot use JSX unless the '--jsx' flag is provided.
src/ai-gateway/shared/components/oauth-modal/OAuthModalManualStep.tsx(64,70): error TS17004: Cannot use JSX unless the '--jsx' flag is provided.
src/ai-gateway/shared/components/oauth-modal/OAuthModalManualStep.tsx(66,11): error TS17004: Cannot use JSX unless the '--jsx' flag is provided.
src/ai-gateway/shared/components/oauth-modal/OAuthModalManualStep.tsx(75,7): error TS17004: Cannot use JSX unless the '--jsx' flag is provided.
src/ai-gateway/shared/components/oauth-modal/OAuthModalManualStep.tsx(76,9): error TS17004: Cannot use JSX unless the '--jsx' flag is provided.
src/ai-gateway/shared/components/oauth-modal/OAuthModalManualStep.tsx(79,9): error TS17004: Cannot use JSX unless the '--jsx' flag is provided.
src/ai-gateway/shared/components/oauth-modal/OAuthModalProviderHint.tsx(18,7): error TS17004: Cannot use JSX unless the '--jsx' flag is provided.
src/ai-gateway/shared/components/oauth-modal/OAuthModalProviderHint.tsx(19,9): error TS17004: Cannot use JSX unless the '--jsx' flag is provided.
src/ai-gateway/shared/components/oauth-modal/OAuthModalProviderHint.tsx(20,9): error TS17004: Cannot use JSX unless the '--jsx' flag is provided.
src/ai-gateway/shared/components/oauth-modal/OAuthModalProviderHint.tsx(21,22): error TS17004: Cannot use JSX unless the '--jsx' flag is provided.
src/ai-gateway/shared/components/oauth-modal/OAuthModalProviderHint.tsx(22,9): error TS17004: Cannot use JSX unless the '--jsx' flag is provided.
src/ai-gateway/shared/components/oauth-modal/OAuthModalProviderHint.tsx(24,9): error TS17004: Cannot use JSX unless the '--jsx' flag is provided.
src/ai-gateway/shared/components/oauth-modal/OAuthModalProviderHint.tsx(38,5): error TS17004: Cannot use JSX unless the '--jsx' flag is provided.
src/ai-gateway/shared/components/oauth-modal/OAuthModalProviderHint.tsx(39,7): error TS17004: Cannot use JSX unless the '--jsx' flag is provided.
src/ai-gateway/shared/components/oauth-modal/OAuthModalProviderHint.tsx(40,7): error TS17004: Cannot use JSX unless the '--jsx' flag is provided.
src/ai-gateway/shared/components/oauth-modal/OAuthModalSuccessStep.tsx(1,20): error TS6142: Module '../Button' was resolved to 'C:/TESTES DEV/1_PROJETOS_ATIVOS/Zavorth/src/ai-gateway/shared/components/Button.tsx', but '--jsx' is not set.
src/ai-gateway/shared/components/oauth-modal/OAuthModalSuccessStep.tsx(13,5): error TS17004: Cannot use JSX unless the '--jsx' flag is provided.
src/ai-gateway/shared/components/oauth-modal/OAuthModalSuccessStep.tsx(14,7): error TS17004: Cannot use JSX unless the '--jsx' flag is provided.
src/ai-gateway/shared/components/oauth-modal/OAuthModalSuccessStep.tsx(15,9): error TS17004: Cannot use JSX unless the '--jsx' flag is provided.
src/ai-gateway/shared/components/oauth-modal/OAuthModalSuccessStep.tsx(17,7): error TS17004: Cannot use JSX unless the '--jsx' flag is provided.
src/ai-gateway/shared/components/oauth-modal/OAuthModalSuccessStep.tsx(18,7): error TS17004: Cannot use JSX unless the '--jsx' flag is provided.
src/ai-gateway/shared/components/oauth-modal/OAuthModalSuccessStep.tsx(19,7): error TS17004: Cannot use JSX unless the '--jsx' flag is provided.
src/ai-gateway/shared/components/oauth-modal/OAuthModalWaitingStep.tsx(1,20): error TS6142: Module '../Button' was resolved to 'C:/TESTES DEV/1_PROJETOS_ATIVOS/Zavorth/src/ai-gateway/shared/components/Button.tsx', but '--jsx' is not set.
src/ai-gateway/shared/components/oauth-modal/OAuthModalWaitingStep.tsx(9,5): error TS17004: Cannot use JSX unless the '--jsx' flag is provided.
src/ai-gateway/shared/components/oauth-modal/OAuthModalWaitingStep.tsx(10,7): error TS17004: Cannot use JSX unless the '--jsx' flag is provided.
src/ai-gateway/shared/components/oauth-modal/OAuthModalWaitingStep.tsx(11,9): error TS17004: Cannot use JSX unless the '--jsx' flag is provided.
src/ai-gateway/shared/components/oauth-modal/OAuthModalWaitingStep.tsx(15,7): error TS17004: Cannot use JSX unless the '--jsx' flag is provided.
src/ai-gateway/shared/components/oauth-modal/OAuthModalWaitingStep.tsx(16,7): error TS17004: Cannot use JSX unless the '--jsx' flag is provided.
src/ai-gateway/shared/components/oauth-modal/OAuthModalWaitingStep.tsx(17,7): error TS17004: Cannot use JSX unless the '--jsx' flag is provided.
src/ai-gateway/shared/components/oauth-modal/OAuthModalWaitingStep.tsx(21,7): error TS17004: Cannot use JSX unless the '--jsx' flag is provided.
src/ai-gateway/shared/components/oauth-modal/useOAuthModal.ts(4,36): error TS2307: Cannot find module '@/shared/hooks/useCopyToClipboard' or its corresponding type declarations.
src/ai-gateway/shared/components/OAuthModal.tsx(3,23): error TS2307: Cannot find module 'prop-types' or its corresponding type declarations.
src/ai-gateway/shared/components/OAuthModal.tsx(4,19): error TS6142: Module './Modal' was resolved to 'C:/TESTES DEV/1_PROJETOS_ATIVOS/Zavorth/src/ai-gateway/shared/components/Modal.tsx', but '--jsx' is not set.
src/ai-gateway/shared/components/OAuthModal.tsx(5,42): error TS6142: Module './oauth-modal/OAuthModalDeviceCodeStep' was resolved to 'C:/TESTES DEV/1_PROJETOS_ATIVOS/Zavorth/src/ai-gateway/shared/components/oauth-modal/OAuthModalDeviceCodeStep.tsx', but '--jsx' is not set.
src/ai-gateway/shared/components/OAuthModal.tsx(6,37): error TS6142: Module './oauth-modal/OAuthModalErrorStep' was resolved to 'C:/TESTES DEV/1_PROJETOS_ATIVOS/Zavorth/src/ai-gateway/shared/components/oauth-modal/OAuthModalErrorStep.tsx', but '--jsx' is not set.
src/ai-gateway/shared/components/OAuthModal.tsx(7,38): error TS6142: Module './oauth-modal/OAuthModalManualStep' was resolved to 'C:/TESTES DEV/1_PROJETOS_ATIVOS/Zavorth/src/ai-gateway/shared/components/oauth-modal/OAuthModalManualStep.tsx', but '--jsx' is not set.
src/ai-gateway/shared/components/OAuthModal.tsx(8,39): error TS6142: Module './oauth-modal/OAuthModalSuccessStep' was resolved to 'C:/TESTES DEV/1_PROJETOS_ATIVOS/Zavorth/src/ai-gateway/shared/components/oauth-modal/OAuthModalSuccessStep.tsx', but '--jsx' is not set.
src/ai-gateway/shared/components/OAuthModal.tsx(9,39): error TS6142: Module './oauth-modal/OAuthModalWaitingStep' was resolved to 'C:/TESTES DEV/1_PROJETOS_ATIVOS/Zavorth/src/ai-gateway/shared/components/oauth-modal/OAuthModalWaitingStep.tsx', but '--jsx' is not set.
src/ai-gateway/shared/components/OAuthModal.tsx(54,5): error TS17004: Cannot use JSX unless the '--jsx' flag is provided.
src/ai-gateway/shared/components/OAuthModal.tsx(55,7): error TS17004: Cannot use JSX unless the '--jsx' flag is provided.
src/ai-gateway/shared/components/OAuthModal.tsx(57,11): error TS17004: Cannot use JSX unless the '--jsx' flag is provided.
src/ai-gateway/shared/components/OAuthModal.tsx(61,11): error TS17004: Cannot use JSX unless the '--jsx' flag is provided.
src/ai-gateway/shared/components/OAuthModal.tsx(70,11): error TS17004: Cannot use JSX unless the '--jsx' flag is provided.
src/ai-gateway/shared/components/OAuthModal.tsx(86,11): error TS17004: Cannot use JSX unless the '--jsx' flag is provided.
src/ai-gateway/shared/components/OAuthModal.tsx(90,11): error TS17004: Cannot use JSX unless the '--jsx' flag is provided.
src/ai-gateway/shared/components/PricingModal.tsx(4,47): error TS2307: Cannot find module '@/shared/constants/pricing' or its corresponding type declarations.
src/ai-gateway/shared/components/PricingModal.tsx(6,40): error TS7031: Binding element 'isOpen' implicitly has an 'any' type.
src/ai-gateway/shared/components/PricingModal.tsx(6,48): error TS7031: Binding element 'onClose' implicitly has an 'any' type.
src/ai-gateway/shared/components/PricingModal.tsx(6,57): error TS7031: Binding element 'onSave' implicitly has an 'any' type.
src/ai-gateway/shared/components/PricingModal.tsx(38,32): error TS7006: Parameter 'provider' implicitly has an 'any' type.
src/ai-gateway/shared/components/PricingModal.tsx(38,42): error TS7006: Parameter 'model' implicitly has an 'any' type.
src/ai-gateway/shared/components/PricingModal.tsx(38,49): error TS7006: Parameter 'field' implicitly has an 'any' type.
src/ai-gateway/shared/components/PricingModal.tsx(38,56): error TS7006: Parameter 'value' implicitly has an 'any' type.
src/ai-gateway/shared/components/PricingModal.tsx(44,12): error TS7053: Element implicitly has an 'any' type because expression of type 'any' can't be used to index type '{}'.
src/ai-gateway/shared/components/PricingModal.tsx(44,31): error TS7053: Element implicitly has an 'any' type because expression of type 'any' can't be used to index type '{}'.
src/ai-gateway/shared/components/PricingModal.tsx(45,12): error TS7053: Element implicitly has an 'any' type because expression of type 'any' can't be used to index type '{}'.
src/ai-gateway/shared/components/PricingModal.tsx(45,38): error TS7053: Element implicitly has an 'any' type because expression of type 'any' can't be used to index type '{}'.
src/ai-gateway/shared/components/PricingModal.tsx(46,7): error TS7053: Element implicitly has an 'any' type because expression of type 'any' can't be used to index type '{}'.
src/ai-gateway/shared/components/PricingModal.tsx(97,5): error TS17004: Cannot use JSX unless the '--jsx' flag is provided.
src/ai-gateway/shared/components/PricingModal.tsx(98,7): error TS17004: Cannot use JSX unless the '--jsx' flag is provided.
src/ai-gateway/shared/components/PricingModal.tsx(100,9): error TS17004: Cannot use JSX unless the '--jsx' flag is provided.
src/ai-gateway/shared/components/PricingModal.tsx(101,11): error TS17004: Cannot use JSX unless the '--jsx' flag is provided.
src/ai-gateway/shared/components/PricingModal.tsx(102,11): error TS17004: Cannot use JSX unless the '--jsx' flag is provided.
src/ai-gateway/shared/components/PricingModal.tsx(111,9): error TS17004: Cannot use JSX unless the '--jsx' flag is provided.
src/ai-gateway/shared/components/PricingModal.tsx(113,13): error TS17004: Cannot use JSX unless the '--jsx' flag is provided.
src/ai-gateway/shared/components/PricingModal.tsx(115,13): error TS17004: Cannot use JSX unless the '--jsx' flag is provided.
src/ai-gateway/shared/components/PricingModal.tsx(117,15): error TS17004: Cannot use JSX unless the '--jsx' flag is provided.
src/ai-gateway/shared/components/PricingModal.tsx(118,17): error TS17004: Cannot use JSX unless the '--jsx' flag is provided.
src/ai-gateway/shared/components/PricingModal.tsx(119,17): error TS17004: Cannot use JSX unless the '--jsx' flag is provided.
src/ai-gateway/shared/components/PricingModal.tsx(120,36): error TS17004: Cannot use JSX unless the '--jsx' flag is provided.
src/ai-gateway/shared/components/PricingModal.tsx(127,44): error TS7053: Element implicitly has an 'any' type because expression of type 'string' can't be used to index type '{}'.
  No index signature with a parameter of type 'string' was found on type '{}'.
src/ai-gateway/shared/components/PricingModal.tsx(129,19): error TS17004: Cannot use JSX unless the '--jsx' flag is provided.
src/ai-gateway/shared/components/PricingModal.tsx(130,21): error TS17004: Cannot use JSX unless the '--jsx' flag is provided.
src/ai-gateway/shared/components/PricingModal.tsx(133,21): error TS17004: Cannot use JSX unless the '--jsx' flag is provided.
src/ai-gateway/shared/components/PricingModal.tsx(134,23): error TS17004: Cannot use JSX unless the '--jsx' flag is provided.
src/ai-gateway/shared/components/PricingModal.tsx(135,25): error TS17004: Cannot use JSX unless the '--jsx' flag is provided.
src/ai-gateway/shared/components/PricingModal.tsx(136,27): error TS17004: Cannot use JSX unless the '--jsx' flag is provided.
src/ai-gateway/shared/components/PricingModal.tsx(137,29): error TS17004: Cannot use JSX unless the '--jsx' flag is provided.
src/ai-gateway/shared/components/PricingModal.tsx(138,29): error TS17004: Cannot use JSX unless the '--jsx' flag is provided.
src/ai-gateway/shared/components/PricingModal.tsx(139,29): error TS17004: Cannot use JSX unless the '--jsx' flag is provided.
src/ai-gateway/shared/components/PricingModal.tsx(140,29): error TS17004: Cannot use JSX unless the '--jsx' flag is provided.
src/ai-gateway/shared/components/PricingModal.tsx(141,29): error TS17004: Cannot use JSX unless the '--jsx' flag is provided.
src/ai-gateway/shared/components/PricingModal.tsx(142,29): error TS17004: Cannot use JSX unless the '--jsx' flag is provided.
src/ai-gateway/shared/components/PricingModal.tsx(145,25): error TS17004: Cannot use JSX unless the '--jsx' flag is provided.
src/ai-gateway/shared/components/PricingModal.tsx(147,29): error TS17004: Cannot use JSX unless the '--jsx' flag is provided.
src/ai-gateway/shared/components/PricingModal.tsx(148,31): error TS17004: Cannot use JSX unless the '--jsx' flag is provided.
src/ai-gateway/shared/components/PricingModal.tsx(150,33): error TS17004: Cannot use JSX unless the '--jsx' flag is provided.
src/ai-gateway/shared/components/PricingModal.tsx(151,35): error TS17004: Cannot use JSX unless the '--jsx' flag is provided.
src/ai-gateway/shared/components/PricingModal.tsx(155,44): error TS7053: Element implicitly has an 'any' type because expression of type 'string' can't be used to index type '{}'.
  No index signature with a parameter of type 'string' was found on type '{}'.
src/ai-gateway/shared/components/PricingModal.tsx(173,17): error TS17004: Cannot use JSX unless the '--jsx' flag is provided.
src/ai-gateway/shared/components/PricingModal.tsx(180,9): error TS17004: Cannot use JSX unless the '--jsx' flag is provided.
src/ai-gateway/shared/components/PricingModal.tsx(181,11): error TS17004: Cannot use JSX unless the '--jsx' flag is provided.
src/ai-gateway/shared/components/PricingModal.tsx(188,11): error TS17004: Cannot use JSX unless the '--jsx' flag is provided.
src/ai-gateway/shared/components/PricingModal.tsx(189,13): error TS17004: Cannot use JSX unless the '--jsx' flag is provided.
src/ai-gateway/shared/components/PricingModal.tsx(196,13): error TS17004: Cannot use JSX unless the '--jsx' flag is provided.
src/ai-gateway/shared/components/ProviderIcon.tsx(13,19): error TS2307: Cannot find module 'next/image' or its corresponding type declarations.
src/ai-gateway/shared/components/ProviderIcon.tsx(132,5): error TS17004: Cannot use JSX unless the '--jsx' flag is provided.
src/ai-gateway/shared/components/ProviderIcon.tsx(133,7): error TS17004: Cannot use JSX unless the '--jsx' flag is provided.
src/ai-gateway/shared/components/ProviderIcon.tsx(134,7): error TS17004: Cannot use JSX unless the '--jsx' flag is provided.
src/ai-gateway/shared/components/ProviderIcon.tsx(159,7): error TS17004: Cannot use JSX unless the '--jsx' flag is provided.
src/ai-gateway/shared/components/ProviderIcon.tsx(160,9): error TS17004: Cannot use JSX unless the '--jsx' flag is provided.
src/ai-gateway/shared/components/ProviderIcon.tsx(178,7): error TS17004: Cannot use JSX unless the '--jsx' flag is provided.
src/ai-gateway/shared/components/ProviderIcon.tsx(179,9): error TS17004: Cannot use JSX unless the '--jsx' flag is provided.
src/ai-gateway/shared/components/ProviderIcon.tsx(193,5): error TS17004: Cannot use JSX unless the '--jsx' flag is provided.
src/ai-gateway/shared/components/ProviderIcon.tsx(194,7): error TS17004: Cannot use JSX unless the '--jsx' flag is provided.
src/ai-gateway/shared/components/ProxyConfigModal.tsx(4,23): error TS2307: Cannot find module 'prop-types' or its corresponding type declarations.
src/ai-gateway/shared/components/ProxyConfigModal.tsx(5,19): error TS6142: Module './Modal' was resolved to 'C:/TESTES DEV/1_PROJETOS_ATIVOS/Zavorth/src/ai-gateway/shared/components/Modal.tsx', but '--jsx' is not set.
src/ai-gateway/shared/components/ProxyConfigModal.tsx(6,20): error TS6142: Module './Button' was resolved to 'C:/TESTES DEV/1_PROJETOS_ATIVOS/Zavorth/src/ai-gateway/shared/components/Button.tsx', but '--jsx' is not set.
src/ai-gateway/shared/components/ProxyConfigModal.tsx(68,27): error TS7006: Parameter 'type' implicitly has an 'any' type.
src/ai-gateway/shared/components/ProxyConfigModal.tsx(132,17): error TS2345: Argument of type '"SOCKS5 is configured but hidden because NEXT_PUBLIC_ENABLE_SOCKS5_PROXY=false."' is not assignable to parameter of type 'SetStateAction<null>'.
src/ai-gateway/shared/components/ProxyConfigModal.tsx(153,53): error TS2353: Object literal may only specify known properties, and 'level' does not exist in type '(prevState: null) => null'.
src/ai-gateway/shared/components/ProxyConfigModal.tsx(156,53): error TS2353: Object literal may only specify known properties, and 'level' does not exist in type '(prevState: null) => null'.
src/ai-gateway/shared/components/ProxyConfigModal.tsx(158,53): error TS2353: Object literal may only specify known properties, and 'level' does not exist in type '(prevState: null) => null'.
src/ai-gateway/shared/components/ProxyConfigModal.tsx(184,20): error TS2345: Argument of type '"Select a saved proxy before saving."' is not assignable to parameter of type 'SetStateAction<null>'.
src/ai-gateway/shared/components/ProxyConfigModal.tsx(251,20): error TS18046: 'error' is of type 'unknown'.
src/ai-gateway/shared/components/ProxyConfigModal.tsx(288,20): error TS18046: 'error' is of type 'unknown'.
src/ai-gateway/shared/components/ProxyConfigModal.tsx(309,24): error TS2345: Argument of type '"Select a saved proxy first."' is not assignable to parameter of type 'SetStateAction<null>'.
src/ai-gateway/shared/components/ProxyConfigModal.tsx(315,24): error TS2345: Argument of type '"Selected proxy not found."' is not assignable to parameter of type 'SetStateAction<null>'.
src/ai-gateway/shared/components/ProxyConfigModal.tsx(346,25): error TS2353: Object literal may only specify known properties, and 'success' does not exist in type '(prevState: null) => null'.
src/ai-gateway/shared/components/ProxyConfigModal.tsx(352,23): error TS2353: Object literal may only specify known properties, and 'success' does not exist in type '(prevState: null) => null'.
src/ai-gateway/shared/components/ProxyConfigModal.tsx(352,46): error TS18046: 'error' is of type 'unknown'.
src/ai-gateway/shared/components/ProxyConfigModal.tsx(353,20): error TS18046: 'error' is of type 'unknown'.
src/ai-gateway/shared/components/ProxyConfigModal.tsx(362,12): error TS7053: Element implicitly has an 'any' type because expression of type 'any' can't be used to index type '{ global: string; provider: string; combo: string; key: string; direct: string; }'.
src/ai-gateway/shared/components/ProxyConfigModal.tsx(365,5): error TS17004: Cannot use JSX unless the '--jsx' flag is provided.
src/ai-gateway/shared/components/ProxyConfigModal.tsx(367,9): error TS17004: Cannot use JSX unless the '--jsx' flag is provided.
src/ai-gateway/shared/components/ProxyConfigModal.tsx(371,9): error TS17004: Cannot use JSX unless the '--jsx' flag is provided.
src/ai-gateway/shared/components/ProxyConfigModal.tsx(374,13): error TS17004: Cannot use JSX unless the '--jsx' flag is provided.
src/ai-gateway/shared/components/ProxyConfigModal.tsx(375,15): error TS17004: Cannot use JSX unless the '--jsx' flag is provided.
src/ai-gateway/shared/components/ProxyConfigModal.tsx(378,15): error TS17004: Cannot use JSX unless the '--jsx' flag is provided.
src/ai-gateway/shared/components/ProxyConfigModal.tsx(379,33): error TS17004: Cannot use JSX unless the '--jsx' flag is provided.
src/ai-gateway/shared/components/ProxyConfigModal.tsx(379,56): error TS2339: Property 'level' does not exist on type 'never'.
src/ai-gateway/shared/components/ProxyConfigModal.tsx(379,88): error TS2339: Property 'proxy' does not exist on type 'never'.
src/ai-gateway/shared/components/ProxyConfigModal.tsx(380,35): error TS2339: Property 'proxy' does not exist on type 'never'.
src/ai-gateway/shared/components/ProxyConfigModal.tsx(380,63): error TS2339: Property 'proxy' does not exist on type 'never'.
src/ai-gateway/shared/components/ProxyConfigModal.tsx(386,11): error TS17004: Cannot use JSX unless the '--jsx' flag is provided.
src/ai-gateway/shared/components/ProxyConfigModal.tsx(387,13): error TS17004: Cannot use JSX unless the '--jsx' flag is provided.
src/ai-gateway/shared/components/ProxyConfigModal.tsx(390,13): error TS17004: Cannot use JSX unless the '--jsx' flag is provided.
src/ai-gateway/shared/components/ProxyConfigModal.tsx(391,15): error TS17004: Cannot use JSX unless the '--jsx' flag is provided.
src/ai-gateway/shared/components/ProxyConfigModal.tsx(401,15): error TS17004: Cannot use JSX unless the '--jsx' flag is provided.
src/ai-gateway/shared/components/ProxyConfigModal.tsx(415,13): error TS17004: Cannot use JSX unless the '--jsx' flag is provided.
src/ai-gateway/shared/components/ProxyConfigModal.tsx(416,15): error TS17004: Cannot use JSX unless the '--jsx' flag is provided.
src/ai-gateway/shared/components/ProxyConfigModal.tsx(419,15): error TS17004: Cannot use JSX unless the '--jsx' flag is provided.
src/ai-gateway/shared/components/ProxyConfigModal.tsx(424,17): error TS17004: Cannot use JSX unless the '--jsx' flag is provided.
src/ai-gateway/shared/components/ProxyConfigModal.tsx(426,19): error TS17004: Cannot use JSX unless the '--jsx' flag is provided.
src/ai-gateway/shared/components/ProxyConfigModal.tsx(435,13): error TS17004: Cannot use JSX unless the '--jsx' flag is provided.
src/ai-gateway/shared/components/ProxyConfigModal.tsx(436,15): error TS17004: Cannot use JSX unless the '--jsx' flag is provided.
src/ai-gateway/shared/components/ProxyConfigModal.tsx(437,17): error TS17004: Cannot use JSX unless the '--jsx' flag is provided.
src/ai-gateway/shared/components/ProxyConfigModal.tsx(440,17): error TS17004: Cannot use JSX unless the '--jsx' flag is provided.
src/ai-gateway/shared/components/ProxyConfigModal.tsx(442,21): error TS17004: Cannot use JSX unless the '--jsx' flag is provided.
src/ai-gateway/shared/components/ProxyConfigModal.tsx(458,15): error TS17004: Cannot use JSX unless the '--jsx' flag is provided.
src/ai-gateway/shared/components/ProxyConfigModal.tsx(459,17): error TS17004: Cannot use JSX unless the '--jsx' flag is provided.
src/ai-gateway/shared/components/ProxyConfigModal.tsx(460,19): error TS17004: Cannot use JSX unless the '--jsx' flag is provided.
src/ai-gateway/shared/components/ProxyConfigModal.tsx(463,19): error TS17004: Cannot use JSX unless the '--jsx' flag is provided.
src/ai-gateway/shared/components/ProxyConfigModal.tsx(471,17): error TS17004: Cannot use JSX unless the '--jsx' flag is provided.
src/ai-gateway/shared/components/ProxyConfigModal.tsx(472,19): error TS17004: Cannot use JSX unless the '--jsx' flag is provided.
src/ai-gateway/shared/components/ProxyConfigModal.tsx(475,19): error TS17004: Cannot use JSX unless the '--jsx' flag is provided.
src/ai-gateway/shared/components/ProxyConfigModal.tsx(486,15): error TS17004: Cannot use JSX unless the '--jsx' flag is provided.
src/ai-gateway/shared/components/ProxyConfigModal.tsx(487,17): error TS17004: Cannot use JSX unless the '--jsx' flag is provided.
src/ai-gateway/shared/components/ProxyConfigModal.tsx(491,19): error TS17004: Cannot use JSX unless the '--jsx' flag is provided.
src/ai-gateway/shared/components/ProxyConfigModal.tsx(497,19): error TS17004: Cannot use JSX unless the '--jsx' flag is provided.
src/ai-gateway/shared/components/ProxyConfigModal.tsx(498,21): error TS17004: Cannot use JSX unless the '--jsx' flag is provided.
src/ai-gateway/shared/components/ProxyConfigModal.tsx(499,23): error TS17004: Cannot use JSX unless the '--jsx' flag is provided.
src/ai-gateway/shared/components/ProxyConfigModal.tsx(502,23): error TS17004: Cannot use JSX unless the '--jsx' flag is provided.
src/ai-gateway/shared/components/ProxyConfigModal.tsx(510,21): error TS17004: Cannot use JSX unless the '--jsx' flag is provided.
src/ai-gateway/shared/components/ProxyConfigModal.tsx(511,23): error TS17004: Cannot use JSX unless the '--jsx' flag is provided.
src/ai-gateway/shared/components/ProxyConfigModal.tsx(514,23): error TS17004: Cannot use JSX unless the '--jsx' flag is provided.
src/ai-gateway/shared/components/ProxyConfigModal.tsx(530,13): error TS17004: Cannot use JSX unless the '--jsx' flag is provided.
src/ai-gateway/shared/components/ProxyConfigModal.tsx(536,13): error TS17004: Cannot use JSX unless the '--jsx' flag is provided.
src/ai-gateway/shared/components/ProxyConfigModal.tsx(538,28): error TS2339: Property 'success' does not exist on type 'never'.
src/ai-gateway/shared/components/ProxyConfigModal.tsx(543,15): error TS17004: Cannot use JSX unless the '--jsx' flag is provided.
src/ai-gateway/shared/components/ProxyConfigModal.tsx(545,30): error TS2339: Property 'success' does not exist on type 'never'.
src/ai-gateway/shared/components/ProxyConfigModal.tsx(548,29): error TS2339: Property 'success' does not exist on type 'never'.
src/ai-gateway/shared/components/ProxyConfigModal.tsx(550,15): error TS17004: Cannot use JSX unless the '--jsx' flag is provided.
src/ai-gateway/shared/components/ProxyConfigModal.tsx(551,29): error TS2339: Property 'success' does not exist on type 'never'.
src/ai-gateway/shared/components/ProxyConfigModal.tsx(552,19): error TS17004: Cannot use JSX unless the '--jsx' flag is provided.
src/ai-gateway/shared/components/ProxyConfigModal.tsx(553,21): error TS17004: Cannot use JSX unless the '--jsx' flag is provided.
src/ai-gateway/shared/components/ProxyConfigModal.tsx(554,21): error TS17004: Cannot use JSX unless the '--jsx' flag is provided.
src/ai-gateway/shared/components/ProxyConfigModal.tsx(555,27): error TS17004: Cannot use JSX unless the '--jsx' flag is provided.
src/ai-gateway/shared/components/ProxyConfigModal.tsx(555,84): error TS2339: Property 'publicIp' does not exist on type 'never'.
src/ai-gateway/shared/components/ProxyConfigModal.tsx(556,35): error TS2339: Property 'latencyMs' does not exist on type 'never'.
src/ai-gateway/shared/components/ProxyConfigModal.tsx(556,65): error TS2339: Property 'latencyMs' does not exist on type 'never'.
src/ai-gateway/shared/components/ProxyConfigModal.tsx(560,19): error TS17004: Cannot use JSX unless the '--jsx' flag is provided.
src/ai-gateway/shared/components/ProxyConfigModal.tsx(561,33): error TS2339: Property 'error' does not exist on type 'never'.
src/ai-gateway/shared/components/ProxyConfigModal.tsx(562,33): error TS2339: Property 'latencyMs' does not exist on type 'never'.
src/ai-gateway/shared/components/ProxyConfigModal.tsx(563,23): error TS17004: Cannot use JSX unless the '--jsx' flag is provided.
src/ai-gateway/shared/components/ProxyConfigModal.tsx(564,38): error TS2339: Property 'latencyMs' does not exist on type 'never'.
src/ai-gateway/shared/components/ProxyConfigModal.tsx(574,11): error TS17004: Cannot use JSX unless the '--jsx' flag is provided.
src/ai-gateway/shared/components/ProxyConfigModal.tsx(575,13): error TS17004: Cannot use JSX unless the '--jsx' flag is provided.
src/ai-gateway/shared/components/ProxyConfigModal.tsx(576,15): error TS17004: Cannot use JSX unless the '--jsx' flag is provided.
src/ai-gateway/shared/components/ProxyConfigModal.tsx(587,17): error TS17004: Cannot use JSX unless the '--jsx' flag is provided.
src/ai-gateway/shared/components/ProxyConfigModal.tsx(599,13): error TS17004: Cannot use JSX unless the '--jsx' flag is provided.
src/ai-gateway/shared/components/ProxyConfigModal.tsx(600,15): error TS17004: Cannot use JSX unless the '--jsx' flag is provided.
src/ai-gateway/shared/components/ProxyConfigModal.tsx(603,15): error TS17004: Cannot use JSX unless the '--jsx' flag is provided.
src/ai-gateway/shared/components/ProxyLogDetail.tsx(9,8): error TS2307: Cannot find module '@/shared/constants/colors' or its corresponding type declarations.
src/ai-gateway/shared/components/ProxyLogDetail.tsx(10,49): error TS2307: Cannot find module '@/shared/utils/formatting' or its corresponding type declarations.
src/ai-gateway/shared/components/ProxyLogDetail.tsx(16,42): error TS7031: Binding element 'log' implicitly has an 'any' type.
src/ai-gateway/shared/components/ProxyLogDetail.tsx(16,47): error TS7031: Binding element 'onClose' implicitly has an 'any' type.
src/ai-gateway/shared/components/ProxyLogDetail.tsx(18,22): error TS7006: Parameter 'e' implicitly has an 'any' type.
src/ai-gateway/shared/components/ProxyLogDetail.tsx(38,23): error TS7006: Parameter 'iso' implicitly has an 'any' type.
src/ai-gateway/shared/components/ProxyLogDetail.tsx(50,5): error TS17004: Cannot use JSX unless the '--jsx' flag is provided.
src/ai-gateway/shared/components/ProxyLogDetail.tsx(57,7): error TS17004: Cannot use JSX unless the '--jsx' flag is provided.
src/ai-gateway/shared/components/ProxyLogDetail.tsx(58,7): error TS17004: Cannot use JSX unless the '--jsx' flag is provided.
src/ai-gateway/shared/components/ProxyLogDetail.tsx(63,9): error TS17004: Cannot use JSX unless the '--jsx' flag is provided.
src/ai-gateway/shared/components/ProxyLogDetail.tsx(64,11): error TS17004: Cannot use JSX unless the '--jsx' flag is provided.
src/ai-gateway/shared/components/ProxyLogDetail.tsx(65,13): error TS17004: Cannot use JSX unless the '--jsx' flag is provided.
src/ai-gateway/shared/components/ProxyLogDetail.tsx(71,13): error TS17004: Cannot use JSX unless the '--jsx' flag is provided.
src/ai-gateway/shared/components/ProxyLogDetail.tsx(73,11): error TS17004: Cannot use JSX unless the '--jsx' flag is provided.
src/ai-gateway/shared/components/ProxyLogDetail.tsx(78,13): error TS17004: Cannot use JSX unless the '--jsx' flag is provided.
src/ai-gateway/shared/components/ProxyLogDetail.tsx(82,9): error TS17004: Cannot use JSX unless the '--jsx' flag is provided.
src/ai-gateway/shared/components/ProxyLogDetail.tsx(84,11): error TS17004: Cannot use JSX unless the '--jsx' flag is provided.
src/ai-gateway/shared/components/ProxyLogDetail.tsx(85,13): error TS17004: Cannot use JSX unless the '--jsx' flag is provided.
src/ai-gateway/shared/components/ProxyLogDetail.tsx(86,15): error TS17004: Cannot use JSX unless the '--jsx' flag is provided.
src/ai-gateway/shared/components/ProxyLogDetail.tsx(87,15): error TS17004: Cannot use JSX unless the '--jsx' flag is provided.
src/ai-gateway/shared/components/ProxyLogDetail.tsx(89,13): error TS17004: Cannot use JSX unless the '--jsx' flag is provided.
src/ai-gateway/shared/components/ProxyLogDetail.tsx(90,15): error TS17004: Cannot use JSX unless the '--jsx' flag is provided.
src/ai-gateway/shared/components/ProxyLogDetail.tsx(93,15): error TS17004: Cannot use JSX unless the '--jsx' flag is provided.
src/ai-gateway/shared/components/ProxyLogDetail.tsx(95,13): error TS17004: Cannot use JSX unless the '--jsx' flag is provided.
src/ai-gateway/shared/components/ProxyLogDetail.tsx(96,15): error TS17004: Cannot use JSX unless the '--jsx' flag is provided.
src/ai-gateway/shared/components/ProxyLogDetail.tsx(99,15): error TS17004: Cannot use JSX unless the '--jsx' flag is provided.
src/ai-gateway/shared/components/ProxyLogDetail.tsx(103,13): error TS17004: Cannot use JSX unless the '--jsx' flag is provided.
src/ai-gateway/shared/components/ProxyLogDetail.tsx(104,15): error TS17004: Cannot use JSX unless the '--jsx' flag is provided.
src/ai-gateway/shared/components/ProxyLogDetail.tsx(105,15): error TS17004: Cannot use JSX unless the '--jsx' flag is provided.
src/ai-gateway/shared/components/ProxyLogDetail.tsx(109,13): error TS17004: Cannot use JSX unless the '--jsx' flag is provided.
src/ai-gateway/shared/components/ProxyLogDetail.tsx(110,15): error TS17004: Cannot use JSX unless the '--jsx' flag is provided.
src/ai-gateway/shared/components/ProxyLogDetail.tsx(111,15): error TS17004: Cannot use JSX unless the '--jsx' flag is provided.
src/ai-gateway/shared/components/ProxyLogDetail.tsx(118,13): error TS17004: Cannot use JSX unless the '--jsx' flag is provided.
src/ai-gateway/shared/components/ProxyLogDetail.tsx(119,15): error TS17004: Cannot use JSX unless the '--jsx' flag is provided.
src/ai-gateway/shared/components/ProxyLogDetail.tsx(120,15): error TS17004: Cannot use JSX unless the '--jsx' flag is provided.
src/ai-gateway/shared/components/ProxyLogDetail.tsx(127,13): error TS17004: Cannot use JSX unless the '--jsx' flag is provided.
src/ai-gateway/shared/components/ProxyLogDetail.tsx(128,15): error TS17004: Cannot use JSX unless the '--jsx' flag is provided.
src/ai-gateway/shared/components/ProxyLogDetail.tsx(132,17): error TS17004: Cannot use JSX unless the '--jsx' flag is provided.
src/ai-gateway/shared/components/ProxyLogDetail.tsx(139,17): error TS17004: Cannot use JSX unless the '--jsx' flag is provided.
src/ai-gateway/shared/components/ProxyLogDetail.tsx(142,13): error TS17004: Cannot use JSX unless the '--jsx' flag is provided.
src/ai-gateway/shared/components/ProxyLogDetail.tsx(143,15): error TS17004: Cannot use JSX unless the '--jsx' flag is provided.
src/ai-gateway/shared/components/ProxyLogDetail.tsx(147,17): error TS17004: Cannot use JSX unless the '--jsx' flag is provided.
src/ai-gateway/shared/components/ProxyLogDetail.tsx(151,19): error TS17004: Cannot use JSX unless the '--jsx' flag is provided.
src/ai-gateway/shared/components/ProxyLogDetail.tsx(154,17): error TS17004: Cannot use JSX unless the '--jsx' flag is provided.
src/ai-gateway/shared/components/ProxyLogDetail.tsx(157,13): error TS17004: Cannot use JSX unless the '--jsx' flag is provided.
src/ai-gateway/shared/components/ProxyLogDetail.tsx(158,15): error TS17004: Cannot use JSX unless the '--jsx' flag is provided.
src/ai-gateway/shared/components/ProxyLogDetail.tsx(161,15): error TS17004: Cannot use JSX unless the '--jsx' flag is provided.
src/ai-gateway/shared/components/ProxyLogDetail.tsx(169,13): error TS17004: Cannot use JSX unless the '--jsx' flag is provided.
src/ai-gateway/shared/components/ProxyLogDetail.tsx(170,15): error TS17004: Cannot use JSX unless the '--jsx' flag is provided.
src/ai-gateway/shared/components/ProxyLogDetail.tsx(173,15): error TS17004: Cannot use JSX unless the '--jsx' flag is provided.
src/ai-gateway/shared/components/ProxyLogDetail.tsx(179,13): error TS17004: Cannot use JSX unless the '--jsx' flag is provided.
src/ai-gateway/shared/components/ProxyLogDetail.tsx(180,15): error TS17004: Cannot use JSX unless the '--jsx' flag is provided.
src/ai-gateway/shared/components/ProxyLogDetail.tsx(183,15): error TS17004: Cannot use JSX unless the '--jsx' flag is provided.
src/ai-gateway/shared/components/ProxyLogger.tsx(4,18): error TS6142: Module './Card' was resolved to 'C:/TESTES DEV/1_PROJETOS_ATIVOS/Zavorth/src/ai-gateway/shared/components/Card.tsx', but '--jsx' is not set.
src/ai-gateway/shared/components/ProxyLogger.tsx(5,28): error TS6142: Module './ProxyLogDetail' was resolved to 'C:/TESTES DEV/1_PROJETOS_ATIVOS/Zavorth/src/ai-gateway/shared/components/ProxyLogDetail.tsx', but '--jsx' is not set.
src/ai-gateway/shared/components/ProxyLogger.tsx(11,8): error TS2307: Cannot find module '@/shared/constants/colors' or its corresponding type declarations.
src/ai-gateway/shared/components/ProxyLogger.tsx(16,8): error TS2307: Cannot find module '@/shared/utils/formatting' or its corresponding type declarations.
src/ai-gateway/shared/components/ProxyLogger.tsx(64,37): error TS7006: Parameter 'key' implicitly has an 'any' type.
src/ai-gateway/shared/components/ProxyLogger.tsx(65,24): error TS7006: Parameter 'prev' implicitly has an 'any' type.
src/ai-gateway/shared/components/ProxyLogger.tsx(111,7): error TS2322: Type 'Timeout' is not assignable to type 'null'.
src/ai-gateway/shared/components/ProxyLogger.tsx(123,29): error TS2339: Property 'timestamp' does not exist on type 'never'.
src/ai-gateway/shared/components/ProxyLogger.tsx(123,63): error TS2339: Property 'timestamp' does not exist on type 'never'.
src/ai-gateway/shared/components/ProxyLogger.tsx(125,21): error TS2339: Property 'latencyMs' does not exist on type 'never'.
src/ai-gateway/shared/components/ProxyLogger.tsx(125,42): error TS2339: Property 'latencyMs' does not exist on type 'never'.
src/ai-gateway/shared/components/ProxyLogger.tsx(127,21): error TS2339: Property 'latencyMs' does not exist on type 'never'.
src/ai-gateway/shared/components/ProxyLogger.tsx(127,42): error TS2339: Property 'latencyMs' does not exist on type 'never'.
src/ai-gateway/shared/components/ProxyLogger.tsx(130,29): error TS2339: Property 'timestamp' does not exist on type 'never'.
src/ai-gateway/shared/components/ProxyLogger.tsx(130,63): error TS2339: Property 'timestamp' does not exist on type 'never'.
src/ai-gateway/shared/components/ProxyLogger.tsx(136,57): error TS2339: Property 'provider' does not exist on type 'never'.
src/ai-gateway/shared/components/ProxyLogger.tsx(137,53): error TS2339: Property 'proxy' does not exist on type 'never'.
src/ai-gateway/shared/components/ProxyLogger.tsx(138,54): error TS2339: Property 'level' does not exist on type 'never'.
src/ai-gateway/shared/components/ProxyLogger.tsx(141,40): error TS2339: Property 'status' does not exist on type 'never'.
src/ai-gateway/shared/components/ProxyLogger.tsx(142,43): error TS2339: Property 'status' does not exist on type 'never'.
src/ai-gateway/shared/components/ProxyLogger.tsx(143,45): error TS2339: Property 'status' does not exist on type 'never'.
src/ai-gateway/shared/components/ProxyLogger.tsx(144,44): error TS2339: Property 'level' does not exist on type 'never'.
src/ai-gateway/shared/components/ProxyLogger.tsx(145,41): error TS2339: Property 'tlsFingerprint' does not exist on type 'never'.
src/ai-gateway/shared/components/ProxyLogger.tsx(148,5): error TS17004: Cannot use JSX unless the '--jsx' flag is provided.
src/ai-gateway/shared/components/ProxyLogger.tsx(150,7): error TS17004: Cannot use JSX unless the '--jsx' flag is provided.
src/ai-gateway/shared/components/ProxyLogger.tsx(152,9): error TS17004: Cannot use JSX unless the '--jsx' flag is provided.
src/ai-gateway/shared/components/ProxyLogger.tsx(160,11): error TS17004: Cannot use JSX unless the '--jsx' flag is provided.
src/ai-gateway/shared/components/ProxyLogger.tsx(167,9): error TS17004: Cannot use JSX unless the '--jsx' flag is provided.
src/ai-gateway/shared/components/ProxyLogger.tsx(168,11): error TS17004: Cannot use JSX unless the '--jsx' flag is provided.
src/ai-gateway/shared/components/ProxyLogger.tsx(171,11): error TS17004: Cannot use JSX unless the '--jsx' flag is provided.
src/ai-gateway/shared/components/ProxyLogger.tsx(181,9): error TS17004: Cannot use JSX unless the '--jsx' flag is provided.
src/ai-gateway/shared/components/ProxyLogger.tsx(186,11): error TS17004: Cannot use JSX unless the '--jsx' flag is provided.
src/ai-gateway/shared/components/ProxyLogger.tsx(188,13): error TS17004: Cannot use JSX unless the '--jsx' flag is provided.
src/ai-gateway/shared/components/ProxyLogger.tsx(195,9): error TS17004: Cannot use JSX unless the '--jsx' flag is provided.
src/ai-gateway/shared/components/ProxyLogger.tsx(200,11): error TS17004: Cannot use JSX unless the '--jsx' flag is provided.
src/ai-gateway/shared/components/ProxyLogger.tsx(202,13): error TS17004: Cannot use JSX unless the '--jsx' flag is provided.
src/ai-gateway/shared/components/ProxyLogger.tsx(209,9): error TS17004: Cannot use JSX unless the '--jsx' flag is provided.
src/ai-gateway/shared/components/ProxyLogger.tsx(214,11): error TS17004: Cannot use JSX unless the '--jsx' flag is provided.
src/ai-gateway/shared/components/ProxyLogger.tsx(218,15): error TS17004: Cannot use JSX unless the '--jsx' flag is provided.
src/ai-gateway/shared/components/ProxyLogger.tsx(226,9): error TS17004: Cannot use JSX unless the '--jsx' flag is provided.
src/ai-gateway/shared/components/ProxyLogger.tsx(227,11): error TS17004: Cannot use JSX unless the '--jsx' flag is provided.
src/ai-gateway/shared/components/ProxyLogger.tsx(230,11): error TS17004: Cannot use JSX unless the '--jsx' flag is provided.
src/ai-gateway/shared/components/ProxyLogger.tsx(234,13): error TS17004: Cannot use JSX unless the '--jsx' flag is provided.
src/ai-gateway/shared/components/ProxyLogger.tsx(239,13): error TS17004: Cannot use JSX unless the '--jsx' flag is provided.
src/ai-gateway/shared/components/ProxyLogger.tsx(244,13): error TS17004: Cannot use JSX unless the '--jsx' flag is provided.
src/ai-gateway/shared/components/ProxyLogger.tsx(249,13): error TS17004: Cannot use JSX unless the '--jsx' flag is provided.
src/ai-gateway/shared/components/ProxyLogger.tsx(256,9): error TS17004: Cannot use JSX unless the '--jsx' flag is provided.
src/ai-gateway/shared/components/ProxyLogger.tsx(261,11): error TS17004: Cannot use JSX unless the '--jsx' flag is provided.
src/ai-gateway/shared/components/ProxyLogger.tsx(262,11): error TS17004: Cannot use JSX unless the '--jsx' flag is provided.
src/ai-gateway/shared/components/ProxyLogger.tsx(263,11): error TS17004: Cannot use JSX unless the '--jsx' flag is provided.
src/ai-gateway/shared/components/ProxyLogger.tsx(264,11): error TS17004: Cannot use JSX unless the '--jsx' flag is provided.
src/ai-gateway/shared/components/ProxyLogger.tsx(268,9): error TS17004: Cannot use JSX unless the '--jsx' flag is provided.
src/ai-gateway/shared/components/ProxyLogger.tsx(273,11): error TS17004: Cannot use JSX unless the '--jsx' flag is provided.
src/ai-gateway/shared/components/ProxyLogger.tsx(278,7): error TS17004: Cannot use JSX unless the '--jsx' flag is provided.
src/ai-gateway/shared/components/ProxyLogger.tsx(280,11): error TS17004: Cannot use JSX unless the '--jsx' flag is provided.
src/ai-gateway/shared/components/ProxyLogger.tsx(295,24): error TS17004: Cannot use JSX unless the '--jsx' flag is provided.
src/ai-gateway/shared/components/ProxyLogger.tsx(300,40): error TS17004: Cannot use JSX unless the '--jsx' flag is provided.
src/ai-gateway/shared/components/ProxyLogger.tsx(306,13): error TS17004: Cannot use JSX unless the '--jsx' flag is provided.
src/ai-gateway/shared/components/ProxyLogger.tsx(326,7): error TS17004: Cannot use JSX unless the '--jsx' flag is provided.
src/ai-gateway/shared/components/ProxyLogger.tsx(327,9): error TS17004: Cannot use JSX unless the '--jsx' flag is provided.
src/ai-gateway/shared/components/ProxyLogger.tsx(329,11): error TS17004: Cannot use JSX unless the '--jsx' flag is provided.
src/ai-gateway/shared/components/ProxyLogger.tsx(344,7): error TS17004: Cannot use JSX unless the '--jsx' flag is provided.
src/ai-gateway/shared/components/ProxyLogger.tsx(345,9): error TS17004: Cannot use JSX unless the '--jsx' flag is provided.
src/ai-gateway/shared/components/ProxyLogger.tsx(347,13): error TS17004: Cannot use JSX unless the '--jsx' flag is provided.
src/ai-gateway/shared/components/ProxyLogger.tsx(349,13): error TS17004: Cannot use JSX unless the '--jsx' flag is provided.
src/ai-gateway/shared/components/ProxyLogger.tsx(350,15): error TS17004: Cannot use JSX unless the '--jsx' flag is provided.
src/ai-gateway/shared/components/ProxyLogger.tsx(356,13): error TS17004: Cannot use JSX unless the '--jsx' flag is provided.
src/ai-gateway/shared/components/ProxyLogger.tsx(360,13): error TS17004: Cannot use JSX unless the '--jsx' flag is provided.
src/ai-gateway/shared/components/ProxyLogger.tsx(361,15): error TS17004: Cannot use JSX unless the '--jsx' flag is provided.
src/ai-gateway/shared/components/ProxyLogger.tsx(365,17): error TS17004: Cannot use JSX unless the '--jsx' flag is provided.
src/ai-gateway/shared/components/ProxyLogger.tsx(370,21): error TS17004: Cannot use JSX unless the '--jsx' flag is provided.
src/ai-gateway/shared/components/ProxyLogger.tsx(375,21): error TS17004: Cannot use JSX unless the '--jsx' flag is provided.
src/ai-gateway/shared/components/ProxyLogger.tsx(380,21): error TS17004: Cannot use JSX unless the '--jsx' flag is provided.
src/ai-gateway/shared/components/ProxyLogger.tsx(385,21): error TS17004: Cannot use JSX unless the '--jsx' flag is provided.
src/ai-gateway/shared/components/ProxyLogger.tsx(390,21): error TS17004: Cannot use JSX unless the '--jsx' flag is provided.
src/ai-gateway/shared/components/ProxyLogger.tsx(395,21): error TS17004: Cannot use JSX unless the '--jsx' flag is provided.
src/ai-gateway/shared/components/ProxyLogger.tsx(400,21): error TS17004: Cannot use JSX unless the '--jsx' flag is provided.
src/ai-gateway/shared/components/ProxyLogger.tsx(405,21): error TS17004: Cannot use JSX unless the '--jsx' flag is provided.
src/ai-gateway/shared/components/ProxyLogger.tsx(410,21): error TS17004: Cannot use JSX unless the '--jsx' flag is provided.
src/ai-gateway/shared/components/ProxyLogger.tsx(415,21): error TS17004: Cannot use JSX unless the '--jsx' flag is provided.
src/ai-gateway/shared/components/ProxyLogger.tsx(421,15): error TS17004: Cannot use JSX unless the '--jsx' flag is provided.
src/ai-gateway/shared/components/ProxyLogger.tsx(423,58): error TS2339: Property 'status' does not exist on type 'never'.
src/ai-gateway/shared/components/ProxyLogger.tsx(424,53): error TS2339: Property 'proxy' does not exist on type 'never'.
src/ai-gateway/shared/components/ProxyLogger.tsx(427,32): error TS2339: Property 'proxy' does not exist on type 'never'.
src/ai-gateway/shared/components/ProxyLogger.tsx(429,55): error TS2339: Property 'level' does not exist on type 'never'.
src/ai-gateway/shared/components/ProxyLogger.tsx(430,61): error TS2339: Property 'provider' does not exist on type 'never'.
src/ai-gateway/shared/components/ProxyLogger.tsx(433,33): error TS2339: Property 'provider' does not exist on type 'never'.
src/ai-gateway/shared/components/ProxyLogger.tsx(435,39): error TS2339: Property 'status' does not exist on type 'never'.
src/ai-gateway/shared/components/ProxyLogger.tsx(435,65): error TS2339: Property 'status' does not exist on type 'never'.
src/ai-gateway/shared/components/ProxyLogger.tsx(438,21): error TS17004: Cannot use JSX unless the '--jsx' flag is provided.
src/ai-gateway/shared/components/ProxyLogger.tsx(439,32): error TS2339: Property 'id' does not exist on type 'never'.
src/ai-gateway/shared/components/ProxyLogger.tsx(440,66): error TS2339: Property 'id' does not exist on type 'never'.
src/ai-gateway/shared/components/ProxyLogger.tsx(440,77): error TS2339: Property 'id' does not exist on type 'never'.
src/ai-gateway/shared/components/ProxyLogger.tsx(444,25): error TS17004: Cannot use JSX unless the '--jsx' flag is provided.
src/ai-gateway/shared/components/ProxyLogger.tsx(445,27): error TS17004: Cannot use JSX unless the '--jsx' flag is provided.
src/ai-gateway/shared/components/ProxyLogger.tsx(449,34): error TS2339: Property 'status' does not exist on type 'never'.
src/ai-gateway/shared/components/ProxyLogger.tsx(454,25): error TS17004: Cannot use JSX unless the '--jsx' flag is provided.
src/ai-gateway/shared/components/ProxyLogger.tsx(455,32): error TS2339: Property 'proxy' does not exist on type 'never'.
src/ai-gateway/shared/components/ProxyLogger.tsx(455,47): error TS2339: Property 'proxy' does not exist on type 'never'.
src/ai-gateway/shared/components/ProxyLogger.tsx(455,65): error TS2339: Property 'proxy' does not exist on type 'never'.
src/ai-gateway/shared/components/ProxyLogger.tsx(459,25): error TS17004: Cannot use JSX unless the '--jsx' flag is provided.
src/ai-gateway/shared/components/ProxyLogger.tsx(460,32): error TS2339: Property 'tlsFingerprint' does not exist on type 'never'.
src/ai-gateway/shared/components/ProxyLogger.tsx(461,29): error TS17004: Cannot use JSX unless the '--jsx' flag is provided.
src/ai-gateway/shared/components/ProxyLogger.tsx(469,31): error TS17004: Cannot use JSX unless the '--jsx' flag is provided.
src/ai-gateway/shared/components/ProxyLogger.tsx(472,29): error TS17004: Cannot use JSX unless the '--jsx' flag is provided.
src/ai-gateway/shared/components/ProxyLogger.tsx(477,25): error TS17004: Cannot use JSX unless the '--jsx' flag is provided.
src/ai-gateway/shared/components/ProxyLogger.tsx(478,27): error TS17004: Cannot use JSX unless the '--jsx' flag is provided.
src/ai-gateway/shared/components/ProxyLogger.tsx(487,25): error TS17004: Cannot use JSX unless the '--jsx' flag is provided.
src/ai-gateway/shared/components/ProxyLogger.tsx(488,27): error TS17004: Cannot use JSX unless the '--jsx' flag is provided.
src/ai-gateway/shared/components/ProxyLogger.tsx(497,25): error TS17004: Cannot use JSX unless the '--jsx' flag is provided.
src/ai-gateway/shared/components/ProxyLogger.tsx(498,32): error TS2339: Property 'provider' does not exist on type 'never'.
src/ai-gateway/shared/components/ProxyLogger.tsx(499,29): error TS17004: Cannot use JSX unless the '--jsx' flag is provided.
src/ai-gateway/shared/components/ProxyLogger.tsx(509,29): error TS17004: Cannot use JSX unless the '--jsx' flag is provided.
src/ai-gateway/shared/components/ProxyLogger.tsx(514,25): error TS17004: Cannot use JSX unless the '--jsx' flag is provided.
src/ai-gateway/shared/components/ProxyLogger.tsx(516,38): error TS2339: Property 'targetUrl' does not exist on type 'never'.
src/ai-gateway/shared/components/ProxyLogger.tsx(518,44): error TS2339: Property 'targetUrl' does not exist on type 'never'.
src/ai-gateway/shared/components/ProxyLogger.tsx(522,25): error TS17004: Cannot use JSX unless the '--jsx' flag is provided.
src/ai-gateway/shared/components/ProxyLogger.tsx(523,46): error TS2339: Property 'latencyMs' does not exist on type 'never'.
src/ai-gateway/shared/components/ProxyLogger.tsx(527,25): error TS17004: Cannot use JSX unless the '--jsx' flag is provided.
src/ai-gateway/shared/components/ProxyLogger.tsx(528,32): error TS2339: Property 'publicIp' does not exist on type 'never'.
src/ai-gateway/shared/components/ProxyLogger.tsx(532,25): error TS17004: Cannot use JSX unless the '--jsx' flag is provided.
src/ai-gateway/shared/components/ProxyLogger.tsx(533,43): error TS2339: Property 'timestamp' does not exist on type 'never'.
src/ai-gateway/shared/components/ProxyLogger.tsx(546,23): error TS17004: Cannot use JSX unless the '--jsx' flag is provided.
src/ai-gateway/shared/components/request-logger-v2/RequestLoggerQuickFilters.tsx(1,33): error TS2307: Cannot find module '@/shared/constants/colors' or its corresponding type declarations.
src/ai-gateway/shared/components/request-logger-v2/RequestLoggerQuickFilters.tsx(33,5): error TS17004: Cannot use JSX unless the '--jsx' flag is provided.
src/ai-gateway/shared/components/request-logger-v2/RequestLoggerQuickFilters.tsx(34,7): error TS17004: Cannot use JSX unless the '--jsx' flag is provided.
src/ai-gateway/shared/components/request-logger-v2/RequestLoggerQuickFilters.tsx(36,11): error TS17004: Cannot use JSX unless the '--jsx' flag is provided.
src/ai-gateway/shared/components/request-logger-v2/RequestLoggerQuickFilters.tsx(51,29): error TS17004: Cannot use JSX unless the '--jsx' flag is provided.
src/ai-gateway/shared/components/request-logger-v2/RequestLoggerQuickFilters.tsx(56,40): error TS17004: Cannot use JSX unless the '--jsx' flag is provided.
src/ai-gateway/shared/components/request-logger-v2/RequestLoggerQuickFilters.tsx(68,13): error TS17004: Cannot use JSX unless the '--jsx' flag is provided.
src/ai-gateway/shared/components/request-logger-v2/RequestLoggerQuickFilters.tsx(87,7): error TS17004: Cannot use JSX unless the '--jsx' flag is provided.
src/ai-gateway/shared/components/request-logger-v2/RequestLoggerQuickFilters.tsx(88,9): error TS17004: Cannot use JSX unless the '--jsx' flag is provided.
src/ai-gateway/shared/components/request-logger-v2/RequestLoggerQuickFilters.tsx(90,11): error TS17004: Cannot use JSX unless the '--jsx' flag is provided.
src/ai-gateway/shared/components/request-logger-v2/RequestLoggerTable.tsx(2,18): error TS6142: Module '../Card' was resolved to 'C:/TESTES DEV/1_PROJETOS_ATIVOS/Zavorth/src/ai-gateway/shared/components/Card.tsx', but '--jsx' is not set.
src/ai-gateway/shared/components/request-logger-v2/RequestLoggerTable.tsx(7,8): error TS2307: Cannot find module '@/shared/constants/colors' or its corresponding type declarations.
src/ai-gateway/shared/components/request-logger-v2/RequestLoggerTable.tsx(8,76): error TS2307: Cannot find module '@/shared/utils/formatting' or its corresponding type declarations.
src/ai-gateway/shared/components/request-logger-v2/RequestLoggerTable.tsx(30,5): error TS17004: Cannot use JSX unless the '--jsx' flag is provided.
src/ai-gateway/shared/components/request-logger-v2/RequestLoggerTable.tsx(31,7): error TS17004: Cannot use JSX unless the '--jsx' flag is provided.
src/ai-gateway/shared/components/request-logger-v2/RequestLoggerTable.tsx(33,11): error TS17004: Cannot use JSX unless the '--jsx' flag is provided.
src/ai-gateway/shared/components/request-logger-v2/RequestLoggerTable.tsx(35,11): error TS17004: Cannot use JSX unless the '--jsx' flag is provided.
src/ai-gateway/shared/components/request-logger-v2/RequestLoggerTable.tsx(36,13): error TS17004: Cannot use JSX unless the '--jsx' flag is provided.
src/ai-gateway/shared/components/request-logger-v2/RequestLoggerTable.tsx(42,11): error TS17004: Cannot use JSX unless the '--jsx' flag is provided.
src/ai-gateway/shared/components/request-logger-v2/RequestLoggerTable.tsx(44,11): error TS17004: Cannot use JSX unless the '--jsx' flag is provided.
src/ai-gateway/shared/components/request-logger-v2/RequestLoggerTable.tsx(45,13): error TS17004: Cannot use JSX unless the '--jsx' flag is provided.
src/ai-gateway/shared/components/request-logger-v2/RequestLoggerTable.tsx(46,15): error TS17004: Cannot use JSX unless the '--jsx' flag is provided.
src/ai-gateway/shared/components/request-logger-v2/RequestLoggerTable.tsx(47,43): error TS17004: Cannot use JSX unless the '--jsx' flag is provided.
src/ai-gateway/shared/components/request-logger-v2/RequestLoggerTable.tsx(48,42): error TS17004: Cannot use JSX unless the '--jsx' flag is provided.
src/ai-gateway/shared/components/request-logger-v2/RequestLoggerTable.tsx(49,51): error TS17004: Cannot use JSX unless the '--jsx' flag is provided.
src/ai-gateway/shared/components/request-logger-v2/RequestLoggerTable.tsx(50,45): error TS17004: Cannot use JSX unless the '--jsx' flag is provided.
src/ai-gateway/shared/components/request-logger-v2/RequestLoggerTable.tsx(51,45): error TS17004: Cannot use JSX unless the '--jsx' flag is provided.
src/ai-gateway/shared/components/request-logger-v2/RequestLoggerTable.tsx(52,44): error TS17004: Cannot use JSX unless the '--jsx' flag is provided.
src/ai-gateway/shared/components/request-logger-v2/RequestLoggerTable.tsx(53,43): error TS17004: Cannot use JSX unless the '--jsx' flag is provided.
src/ai-gateway/shared/components/request-logger-v2/RequestLoggerTable.tsx(54,42): error TS17004: Cannot use JSX unless the '--jsx' flag is provided.
src/ai-gateway/shared/components/request-logger-v2/RequestLoggerTable.tsx(55,43): error TS17004: Cannot use JSX unless the '--jsx' flag is provided.
src/ai-gateway/shared/components/request-logger-v2/RequestLoggerTable.tsx(56,45): error TS17004: Cannot use JSX unless the '--jsx' flag is provided.
src/ai-gateway/shared/components/request-logger-v2/RequestLoggerTable.tsx(57,41): error TS17004: Cannot use JSX unless the '--jsx' flag is provided.
src/ai-gateway/shared/components/request-logger-v2/RequestLoggerTable.tsx(60,13): error TS17004: Cannot use JSX unless the '--jsx' flag is provided.
src/ai-gateway/shared/components/request-logger-v2/RequestLoggerTable.tsx(78,19): error TS17004: Cannot use JSX unless the '--jsx' flag is provided.
src/ai-gateway/shared/components/request-logger-v2/RequestLoggerTable.tsx(84,23): error TS17004: Cannot use JSX unless the '--jsx' flag is provided.
src/ai-gateway/shared/components/request-logger-v2/RequestLoggerTable.tsx(85,25): error TS17004: Cannot use JSX unless the '--jsx' flag is provided.
src/ai-gateway/shared/components/request-logger-v2/RequestLoggerTable.tsx(94,23): error TS17004: Cannot use JSX unless the '--jsx' flag is provided.
src/ai-gateway/shared/components/request-logger-v2/RequestLoggerTable.tsx(99,23): error TS17004: Cannot use JSX unless the '--jsx' flag is provided.
src/ai-gateway/shared/components/request-logger-v2/RequestLoggerTable.tsx(101,27): error TS17004: Cannot use JSX unless the '--jsx' flag is provided.
src/ai-gateway/shared/components/request-logger-v2/RequestLoggerTable.tsx(116,27): error TS17004: Cannot use JSX unless the '--jsx' flag is provided.
src/ai-gateway/shared/components/request-logger-v2/RequestLoggerTable.tsx(121,23): error TS17004: Cannot use JSX unless the '--jsx' flag is provided.
src/ai-gateway/shared/components/request-logger-v2/RequestLoggerTable.tsx(122,25): error TS17004: Cannot use JSX unless the '--jsx' flag is provided.
src/ai-gateway/shared/components/request-logger-v2/RequestLoggerTable.tsx(131,23): error TS17004: Cannot use JSX unless the '--jsx' flag is provided.
src/ai-gateway/shared/components/request-logger-v2/RequestLoggerTable.tsx(132,25): error TS17004: Cannot use JSX unless the '--jsx' flag is provided.
src/ai-gateway/shared/components/request-logger-v2/RequestLoggerTable.tsx(141,23): error TS17004: Cannot use JSX unless the '--jsx' flag is provided.
src/ai-gateway/shared/components/request-logger-v2/RequestLoggerTable.tsx(146,23): error TS17004: Cannot use JSX unless the '--jsx' flag is provided.
src/ai-gateway/shared/components/request-logger-v2/RequestLoggerTable.tsx(154,23): error TS17004: Cannot use JSX unless the '--jsx' flag is provided.
src/ai-gateway/shared/components/request-logger-v2/RequestLoggerTable.tsx(156,27): error TS17004: Cannot use JSX unless the '--jsx' flag is provided.
src/ai-gateway/shared/components/request-logger-v2/RequestLoggerTable.tsx(160,27): error TS17004: Cannot use JSX unless the '--jsx' flag is provided.
src/ai-gateway/shared/components/request-logger-v2/RequestLoggerTable.tsx(165,23): error TS17004: Cannot use JSX unless the '--jsx' flag is provided.
src/ai-gateway/shared/components/request-logger-v2/RequestLoggerTable.tsx(166,25): error TS17004: Cannot use JSX unless the '--jsx' flag is provided.
src/ai-gateway/shared/components/request-logger-v2/RequestLoggerTable.tsx(167,25): error TS17004: Cannot use JSX unless the '--jsx' flag is provided.
src/ai-gateway/shared/components/request-logger-v2/RequestLoggerTable.tsx(168,25): error TS17004: Cannot use JSX unless the '--jsx' flag is provided.
src/ai-gateway/shared/components/request-logger-v2/RequestLoggerTable.tsx(169,25): error TS17004: Cannot use JSX unless the '--jsx' flag is provided.
src/ai-gateway/shared/components/request-logger-v2/RequestLoggerTable.tsx(170,25): error TS17004: Cannot use JSX unless the '--jsx' flag is provided.
src/ai-gateway/shared/components/request-logger-v2/RequestLoggerTable.tsx(176,23): error TS17004: Cannot use JSX unless the '--jsx' flag is provided.
src/ai-gateway/shared/components/request-logger-v2/RequestLoggerTable.tsx(181,23): error TS17004: Cannot use JSX unless the '--jsx' flag is provided.
src/ai-gateway/shared/components/request-logger-v2/RequestLoggerTable.tsx(204,5): error TS17004: Cannot use JSX unless the '--jsx' flag is provided.
src/ai-gateway/shared/components/request-logger-v2/RequestLoggerToolbar.tsx(75,5): error TS17004: Cannot use JSX unless the '--jsx' flag is provided.
src/ai-gateway/shared/components/request-logger-v2/RequestLoggerToolbar.tsx(76,7): error TS17004: Cannot use JSX unless the '--jsx' flag is provided.
src/ai-gateway/shared/components/request-logger-v2/RequestLoggerToolbar.tsx(84,9): error TS17004: Cannot use JSX unless the '--jsx' flag is provided.
src/ai-gateway/shared/components/request-logger-v2/RequestLoggerToolbar.tsx(90,7): error TS17004: Cannot use JSX unless the '--jsx' flag is provided.
src/ai-gateway/shared/components/request-logger-v2/RequestLoggerToolbar.tsx(100,9): error TS17004: Cannot use JSX unless the '--jsx' flag is provided.
src/ai-gateway/shared/components/request-logger-v2/RequestLoggerToolbar.tsx(110,7): error TS17004: Cannot use JSX unless the '--jsx' flag is provided.
src/ai-gateway/shared/components/request-logger-v2/RequestLoggerToolbar.tsx(111,9): error TS17004: Cannot use JSX unless the '--jsx' flag is provided.
src/ai-gateway/shared/components/request-logger-v2/RequestLoggerToolbar.tsx(114,9): error TS17004: Cannot use JSX unless the '--jsx' flag is provided.
src/ai-gateway/shared/components/request-logger-v2/RequestLoggerToolbar.tsx(123,7): error TS17004: Cannot use JSX unless the '--jsx' flag is provided.
src/ai-gateway/shared/components/request-logger-v2/RequestLoggerToolbar.tsx(128,9): error TS17004: Cannot use JSX unless the '--jsx' flag is provided.
src/ai-gateway/shared/components/request-logger-v2/RequestLoggerToolbar.tsx(130,11): error TS17004: Cannot use JSX unless the '--jsx' flag is provided.
src/ai-gateway/shared/components/request-logger-v2/RequestLoggerToolbar.tsx(136,7): error TS17004: Cannot use JSX unless the '--jsx' flag is provided.
src/ai-gateway/shared/components/request-logger-v2/RequestLoggerToolbar.tsx(141,9): error TS17004: Cannot use JSX unless the '--jsx' flag is provided.
src/ai-gateway/shared/components/request-logger-v2/RequestLoggerToolbar.tsx(143,11): error TS17004: Cannot use JSX unless the '--jsx' flag is provided.
src/ai-gateway/shared/components/request-logger-v2/RequestLoggerToolbar.tsx(149,7): error TS17004: Cannot use JSX unless the '--jsx' flag is provided.
src/ai-gateway/shared/components/request-logger-v2/RequestLoggerToolbar.tsx(154,9): error TS17004: Cannot use JSX unless the '--jsx' flag is provided.
src/ai-gateway/shared/components/request-logger-v2/RequestLoggerToolbar.tsx(156,11): error TS17004: Cannot use JSX unless the '--jsx' flag is provided.
src/ai-gateway/shared/components/request-logger-v2/RequestLoggerToolbar.tsx(162,7): error TS17004: Cannot use JSX unless the '--jsx' flag is provided.
src/ai-gateway/shared/components/request-logger-v2/RequestLoggerToolbar.tsx(167,9): error TS17004: Cannot use JSX unless the '--jsx' flag is provided.
src/ai-gateway/shared/components/request-logger-v2/RequestLoggerToolbar.tsx(169,11): error TS17004: Cannot use JSX unless the '--jsx' flag is provided.
src/ai-gateway/shared/components/request-logger-v2/RequestLoggerToolbar.tsx(175,7): error TS17004: Cannot use JSX unless the '--jsx' flag is provided.
src/ai-gateway/shared/components/request-logger-v2/RequestLoggerToolbar.tsx(176,9): error TS17004: Cannot use JSX unless the '--jsx' flag is provided.
src/ai-gateway/shared/components/request-logger-v2/RequestLoggerToolbar.tsx(179,9): error TS17004: Cannot use JSX unless the '--jsx' flag is provided.
src/ai-gateway/shared/components/request-logger-v2/RequestLoggerToolbar.tsx(183,11): error TS17004: Cannot use JSX unless the '--jsx' flag is provided.
src/ai-gateway/shared/components/request-logger-v2/RequestLoggerToolbar.tsx(188,11): error TS17004: Cannot use JSX unless the '--jsx' flag is provided.
src/ai-gateway/shared/components/request-logger-v2/RequestLoggerToolbar.tsx(193,11): error TS17004: Cannot use JSX unless the '--jsx' flag is provided.
src/ai-gateway/shared/components/request-logger-v2/RequestLoggerToolbar.tsx(197,9): error TS17004: Cannot use JSX unless the '--jsx' flag is provided.
src/ai-gateway/shared/components/request-logger-v2/RequestLoggerToolbar.tsx(202,7): error TS17004: Cannot use JSX unless the '--jsx' flag is provided.
src/ai-gateway/shared/components/request-logger-v2/RequestLoggerToolbar.tsx(209,11): error TS17004: Cannot use JSX unless the '--jsx' flag is provided.
src/ai-gateway/shared/components/request-logger-v2/RequestLoggerToolbar.tsx(215,7): error TS17004: Cannot use JSX unless the '--jsx' flag is provided.
src/ai-gateway/shared/components/request-logger-v2/RequestLoggerToolbar.tsx(220,9): error TS17004: Cannot use JSX unless the '--jsx' flag is provided.
src/ai-gateway/shared/components/request-logger-v2/requestLoggerUtils.ts(1,33): error TS2307: Cannot find module '@/shared/constants/colors' or its corresponding type declarations.
src/ai-gateway/shared/components/request-logger-v2/requestLoggerUtils.ts(2,35): error TS2307: Cannot find module '@/shared/utils/formatting' or its corresponding type declarations.
src/ai-gateway/shared/components/request-logger-v2/requestLoggerUtils.ts(139,3): error TS2322: Type '(string | undefined)[]' is not assignable to type 'string[]'.
  Type 'string | undefined' is not assignable to type 'string'.
    Type 'undefined' is not assignable to type 'string'.
src/ai-gateway/shared/components/RequestLoggerDetail.tsx(8,8): error TS2307: Cannot find module '@/shared/constants/colors' or its corresponding type declarations.
src/ai-gateway/shared/components/RequestLoggerDetail.tsx(9,51): error TS2307: Cannot find module '@/shared/utils/formatting' or its corresponding type declarations.
src/ai-gateway/shared/components/RequestLoggerDetail.tsx(13,27): error TS7031: Binding element 'title' implicitly has an 'any' type.
src/ai-gateway/shared/components/RequestLoggerDetail.tsx(13,34): error TS7031: Binding element 'json' implicitly has an 'any' type.
src/ai-gateway/shared/components/RequestLoggerDetail.tsx(13,40): error TS7031: Binding element 'onCopy' implicitly has an 'any' type.
src/ai-gateway/shared/components/RequestLoggerDetail.tsx(25,5): error TS17004: Cannot use JSX unless the '--jsx' flag is provided.
src/ai-gateway/shared/components/RequestLoggerDetail.tsx(26,7): error TS17004: Cannot use JSX unless the '--jsx' flag is provided.
src/ai-gateway/shared/components/RequestLoggerDetail.tsx(27,9): error TS17004: Cannot use JSX unless the '--jsx' flag is provided.
src/ai-gateway/shared/components/RequestLoggerDetail.tsx(28,9): error TS17004: Cannot use JSX unless the '--jsx' flag is provided.
src/ai-gateway/shared/components/RequestLoggerDetail.tsx(33,11): error TS17004: Cannot use JSX unless the '--jsx' flag is provided.
src/ai-gateway/shared/components/RequestLoggerDetail.tsx(39,7): error TS17004: Cannot use JSX unless the '--jsx' flag is provided.
src/ai-gateway/shared/components/RequestLoggerDetail.tsx(48,47): error TS7031: Binding element 'log' implicitly has an 'any' type.
src/ai-gateway/shared/components/RequestLoggerDetail.tsx(48,52): error TS7031: Binding element 'detail' implicitly has an 'any' type.
src/ai-gateway/shared/components/RequestLoggerDetail.tsx(48,60): error TS7031: Binding element 'loading' implicitly has an 'any' type.
src/ai-gateway/shared/components/RequestLoggerDetail.tsx(48,69): error TS7031: Binding element 'onClose' implicitly has an 'any' type.
src/ai-gateway/shared/components/RequestLoggerDetail.tsx(48,78): error TS7031: Binding element 'onCopy' implicitly has an 'any' type.
src/ai-gateway/shared/components/RequestLoggerDetail.tsx(51,22): error TS7006: Parameter 'e' implicitly has an 'any' type.
src/ai-gateway/shared/components/RequestLoggerDetail.tsx(72,23): error TS7006: Parameter 'iso' implicitly has an 'any' type.
src/ai-gateway/shared/components/RequestLoggerDetail.tsx(83,25): error TS7006: Parameter 'payload' implicitly has an 'any' type.
src/ai-gateway/shared/components/RequestLoggerDetail.tsx(120,29): error TS7006: Parameter 'value' implicitly has an 'any' type.
src/ai-gateway/shared/components/RequestLoggerDetail.tsx(123,5): error TS17004: Cannot use JSX unless the '--jsx' flag is provided.
src/ai-gateway/shared/components/RequestLoggerDetail.tsx(130,7): error TS17004: Cannot use JSX unless the '--jsx' flag is provided.
src/ai-gateway/shared/components/RequestLoggerDetail.tsx(131,7): error TS17004: Cannot use JSX unless the '--jsx' flag is provided.
src/ai-gateway/shared/components/RequestLoggerDetail.tsx(136,9): error TS17004: Cannot use JSX unless the '--jsx' flag is provided.
src/ai-gateway/shared/components/RequestLoggerDetail.tsx(137,11): error TS17004: Cannot use JSX unless the '--jsx' flag is provided.
src/ai-gateway/shared/components/RequestLoggerDetail.tsx(138,13): error TS17004: Cannot use JSX unless the '--jsx' flag is provided.
src/ai-gateway/shared/components/RequestLoggerDetail.tsx(144,13): error TS17004: Cannot use JSX unless the '--jsx' flag is provided.
src/ai-gateway/shared/components/RequestLoggerDetail.tsx(145,13): error TS17004: Cannot use JSX unless the '--jsx' flag is provided.
src/ai-gateway/shared/components/RequestLoggerDetail.tsx(147,11): error TS17004: Cannot use JSX unless the '--jsx' flag is provided.
src/ai-gateway/shared/components/RequestLoggerDetail.tsx(152,13): error TS17004: Cannot use JSX unless the '--jsx' flag is provided.
src/ai-gateway/shared/components/RequestLoggerDetail.tsx(156,9): error TS17004: Cannot use JSX unless the '--jsx' flag is provided.
src/ai-gateway/shared/components/RequestLoggerDetail.tsx(158,11): error TS17004: Cannot use JSX unless the '--jsx' flag is provided.
src/ai-gateway/shared/components/RequestLoggerDetail.tsx(162,13): error TS17004: Cannot use JSX unless the '--jsx' flag is provided.
src/ai-gateway/shared/components/RequestLoggerDetail.tsx(163,15): error TS17004: Cannot use JSX unless the '--jsx' flag is provided.
src/ai-gateway/shared/components/RequestLoggerDetail.tsx(166,15): error TS17004: Cannot use JSX unless the '--jsx' flag is provided.
src/ai-gateway/shared/components/RequestLoggerDetail.tsx(168,13): error TS17004: Cannot use JSX unless the '--jsx' flag is provided.
src/ai-gateway/shared/components/RequestLoggerDetail.tsx(169,15): error TS17004: Cannot use JSX unless the '--jsx' flag is provided.
src/ai-gateway/shared/components/RequestLoggerDetail.tsx(172,15): error TS17004: Cannot use JSX unless the '--jsx' flag is provided.
src/ai-gateway/shared/components/RequestLoggerDetail.tsx(174,13): error TS17004: Cannot use JSX unless the '--jsx' flag is provided.
src/ai-gateway/shared/components/RequestLoggerDetail.tsx(175,15): error TS17004: Cannot use JSX unless the '--jsx' flag is provided.
src/ai-gateway/shared/components/RequestLoggerDetail.tsx(176,15): error TS17004: Cannot use JSX unless the '--jsx' flag is provided.
src/ai-gateway/shared/components/RequestLoggerDetail.tsx(177,17): error TS17004: Cannot use JSX unless the '--jsx' flag is provided.
src/ai-gateway/shared/components/RequestLoggerDetail.tsx(180,17): error TS17004: Cannot use JSX unless the '--jsx' flag is provided.
src/ai-gateway/shared/components/RequestLoggerDetail.tsx(183,17): error TS17004: Cannot use JSX unless the '--jsx' flag is provided.
src/ai-gateway/shared/components/RequestLoggerDetail.tsx(188,13): error TS17004: Cannot use JSX unless the '--jsx' flag is provided.
src/ai-gateway/shared/components/RequestLoggerDetail.tsx(189,15): error TS17004: Cannot use JSX unless the '--jsx' flag is provided.
src/ai-gateway/shared/components/RequestLoggerDetail.tsx(192,15): error TS17004: Cannot use JSX unless the '--jsx' flag is provided.
src/ai-gateway/shared/components/RequestLoggerDetail.tsx(193,17): error TS17004: Cannot use JSX unless the '--jsx' flag is provided.
src/ai-gateway/shared/components/RequestLoggerDetail.tsx(196,17): error TS17004: Cannot use JSX unless the '--jsx' flag is provided.
src/ai-gateway/shared/components/RequestLoggerDetail.tsx(201,13): error TS17004: Cannot use JSX unless the '--jsx' flag is provided.
src/ai-gateway/shared/components/RequestLoggerDetail.tsx(202,15): error TS17004: Cannot use JSX unless the '--jsx' flag is provided.
src/ai-gateway/shared/components/RequestLoggerDetail.tsx(203,15): error TS17004: Cannot use JSX unless the '--jsx' flag is provided.
src/ai-gateway/shared/components/RequestLoggerDetail.tsx(205,13): error TS17004: Cannot use JSX unless the '--jsx' flag is provided.
src/ai-gateway/shared/components/RequestLoggerDetail.tsx(206,15): error TS17004: Cannot use JSX unless the '--jsx' flag is provided.
src/ai-gateway/shared/components/RequestLoggerDetail.tsx(209,15): error TS17004: Cannot use JSX unless the '--jsx' flag is provided.
src/ai-gateway/shared/components/RequestLoggerDetail.tsx(220,13): error TS17004: Cannot use JSX unless the '--jsx' flag is provided.
src/ai-gateway/shared/components/RequestLoggerDetail.tsx(221,15): error TS17004: Cannot use JSX unless the '--jsx' flag is provided.
src/ai-gateway/shared/components/RequestLoggerDetail.tsx(224,15): error TS17004: Cannot use JSX unless the '--jsx' flag is provided.
src/ai-gateway/shared/components/RequestLoggerDetail.tsx(231,13): error TS17004: Cannot use JSX unless the '--jsx' flag is provided.
src/ai-gateway/shared/components/RequestLoggerDetail.tsx(232,15): error TS17004: Cannot use JSX unless the '--jsx' flag is provided.
src/ai-gateway/shared/components/RequestLoggerDetail.tsx(235,15): error TS17004: Cannot use JSX unless the '--jsx' flag is provided.
src/ai-gateway/shared/components/RequestLoggerDetail.tsx(242,13): error TS17004: Cannot use JSX unless the '--jsx' flag is provided.
src/ai-gateway/shared/components/RequestLoggerDetail.tsx(243,15): error TS17004: Cannot use JSX unless the '--jsx' flag is provided.
src/ai-gateway/shared/components/RequestLoggerDetail.tsx(246,15): error TS17004: Cannot use JSX unless the '--jsx' flag is provided.
src/ai-gateway/shared/components/RequestLoggerDetail.tsx(248,13): error TS17004: Cannot use JSX unless the '--jsx' flag is provided.
src/ai-gateway/shared/components/RequestLoggerDetail.tsx(249,15): error TS17004: Cannot use JSX unless the '--jsx' flag is provided.
src/ai-gateway/shared/components/RequestLoggerDetail.tsx(252,15): error TS17004: Cannot use JSX unless the '--jsx' flag is provided.
src/ai-gateway/shared/components/RequestLoggerDetail.tsx(268,13): error TS17004: Cannot use JSX unless the '--jsx' flag is provided.
src/ai-gateway/shared/components/RequestLoggerDetail.tsx(269,15): error TS17004: Cannot use JSX unless the '--jsx' flag is provided.
src/ai-gateway/shared/components/RequestLoggerDetail.tsx(271,17): error TS17004: Cannot use JSX unless the '--jsx' flag is provided.
src/ai-gateway/shared/components/RequestLoggerDetail.tsx(275,17): error TS17004: Cannot use JSX unless the '--jsx' flag is provided.
src/ai-gateway/shared/components/RequestLoggerDetail.tsx(282,13): error TS17004: Cannot use JSX unless the '--jsx' flag is provided.
src/ai-gateway/shared/components/RequestLoggerDetail.tsx(283,15): error TS17004: Cannot use JSX unless the '--jsx' flag is provided.
src/ai-gateway/shared/components/RequestLoggerDetail.tsx(286,15): error TS17004: Cannot use JSX unless the '--jsx' flag is provided.
src/ai-gateway/shared/components/RequestLoggerDetail.tsx(293,13): error TS17004: Cannot use JSX unless the '--jsx' flag is provided.
src/ai-gateway/shared/components/RequestLoggerDetail.tsx(297,13): error TS17004: Cannot use JSX unless the '--jsx' flag is provided.
src/ai-gateway/shared/components/RequestLoggerDetail.tsx(300,19): error TS17004: Cannot use JSX unless the '--jsx' flag is provided.
src/ai-gateway/shared/components/RequestLoggerDetail.tsx(309,17): error TS17004: Cannot use JSX unless the '--jsx' flag is provided.
src/ai-gateway/shared/components/RequestLoggerDetail.tsx(317,17): error TS17004: Cannot use JSX unless the '--jsx' flag is provided.
src/ai-gateway/shared/components/RequestLoggerDetail.tsx(325,17): error TS17004: Cannot use JSX unless the '--jsx' flag is provided.
src/ai-gateway/shared/components/RequestLoggerDetail.tsx(326,19): error TS17004: Cannot use JSX unless the '--jsx' flag is provided.
src/ai-gateway/shared/components/RequestLoggerDetail.tsx(329,19): error TS17004: Cannot use JSX unless the '--jsx' flag is provided.
src/ai-gateway/shared/components/RequestLoggerDetail.tsx(330,19): error TS17004: Cannot use JSX unless the '--jsx' flag is provided.
src/ai-gateway/shared/components/RequestLoggerV2.tsx(3,33): error TS6142: Module './RequestLoggerDetail' was resolved to 'C:/TESTES DEV/1_PROJETOS_ATIVOS/Zavorth/src/ai-gateway/shared/components/RequestLoggerDetail.tsx', but '--jsx' is not set.
src/ai-gateway/shared/components/RequestLoggerV2.tsx(4,33): error TS2307: Cannot find module '@/shared/utils/clipboard' or its corresponding type declarations.
src/ai-gateway/shared/components/RequestLoggerV2.tsx(5,38): error TS6142: Module './request-logger-v2/RequestLoggerToolbar' was resolved to 'C:/TESTES DEV/1_PROJETOS_ATIVOS/Zavorth/src/ai-gateway/shared/components/request-logger-v2/RequestLoggerToolbar.tsx', but '--jsx' is not set.
src/ai-gateway/shared/components/RequestLoggerV2.tsx(6,43): error TS6142: Module './request-logger-v2/RequestLoggerQuickFilters' was resolved to 'C:/TESTES DEV/1_PROJETOS_ATIVOS/Zavorth/src/ai-gateway/shared/components/request-logger-v2/RequestLoggerQuickFilters.tsx', but '--jsx' is not set.
src/ai-gateway/shared/components/RequestLoggerV2.tsx(7,36): error TS6142: Module './request-logger-v2/RequestLoggerTable' was resolved to 'C:/TESTES DEV/1_PROJETOS_ATIVOS/Zavorth/src/ai-gateway/shared/components/request-logger-v2/RequestLoggerTable.tsx', but '--jsx' is not set.
src/ai-gateway/shared/components/RequestLoggerV2.tsx(14,5): error TS17004: Cannot use JSX unless the '--jsx' flag is provided.
src/ai-gateway/shared/components/RequestLoggerV2.tsx(15,7): error TS17004: Cannot use JSX unless the '--jsx' flag is provided.
src/ai-gateway/shared/components/RequestLoggerV2.tsx(44,7): error TS17004: Cannot use JSX unless the '--jsx' flag is provided.
src/ai-gateway/shared/components/RequestLoggerV2.tsx(55,7): error TS17004: Cannot use JSX unless the '--jsx' flag is provided.
src/ai-gateway/shared/components/RequestLoggerV2.tsx(64,7): error TS17004: Cannot use JSX unless the '--jsx' flag is provided.
src/ai-gateway/shared/components/RequestLoggerV2.tsx(65,51): error TS17004: Cannot use JSX unless the '--jsx' flag is provided.
src/ai-gateway/shared/components/RequestLoggerV2.tsx(66,12): error TS17004: Cannot use JSX unless the '--jsx' flag is provided.
src/ai-gateway/shared/components/RequestLoggerV2.tsx(66,53): error TS17004: Cannot use JSX unless the '--jsx' flag is provided.
src/ai-gateway/shared/components/RequestLoggerV2.tsx(70,9): error TS17004: Cannot use JSX unless the '--jsx' flag is provided.
src/ai-gateway/shared/components/SegmentedControl.tsx(3,20): error TS2307: Cannot find module '@/shared/utils/cn' or its corresponding type declarations.
src/ai-gateway/shared/components/SegmentedControl.tsx(35,5): error TS17004: Cannot use JSX unless the '--jsx' flag is provided.
src/ai-gateway/shared/components/SegmentedControl.tsx(45,9): error TS17004: Cannot use JSX unless the '--jsx' flag is provided.
src/ai-gateway/shared/components/SegmentedControl.tsx(50,26): error TS2722: Cannot invoke an object which is possibly 'undefined'.
src/ai-gateway/shared/components/SegmentedControl.tsx(60,13): error TS17004: Cannot use JSX unless the '--jsx' flag is provided.
src/ai-gateway/shared/components/Select.tsx(4,20): error TS2307: Cannot find module '@/shared/utils/cn' or its corresponding type declarations.
src/ai-gateway/shared/components/Select.tsx(42,5): error TS17004: Cannot use JSX unless the '--jsx' flag is provided.
src/ai-gateway/shared/components/Select.tsx(44,9): error TS17004: Cannot use JSX unless the '--jsx' flag is provided.
src/ai-gateway/shared/components/Select.tsx(47,13): error TS17004: Cannot use JSX unless the '--jsx' flag is provided.
src/ai-gateway/shared/components/Select.tsx(53,7): error TS17004: Cannot use JSX unless the '--jsx' flag is provided.
src/ai-gateway/shared/components/Select.tsx(54,9): error TS17004: Cannot use JSX unless the '--jsx' flag is provided.
src/ai-gateway/shared/components/Select.tsx(74,11): error TS17004: Cannot use JSX unless the '--jsx' flag is provided.
src/ai-gateway/shared/components/Select.tsx(78,13): error TS17004: Cannot use JSX unless the '--jsx' flag is provided.
src/ai-gateway/shared/components/Select.tsx(83,9): error TS17004: Cannot use JSX unless the '--jsx' flag is provided.
src/ai-gateway/shared/components/Select.tsx(87,11): error TS17004: Cannot use JSX unless the '--jsx' flag is provided.
src/ai-gateway/shared/components/Select.tsx(91,9): error TS17004: Cannot use JSX unless the '--jsx' flag is provided.
src/ai-gateway/shared/components/Select.tsx(92,11): error TS17004: Cannot use JSX unless the '--jsx' flag is provided.
src/ai-gateway/shared/components/Select.tsx(99,9): error TS17004: Cannot use JSX unless the '--jsx' flag is provided.
src/ai-gateway/shared/components/Sidebar.tsx(4,23): error TS2307: Cannot find module 'prop-types' or its corresponding type declarations.
src/ai-gateway/shared/components/Sidebar.tsx(5,18): error TS2307: Cannot find module 'next/link' or its corresponding type declarations.
src/ai-gateway/shared/components/Sidebar.tsx(6,29): error TS2307: Cannot find module 'next/navigation' or its corresponding type declarations.
src/ai-gateway/shared/components/Sidebar.tsx(7,20): error TS2307: Cannot find module '@/shared/utils/cn' or its corresponding type declarations.
src/ai-gateway/shared/components/Sidebar.tsx(8,28): error TS2307: Cannot find module '@/shared/constants/config' or its corresponding type declarations.
src/ai-gateway/shared/components/Sidebar.tsx(9,32): error TS6142: Module './ZavorthGatewayLogo' was resolved to 'C:/TESTES DEV/1_PROJETOS_ATIVOS/Zavorth/src/ai-gateway/shared/components/ZavorthGatewayLogo.tsx', but '--jsx' is not set.
src/ai-gateway/shared/components/Sidebar.tsx(10,20): error TS6142: Module './Button' was resolved to 'C:/TESTES DEV/1_PROJETOS_ATIVOS/Zavorth/src/ai-gateway/shared/components/Button.tsx', but '--jsx' is not set.
src/ai-gateway/shared/components/Sidebar.tsx(11,30): error TS6142: Module './Modal' was resolved to 'C:/TESTES DEV/1_PROJETOS_ATIVOS/Zavorth/src/ai-gateway/shared/components/Modal.tsx', but '--jsx' is not set.
src/ai-gateway/shared/components/Sidebar.tsx(12,29): error TS6142: Module './CloudSyncStatus' was resolved to 'C:/TESTES DEV/1_PROJETOS_ATIVOS/Zavorth/src/ai-gateway/shared/components/CloudSyncStatus.tsx', but '--jsx' is not set.
src/ai-gateway/shared/components/Sidebar.tsx(13,33): error TS2307: Cannot find module 'next-intl' or its corresponding type declarations.
src/ai-gateway/shared/components/Sidebar.tsx(19,8): error TS2307: Cannot find module '@/shared/constants/sidebarVisibility' or its corresponding type declarations.
src/ai-gateway/shared/components/Sidebar.tsx(48,28): error TS7006: Parameter 'data' implicitly has an 'any' type.
src/ai-gateway/shared/components/Sidebar.tsx(94,21): error TS7006: Parameter 'href' implicitly has an 'any' type.
src/ai-gateway/shared/components/Sidebar.tsx(94,27): error TS7006: Parameter 'exact' implicitly has an 'any' type.
src/ai-gateway/shared/components/Sidebar.tsx(133,6): error TS7006: Parameter 'section' implicitly has an 'any' type.
src/ai-gateway/shared/components/Sidebar.tsx(135,11): error TS7006: Parameter 'section' implicitly has an 'any' type.
src/ai-gateway/shared/components/Sidebar.tsx(139,15): error TS7006: Parameter 'item' implicitly has an 'any' type.
src/ai-gateway/shared/components/Sidebar.tsx(140,18): error TS7006: Parameter 'item' implicitly has an 'any' type.
src/ai-gateway/shared/components/Sidebar.tsx(142,14): error TS7006: Parameter 'section' implicitly has an 'any' type.
src/ai-gateway/shared/components/Sidebar.tsx(144,26): error TS7006: Parameter 'item' implicitly has an 'any' type.
src/ai-gateway/shared/components/Sidebar.tsx(158,7): error TS17004: Cannot use JSX unless the '--jsx' flag is provided.
src/ai-gateway/shared/components/Sidebar.tsx(159,9): error TS17004: Cannot use JSX unless the '--jsx' flag is provided.
src/ai-gateway/shared/components/Sidebar.tsx(160,24): error TS17004: Cannot use JSX unless the '--jsx' flag is provided.
src/ai-gateway/shared/components/Sidebar.tsx(166,9): error TS17004: Cannot use JSX unless the '--jsx' flag is provided.
src/ai-gateway/shared/components/Sidebar.tsx(181,7): error TS17004: Cannot use JSX unless the '--jsx' flag is provided.
src/ai-gateway/shared/components/Sidebar.tsx(194,5): error TS17004: Cannot use JSX unless the '--jsx' flag is provided.
src/ai-gateway/shared/components/Sidebar.tsx(195,7): error TS17004: Cannot use JSX unless the '--jsx' flag is provided.
src/ai-gateway/shared/components/Sidebar.tsx(204,9): error TS17004: Cannot use JSX unless the '--jsx' flag is provided.
src/ai-gateway/shared/components/Sidebar.tsx(211,11): error TS17004: Cannot use JSX unless the '--jsx' flag is provided.
src/ai-gateway/shared/components/Sidebar.tsx(220,15): error TS17004: Cannot use JSX unless the '--jsx' flag is provided.
src/ai-gateway/shared/components/Sidebar.tsx(221,17): error TS17004: Cannot use JSX unless the '--jsx' flag is provided.
src/ai-gateway/shared/components/Sidebar.tsx(222,17): error TS17004: Cannot use JSX unless the '--jsx' flag is provided.
src/ai-gateway/shared/components/Sidebar.tsx(223,17): error TS17004: Cannot use JSX unless the '--jsx' flag is provided.
src/ai-gateway/shared/components/Sidebar.tsx(226,28): error TS17004: Cannot use JSX unless the '--jsx' flag is provided.
src/ai-gateway/shared/components/Sidebar.tsx(228,15): error TS17004: Cannot use JSX unless the '--jsx' flag is provided.
src/ai-gateway/shared/components/Sidebar.tsx(239,17): error TS17004: Cannot use JSX unless the '--jsx' flag is provided.
src/ai-gateway/shared/components/Sidebar.tsx(247,9): error TS17004: Cannot use JSX unless the '--jsx' flag is provided.
src/ai-gateway/shared/components/Sidebar.tsx(248,11): error TS17004: Cannot use JSX unless the '--jsx' flag is provided.
src/ai-gateway/shared/components/Sidebar.tsx(252,13): error TS17004: Cannot use JSX unless the '--jsx' flag is provided.
src/ai-gateway/shared/components/Sidebar.tsx(254,17): error TS17004: Cannot use JSX unless the '--jsx' flag is provided.
src/ai-gateway/shared/components/Sidebar.tsx(260,17): error TS17004: Cannot use JSX unless the '--jsx' flag is provided.
src/ai-gateway/shared/components/Sidebar.tsx(264,15): error TS17004: Cannot use JSX unless the '--jsx' flag is provided.
src/ai-gateway/shared/components/Sidebar.tsx(265,17): error TS17004: Cannot use JSX unless the '--jsx' flag is provided.
src/ai-gateway/shared/components/Sidebar.tsx(268,17): error TS17004: Cannot use JSX unless the '--jsx' flag is provided.
src/ai-gateway/shared/components/Sidebar.tsx(274,9): error TS17004: Cannot use JSX unless the '--jsx' flag is provided.
src/ai-gateway/shared/components/Sidebar.tsx(281,33): error TS7006: Parameter 'section' implicitly has an 'any' type.
src/ai-gateway/shared/components/Sidebar.tsx(285,15): error TS17004: Cannot use JSX unless the '--jsx' flag is provided.
src/ai-gateway/shared/components/Sidebar.tsx(287,19): error TS17004: Cannot use JSX unless the '--jsx' flag is provided.
src/ai-gateway/shared/components/Sidebar.tsx(292,19): error TS17004: Cannot use JSX unless the '--jsx' flag is provided.
src/ai-gateway/shared/components/Sidebar.tsx(300,24): error TS17004: Cannot use JSX unless the '--jsx' flag is provided.
src/ai-gateway/shared/components/Sidebar.tsx(302,9): error TS17004: Cannot use JSX unless the '--jsx' flag is provided.
src/ai-gateway/shared/components/Sidebar.tsx(313,11): error TS17004: Cannot use JSX unless the '--jsx' flag is provided.
src/ai-gateway/shared/components/Sidebar.tsx(322,13): error TS17004: Cannot use JSX unless the '--jsx' flag is provided.
src/ai-gateway/shared/components/Sidebar.tsx(325,11): error TS17004: Cannot use JSX unless the '--jsx' flag is provided.
src/ai-gateway/shared/components/Sidebar.tsx(334,13): error TS17004: Cannot use JSX unless the '--jsx' flag is provided.
src/ai-gateway/shared/components/Sidebar.tsx(340,7): error TS17004: Cannot use JSX unless the '--jsx' flag is provided.
src/ai-gateway/shared/components/Sidebar.tsx(352,7): error TS17004: Cannot use JSX unless the '--jsx' flag is provided.
src/ai-gateway/shared/components/Sidebar.tsx(365,9): error TS17004: Cannot use JSX unless the '--jsx' flag is provided.
src/ai-gateway/shared/components/Sidebar.tsx(366,11): error TS17004: Cannot use JSX unless the '--jsx' flag is provided.
src/ai-gateway/shared/components/Sidebar.tsx(367,13): error TS17004: Cannot use JSX unless the '--jsx' flag is provided.
src/ai-gateway/shared/components/Sidebar.tsx(368,15): error TS17004: Cannot use JSX unless the '--jsx' flag is provided.
src/ai-gateway/shared/components/Sidebar.tsx(370,13): error TS17004: Cannot use JSX unless the '--jsx' flag is provided.
src/ai-gateway/shared/components/Sidebar.tsx(371,13): error TS17004: Cannot use JSX unless the '--jsx' flag is provided.
src/ai-gateway/shared/components/Sidebar.tsx(374,13): error TS17004: Cannot use JSX unless the '--jsx' flag is provided.
src/ai-gateway/shared/components/SystemMonitor.tsx(3,33): error TS2307: Cannot find module 'next-intl' or its corresponding type declarations.
src/ai-gateway/shared/components/SystemMonitor.tsx(15,18): error TS6142: Module './Card' was resolved to 'C:/TESTES DEV/1_PROJETOS_ATIVOS/Zavorth/src/ai-gateway/shared/components/Card.tsx', but '--jsx' is not set.
src/ai-gateway/shared/components/SystemMonitor.tsx(19,23): error TS7006: Parameter 'seconds' implicitly has an 'any' type.
src/ai-gateway/shared/components/SystemMonitor.tsx(29,22): error TS7006: Parameter 'bytes' implicitly has an 'any' type.
src/ai-gateway/shared/components/SystemMonitor.tsx(41,22): error TS7031: Binding element 'icon' implicitly has an 'any' type.
src/ai-gateway/shared/components/SystemMonitor.tsx(41,28): error TS7031: Binding element 'label' implicitly has an 'any' type.
src/ai-gateway/shared/components/SystemMonitor.tsx(41,35): error TS7031: Binding element 'value' implicitly has an 'any' type.
src/ai-gateway/shared/components/SystemMonitor.tsx(43,5): error TS17004: Cannot use JSX unless the '--jsx' flag is provided.
src/ai-gateway/shared/components/SystemMonitor.tsx(44,7): error TS17004: Cannot use JSX unless the '--jsx' flag is provided.
src/ai-gateway/shared/components/SystemMonitor.tsx(45,9): error TS17004: Cannot use JSX unless the '--jsx' flag is provided.
src/ai-gateway/shared/components/SystemMonitor.tsx(48,9): error TS17004: Cannot use JSX unless the '--jsx' flag is provided.
src/ai-gateway/shared/components/SystemMonitor.tsx(50,7): error TS17004: Cannot use JSX unless the '--jsx' flag is provided.
src/ai-gateway/shared/components/SystemMonitor.tsx(88,7): error TS17004: Cannot use JSX unless the '--jsx' flag is provided.
src/ai-gateway/shared/components/SystemMonitor.tsx(89,9): error TS17004: Cannot use JSX unless the '--jsx' flag is provided.
src/ai-gateway/shared/components/SystemMonitor.tsx(90,11): error TS17004: Cannot use JSX unless the '--jsx' flag is provided.
src/ai-gateway/shared/components/SystemMonitor.tsx(91,11): error TS17004: Cannot use JSX unless the '--jsx' flag is provided.
src/ai-gateway/shared/components/SystemMonitor.tsx(99,7): error TS17004: Cannot use JSX unless the '--jsx' flag is provided.
src/ai-gateway/shared/components/SystemMonitor.tsx(100,9): error TS17004: Cannot use JSX unless the '--jsx' flag is provided.
src/ai-gateway/shared/components/SystemMonitor.tsx(105,27): error TS2339: Property 'memory' does not exist on type 'never'.
src/ai-gateway/shared/components/SystemMonitor.tsx(105,55): error TS2339: Property 'memoryUsage' does not exist on type 'never'.
src/ai-gateway/shared/components/SystemMonitor.tsx(106,28): error TS2339: Property 'memory' does not exist on type 'never'.
src/ai-gateway/shared/components/SystemMonitor.tsx(106,57): error TS2339: Property 'memoryUsage' does not exist on type 'never'.
src/ai-gateway/shared/components/SystemMonitor.tsx(113,7): error TS17004: Cannot use JSX unless the '--jsx' flag is provided.
src/ai-gateway/shared/components/SystemMonitor.tsx(118,9): error TS17004: Cannot use JSX unless the '--jsx' flag is provided.
src/ai-gateway/shared/components/SystemMonitor.tsx(119,11): error TS17004: Cannot use JSX unless the '--jsx' flag is provided.
src/ai-gateway/shared/components/SystemMonitor.tsx(121,9): error TS17004: Cannot use JSX unless the '--jsx' flag is provided.
src/ai-gateway/shared/components/SystemMonitor.tsx(121,54): error TS2339: Property 'uptime' does not exist on type 'never'.
src/ai-gateway/shared/components/SystemMonitor.tsx(122,35): error TS2339: Property 'uptime' does not exist on type 'never'.
src/ai-gateway/shared/components/SystemMonitor.tsx(129,5): error TS17004: Cannot use JSX unless the '--jsx' flag is provided.
src/ai-gateway/shared/components/SystemMonitor.tsx(130,7): error TS17004: Cannot use JSX unless the '--jsx' flag is provided.
src/ai-gateway/shared/components/SystemMonitor.tsx(131,9): error TS17004: Cannot use JSX unless the '--jsx' flag is provided.
src/ai-gateway/shared/components/SystemMonitor.tsx(137,7): error TS17004: Cannot use JSX unless the '--jsx' flag is provided.
src/ai-gateway/shared/components/SystemMonitor.tsx(138,9): error TS17004: Cannot use JSX unless the '--jsx' flag is provided.
src/ai-gateway/shared/components/SystemMonitor.tsx(138,76): error TS2339: Property 'uptime' does not exist on type 'never'.
src/ai-gateway/shared/components/SystemMonitor.tsx(139,9): error TS17004: Cannot use JSX unless the '--jsx' flag is provided.
src/ai-gateway/shared/components/SystemMonitor.tsx(145,18): error TS2339: Property 'version' does not exist on type 'never'.
src/ai-gateway/shared/components/SystemMonitor.tsx(146,11): error TS17004: Cannot use JSX unless the '--jsx' flag is provided.
src/ai-gateway/shared/components/SystemMonitor.tsx(146,65): error TS2339: Property 'version' does not exist on type 'never'.
src/ai-gateway/shared/components/SystemMonitor.tsx(148,18): error TS2339: Property 'activeConnections' does not exist on type 'never'.
src/ai-gateway/shared/components/SystemMonitor.tsx(149,11): error TS17004: Cannot use JSX unless the '--jsx' flag is provided.
src/ai-gateway/shared/components/SystemMonitor.tsx(149,75): error TS2339: Property 'activeConnections' does not exist on type 'never'.
src/ai-gateway/shared/components/SystemMonitor.tsx(151,18): error TS2339: Property 'circuitBreakers' does not exist on type 'never'.
src/ai-gateway/shared/components/SystemMonitor.tsx(152,11): error TS17004: Cannot use JSX unless the '--jsx' flag is provided.
src/ai-gateway/shared/components/SystemMonitor.tsx(155,31): error TS2339: Property 'circuitBreakers' does not exist on type 'never'.
src/ai-gateway/shared/components/SystemMonitor.tsx(156,28): error TS2339: Property 'circuitBreakers' does not exist on type 'never'.
src/ai-gateway/shared/components/SystemMonitor.tsx(162,7): error TS17004: Cannot use JSX unless the '--jsx' flag is provided.
src/ai-gateway/shared/components/SystemMonitor.tsx(163,9): error TS17004: Cannot use JSX unless the '--jsx' flag is provided.
src/ai-gateway/shared/components/SystemMonitor.tsx(164,11): error TS17004: Cannot use JSX unless the '--jsx' flag is provided.
src/ai-gateway/shared/components/ThemeProvider.tsx(4,27): error TS2307: Cannot find module '@/store/themeStore' or its corresponding type declarations.
src/ai-gateway/shared/components/ThemeProvider.tsx(6,33): error TS7031: Binding element 'children' implicitly has an 'any' type.
src/ai-gateway/shared/components/ThemeProvider.tsx(13,10): error TS17004: Cannot use JSX unless the '--jsx' flag is provided.
src/ai-gateway/shared/components/ThemeToggle.tsx(3,26): error TS2307: Cannot find module '@/shared/hooks/useTheme' or its corresponding type declarations.
src/ai-gateway/shared/components/ThemeToggle.tsx(4,20): error TS2307: Cannot find module '@/shared/utils/cn' or its corresponding type declarations.
src/ai-gateway/shared/components/ThemeToggle.tsx(36,5): error TS17004: Cannot use JSX unless the '--jsx' flag is provided.
src/ai-gateway/shared/components/ThemeToggle.tsx(38,21): error TS7053: Element implicitly has an 'any' type because expression of type 'string' can't be used to index type '{ default: any; card: any; }'.
  No index signature with a parameter of type 'string' was found on type '{ default: any; card: any; }'.
src/ai-gateway/shared/components/ThemeToggle.tsx(42,7): error TS17004: Cannot use JSX unless the '--jsx' flag is provided.
src/ai-gateway/shared/components/Toggle.tsx(3,20): error TS2307: Cannot find module '@/shared/utils/cn' or its corresponding type declarations.
src/ai-gateway/shared/components/Toggle.tsx(50,5): error TS17004: Cannot use JSX unless the '--jsx' flag is provided.
src/ai-gateway/shared/components/Toggle.tsx(57,7): error TS17004: Cannot use JSX unless the '--jsx' flag is provided.
src/ai-gateway/shared/components/Toggle.tsx(73,9): error TS17004: Cannot use JSX unless the '--jsx' flag is provided.
src/ai-gateway/shared/components/Toggle.tsx(85,9): error TS17004: Cannot use JSX unless the '--jsx' flag is provided.
src/ai-gateway/shared/components/Toggle.tsx(86,21): error TS17004: Cannot use JSX unless the '--jsx' flag is provided.
src/ai-gateway/shared/components/Toggle.tsx(87,27): error TS17004: Cannot use JSX unless the '--jsx' flag is provided.
src/ai-gateway/shared/components/TokenHealthBadge.tsx(3,33): error TS2307: Cannot find module 'next-intl' or its corresponding type declarations.
src/ai-gateway/shared/components/TokenHealthBadge.tsx(44,25): error TS2339: Property 'total' does not exist on type 'never'.
src/ai-gateway/shared/components/TokenHealthBadge.tsx(46,18): error TS7053: Element implicitly has an 'any' type because expression of type 'any' can't be used to index type '{ healthy: { icon: string; color: string; tooltip: string; }; warning: { icon: string; color: string; tooltip: string; }; error: { icon: string; color: string; tooltip: string; }; unknown: { icon: string; color: string; tooltip: string; }; }'.
src/ai-gateway/shared/components/TokenHealthBadge.tsx(46,36): error TS2339: Property 'status' does not exist on type 'never'.
src/ai-gateway/shared/components/TokenHealthBadge.tsx(49,5): error TS17004: Cannot use JSX unless the '--jsx' flag is provided.
src/ai-gateway/shared/components/TokenHealthBadge.tsx(54,7): error TS17004: Cannot use JSX unless the '--jsx' flag is provided.
src/ai-gateway/shared/components/TokenHealthBadge.tsx(58,9): error TS17004: Cannot use JSX unless the '--jsx' flag is provided.
src/ai-gateway/shared/components/TokenHealthBadge.tsx(61,17): error TS2339: Property 'errored' does not exist on type 'never'.
src/ai-gateway/shared/components/TokenHealthBadge.tsx(62,11): error TS17004: Cannot use JSX unless the '--jsx' flag is provided.
src/ai-gateway/shared/components/TokenHealthBadge.tsx(63,21): error TS2339: Property 'errored' does not exist on type 'never'.
src/ai-gateway/shared/components/TokenHealthBadge.tsx(69,9): error TS17004: Cannot use JSX unless the '--jsx' flag is provided.
src/ai-gateway/shared/components/TokenHealthBadge.tsx(77,11): error TS17004: Cannot use JSX unless the '--jsx' flag is provided.
src/ai-gateway/shared/components/TokenHealthBadge.tsx(78,11): error TS17004: Cannot use JSX unless the '--jsx' flag is provided.
src/ai-gateway/shared/components/TokenHealthBadge.tsx(79,13): error TS17004: Cannot use JSX unless the '--jsx' flag is provided.
src/ai-gateway/shared/components/TokenHealthBadge.tsx(80,15): error TS17004: Cannot use JSX unless the '--jsx' flag is provided.
src/ai-gateway/shared/components/TokenHealthBadge.tsx(81,15): error TS17004: Cannot use JSX unless the '--jsx' flag is provided.
src/ai-gateway/shared/components/TokenHealthBadge.tsx(81,56): error TS2339: Property 'total' does not exist on type 'never'.
src/ai-gateway/shared/components/TokenHealthBadge.tsx(83,13): error TS17004: Cannot use JSX unless the '--jsx' flag is provided.
src/ai-gateway/shared/components/TokenHealthBadge.tsx(84,15): error TS17004: Cannot use JSX unless the '--jsx' flag is provided.
src/ai-gateway/shared/components/TokenHealthBadge.tsx(85,15): error TS17004: Cannot use JSX unless the '--jsx' flag is provided.
src/ai-gateway/shared/components/TokenHealthBadge.tsx(85,56): error TS2339: Property 'healthy' does not exist on type 'never'.
src/ai-gateway/shared/components/TokenHealthBadge.tsx(87,21): error TS2339: Property 'errored' does not exist on type 'never'.
src/ai-gateway/shared/components/TokenHealthBadge.tsx(88,15): error TS17004: Cannot use JSX unless the '--jsx' flag is provided.
src/ai-gateway/shared/components/TokenHealthBadge.tsx(89,17): error TS17004: Cannot use JSX unless the '--jsx' flag is provided.
src/ai-gateway/shared/components/TokenHealthBadge.tsx(90,17): error TS17004: Cannot use JSX unless the '--jsx' flag is provided.
src/ai-gateway/shared/components/TokenHealthBadge.tsx(90,58): error TS2339: Property 'errored' does not exist on type 'never'.
src/ai-gateway/shared/components/TokenHealthBadge.tsx(93,21): error TS2339: Property 'warning' does not exist on type 'never'.
src/ai-gateway/shared/components/TokenHealthBadge.tsx(94,15): error TS17004: Cannot use JSX unless the '--jsx' flag is provided.
src/ai-gateway/shared/components/TokenHealthBadge.tsx(95,17): error TS17004: Cannot use JSX unless the '--jsx' flag is provided.
src/ai-gateway/shared/components/TokenHealthBadge.tsx(96,17): error TS17004: Cannot use JSX unless the '--jsx' flag is provided.
src/ai-gateway/shared/components/TokenHealthBadge.tsx(96,58): error TS2339: Property 'warning' does not exist on type 'never'.
src/ai-gateway/shared/components/TokenHealthBadge.tsx(99,21): error TS2339: Property 'lastCheckAt' does not exist on type 'never'.
src/ai-gateway/shared/components/TokenHealthBadge.tsx(100,15): error TS17004: Cannot use JSX unless the '--jsx' flag is provided.
src/ai-gateway/shared/components/TokenHealthBadge.tsx(101,17): error TS17004: Cannot use JSX unless the '--jsx' flag is provided.
src/ai-gateway/shared/components/TokenHealthBadge.tsx(102,17): error TS17004: Cannot use JSX unless the '--jsx' flag is provided.
src/ai-gateway/shared/components/TokenHealthBadge.tsx(103,36): error TS2339: Property 'lastCheckAt' does not exist on type 'never'.
src/ai-gateway/shared/components/Tooltip.tsx(47,18): error TS2769: No overload matches this call.
  Overload 1 of 2, '(timeout: string | number | Timeout | undefined): void', gave the following error.
    Argument of type 'Timeout | null' is not assignable to parameter of type 'string | number | Timeout | undefined'.
      Type 'null' is not assignable to type 'string | number | Timeout | undefined'.
  Overload 2 of 2, '(id: number | undefined): void', gave the following error.
    Argument of type 'Timeout | null' is not assignable to parameter of type 'number | undefined'.
      Type 'null' is not assignable to type 'number | undefined'.
src/ai-gateway/shared/components/Tooltip.tsx(52,18): error TS2769: No overload matches this call.
  Overload 1 of 2, '(timeout: string | number | Timeout | undefined): void', gave the following error.
    Argument of type 'Timeout | null' is not assignable to parameter of type 'string | number | Timeout | undefined'.
      Type 'null' is not assignable to type 'string | number | Timeout | undefined'.
  Overload 2 of 2, '(id: number | undefined): void', gave the following error.
    Argument of type 'Timeout | null' is not assignable to parameter of type 'number | undefined'.
      Type 'null' is not assignable to type 'number | undefined'.
src/ai-gateway/shared/components/Tooltip.tsx(58,20): error TS2769: No overload matches this call.
  Overload 1 of 2, '(timeout: string | number | Timeout | undefined): void', gave the following error.
    Argument of type 'Timeout | null' is not assignable to parameter of type 'string | number | Timeout | undefined'.
      Type 'null' is not assignable to type 'string | number | Timeout | undefined'.
  Overload 2 of 2, '(id: number | undefined): void', gave the following error.
    Argument of type 'Timeout | null' is not assignable to parameter of type 'number | undefined'.
      Type 'null' is not assignable to type 'number | undefined'.
src/ai-gateway/shared/components/Tooltip.tsx(80,5): error TS17004: Cannot use JSX unless the '--jsx' flag is provided.
src/ai-gateway/shared/components/Tooltip.tsx(86,5): error TS17004: Cannot use JSX unless the '--jsx' flag is provided.
src/ai-gateway/shared/components/Tooltip.tsx(98,9): error TS17004: Cannot use JSX unless the '--jsx' flag is provided.
src/ai-gateway/shared/components/UsageAnalytics.tsx(4,18): error TS6142: Module './Card' was resolved to 'C:/TESTES DEV/1_PROJETOS_ATIVOS/Zavorth/src/ai-gateway/shared/components/Card.tsx', but '--jsx' is not set.
src/ai-gateway/shared/components/UsageAnalytics.tsx(5,30): error TS6142: Module './Loading' was resolved to 'C:/TESTES DEV/1_PROJETOS_ATIVOS/Zavorth/src/ai-gateway/shared/components/Loading.tsx', but '--jsx' is not set.
src/ai-gateway/shared/components/UsageAnalytics.tsx(6,53): error TS2307: Cannot find module '@/shared/utils/formatting' or its corresponding type declarations.
src/ai-gateway/shared/components/UsageAnalytics.tsx(21,8): error TS6142: Module './analytics' was resolved to 'C:/TESTES DEV/1_PROJETOS_ATIVOS/Zavorth/src/ai-gateway/shared/components/analytics/index.tsx', but '--jsx' is not set.
src/ai-gateway/shared/components/UsageAnalytics.tsx(74,28): error TS7006: Parameter 'a' implicitly has an 'any' type.
src/ai-gateway/shared/components/UsageAnalytics.tsx(74,31): error TS7006: Parameter 'b' implicitly has an 'any' type.
src/ai-gateway/shared/components/UsageAnalytics.tsx(102,37): error TS17004: Cannot use JSX unless the '--jsx' flag is provided.
src/ai-gateway/shared/components/UsageAnalytics.tsx(103,21): error TS17004: Cannot use JSX unless the '--jsx' flag is provided.
src/ai-gateway/shared/components/UsageAnalytics.tsx(113,5): error TS17004: Cannot use JSX unless the '--jsx' flag is provided.
src/ai-gateway/shared/components/UsageAnalytics.tsx(115,7): error TS17004: Cannot use JSX unless the '--jsx' flag is provided.
src/ai-gateway/shared/components/UsageAnalytics.tsx(116,9): error TS17004: Cannot use JSX unless the '--jsx' flag is provided.
src/ai-gateway/shared/components/UsageAnalytics.tsx(117,11): error TS17004: Cannot use JSX unless the '--jsx' flag is provided.
src/ai-gateway/shared/components/UsageAnalytics.tsx(120,9): error TS17004: Cannot use JSX unless the '--jsx' flag is provided.
src/ai-gateway/shared/components/UsageAnalytics.tsx(122,13): error TS17004: Cannot use JSX unless the '--jsx' flag is provided.
src/ai-gateway/shared/components/UsageAnalytics.tsx(138,7): error TS17004: Cannot use JSX unless the '--jsx' flag is provided.
src/ai-gateway/shared/components/UsageAnalytics.tsx(139,9): error TS17004: Cannot use JSX unless the '--jsx' flag is provided.
src/ai-gateway/shared/components/UsageAnalytics.tsx(145,9): error TS17004: Cannot use JSX unless the '--jsx' flag is provided.
src/ai-gateway/shared/components/UsageAnalytics.tsx(151,9): error TS17004: Cannot use JSX unless the '--jsx' flag is provided.
src/ai-gateway/shared/components/UsageAnalytics.tsx(157,9): error TS17004: Cannot use JSX unless the '--jsx' flag is provided.
src/ai-gateway/shared/components/UsageAnalytics.tsx(166,7): error TS17004: Cannot use JSX unless the '--jsx' flag is provided.
src/ai-gateway/shared/components/UsageAnalytics.tsx(225,7): error TS17004: Cannot use JSX unless the '--jsx' flag is provided.
src/ai-gateway/shared/components/UsageAnalytics.tsx(226,9): error TS17004: Cannot use JSX unless the '--jsx' flag is provided.
src/ai-gateway/shared/components/UsageAnalytics.tsx(227,9): error TS17004: Cannot use JSX unless the '--jsx' flag is provided.
src/ai-gateway/shared/components/UsageAnalytics.tsx(228,11): error TS17004: Cannot use JSX unless the '--jsx' flag is provided.
src/ai-gateway/shared/components/UsageAnalytics.tsx(229,11): error TS17004: Cannot use JSX unless the '--jsx' flag is provided.
src/ai-gateway/shared/components/UsageAnalytics.tsx(234,7): error TS17004: Cannot use JSX unless the '--jsx' flag is provided.
src/ai-gateway/shared/components/UsageAnalytics.tsx(235,9): error TS17004: Cannot use JSX unless the '--jsx' flag is provided.
src/ai-gateway/shared/components/UsageAnalytics.tsx(236,9): error TS17004: Cannot use JSX unless the '--jsx' flag is provided.
src/ai-gateway/shared/components/UsageAnalytics.tsx(240,7): error TS17004: Cannot use JSX unless the '--jsx' flag is provided.
src/ai-gateway/shared/components/UsageAnalytics.tsx(246,7): error TS17004: Cannot use JSX unless the '--jsx' flag is provided.
src/ai-gateway/shared/components/UsageAnalytics.tsx(247,9): error TS17004: Cannot use JSX unless the '--jsx' flag is provided.
src/ai-gateway/shared/components/UsageAnalytics.tsx(248,9): error TS17004: Cannot use JSX unless the '--jsx' flag is provided.
src/ai-gateway/shared/components/UsageAnalytics.tsx(252,7): error TS17004: Cannot use JSX unless the '--jsx' flag is provided.
src/ai-gateway/shared/components/UsageAnalytics.tsx(255,7): error TS17004: Cannot use JSX unless the '--jsx' flag is provided.
src/ai-gateway/shared/components/UsageAnalytics.tsx(258,7): error TS17004: Cannot use JSX unless the '--jsx' flag is provided.
src/ai-gateway/shared/components/UsageStats.tsx(3,33): error TS2307: Cannot find module 'next-intl' or its corresponding type declarations.
src/ai-gateway/shared/components/UsageStats.tsx(6,23): error TS2307: Cannot find module 'prop-types' or its corresponding type declarations.
src/ai-gateway/shared/components/UsageStats.tsx(7,44): error TS2307: Cannot find module 'next/navigation' or its corresponding type declarations.
src/ai-gateway/shared/components/UsageStats.tsx(8,18): error TS6142: Module './Card' was resolved to 'C:/TESTES DEV/1_PROJETOS_ATIVOS/Zavorth/src/ai-gateway/shared/components/Card.tsx', but '--jsx' is not set.
src/ai-gateway/shared/components/UsageStats.tsx(9,19): error TS6142: Module './Badge' was resolved to 'C:/TESTES DEV/1_PROJETOS_ATIVOS/Zavorth/src/ai-gateway/shared/components/Badge.tsx', but '--jsx' is not set.
src/ai-gateway/shared/components/UsageStats.tsx(10,30): error TS6142: Module './Loading' was resolved to 'C:/TESTES DEV/1_PROJETOS_ATIVOS/Zavorth/src/ai-gateway/shared/components/Loading.tsx', but '--jsx' is not set.
src/ai-gateway/shared/components/UsageStats.tsx(11,34): error TS2307: Cannot find module '@/shared/utils/formatting' or its corresponding type declarations.
src/ai-gateway/shared/components/UsageStats.tsx(22,37): error TS17004: Cannot use JSX unless the '--jsx' flag is provided.
src/ai-gateway/shared/components/UsageStats.tsx(23,10): error TS17004: Cannot use JSX unless the '--jsx' flag is provided.
src/ai-gateway/shared/components/UsageStats.tsx(41,5): error TS17004: Cannot use JSX unless the '--jsx' flag is provided.
src/ai-gateway/shared/components/UsageStats.tsx(43,9): error TS17004: Cannot use JSX unless the '--jsx' flag is provided.
src/ai-gateway/shared/components/UsageStats.tsx(206,23): error TS17004: Cannot use JSX unless the '--jsx' flag is provided.
src/ai-gateway/shared/components/UsageStats.tsx(208,22): error TS17004: Cannot use JSX unless the '--jsx' flag is provided.
src/ai-gateway/shared/components/UsageStats.tsx(230,5): error TS17004: Cannot use JSX unless the '--jsx' flag is provided.
src/ai-gateway/shared/components/UsageStats.tsx(232,7): error TS17004: Cannot use JSX unless the '--jsx' flag is provided.
src/ai-gateway/shared/components/UsageStats.tsx(233,9): error TS17004: Cannot use JSX unless the '--jsx' flag is provided.
src/ai-gateway/shared/components/UsageStats.tsx(234,9): error TS17004: Cannot use JSX unless the '--jsx' flag is provided.
src/ai-gateway/shared/components/UsageStats.tsx(236,11): error TS17004: Cannot use JSX unless the '--jsx' flag is provided.
src/ai-gateway/shared/components/UsageStats.tsx(237,13): error TS17004: Cannot use JSX unless the '--jsx' flag is provided.
src/ai-gateway/shared/components/UsageStats.tsx(247,13): error TS17004: Cannot use JSX unless the '--jsx' flag is provided.
src/ai-gateway/shared/components/UsageStats.tsx(260,11): error TS17004: Cannot use JSX unless the '--jsx' flag is provided.
src/ai-gateway/shared/components/UsageStats.tsx(261,13): error TS17004: Cannot use JSX unless the '--jsx' flag is provided.
src/ai-gateway/shared/components/UsageStats.tsx(262,13): error TS17004: Cannot use JSX unless the '--jsx' flag is provided.
src/ai-gateway/shared/components/UsageStats.tsx(272,15): error TS17004: Cannot use JSX unless the '--jsx' flag is provided.
src/ai-gateway/shared/components/UsageStats.tsx(284,9): error TS17004: Cannot use JSX unless the '--jsx' flag is provided.
src/ai-gateway/shared/components/UsageStats.tsx(285,11): error TS17004: Cannot use JSX unless the '--jsx' flag is provided.
src/ai-gateway/shared/components/UsageStats.tsx(286,13): error TS17004: Cannot use JSX unless the '--jsx' flag is provided.
src/ai-gateway/shared/components/UsageStats.tsx(287,15): error TS17004: Cannot use JSX unless the '--jsx' flag is provided.
src/ai-gateway/shared/components/UsageStats.tsx(288,17): error TS17004: Cannot use JSX unless the '--jsx' flag is provided.
src/ai-gateway/shared/components/UsageStats.tsx(289,17): error TS17004: Cannot use JSX unless the '--jsx' flag is provided.
src/ai-gateway/shared/components/UsageStats.tsx(293,13): error TS17004: Cannot use JSX unless the '--jsx' flag is provided.
src/ai-gateway/shared/components/UsageStats.tsx(294,42): error TS7006: Parameter 'req' implicitly has an 'any' type.
src/ai-gateway/shared/components/UsageStats.tsx(295,17): error TS17004: Cannot use JSX unless the '--jsx' flag is provided.
src/ai-gateway/shared/components/UsageStats.tsx(299,19): error TS17004: Cannot use JSX unless the '--jsx' flag is provided.
src/ai-gateway/shared/components/UsageStats.tsx(300,19): error TS17004: Cannot use JSX unless the '--jsx' flag is provided.
src/ai-gateway/shared/components/UsageStats.tsx(301,19): error TS17004: Cannot use JSX unless the '--jsx' flag is provided.
src/ai-gateway/shared/components/UsageStats.tsx(302,19): error TS17004: Cannot use JSX unless the '--jsx' flag is provided.
src/ai-gateway/shared/components/UsageStats.tsx(303,19): error TS17004: Cannot use JSX unless the '--jsx' flag is provided.
src/ai-gateway/shared/components/UsageStats.tsx(305,21): error TS17004: Cannot use JSX unless the '--jsx' flag is provided.
src/ai-gateway/shared/components/UsageStats.tsx(317,7): error TS17004: Cannot use JSX unless the '--jsx' flag is provided.
src/ai-gateway/shared/components/UsageStats.tsx(318,9): error TS17004: Cannot use JSX unless the '--jsx' flag is provided.
src/ai-gateway/shared/components/UsageStats.tsx(319,11): error TS17004: Cannot use JSX unless the '--jsx' flag is provided.
src/ai-gateway/shared/components/UsageStats.tsx(320,13): error TS17004: Cannot use JSX unless the '--jsx' flag is provided.
src/ai-gateway/shared/components/UsageStats.tsx(321,15): error TS17004: Cannot use JSX unless the '--jsx' flag is provided.
src/ai-gateway/shared/components/UsageStats.tsx(324,15): error TS17004: Cannot use JSX unless the '--jsx' flag is provided.
src/ai-gateway/shared/components/UsageStats.tsx(326,13): error TS17004: Cannot use JSX unless the '--jsx' flag is provided.
src/ai-gateway/shared/components/UsageStats.tsx(327,54): error TS7006: Parameter 'm' implicitly has an 'any' type.
src/ai-gateway/shared/components/UsageStats.tsx(332,9): error TS17004: Cannot use JSX unless the '--jsx' flag is provided.
src/ai-gateway/shared/components/UsageStats.tsx(333,11): error TS17004: Cannot use JSX unless the '--jsx' flag is provided.
src/ai-gateway/shared/components/UsageStats.tsx(334,13): error TS17004: Cannot use JSX unless the '--jsx' flag is provided.
src/ai-gateway/shared/components/UsageStats.tsx(335,15): error TS17004: Cannot use JSX unless the '--jsx' flag is provided.
src/ai-gateway/shared/components/UsageStats.tsx(338,15): error TS17004: Cannot use JSX unless the '--jsx' flag is provided.
src/ai-gateway/shared/components/UsageStats.tsx(342,13): error TS17004: Cannot use JSX unless the '--jsx' flag is provided.
src/ai-gateway/shared/components/UsageStats.tsx(343,54): error TS7006: Parameter 'm' implicitly has an 'any' type.
src/ai-gateway/shared/components/UsageStats.tsx(348,9): error TS17004: Cannot use JSX unless the '--jsx' flag is provided.
src/ai-gateway/shared/components/UsageStats.tsx(349,11): error TS17004: Cannot use JSX unless the '--jsx' flag is provided.
src/ai-gateway/shared/components/UsageStats.tsx(350,13): error TS17004: Cannot use JSX unless the '--jsx' flag is provided.
src/ai-gateway/shared/components/UsageStats.tsx(351,15): error TS17004: Cannot use JSX unless the '--jsx' flag is provided.
src/ai-gateway/shared/components/UsageStats.tsx(354,15): error TS17004: Cannot use JSX unless the '--jsx' flag is provided.
src/ai-gateway/shared/components/UsageStats.tsx(358,13): error TS17004: Cannot use JSX unless the '--jsx' flag is provided.
src/ai-gateway/shared/components/UsageStats.tsx(359,13): error TS17004: Cannot use JSX unless the '--jsx' flag is provided.
src/ai-gateway/shared/components/UsageStats.tsx(360,15): error TS17004: Cannot use JSX unless the '--jsx' flag is provided.
src/ai-gateway/shared/components/UsageStats.tsx(363,15): error TS17004: Cannot use JSX unless the '--jsx' flag is provided.
src/ai-gateway/shared/components/UsageStats.tsx(370,7): error TS17004: Cannot use JSX unless the '--jsx' flag is provided.
src/ai-gateway/shared/components/UsageStats.tsx(371,9): error TS17004: Cannot use JSX unless the '--jsx' flag is provided.
src/ai-gateway/shared/components/UsageStats.tsx(372,11): error TS17004: Cannot use JSX unless the '--jsx' flag is provided.
src/ai-gateway/shared/components/UsageStats.tsx(374,9): error TS17004: Cannot use JSX unless the '--jsx' flag is provided.
src/ai-gateway/shared/components/UsageStats.tsx(375,11): error TS17004: Cannot use JSX unless the '--jsx' flag is provided.
src/ai-gateway/shared/components/UsageStats.tsx(376,13): error TS17004: Cannot use JSX unless the '--jsx' flag is provided.
src/ai-gateway/shared/components/UsageStats.tsx(377,15): error TS17004: Cannot use JSX unless the '--jsx' flag is provided.
src/ai-gateway/shared/components/UsageStats.tsx(378,17): error TS17004: Cannot use JSX unless the '--jsx' flag is provided.
src/ai-gateway/shared/components/UsageStats.tsx(382,25): error TS17004: Cannot use JSX unless the '--jsx' flag is provided.
src/ai-gateway/shared/components/UsageStats.tsx(384,17): error TS17004: Cannot use JSX unless the '--jsx' flag is provided.
src/ai-gateway/shared/components/UsageStats.tsx(389,19): error TS17004: Cannot use JSX unless the '--jsx' flag is provided.
src/ai-gateway/shared/components/UsageStats.tsx(391,17): error TS17004: Cannot use JSX unless the '--jsx' flag is provided.
src/ai-gateway/shared/components/UsageStats.tsx(396,19): error TS17004: Cannot use JSX unless the '--jsx' flag is provided.
src/ai-gateway/shared/components/UsageStats.tsx(398,17): error TS17004: Cannot use JSX unless the '--jsx' flag is provided.
src/ai-gateway/shared/components/UsageStats.tsx(403,19): error TS17004: Cannot use JSX unless the '--jsx' flag is provided.
src/ai-gateway/shared/components/UsageStats.tsx(406,19): error TS17004: Cannot use JSX unless the '--jsx' flag is provided.
src/ai-gateway/shared/components/UsageStats.tsx(407,21): error TS17004: Cannot use JSX unless the '--jsx' flag is provided.
src/ai-gateway/shared/components/UsageStats.tsx(412,23): error TS17004: Cannot use JSX unless the '--jsx' flag is provided.
src/ai-gateway/shared/components/UsageStats.tsx(418,21): error TS17004: Cannot use JSX unless the '--jsx' flag is provided.
src/ai-gateway/shared/components/UsageStats.tsx(423,23): error TS17004: Cannot use JSX unless the '--jsx' flag is provided.
src/ai-gateway/shared/components/UsageStats.tsx(429,21): error TS17004: Cannot use JSX unless the '--jsx' flag is provided.
src/ai-gateway/shared/components/UsageStats.tsx(434,23): error TS17004: Cannot use JSX unless the '--jsx' flag is provided.
src/ai-gateway/shared/components/UsageStats.tsx(438,19): error TS17004: Cannot use JSX unless the '--jsx' flag is provided.
src/ai-gateway/shared/components/UsageStats.tsx(439,21): error TS17004: Cannot use JSX unless the '--jsx' flag is provided.
src/ai-gateway/shared/components/UsageStats.tsx(444,23): error TS17004: Cannot use JSX unless the '--jsx' flag is provided.
src/ai-gateway/shared/components/UsageStats.tsx(450,21): error TS17004: Cannot use JSX unless the '--jsx' flag is provided.
src/ai-gateway/shared/components/UsageStats.tsx(455,23): error TS17004: Cannot use JSX unless the '--jsx' flag is provided.
src/ai-gateway/shared/components/UsageStats.tsx(461,21): error TS17004: Cannot use JSX unless the '--jsx' flag is provided.
src/ai-gateway/shared/components/UsageStats.tsx(466,23): error TS17004: Cannot use JSX unless the '--jsx' flag is provided.
src/ai-gateway/shared/components/UsageStats.tsx(472,13): error TS17004: Cannot use JSX unless the '--jsx' flag is provided.
src/ai-gateway/shared/components/UsageStats.tsx(474,17): error TS17004: Cannot use JSX unless the '--jsx' flag is provided.
src/ai-gateway/shared/components/UsageStats.tsx(475,19): error TS17004: Cannot use JSX unless the '--jsx' flag is provided.
src/ai-gateway/shared/components/UsageStats.tsx(482,19): error TS17004: Cannot use JSX unless the '--jsx' flag is provided.
src/ai-gateway/shared/components/UsageStats.tsx(483,21): error TS17004: Cannot use JSX unless the '--jsx' flag is provided.
src/ai-gateway/shared/components/UsageStats.tsx(487,19): error TS17004: Cannot use JSX unless the '--jsx' flag is provided.
src/ai-gateway/shared/components/UsageStats.tsx(488,19): error TS17004: Cannot use JSX unless the '--jsx' flag is provided.
src/ai-gateway/shared/components/UsageStats.tsx(492,21): error TS17004: Cannot use JSX unless the '--jsx' flag is provided.
src/ai-gateway/shared/components/UsageStats.tsx(493,23): error TS17004: Cannot use JSX unless the '--jsx' flag is provided.
src/ai-gateway/shared/components/UsageStats.tsx(496,23): error TS17004: Cannot use JSX unless the '--jsx' flag is provided.
src/ai-gateway/shared/components/UsageStats.tsx(499,23): error TS17004: Cannot use JSX unless the '--jsx' flag is provided.
src/ai-gateway/shared/components/UsageStats.tsx(502,21): error TS17004: Cannot use JSX unless the '--jsx' flag is provided.
src/ai-gateway/shared/components/UsageStats.tsx(503,23): error TS17004: Cannot use JSX unless the '--jsx' flag is provided.
src/ai-gateway/shared/components/UsageStats.tsx(506,23): error TS17004: Cannot use JSX unless the '--jsx' flag is provided.
src/ai-gateway/shared/components/UsageStats.tsx(509,23): error TS17004: Cannot use JSX unless the '--jsx' flag is provided.
src/ai-gateway/shared/components/UsageStats.tsx(517,17): error TS17004: Cannot use JSX unless the '--jsx' flag is provided.
src/ai-gateway/shared/components/UsageStats.tsx(518,19): error TS17004: Cannot use JSX unless the '--jsx' flag is provided.
src/ai-gateway/shared/components/UsageStats.tsx(529,7): error TS17004: Cannot use JSX unless the '--jsx' flag is provided.
src/ai-gateway/shared/components/UsageStats.tsx(530,9): error TS17004: Cannot use JSX unless the '--jsx' flag is provided.
src/ai-gateway/shared/components/UsageStats.tsx(531,11): error TS17004: Cannot use JSX unless the '--jsx' flag is provided.
src/ai-gateway/shared/components/UsageStats.tsx(533,9): error TS17004: Cannot use JSX unless the '--jsx' flag is provided.
src/ai-gateway/shared/components/UsageStats.tsx(534,11): error TS17004: Cannot use JSX unless the '--jsx' flag is provided.
src/ai-gateway/shared/components/UsageStats.tsx(535,13): error TS17004: Cannot use JSX unless the '--jsx' flag is provided.
src/ai-gateway/shared/components/UsageStats.tsx(536,15): error TS17004: Cannot use JSX unless the '--jsx' flag is provided.
src/ai-gateway/shared/components/UsageStats.tsx(537,17): error TS17004: Cannot use JSX unless the '--jsx' flag is provided.
src/ai-gateway/shared/components/UsageStats.tsx(541,25): error TS17004: Cannot use JSX unless the '--jsx' flag is provided.
src/ai-gateway/shared/components/UsageStats.tsx(543,17): error TS17004: Cannot use JSX unless the '--jsx' flag is provided.
src/ai-gateway/shared/components/UsageStats.tsx(548,19): error TS17004: Cannot use JSX unless the '--jsx' flag is provided.
src/ai-gateway/shared/components/UsageStats.tsx(550,17): error TS17004: Cannot use JSX unless the '--jsx' flag is provided.
src/ai-gateway/shared/components/UsageStats.tsx(555,19): error TS17004: Cannot use JSX unless the '--jsx' flag is provided.
src/ai-gateway/shared/components/UsageStats.tsx(557,17): error TS17004: Cannot use JSX unless the '--jsx' flag is provided.
src/ai-gateway/shared/components/UsageStats.tsx(562,19): error TS17004: Cannot use JSX unless the '--jsx' flag is provided.
src/ai-gateway/shared/components/UsageStats.tsx(564,17): error TS17004: Cannot use JSX unless the '--jsx' flag is provided.
src/ai-gateway/shared/components/UsageStats.tsx(569,19): error TS17004: Cannot use JSX unless the '--jsx' flag is provided.
src/ai-gateway/shared/components/UsageStats.tsx(572,19): error TS17004: Cannot use JSX unless the '--jsx' flag is provided.
src/ai-gateway/shared/components/UsageStats.tsx(573,21): error TS17004: Cannot use JSX unless the '--jsx' flag is provided.
src/ai-gateway/shared/components/UsageStats.tsx(578,23): error TS17004: Cannot use JSX unless the '--jsx' flag is provided.
src/ai-gateway/shared/components/UsageStats.tsx(584,21): error TS17004: Cannot use JSX unless the '--jsx' flag is provided.
src/ai-gateway/shared/components/UsageStats.tsx(589,23): error TS17004: Cannot use JSX unless the '--jsx' flag is provided.
src/ai-gateway/shared/components/UsageStats.tsx(595,21): error TS17004: Cannot use JSX unless the '--jsx' flag is provided.
src/ai-gateway/shared/components/UsageStats.tsx(600,23): error TS17004: Cannot use JSX unless the '--jsx' flag is provided.
src/ai-gateway/shared/components/UsageStats.tsx(604,19): error TS17004: Cannot use JSX unless the '--jsx' flag is provided.
src/ai-gateway/shared/components/UsageStats.tsx(605,21): error TS17004: Cannot use JSX unless the '--jsx' flag is provided.
src/ai-gateway/shared/components/UsageStats.tsx(610,23): error TS17004: Cannot use JSX unless the '--jsx' flag is provided.
src/ai-gateway/shared/components/UsageStats.tsx(616,21): error TS17004: Cannot use JSX unless the '--jsx' flag is provided.
src/ai-gateway/shared/components/UsageStats.tsx(621,23): error TS17004: Cannot use JSX unless the '--jsx' flag is provided.
src/ai-gateway/shared/components/UsageStats.tsx(627,21): error TS17004: Cannot use JSX unless the '--jsx' flag is provided.
src/ai-gateway/shared/components/UsageStats.tsx(632,23): error TS17004: Cannot use JSX unless the '--jsx' flag is provided.
src/ai-gateway/shared/components/UsageStats.tsx(638,13): error TS17004: Cannot use JSX unless the '--jsx' flag is provided.
src/ai-gateway/shared/components/UsageStats.tsx(640,17): error TS17004: Cannot use JSX unless the '--jsx' flag is provided.
src/ai-gateway/shared/components/UsageStats.tsx(641,19): error TS17004: Cannot use JSX unless the '--jsx' flag is provided.
src/ai-gateway/shared/components/UsageStats.tsx(648,19): error TS17004: Cannot use JSX unless the '--jsx' flag is provided.
src/ai-gateway/shared/components/UsageStats.tsx(649,21): error TS17004: Cannot use JSX unless the '--jsx' flag is provided.
src/ai-gateway/shared/components/UsageStats.tsx(653,19): error TS17004: Cannot use JSX unless the '--jsx' flag is provided.
src/ai-gateway/shared/components/UsageStats.tsx(654,21): error TS17004: Cannot use JSX unless the '--jsx' flag is provided.
src/ai-gateway/shared/components/UsageStats.tsx(662,19): error TS17004: Cannot use JSX unless the '--jsx' flag is provided.
src/ai-gateway/shared/components/UsageStats.tsx(663,19): error TS17004: Cannot use JSX unless the '--jsx' flag is provided.
src/ai-gateway/shared/components/UsageStats.tsx(667,21): error TS17004: Cannot use JSX unless the '--jsx' flag is provided.
src/ai-gateway/shared/components/UsageStats.tsx(668,23): error TS17004: Cannot use JSX unless the '--jsx' flag is provided.
src/ai-gateway/shared/components/UsageStats.tsx(671,23): error TS17004: Cannot use JSX unless the '--jsx' flag is provided.
src/ai-gateway/shared/components/UsageStats.tsx(674,23): error TS17004: Cannot use JSX unless the '--jsx' flag is provided.
src/ai-gateway/shared/components/UsageStats.tsx(677,21): error TS17004: Cannot use JSX unless the '--jsx' flag is provided.
src/ai-gateway/shared/components/UsageStats.tsx(678,23): error TS17004: Cannot use JSX unless the '--jsx' flag is provided.
src/ai-gateway/shared/components/UsageStats.tsx(681,23): error TS17004: Cannot use JSX unless the '--jsx' flag is provided.
src/ai-gateway/shared/components/UsageStats.tsx(684,23): error TS17004: Cannot use JSX unless the '--jsx' flag is provided.
src/ai-gateway/shared/components/UsageStats.tsx(692,17): error TS17004: Cannot use JSX unless the '--jsx' flag is provided.
src/ai-gateway/shared/components/UsageStats.tsx(693,19): error TS17004: Cannot use JSX unless the '--jsx' flag is provided.
src/ai-gateway/shared/components/ZavorthGatewayLogo.tsx(1,23): error TS2307: Cannot find module 'prop-types' or its corresponding type declarations.
src/ai-gateway/shared/components/ZavorthGatewayLogo.tsx(10,5): error TS17004: Cannot use JSX unless the '--jsx' flag is provided.
src/ai-gateway/shared/components/ZavorthGatewayLogo.tsx(19,7): error TS17004: Cannot use JSX unless the '--jsx' flag is provided.
src/ai-gateway/shared/components/ZavorthGatewayLogo.tsx(24,7): error TS17004: Cannot use JSX unless the '--jsx' flag is provided.
src/ai-gateway/shared/components/ZavorthGatewayLogo.tsx(30,7): error TS17004: Cannot use JSX unless the '--jsx' flag is provided.
src/ai-gateway/shared/components/ZavorthGatewayLogo.tsx(37,7): error TS17004: Cannot use JSX unless the '--jsx' flag is provided.
src/ai-gateway/shared/components/ZavorthGatewayLogo.tsx(44,7): error TS17004: Cannot use JSX unless the '--jsx' flag is provided.
src/ai-gateway/shared/components/ZavorthGatewayLogo.tsx(45,7): error TS17004: Cannot use JSX unless the '--jsx' flag is provided.
src/ai-gateway/shared/components/ZavorthGatewayLogo.tsx(46,7): error TS17004: Cannot use JSX unless the '--jsx' flag is provided.
src/ai-gateway/shared/components/ZavorthGatewayLogo.tsx(47,7): error TS17004: Cannot use JSX unless the '--jsx' flag is provided.
src/ai-gateway/shared/components/ZavorthGatewayLogo.tsx(48,7): error TS17004: Cannot use JSX unless the '--jsx' flag is provided.
src/ai-gateway/shared/components/ZavorthGatewayLogo.tsx(49,7): error TS17004: Cannot use JSX unless the '--jsx' flag is provided.
src/ai-gateway/shared/constants/cliTools.ts(309,45): error TS7006: Parameter 'providers' implicitly has an 'any' type.
src/ai-gateway/shared/constants/cliTools.ts(310,9): error TS7034: Variable 'result' implicitly has type 'any[]' in some locations where its type cannot be determined.
src/ai-gateway/shared/constants/cliTools.ts(311,22): error TS7006: Parameter 'conn' implicitly has an 'any' type.
src/ai-gateway/shared/constants/cliTools.ts(321,10): error TS7005: Variable 'result' implicitly has an 'any[]' type.
src/ai-gateway/shared/constants/colors.ts(90,31): error TS7006: Parameter 'index' implicitly has an 'any' type.
src/ai-gateway/shared/constants/colors.ts(103,36): error TS7006: Parameter 'status' implicitly has an 'any' type.
src/ai-gateway/shared/constants/colors.ts(116,37): error TS7006: Parameter 'status' implicitly has an 'any' type.
src/ai-gateway/shared/constants/colors.ts(128,34): error TS7006: Parameter 'provider' implicitly has an 'any' type.
src/ai-gateway/shared/constants/colors.ts(130,5): error TS7053: Element implicitly has an 'any' type because expression of type 'any' can't be used to index type '{ github: { bg: string; text: string; label: string; }; kiro: { bg: string; text: string; label: string; }; zavorthBridge: { bg: string; text: string; label: string; }; claude: { bg: string; text: string; label: string; }; ... 6 more ...; "gemini-cli": { ...; }; }'.
src/ai-gateway/shared/constants/models.ts(11,8): error TS2307: Cannot find module '@ZavorthGateway/open-sse/config/providerModels.ts' or its corresponding type declarations.
src/ai-gateway/shared/constants/models.ts(18,43): error TS2307: Cannot find module '@ZavorthGateway/open-sse/config/providerModels.ts' or its corresponding type declarations.
src/ai-gateway/shared/constants/models.ts(28,30): error TS7006: Parameter 'aliasOrId' implicitly has an 'any' type.
src/ai-gateway/shared/constants/models.ts(28,41): error TS7006: Parameter 'modelId' implicitly has an 'any' type.
src/ai-gateway/shared/constants/models.ts(34,23): error TS7006: Parameter 'm' implicitly has an 'any' type.
src/ai-gateway/shared/constants/models.ts(39,3): error TS18046: 'models' is of type 'unknown'.
src/ai-gateway/shared/constants/models.ts(39,15): error TS7006: Parameter 'm' implicitly has an 'any' type.
src/ai-gateway/shared/constants/providers/freeProviders.ts(19,46): error TS7006: Parameter 'providerId' implicitly has an 'any' type.
src/ai-gateway/shared/constants/providers/providerRegistry.ts(9,44): error TS7006: Parameter 'providerId' implicitly has an 'any' type.
src/ai-gateway/shared/constants/providers/providerRegistry.ts(13,47): error TS7006: Parameter 'providerId' implicitly has an 'any' type.
src/ai-gateway/shared/constants/providers/providerRegistry.ts(35,48): error TS7006: Parameter 'providerId' implicitly has an 'any' type.
src/ai-gateway/shared/constants/providers/providerRegistry.ts(51,36): error TS7006: Parameter 'alias' implicitly has an 'any' type.
src/ai-gateway/shared/constants/providers/providerRegistry.ts(60,35): error TS7006: Parameter 'aliasOrId' implicitly has an 'any' type.
src/ai-gateway/shared/constants/providers/providerRegistry.ts(65,34): error TS7006: Parameter 'providerId' implicitly has an 'any' type.
src/ai-gateway/shared/constants/providers/providerRegistry.ts(66,20): error TS7053: Element implicitly has an 'any' type because expression of type 'any' can't be used to index type '{ cliproxyapi: { id: string; alias: string; name: string; icon: string; color: string; textIcon: string; website: string; defaultPort: number; healthEndpoint: string; managementPrefix: string; configDir: string; binaryName: string; githubRepo: string; }; ... 70 more ...; kiro: { ...; }; }'.
src/ai-gateway/shared/constants/providers/providerRegistry.ts(71,16): error TS7053: Element implicitly has an 'any' type because expression of type 'string' can't be used to index type '{}'.
  No index signature with a parameter of type 'string' was found on type '{}'.
src/ai-gateway/shared/constants/providers/providerRegistry.ts(76,3): error TS7053: Element implicitly has an 'any' type because expression of type 'string' can't be used to index type '{}'.
  No index signature with a parameter of type 'string' was found on type '{}'.
src/ai-gateway/shared/hooks/useCopyToClipboard.ts(4,33): error TS2307: Cannot find module '@/shared/utils/clipboard' or its corresponding type declarations.
src/ai-gateway/shared/hooks/useElectron.ts(15,50): error TS2339: Property 'electronAPI' does not exist on type 'Window & typeof globalThis'.
src/ai-gateway/shared/hooks/useElectron.ts(53,50): error TS2339: Property 'electronAPI' does not exist on type 'Window & typeof globalThis'.
src/ai-gateway/shared/hooks/useElectron.ts(55,12): error TS2339: Property 'electronAPI' does not exist on type 'Window & typeof globalThis'.
src/ai-gateway/shared/hooks/useElectron.ts(57,14): error TS7006: Parameter 'info' implicitly has an 'any' type.
src/ai-gateway/shared/hooks/useElectron.ts(61,15): error TS7006: Parameter 'err' implicitly has an 'any' type.
src/ai-gateway/shared/hooks/useElectron.ts(81,50): error TS2339: Property 'electronAPI' does not exist on type 'Window & typeof globalThis'.
src/ai-gateway/shared/hooks/useElectron.ts(83,12): error TS2339: Property 'electronAPI' does not exist on type 'Window & typeof globalThis'.
src/ai-gateway/shared/hooks/useElectron.ts(85,14): error TS7006: Parameter 'dir' implicitly has an 'any' type.
src/ai-gateway/shared/hooks/useElectron.ts(89,15): error TS7006: Parameter 'err' implicitly has an 'any' type.
src/ai-gateway/shared/hooks/useElectron.ts(105,30): error TS2339: Property 'electronAPI' does not exist on type 'Window & typeof globalThis'.
src/ai-gateway/shared/hooks/useElectron.ts(106,14): error TS2339: Property 'electronAPI' does not exist on type 'Window & typeof globalThis'.
src/ai-gateway/shared/hooks/useElectron.ts(111,30): error TS2339: Property 'electronAPI' does not exist on type 'Window & typeof globalThis'.
src/ai-gateway/shared/hooks/useElectron.ts(112,14): error TS2339: Property 'electronAPI' does not exist on type 'Window & typeof globalThis'.
src/ai-gateway/shared/hooks/useElectron.ts(117,30): error TS2339: Property 'electronAPI' does not exist on type 'Window & typeof globalThis'.
src/ai-gateway/shared/hooks/useElectron.ts(118,14): error TS2339: Property 'electronAPI' does not exist on type 'Window & typeof globalThis'.
src/ai-gateway/shared/hooks/useElectron.ts(133,32): error TS2339: Property 'electronAPI' does not exist on type 'Window & typeof globalThis'.
src/ai-gateway/shared/hooks/useElectron.ts(134,22): error TS2339: Property 'electronAPI' does not exist on type 'Window & typeof globalThis'.
src/ai-gateway/shared/hooks/useElectron.ts(153,32): error TS2339: Property 'electronAPI' does not exist on type 'Window & typeof globalThis'.
src/ai-gateway/shared/hooks/useElectron.ts(159,35): error TS2339: Property 'electronAPI' does not exist on type 'Window & typeof globalThis'.
src/ai-gateway/shared/hooks/useElectron.ts(177,32): error TS2339: Property 'electronAPI' does not exist on type 'Window & typeof globalThis'.
src/ai-gateway/shared/hooks/useElectron.ts(179,28): error TS2339: Property 'electronAPI' does not exist on type 'Window & typeof globalThis'.
src/ai-gateway/shared/hooks/useElectron.ts(192,32): error TS2339: Property 'electronAPI' does not exist on type 'Window & typeof globalThis'.
src/ai-gateway/shared/hooks/useElectron.ts(194,28): error TS2339: Property 'electronAPI' does not exist on type 'Window & typeof globalThis'.
src/ai-gateway/shared/hooks/useTheme.ts(4,27): error TS2307: Cannot find module '@/store/themeStore' or its corresponding type declarations.
src/ai-gateway/shared/hooks/useTheme.ts(7,33): error TS7006: Parameter 'callback' implicitly has an 'any' type.
src/ai-gateway/shared/middleware/correlationId.ts(40,36): error TS7006: Parameter 'correlationId' implicitly has an 'any' type.
src/ai-gateway/shared/middleware/correlationId.ts(40,51): error TS7006: Parameter 'fn' implicitly has an 'any' type.
src/ai-gateway/shared/middleware/correlationId.ts(57,39): error TS7006: Parameter 'request' implicitly has an 'any' type.
src/ai-gateway/shared/middleware/correlationId.ts(57,48): error TS7006: Parameter 'next' implicitly has an 'any' type.
src/ai-gateway/shared/middleware/correlationId.ts(81,40): error TS7006: Parameter 'baseLogger' implicitly has an 'any' type.
src/ai-gateway/shared/middleware/correlationId.ts(82,28): error TS7006: Parameter 'level' implicitly has an 'any' type.
src/ai-gateway/shared/middleware/correlationId.ts(82,35): error TS7019: Rest parameter 'args' implicitly has an 'any[]' type.
src/ai-gateway/shared/middleware/correlationId.ts(93,12): error TS7019: Rest parameter 'args' implicitly has an 'any[]' type.
src/ai-gateway/shared/middleware/correlationId.ts(94,12): error TS7019: Rest parameter 'args' implicitly has an 'any[]' type.
src/ai-gateway/shared/middleware/correlationId.ts(95,13): error TS7019: Rest parameter 'args' implicitly has an 'any[]' type.
src/ai-gateway/shared/middleware/correlationId.ts(96,13): error TS7019: Rest parameter 'args' implicitly has an 'any[]' type.
src/ai-gateway/shared/schemas/validation.ts(141,32): error TS7006: Parameter 'schema' implicitly has an 'any' type.
src/ai-gateway/shared/schemas/validation.ts(141,40): error TS7006: Parameter 'data' implicitly has an 'any' type.
src/ai-gateway/shared/schemas/validation.ts(149,38): error TS7006: Parameter 'issue' implicitly has an 'any' type.
src/ai-gateway/shared/services/backupService.ts(3,32): error TS2307: Cannot find module '@/lib/dataPaths' or its corresponding type declarations.
src/ai-gateway/shared/services/cli-runtime/cliRuntimeConfig.ts(6,8): error TS5097: An import path can only end with a '.ts' extension when 'allowImportingTsExtensions' is enabled.
src/ai-gateway/shared/services/cli-runtime/cliRuntimeConfig.ts(10,8): error TS5097: An import path can only end with a '.ts' extension when 'allowImportingTsExtensions' is enabled.
src/ai-gateway/shared/services/cli-runtime/cliRuntimeDiscovery.ts(7,8): error TS5097: An import path can only end with a '.ts' extension when 'allowImportingTsExtensions' is enabled.
src/ai-gateway/shared/services/cli-runtime/cliRuntimeDiscovery.ts(8,39): error TS5097: An import path can only end with a '.ts' extension when 'allowImportingTsExtensions' is enabled.
src/ai-gateway/shared/services/cli-runtime/cliRuntimeDiscovery.ts(12,8): error TS5097: An import path can only end with a '.ts' extension when 'allowImportingTsExtensions' is enabled.
src/ai-gateway/shared/services/cli-runtime/cliRuntimeDiscovery.ts(47,15): error TS7006: Parameter 'l' implicitly has an 'any' type.
src/ai-gateway/shared/services/cli-runtime/cliRuntimeDiscovery.ts(53,37): error TS7006: Parameter 'l' implicitly has an 'any' type.
src/ai-gateway/shared/services/cli-runtime/cliRuntimePathSecurity.ts(2,27): error TS5097: An import path can only end with a '.ts' extension when 'allowImportingTsExtensions' is enabled.
src/ai-gateway/shared/services/cli-runtime/cliRuntimeTools.ts(8,8): error TS5097: An import path can only end with a '.ts' extension when 'allowImportingTsExtensions' is enabled.
src/ai-gateway/shared/services/cli-runtime/cliRuntimeTools.ts(9,27): error TS5097: An import path can only end with a '.ts' extension when 'allowImportingTsExtensions' is enabled.
src/ai-gateway/shared/services/cliRuntime.ts(7,8): error TS5097: An import path can only end with a '.ts' extension when 'allowImportingTsExtensions' is enabled.
src/ai-gateway/shared/services/cliRuntime.ts(11,8): error TS5097: An import path can only end with a '.ts' extension when 'allowImportingTsExtensions' is enabled.
src/ai-gateway/shared/services/cliRuntime.ts(22,8): error TS5097: An import path can only end with a '.ts' extension when 'allowImportingTsExtensions' is enabled.
src/ai-gateway/shared/services/cliRuntime.ts(24,30): error TS5097: An import path can only end with a '.ts' extension when 'allowImportingTsExtensions' is enabled.
src/ai-gateway/shared/services/cloudSyncScheduler.ts(1,40): error TS2307: Cannot find module '@/shared/utils/machineId' or its corresponding type declarations.
src/ai-gateway/shared/services/cloudSyncScheduler.ts(2,32): error TS2307: Cannot find module '@/lib/localDb' or its corresponding type declarations.
src/ai-gateway/shared/services/cloudSyncScheduler.ts(3,33): error TS2307: Cannot find module '@/lib/runtime/ports' or its corresponding type declarations.
src/ai-gateway/shared/services/initializeCloudSync.ts(1,39): error TS2307: Cannot find module '@/shared/services/cloudSyncScheduler' or its corresponding type declarations.
src/ai-gateway/shared/services/initializeCloudSync.ts(2,60): error TS2307: Cannot find module '@/lib/localDb' or its corresponding type declarations.
src/ai-gateway/shared/services/modelSyncScheduler.ts(12,45): error TS2307: Cannot find module '@/lib/localDb' or its corresponding type declarations.
src/ai-gateway/shared/services/modelSyncScheduler.ts(13,33): error TS2307: Cannot find module '@/lib/runtime/ports' or its corresponding type declarations.
src/ai-gateway/shared/services/modelSyncScheduler.ts(66,53): error TS2307: Cannot find module '@/lib/localDb' or its corresponding type declarations.
src/ai-gateway/shared/services/providerLimitsSyncScheduler.ts(6,8): error TS2307: Cannot find module '@/lib/usage/providerLimits' or its corresponding type declarations.
src/ai-gateway/shared/utils/a11yAudit.ts(35,27): error TS7006: Parameter 'html' implicitly has an 'any' type.
src/ai-gateway/shared/utils/a11yAudit.ts(74,24): error TS7006: Parameter 'hex' implicitly has an 'any' type.
src/ai-gateway/shared/utils/a11yAudit.ts(99,30): error TS7031: Binding element 'r' implicitly has an 'any' type.
src/ai-gateway/shared/utils/a11yAudit.ts(99,33): error TS7031: Binding element 'g' implicitly has an 'any' type.
src/ai-gateway/shared/utils/a11yAudit.ts(99,36): error TS7031: Binding element 'b' implicitly has an 'any' type.
src/ai-gateway/shared/utils/a11yAudit.ts(113,34): error TS7006: Parameter 'fgHex' implicitly has an 'any' type.
src/ai-gateway/shared/utils/a11yAudit.ts(113,41): error TS7006: Parameter 'bgHex' implicitly has an 'any' type.
src/ai-gateway/shared/utils/a11yAudit.ts(133,31): error TS7006: Parameter 'fgHex' implicitly has an 'any' type.
src/ai-gateway/shared/utils/a11yAudit.ts(133,38): error TS7006: Parameter 'bgHex' implicitly has an 'any' type.
src/ai-gateway/shared/utils/a11yAudit.ts(151,32): error TS7006: Parameter 'violations' implicitly has an 'any' type.
src/ai-gateway/shared/utils/a11yAudit.ts(154,34): error TS7006: Parameter 'v' implicitly has an 'any' type.
src/ai-gateway/shared/utils/a11yAudit.ts(155,33): error TS7006: Parameter 'v' implicitly has an 'any' type.
src/ai-gateway/shared/utils/a11yAudit.ts(156,34): error TS7006: Parameter 'v' implicitly has an 'any' type.
src/ai-gateway/shared/utils/a11yAudit.ts(157,31): error TS7006: Parameter 'v' implicitly has an 'any' type.
src/ai-gateway/shared/utils/apiAuth.ts(11,25): error TS2307: Cannot find module 'next/headers' or its corresponding type declarations.
src/ai-gateway/shared/utils/apiAuth.ts(12,29): error TS2307: Cannot find module '@/lib/localDb' or its corresponding type declarations.
src/ai-gateway/shared/utils/apiAuth.ts(75,47): error TS2307: Cannot find module '@/lib/db/apiKeys' or its corresponding type declarations.
src/ai-gateway/shared/utils/apiAuth.ts(119,47): error TS2307: Cannot find module '@/lib/db/apiKeys' or its corresponding type declarations.
src/ai-gateway/shared/utils/apiKeyPolicy.ts(11,31): error TS2307: Cannot find module '@/sse/services/auth' or its corresponding type declarations.
src/ai-gateway/shared/utils/apiKeyPolicy.ts(12,57): error TS2307: Cannot find module '@/lib/localDb' or its corresponding type declarations.
src/ai-gateway/shared/utils/apiKeyPolicy.ts(13,29): error TS2307: Cannot find module '@/domain/costRules' or its corresponding type declarations.
src/ai-gateway/shared/utils/apiKeyPolicy.ts(14,31): error TS2307: Cannot find module '@ZavorthGateway/open-sse/utils/error.ts' or its corresponding type declarations.
src/ai-gateway/shared/utils/apiKeyPolicy.ts(15,29): error TS2307: Cannot find module '@ZavorthGateway/open-sse/config/constants.ts' or its corresponding type declarations.
src/ai-gateway/shared/utils/apiKeyPolicy.ts(16,22): error TS2307: Cannot find module '@/sse/utils/logger' or its corresponding type declarations.
src/ai-gateway/shared/utils/apiResponse.ts(13,30): error TS2307: Cannot find module 'next/server' or its corresponding type declarations.
src/ai-gateway/shared/utils/circuitBreaker.ts(125,17): error TS7006: Parameter 'fn' implicitly has an 'any' type.
src/ai-gateway/shared/utils/circuitBreaker.ts(242,15): error TS7006: Parameter 'newState' implicitly has an 'any' type.
src/ai-gateway/shared/utils/cloud.ts(1,30): error TS2307: Cannot find module '@/shared/utils/machine' or its corresponding type declarations.
src/ai-gateway/shared/utils/cloud.ts(4,29): error TS7006: Parameter 'machineId' implicitly has an 'any' type.
src/ai-gateway/shared/utils/cloud.ts(11,46): error TS7006: Parameter 'request' implicitly has an 'any' type.
src/ai-gateway/shared/utils/cloud.ts(37,35): error TS7006: Parameter 'cloudUrl' implicitly has an 'any' type.
src/ai-gateway/shared/utils/cn.ts(4,20): error TS7019: Rest parameter 'classes' implicitly has an 'any[]' type.
src/ai-gateway/shared/utils/costEstimator.ts(35,32): error TS7006: Parameter 'text' implicitly has an 'any' type.
src/ai-gateway/shared/utils/costEstimator.ts(48,37): error TS7006: Parameter 'body' implicitly has an 'any' type.
src/ai-gateway/shared/utils/costEstimator.ts(83,32): error TS7031: Binding element 'model' implicitly has an 'any' type.
src/ai-gateway/shared/utils/costEstimator.ts(83,39): error TS7031: Binding element 'inputTokens' implicitly has an 'any' type.
src/ai-gateway/shared/utils/costEstimator.ts(83,76): error TS7031: Binding element 'pricingOverrides' implicitly has an 'any' type.
src/ai-gateway/shared/utils/costEstimator.ts(88,21): error TS7053: Element implicitly has an 'any' type because expression of type 'string' can't be used to index type '{ "gpt-4o": { input: number; output: number; }; "gpt-4o-mini": { input: number; output: number; }; "gpt-4.1": { input: number; output: number; }; "gpt-4.1-mini": { input: number; output: number; }; "gpt-4.1-nano": { ...; }; ... 5 more ...; "gemini-2.5-flash": { ...; }; }'.
  No index signature with a parameter of type 'string' was found on type '{ "gpt-4o": { input: number; output: number; }; "gpt-4o-mini": { input: number; output: number; }; "gpt-4.1": { input: number; output: number; }; "gpt-4.1-mini": { input: number; output: number; }; "gpt-4.1-nano": { ...; }; ... 5 more ...; "gemini-2.5-flash": { ...; }; }'.
src/ai-gateway/shared/utils/costEstimator.ts(110,28): error TS7006: Parameter 'usd' implicitly has an 'any' type.
src/ai-gateway/shared/utils/costEstimator.ts(123,35): error TS7006: Parameter 'body' implicitly has an 'any' type.
src/ai-gateway/shared/utils/costEstimator.ts(123,41): error TS7006: Parameter 'model' implicitly has an 'any' type.
src/ai-gateway/shared/utils/costEstimator.ts(123,48): error TS7006: Parameter 'pricingOverrides' implicitly has an 'any' type.
src/ai-gateway/shared/utils/formatting.ts(13,28): error TS7006: Parameter 'isoString' implicitly has an 'any' type.
src/ai-gateway/shared/utils/formatting.ts(32,32): error TS7006: Parameter 'ms' implicitly has an 'any' type.
src/ai-gateway/shared/utils/formatting.ts(43,32): error TS7006: Parameter 'iso' implicitly has an 'any' type.
src/ai-gateway/shared/utils/formatting.ts(59,29): error TS7006: Parameter 'value' implicitly has an 'any' type.
src/ai-gateway/shared/utils/formatting.ts(70,29): error TS7006: Parameter 'account' implicitly has an 'any' type.
src/ai-gateway/shared/utils/formatting.ts(88,35): error TS7006: Parameter 'apiKeyName' implicitly has an 'any' type.
src/ai-gateway/shared/utils/formatting.ts(88,47): error TS7006: Parameter 'apiKeyId' implicitly has an 'any' type.
src/ai-gateway/shared/utils/formatting.ts(100,25): error TS7006: Parameter 'key' implicitly has an 'any' type.
src/ai-gateway/shared/utils/formatting.ts(110,28): error TS7006: Parameter 'n' implicitly has an 'any' type.
src/ai-gateway/shared/utils/formatting.ts(122,25): error TS7006: Parameter 'n' implicitly has an 'any' type.
src/ai-gateway/shared/utils/formatting.ts(131,25): error TS7006: Parameter 'n' implicitly has an 'any' type.
src/ai-gateway/shared/utils/formatting.ts(141,29): error TS7006: Parameter 'url' implicitly has an 'any' type.
src/ai-gateway/shared/utils/index.ts(18,30): error TS7006: Parameter 'lastError' implicitly has an 'any' type.
src/ai-gateway/shared/utils/index.ts(29,33): error TS7006: Parameter 'isoDate' implicitly has an 'any' type.
src/ai-gateway/shared/utils/inputSanitizer.ts(155,33): error TS7006: Parameter 'body' implicitly has an 'any' type.
src/ai-gateway/shared/utils/inputSanitizer.ts(193,26): error TS7006: Parameter 'text' implicitly has an 'any' type.
src/ai-gateway/shared/utils/inputSanitizer.ts(214,21): error TS7006: Parameter 'text' implicitly has an 'any' type.
src/ai-gateway/shared/utils/inputSanitizer.ts(238,33): error TS7006: Parameter 'body' implicitly has an 'any' type.
src/ai-gateway/shared/utils/inputSanitizer.ts(257,5): error TS2322: Type '{ pattern: string; severity: string; match: any; }[]' is not assignable to type 'never[]'.
  Type '{ pattern: string; severity: string; match: any; }' is not assignable to type 'never'.
src/ai-gateway/shared/utils/inputSanitizer.ts(277,5): error TS2322: Type '{ type: string; count: any; }[]' is not assignable to type 'never[]'.
  Type '{ type: string; count: any; }' is not assignable to type 'never'.
src/ai-gateway/shared/utils/inputSanitizer.ts(300,21): error TS7006: Parameter 'body' implicitly has an 'any' type.
src/ai-gateway/shared/utils/logger.ts(16,18): error TS2307: Cannot find module 'pino' or its corresponding type declarations.
src/ai-gateway/shared/utils/logger.ts(18,47): error TS2307: Cannot find module '@/lib/logRotation' or its corresponding type declarations.
src/ai-gateway/shared/utils/logger.ts(19,32): error TS2307: Cannot find module '@/lib/logEnv' or its corresponding type declarations.
src/ai-gateway/shared/utils/machine.ts(10,47): error TS7006: Parameter 'cloudUrl' implicitly has an 'any' type.
src/ai-gateway/shared/utils/requestId.ts(38,37): error TS7006: Parameter 'request' implicitly has an 'any' type.
src/ai-gateway/shared/utils/requestId.ts(38,46): error TS7006: Parameter 'handler' implicitly has an 'any' type.
src/ai-gateway/shared/utils/requestId.ts(67,43): error TS7006: Parameter 'request' implicitly has an 'any' type.
src/ai-gateway/shared/utils/requestId.ts(67,52): error TS7006: Parameter 'response' implicitly has an 'any' type.
src/ai-gateway/shared/utils/requestTelemetry.ts(48,14): error TS7006: Parameter 'phase' implicitly has an 'any' type.
src/ai-gateway/shared/utils/requestTelemetry.ts(66,16): error TS2531: Object is possibly 'null'.
src/ai-gateway/shared/utils/requestTelemetry.ts(68,25): error TS2531: Object is possibly 'null'.
src/ai-gateway/shared/utils/requestTelemetry.ts(83,17): error TS7006: Parameter 'phase' implicitly has an 'any' type.
src/ai-gateway/shared/utils/requestTelemetry.ts(83,24): error TS7006: Parameter 'fn' implicitly has an 'any' type.
src/ai-gateway/shared/utils/requestTelemetry.ts(90,30): error TS18046: 'error' is of type 'unknown'.
src/ai-gateway/shared/utils/requestTelemetry.ts(117,7): error TS7034: Variable 'history' implicitly has type 'any[]' in some locations where its type cannot be determined.
src/ai-gateway/shared/utils/requestTelemetry.ts(123,33): error TS7006: Parameter 'telemetry' implicitly has an 'any' type.
src/ai-gateway/shared/utils/requestTelemetry.ts(128,5): error TS7005: Variable 'history' implicitly has an 'any[]' type.
src/ai-gateway/shared/utils/requestTelemetry.ts(138,21): error TS7006: Parameter 'sorted' implicitly has an 'any' type.
src/ai-gateway/shared/utils/requestTelemetry.ts(138,29): error TS7006: Parameter 'p' implicitly has an 'any' type.
src/ai-gateway/shared/utils/requestTelemetry.ts(151,18): error TS7005: Variable 'history' implicitly has an 'any[]' type.
src/ai-gateway/shared/utils/requestTelemetry.ts(165,40): error TS7006: Parameter 'p' implicitly has an 'any' type.
src/ai-gateway/shared/utils/requestTelemetry.ts(165,70): error TS7006: Parameter 'p' implicitly has an 'any' type.
src/ai-gateway/shared/utils/requestTelemetry.ts(169,7): error TS7053: Element implicitly has an 'any' type because expression of type '"stream" | "connect" | "policy" | "validate" | "resolve" | "parse" | "finalize"' can't be used to index type '{}'.
  Property 'stream' does not exist on type '{}'.
src/ai-gateway/shared/utils/resolveGatewayBaseUrl.ts(15,46): error TS2559: Type 'ProcessEnv' has no properties in common with type 'ZavorthGatewayBaseUrlEnv'.
src/ai-gateway/shared/utils/streamTracker.ts(59,11): error TS7006: Parameter 'chunk' implicitly has an 'any' type.
src/ai-gateway/shared/utils/streamTracker.ts(112,11): error TS7006: Parameter 'error' implicitly has an 'any' type.
src/ai-gateway/shared/utils/structuredLogger.ts(17,68): error TS2307: Cannot find module '@/lib/logEnv' or its corresponding type declarations.
src/ai-gateway/shared/utils/upstreamError.ts(5,36): error TS7006: Parameter 'rawError' implicitly has an 'any' type.
src/ai-gateway/shared/validation/schema-provider.ts(2,47): error TS2307: Cannot find module '@/shared/constants/upstreamHeaders' or its corresponding type declarations.
src/ai-gateway/shared/validation/settingsSchemas.ts(9,43): error TS2307: Cannot find module '@/shared/constants/sidebarVisibility' or its corresponding type declarations.
src/ai-gateway/sse/compat/openSseCompat.ts(10,8): error TS2307: Cannot find module '@ZavorthGateway/open-sse/services/accountFallback.ts' or its corresponding type declarations.
src/ai-gateway/sse/compat/openSseCompat.ts(15,8): error TS2307: Cannot find module '@ZavorthGateway/open-sse/services/codexQuotaFetcher.ts' or its corresponding type declarations.
src/ai-gateway/sse/compat/openSseCompat.ts(16,33): error TS2307: Cannot find module '@ZavorthGateway/open-sse/services/combo.ts' or its corresponding type declarations.
src/ai-gateway/sse/compat/openSseCompat.ts(17,36): error TS2307: Cannot find module '@ZavorthGateway/open-sse/services/comboConfig.ts' or its corresponding type declarations.
src/ai-gateway/sse/compat/openSseCompat.ts(18,39): error TS2307: Cannot find module '@ZavorthGateway/open-sse/services/contextHandoff.ts' or its corresponding type declarations.
src/ai-gateway/sse/compat/openSseCompat.ts(22,8): error TS2307: Cannot find module '@ZavorthGateway/open-sse/services/emergencyFallback.ts' or its corresponding type declarations.
src/ai-gateway/sse/compat/openSseCompat.ts(26,8): error TS2307: Cannot find module '@ZavorthGateway/open-sse/services/provider.ts' or its corresponding type declarations.
src/ai-gateway/sse/compat/openSseCompat.ts(31,8): error TS2307: Cannot find module '@ZavorthGateway/open-sse/services/model.ts' or its corresponding type declarations.
src/ai-gateway/sse/compat/openSseCompat.ts(39,8): error TS2307: Cannot find module '@ZavorthGateway/open-sse/services/sessionManager.ts' or its corresponding type declarations.
src/ai-gateway/sse/compat/openSseCompat.ts(43,8): error TS2307: Cannot find module '@ZavorthGateway/open-sse/services/taskAwareRouter.ts' or its corresponding type declarations.
src/ai-gateway/sse/compat/openSseCompat.ts(58,8): error TS2307: Cannot find module '@ZavorthGateway/open-sse/services/tokenRefresh.ts' or its corresponding type declarations.
src/ai-gateway/sse/compat/openSseCompat.ts(59,36): error TS2307: Cannot find module '@ZavorthGateway/open-sse/executors/codex.ts' or its corresponding type declarations.
src/ai-gateway/sse/compat/openSseCompat.ts(60,42): error TS2307: Cannot find module '@ZavorthGateway/open-sse/config/constants.ts' or its corresponding type declarations.
src/ai-gateway/sse/compat/openSseCompat.ts(64,8): error TS2307: Cannot find module '@ZavorthGateway/open-sse/config/providerRegistry.ts' or its corresponding type declarations.
src/ai-gateway/sse/compat/openSseCompat.ts(68,8): error TS2307: Cannot find module '@ZavorthGateway/open-sse/config/providerModels.ts' or its corresponding type declarations.
src/ai-gateway/sse/compat/openSseCompat.ts(69,32): error TS2307: Cannot find module '@ZavorthGateway/open-sse/handlers/chatCore.ts' or its corresponding type declarations.
src/ai-gateway/sse/compat/openSseCompat.ts(70,52): error TS2307: Cannot find module '@ZavorthGateway/open-sse/utils/error.ts' or its corresponding type declarations.
src/ai-gateway/sse/compat/openSseCompat.ts(75,8): error TS2307: Cannot find module '@ZavorthGateway/open-sse/utils/proxyFetch.ts' or its corresponding type declarations.
src/ai-gateway/sse/handlers/chat.ts(38,43): error TS2307: Cannot find module '@/lib/db/contextHandoffs' or its corresponding type declarations.
src/ai-gateway/sse/handlers/chat.ts(39,40): error TS2307: Cannot find module '@/lib/localDb' or its corresponding type declarations.
src/ai-gateway/sse/handlers/chat.ts(63,33): error TS2307: Cannot find module '@/lib/logPayloads' or its corresponding type declarations.
src/ai-gateway/sse/handlers/chat.ts(69,8): error TS2307: Cannot find module '@/lib/semanticCache' or its corresponding type declarations.
src/ai-gateway/sse/handlers/chat.ts(70,48): error TS2307: Cannot find module '@/lib/zavorthContextCompression' or its corresponding type declarations.
src/ai-gateway/sse/handlers/chat.ts(477,49): error TS2339: Property 'entries' does not exist on type 'Headers'.
src/ai-gateway/sse/handlers/chat.ts(488,16): error TS7023: 'handleSingleModelChat' implicitly has return type 'any' because it does not have a return type annotation and is referenced directly or indirectly in one of its return expressions.
src/ai-gateway/sse/handlers/chat.ts(561,9): error TS2345: Argument of type 'string | null | undefined' is not assignable to parameter of type 'string | null'.
  Type 'undefined' is not assignable to type 'string | null'.
src/ai-gateway/sse/handlers/chat.ts(569,23): error TS18048: 'credentials.connectionId' is possibly 'undefined'.
src/ai-gateway/sse/handlers/chat.ts(590,19): error TS18048: 'credentials.connectionId' is possibly 'undefined'.
src/ai-gateway/sse/handlers/chat.ts(599,46): error TS2345: Argument of type 'string | undefined' is not assignable to parameter of type 'string'.
  Type 'undefined' is not assignable to type 'string'.
src/ai-gateway/sse/handlers/chat.ts(689,17): error TS7022: 'fallbackResponse' implicitly has type 'any' because it does not have a type annotation and is referenced directly or indirectly in its own initializer.
src/ai-gateway/sse/handlers/chat.ts(718,35): error TS2345: Argument of type 'string | undefined' is not assignable to parameter of type 'string'.
  Type 'undefined' is not assignable to type 'string'.
src/ai-gateway/sse/handlers/chat.ts(723,7): error TS2345: Argument of type 'string | undefined' is not assignable to parameter of type 'string'.
  Type 'undefined' is not assignable to type 'string'.
src/ai-gateway/sse/handlers/chatHelpers.ts(19,43): error TS2307: Cannot find module '@/lib/localDb' or its corresponding type declarations.
src/ai-gateway/sse/handlers/chatHelpers.ts(241,3): error TS7031: Binding element 'result' implicitly has an 'any' type.
src/ai-gateway/sse/handlers/chatHelpers.ts(242,3): error TS7031: Binding element 'proxyInfo' implicitly has an 'any' type.
src/ai-gateway/sse/handlers/chatHelpers.ts(243,3): error TS7031: Binding element 'proxyLatency' implicitly has an 'any' type.
src/ai-gateway/sse/handlers/chatHelpers.ts(244,3): error TS7031: Binding element 'provider' implicitly has an 'any' type.
src/ai-gateway/sse/handlers/chatHelpers.ts(245,3): error TS7031: Binding element 'model' implicitly has an 'any' type.
src/ai-gateway/sse/handlers/chatHelpers.ts(246,3): error TS7031: Binding element 'sourceFormat' implicitly has an 'any' type.
src/ai-gateway/sse/handlers/chatHelpers.ts(247,3): error TS7031: Binding element 'targetFormat' implicitly has an 'any' type.
src/ai-gateway/sse/handlers/chatHelpers.ts(248,3): error TS7031: Binding element 'credentials' implicitly has an 'any' type.
src/ai-gateway/sse/handlers/chatHelpers.ts(249,3): error TS7031: Binding element 'comboName' implicitly has an 'any' type.
src/ai-gateway/sse/handlers/chatHelpers.ts(250,3): error TS7031: Binding element 'clientRawRequest' implicitly has an 'any' type.
src/ai-gateway/sse/services/auth.ts(7,8): error TS2307: Cannot find module '@/lib/localDb' or its corresponding type declarations.
src/ai-gateway/sse/services/auth.ts(8,41): error TS2307: Cannot find module '@/domain/quotaCache' or its corresponding type declarations.
src/ai-gateway/sse/services/auth.ts(15,53): error TS2307: Cannot find module '@/shared/constants/providers' or its corresponding type declarations.
src/ai-gateway/sse/services/auth.ts(17,57): error TS2307: Cannot find module '@/shared/utils/shuffleDeck' or its corresponding type declarations.
src/ai-gateway/sse/services/authAccountState.ts(1,85): error TS2307: Cannot find module '@/lib/localDb' or its corresponding type declarations.
src/ai-gateway/sse/services/authConnectionSupport.ts(1,38): error TS2307: Cannot find module '@/domain/quotaCache' or its corresponding type declarations.
src/ai-gateway/sse/services/model.ts(9,8): error TS2307: Cannot find module '@/lib/localDb' or its corresponding type declarations.
src/ai-gateway/sse/services/model.ts(10,29): error TS2307: Cannot find module '@/lib/localDb' or its corresponding type declarations.
src/ai-gateway/sse/services/model.ts(22,41): error TS7006: Parameter 'alias' implicitly has an 'any' type.
src/ai-gateway/sse/services/model.ts(48,36): error TS7006: Parameter 'modelStr' implicitly has an 'any' type.
src/ai-gateway/sse/services/model.ts(59,45): error TS7006: Parameter 'node' implicitly has an 'any' type.
src/ai-gateway/sse/services/model.ts(75,51): error TS7006: Parameter 'node' implicitly has an 'any' type.
src/ai-gateway/sse/services/model.ts(113,32): error TS7006: Parameter 'modelStr' implicitly has an 'any' type.
src/ai-gateway/sse/services/model.ts(131,40): error TS7006: Parameter 'modelStr' implicitly has an 'any' type.
src/ai-gateway/sse/services/model.ts(144,51): error TS2307: Cannot find module '@/lib/localDb' or its corresponding type declarations.
src/ai-gateway/sse/services/model.ts(221,38): error TS7006: Parameter 'modelStr' implicitly has an 'any' type.
src/ai-gateway/sse/services/model.ts(224,28): error TS7006: Parameter 'm' implicitly has an 'any' type.
src/ai-gateway/sse/services/streamState.ts(90,14): error TS7006: Parameter 'newState' implicitly has an 'any' type.
src/ai-gateway/sse/services/streamState.ts(129,15): error TS7006: Parameter 'bytes' implicitly has an 'any' type.
src/ai-gateway/sse/services/streamState.ts(138,8): error TS7006: Parameter 'error' implicitly has an 'any' type.
src/ai-gateway/sse/services/streamState.ts(189,37): error TS7006: Parameter 'requestId' implicitly has an 'any' type.
src/ai-gateway/sse/services/streamState.ts(189,48): error TS7006: Parameter 'metadata' implicitly has an 'any' type.
src/ai-gateway/sse/services/streamState.ts(199,31): error TS7006: Parameter 'requestId' implicitly has an 'any' type.
src/ai-gateway/sse/services/tokenRefresh.ts(3,67): error TS2307: Cannot find module '@/lib/localDb' or its corresponding type declarations.
src/ai-gateway/sse/utils/logger.ts(7,52): error TS2307: Cannot find module '@/shared/utils/logger' or its corresponding type declarations.
src/ai-gateway/sse/utils/logger.ts(44,25): error TS2307: Cannot find module '@/shared/utils/formatting' or its corresponding type declarations.
src/ai-gateway/store/notificationStore.ts(12,24): error TS2307: Cannot find module 'zustand' or its corresponding type declarations.
src/ai-gateway/store/notificationStore.ts(45,64): error TS7006: Parameter 'set' implicitly has an 'any' type.
src/ai-gateway/store/notificationStore.ts(45,69): error TS7006: Parameter 'get' implicitly has an 'any' type.
src/ai-gateway/store/notificationStore.ts(48,21): error TS7006: Parameter 'notification' implicitly has an 'any' type.
src/ai-gateway/store/notificationStore.ts(60,10): error TS7006: Parameter 's' implicitly has an 'any' type.
src/ai-gateway/store/notificationStore.ts(74,24): error TS7006: Parameter 'id' implicitly has an 'any' type.
src/ai-gateway/store/notificationStore.ts(75,10): error TS7006: Parameter 's' implicitly has an 'any' type.
src/ai-gateway/store/notificationStore.ts(76,46): error TS7006: Parameter 'n' implicitly has an 'any' type.
src/ai-gateway/store/notificationStore.ts(84,13): error TS7006: Parameter 'message' implicitly has an 'any' type.
src/ai-gateway/store/notificationStore.ts(84,22): error TS7006: Parameter 'title' implicitly has an 'any' type.
src/ai-gateway/store/notificationStore.ts(86,11): error TS7006: Parameter 'message' implicitly has an 'any' type.
src/ai-gateway/store/notificationStore.ts(86,20): error TS7006: Parameter 'title' implicitly has an 'any' type.
src/ai-gateway/store/notificationStore.ts(89,13): error TS7006: Parameter 'message' implicitly has an 'any' type.
src/ai-gateway/store/notificationStore.ts(89,22): error TS7006: Parameter 'title' implicitly has an 'any' type.
src/ai-gateway/store/notificationStore.ts(91,10): error TS7006: Parameter 'message' implicitly has an 'any' type.
src/ai-gateway/store/notificationStore.ts(91,19): error TS7006: Parameter 'title' implicitly has an 'any' type.
src/ai-gateway/store/providerStore.ts(3,24): error TS2307: Cannot find module 'zustand' or its corresponding type declarations.
src/ai-gateway/store/providerStore.ts(5,34): error TS7006: Parameter 'set' implicitly has an 'any' type.
src/ai-gateway/store/providerStore.ts(5,39): error TS7006: Parameter 'get' implicitly has an 'any' type.
src/ai-gateway/store/providerStore.ts(10,18): error TS7006: Parameter 'providers' implicitly has an 'any' type.
src/ai-gateway/store/providerStore.ts(12,17): error TS7006: Parameter 'provider' implicitly has an 'any' type.
src/ai-gateway/store/providerStore.ts(12,35): error TS7006: Parameter 'state' implicitly has an 'any' type.
src/ai-gateway/store/providerStore.ts(14,20): error TS7006: Parameter 'id' implicitly has an 'any' type.
src/ai-gateway/store/providerStore.ts(14,24): error TS7006: Parameter 'updates' implicitly has an 'any' type.
src/ai-gateway/store/providerStore.ts(15,10): error TS7006: Parameter 'state' implicitly has an 'any' type.
src/ai-gateway/store/providerStore.ts(16,39): error TS7006: Parameter 'p' implicitly has an 'any' type.
src/ai-gateway/store/providerStore.ts(19,20): error TS7006: Parameter 'id' implicitly has an 'any' type.
src/ai-gateway/store/providerStore.ts(20,10): error TS7006: Parameter 'state' implicitly has an 'any' type.
src/ai-gateway/store/providerStore.ts(21,42): error TS7006: Parameter 'p' implicitly has an 'any' type.
src/ai-gateway/store/providerStore.ts(24,16): error TS7006: Parameter 'loading' implicitly has an 'any' type.
src/ai-gateway/store/providerStore.ts(26,14): error TS7006: Parameter 'error' implicitly has an 'any' type.
src/ai-gateway/store/themeStore.ts(3,24): error TS2307: Cannot find module 'zustand' or its corresponding type declarations.
src/ai-gateway/store/themeStore.ts(4,25): error TS2307: Cannot find module 'zustand/middleware' or its corresponding type declarations.
src/ai-gateway/store/themeStore.ts(5,30): error TS2307: Cannot find module '@/shared/constants/config' or its corresponding type declarations.
src/ai-gateway/store/themeStore.ts(20,6): error TS7006: Parameter 'set' implicitly has an 'any' type.
src/ai-gateway/store/themeStore.ts(20,11): error TS7006: Parameter 'get' implicitly has an 'any' type.
src/ai-gateway/store/themeStore.ts(25,18): error TS7006: Parameter 'theme' implicitly has an 'any' type.
src/ai-gateway/store/themeStore.ts(30,23): error TS7006: Parameter 'colorTheme' implicitly has an 'any' type.
src/ai-gateway/store/themeStore.ts(35,29): error TS7006: Parameter 'color' implicitly has an 'any' type.
src/ai-gateway/store/userStore.ts(3,24): error TS2307: Cannot find module 'zustand' or its corresponding type declarations.
src/ai-gateway/store/userStore.ts(5,30): error TS7006: Parameter 'set' implicitly has an 'any' type.
src/ai-gateway/store/userStore.ts(10,13): error TS7006: Parameter 'user' implicitly has an 'any' type.
src/ai-gateway/store/userStore.ts(14,16): error TS7006: Parameter 'loading' implicitly has an 'any' type.
src/ai-gateway/store/userStore.ts(16,14): error TS7006: Parameter 'error' implicitly has an 'any' type.
src/ai-gateway/types/settings.ts(1,44): error TS2307: Cannot find module '@/shared/constants/sidebarVisibility' or its corresponding type declarations.
src/bootstrap/bootstrapToolRuntime.ts(128,11): error TS2451: Cannot redeclare block-scoped variable 'LLMRouterService'.
src/bootstrap/bootstrapToolRuntime.ts(129,11): error TS2451: Cannot redeclare block-scoped variable 'ContextCompressorService'.
src/bootstrap/bootstrapToolRuntime.ts(130,11): error TS2451: Cannot redeclare block-scoped variable 'ReasoningEffortService'.
src/bootstrap/bootstrapToolRuntime.ts(131,11): error TS2451: Cannot redeclare block-scoped variable 'PromptCacheService'.
src/bootstrap/bootstrapToolRuntime.ts(180,11): error TS2451: Cannot redeclare block-scoped variable 'LLMRouterService'.
src/bootstrap/bootstrapToolRuntime.ts(181,11): error TS2451: Cannot redeclare block-scoped variable 'ContextCompressorService'.
src/bootstrap/bootstrapToolRuntime.ts(182,11): error TS2451: Cannot redeclare block-scoped variable 'ReasoningEffortService'.
src/bootstrap/bootstrapToolRuntime.ts(183,11): error TS2451: Cannot redeclare block-scoped variable 'PromptCacheService'.
src/cli/backup/ZavorthCliBackupNamespace.ts(26,10): error TS2459: Module '"../ZavorthCliLiveNamespaces.js"' declares 'idFromSpec' locally, but it is not exported.
src/cli/help/ZavorthCliHelpContentPart1.ts(1,15): error TS2459: Module '"../ZavorthCliSurfaceHelpers.js"' declares 'CliHelpPage' locally, but it is not exported.
src/cli/help/ZavorthCliHelpContentPart1.ts(1,28): error TS2459: Module '"../ZavorthCliSurfaceHelpers.js"' declares 'CliHelpTopic' locally, but it is not exported.
src/cli/help/ZavorthCliHelpContentPart2.ts(1,15): error TS2459: Module '"../ZavorthCliSurfaceHelpers.js"' declares 'CliHelpPage' locally, but it is not exported.
src/cli/help/ZavorthCliHelpContentPart2.ts(1,28): error TS2459: Module '"../ZavorthCliSurfaceHelpers.js"' declares 'CliHelpTopic' locally, but it is not exported.
src/cli/plugins/ZavorthCliPluginsNamespace.ts(23,3): error TS2459: Module '"../ZavorthCliLiveNamespaces.js"' declares 'idFromSpec' locally, but it is not exported.
src/cli/plugins/ZavorthCliPluginsNamespace.ts(24,3): error TS2459: Module '"../ZavorthCliLiveNamespaces.js"' declares 'resolveNpmCommand' locally, but it is not exported.
src/cli/presentation/TerminalTheme.ts(15,22): error TS2551: Property 'bgHex' does not exist on type 'ChalkInstance'. Did you mean 'hex'?
src/cli/presentation/TerminalTheme.ts(29,26): error TS2339: Property 'strikethrough' does not exist on type 'ChalkInstance'.
src/cli/skills/ZavorthCliSkillsNamespace.ts(21,3): error TS2459: Module '"../ZavorthCliLiveNamespaces.js"' declares 'normalizeRequirements' locally, but it is not exported.
src/cli/skills/ZavorthCliSkillsNamespace.ts(22,3): error TS2459: Module '"../ZavorthCliLiveNamespaces.js"' declares 'enforceRequirements' locally, but it is not exported.
src/cli/skills/ZavorthCliSkillsNamespace.ts(23,3): error TS2459: Module '"../ZavorthCliLiveNamespaces.js"' declares 'idFromSpec' locally, but it is not exported.
src/cli/skills/ZavorthCliSkillsNamespace.ts(24,3): error TS2459: Module '"../ZavorthCliLiveNamespaces.js"' declares 'resolveNpmCommand' locally, but it is not exported.
src/cli/test-tui-visuals.ts(25,23): error TS2339: Property 'textSync' does not exist on type '(text: string, callback: (err: Error | null, result?: string | undefined) => void) => void'.
src/cli/ZavorthCliBuiltinLauncher.ts(648,12): error TS2304: Cannot find name 'runCapabilities'.
src/cli/ZavorthCliRunnableCollection.ts(22,3): error TS2459: Module '"./ZavorthCliLiveNamespaces.js"' declares 'redactCommand' locally, but it is not exported.
src/cli/ZavorthCliRunnableCollection.ts(23,3): error TS2459: Module '"./ZavorthCliLiveNamespaces.js"' declares 'runBackground' locally, but it is not exported.
src/cli/ZavorthCliRunnableCollection.ts(24,3): error TS2459: Module '"./ZavorthCliLiveNamespaces.js"' declares 'runTaskBoard' locally, but it is not exported.
src/cli/ZavorthCliRunnableCollection.ts(25,3): error TS2459: Module '"./ZavorthCliLiveNamespaces.js"' declares 'taskPlaneServiceForCli' locally, but it is not exported.
src/context-engine/ContextEngine.ts(399,11): error TS2322: Type 'string | undefined' is not assignable to type 'string | null'.
  Type 'undefined' is not assignable to type 'string | null'.
src/domain/surface/presentation/web-app/routes/WebAppRouteDashboard.ts(35,79): error TS2459: Module '"../WebAppRuntimeStateRouteService.js"' declares 'RuntimeRecord' locally, but it is not exported.
src/domain/surface/presentation/web-app/routes/WebAppRouteDashboard.ts(36,10): error TS2459: Module '"../WebAppRuntimeStateRouteService.js"' declares 'asRecord' locally, but it is not exported.
src/domain/surface/presentation/web-app/routes/WebAppRouteDashboard.ts(36,20): error TS2459: Module '"../WebAppRuntimeStateRouteService.js"' declares 'text' locally, but it is not exported.
src/domain/surface/presentation/web-app/routes/WebAppRouteDashboard.ts(36,26): error TS2459: Module '"../WebAppRuntimeStateRouteService.js"' declares 'isExternalAgentApiApprovalRequested' locally, but it is not exported.
src/domain/surface/presentation/web-app/routes/WebAppRouteDashboard.ts(36,63): error TS2459: Module '"../WebAppRuntimeStateRouteService.js"' declares 'isExternalAgentApiApprovalAccepted' locally, but it is not exported.
src/domain/surface/presentation/web-app/routes/WebAppRouteDashboard.ts(36,99): error TS2459: Module '"../WebAppRuntimeStateRouteService.js"' declares 'readHeaderValue' locally, but it is not exported.
src/domain/surface/presentation/web-app/routes/WebAppRouteDashboard.ts(36,116): error TS2459: Module '"../WebAppRuntimeStateRouteService.js"' declares 'safeTokenEquals' locally, but it is not exported.
src/domain/surface/presentation/web-app/routes/WebAppRouteDashboard.ts(67,23): error TS2341: Property 'handleStateRequest' is private and only accessible within class 'WebAppRuntimeStateRouteService'.
src/domain/surface/presentation/web-app/routes/WebAppRouteDashboard.ts(73,39): error TS2341: Property 'buildAgentRunQuery' is private and only accessible within class 'WebAppRuntimeStateRouteService'.
src/domain/surface/presentation/web-app/routes/WebAppRouteDashboard.ts(75,47): error TS2341: Property 'buildDashboardContractAdapterProjection' is private and only accessible within class 'WebAppRuntimeStateRouteService'.
src/domain/surface/presentation/web-app/routes/WebAppRouteDashboard.ts(77,19): error TS2341: Property 'buildAgentRunSnapshotOptions' is private and only accessible within class 'WebAppRuntimeStateRouteService'.
src/domain/surface/presentation/web-app/routes/WebAppRouteDashboard.ts(78,22): error TS2341: Property 'buildUnavailableAgentGatewaySnapshot' is private and only accessible within class 'WebAppRuntimeStateRouteService'.
src/domain/surface/presentation/web-app/routes/WebAppRouteDashboard.ts(80,19): error TS2341: Property 'buildAgentRunSnapshotOptions' is private and only accessible within class 'WebAppRuntimeStateRouteService'.
src/domain/surface/presentation/web-app/routes/WebAppRouteDashboard.ts(82,47): error TS2341: Property 'buildProviderCockpitProjection' is private and only accessible within class 'WebAppRuntimeStateRouteService'.
src/domain/surface/presentation/web-app/routes/WebAppRouteDashboard.ts(83,51): error TS2341: Property 'buildProviderSelectionProjection' is private and only accessible within class 'WebAppRuntimeStateRouteService'.
src/domain/surface/presentation/web-app/routes/WebAppRouteDashboard.ts(84,50): error TS2341: Property 'buildProviderPreferenceProjection' is private and only accessible within class 'WebAppRuntimeStateRouteService'.
src/domain/surface/presentation/web-app/routes/WebAppRouteDashboard.ts(85,40): error TS2341: Property 'buildVisualReceiptsProjection' is private and only accessible within class 'WebAppRuntimeStateRouteService'.
src/domain/surface/presentation/web-app/routes/WebAppRouteDashboard.ts(86,47): error TS2341: Property 'buildSensitiveActionFlowUxProjection' is private and only accessible within class 'WebAppRuntimeStateRouteService'.
src/domain/surface/presentation/web-app/routes/WebAppRouteDashboard.ts(87,38): error TS2341: Property 'attachSensitiveActionFlowUx' is private and only accessible within class 'WebAppRuntimeStateRouteService'.
src/domain/surface/presentation/web-app/routes/WebAppRouteDashboard.ts(88,19): error TS2341: Property 'attachVisualReceipts' is private and only accessible within class 'WebAppRuntimeStateRouteService'.
src/domain/surface/presentation/web-app/routes/WebAppRouteDashboard.ts(89,21): error TS2341: Property 'attachLlmRuntimeTelemetry' is private and only accessible within class 'WebAppRuntimeStateRouteService'.
src/domain/surface/presentation/web-app/routes/WebAppRouteDashboard.ts(94,41): error TS2341: Property 'buildActiveMissionUxProjection' is private and only accessible within class 'WebAppRuntimeStateRouteService'.
src/domain/surface/presentation/web-app/routes/WebAppRouteDashboard.ts(101,47): error TS2341: Property 'buildApprovalActionCardsUxProjection' is private and only accessible within class 'WebAppRuntimeStateRouteService'.
src/domain/surface/presentation/web-app/routes/WebAppRouteDashboard.ts(107,42): error TS2341: Property 'attachProviderCockpit' is private and only accessible within class 'WebAppRuntimeStateRouteService'.
src/domain/surface/presentation/web-app/routes/WebAppRouteDashboard.ts(108,19): error TS2341: Property 'attachProviderPreference' is private and only accessible within class 'WebAppRuntimeStateRouteService'.
src/domain/surface/presentation/web-app/routes/WebAppRouteDashboard.ts(109,21): error TS2341: Property 'attachProviderSelection' is private and only accessible within class 'WebAppRuntimeStateRouteService'.
src/domain/surface/presentation/web-app/routes/WebAppRouteDashboard.ts(110,23): error TS2341: Property 'attachApprovalActionCardsUx' is private and only accessible within class 'WebAppRuntimeStateRouteService'.
src/domain/surface/presentation/web-app/routes/WebAppRouteDashboard.ts(111,25): error TS2341: Property 'attachActiveMissionUx' is private and only accessible within class 'WebAppRuntimeStateRouteService'.
src/domain/surface/presentation/web-app/routes/WebAppRouteDashboard.ts(120,43): error TS2341: Property 'attachDashboardContractAdapter' is private and only accessible within class 'WebAppRuntimeStateRouteService'.
src/domain/surface/presentation/web-app/routes/WebAppRouteDashboard.ts(130,35): error TS2341: Property 'buildCurrentModelProfile' is private and only accessible within class 'WebAppRuntimeStateRouteService'.
src/domain/surface/presentation/web-app/routes/WebAppRouteDashboard.ts(138,47): error TS2341: Property 'buildDashboardContractAdapterProjection' is private and only accessible within class 'WebAppRuntimeStateRouteService'.
src/domain/surface/presentation/web-app/routes/WebAppRouteDashboard.ts(213,23): error TS2341: Property 'handleDashboardActionRequest' is private and only accessible within class 'WebAppRuntimeStateRouteService'.
src/domain/surface/presentation/web-app/routes/WebAppRouteDashboard.ts(218,23): error TS2341: Property 'handleDashboardChatRequest' is private and only accessible within class 'WebAppRuntimeStateRouteService'.
src/domain/surface/presentation/web-app/routes/WebAppRouteDashboard.ts(223,23): error TS2341: Property 'handleDashboardSideChatRequest' is private and only accessible within class 'WebAppRuntimeStateRouteService'.
src/domain/surface/presentation/web-app/routes/WebAppRouteDashboard.ts(228,23): error TS2341: Property 'handleDashboardSteerChatRequest' is private and only accessible within class 'WebAppRuntimeStateRouteService'.
src/domain/surface/presentation/web-app/routes/WebAppRouteDashboard.ts(236,37): error TS2341: Property 'readZavorthControlMemoryFacts' is private and only accessible within class 'WebAppRuntimeStateRouteService'.
src/domain/surface/presentation/web-app/routes/WebAppRouteDashboard.ts(245,37): error TS2341: Property 'applyZavorthControlMemoryAction' is private and only accessible within class 'WebAppRuntimeStateRouteService'.
src/domain/surface/presentation/web-app/routes/WebAppRouteMemoryLearningOps.ts(35,79): error TS2459: Module '"../WebAppRuntimeStateRouteService.js"' declares 'RuntimeRecord' locally, but it is not exported.
src/domain/surface/presentation/web-app/routes/WebAppRouteMemoryLearningOps.ts(36,10): error TS2459: Module '"../WebAppRuntimeStateRouteService.js"' declares 'asRecord' locally, but it is not exported.
src/domain/surface/presentation/web-app/routes/WebAppRouteMemoryLearningOps.ts(36,20): error TS2459: Module '"../WebAppRuntimeStateRouteService.js"' declares 'text' locally, but it is not exported.
src/domain/surface/presentation/web-app/routes/WebAppRouteMemoryLearningOps.ts(36,26): error TS2459: Module '"../WebAppRuntimeStateRouteService.js"' declares 'isExternalAgentApiApprovalRequested' locally, but it is not exported.
src/domain/surface/presentation/web-app/routes/WebAppRouteMemoryLearningOps.ts(36,63): error TS2459: Module '"../WebAppRuntimeStateRouteService.js"' declares 'isExternalAgentApiApprovalAccepted' locally, but it is not exported.
src/domain/surface/presentation/web-app/routes/WebAppRouteMemoryLearningOps.ts(36,99): error TS2459: Module '"../WebAppRuntimeStateRouteService.js"' declares 'readHeaderValue' locally, but it is not exported.
src/domain/surface/presentation/web-app/routes/WebAppRouteMemoryLearningOps.ts(36,116): error TS2459: Module '"../WebAppRuntimeStateRouteService.js"' declares 'safeTokenEquals' locally, but it is not exported.
src/domain/surface/presentation/web-app/routes/WebAppRouteMemoryLearningOps.ts(317,34): error TS2341: Property 'buildAgentRunQuery' is private and only accessible within class 'WebAppRuntimeStateRouteService'.
src/domain/surface/presentation/web-app/routes/WebAppRouteMemoryLearningOps.ts(329,19): error TS2341: Property 'buildCanonicalStateResponse' is private and only accessible within class 'WebAppRuntimeStateRouteService'.
src/domain/surface/presentation/web-app/routes/WebAppRouteMemoryLearningOps.ts(330,30): error TS2341: Property 'buildSessionToolsGatewaySnapshot' is private and only accessible within class 'WebAppRuntimeStateRouteService'.
src/domain/surface/presentation/web-app/routes/WebAppRouteMemoryLearningOps.ts(349,34): error TS2341: Property 'buildAgentRunQuery' is private and only accessible within class 'WebAppRuntimeStateRouteService'.
src/domain/surface/presentation/web-app/routes/WebAppRouteMemoryLearningOps.ts(359,37): error TS2341: Property 'buildCanonicalStateResponse' is private and only accessible within class 'WebAppRuntimeStateRouteService'.
src/domain/surface/presentation/web-app/routes/WebAppRouteRuntime.ts(35,79): error TS2459: Module '"../WebAppRuntimeStateRouteService.js"' declares 'RuntimeRecord' locally, but it is not exported.
src/domain/surface/presentation/web-app/routes/WebAppRouteRuntime.ts(36,10): error TS2459: Module '"../WebAppRuntimeStateRouteService.js"' declares 'asRecord' locally, but it is not exported.
src/domain/surface/presentation/web-app/routes/WebAppRouteRuntime.ts(36,20): error TS2459: Module '"../WebAppRuntimeStateRouteService.js"' declares 'text' locally, but it is not exported.
src/domain/surface/presentation/web-app/routes/WebAppRouteRuntime.ts(36,26): error TS2459: Module '"../WebAppRuntimeStateRouteService.js"' declares 'isExternalAgentApiApprovalRequested' locally, but it is not exported.
src/domain/surface/presentation/web-app/routes/WebAppRouteRuntime.ts(36,63): error TS2459: Module '"../WebAppRuntimeStateRouteService.js"' declares 'isExternalAgentApiApprovalAccepted' locally, but it is not exported.
src/domain/surface/presentation/web-app/routes/WebAppRouteRuntime.ts(36,99): error TS2459: Module '"../WebAppRuntimeStateRouteService.js"' declares 'readHeaderValue' locally, but it is not exported.
src/domain/surface/presentation/web-app/routes/WebAppRouteRuntime.ts(36,116): error TS2459: Module '"../WebAppRuntimeStateRouteService.js"' declares 'safeTokenEquals' locally, but it is not exported.
src/domain/surface/presentation/web-app/routes/WebAppRouteRuntime.ts(48,47): error TS2341: Property 'buildSensitiveActionFlowUxProjection' is private and only accessible within class 'WebAppRuntimeStateRouteService'.
src/domain/surface/presentation/web-app/routes/WebAppRouteRuntime.ts(49,40): error TS2341: Property 'buildVisualReceiptsProjection' is private and only accessible within class 'WebAppRuntimeStateRouteService'.
src/domain/surface/presentation/web-app/routes/WebAppRouteRuntime.ts(50,41): error TS2341: Property 'buildActiveMissionUxProjection' is private and only accessible within class 'WebAppRuntimeStateRouteService'.
src/domain/surface/presentation/web-app/routes/WebAppRouteRuntime.ts(57,47): error TS2341: Property 'buildApprovalActionCardsUxProjection' is private and only accessible within class 'WebAppRuntimeStateRouteService'.
src/domain/surface/presentation/web-app/routes/WebAppRouteRuntime.ts(78,47): error TS2341: Property 'buildSensitiveActionFlowUxProjection' is private and only accessible within class 'WebAppRuntimeStateRouteService'.
src/domain/surface/presentation/web-app/routes/WebAppRouteRuntime.ts(79,40): error TS2341: Property 'buildVisualReceiptsProjection' is private and only accessible within class 'WebAppRuntimeStateRouteService'.
src/domain/surface/presentation/web-app/routes/WebAppRouteRuntime.ts(80,51): error TS2341: Property 'buildProviderSelectionProjection' is private and only accessible within class 'WebAppRuntimeStateRouteService'.
src/domain/surface/presentation/web-app/routes/WebAppRouteRuntime.ts(81,50): error TS2341: Property 'buildProviderPreferenceProjection' is private and only accessible within class 'WebAppRuntimeStateRouteService'.
src/domain/surface/presentation/web-app/routes/WebAppRouteRuntime.ts(82,41): error TS2341: Property 'buildActiveMissionUxProjection' is private and only accessible within class 'WebAppRuntimeStateRouteService'.
src/domain/surface/presentation/web-app/routes/WebAppRouteRuntime.ts(104,47): error TS2341: Property 'buildSensitiveActionFlowUxProjection' is private and only accessible within class 'WebAppRuntimeStateRouteService'.
src/domain/surface/presentation/web-app/routes/WebAppRouteRuntime.ts(390,21): error TS2341: Property 'isProviderLiveProbeRequested' is private and only accessible within class 'WebAppRuntimeStateRouteService'.
src/domain/surface/presentation/web-app/routes/WebAppRouteRuntime.ts(402,47): error TS2341: Property 'buildProviderCockpitProjection' is private and only accessible within class 'WebAppRuntimeStateRouteService'.
src/domain/surface/presentation/web-app/routes/WebAppRouteRuntime.ts(418,21): error TS2341: Property 'isProviderLiveProbeRequested' is private and only accessible within class 'WebAppRuntimeStateRouteService'.
src/domain/surface/presentation/web-app/routes/WebAppRouteRuntime.ts(430,52): error TS2341: Property 'buildProviderModelCatalogProjection' is private and only accessible within class 'WebAppRuntimeStateRouteService'.
src/domain/surface/presentation/web-app/routes/WebAppRouteRuntime.ts(446,21): error TS2341: Property 'isProviderLiveProbeRequested' is private and only accessible within class 'WebAppRuntimeStateRouteService'.
src/domain/surface/presentation/web-app/routes/WebAppRouteRuntime.ts(458,50): error TS2341: Property 'buildProviderActivationProjection' is private and only accessible within class 'WebAppRuntimeStateRouteService'.
src/orchestrator/RealZavorthBridgeWatcher.ts(439,61): error TS2304: Cannot find name 'PermissionRequest'.
src/orchestrator/RealZavorthBridgeWatcher.ts(443,58): error TS2304: Cannot find name 'PermissionRequest'.
src/orchestrator/RealZavorthBridgeWatcher.ts(447,58): error TS2304: Cannot find name 'ZavorthBridgeUiSnapshot'.
src/orchestrator/RealZavorthBridgeWatcher.ts(451,49): error TS2304: Cannot find name 'PermissionRequest'.
src/runtime/agent/AgentRunNativeToolLoopService.ts(860,37): error TS2339: Property 'name' does not exist on type 'ChatMessage'.
src/runtime/agent/AgentRunNativeToolLoopService.ts(866,11): error TS2345: Argument of type '{ role: any; content: string | null; toolName: any; toolCallId: string | null; toolCalls: ToolCall[] | null; }[]' is not assignable to parameter of type 'ContextCompactionMessage[]'.
  Type '{ role: any; content: string | null; toolName: any; toolCallId: string | null; toolCalls: ToolCall[] | null; }' is not assignable to type 'ContextCompactionMessage'.
    Types of property 'content' are incompatible.
      Type 'string | null' is not assignable to type 'string'.
        Type 'null' is not assignable to type 'string'.
src/runtime/agent/AgentRunPolicyFlows.ts(1,53): error TS2459: Module '"./AgentRunService.js"' declares 'normalizeText' locally, but it is not exported.
src/runtime/agent/AgentRunPolicyFlows.ts(1,68): error TS2459: Module '"./AgentRunService.js"' declares 'recordOrNull' locally, but it is not exported.
src/runtime/agent/AgentRunPolicyFlows.ts(19,30): error TS2341: Property 'now' is private and only accessible within class 'AgentRunService'.
src/runtime/agent/AgentRunPolicyFlows.ts(22,35): error TS2341: Property 'serializeTrustSliderDecision' is private and only accessible within class 'AgentRunService'.
src/runtime/agent/AgentRunPolicyFlows.ts(36,24): error TS2341: Property 'idFactory' is private and only accessible within class 'AgentRunService'.
src/runtime/agent/AgentRunPolicyFlows.ts(55,25): error TS2341: Property 'replyPipeline' is private and only accessible within class 'AgentRunService'.
src/runtime/agent/AgentRunPolicyFlows.ts(69,57): error TS2341: Property 'now' is private and only accessible within class 'AgentRunService'.
src/runtime/agent/AgentRunPolicyFlows.ts(71,35): error TS2341: Property 'universalIntentTrustEnforcement' is private and only accessible within class 'AgentRunService'.
src/runtime/agent/AgentRunPolicyFlows.ts(90,38): error TS2341: Property 'now' is private and only accessible within class 'AgentRunService'.
src/runtime/agent/AgentRunPolicyFlows.ts(91,35): error TS2341: Property 'capabilityLoopGovernance' is private and only accessible within class 'AgentRunService'.
src/runtime/agent/AgentRunPolicyFlows.ts(109,24): error TS2341: Property 'idFactory' is private and only accessible within class 'AgentRunService'.
src/runtime/agent/AgentRunPolicyFlows.ts(130,57): error TS2341: Property 'now' is private and only accessible within class 'AgentRunService'.
src/runtime/agent/AgentRunPolicyFlows.ts(132,36): error TS2341: Property 'safetyNarrative' is private and only accessible within class 'AgentRunService'.
src/runtime/agent/AgentRunPolicyFlows.ts(150,22): error TS2341: Property 'appliedEvidenceSnapshotChains' is private and only accessible within class 'AgentRunService'.
src/runtime/agent/AgentRunPolicyFlows.ts(154,18): error TS2341: Property 'appliedEvidenceSnapshotChains' is private and only accessible within class 'AgentRunService'.
src/runtime/agent/AgentRunPolicyFlows.ts(155,18): error TS2341: Property 'evidencePipeline' is private and only accessible within class 'AgentRunService'.
src/runtime/agent/AgentRunPolicyFlows.ts(165,57): error TS2341: Property 'now' is private and only accessible within class 'AgentRunService'.
src/runtime/agent/AgentRunPolicyFlows.ts(167,35): error TS2341: Property 'memoryWithReceipts' is private and only accessible within class 'AgentRunService'.
src/runtime/agent/AgentRunPolicyFlows.ts(186,23): error TS2341: Property 'autoSkillInvocation' is private and only accessible within class 'AgentRunService'.
src/runtime/agent/AgentRunPolicyFlows.ts(194,26): error TS2341: Property 'autoSkillInvocation' is private and only accessible within class 'AgentRunService'.
src/runtime/agent/AgentRunPolicyFlows.ts(196,40): error TS2341: Property 'now' is private and only accessible within class 'AgentRunService'.
src/runtime/agent/AgentRunPolicyFlows.ts(217,26): error TS2341: Property 'idFactory' is private and only accessible within class 'AgentRunService'.
src/runtime/agent/AgentRunPolicyFlows.ts(238,57): error TS2341: Property 'now' is private and only accessible within class 'AgentRunService'.
src/runtime/agent/AgentRunPolicyFlows.ts(240,35): error TS2341: Property 'skillMcpQuarantine' is private and only accessible within class 'AgentRunService'.
src/runtime/agent/AgentRunPolicyFlows.ts(258,57): error TS2341: Property 'now' is private and only accessible within class 'AgentRunService'.
src/runtime/agent/AgentRunPolicyFlows.ts(265,33): error TS2341: Property 'shouldBypassCapabilityNegotiationForSpecializedFlow' is private and only accessible within class 'AgentRunService'.
src/runtime/agent/AgentRunPolicyFlows.ts(269,35): error TS2341: Property 'capabilityNegotiation' is private and only accessible within class 'AgentRunService'.
src/runtime/agent/AgentRunPolicyFlows.ts(287,56): error TS2341: Property 'now' is private and only accessible within class 'AgentRunService'.
src/runtime/agent/AgentRunPolicyFlows.ts(323,57): error TS2341: Property 'now' is private and only accessible within class 'AgentRunService'.
src/runtime/agent/AgentRunPolicyFlows.ts(331,35): error TS2341: Property 'toolRehearsal' is private and only accessible within class 'AgentRunService'.
src/runtime/agent/AgentRunPolicyFlows.ts(349,56): error TS2341: Property 'now' is private and only accessible within class 'AgentRunService'.
src/runtime/agent/AgentRunPolicyFlows.ts(387,18): error TS2341: Property 'intelligenceFabricCanary' is private and only accessible within class 'AgentRunService'.
src/runtime/agent/AgentRunPolicyFlows.ts(390,58): error TS2341: Property 'executor' is private and only accessible within class 'AgentRunService'.
src/runtime/agent/AgentRunPolicyFlows.ts(390,83): error TS2341: Property 'llmRuntimeExecutor' is private and only accessible within class 'AgentRunService'.
src/runtime/agent/AgentRunPolicyFlows.ts(406,33): error TS2341: Property 'intelligenceFabricCanary' is private and only accessible within class 'AgentRunService'.
src/runtime/agent/AgentRunPolicyFlows.ts(413,30): error TS2341: Property 'now' is private and only accessible within class 'AgentRunService'.
src/runtime/agent/AgentRunPolicyFlows.ts(419,24): error TS2341: Property 'idFactory' is private and only accessible within class 'AgentRunService'.
src/runtime/agent/AgentRunPolicyFlows.ts(428,25): error TS2341: Property 'replyPipeline' is private and only accessible within class 'AgentRunService'.
src/runtime/agent/AgentRunPolicyFlows.ts(436,32): error TS2341: Property 'now' is private and only accessible within class 'AgentRunService'.
src/runtime/agent/AgentRunPolicyFlows.ts(438,33): error TS2341: Property 'riskHooks' is private and only accessible within class 'AgentRunService'.
src/runtime/agent/AgentRunPolicyFlows.ts(444,34): error TS2341: Property 'auditHooks' is private and only accessible within class 'AgentRunService'.
src/runtime/agent/AgentRunPolicyFlows.ts(448,31): error TS2341: Property 'idFactory' is private and only accessible within class 'AgentRunService'.
src/runtime/agent/AgentRunPolicyFlows.ts(469,35): error TS2341: Property 'llmBrain' is private and only accessible within class 'AgentRunService'.
src/runtime/agent/AgentRunPolicyFlows.ts(479,24): error TS2341: Property 'idFactory' is private and only accessible within class 'AgentRunService'.
src/runtime/agent/AgentRunSteeringFlows.ts(1,50): error TS2459: Module '"./AgentRunService.js"' declares 'normalizeText' locally, but it is not exported.
src/runtime/agent/AgentRunSteeringFlows.ts(16,30): error TS2341: Property 'now' is private and only accessible within class 'AgentRunService'.
src/runtime/agent/AgentRunSteeringFlows.ts(20,24): error TS2341: Property 'idFactory' is private and only accessible within class 'AgentRunService'.
src/runtime/agent/AgentRunSteeringFlows.ts(28,27): error TS2341: Property 'idFactory' is private and only accessible within class 'AgentRunService'.
src/runtime/agent/AgentRunSteeringFlows.ts(79,30): error TS2341: Property 'now' is private and only accessible within class 'AgentRunService'.
src/runtime/agent/AgentRunSteeringFlows.ts(94,7): error TS2322: Type 'string | null | undefined' is not assignable to type 'string | undefined'.
  Type 'null' is not assignable to type 'string | undefined'.
src/runtime/agent/AgentRunSteeringFlows.ts(118,30): error TS2341: Property 'now' is private and only accessible within class 'AgentRunService'.
src/runtime/agent/AgentRunSteeringFlows.ts(179,32): error TS2341: Property 'steeringStream' is private and only accessible within class 'AgentRunService'.
src/security/AgentToolSecurityCatalog.ts(604,41): error TS2322: Type '"audit"' is not assignable to type 'AgentToolCapability'.
src/security/AgentToolSecurityCatalog.ts(628,34): error TS2322: Type '"encryption"' is not assignable to type 'AgentToolCapability'.
src/security/AgentToolSecurityCatalog.ts(835,5): error TS2322: Type '"service"' is not assignable to type 'AgentSecuritySurface'.
src/security/AgentToolSecurityCatalog.ts(843,5): error TS2322: Type '"service"' is not assignable to type 'AgentSecuritySurface'.
src/security/AgentToolSecurityCatalog.ts(851,5): error TS2322: Type '"service"' is not assignable to type 'AgentSecuritySurface'.
src/security/AgentToolSecurityCatalog.ts(859,5): error TS2322: Type '"service"' is not assignable to type 'AgentSecuritySurface'.
src/security/AgentToolSecurityCatalog.ts(867,5): error TS2322: Type '"service"' is not assignable to type 'AgentSecuritySurface'.
src/security/AgentToolSecurityCatalog.ts(875,5): error TS2322: Type '"service"' is not assignable to type 'AgentSecuritySurface'.
src/security/AgentToolSecurityCatalog.ts(883,5): error TS2322: Type '"service"' is not assignable to type 'AgentSecuritySurface'.
src/security/AgentToolSecurityCatalog.ts(891,5): error TS2322: Type '"service"' is not assignable to type 'AgentSecuritySurface'.
src/security/AgentToolSecurityCatalog.ts(899,5): error TS2322: Type '"service"' is not assignable to type 'AgentSecuritySurface'.
src/security/AgentToolSecurityCatalog.ts(931,5): error TS2322: Type '"service"' is not assignable to type 'AgentSecuritySurface'.
src/security/AgentToolSecurityCatalog.ts(939,5): error TS2322: Type '"service"' is not assignable to type 'AgentSecuritySurface'.
src/security/AgentToolSecurityCatalog.ts(947,5): error TS2322: Type '"service"' is not assignable to type 'AgentSecuritySurface'.
src/security/AgentToolSecurityCatalog.ts(955,5): error TS2322: Type '"service"' is not assignable to type 'AgentSecuritySurface'.
src/security/AgentToolSecurityCatalog.ts(963,5): error TS2322: Type '"service"' is not assignable to type 'AgentSecuritySurface'.
src/security/AgentToolSecurityCatalog.ts(971,5): error TS2322: Type '"service"' is not assignable to type 'AgentSecuritySurface'.
src/security/AgentToolSecurityCatalog.ts(979,5): error TS2322: Type '"service"' is not assignable to type 'AgentSecuritySurface'.
src/security/AgentToolSecurityCatalog.ts(987,5): error TS2322: Type '"service"' is not assignable to type 'AgentSecuritySurface'.
src/security/AgentToolSecurityCatalog.ts(995,5): error TS2322: Type '"service"' is not assignable to type 'AgentSecuritySurface'.
src/security/AgentToolSecurityCatalog.ts(1003,5): error TS2322: Type '"service"' is not assignable to type 'AgentSecuritySurface'.
src/security/AgentToolSecurityCatalog.ts(1011,5): error TS2322: Type '"service"' is not assignable to type 'AgentSecuritySurface'.
src/security/AgentToolSecurityCatalog.ts(1019,5): error TS2322: Type '"service"' is not assignable to type 'AgentSecuritySurface'.
src/security/AgentToolSecurityCatalog.ts(1027,5): error TS2322: Type '"service"' is not assignable to type 'AgentSecuritySurface'.
src/security/AgentToolSecurityCatalog.ts(1035,5): error TS2322: Type '"service"' is not assignable to type 'AgentSecuritySurface'.
src/security/AgentToolSecurityCatalog.ts(1043,5): error TS2322: Type '"service"' is not assignable to type 'AgentSecuritySurface'.
src/security/AgentToolSecurityCatalog.ts(1051,5): error TS2322: Type '"service"' is not assignable to type 'AgentSecuritySurface'.
src/security/AgentToolSecurityCatalog.ts(1059,5): error TS2322: Type '"service"' is not assignable to type 'AgentSecuritySurface'.
src/security/AgentToolSecurityCatalog.ts(1067,5): error TS2322: Type '"service"' is not assignable to type 'AgentSecuritySurface'.
src/security/AgentToolSecurityCatalog.ts(1075,5): error TS2322: Type '"service"' is not assignable to type 'AgentSecuritySurface'.
src/security/AgentToolSecurityCatalog.ts(1083,5): error TS2322: Type '"service"' is not assignable to type 'AgentSecuritySurface'.
src/security/AgentToolSecurityCatalog.ts(1091,5): error TS2322: Type '"service"' is not assignable to type 'AgentSecuritySurface'.
src/security/AgentToolSecurityCatalog.ts(1099,5): error TS2322: Type '"service"' is not assignable to type 'AgentSecuritySurface'.
src/security/AgentToolSecurityCatalog.ts(1107,5): error TS2322: Type '"service"' is not assignable to type 'AgentSecuritySurface'.
src/security/AgentToolSecurityCatalog.ts(1115,5): error TS2322: Type '"service"' is not assignable to type 'AgentSecuritySurface'.
src/services/ContextCompactionService.ts(192,32): error TS2345: Argument of type 'readonly ContextCompactionMessage[]' is not assignable to parameter of type '{ role: string; content: string | null; name?: string | null | undefined; toolName?: string | null | undefined; }[]'.
  The type 'readonly ContextCompactionMessage[]' is 'readonly' and cannot be assigned to the mutable type '{ role: string; content: string | null; name?: string | null | undefined; toolName?: string | null | undefined; }[]'.
src/services/plugins/ContextCompressorService.ts(20,20): error TS2304: Cannot find name 'conversationTurn'.
src/services/plugins/ContextCompressorService.ts(21,19): error TS2304: Cannot find name 'conversationTurn'.
src/services/plugins/ContextCompressorService.ts(98,26): error TS2304: Cannot find name 'conversationTurn'.
src/services/plugins/ContextCompressorService.ts(122,27): error TS2304: Cannot find name 'conversationTurn'.
src/services/plugins/ContextCompressorService.ts(167,37): error TS2304: Cannot find name 'conversationTurn'.
src/services/plugins/ContextCompressorService.ts(179,31): error TS2304: Cannot find name 'conversationTurn'.
src/services/plugins/ContextCompressorService.ts(208,34): error TS2304: Cannot find name 'conversationTurn'.
src/services/plugins/ContextCompressorService.ts(215,69): error TS7006: Parameter 'w' implicitly has an 'any' type.
src/services/plugins/ContextCompressorService.ts(226,33): error TS2304: Cannot find name 'conversationTurn'.
src/services/plugins/DataPipelineService.ts(274,26): error TS18046: 'va' is of type 'unknown'.
src/services/plugins/DataPipelineService.ts(274,31): error TS18046: 'vb' is of type 'unknown'.
src/services/plugins/DataPipelineService.ts(274,41): error TS18046: 'va' is of type 'unknown'.
src/services/plugins/DataPipelineService.ts(274,46): error TS18046: 'vb' is of type 'unknown'.
src/services/plugins/ZavorthVideoAnalyzerService.ts(70,27): error TS2551: Property 'getVideoMetadata' does not exist on type 'ZavorthVideoAnalyzerService'. Did you mean 'getMetadata'?
src/services/ProviderInvocationService.ts(27,14): error TS2339: Property 'info' does not exist on type 'SecurityAuditLogger'.
src/services/PtySessionService.ts(42,14): error TS2339: Property 'warn' does not exist on type 'SecurityAuditLogger'.
src/services/WebAppConversationService.ts(156,104): error TS2339: Property 'projectRoot' does not exist on type 'SharedSurfaceRuntime'.
src/services/WebAppConversationService.ts(159,94): error TS2339: Property 'projectRoot' does not exist on type 'SharedSurfaceRuntime'.
src/services/ZavorthCliTuiPolishService.ts(446,19): error TS2339: Property 'textSync' does not exist on type '(text: string, callback: (err: Error | null, result?: string | undefined) => void) => void'.
src/services/ZavorthControlCoreRouteService.ts(1848,37): error TS2352: Conversion of type 'AgentWorkspaceConfig' to type 'Record<string, unknown>' may be a mistake because neither type sufficiently overlaps with the other. If this was intentional, convert the expression to 'unknown' first.
  Index signature for type 'string' is missing in type 'AgentWorkspaceConfig'.
src/services/ZavorthControlCoreRouteService.ts(1848,80): error TS2698: Spread types may only be created from object types.
src/services/ZavorthControlCoreRouteService.ts(2140,24): error TS18046: 'row' is of type 'unknown'.
src/services/ZavorthControlCoreRouteService.ts(2141,24): error TS18046: 'row' is of type 'unknown'.
src/services/ZavorthControlCoreRouteService.ts(2142,27): error TS18046: 'row' is of type 'unknown'.
src/services/ZavorthControlCoreRouteService.ts(2143,24): error TS18046: 'row' is of type 'unknown'.
src/services/ZavorthControlCoreRouteService.ts(2144,22): error TS18046: 'row' is of type 'unknown'.
src/services/ZavorthControlCoreRouteService.ts(2145,18): error TS18046: 'row' is of type 'unknown'.
src/services/ZavorthControlCoreRouteService.ts(2146,22): error TS18046: 'row' is of type 'unknown'.
src/services/ZavorthControlCoreRouteService.ts(2147,27): error TS18046: 'row' is of type 'unknown'.
src/services/ZavorthControlCoreRouteService.ts(2148,22): error TS18046: 'row' is of type 'unknown'.
src/services/ZavorthControlCoreRouteService.ts(2149,22): error TS18046: 'row' is of type 'unknown'.
src/services/ZavorthControlCoreRouteService.ts(2150,39): error TS18046: 'row' is of type 'unknown'.
src/services/ZavorthControlCoreRouteService.ts(2151,37): error TS18046: 'row' is of type 'unknown'.
src/services/ZavorthUnifiedOnboardingService.ts(133,11): error TS2322: Type '"migrate"' is not assignable to type 'ZavorthUnifiedOnboardingCommandId'.
src/services/ZavorthUnifiedOnboardingService.ts(139,11): error TS2322: Type '"migrate-auto"' is not assignable to type 'ZavorthUnifiedOnboardingCommandId'.
src/tools/ZavorthApiBuilderTool.ts(203,11): error TS18046: 'endpoint.responses' is of type 'unknown'.
src/tools/ZavorthBrowserAutomationTool.ts(97,62): error TS7006: Parameter 'args' implicitly has an 'any' type.
src/tools/ZavorthEdgeComputingTool.ts(69,105): error TS2551: Property 'workyers' does not exist on type 'ZavorthEdgeComputingTool'. Did you mean 'workers'?
src/tools/ZavorthEdgeComputingTool.ts(114,16): error TS2551: Property 'workyers' does not exist on type 'ZavorthEdgeComputingTool'. Did you mean 'workers'?
src/tools/ZavorthEdgeComputingTool.ts(123,12): error TS2551: Property 'workyers' does not exist on type 'ZavorthEdgeComputingTool'. Did you mean 'workers'?
src/tools/ZavorthEdgeComputingTool.ts(146,25): error TS2551: Property 'workyers' does not exist on type 'ZavorthEdgeComputingTool'. Did you mean 'workers'?
src/tools/ZavorthEdgeComputingTool.ts(166,25): error TS2551: Property 'workyers' does not exist on type 'ZavorthEdgeComputingTool'. Did you mean 'workers'?
src/tools/ZavorthEdgeComputingTool.ts(169,10): error TS2551: Property 'workyers' does not exist on type 'ZavorthEdgeComputingTool'. Did you mean 'workers'?
src/tools/ZavorthEdgeComputingTool.ts(182,25): error TS2551: Property 'workyers' does not exist on type 'ZavorthEdgeComputingTool'. Did you mean 'workers'?
src/tools/ZavorthSandboxCloudTool.ts(113,43): error TS2304: Cannot find name 'options'.
src/tools/ZavorthSecurityScannerTool.ts(137,72): error TS2345: Argument of type 'string' is not assignable to parameter of type 'number'.
src/tools/ZavorthSecurityScannerTool.ts(154,76): error TS2345: Argument of type 'string' is not assignable to parameter of type 'number'.
src/tools/ZavorthSecurityScannerTool.ts(173,44): error TS1312: Did you mean to use a ':'? An '=' can only follow a property name when the containing object literal is part of a destructuring pattern.
src/tools/ZavorthSecurityScannerTool.ts(291,34): error TS1312: Did you mean to use a ':'? An '=' can only follow a property name when the containing object literal is part of a destructuring pattern.
